    1.7s turn 1
   10.1s   model reply: in 29130 + cached 0, out 1152 (+1102 reasoning)
   10.1s   tool bash: node /kit/rag.mjs search "work-life balance" "morale" "productivity" "part-time" "multiple jobs" "leisure" "hobby"
   10.3s turn 2
   15.1s   model reply: in 3797 + cached 28447, out 107 (+60 reasoning)
   15.1s   tool bash: node /kit/rag.mjs search "issue" "problem" "stress" "balance" "flexible" "hours" "working hours" "employee"
   15.2s turn 3
   20.3s   model reply: in 6256 + cached 28445, out 100 (+44 reasoning)
   20.3s   tool bash: grep -E "^\| [a-z0-9_]+ \| (claim_relation|constructor|link|composite) \|" /reference/glossary.md | head -n 100
   20.4s turn 4
   23.3s   model reply: in 36597 + cached 0, out 64 (+20 reasoning)
   23.3s   tool bash: grep -E "^\| [a-z0-9_]+ \| (claim_relation|link) \|" /reference/glossary.md
   23.4s turn 5
   26.7s   model reply: in 2041 + cached 36560, out 68 (+17 reasoning)
   26.7s   tool bash: grep -E "^\| [a-z0-9_]+ \| (claim_relation|link) \|" /reference/glossary.md | tail -n +35
   26.8s turn 6
   30.2s   model reply: in 4013 + cached 36555, out 125 (+50 reasoning)
   30.2s   tool bash: grep -E "^\| [a-z0-9_]+ \| (constructor|composite) \|" /reference/glossary.md | grep -iE "policy|work|job|income|stress|time|labor|habit|prefer|schedule|company
   30.3s turn 7
   33.4s   model reply: in 5910 + cached 36550, out 69 (+31 reasoning)
   33.4s   tool bash: grep -E "^\| [a-z0-9_]+ \| constructor \|" /reference/glossary.md
   33.5s turn 8
   37.8s   model reply: in 44325 + cached 0, out 68 (+15 reasoning)
   37.8s   tool bash: grep -E "^\| [a-z0-9_]+ \| constructor \|" /reference/glossary.md | awk -F'|' '{print $2, $4}'
   37.8s turn 9
   44.5s   model reply: in 5957 + cached 40604, out 766 (+723 reasoning)
   44.5s   tool bash: node /kit/rag.mjs entry ask property_question subject activity conjunction obligation user_preference user_practice topic_school_work_routine
   44.6s turn 10
   48.2s   model reply: in 49188 + cached 0, out 99 (+56 reasoning)
   48.2s   tool bash: node /kit/rag.mjs search "problem" "issues" "work routine" "personal activities" "jobs" "hobbies"
   48.4s turn 11
   51.5s   model reply: in 2281 + cached 48720, out 93 (+51 reasoning)
   51.5s   tool bash: node /kit/rag.mjs entry at_least measure requirement stereotype leads_to causes enables important contrast supports occurred_recently proposed_policy
   51.7s turn 12
   55.5s   model reply: in 52505 + cached 0, out 110 (+75 reasoning)
   55.5s   tool bash: node /kit/rag.mjs entry confirm inform respond japanese_government role_colleague role_agent
   55.7s turn 13
   59.2s   model reply: in 52941 + cached 0, out 105 (+77 reasoning)
   59.2s   tool bash: node /kit/rag.mjs entry role_user role_agent
   59.3s turn 14
   63.3s   model reply: in 53139 + cached 0, out 162 (+126 reasoning)
   63.3s   tool bash: grep -E "^\| (role_|user|agent|japanese_government)" /reference/glossary.md
   63.4s turn 15
   71.7s   model reply: in 13396 + cached 40554, out 1208 (+1186 reasoning)
   71.7s   tool bash: node /kit/rag.mjs check
   71.7s turn 16
   77.8s   model reply: in 2463 + cached 52711, out 726 (+688 reasoning)
   77.8s   tool bash: node /kit/rag.mjs search "problem with work and leisure in japan" "balance work and personal life"
   78.0s turn 17
   83.6s   model reply: in 3808 + cached 52703, out 462 (+427 reasoning)
   83.6s   tool bash: grep -E "\| (property|attribute|quality)-value \|" /reference/glossary.md
   83.7s turn 18
   86.9s   model reply: in 4296 + cached 52687, out 54 (+17 reasoning)
   86.9s   tool bash: awk -F'|' '{print $3}' /reference/glossary.md | sort | uniq -c
   87.0s turn 19
   90.2s   model reply: in 4482 + cached 52669, out 71 (+25 reasoning)
   90.2s   tool bash: grep -E "\| value \|" /reference/glossary.md | awk -F'|' '{print $4}' | sort | uniq -c
   90.2s turn 20
   93.3s   model reply: in 4795 + cached 52652, out 70 (+27 reasoning)
   93.3s   tool bash: grep -E "\| (descriptive-value|topic-value|semantic-category-value) \|" /reference/glossary.md
   93.4s turn 21
   96.7s   model reply: in 5927 + cached 52643, out 43 (+15 reasoning)
   96.7s   tool bash: grep -E "\| composite \|" /reference/glossary.md
   96.8s turn 22
  106.3s   model reply: in 3630 + cached 56691, out 1266 (+1224 reasoning)
  106.3s   tool bash: node /kit/rag.mjs widen "ask what issues exist regarding work and time for personal activities in Japan" --kind speech_act
  106.5s turn 23
  110.7s   model reply: in 7014 + cached 56706, out 82 (+44 reasoning)
  110.7s   tool bash: node /kit/rag.mjs widen "flexible working arrangements are popular in Japan but present new issues" --kind claim
  110.9s turn 24
  126.3s   model reply: in 4953 + cached 60757, out 160 (+77 reasoning)
  126.3s   tool bash: node /kit/rag.mjs widen "ask if Japanese people usually have two or more jobs" "multiple jobs" "two or more jobs" "multiple jobs help balance individual income 
  126.5s turn 25
  132.9s   model reply: in 3384 + cached 64813, out 123 (+81 reasoning)
  132.9s   tool bash: node /kit/rag.mjs entry attribute_claim statement possesses user_practice user_preference leads_to causes enables important stereotype contrast supports
  133.0s turn 26
  157.7s   model reply: in 4814 + cached 64808, out 2859 (+2829 reasoning)
  157.7s   tool bash: node /kit/rag.mjs entry group_size at_least measure requirement
  157.8s turn 27
  200.3s   model reply: in 49626 + cached 0, out 122 (+78 reasoning)
  200.3s   tool bash: grep -E "\| (duration-unit-value|unit-value|capacity-unit-value) \|" /reference/glossary.md
  200.4s turn 28
  215.1s   model reply: in 5980 + cached 44599, out 2530 (+1216 reasoning)
  215.1s   tool write: /output/translation.md
  215.1s turn 29
  217.8s   model reply: in 4460 + cached 48653, out 59 (+29 reasoning)
  217.8s   tool bash: node /kit/rag.mjs check --translation /output/translation.md
  217.9s turn 30
  223.6s   model reply: in 5049 + cached 48639, out 575 (+538 reasoning)
  223.6s   tool bash: node /kit/rag.mjs entry duration unit_hour topic_school_work_routine obligation meets_needs
  223.7s turn 31
  234.8s   model reply: in 2194 + cached 52683, out 1661 (+277 reasoning)
  234.8s   tool write: /output/translation.md
  234.8s turn 32
  315.2s   model reply: in 0 + cached 0, out 0 (+0 reasoning)
  315.3s agent finished
  317.3s turn 33
  331.3s   model reply: in 0 + cached 0, out 0 (+0 reasoning)
  331.3s agent finished
  335.3s turn 34
  361.6s   model reply: in 0 + cached 0, out 0 (+0 reasoning)
  361.6s agent finished
  369.6s turn 35
  430.6s   model reply: in 56542 + cached 0, out 54 (+24 reasoning)
  430.6s   tool bash: node /kit/rag.mjs check --translation /output/translation.md
  430.7s turn 36
  462.9s   model reply: in 4512 + cached 52662, out 6258 (+4900 reasoning)
  462.9s   tool write: /output/translation.md
  462.9s turn 37
  466.1s   model reply: in 6685 + cached 56751, out 54 (+24 reasoning)
  466.1s   tool bash: node /kit/rag.mjs check --translation /output/translation.md
  466.2s turn 38
  472.8s   model reply: in 3278 + cached 60790, out 647 (+571 reasoning)
  472.8s agent finished
  472.8s agent finished
