   11.9s turn 1
   29.3s   model reply: in 30130 + cached 0, out 441 (+398 reasoning)
   29.3s   tool bash: node /kit/rag.mjs search "smart" "rough" "nice" "cold" "round" "green" "red"
   29.7s turn 2
   35.0s   model reply: in 4156 + cached 28450, out 72 (+32 reasoning)
   35.0s   tool bash: grep -i -E "attribute|property|trait|character|entity|person|someone" /reference/glossary.md
   35.7s turn 3
   41.4s   model reply: in 2093 + cached 32508, out 117 (+81 reasoning)
   41.4s   tool bash: node /kit/rag.mjs entry attribute_claim has_state statement conditional conjunction subject character_trait requirement
   42.7s turn 4
   47.0s   model reply: in 3606 + cached 32499, out 107 (+60 reasoning)
   47.0s   tool bash: node /kit/rag.mjs search "universal quantification" "all people who are" "truth value" "evaluation" "logic statement" "character trait"
   48.9s turn 5
   53.0s   model reply: in 5499 + cached 32494, out 62 (+30 reasoning)
   53.0s   tool bash: node /kit/rag.mjs entry has_attribute character property_question block_evaluation
   54.2s turn 6
   60.3s   model reply: in 38501 + cached 0, out 78 (+45 reasoning)
   60.3s   tool bash: grep -i "proofwriter" /reference/*.md /reference/*.jsonl /attach/*.md
   61.4s turn 7
   67.5s   model reply: in 2070 + cached 36519, out 73 (+25 reasoning)
   67.5s   tool bash: grep -E "^\| [a-z0-9_]+ \| (claim_relation|constructor|composite|speech_act)" /reference/glossary.md
   68.0s turn 8
   71.4s   model reply: in 3992 + cached 36516, out 52 (+12 reasoning)
   71.4s   tool bash: grep -E "^\| [a-z0-9_]+ \| claim_relation \|" /reference/glossary.md
   72.0s turn 9
   76.0s   model reply: in 5980 + cached 36513, out 63 (+16 reasoning)
   76.0s   tool bash: grep -E "^\| [a-z0-9_]+ \| claim_relation \|" /reference/glossary.md | tail -n 25
   76.3s turn 10
   79.7s   model reply: in 3457 + cached 40563, out 63 (+25 reasoning)
   79.7s   tool bash: grep -E "^\| [a-z0-9_]+ \| constructor \|" /reference/glossary.md
   80.0s turn 11
  152.7s   model reply: in 5319 + cached 40560, out 60 (+15 reasoning)
  152.7s   tool bash: grep -E "^\| [a-z0-9_]+ \| constructor \|" /reference/glossary.md | tail -n 35
  153.3s turn 12
  159.2s   model reply: in 3075 + cached 44612, out 64 (+19 reasoning)
  159.2s   tool bash: grep -E "^\| [a-z0-9_]+ \| constructor \|" /reference/glossary.md | tail -n 12
  159.3s turn 13
  172.3s   model reply: in 3983 + cached 44600, out 1206 (+1183 reasoning)
  172.3s   tool bash: node /kit/rag.mjs --help
  172.4s turn 14
  177.6s   model reply: in 5235 + cached 44592, out 44 (+22 reasoning)
  177.6s   tool bash: node /kit/rag.mjs needs
  208.5s turn 15
  213.5s   model reply: in 52219 + cached 0, out 166 (+130 reasoning)
  213.5s   tool bash: node /kit/rag.mjs entry attribute_claim has_attribute character_trait has_state statement requirement
  213.7s turn 16
  222.5s   model reply: in 53422 + cached 0, out 165 (+140 reasoning)
  222.5s   tool bash: node /kit/rag.mjs entry lexical_label
  223.4s turn 17
  229.7s   model reply: in 54057 + cached 0, out 293 (+268 reasoning)
  229.7s   tool bash: node /kit/rag.mjs widen "smart"
  230.8s turn 18
  239.7s   model reply: in 3392 + cached 52678, out 48 (+23 reasoning)
  239.7s   tool bash: node /kit/rag.mjs widen "rough"
  239.9s turn 19
  246.5s   model reply: in 4571 + cached 52670, out 401 (+372 reasoning)
  246.5s   tool bash: grep -i "attribute_claim" /reference/*.md /attach/*.md
  246.6s turn 20
  252.0s   model reply: in 5536 + cached 52659, out 93 (+62 reasoning)
  252.0s   tool bash: node /kit/rag.mjs widen "introduce a theory or set of premises"
  252.2s turn 21
  278.1s   model reply: in 3106 + cached 56706, out 205 (+172 reasoning)
  278.1s   tool bash: node /kit/rag.mjs widen "the statement 'Gary is cold' to evaluate"
  278.5s turn 22
  307.8s   model reply: in 4916 + cached 56705, out 156 (+113 reasoning)
  307.8s   tool bash: node /kit/rag.mjs entry statement conditional conjunction has_attribute attribute_claim has_state character_trait property_question test_condition
  308.0s turn 23
  319.2s   model reply: in 2112 + cached 60748, out 105 (+61 reasoning)
  319.2s   tool bash: grep -i -E "entails|implication|premise|conclusion|inference|deduction|logic" /reference/glossary.md
  319.2s turn 24
  341.4s   model reply: in 63734 + cached 0, out 518 (+475 reasoning)
  341.4s   tool bash: node /kit/rag.mjs search "person has property" "entity has property" "subject has property" "trait" "attribute"
  341.8s turn 25
  354.0s   model reply: in 5110 + cached 60738, out 884 (+824 reasoning)
  354.0s   tool bash: grep -i -w "smart" /reference/glossary.md
grep -i -w "rough" /reference/glossary.md
grep -i -w "nice" /reference/glossary.md
  354.1s turn 26
  387.0s   model reply: in 6014 + cached 60728, out 694 (+653 reasoning)
  387.0s   tool bash: node /kit/rag.mjs entry lexical_label attribute_claim has_attribute has_state character_trait conditional conjunction statement subject
  387.1s turn 27
  388.8s   model reply: in 0 + cached 0, out 0 (+0 reasoning)
  388.9s agent finished
  390.9s turn 28
  404.5s   model reply: in 0 + cached 0, out 0 (+0 reasoning)
  404.5s agent finished
  408.5s turn 29
  435.3s   model reply: in 0 + cached 0, out 0 (+0 reasoning)
  435.3s agent finished
  443.3s turn 30
  535.4s   model reply: in 69164 + cached 0, out 2464 (+2422 reasoning)
  535.4s   tool bash: node /kit/rag.mjs entry conditional conjunction statement has_attribute attribute_claim has_state character_trait character subject lexical_label
  535.5s turn 31
  553.7s   model reply: in 48117 + cached 0, out 791 (+756 reasoning)
  553.7s   tool bash: node /kit/rag.mjs search "user" "agent" "speaker" "claim holder"
  554.0s turn 32
  562.3s   model reply: in 5387 + cached 44633, out 59 (+34 reasoning)
  562.3s   tool bash: node /kit/rag.mjs entry role_user
  562.4s turn 33
  574.3s   model reply: in 5511 + cached 44614, out 1192 (+1154 reasoning)
  574.3s   tool bash: node /kit/rag.mjs search "is green" "is cold" "is smart" "is round"
  574.5s turn 34
  590.7s   model reply: in 3836 + cached 48671, out 1139 (+1101 reasoning)
  590.7s   tool bash: grep -E "^\| [a-z0-9_]+ \| constructor \|" /reference/glossary.md
  590.8s turn 35
  612.4s   model reply: in 6765 + cached 48677, out 2279 (+72 reasoning)
  612.4s   tool bash: cat << 'EOF' > /output/translation.md
Status: success
Mode: REQUEST

## BrainCode

```braincode
MODE REQUEST
ENTRYPOINT Conversation
CONVO Conversation {
  TURN
  612.6s turn 36
  624.8s   model reply: in 5754 + cached 52741, out 619 (+596 reasoning)
  624.8s   tool bash: node /kit/rag.mjs entry ask
  624.9s turn 37
  647.7s   model reply: in 2403 + cached 56783, out 3347 (+1145 reasoning)
  647.7s   tool write: /output/translation.md
  647.7s turn 38
  651.6s   model reply: in 5747 + cached 56790, out 53 (+23 reasoning)
  651.6s   tool bash: node /kit/rag.mjs check --translation /output/translation.md
  651.8s turn 39
  657.8s   model reply: in 2531 + cached 60833, out 301 (+130 reasoning)
  657.8s agent finished
  657.8s agent finished
