    1.8s turn 1
    9.0s   model reply: in 30098 + cached 0, out 498 (+476 reasoning)
    9.0s   tool bash: node /kit/rag.mjs check
    9.0s turn 2
   16.3s   model reply: in 2176 + cached 28436, out 985 (+960 reasoning)
   16.3s   tool bash: grep -rn "alfred" /reference/ || true
   16.4s turn 3
   22.0s   model reply: in 3177 + cached 28423, out 42 (+18 reasoning)
   22.0s   tool bash: ls -la /doc_formats/ /reference/
   22.0s turn 4
   31.0s   model reply: in 3647 + cached 28407, out 37 (+16 reasoning)
   31.0s   tool bash: cat /reference/examples.jsonl
   31.0s turn 5
   45.2s   model reply: in 4863 + cached 28398, out 1875 (+1818 reasoning)
   45.2s   tool bash: node -e '
const fs = require("fs");
console.log(fs.readFileSync("/kit/rag.mjs", "utf8").slice(0, 2000));
'
   45.2s turn 6
   54.9s   model reply: in 3276 + cached 32457, out 48 (+26 reasoning)
   54.9s   tool bash: node /kit/rag.mjs health
   55.0s turn 7
   67.4s   model reply: in 3441 + cached 32429, out 369 (+334 reasoning)
   67.4s   tool bash: node /kit/rag.mjs entry turn walk face pick_up open place close heat turn_on
   67.5s turn 8
   73.9s   model reply: in 5051 + cached 32425, out 74 (+33 reasoning)
   73.9s   tool bash: node /kit/rag.mjs search "cook" "kitchen" "between" "next to" "corner" "sequence"
   74.0s turn 9
   78.6s   model reply: in 2796 + cached 36475, out 128 (+92 reasoning)
   78.6s   tool bash: node /kit/rag.mjs entry heat microwave state_microwaved shelf table counter sink stove door corner
   78.8s turn 10
   93.5s   model reply: in 3520 + cached 36462, out 1029 (+1000 reasoning)
   93.5s   tool bash: grep -i "alfred" /reference/glossary.md || true
   93.5s turn 11
   99.1s   model reply: in 4561 + cached 36453, out 113 (+63 reasoning)
   99.1s   tool bash: grep -E '"symbol":\s*"(heat|open|close|turn|walk|face|pick_up|place)"' /reference/glossary.jsonl
   99.2s turn 12
  105.7s   model reply: in 5885 + cached 36447, out 67 (+39 reasoning)
  105.7s   tool bash: grep '"kind": "constructor"' /reference/glossary.jsonl
  105.8s turn 13
  116.5s   model reply: in 4225 + cached 40501, out 1203 (+1172 reasoning)
  116.5s   tool bash: node /kit/rag.mjs widen "cook apple in microwave" --kind action
  116.6s turn 14
  131.8s   model reply: in 2791 + cached 44559, out 2207 (+2144 reasoning)
  131.8s   tool bash: node -e '
const fs = require("fs");
// Let us inspect the check function in /kit/rag.mjs
console.log(fs.readFileSync("/kit/rag.mjs", "utf8"));
'
  131.8s turn 15
  142.8s   model reply: in 6514 + cached 44576, out 758 (+725 reasoning)
  142.8s   tool bash: node /kit/rag.mjs entry face walk place between next_to corner left_of
  142.9s turn 16
  146.1s   model reply: in 3860 + cached 48622, out 68 (+26 reasoning)
  146.1s   tool bash: node /kit/rag.mjs search "between sink and stove" "next to brown egg" "left corner" "black shelves"
  146.2s turn 17
  155.3s   model reply: in 5234 + cached 48615, out 1115 (+1052 reasoning)
  155.3s   tool bash: node /kit/rag.mjs entry object_label::shelf object_label::shelves color_label::black color_label::red color_label::white color_label::brown food_label::apple fo
  155.5s turn 18
  160.6s   model reply: in 3229 + cached 52667, out 461 (+423 reasoning)
  160.6s   tool bash: node /kit/rag.mjs search "open microwave" "close microwave" "open door" "close door"
  160.8s turn 19
  166.8s   model reply: in 5027 + cached 52665, out 573 (+529 reasoning)
  166.8s   tool bash: grep -E '"symbol":\s*"(entity|object|receptacle|target)"' /reference/glossary.jsonl || true
  166.9s turn 20
  170.4s   model reply: in 5681 + cached 52628, out 133 (+29 reasoning)
  170.4s   tool bash: node -e '
const fs = require("fs");
const lines = fs.readFileSync("/reference/glossary.jsonl", "utf8").trim().split("\n");
for (const line of lines) {
  const o
  170.5s turn 21
  173.9s   model reply: in 3738 + cached 56679, out 157 (+129 reasoning)
  173.9s   tool bash: node /kit/rag.mjs entry lexical_label spatial_constraint
  174.0s turn 22
  187.3s   model reply: in 4455 + cached 56667, out 2316 (+1164 reasoning)
  187.3s   tool bash: node -e '
const fs = require("fs");

const draft = `Status: success
Mode: REQUEST

## BrainCode

\`\`\`braincode
MODE REQUEST
ENTRYPOINT Apple
TASK Apple {
  AC
  187.5s turn 23
  193.6s   model reply: in 3599 + cached 60730, out 689 (+655 reasoning)
  193.6s   tool bash: node /kit/rag.mjs entry spatial_constraint between next_to left_of on in
  193.7s turn 24
  198.3s   model reply: in 4620 + cached 60720, out 127 (+89 reasoning)
  198.3s   tool bash: node /kit/rag.mjs search "cooked" "state_microwaved" "egg" "corner"
  198.5s turn 25
  202.8s   model reply: in 5898 + cached 60714, out 151 (+123 reasoning)
  202.8s   tool bash: node /kit/rag.mjs widen "cooked" --kind constraint
  203.0s turn 26
  207.3s   model reply: in 3057 + cached 64754, out 317 (+284 reasoning)
  207.3s   tool bash: node /kit/rag.mjs entry state_warm state_microwaved state_sliced
  207.5s turn 27
  220.7s   model reply: in 3552 + cached 64739, out 2322 (+1111 reasoning)
  220.7s   tool bash: node -e '
const fs = require("fs");

const draft = `Status: success
Mode: REQUEST

## BrainCode

\`\`\`braincode
MODE REQUEST
ENTRYPOINT Apple
TASK Apple {
  AC
  220.9s turn 28
  343.9s   model reply: in 0 + cached 0, out 0 (+0 reasoning)
  343.9s agent finished
  345.9s turn 29
  359.1s   model reply: in 0 + cached 0, out 0 (+0 reasoning)
  359.1s agent finished
  363.1s turn 30
  486.7s   model reply: in 49593 + cached 0, out 2448 (+1237 reasoning)
  486.7s   tool bash: node -e '
const fs = require("fs");

const draft = `Status: success
Mode: REQUEST

## BrainCode

\`\`\`braincode
MODE REQUEST
ENTRYPOINT Counter
TASK Counter {

  486.9s turn 31
  505.1s   model reply: in 4224 + cached 48651, out 1305 (+136 reasoning)
  505.1s   tool write: /output/translation.md
  505.1s turn 32
  519.0s   model reply: in 5544 + cached 48640, out 44 (+14 reasoning)
  519.0s   tool bash: node /kit/rag.mjs check --translation /output/translation.md
  519.1s turn 33
  523.4s   model reply: in 2381 + cached 52681, out 57 (+15 reasoning)
  523.4s agent finished
  523.4s agent finished
