    1.8s turn 1
   20.0s   model reply: in 27344 + cached 0, out 1347 (+1311 reasoning)
   20.0s   tool bash: node /kit/rag.mjs search "walk to face" "remove from" "wash and remove"
   20.2s turn 2
   27.2s   model reply: in 5317 + cached 24367, out 99 (+67 reasoning)
   27.2s   tool bash: node /kit/rag.mjs entry pick_up place rinse remove walk face open close
   27.3s turn 3
   37.2s   model reply: in 2536 + cached 28418, out 77 (+50 reasoning)
   37.2s   tool bash: find / -name "*alfred*" 2>/dev/null
   37.3s turn 4
   47.8s   model reply: in 2642 + cached 28399, out 1179 (+1155 reasoning)
   47.8s   tool bash: node /kit/rag.mjs check --help
   47.8s turn 5
   63.2s   model reply: in 3846 + cached 28390, out 2207 (+2182 reasoning)
   63.2s   tool bash: node -e 'console.log(process.version)'
   63.2s turn 6
   66.9s   model reply: in 6061 + cached 28390, out 72 (+42 reasoning)
   66.9s   tool read: /kit/rag.mjs
   66.9s turn 7
   79.1s   model reply: in 3616 + cached 32436, out 2079 (+1912 reasoning)
   79.1s   tool write: /output/translation.md
   79.1s turn 8
   82.7s   model reply: in 5703 + cached 32432, out 37 (+15 reasoning)
   82.7s   tool bash: node /kit/rag.mjs check
   82.9s turn 9
   90.3s   model reply: in 2126 + cached 36470, out 875 (+837 reasoning)
   90.3s   tool bash: node /kit/rag.mjs search "user request" "propose plan" "sequential steps" "activity"
   90.5s turn 10
   93.5s   model reply: in 4241 + cached 36471, out 66 (+30 reasoning)
   93.5s   tool bash: node /kit/rag.mjs entry request activity propose sequence format_numbered_list in on state_clean
   93.6s turn 11
  106.1s   model reply: in 5287 + cached 36462, out 2069 (+2021 reasoning)
  106.1s   tool bash: node /kit/rag.mjs search "walk to face microwave" "remove potato from microwave" "wash and remove potato from sink" "put potato inside fridge"
  106.3s turn 12
  119.8s   model reply: in 4739 + cached 40528, out 2483 (+1751 reasoning)
  119.8s   tool write: /output/translation.md
  119.8s turn 13
  122.7s   model reply: in 3173 + cached 44581, out 37 (+15 reasoning)
  122.7s   tool bash: node /kit/rag.mjs check
  122.8s turn 14
  129.2s   model reply: in 3767 + cached 44567, out 811 (+781 reasoning)
  129.2s   tool bash: node /kit/rag.mjs entry remove pick_up place rinse walk face
  129.4s turn 15
  134.1s   model reply: in 5595 + cached 44565, out 346 (+320 reasoning)
  134.1s   tool bash: grep -i "remove" /reference/glossary.md
  134.2s turn 16
  152.6s   model reply: in 2133 + cached 48602, out 3284 (+3246 reasoning)
  152.6s   tool bash: node /kit/rag.mjs widen "Sequential ordered plan from step 1 to step 6." --kind temporal
  152.8s turn 17
  163.5s   model reply: in 7478 + cached 48635, out 1619 (+762 reasoning)
  163.5s   tool write: /output/translation.md
  163.6s turn 18
  167.1s   model reply: in 5056 + cached 52680, out 37 (+15 reasoning)
  167.1s   tool bash: node /kit/rag.mjs check
  167.2s turn 19
  176.8s   model reply: in 5637 + cached 52666, out 1594 (+735 reasoning)
  176.8s   tool write: /output/translation.md
  176.8s turn 20
  180.0s   model reply: in 3192 + cached 56709, out 37 (+15 reasoning)
  180.0s   tool bash: node /kit/rag.mjs check
  180.2s turn 21
  187.2s   model reply: in 3773 + cached 56695, out 742 (+704 reasoning)
  187.2s   tool bash: grep -E "^\| [a-z0-9_]+ \| constructor \|" /reference/glossary.md
  187.3s turn 22
  196.2s   model reply: in 6305 + cached 56701, out 1323 (+394 reasoning)
  196.2s   tool write: /output/translation.md
  196.3s turn 23
  199.4s   model reply: in 3592 + cached 60741, out 37 (+15 reasoning)
  199.4s   tool bash: node /kit/rag.mjs check
  199.5s turn 24
  211.3s   model reply: in 4174 + cached 60726, out 2169 (+1072 reasoning)
  211.3s   tool write: /output/translation.md
  211.3s turn 25
  215.0s   model reply: in 2299 + cached 64774, out 37 (+15 reasoning)
  215.0s   tool bash: node /kit/rag.mjs check
  215.1s turn 26
  227.7s   model reply: in 0 + cached 0, out 0 (+0 reasoning)
  227.7s agent finished
  229.7s turn 27
  243.4s   model reply: in 0 + cached 0, out 0 (+0 reasoning)
  243.4s agent finished
  247.4s turn 28
  259.0s   model reply: in 0 + cached 0, out 0 (+0 reasoning)
  259.1s agent finished
  267.1s turn 29
  289.6s   model reply: in 0 + cached 0, out 0 (+0 reasoning)
  289.6s agent finished
  305.7s turn 30
  385.9s   model reply: in 67640 + cached 0, out 1046 (+1021 reasoning)
  385.9s   tool bash: node /kit/rag.mjs entry role_user
  386.0s turn 31
  404.9s   model reply: in 3980 + cached 64752, out 132 (+107 reasoning)
  404.9s   tool bash: node /kit/rag.mjs search "user"
  405.0s turn 32
  419.8s   model reply: in 4421 + cached 64736, out 1150 (+36 reasoning)
  419.8s   tool write: /output/translation.md
  419.9s turn 33
  446.1s   model reply: in 48411 + cached 0, out 37 (+15 reasoning)
  446.1s   tool bash: node /kit/rag.mjs check
  446.2s turn 34
  465.0s   model reply: in 4452 + cached 44526, out 610 (+350 reasoning)
  465.0s agent finished
  465.0s agent finished
