    2.7s turn 1
    6.4s   model reply: in 0 + cached 0, out 0 (+0 reasoning)
    6.4s agent finished
    8.4s turn 2
   21.9s   model reply: in 0 + cached 0, out 0 (+0 reasoning)
   21.9s agent finished
   25.9s turn 3
  128.5s   model reply: in 26409 + cached 0, out 1256 (+1211 reasoning)
  128.5s   tool bash: node /kit/rag.mjs search "marriage" "institution" "outdated" "disagree" "opinion" "partner" "fulfillment"
  128.7s turn 4
  138.5s   model reply: in 5191 + cached 24366, out 96 (+52 reasoning)
  138.5s   tool bash: node /kit/rag.mjs entry subject interpersonal_stance property_question attribute_claim has_attribute important controversial attitude personal_values beliefs op
  138.6s turn 5
  159.7s   model reply: in 2923 + cached 28421, out 1739 (+1691 reasoning)
  159.7s   tool bash: node /kit/rag.mjs entry considered varies_with designed_to_be involves argues_for contrast supports occurred_recently ongoing reason_for meets_needs enables
  159.8s turn 6
  172.2s   model reply: in 5922 + cached 28425, out 103 (+53 reasoning)
  172.2s   tool bash: node /kit/rag.mjs search "view" "stance" "choice" "priority" "path" "commitment" "companionship" "diversity" "inclusive"
  172.4s turn 7
  179.2s   model reply: in 4482 + cached 32486, out 117 (+58 reasoning)
  179.2s   tool bash: grep -iE "marriage|partner|evolv|societ|institution|outdated|relat|stance|opinion|custom|tradition" /reference/glossary.md | head -n 40
  179.3s turn 8
  197.6s   model reply: in 2292 + cached 36542, out 3150 (+2885 reasoning)
  197.6s   tool bash: cat << 'EOF' > /output/translation.md
Status: success
Mode: TRACE

## BrainCode

```braincode
MODE TRACE
ENTRYPOINT Conversation
CONVO Conversation {
  TURN t1 
  197.8s turn 9
  225.5s   model reply: in 5956 + cached 36550, out 5991 (+4578 reasoning)
  225.5s   tool bash: cat << 'EOF' > /output/translation.md
Status: success
Mode: TRACE

## BrainCode

```braincode
MODE TRACE
ENTRYPOINT Conversation
CONVO Conversation {
  TURN t1 
  225.6s turn 10
  245.8s   model reply: in 8543 + cached 40641, out 4410 (+2924 reasoning)
  245.8s   tool bash: cat << 'EOF' > /output/translation.md
Status: success
Mode: TRACE

## BrainCode

```braincode
MODE TRACE
ENTRYPOINT Conversation
CONVO Conversation {
  TURN t1 
  246.0s turn 11
  251.5s   model reply: in 5496 + cached 48785, out 217 (+136 reasoning)
  251.5s agent finished
  251.5s agent finished
