   19.1s turn 1
   39.1s   model reply: in 2913 + cached 0, out 2870 (+2853 reasoning)
   39.2s   tool bash: ls -la /
   39.3s turn 2
   52.8s   model reply: in 6529 + cached 0, out 40 (+18 reasoning)
   52.8s   tool bash: ls -la /reference /attach /session
   53.2s turn 3
   56.9s   model reply: in 2927 + cached 3937, out 29 (+12 reasoning)
   56.9s   tool read: /prompt.md
   57.1s turn 4
   65.1s   model reply: in 3267 + cached 3933, out 398 (+381 reasoning)
   65.1s   tool read: /trajectory.txt
   65.2s turn 5
  188.0s   model reply: in 4939 + cached 3953, out 18478 (+18385 reasoning)
  188.0s   tool bash: python3 -c "
with open('/trajectory.txt') as f:
    content = f.read()
print('Length:', len(content))
print('Turns split:')
parts = content.split('<|')
for p in
  188.2s turn 6
  192.6s   model reply: in 27393 + cached 0, out 89 (+15 reasoning)
  192.6s   tool bash: node -e "
const fs = require('fs');
const content = fs.readFileSync('/trajectory.txt', 'utf8');
console.log('Length:', content.length);
console.log(JSON.stringi
  192.8s turn 7
  196.8s   model reply: in 3292 + cached 24255, out 163 (+14 reasoning)
  196.8s   tool bash: node -e "
const fs = require('fs');
const content = fs.readFileSync('/trajectory.txt', 'utf8');
const turns = content.split(/(?=<\|(?:user|assistant)\|>)/);
con
  197.6s turn 8
  209.8s   model reply: in 3709 + cached 24241, out 1125 (+974 reasoning)
  209.8s   tool bash: node -e "
const fs = require('fs');
const content = fs.readFileSync('/trajectory.txt', 'utf8');
const indices = [];
let idx = content.indexOf('<|');
while(idx !
  210.0s turn 9
  250.9s   model reply: in 4962 + cached 24237, out 6960 (+6869 reasoning)
  250.9s   tool bash: node -e "
const fs = require('fs');
const orig = fs.readFileSync('/trajectory.txt', 'utf8');
const lines = orig.split(/\r?\n/);
lines.forEach((line, i) => {
  c
  251.0s turn 10
  284.5s   model reply: in 9543 + cached 28350, out 5936 (+5918 reasoning)
  284.5s   tool bash: ls -la /output
  284.5s turn 11
  300.1s   model reply: in 7394 + cached 36488, out 2069 (+208 reasoning)
  300.1s   tool write: /output/translation.md
  300.1s turn 12
  301.7s   model reply: in 0 + cached 0, out 0 (+0 reasoning)
  301.8s agent finished
  303.8s turn 13
  317.5s   model reply: in 0 + cached 0, out 0 (+0 reasoning)
  317.5s agent finished
  321.5s turn 14
  348.0s   model reply: in 0 + cached 0, out 0 (+0 reasoning)
  348.0s agent finished
  356.0s turn 15
  408.8s   model reply: in 0 + cached 0, out 0 (+0 reasoning)
  408.8s agent finished
  424.8s turn 16
  538.8s   model reply: in 45955 + cached 0, out 275 (+23 reasoning)
  538.8s   tool bash: node -e "
const fs = require('fs');
const orig = fs.readFileSync('/trajectory.txt', 'utf8');
const trans = fs.readFileSync('/output/translation.md', 'utf8');

c
  538.8s turn 17
  554.4s   model reply: in 5791 + cached 40522, out 155 (+17 reasoning)
  554.4s   tool bash: node -e "
const fs = require('fs');
const orig = fs.readFileSync('/trajectory.txt', 'utf8').split(/\r?\n/);
const trans = fs.readFileSync('/output/translation.m
  554.5s turn 18
  578.5s   model reply: in 6268 + cached 44598, out 4486 (+2620 reasoning)
  578.5s   tool write: /output/translation.md
  578.5s turn 19
  582.0s   model reply: in 6686 + cached 48670, out 143 (+62 reasoning)
  582.0s   tool edit: /output/translation.md
  582.0s turn 20
  585.9s   model reply: in 2807 + cached 52697, out 143 (+17 reasoning)
  585.9s   tool bash: node -e "
const fs = require('fs');
const orig = fs.readFileSync('/trajectory.txt', 'utf8').split(/\r?\n/);
const trans = fs.readFileSync('/output/translation.m
  586.0s turn 21
  589.2s   model reply: in 6946 + cached 52716, out 51 (+21 reasoning)
  589.2s agent finished
  589.2s agent finished
