    2.0s turn 1
   10.4s   model reply: in 29488 + cached 0, out 1431 (+1392 reasoning)
   10.4s   tool bash: node /kit/rag.mjs search "Justin Bieber" "behavior" "fashion" "wealth" "possessions"
   10.6s turn 2
   19.4s   model reply: in 3865 + cached 28448, out 107 (+61 reasoning)
   19.4s   tool bash: node /kit/rag.mjs entry interpersonal_stance decision activity property_question requirement subject temporal_context well_wishes audience_targeting character_t
   19.5s turn 3
   25.1s   model reply: in 6032 + cached 28444, out 749 (+698 reasoning)
   25.1s   tool bash: node /kit/rag.mjs widen "Justin Bieber's behavior" "personal and public challenges in recent years" "upset many fans" "avoid judging someone without understandi
   25.4s turn 4
   36.7s   model reply: in 5775 + cached 32514, out 2202 (+1973 reasoning)
   36.7s   tool bash: cat << 'EOF' > /output/translation.md
Status: success
Mode: TRACE

## BrainCode

```braincode
MODE TRACE
ENTRYPOINT Conversation
CONVO Conversation {
  TURN t1 
   36.9s turn 5
   40.8s   model reply: in 4624 + cached 36579, out 286 (+239 reasoning)
   40.8s   tool bash: node /kit/rag.mjs search "Justin Bieber's behavior" "clothing" "celebrity fashion" "fan base admiration" "deserves possessions"
   40.9s turn 6
   43.8s   model reply: in 2292 + cached 40636, out 66 (+43 reasoning)
   43.8s   tool bash: wc -l /reference/glossary.md
   43.9s turn 7
   46.9s   model reply: in 2388 + cached 40616, out 121 (+69 reasoning)
   46.9s   tool bash: grep -E "^\| [a-z0-9_]+ \| (constructor|claim_relation|link|speech_act|composite) \|" /reference/glossary.md
   46.9s turn 8
   73.7s   model reply: in 4360 + cached 40611, out 5325 (+5295 reasoning)
   73.7s   tool bash: node /kit/rag.mjs entry beliefs distracts_from unaware stereotype recommended
   73.9s turn 9
  104.6s   model reply: in 50668 + cached 0, out 4974 (+4906 reasoning)
  104.6s   tool bash: node /kit/rag.mjs entry activity decision property_question temporal_context well_wishes audience_targeting character_trait interpersonal_stance ongoing attitud
  104.8s turn 10
  109.1s   model reply: in 8856 + cached 48788, out 72 (+33 reasoning)
  109.1s   tool bash: node /kit/rag.mjs entry has_style has_attribute enables argues_for controversial possesses attribute_claim supports contrast
  109.2s turn 11
  126.9s   model reply: in 0 + cached 0, out 0 (+0 reasoning)
  126.9s agent finished
  128.9s turn 12
  142.6s   model reply: in 0 + cached 0, out 0 (+0 reasoning)
  142.6s agent finished
  146.6s turn 13
  386.3s   model reply: in 58913 + cached 0, out 5118 (+3115 reasoning)
  386.3s   tool bash: cat << 'EOF' > /output/translation.md
Status: success
Mode: TRACE

## BrainCode

```braincode
MODE TRACE
ENTRYPOINT Conversation
CONVO Conversation {
  TURN t1 
  386.5s turn 14
  420.5s   model reply: in 8071 + cached 56928, out 4363 (+2374 reasoning)
  420.5s   tool write: /output/translation.md
  420.5s turn 15
  426.5s   model reply: in 8366 + cached 61000, out 53 (+23 reasoning)
  426.5s   tool bash: node /kit/rag.mjs check --translation /output/translation.md
  426.6s turn 16
  444.5s   model reply: in 50252 + cached 0, out 161 (+44 reasoning)
  444.5s agent finished
  444.5s agent finished
