    1.8s turn 1
    9.9s   model reply: in 29596 + cached 0, out 972 (+925 reasoning)
    9.9s   tool bash: node /kit/rag.mjs search "theory" "furry" "young" "big" "smart" "nice" "white" "green"
   10.1s turn 2
   13.2s   model reply: in 4337 + cached 28451, out 95 (+57 reasoning)
   13.2s   tool bash: node /kit/rag.mjs entry attribute_claim has_attribute statement conditional requirement character_trait subject test_condition
   13.3s turn 3
   16.6s   model reply: in 5837 + cached 28442, out 82 (+37 reasoning)
   16.6s   tool bash: node /kit/rag.mjs search "conjunction" "disjunction" "entity" "property" "rule" "logic" "predicate"
   16.8s turn 4
   19.8s   model reply: in 3806 + cached 32501, out 92 (+57 reasoning)
   19.8s   tool bash: node /kit/rag.mjs entry conjunction negation conditional property_question attribute_claim has_attribute statement
   20.0s turn 5
   22.8s   model reply: in 4800 + cached 32489, out 78 (+35 reasoning)
   22.8s   tool bash: grep -E "\| (constructor|composite|claim_relation) \|" /reference/glossary.md | head -n 40
   22.9s turn 6
   25.9s   model reply: in 2619 + cached 36544, out 62 (+9 reasoning)
   25.9s   tool bash: grep -E "^\| [a-z0-9_]+ \| constructor \|" /reference/glossary.md | awk -F'|' '{print $2, $4}'
   26.0s turn 7
   33.5s   model reply: in 4851 + cached 36542, out 886 (+850 reasoning)
   33.5s   tool bash: node /kit/rag.mjs entry has_attribute attribute_claim statement conditional conjunction lexical_label ask inform
   33.6s turn 8
   38.7s   model reply: in 2955 + cached 40600, out 177 (+78 reasoning)
   38.7s   tool bash: node /kit/rag.mjs widen "Bob is furry" --kind claim
node /kit/rag.mjs widen "If something is white then it is furry" --kind reasoning
node /kit/rag.mjs widen "R
   39.4s turn 9
   42.9s   model reply: in 6588 + cached 40608, out 65 (+38 reasoning)
   42.9s   tool bash: grep -E "^\| constraint_" /reference/glossary.md
   43.0s turn 10
   46.0s   model reply: in 3035 + cached 44653, out 87 (+47 reasoning)
   46.0s   tool bash: node /kit/rag.mjs search "true false unknown" "multiple choice" "based on theory" "truth value"
   46.1s turn 11
   67.9s   model reply: in 4199 + cached 44642, out 3527 (+3491 reasoning)
   67.9s   tool bash: node /kit/rag.mjs entry character_trait requirement subject conjunction conditional negation property_question lexical_label
   68.0s turn 12
   71.3s   model reply: in 5148 + cached 48723, out 123 (+78 reasoning)
   71.3s   tool bash: grep -E "\| (claim_relation|link|speech_act) \|" /reference/glossary.md | head -n 40
   71.4s turn 13
   89.4s   model reply: in 3220 + cached 52780, out 2486 (+2462 reasoning)
   89.4s   tool bash: node /kit/rag.mjs check --help
   89.5s turn 14
   96.0s   model reply: in 5722 + cached 52780, out 766 (+66 reasoning)
   96.0s   tool bash: cat << 'EOF' > /output/translation.md
Status: success
Mode: REQUEST

## BrainCode

```braincode
MODE REQUEST
ENTRYPOINT Conversation
CONVO Conversation {
  TURN
   96.1s turn 15
  124.6s   model reply: in 2986 + cached 56830, out 4701 (+2862 reasoning)
  124.6s   tool bash: cat << 'EOF' > /output/translation.md
Status: success
Mode: REQUEST

## BrainCode

```braincode
MODE REQUEST
ENTRYPOINT Conversation
CONVO Conversation {
  TURN
  124.7s turn 16
  131.1s   model reply: in 8259 + cached 56853, out 629 (+514 reasoning)
  131.1s   tool bash: node /kit/rag.mjs widen "If an entity is white, then it is furry" --kind reasoning
node /kit/rag.mjs widen "If an entity is nice and furry, then it is smart" --
  131.8s turn 17
  148.3s   model reply: in 4176 + cached 64987, out 2621 (+770 reasoning)
  148.3s   tool bash: cat << 'EOF' > /output/translation.md
Status: success
Mode: REQUEST

## BrainCode

```braincode
MODE REQUEST
ENTRYPOINT Conversation
CONVO Conversation {
  TURN
  148.5s turn 18
  170.6s   model reply: in 48802 + cached 0, out 1971 (+92 reasoning)
  170.6s   tool bash: cat << 'EOF' > /output/translation.md
Status: success
Mode: REQUEST

## BrainCode

```braincode
MODE REQUEST
ENTRYPOINT Conversation
CONVO Conversation {
  TURN
  170.8s turn 19
  176.4s   model reply: in 2583 + cached 48785, out 443 (+408 reasoning)
  176.4s   tool bash: grep -E "\| constructor \|" /reference/glossary.md | head -n 40
  176.5s turn 20
  179.3s   model reply: in 4827 + cached 48780, out 44 (+9 reasoning)
  179.4s   tool bash: grep -E "\| constructor \|" /reference/glossary.md | tail -n +41
  179.4s turn 21
  184.6s   model reply: in 2540 + cached 52837, out 274 (+251 reasoning)
  184.6s   tool bash: node /kit/rag.mjs entry subject
  184.7s turn 22
  197.1s   model reply: in 3201 + cached 52821, out 1926 (+51 reasoning)
  197.1s   tool bash: cat << 'EOF' > /output/translation.md
Status: success
Mode: REQUEST

## BrainCode

```braincode
MODE REQUEST
ENTRYPOINT Conversation
CONVO Conversation {
  TURN
  197.3s turn 23
  214.7s   model reply: in 5723 + cached 52820, out 3165 (+1290 reasoning)
  214.7s   tool bash: cat << 'EOF' > /output/translation.md
Status: success
Mode: REQUEST

## BrainCode

```braincode
MODE REQUEST
ENTRYPOINT Conversation
CONVO Conversation {
  TURN
  214.8s turn 24
  220.4s   model reply: in 5412 + cached 56891, out 228 (+192 reasoning)
  220.4s agent finished
  220.4s agent finished
