    4.0s turn 1
   14.2s   model reply: in 26456 + cached 0, out 1411 (+1348 reasoning)
   14.2s   tool bash: node /kit/rag.mjs search "video game" "game" "stuck" "boss fight" "puzzle" "quest" "achievement" "glitch" "error message" "tailor solution" "anticipation"
   14.5s turn 2
   18.9s   model reply: in 6545 + cached 24375, out 122 (+62 reasoning)
   18.9s   tool bash: node /kit/rag.mjs entry ask offer express_interest acknowledge confirm inform respond propose enables failure issue indicator warning raises_exception user_prac
   19.1s turn 3
   22.7s   model reply: in 33072 + cached 0, out 76 (+41 reasoning)
   22.7s   tool bash: node /kit/rag.mjs entry subject offer_help cat_game role_user role_agent
   23.0s turn 4
   26.9s   model reply: in 5295 + cached 28420, out 143 (+101 reasoning)
   26.9s   tool bash: node /kit/rag.mjs search "property_question" "difficulty" "help" "question" "solution" "game"
   27.3s turn 5
   30.3s   model reply: in 3065 + cached 32475, out 59 (+29 reasoning)
   30.3s   tool bash: node /kit/rag.mjs entry property_question attribute_claim possesses requirement
   30.5s turn 6
   33.2s   model reply: in 4024 + cached 32463, out 82 (+42 reasoning)
   33.2s   tool bash: grep -E "\| (constructor|claim_relation|speech_act|link) \|" /reference/glossary.md
   33.4s turn 7
   36.2s   model reply: in 5955 + cached 32460, out 49 (+15 reasoning)
   36.2s   tool bash: grep -E "\| (claim_relation|link) \|" /reference/glossary.md
   36.2s turn 8
   39.2s   model reply: in 3889 + cached 36515, out 61 (+20 reasoning)
   39.2s   tool bash: grep -E "\| (claim_relation|link) \|" /reference/glossary.md | tail -n +30
   39.2s turn 9
   42.7s   model reply: in 5865 + cached 36512, out 60 (+20 reasoning)
   42.7s   tool bash: grep -E "^\| [a-zA-Z0-9_]+ \| constructor \|" /reference/glossary.md
   42.8s turn 10
   45.8s   model reply: in 3668 + cached 40565, out 68 (+21 reasoning)
   45.8s   tool bash: grep -E "^\| [a-zA-Z0-9_]+ \| constructor \|" /reference/glossary.md | tail -n +25
   46.0s turn 11
   49.3s   model reply: in 5576 + cached 40562, out 68 (+21 reasoning)
   49.3s   tool bash: grep -E "^\| [a-zA-Z0-9_]+ \| constructor \|" /reference/glossary.md | tail -n +50
   49.6s turn 12
   53.6s   model reply: in 47954 + cached 0, out 68 (+21 reasoning)
   53.6s   tool bash: grep -E "^\| [a-zA-Z0-9_]+ \| constructor \|" /reference/glossary.md | tail -n +75
   53.9s turn 13
   68.8s   model reply: in 4100 + cached 44601, out 2070 (+2038 reasoning)
   68.8s   tool bash: node /kit/rag.mjs check --translation /workspace/test_trans.md
   68.9s turn 14
   75.9s   model reply: in 2134 + cached 48655, out 362 (+35 reasoning)
   75.9s   tool write: /workspace/test_trans.md
   75.9s turn 15
   79.3s   model reply: in 2523 + cached 48634, out 57 (+25 reasoning)
   79.3s   tool bash: node /kit/rag.mjs check --translation /workspace/test_trans.md
   79.4s turn 16
   84.9s   model reply: in 2890 + cached 48617, out 494 (+458 reasoning)
   84.9s   tool bash: node /kit/rag.mjs widen "User is failing to complete a specific video game" --kind claim
   85.1s turn 17
   88.3s   model reply: in 5293 + cached 48621, out 75 (+31 reasoning)
   88.3s   tool bash: node /kit/rag.mjs widen "Specific level, boss fight, puzzle, quest, or achievement where the user is stuck" --kind object
   88.6s turn 18
   91.5s   model reply: in 3726 + cached 52678, out 55 (+18 reasoning)
   91.5s   tool bash: node /kit/rag.mjs widen "Error messages, software glitches, or abnormal behavior encountered" --kind object
   91.8s turn 19
   95.0s   model reply: in 6169 + cached 52682, out 53 (+14 reasoning)
   95.0s   tool bash: node /kit/rag.mjs widen "Providing more details allows the assistant to create a better tailored solution" --kind reasoning
   95.4s turn 20
   98.7s   model reply: in 4097 + cached 56734, out 48 (+10 reasoning)
   98.7s   tool bash: node /kit/rag.mjs widen "Assistant expresses anticipation for the user's response" --kind speech_act
   99.0s turn 21
  110.5s   model reply: in 5331 + cached 56726, out 1189 (+1166 reasoning)
  110.5s   tool bash: node /kit/rag.mjs entry statement
  110.7s turn 22
  138.6s   model reply: in 2547 + cached 60770, out 2605 (+2570 reasoning)
  138.6s   tool bash: node /kit/rag.mjs entry property_question activity subject indicator requirement raises_exception warning issue conjunction
  138.8s turn 23
  142.5s   model reply: in 7107 + cached 60795, out 103 (+72 reasoning)
  142.5s   tool bash: node /kit/rag.mjs entry express_interest enables confirm offer acknowledge inform ask
  142.8s turn 24
  152.2s   model reply: in 3667 + cached 64833, out 1190 (+327 reasoning)
  152.2s   tool write: /workspace/test_trans.md
  152.2s turn 25
  182.6s   model reply: in 69696 + cached 0, out 57 (+25 reasoning)
  182.6s   tool bash: node /kit/rag.mjs check --translation /workspace/test_trans.md
  182.7s turn 26
  210.1s   model reply: in 48631 + cached 0, out 1701 (+1652 reasoning)
  210.1s   tool bash: node /kit/rag.mjs entry subject activity negation statement offer_help ask offer property_question indicator conjunction enables express_interest cat_game role_
  210.4s turn 27
  226.7s   model reply: in 52288 + cached 0, out 2341 (+1452 reasoning)
  226.7s   tool write: /workspace/test_trans.md
  226.7s turn 28
  230.0s   model reply: in 5995 + cached 48640, out 57 (+25 reasoning)
  230.0s   tool bash: node /kit/rag.mjs check --translation /workspace/test_trans.md
  230.3s turn 29
  317.6s   model reply: in 55087 + cached 0, out 1194 (+307 reasoning)
  317.6s   tool write: /output/translation.md
  317.6s turn 30
  361.1s   model reply: in 56285 + cached 0, out 53 (+23 reasoning)
  361.1s   tool bash: node /kit/rag.mjs check --translation /output/translation.md
  361.5s turn 31
  398.9s   model reply: in 56733 + cached 0, out 42 (+18 reasoning)
  398.9s   tool bash: rm -f /workspace/test_trans.md
  398.9s turn 32
  427.6s   model reply: in 4148 + cached 52630, out 71 (+41 reasoning)
  427.6s   tool bash: node /kit/rag.mjs check --translation /output/translation.md
  427.8s turn 33
  428.8s   model reply: in 0 + cached 0, out 0 (+0 reasoning)
  428.8s agent finished
  430.8s turn 34
  444.5s   model reply: in 0 + cached 0, out 0 (+0 reasoning)
  444.5s agent finished
  448.5s turn 35
  475.1s   model reply: in 0 + cached 0, out 0 (+0 reasoning)
  475.1s agent finished
  483.1s turn 36
  565.6s   model reply: in 57244 + cached 0, out 242 (+19 reasoning)
  565.6s agent finished
  565.6s agent finished
