    1.9s turn 1
   14.5s   model reply: in 1736 + cached 0, out 1660 (+1643 reasoning)
   14.5s   tool read: /trajectory.txt
   14.5s turn 2
   22.8s   model reply: in 3527 + cached 0, out 1569 (+1550 reasoning)
   22.8s   tool bash: xxd /trajectory.txt
   22.8s turn 3
   25.1s   model reply: in 5119 + cached 0, out 49 (+18 reasoning)
   25.1s   tool bash: python3 -c "print(repr(open('/trajectory.txt').read()))"
   25.1s turn 4
   28.8s   model reply: in 5191 + cached 0, out 59 (+21 reasoning)
   28.8s   tool bash: node -e "console.log(JSON.stringify(fs.readFileSync('/trajectory.txt', 'utf8')))"
   28.8s turn 5
   86.4s   model reply: in 5388 + cached 0, out 8785 (+8758 reasoning)
   86.4s   tool bash: ls -la / /output 2>/dev/null || true
   86.4s turn 6
   89.4s   model reply: in 14978 + cached 0, out 66 (+48 reasoning)
   89.4s   tool bash: ls -la /attach
   89.5s turn 7
  108.1s   model reply: in 15129 + cached 0, out 2661 (+2547 reasoning)
  108.1s   tool write: /output/reconstruction.md
  108.3s turn 8
  114.5s   model reply: in 5771 + cached 12024, out 39 (+19 reasoning)
  114.5s   tool read: /output/reconstruction.md
  114.5s turn 9
  119.2s   model reply: in 5911 + cached 12011, out 42 (+21 reasoning)
  119.2s agent finished
  119.2s agent finished
