    2.1s turn 1
   11.3s   model reply: in 25085 + cached 0, out 1380 (+1334 reasoning)
   11.3s   tool bash: node /kit/rag.mjs search "video game" "stuck on level" "error messages glitches" "tailor solution" "express anticipation"
   11.5s turn 2
   14.7s   model reply: in 27880 + cached 0, out 89 (+49 reasoning)
   14.7s   tool bash: node /kit/rag.mjs entry express_interest offer_help ask confirm failure enables activity subject issue raises_exception warning indicator
   14.9s turn 3
   17.8s   model reply: in 5708 + cached 24352, out 71 (+44 reasoning)
   17.8s   tool bash: node /kit/rag.mjs entry offer propose inform respond acknowledge
   18.0s turn 4
   26.0s   model reply: in 2043 + cached 28393, out 1141 (+1101 reasoning)
   26.0s   tool bash: node /kit/rag.mjs search "details" "solution" "game" "error" "response" "question"
   26.3s turn 5
   29.4s   model reply: in 4805 + cached 28398, out 80 (+26 reasoning)
   29.4s   tool bash: grep -E "^\| [a-zA-Z0-9_]+ \| (constructor|composite|claim_relation|link|speech_act) \|" /reference/glossary.md
   29.5s turn 6
   32.3s   model reply: in 2677 + cached 32452, out 55 (+13 reasoning)
   32.3s   tool bash: grep -E "^\| [a-zA-Z0-9_]+ \| claim_relation \|" /reference/glossary.md
   32.3s turn 7
   41.1s   model reply: in 4668 + cached 32449, out 1227 (+1180 reasoning)
   41.1s   tool bash: node /kit/rag.mjs search "question" "game" "playing" "help" "complete" "level" "error" "glitch"
   41.2s turn 8
   44.9s   model reply: in 4003 + cached 36516, out 74 (+34 reasoning)
   44.9s   tool bash: grep -E "^\| [a-zA-Z0-9_]+ \| constructor \|" /reference/glossary.md
   45.1s turn 9
   48.4s   model reply: in 5877 + cached 36512, out 65 (+18 reasoning)
   48.4s   tool bash: grep -E "^\| [a-zA-Z0-9_]+ \| constructor \|" /reference/glossary.md | tail -n 40
   48.4s turn 10
   50.4s   model reply: in 0 + cached 0, out 0 (+0 reasoning)
   50.5s agent finished
   52.5s turn 11
   66.1s   model reply: in 0 + cached 0, out 0 (+0 reasoning)
   66.1s agent finished
   70.1s turn 12
   96.6s   model reply: in 0 + cached 0, out 0 (+0 reasoning)
   96.6s agent finished
  104.6s turn 13
  165.8s   model reply: in 44173 + cached 0, out 73 (+19 reasoning)
  165.8s   tool bash: grep -E "^\| [a-zA-Z0-9_]+ \| constructor \|" /reference/glossary.md | head -n 40 | tail -n 25
  165.9s turn 14
  173.3s   model reply: in 5375 + cached 40560, out 76 (+22 reasoning)
  173.3s   tool bash: grep -E "^\| [a-zA-Z0-9_]+ \| constructor \|" /reference/glossary.md | head -n 75 | tail -n 35
  173.4s turn 15
  194.0s   model reply: in 3124 + cached 44613, out 59 (+12 reasoning)
  194.0s   tool bash: grep -E "^\| [a-zA-Z0-9_]+ \| constructor \|" /reference/glossary.md | tail -n 25
  194.1s turn 16
  199.2s   model reply: in 4877 + cached 44608, out 52 (+12 reasoning)
  199.2s   tool bash: grep -E "^\| [a-zA-Z0-9_]+ \| link \|" /reference/glossary.md
  199.2s turn 17
  215.9s   model reply: in 5165 + cached 44591, out 1853 (+1829 reasoning)
  215.9s   tool bash: node /kit/rag.mjs check --help
  216.0s turn 18
  222.2s   model reply: in 51625 + cached 0, out 77 (+51 reasoning)
  222.2s   tool bash: head -n 50 /kit/rag.mjs
  222.2s turn 19
  237.5s   model reply: in 3816 + cached 48630, out 240 (+204 reasoning)
  237.5s   tool bash: node /kit/rag.mjs widen "User is failing to complete a specific video game" --kind claim
  237.7s turn 20
  244.2s   model reply: in 5968 + cached 48631, out 78 (+42 reasoning)
  244.2s   tool bash: node /kit/rag.mjs widen "Gaming platform or device used to play the game" --kind object
  244.4s turn 21
  269.3s   model reply: in 7875 + cached 48630, out 3969 (+3215 reasoning)
  269.3s   tool write: /output/translation.md
  269.3s turn 22
  276.5s   model reply: in 7781 + cached 52697, out 53 (+23 reasoning)
  276.5s   tool bash: node /kit/rag.mjs check --translation /output/translation.md
  276.9s turn 23
  290.1s   model reply: in 4188 + cached 56734, out 1773 (+1743 reasoning)
  290.1s   tool bash: node /kit/rag.mjs check --translation /output/translation.md
  290.3s turn 24
  294.8s   model reply: in 2298 + cached 60788, out 274 (+36 reasoning)
  294.9s agent finished
  294.9s agent finished
