    2.2s turn 1
    9.0s   model reply: in 30904 + cached 0, out 547 (+491 reasoning)
    9.0s   tool bash: node /kit/rag.mjs search "rough" "young" "nice" "kind" "cold" "furry" "red" "theory" "conditional" "someone" "statement"
    9.2s turn 2
   26.8s   model reply: in 6091 + cached 28462, out 84 (+37 reasoning)
   26.8s   tool bash: node /kit/rag.mjs search "attribute" "property" "person" "universal" "premise" "question" "rule" "entity"
   27.3s turn 3
   36.9s   model reply: in 4361 + cached 32524, out 134 (+92 reasoning)
   36.9s   tool bash: node /kit/rag.mjs entry character character_trait conditional conjunction negation has_attribute attribute_claim statement property_question ask inform respond
   37.1s turn 4
   42.5s   model reply: in 5714 + cached 32514, out 89 (+53 reasoning)
   42.5s   tool bash: grep -E "\| (constructor|claim_relation|link) \|" /reference/glossary.md
   42.5s turn 5
   49.8s   model reply: in 3541 + cached 36572, out 700 (+648 reasoning)
   49.8s   tool bash: node /kit/rag.mjs search "is_true" "is_false" "valid" "premise" "theory" "proof" "deduction" "rule"
   50.8s turn 6
   56.5s   model reply: in 6366 + cached 36572, out 234 (+176 reasoning)
   56.5s   tool bash: grep -E "\| (character|character_trait|has_attribute|attribute_claim|statement|conditional|conjunction|negation|property_question|subject) \|" /reference/glossa
   57.0s turn 7
   75.5s   model reply: in 3112 + cached 40621, out 2856 (+2819 reasoning)
   75.5s   tool bash: node /kit/rag.mjs widen "introduce a set of logical premises or theory" --kind speech_act
   76.1s turn 8
   80.6s   model reply: in 7495 + cached 40634, out 134 (+47 reasoning)
   80.6s   tool bash: node /kit/rag.mjs widen "ask whether a statement is True, False, or Unknown" --kind speech_act
node /kit/rag.mjs widen "base the answer only on the provided the
   82.0s turn 9
   85.9s   model reply: in 6781 + cached 44701, out 63 (+36 reasoning)
   85.9s   tool bash: node /kit/rag.mjs entry constraint_single_choice
   86.1s turn 10
   90.3s   model reply: in 2947 + cached 48746, out 109 (+69 reasoning)
   90.3s   tool bash: grep -iE "choice|question|proof|logic|reasoning|true|false" /reference/glossary.md
   90.3s turn 11
  107.2s   model reply: in 4941 + cached 48741, out 2202 (+2162 reasoning)
  107.2s   tool bash: grep -E "\| (user|role_user|agent|role_agent) \|" /reference/glossary.md
  107.3s turn 12
  119.6s   model reply: in 3133 + cached 52800, out 1294 (+1256 reasoning)
  119.6s   tool bash: grep -E "\| [a-z0-9_]+ \| constructor \|" /reference/glossary.md
  120.4s turn 13
  126.1s   model reply: in 6219 + cached 52804, out 68 (+23 reasoning)
  126.1s   tool bash: grep -E "\| [a-z0-9_]+ \| constructor \|" /reference/glossary.md | tail -n 40
  126.2s turn 14
  130.9s   model reply: in 3951 + cached 56859, out 72 (+23 reasoning)
  130.9s   tool bash: grep -E "\| [a-z0-9_]+ \| constructor \|" /reference/glossary.md | grep -E "^\| [e-l]"
  131.3s turn 15
  147.2s   model reply: in 5107 + cached 56848, out 2055 (+1999 reasoning)
  147.2s   tool bash: grep -E "\| (conditional|conjunction|negation|statement|has_attribute|attribute_claim|character_trait|character|subject|requirement) \|" /reference/glossary.md
  147.2s turn 16
  158.4s   model reply: in 3681 + cached 60910, out 1295 (+1269 reasoning)
  158.4s   tool bash: grep -i "character" /reference/glossary.md
  158.5s turn 17
  171.9s   model reply: in 6545 + cached 60912, out 1421 (+1398 reasoning)
  171.9s   tool bash: node /kit/rag.mjs entry subject
  172.0s turn 18
  173.1s   model reply: in 0 + cached 0, out 0 (+0 reasoning)
  173.1s agent finished
  175.1s turn 19
  188.8s   model reply: in 0 + cached 0, out 0 (+0 reasoning)
  188.8s agent finished
  192.8s turn 20
  204.5s   model reply: in 0 + cached 0, out 0 (+0 reasoning)
  204.6s agent finished
  212.6s turn 21
  235.1s   model reply: in 0 + cached 0, out 0 (+0 reasoning)
  235.1s agent finished
  251.1s turn 22
  322.9s   model reply: in 69249 + cached 0, out 1815 (+87 reasoning)
  322.9s   tool bash: cat << 'EOF' > /output/translation.md
Status: success
Mode: REQUEST

## BrainCode

```braincode
MODE REQUEST
ENTRYPOINT Conversation
CONVO Conversation {
  TURN
  323.1s turn 23
  376.8s   model reply: in 49495 + cached 0, out 2135 (+2016 reasoning)
  376.8s   tool bash: node /kit/rag.mjs widen "nice people are cold" --kind reasoning
node /kit/rag.mjs widen "kind people are not red" --kind reasoning
node /kit/rag.mjs widen "all 
  378.0s turn 24
  398.6s   model reply: in 6253 + cached 48770, out 1511 (+1475 reasoning)
  398.7s   tool bash: grep -E "(rule|logic|theory|deduction|premise)" /reference/glossary.md
  398.7s turn 25
  424.6s   model reply: in 5443 + cached 52838, out 3164 (+911 reasoning)
  424.6s   tool bash: cat << 'EOF' > /output/translation.md
Status: failed
Mode: REQUEST

## Suggested translation

```braincode
MODE REQUEST
ENTRYPOINT Conversation
CONVO Conversati
  429.0s turn 26
  443.8s   model reply: in 5067 + cached 56908, out 1718 (+1042 reasoning)
  443.8s   tool write: /output/suggestions.md
  443.8s turn 27
  453.2s   model reply: in 2736 + cached 60961, out 56 (+26 reasoning)
  453.2s   tool bash: node /kit/rag.mjs check --translation /output/translation.md
  453.3s turn 28
  459.0s   model reply: in 64283 + cached 0, out 151 (+18 reasoning)
  459.0s agent finished
  459.0s agent finished
