    1.7s turn 1
   10.8s   model reply: in 12189 + cached 0, out 886 (+866 reasoning)
   10.8s   tool bash: ls -la /kit || true
   10.8s turn 2
   15.9s   model reply: in 13242 + cached 0, out 59 (+40 reasoning)
   15.9s   tool read: /kit/README.md
   15.9s turn 3
   19.3s   model reply: in 14463 + cached 0, out 36 (+17 reasoning)
   19.3s   tool bash: ls -la / || true
   19.4s turn 4
   22.4s   model reply: in 3230 + cached 12052, out 30 (+10 reasoning)
   22.4s   tool bash: ls -la /reference || true
   22.4s turn 5
   25.0s   model reply: in 3477 + cached 12039, out 44 (+24 reasoning)
   25.0s   tool read: /reference/examples.jsonl
   25.0s turn 6
   28.5s   model reply: in 4689 + cached 12041, out 77 (+43 reasoning)
   28.5s   tool bash: grep -E "web_element|mind2web" /reference/glossary.md || true
   28.6s turn 7
   42.1s   model reply: in 4841 + cached 12028, out 2028 (+1998 reasoning)
   42.1s   tool bash: find / -name "*mind2web*" 2>/dev/null || true
   42.1s turn 8
   48.8s   model reply: in 2843 + cached 16056, out 82 (+27 reasoning)
   48.8s   tool bash: find / -maxdepth 3 -not -path '*/.*' -not -path '/proc*' -not -path '/sys*' -not -path '/dev*' 2>/dev/null
   48.8s turn 9
   52.0s   model reply: in 2952 + cached 16039, out 35 (+13 reasoning)
   52.0s   tool bash: ls -la /session /output /attach
   52.1s turn 10
   55.9s   model reply: in 3362 + cached 16028, out 58 (+37 reasoning)
   55.9s   tool read: /kit/needs_prompt.md
   55.9s turn 11
   73.3s   model reply: in 4102 + cached 16024, out 2172 (+2135 reasoning)
   73.3s   tool bash: grep -A 10 "rule_category_search_value" /reference/glossary.md || true
   73.4s turn 12
   77.9s   model reply: in 2618 + cached 20060, out 121 (+84 reasoning)
   77.9s   tool bash: grep -A 10 "rule_speech_acts_general" /reference/glossary.md || true
   78.0s turn 13
   81.8s   model reply: in 3769 + cached 20062, out 76 (+40 reasoning)
   81.8s   tool bash: grep -A 5 -B 5 "web_element" /reference/glossary.md || true
   81.8s turn 14
  100.1s   model reply: in 4410 + cached 20055, out 52 (+17 reasoning)
  100.1s   tool bash: grep -A 5 -B 5 "| click |" /reference/glossary.md || true
  100.2s turn 15
  117.3s   model reply: in 5077 + cached 20049, out 2402 (+2214 reasoning)
  117.3s   tool bash: python3 -c "
import nltk
try:
    nltk.download('punkt', quiet=True)
    nltk.download('punkt_tab', quiet=True)
    from nltk.tokenize import sent_tokenize
    
  117.3s turn 16
  121.3s   model reply: in 3467 + cached 24084, out 37 (+12 reasoning)
  121.3s   tool bash: node -e "console.log(process.version)"
  121.3s turn 17
  124.8s   model reply: in 3530 + cached 24066, out 38 (+13 reasoning)
  124.8s   tool bash: node -e 'console.log(process.env)'
  124.8s turn 18
  138.2s   model reply: in 4301 + cached 24061, out 35 (+15 reasoning)
  138.2s   tool read: /kit/rag.mjs
  138.2s turn 19
  141.3s   model reply: in 5860 + cached 24070, out 36 (+12 reasoning)
  141.3s   tool bash: node /kit/rag.mjs health || true
  141.4s turn 20
  145.1s   model reply: in 6008 + cached 24047, out 84 (+44 reasoning)
  145.1s   tool bash: node /kit/rag.mjs entry activity requirement ask click web_element avail_in_stock dir_asc rank_price
  145.2s turn 21
  157.1s   model reply: in 3332 + cached 28062, out 1726 (+1700 reasoning)
  157.1s   tool bash: head -n 20 /session/*.jsonl || true
  157.1s turn 22
  174.4s   model reply: in 9342 + cached 28143, out 2412 (+2287 reasoning)
  174.4s   tool write: /output/reconstruction.md
  174.4s turn 23
  177.8s   model reply: in 3701 + cached 36201, out 36 (+16 reasoning)
  177.8s   tool read: /output/reconstruction.md
  177.9s turn 24
  182.5s   model reply: in 3853 + cached 36184, out 54 (+40 reasoning)
  182.5s agent finished
  182.5s agent finished
