    2.0s turn 1
   11.0s   model reply: in 25975 + cached 0, out 735 (+692 reasoning)
   11.0s   tool bash: node /kit/rag.mjs search "web_element" "click" "select_option" "request" "associated_with"
   11.2s turn 2
   41.0s   model reply: in 3911 + cached 24357, out 62 (+21 reasoning)
   41.1s   tool bash: node /kit/rag.mjs search "property" "accommodation" "university" "promotion" "sydney" "discount"
   41.2s turn 3
   52.8s   model reply: in 5664 + cached 24352, out 120 (+76 reasoning)
   52.8s   tool bash: node /kit/rag.mjs entry location_spec promotional_event web_element click select_filter apply_filters request include requirement associated_with
   52.9s turn 4
   63.9s   model reply: in 31230 + cached 0, out 765 (+725 reasoning)
   63.9s   tool bash: node /kit/rag.mjs search "properties" "promotions" "university" "sydney" "macquarie"
   64.0s turn 5
   68.5s   model reply: in 33415 + cached 0, out 198 (+172 reasoning)
   68.5s   tool bash: node /kit/rag.mjs entry web_element click
   68.6s turn 6
   86.6s   model reply: in 33756 + cached 0, out 982 (+944 reasoning)
   86.6s   tool bash: node /kit/rag.mjs search "role_user" "user" "agent" "role_agent"
   87.0s turn 7
   97.2s   model reply: in 3589 + cached 32440, out 195 (+165 reasoning)
   97.2s   tool bash: node /kit/rag.mjs entry role_user user agent role_agent
   97.3s turn 8
  107.1s   model reply: in 3945 + cached 32423, out 92 (+52 reasoning)
  107.1s   tool bash: grep -E "^\| (role_user|user|role_agent|agent) \|" /reference/glossary.md
  107.1s turn 9
  114.3s   model reply: in 4104 + cached 32405, out 108 (+69 reasoning)
  114.3s   tool bash: find / -name "*.md" 2>/dev/null | grep -E "translation|mind2web|example"
  114.3s turn 10
  127.8s   model reply: in 4240 + cached 32387, out 1150 (+1114 reasoning)
  127.8s   tool bash: node /kit/rag.mjs widen "Filter by location associated with a university in Sydney" --kind constraint
  128.0s turn 11
  139.5s   model reply: in 3773 + cached 36454, out 382 (+359 reasoning)
  139.5s   tool bash: node /kit/rag.mjs entry subject
  139.6s turn 12
  145.6s   model reply: in 4538 + cached 36442, out 363 (+335 reasoning)
  145.6s   tool bash: grep -C 3 "request(" /reference/glossary.md
  145.7s turn 13
  155.6s   model reply: in 2056 + cached 40487, out 1175 (+1132 reasoning)
  155.6s   tool bash: node /kit/rag.mjs search "apply_filters" "select_filter" "search_web" "filter" "query"
  155.8s turn 14
  185.3s   model reply: in 12929 + cached 32397, out 1156 (+1115 reasoning)
  185.3s   tool bash: node /kit/rag.mjs search "subject" "promotional_event" "location_spec" "associated_with"
  185.5s turn 15
  195.5s   model reply: in 3240 + cached 44552, out 1406 (+548 reasoning)
  195.5s   tool write: /output/translation.md
  195.6s turn 16
  204.4s   model reply: in 4659 + cached 44543, out 53 (+23 reasoning)
  204.4s   tool bash: node /kit/rag.mjs check --translation /output/translation.md
  204.5s turn 17
  209.2s   model reply: in 4998 + cached 44527, out 285 (+248 reasoning)
  209.2s   tool bash: node /kit/rag.mjs search "properties" "accommodations" "university" "universities"
  209.9s turn 18
  214.1s   model reply: in 2379 + cached 48570, out 111 (+80 reasoning)
  214.1s   tool bash: node /kit/rag.mjs widen "Properties or student accommodations" --kind object
  214.2s turn 19
  217.6s   model reply: in 4168 + cached 48569, out 47 (+15 reasoning)
  217.6s   tool bash: node /kit/rag.mjs widen "Universities located in Sydney" --kind object
  217.8s turn 20
  223.5s   model reply: in 5527 + cached 48564, out 111 (+57 reasoning)
  223.5s   tool bash: node -e "const fs = require('fs'); console.log(fs.readFileSync('/kit/rag.mjs', 'utf8').slice(0, 2000))"
  223.6s turn 21
  226.7s   model reply: in 2200 + cached 52599, out 53 (+21 reasoning)
  226.7s   tool bash: node /kit/rag.mjs check --translation /output/translation.md --json
  226.9s turn 22
  237.5s   model reply: in 2923 + cached 52268, out 1399 (+1191 reasoning)
  237.5s   tool bash: node -e "
const fs = require('fs');
let content = fs.readFileSync('/output/translation.md', 'utf8');
content = content.replace('TERM promotional_event(kind=\"pr
  237.6s turn 23
  243.8s   model reply: in 4585 + cached 52277, out 489 (+450 reasoning)
  243.8s   tool bash: grep -iE "university|accommodation|real_estate|college|housing|campus" /reference/glossary.md
  244.0s turn 24
  252.4s   model reply: in 5184 + cached 52267, out 417 (+395 reasoning)
  252.4s   tool bash: node /kit/rag.mjs retrieve
  260.7s turn 25
  264.6s   model reply: in 3848 + cached 56314, out 120 (+88 reasoning)
  264.6s   tool bash: node /kit/rag.mjs check --translation /output/translation.md --json
  264.7s turn 26
  286.4s   model reply: in 4635 + cached 55989, out 3954 (+3066 reasoning)
  286.4s   tool write: /output/translation.md
  286.5s turn 27
  290.7s   model reply: in 4531 + cached 60051, out 41 (+11 reasoning)
  290.7s   tool bash: node /kit/rag.mjs check --translation /output/translation.md
  290.8s turn 28
  298.7s   model reply: in 4857 + cached 60038, out 47 (+15 reasoning)
  298.7s   tool bash: node /kit/rag.mjs check --translation /output/translation.md --json
  298.8s turn 29
  303.6s   model reply: in 5566 + cached 59718, out 129 (+23 reasoning)
  303.6s agent finished
  303.6s agent finished
