   16.3s turn 1
   28.9s   model reply: in 1753 + cached 0, out 1563 (+1546 reasoning)
   28.9s   tool read: /trajectory.txt
   29.0s turn 2
   33.9s   model reply: in 3450 + cached 0, out 448 (+429 reasoning)
   33.9s   tool bash: xxd /trajectory.txt
   34.0s turn 3
   36.7s   model reply: in 3921 + cached 0, out 43 (+12 reasoning)
   36.7s   tool bash: python3 -c "print(repr(open('/trajectory.txt').read()))"
   36.9s turn 4
   41.3s   model reply: in 3987 + cached 0, out 51 (+13 reasoning)
   41.4s   tool bash: node -e "console.log(JSON.stringify(fs.readFileSync('/trajectory.txt', 'utf8')))"
   41.9s turn 5
   83.9s   model reply: in 4191 + cached 0, out 5809 (+5791 reasoning)
   83.9s   tool bash: mkdir -p /output
   84.0s turn 6
   96.7s   model reply: in 10003 + cached 0, out 1502 (+1296 reasoning)
   96.7s   tool write: /output/translation.md
   97.4s turn 7
  101.9s   model reply: in 3571 + cached 7938, out 33 (+14 reasoning)
  101.9s   tool read: /output/translation.md
  102.2s turn 8
  112.1s   model reply: in 3795 + cached 7928, out 234 (+221 reasoning)
  112.1s agent finished
  112.1s agent finished
