    1.8s turn 1
    7.3s   model reply: in 0 + cached 0, out 0 (+0 reasoning)
    7.3s agent finished
    9.3s turn 2
   22.9s   model reply: in 0 + cached 0, out 0 (+0 reasoning)
   22.9s agent finished
   26.9s turn 3
   53.4s   model reply: in 0 + cached 0, out 0 (+0 reasoning)
   53.4s agent finished
   61.4s turn 4
  125.6s   model reply: in 28194 + cached 0, out 651 (+629 reasoning)
  125.6s   tool bash: node /kit/rag.mjs check
  125.7s turn 5
  148.0s   model reply: in 4500 + cached 24361, out 630 (+590 reasoning)
  148.0s   tool bash: node /kit/rag.mjs search "alfred" "turn" "walk" "place" "pick_up"
  148.1s turn 6
  157.8s   model reply: in 2584 + cached 28418, out 740 (+707 reasoning)
  157.8s   tool bash: node /kit/rag.mjs search "alfred" "TASK" "CONVO"
  157.9s turn 7
  160.8s   model reply: in 4153 + cached 28412, out 77 (+44 reasoning)
  160.8s   tool bash: grep -E "MODE REQUEST|MODE TRACE|example_" /reference/glossary.md
  160.8s turn 8
  171.1s   model reply: in 5331 + cached 28402, out 1199 (+1167 reasoning)
  171.1s   tool bash: node /kit/rag.mjs entry turn walk pick_up place look walk_backward
  171.2s turn 9
  175.1s   model reply: in 3352 + cached 32458, out 98 (+37 reasoning)
  175.1s   tool bash: node /kit/rag.mjs entry table chair behind in_front_of left_of right_of on next_to under between other_side_of living_room floor wall corner desk dresser night_
  175.2s turn 10
  181.4s   model reply: in 37102 + cached 0, out 386 (+350 reasoning)
  181.4s   tool bash: node /kit/rag.mjs search "left" "turn left" "turn around" "direction"
  181.7s turn 11
  186.9s   model reply: in 2156 + cached 36499, out 139 (+113 reasoning)
  186.9s   tool bash: grep -n "turn(" /reference/glossary.md
  186.9s turn 12
  194.5s   model reply: in 2324 + cached 36480, out 52 (+22 reasoning)
  194.5s   tool bash: grep -C 3 "Rotate agent body" /reference/glossary.md
  194.6s turn 13
  200.4s   model reply: in 2746 + cached 36464, out 344 (+290 reasoning)
  200.4s   tool bash: node /kit/rag.mjs entry keys object_label::keys color_label::black color_label::white color_label::purple object_label::couch object_label::ottoman
  200.5s turn 14
  218.6s   model reply: in 3858 + cached 36455, out 2193 (+2167 reasoning)
  218.6s   tool bash: grep -i "direction" /reference/glossary.md
  218.7s turn 15
  222.1s   model reply: in 6464 + cached 36461, out 184 (+158 reasoning)
  222.1s   tool bash: grep "spatial-relation" /reference/glossary.md
  222.2s turn 16
  227.6s   model reply: in 2969 + cached 40497, out 311 (+287 reasoning)
  227.6s   tool bash: grep "constructor" /reference/glossary.md
  227.7s turn 17
  239.7s   model reply: in 5034 + cached 40499, out 1869 (+1843 reasoning)
  239.7s   tool bash: grep "attribute-name" /reference/glossary.md
  239.8s turn 18
  242.8s   model reply: in 3054 + cached 44550, out 62 (+36 reasoning)
  242.8s   tool bash: grep "operation-vocabulary" /reference/glossary.md
  242.8s turn 19
  245.7s   model reply: in 3145 + cached 44531, out 40 (+15 reasoning)
  245.7s   tool bash: grep "| operation |" /reference/glossary.md
  245.8s turn 20
  248.6s   model reply: in 5242 + cached 44533, out 62 (+32 reasoning)
  248.6s   tool bash: grep -A 10 "| walk |" /reference/glossary.md
  248.7s turn 21
  251.7s   model reply: in 5644 + cached 44518, out 66 (+30 reasoning)
  251.7s   tool bash: node /kit/rag.mjs search "spatial" "location" "relation" "relative_position"
  251.9s turn 22
  254.8s   model reply: in 2811 + cached 48558, out 61 (+30 reasoning)
  254.8s   tool bash: node /kit/rag.mjs entry spatial_state exists_in location_spec
  254.9s turn 23
  257.7s   model reply: in 3204 + cached 48542, out 84 (+39 reasoning)
  257.7s   tool bash: grep -E "^\| [a-z0-9_]+ \| constructor \|" /reference/glossary.md | head -n 40
  257.7s turn 24
  261.1s   model reply: in 5083 + cached 48543, out 59 (+14 reasoning)
  261.1s   tool bash: grep -E "^\| [a-z0-9_]+ \| constructor \|" /reference/glossary.md | tail -n +25
  261.1s turn 25
  269.2s   model reply: in 2932 + cached 52590, out 1101 (+1078 reasoning)
  269.2s   tool bash: grep -n "alfred" /reference/*
  269.3s turn 26
  272.1s   model reply: in 4050 + cached 52583, out 82 (+50 reasoning)
  272.1s   tool bash: grep -n -C 10 "function check" /kit/rag.mjs
  272.2s turn 27
  275.8s   model reply: in 4161 + cached 52564, out 84 (+21 reasoning)
  275.8s   tool bash: node -e '
const fs = require("fs");
const content = fs.readFileSync("/kit/rag.mjs", "utf8");
console.log(content.slice(0, 2000));
'
  275.9s turn 28
  292.3s   model reply: in 4854 + cached 52552, out 3290 (+3252 reasoning)
  292.3s   tool bash: grep -E "^\| [a-z0-9_]+ \| constructor \|" /reference/glossary.md
  292.4s turn 29
  301.6s   model reply: in 5857 + cached 56635, out 1537 (+706 reasoning)
  301.6s   tool write: /output/translation.md
  301.6s turn 30
  304.5s   model reply: in 3359 + cached 60674, out 54 (+24 reasoning)
  304.5s   tool bash: node /kit/rag.mjs check --translation /output/translation.md
  304.7s turn 31
  309.9s   model reply: in 4007 + cached 60661, out 567 (+524 reasoning)
  309.9s   tool bash: node /kit/rag.mjs search "located on the wall" "across from" "behind the vase" "through the living room"
  310.1s turn 32
  315.2s   model reply: in 5763 + cached 60661, out 502 (+410 reasoning)
  315.2s   tool bash: node -e '
const fs = require("fs");
const lines = fs.readFileSync("/reference/glossary.md", "utf8").split("\n");
for (const line of lines) {
  if (line.includes
  315.2s turn 33
  318.6s   model reply: in 4010 + cached 64712, out 129 (+19 reasoning)
  318.6s   tool bash: node -e '
const fs = require("fs");
const lines = fs.readFileSync("/reference/glossary.md", "utf8").split("\n");
for (const line of lines) {
  if (line.includes
  318.6s turn 34
  328.5s   model reply: in 44380 + cached 0, out 92 (+67 reasoning)
  328.5s   tool bash: node /kit/rag.mjs entry spatial_constraint
  328.6s turn 35
  332.0s   model reply: in 4005 + cached 40544, out 136 (+111 reasoning)
  332.0s   tool bash: node /kit/rag.mjs entry lexical_label
  332.2s turn 36
  335.4s   model reply: in 4625 + cached 40530, out 109 (+85 reasoning)
  335.4s   tool bash: node /kit/rag.mjs entry requirement subject
  335.5s turn 37
  352.3s   model reply: in 5386 + cached 40518, out 2827 (+2802 reasoning)
  352.3s   tool bash: node /kit/rag.mjs entry pick_up
  352.5s turn 38
  365.4s   model reply: in 4505 + cached 44581, out 273 (+250 reasoning)
  365.4s   tool bash: node /kit/rag.mjs entry place
  365.5s turn 39
  376.6s   model reply: in 4945 + cached 44566, out 1713 (+1680 reasoning)
  376.6s   tool bash: node /kit/rag.mjs entry wall other_side_of behind living_room table
  376.7s turn 40
  385.4s   model reply: in 2882 + cached 48617, out 1309 (+465 reasoning)
  385.4s   tool write: /output/translation.md
  385.4s turn 41
  388.7s   model reply: in 4205 + cached 48607, out 53 (+23 reasoning)
  388.7s   tool bash: node /kit/rag.mjs check --translation /output/translation.md
  388.8s turn 42
  392.8s   model reply: in 0 + cached 0, out 0 (+0 reasoning)
  392.8s agent finished
  394.8s turn 43
  408.5s   model reply: in 0 + cached 0, out 0 (+0 reasoning)
  408.5s agent finished
  412.5s turn 44
  424.1s   model reply: in 0 + cached 0, out 0 (+0 reasoning)
  424.1s agent finished
  432.1s turn 45
  454.7s   model reply: in 0 + cached 0, out 0 (+0 reasoning)
  454.7s agent finished
  470.7s turn 46
  560.2s   model reply: in 53451 + cached 0, out 1072 (+1044 reasoning)
  560.2s   tool bash: node /kit/rag.mjs entry subject activity spatial_constraint requirement
  560.3s turn 47
  602.1s   model reply: in 3214 + cached 52648, out 1365 (+232 reasoning)
  602.1s   tool write: /output/translation.md
  602.1s turn 48
  632.1s   model reply: in 4592 + cached 52639, out 54 (+24 reasoning)
  632.1s   tool bash: node /kit/rag.mjs check --translation /output/translation.md
  632.2s turn 49
  654.5s   model reply: in 5303 + cached 52626, out 3361 (+2192 reasoning)
  654.5s   tool write: /output/translation.md
  654.5s turn 50
  664.6s   model reply: in 4607 + cached 56687, out 53 (+23 reasoning)
  664.6s   tool bash: node /kit/rag.mjs check --translation /output/translation.md
  664.8s turn 51
  685.1s   model reply: in 5317 + cached 56674, out 2830 (+1644 reasoning)
  685.1s   tool write: /output/translation.md
  685.1s turn 52
  692.1s   model reply: in 4096 + cached 60729, out 53 (+23 reasoning)
  692.1s   tool bash: node /kit/rag.mjs check --translation /output/translation.md
  692.2s turn 53
  701.2s   model reply: in 4805 + cached 60717, out 508 (+252 reasoning)
  701.2s agent finished
  701.2s agent finished
