    1.7s turn 1
   10.9s   model reply: in 27296 + cached 0, out 1178 (+1132 reasoning)
   10.9s   tool bash: node /kit/rag.mjs search "discussion question" "group discussion" "open ended" "documentary" "social media" "mental health"
   11.1s turn 2
   14.3s   model reply: in 30187 + cached 0, out 64 (+42 reasoning)
   14.3s   tool bash: ls -la /reference /doc_formats
   14.3s turn 3
   16.6s   model reply: in 2247 + cached 28416, out 37 (+16 reasoning)
   16.6s   tool bash: cat /reference/examples.jsonl
   16.7s turn 4
   19.2s   model reply: in 3464 + cached 28406, out 93 (+54 reasoning)
   19.2s   tool bash: node /kit/rag.mjs widen "user asks for a discussion question based on a documentary" --kind speech_act
   19.5s turn 5
   25.2s   model reply: in 4998 + cached 28399, out 643 (+601 reasoning)
   25.2s   tool bash: node /kit/rag.mjs entry ask respond propose inform request statement attribute_claim controversial causes leads_to enables provides subject requirement activity
   25.4s turn 6
   29.7s   model reply: in 3542 + cached 32459, out 104 (+55 reasoning)
   29.7s   tool bash: node /kit/rag.mjs entry role potential_harms personal_values beliefs distracts_from opposes involves property_question dialogue self_protection obligation decis
   30.1s turn 7
   39.9s   model reply: in 5004 + cached 32452, out 1114 (+1060 reasoning)
   39.9s   tool bash: node /kit/rag.mjs search "discussion" "question" "documentary" "research" "misinformation" "bias" "ethical" "privacy" "algorithm" "interview"
   40.1s turn 8
   54.0s   model reply: in 4811 + cached 36522, out 1891 (+1826 reasoning)
   54.0s   tool bash: node /kit/rag.mjs entry role_user role_agent subject property_question requirement personal_values potential_harms dialogue art_social_post beliefs opposes invo
   54.2s turn 9
   59.6s   model reply: in 4636 + cached 40593, out 273 (+248 reasoning)
   59.6s   tool bash: node /kit/rag.mjs entry lexical_label
   59.8s turn 10
   75.0s   model reply: in 5392 + cached 40580, out 477 (+437 reasoning)
   75.0s   tool bash: node /kit/rag.mjs search "no correct answer" "no definitive answer" "open ended" "discussion question"
   75.1s turn 11
   78.9s   model reply: in 3062 + cached 44633, out 109 (+61 reasoning)
   78.9s   tool bash: grep -E "^\| [a-z0-9_]+ \| (constructor|composite|claim_relation|speech_act)" /reference/glossary.md
   79.1s turn 12
   98.8s   model reply: in 5021 + cached 44629, out 3076 (+1669 reasoning)
   98.8s   tool write: /output/translation.md
   98.8s turn 13
  103.5s   model reply: in 4040 + cached 48690, out 53 (+23 reasoning)
  103.5s   tool bash: node /kit/rag.mjs check --translation /output/translation.md
  103.7s turn 14
  107.0s   model reply: in 4704 + cached 48676, out 116 (+93 reasoning)
  107.0s   tool bash: node /kit/rag.mjs --help
  107.0s turn 15
  110.2s   model reply: in 4877 + cached 48657, out 54 (+23 reasoning)
  110.2s   tool bash: grep -n -C 10 "check" /kit/rag.mjs
  110.3s turn 16
  137.0s   model reply: in 5646 + cached 48644, out 4752 (+3345 reasoning)
  137.0s   tool write: /output/translation.md
  137.0s turn 17
  140.0s   model reply: in 6327 + cached 52719, out 53 (+23 reasoning)
  140.0s   tool bash: node /kit/rag.mjs check --translation /output/translation.md
  140.1s turn 18
  144.8s   model reply: in 2936 + cached 56760, out 365 (+122 reasoning)
  144.8s agent finished
  144.8s agent finished
