    1.8s turn 1
    8.8s   model reply: in 30073 + cached 0, out 654 (+601 reasoning)
    8.8s   tool bash: node /kit/rag.mjs search "chases" "visits" "likes" "rough" "round" "kind" "young" "theory" "rule" "condition"
    9.0s turn 2
   12.5s   model reply: in 5095 + cached 28456, out 128 (+83 reasoning)
   12.5s   tool bash: node /kit/rag.mjs search "implies" "implication" "conditional" "if then" "property" "attribute" "relation"
   12.7s turn 3
   16.1s   model reply: in 3192 + cached 32516, out 92 (+57 reasoning)
   16.1s   tool bash: node /kit/rag.mjs entry conditional statement activity attribute_claim has_attribute conjunction negation requirement ask
   16.2s turn 4
   20.0s   model reply: in 5013 + cached 32509, out 188 (+140 reasoning)
   20.0s   tool bash: node /kit/rag.mjs search "character_trait" "property_value" "shape" "state" "rule" "premise" "question"
   20.2s turn 5
   23.1s   model reply: in 3297 + cached 36570, out 101 (+72 reasoning)
   23.1s   tool bash: node /kit/rag.mjs entry character character_trait has_state
   23.2s turn 6
   26.8s   model reply: in 3686 + cached 36553, out 102 (+55 reasoning)
   26.8s   tool bash: grep -E "\| (constructor|claim_relation|speech_act|link) \|" /reference/glossary.md | head -n 50
   26.9s turn 7
   29.5s   model reply: in 5639 + cached 36548, out 59 (+25 reasoning)
   29.5s   tool bash: grep -E "\| (claim_relation|link) \|" /reference/glossary.md
   29.6s turn 8
   38.8s   model reply: in 3581 + cached 40605, out 1317 (+1268 reasoning)
   38.8s   tool bash: node /kit/rag.mjs search "rough" "round" "kind" "young" "attribute_claim" "has_attribute" "character_trait"
   39.0s turn 9
   47.1s   model reply: in 7154 + cached 40613, out 146 (+107 reasoning)
   47.1s   tool bash: node /kit/rag.mjs entry property_question constraint_single_choice constraint_comprehensive possesses comfortable inform propose respond
   47.2s turn 10
   60.8s   model reply: in 4053 + cached 44661, out 816 (+772 reasoning)
   60.8s   tool bash: node /kit/rag.mjs entry animal_label::bald_eagle animal_label::lion animal_label::mouse animal_label::squirrel
   60.9s turn 11
   64.4s   model reply: in 5303 + cached 44651, out 165 (+131 reasoning)
   64.4s   tool bash: node /kit/rag.mjs entry animal_label::eagle animal_label::baldeagle
   64.5s turn 12
   70.8s   model reply: in 5689 + cached 44635, out 350 (+321 reasoning)
   70.8s   tool bash: node /kit/rag.mjs search "eagle" "bald eagle"
   70.9s turn 13
   80.9s   model reply: in 2531 + cached 48680, out 1396 (+1371 reasoning)
   80.9s   tool bash: node /kit/rag.mjs entry role_user
   81.0s turn 14
   85.4s   model reply: in 3980 + cached 48673, out 219 (+193 reasoning)
   85.4s   tool bash: grep -i "round" /reference/glossary.md
   85.5s turn 15
   89.2s   model reply: in 4755 + cached 48660, out 83 (+53 reasoning)
   89.2s   tool bash: grep -i -E "rough|young" /reference/glossary.md
   89.3s turn 16
   95.1s   model reply: in 5235 + cached 48644, out 486 (+449 reasoning)
   95.1s   tool bash: node /kit/rag.mjs search "something" "entity" "variable" "anyone" "anything"
   95.5s turn 17
  118.1s   model reply: in 3023 + cached 52695, out 3913 (+1136 reasoning)
  118.1s   tool write: /output/translation.md
  118.1s turn 18
  121.4s   model reply: in 6927 + cached 52708, out 54 (+24 reasoning)
  121.4s   tool bash: node /kit/rag.mjs check --translation /output/translation.md
  121.6s turn 19
  127.8s   model reply: in 3769 + cached 56751, out 493 (+461 reasoning)
  127.8s   tool bash: node /kit/rag.mjs widen "the lion visits the mouse" --kind claim
  128.0s turn 20
  131.9s   model reply: in 5913 + cached 56751, out 131 (+70 reasoning)
  131.9s   tool bash: node /kit/rag.mjs widen "if something visits the bald eagle, then the bald eagle visits the lion" --kind reasoning
node /kit/rag.mjs widen "the mouse visits the
  132.2s turn 21
  136.5s   model reply: in 5467 + cached 60819, out 207 (+177 reasoning)
  136.5s   tool bash: node /kit/rag.mjs check --translation /output/translation.md
  136.7s turn 22
  142.9s   model reply: in 2461 + cached 64863, out 390 (+359 reasoning)
  142.9s   tool bash: node /kit/rag.mjs widen "the squirrel is kind" --kind claim
  143.1s turn 23
  144.3s   model reply: in 0 + cached 0, out 0 (+0 reasoning)
  144.4s agent finished
  146.4s turn 24
  160.4s   model reply: in 0 + cached 0, out 0 (+0 reasoning)
  160.4s agent finished
  164.4s turn 25
  175.7s   model reply: in 0 + cached 0, out 0 (+0 reasoning)
  175.7s agent finished
  183.7s turn 26
  206.7s   model reply: in 0 + cached 0, out 0 (+0 reasoning)
  206.7s agent finished
  222.7s turn 27
  295.3s   model reply: in 69160 + cached 0, out 324 (+87 reasoning)
  295.3s   tool bash: node /kit/rag.mjs widen "if something is kind then it visits the squirrel" --kind reasoning
node /kit/rag.mjs widen "if something likes the mouse then it visits
  297.5s turn 28
  344.3s   model reply: in 49869 + cached 0, out 3812 (+994 reasoning)
  344.3s   tool write: /output/translation.md
  344.3s turn 29
  350.9s   model reply: in 4931 + cached 48754, out 53 (+23 reasoning)
  350.9s   tool bash: node /kit/rag.mjs check --translation /output/translation.md
  351.1s turn 30
  401.6s   model reply: in 54547 + cached 0, out 846 (+206 reasoning)
  401.6s   tool edit: /output/translation.md
  401.6s turn 31
  408.8s   model reply: in 2619 + cached 52771, out 53 (+23 reasoning)
  408.8s   tool bash: node /kit/rag.mjs check --translation /output/translation.md
  410.6s turn 32
  416.5s   model reply: in 3512 + cached 52758, out 98 (+34 reasoning)
  416.5s   tool edit: /output/translation.md
  416.6s turn 33
  421.5s   model reply: in 3644 + cached 52729, out 39 (+9 reasoning)
  421.5s   tool bash: node /kit/rag.mjs check --translation /output/translation.md
  422.3s turn 34
  439.3s   model reply: in 4504 + cached 52717, out 241 (+222 reasoning)
  439.3s   tool read: /output/translation.md
  439.4s turn 35
  451.5s   model reply: in 3055 + cached 56776, out 63 (+17 reasoning)
  451.5s agent finished
  451.5s agent finished
