    7.0s turn 1
   56.8s   model reply: in 1987 + cached 0, out 7655 (+7638 reasoning)
   56.8s   tool read: /trajectory.txt
   56.9s turn 2
   68.8s   model reply: in 10011 + cached 0, out 1643 (+1603 reasoning)
   68.8s   tool bash: python3 -c "with open('/trajectory.txt', 'r') as f: print(repr(f.read()))"
   69.3s turn 3
   72.6s   model reply: in 3675 + cached 8002, out 61 (+16 reasoning)
   72.6s   tool bash: node -e "const fs = require('fs'); console.log(JSON.stringify(fs.readFileSync('/trajectory.txt', 'utf8')));"
   73.0s turn 4
  118.5s   model reply: in 4119 + cached 7995, out 7004 (+6969 reasoning)
  118.5s   tool bash: node -e "const fs = require('fs'); console.log(fs.existsSync('/output'));"
  119.2s turn 5
  126.1s   model reply: in 19119 + cached 0, out 710 (+21 reasoning)
  126.1s   tool write: /output/translation.md
  127.2s turn 6
  135.3s   model reply: in 3730 + cached 16103, out 37 (+18 reasoning)
  135.3s   tool read: /output/translation.md
  136.0s turn 7
  140.4s   model reply: in 4439 + cached 16095, out 59 (+36 reasoning)
  140.4s agent finished
  140.4s agent finished
