    6.4s turn 1
  129.6s   model reply: in 31125 + cached 0, out 639 (+588 reasoning)
  129.6s   tool bash: node /kit/rag.mjs search "kind" "rough" "blue" "eat" "visit" "needs" "theory" "statement" "true false unknown"
  144.5s turn 2
  151.9s   model reply: in 5762 + cached 28460, out 100 (+55 reasoning)
  151.9s   tool bash: node /kit/rag.mjs search "theory" "premise" "rule" "fact" "question" "evaluate" "true false"
  153.4s turn 3
  157.4s   model reply: in 3645 + cached 32519, out 78 (+50 reasoning)
  157.4s   tool bash: grep -E "\| constructor \|" /reference/glossary.md
  158.2s turn 4
  162.4s   model reply: in 5525 + cached 32513, out 94 (+36 reasoning)
  162.4s   tool bash: grep -E "\| (attribute_claim|possesses|has_state|character_trait|property_question|statement|conditional|conjunction|activity|requirement) \|" /reference/glossa
  162.9s turn 5
  168.5s   model reply: in 2210 + cached 36562, out 130 (+87 reasoning)
  168.5s   tool bash: grep -iE "(theory|premise|deduction|truth|logic|kind|rough|needs)" /reference/glossary.md
  169.2s turn 6
  173.6s   model reply: in 4222 + cached 36557, out 46 (+16 reasoning)
  173.6s   tool bash: grep -E "\| claim_relation \|" /reference/glossary.md
  174.6s turn 7
  179.5s   model reply: in 2144 + cached 40614, out 59 (+22 reasoning)
  179.5s   tool bash: grep -E "\| claim_relation \|" /reference/glossary.md | tail -n 25
  179.8s turn 8
  184.7s   model reply: in 3675 + cached 40606, out 130 (+93 reasoning)
  184.7s   tool bash: node /kit/rag.mjs entry property_question statement conditional conjunction activity attribute_claim meets_needs possesses requirement
  186.5s turn 9
  200.0s   model reply: in 5647 + cached 40601, out 1355 (+1315 reasoning)
  200.0s   tool bash: node /kit/rag.mjs entry has_attribute attribute_claim meets_needs statement conditional conjunction activity subject property_question ask
  201.6s turn 10
  207.0s   model reply: in 4947 + cached 44668, out 112 (+65 reasoning)
  207.0s   tool bash: grep -E "\| (entity|property|predicate|trait|evaluation|fact|theory|rule|premise) \|" /reference/glossary.md
  208.0s turn 11
  213.1s   model reply: in 2364 + cached 48720, out 75 (+33 reasoning)
  213.1s   tool bash: grep -E "\| constructor \|" /reference/glossary.md | cut -d'|' -f2,3,4
  213.8s turn 12
  218.0s   model reply: in 4488 + cached 48717, out 100 (+75 reasoning)
  218.0s   tool bash: node /kit/rag.mjs entry lexical_label
  219.5s turn 13
  225.2s   model reply: in 5073 + cached 48702, out 182 (+133 reasoning)
  225.2s   tool bash: node /kit/rag.mjs entry animal_label::bald_eagle animal_label::bear animal_label::lion animal_label::squirrel color_label::blue
  226.1s turn 14
  231.1s   model reply: in 5803 + cached 48689, out 115 (+81 reasoning)
  231.1s   tool bash: node /kit/rag.mjs entry animal_label::baldeagle animal_label::eagle
  232.3s turn 15
  238.2s   model reply: in 2084 + cached 52728, out 110 (+85 reasoning)
  238.2s   tool bash: node /kit/rag.mjs entry animal_label
  239.6s turn 16
  244.0s   model reply: in 2305 + cached 52709, out 69 (+40 reasoning)
  244.0s   tool bash: node /kit/rag.mjs search "bald eagle" "eagle"
  246.4s turn 17
  258.7s   model reply: in 2926 + cached 52694, out 1374 (+1333 reasoning)
  258.7s   tool bash: grep -E "-> TERM" /reference/glossary.md | cut -d'|' -f2,3,4
  259.3s turn 18
  264.6s   model reply: in 4343 + cached 52688, out 79 (+38 reasoning)
  264.6s   tool bash: grep -F "-> TERM" /reference/glossary.md | cut -d'|' -f2,3,4
  265.0s turn 19
  271.0s   model reply: in 4478 + cached 52669, out 64 (+22 reasoning)
  271.0s   tool bash: grep -E -- "-> TERM" /reference/glossary.md | cut -d'|' -f2,3,4
  271.5s turn 20
  275.0s   model reply: in 2537 + cached 56721, out 64 (+15 reasoning)
  275.0s   tool bash: grep -E -- "-> TERM" /reference/glossary.md | cut -d'|' -f2,3,4 | tail -n 25
  275.3s turn 21
  280.4s   model reply: in 3218 + cached 56708, out 77 (+28 reasoning)
  280.4s   tool bash: grep -E "\| constructor \|" /reference/glossary.md | cut -d'|' -f2,3,4 | tail -n 20
  280.6s turn 22
  286.1s   model reply: in 3857 + cached 56694, out 300 (+264 reasoning)
  286.1s   tool bash: node /kit/rag.mjs widen "introduce a set of premises or theory" --kind speech_act
  287.9s turn 23
  293.2s   model reply: in 6005 + cached 56696, out 128 (+104 reasoning)
  293.2s   tool bash: node /kit/rag.mjs check --help
  293.8s turn 24
  310.4s   model reply: in 2119 + cached 60726, out 2243 (+2214 reasoning)
  310.4s   tool bash: grep -i "proofwriter" /reference/* 2>/dev/null
  310.8s turn 25
  315.2s   model reply: in 4368 + cached 60730, out 60 (+30 reasoning)
  315.2s   tool bash: grep -i -C 3 "conditional" /reference/glossary.md
  315.8s turn 26
  346.3s   model reply: in 2072 + cached 64778, out 5549 (+3111 reasoning)
  346.4s   tool write: /output/translation.md
  346.4s turn 27
  359.1s   model reply: in 50429 + cached 0, out 59 (+29 reasoning)
  359.1s   tool bash: node /kit/rag.mjs check --translation /output/translation.md
  360.0s turn 28
  367.3s   model reply: in 2903 + cached 48617, out 690 (+665 reasoning)
  367.3s   tool bash: node /kit/rag.mjs entry lexical_label
  369.0s turn 29
  387.5s   model reply: in 4071 + cached 48609, out 2869 (+197 reasoning)
  387.5s   tool write: /output/translation.md
  387.7s turn 30
  391.2s   model reply: in 2888 + cached 52665, out 55 (+25 reasoning)
  391.2s   tool bash: node /kit/rag.mjs check --translation /output/translation.md
  392.6s turn 31
  398.5s   model reply: in 56654 + cached 0, out 302 (+273 reasoning)
  398.5s   tool bash: node /kit/rag.mjs entry role_user user role_agent
  398.7s turn 32
  422.5s   model reply: in 4433 + cached 52641, out 3964 (+1292 reasoning)
  422.5s   tool write: /output/translation.md
  422.5s turn 33
  425.9s   model reply: in 4334 + cached 56708, out 55 (+25 reasoning)
  425.9s   tool bash: node /kit/rag.mjs check --translation /output/translation.md
  426.7s turn 34
  432.0s   model reply: in 5444 + cached 56699, out 121 (+81 reasoning)
  432.2s agent finished
  432.2s agent finished
