    1.6s turn 1
   13.7s   model reply: in 16060 + cached 0, out 1900 (+1883 reasoning)
   13.7s   tool bash: ls -la /
   13.7s turn 2
   17.0s   model reply: in 6620 + cached 12123, out 39 (+17 reasoning)
   17.0s   tool bash: ls -la /kit /reference /output
   17.0s turn 3
   19.7s   model reply: in 3068 + cached 16152, out 45 (+25 reasoning)
   19.7s   tool read: /reference/examples.jsonl
   19.7s turn 4
   22.9s   model reply: in 4287 + cached 16148, out 53 (+34 reasoning)
   22.9s   tool read: /kit/README.md
   22.9s turn 5
   26.3s   model reply: in 5505 + cached 16145, out 56 (+26 reasoning)
   26.3s   tool bash: ls -la /rag_context.md /needs.json /prompt.md
   26.3s turn 6
   28.7s   model reply: in 5641 + cached 16130, out 33 (+16 reasoning)
   28.7s   tool read: /prompt.md
   28.7s turn 7
   46.6s   model reply: in 2118 + cached 20150, out 3518 (+3492 reasoning)
   46.6s   tool bash: head -n 50 /reference/glossary.md
   46.6s turn 8
   71.9s   model reply: in 7386 + cached 20197, out 3080 (+3032 reasoning)
   71.9s   tool bash: find / -name "*.jsonl" -o -name "*.md" 2>/dev/null | grep -E "(thoughttrace|example|test|eval)"
   72.0s turn 9
   74.9s   model reply: in 6420 + cached 24253, out 39 (+19 reasoning)
   74.9s   tool bash: ls -la /attach /reference
   74.9s turn 10
   78.1s   model reply: in 2798 + cached 28280, out 52 (+22 reasoning)
   78.1s   tool read: /kit/rag.mjs
   78.1s turn 11
   82.7s   model reply: in 4330 + cached 28276, out 304 (+243 reasoning)
   82.7s   tool bash: grep -E '"id": "v19/support/(offer_help|property_question|comfortable|recommended|user_preference|activity|subject|requirement|rate|provides)"' /reference/gloss
   82.7s turn 12
   86.0s   model reply: in 5976 + cached 28277, out 98 (+48 reasoning)
   86.0s   tool bash: grep -E '"(property_question|offer_help|comfortable|user_preference|ask|propose|offer|respond)"' /reference/glossary.jsonl
   86.0s turn 13
  132.4s   model reply: in 2898 + cached 32309, out 8548 (+8472 reasoning)
  132.4s   tool bash: grep -E "(stay_agriturismo|stay_hotel|e_bike_tour|balloon_ride|truffle_hunting|atv_tour|switch_destination|finalize_dates|customize_activities)" /reference/glos
  132.5s turn 14
  197.1s   model reply: in 11384 + cached 32381, out 12944 (+12640 reasoning)
  197.1s   tool write: /output/reconstruction.md
  197.1s turn 15
  202.7s   model reply: in 16146 + cached 40568, out 50 (+30 reasoning)
  202.7s   tool read: /output/reconstruction.md
  202.7s turn 16
  211.6s   model reply: in 4321 + cached 52721, out 135 (+112 reasoning)
  211.6s agent finished
  211.6s agent finished
