    2.1s turn 1
    8.8s   model reply: in 32617 + cached 0, out 856 (+690 reasoning)
    8.8s   tool bash: node /kit/rag.mjs entry ask propose respond inform express_interest offer activity conjunction sequence subject requirement time_point temporal_context works_be
    9.0s turn 2
   16.0s   model reply: in 2965 + cached 32535, out 789 (+735 reasoning)
   16.0s   tool bash: node /kit/rag.mjs search "weekend" "reward" "academic performance" "idea count" "scavenger hunt" "award ceremony" "science experiment" "picnic"
   16.2s turn 3
   19.5s   model reply: in 6006 + cached 32535, out 95 (+17 reasoning)
   19.5s   tool bash: node /kit/rag.mjs entry well_wishes group_size quantity time_point temporal_context activity requirement subject sequence conjunction enables motivated_by examp
   19.6s turn 4
   23.2s   model reply: in 4097 + cached 36596, out 110 (+59 reasoning)
   23.2s   tool bash: node /kit/rag.mjs search "weekend" "two ideas" "reward" "scavenger hunt" "award" "celebration" "explain" "wish"
   23.4s turn 5
   38.2s   model reply: in 2359 + cached 40657, out 2776 (+2697 reasoning)
   38.2s   tool bash: node /kit/rag.mjs entry express_interest well_wishes motivated_by enables important recommended works_best role_user role_daughter style_academic unit_week unit
   38.3s turn 6
   56.4s   model reply: in 6713 + cached 40666, out 3401 (+3370 reasoning)
   56.4s   tool bash: node /kit/rag.mjs entry time_point temporal_context duration subject requirement
   56.5s turn 7
   75.8s   model reply: in 7039 + cached 44741, out 3358 (+1993 reasoning)
   75.8s   tool bash: cat << 'EOF' > /output/translation.md
Status: success
Mode: TRACE

## BrainCode

```braincode
MODE TRACE
ENTRYPOINT Conversation
CONVO Conversation {
  TURN t1 
   76.0s turn 8
   84.1s   model reply: in 7054 + cached 48814, out 859 (+821 reasoning)
   84.1s   tool bash: node /kit/rag.mjs search "agent" "user" "role_user" "role_agent"
   84.3s turn 9
   87.7s   model reply: in 5142 + cached 52876, out 49 (+18 reasoning)
   87.7s   tool bash: node /kit/rag.mjs entry role_agent role_user enables recommended important
   87.8s turn 10
  107.6s   model reply: in 5531 + cached 52858, out 3711 (+2257 reasoning)
  107.6s   tool bash: cat << 'EOF' > /output/translation.md
Status: success
Mode: TRACE

## BrainCode

```braincode
MODE TRACE
ENTRYPOINT Conversation
CONVO Conversation {
  TURN t1 
  107.7s turn 11
  123.5s   model reply: in 5868 + cached 56934, out 2829 (+1361 reasoning)
  123.5s   tool bash: cat << 'EOF' > /output/translation.md
Status: success
Mode: TRACE

## BrainCode

```braincode
MODE TRACE
ENTRYPOINT Conversation
CONVO Conversation {
  TURN t1 
  123.6s turn 12
  128.7s   model reply: in 5329 + cached 61004, out 96 (+35 reasoning)
  128.7s agent finished
  128.7s agent finished
