    3.3s turn 1
   16.7s   model reply: in 24445 + cached 8134, out 2257 (+2220 reasoning)
   16.7s   tool bash: node /kit/rag.mjs search "reconcile" "report" "balance sheet" "schedule"
   17.5s turn 2
   20.8s   model reply: in 3447 + cached 32538, out 101 (+78 reasoning)
   20.8s   tool bash: wc -l /reference/glossary.md
   20.9s turn 3
   24.0s   model reply: in 3577 + cached 32519, out 103 (+65 reasoning)
   24.0s   tool bash: node /kit/rag.mjs search "financial" "accounting" "invoice" "revenue" "receivable"
   24.6s turn 4
   28.1s   model reply: in 5082 + cached 32510, out 88 (+48 reasoning)
   28.1s   tool bash: grep -E "\| (constructor|claim_relation|speech_act|operation) \|" /reference/glossary.md
   28.2s turn 5
   40.2s   model reply: in 39754 + cached 0, out 1439 (+1404 reasoning)
   40.2s   tool bash: node /kit/rag.mjs widen "reconcile accounts receivable balance sheet accounts" --kind action
   40.4s turn 6
   44.3s   model reply: in 7132 + cached 36577, out 119 (+83 reasoning)
   44.3s   tool bash: grep -E "\| (constructor|composite|claim_relation) \|" /reference/glossary.md
   44.3s turn 7
   57.1s   model reply: in 4989 + cached 40635, out 2134 (+2092 reasoning)
   57.1s   tool bash: node /kit/rag.mjs search "financial reconciliation" "balance sheet" "deferred revenue" "accounts receivable" "aging report"
   57.6s turn 8
   62.5s   model reply: in 4533 + cached 44705, out 206 (+159 reasoning)
   62.5s   tool bash: node /kit/rag.mjs entry activity subject requirement sequence conjunction temporal_context statement attribute_claim involves leads_to enables ongoing user_prac
   63.1s turn 9
   66.9s   model reply: in 2575 + cached 48764, out 78 (+43 reasoning)
   66.9s   tool bash: node /kit/rag.mjs entry involves leads_to enables ongoing user_practice provides ask inform respond
   67.0s turn 10
   75.7s   model reply: in 3717 + cached 48752, out 912 (+871 reasoning)
   75.7s   tool bash: node /kit/rag.mjs search "create report" "data source" "date range" "add column" "navigate"
   75.9s turn 11
   80.6s   model reply: in 6102 + cached 48750, out 183 (+159 reasoning)
   80.6s   tool bash: node /kit/rag.mjs check --help
   80.8s turn 12
   94.2s   model reply: in 2258 + cached 52793, out 1856 (+1807 reasoning)
   94.2s   tool bash: grep -E "\| (constructor|composite) \|" /reference/glossary.md | awk -F'|' '{print $2, "|", $4}'
   94.2s turn 13
  124.1s   model reply: in 6387 + cached 52805, out 5203 (+3161 reasoning)
  124.1s   tool write: /output/translation.md
  124.1s turn 14
  127.5s   model reply: in 7517 + cached 56882, out 54 (+24 reasoning)
  127.5s   tool bash: node /kit/rag.mjs check --translation /output/translation.md
  127.6s turn 15
  148.2s   model reply: in 4121 + cached 60930, out 2925 (+2838 reasoning)
  148.2s   tool bash: node /kit/rag.mjs widen "reconcile financial accounts" --kind action
node /kit/rag.mjs widen "custom report data source" --kind object
node /kit/rag.mjs widen "
  150.7s turn 16
  199.2s   model reply: in 53130 + cached 0, out 4675 (+4647 reasoning)
  199.2s   tool bash: node /kit/rag.mjs entry role_user role_agent
  200.0s turn 17
  270.2s   model reply: in 57898 + cached 0, out 7837 (+5836 reasoning)
  270.2s   tool write: /output/translation.md
  270.2s turn 18
  274.0s   model reply: in 8775 + cached 56964, out 53 (+23 reasoning)
  274.0s   tool bash: node /kit/rag.mjs check --translation /output/translation.md
  274.3s turn 19
  280.3s   model reply: in 5373 + cached 61017, out 423 (+142 reasoning)
  280.4s agent finished
  280.4s agent finished
