    6.7s turn 1
   15.1s   model reply: in 11372 + cached 0, out 1056 (+1036 reasoning)
   15.1s   tool bash: ls -la /output /kit
   15.2s turn 2
   18.4s   model reply: in 4627 + cached 8030, out 43 (+24 reasoning)
   18.4s   tool read: /kit/README.md
   18.4s turn 3
   21.0s   model reply: in 5830 + cached 8032, out 39 (+22 reasoning)
   21.0s   tool bash: ls -la /
   21.1s turn 4
   23.6s   model reply: in 2640 + cached 12043, out 37 (+19 reasoning)
   23.6s   tool bash: ls -la /reference
   23.6s turn 5
   26.4s   model reply: in 2894 + cached 12030, out 35 (+15 reasoning)
   26.4s   tool read: /reference/examples.jsonl
   26.4s turn 6
   45.2s   model reply: in 4097 + cached 12032, out 3586 (+3518 reasoning)
   45.2s   tool write: /output/reconstruction.md
   45.2s turn 7
   48.3s   model reply: in 3637 + cached 16083, out 39 (+19 reasoning)
   48.3s   tool read: /output/reconstruction.md
   48.3s turn 8
   52.1s   model reply: in 3734 + cached 16067, out 67 (+42 reasoning)
   52.1s agent finished
   52.1s agent finished
