    2.0s turn 1
    5.6s   model reply: in 29989 + cached 0, out 153 (+110 reasoning)
    5.6s   tool bash: node /kit/rag.mjs entry ask inform confirm respond propose activity requirement statement negation obligation enables provides supports contrast rejects conside
    5.7s turn 2
   16.5s   model reply: in 3723 + cached 28447, out 553 (+504 reasoning)
   16.5s   tool bash: node /kit/rag.mjs search "privacy" "security" "authentication" "database" "identity" "marginalized" "mitigate" "accountability"
   16.7s turn 3
   21.6s   model reply: in 34978 + cached 0, out 175 (+134 reasoning)
   21.6s   tool bash: node /kit/rag.mjs entry attribute_claim statement considered controversial important enables opposes provides varies_with user_practice user_preference
   21.7s turn 4
   25.0s   model reply: in 4295 + cached 32504, out 107 (+63 reasoning)
   25.0s   tool bash: node /kit/rag.mjs search "risk" "harm" "trade off" "balance" "prevent" "bypass" "invest"
   25.2s turn 5
   28.5s   model reply: in 2309 + cached 36563, out 113 (+70 reasoning)
   28.5s   tool bash: node /kit/rag.mjs entry causes argues_for has_goal distracts_from proposed_policy policy_document indicator test_condition
   28.6s turn 6
   34.8s   model reply: in 3191 + cached 36549, out 582 (+450 reasoning)
   34.8s   tool bash: node /kit/rag.mjs widen "ask why government does not eliminate online anonymity by mandating unique accounts linked to SSN or ID" --kind speech_act
node /kit/ra
   35.6s turn 7
   38.8s   model reply: in 6936 + cached 36558, out 80 (+30 reasoning)
   38.8s   tool bash: grep -E "^\| [a-z0-9_]+ \| (constructor|claim_relation|link|speech_act) \|" /reference/glossary.md
   38.9s turn 8
   42.2s   model reply: in 4806 + cached 40614, out 102 (+58 reasoning)
   42.2s   tool bash: grep -E "^\| [a-z0-9_]+ \| (claim_relation|link) \|" /reference/glossary.md
   42.2s turn 9
   45.1s   model reply: in 2791 + cached 44671, out 82 (+21 reasoning)
   45.1s   tool bash: grep -A 30 "^\| instantiates \| claim_relation \|" /reference/glossary.md | grep -E "^\| [a-z0-9_]+ \| (claim_relation|link) \|"
   45.3s turn 10
   48.6s   model reply: in 4817 + cached 44667, out 83 (+32 reasoning)
   48.6s   tool bash: grep -E "^\| [a-z0-9_]+ \| (claim_relation|link) \|" /reference/glossary.md | tail -n 25
   49.0s turn 11
   51.8s   model reply: in 2308 + cached 48720, out 49 (+11 reasoning)
   51.8s   tool bash: grep -E "^\| [a-z0-9_]+ \| constructor \|" /reference/glossary.md
   51.8s turn 12
   54.8s   model reply: in 4158 + cached 48715, out 70 (+25 reasoning)
   54.8s   tool bash: grep -E "^\| [a-z0-9_]+ \| constructor \|" /reference/glossary.md | tail -n 25
   54.9s turn 13
   72.7s   model reply: in 5923 + cached 48709, out 3522 (+3496 reasoning)
   72.7s   tool bash: node /kit/rag.mjs check --help || true
   72.8s turn 14
   78.6s   model reply: in 5387 + cached 52777, out 574 (+544 reasoning)
   78.6s   tool bash: node /kit/rag.mjs entry property_question reason question reason_for
   78.7s turn 15
   81.9s   model reply: in 2197 + cached 56824, out 105 (+72 reasoning)
   81.9s   tool bash: grep -E "question|inquiry|ask|why" /reference/glossary.md
   82.0s turn 16
  103.8s   model reply: in 3089 + cached 56810, out 4188 (+4164 reasoning)
  103.8s   tool bash: node /kit/rag.mjs check --help
  103.9s turn 17
  115.3s   model reply: in 7277 + cached 56826, out 2012 (+44 reasoning)
  115.3s   tool write: /output/translation.md
  115.3s turn 18
  118.6s   model reply: in 5241 + cached 60878, out 62 (+32 reasoning)
  118.6s   tool bash: node /kit/rag.mjs check --translation /output/translation.md
  118.7s turn 19
  123.8s   model reply: in 5979 + cached 60864, out 382 (+328 reasoning)
  123.8s   tool bash: node -e 'const fs = require("fs"); console.log(fs.readFileSync("/kit/rag.mjs", "utf8").slice(0, 3000))'
  123.8s turn 20
  127.6s   model reply: in 3240 + cached 64913, out 95 (+38 reasoning)
  127.6s   tool bash: node -e 'const fs = require("fs"); console.log(fs.readFileSync("/kit/rag.mjs", "utf8").slice(3000, 6000))'
  127.7s turn 21
  132.5s   model reply: in 0 + cached 0, out 0 (+0 reasoning)
  132.5s agent finished
  134.5s turn 22
  148.2s   model reply: in 0 + cached 0, out 0 (+0 reasoning)
  148.2s agent finished
  152.2s turn 23
  178.7s   model reply: in 0 + cached 0, out 0 (+0 reasoning)
  178.8s agent finished
  186.8s turn 24
  265.2s   model reply: in 3956 + cached 64898, out 84 (+52 reasoning)
  265.2s   tool bash: node /kit/rag.mjs check --translation /output/translation.md --json
  265.3s turn 25
  284.6s   model reply: in 39541 + cached 8005, out 891 (+849 reasoning)
  284.6s   tool bash: node /kit/rag.mjs search "require email address verification" "prevent spammers and trolls" "implement two-factor authentication"
  284.7s turn 26
  298.2s   model reply: in 5315 + cached 44046, out 355 (+318 reasoning)
  298.2s   tool bash: node /kit/rag.mjs search "social security number" "unique identification" "two-factor authentication"
  298.3s turn 27
  317.2s   model reply: in 2493 + cached 48055, out 3051 (+2612 reasoning)
  317.2s   tool bash: node -e '
const fs = require("fs");
let trans = fs.readFileSync("/output/translation.md", "utf8");

// replace t3:s1 with criminality
trans = trans.replace(
  `
  317.4s turn 28
  326.4s   model reply: in 6227 + cached 48111, out 647 (+617 reasoning)
  326.4s   tool bash: node /kit/rag.mjs search "social security numbers or unique identification"
  326.6s turn 29
  335.2s   model reply: in 3183 + cached 52119, out 614 (+451 reasoning)
  335.2s   tool bash: node -e '
const fs = require("fs");
let trans = fs.readFileSync("/output/translation.md", "utf8");

trans = trans.replace(
  `TERM activity(object="user_account
  335.4s turn 30
  350.7s   model reply: in 4538 + cached 52126, out 1553 (+985 reasoning)
  350.7s   tool bash: node -e '
const fs = require("fs");
const content = fs.readFileSync("/output/translation.md", "utf8");

// Extract the BrainCode block
const match = content.mat
  350.8s turn 31
  356.4s   model reply: in 2152 + cached 56148, out 460 (+56 reasoning)
  356.4s   tool bash: node -e '
const fs = require("fs");
let content = fs.readFileSync("/output/translation.md", "utf8");

function sortAttrs(callStr) {
  return callStr.replace(/([
  356.5s turn 32
  361.9s   model reply: in 2626 + cached 56137, out 519 (+18 reasoning)
  361.9s   tool bash: node -e '
const fs = require("fs");
const content = fs.readFileSync("/output/translation.md", "utf8");

const match = content.match(/```braincode([\s\S]*?)```/)
  362.0s turn 33
  365.4s   model reply: in 3158 + cached 56127, out 64 (+32 reasoning)
  365.4s   tool bash: node /kit/rag.mjs check --translation /output/translation.md --json
  365.5s turn 34
  368.8s   model reply: in 4673 + cached 55484, out 59 (+29 reasoning)
  368.8s   tool bash: node /kit/rag.mjs check --translation /output/translation.md
  368.9s turn 35
  376.3s   model reply: in 5475 + cached 55489, out 206 (+187 reasoning)
  376.3s   tool read: /output/translation.md
  376.3s turn 36
  387.7s   model reply: in 3737 + cached 59501, out 2553 (+408 reasoning)
  387.7s   tool write: /output/translation.md
  387.8s turn 37
  428.7s   model reply: in 6244 + cached 59551, out 55 (+25 reasoning)
  428.7s   tool bash: node /kit/rag.mjs check --translation /output/translation.md
  428.9s turn 38
  437.5s   model reply: in 3073 + cached 63525, out 41 (+9 reasoning)
  437.5s   tool bash: node /kit/rag.mjs check --translation /output/translation.md --json
  437.7s turn 39
  442.1s   model reply: in 4559 + cached 62888, out 333 (+124 reasoning)
  442.1s agent finished
  442.1s agent finished
