    4.1s turn 1
   10.5s   model reply: in 26895 + cached 0, out 824 (+786 reasoning)
   10.5s   tool bash: node /kit/rag.mjs search "watt" "power" "unit_watt" "power_output"
   10.7s turn 2
   13.1s   model reply: in 4479 + cached 24361, out 51 (+25 reasoning)
   13.1s   tool bash: grep -i "unit_" /reference/glossary.md
   13.2s turn 3
   15.6s   model reply: in 6012 + cached 24354, out 55 (+29 reasoning)
   15.6s   tool bash: grep "unit-value" /reference/glossary.md
   15.7s turn 4
   47.8s   model reply: in 3008 + cached 28402, out 683 (+651 reasoning)
   47.8s   tool bash: grep -i -C 5 "web_element" /reference/glossary.md
   47.9s turn 5
   50.5s   model reply: in 4258 + cached 28393, out 61 (+35 reasoning)
   50.5s   tool bash: grep -i "ask" /reference/glossary.md
   50.6s turn 6
   52.8s   model reply: in 5349 + cached 28384, out 38 (+12 reasoning)
   52.8s   tool bash: grep "speech_act" /reference/glossary.md
   52.9s turn 7
   56.6s   model reply: in 5924 + cached 28370, out 231 (+190 reasoning)
   56.6s   tool bash: node /kit/rag.mjs search "activity" "search" "action" "find" "request" "power supply"
   56.7s turn 8
   59.8s   model reply: in 3908 + cached 32423, out 114 (+76 reasoning)
   59.8s   tool bash: node /kit/rag.mjs entry activity request ask search_web click type_text select_option web_element
   59.9s turn 9
   64.0s   model reply: in 5801 + cached 32421, out 388 (+356 reasoning)
   64.0s   tool bash: grep -n -C 5 "web_element" /reference/glossary.md
   64.1s turn 10
   66.9s   model reply: in 2742 + cached 36464, out 56 (+20 reasoning)
   66.9s   tool bash: find / -name "*.braincode" -o -name "*mind2web*" 2>/dev/null
   66.9s turn 11
   69.2s   model reply: in 2828 + cached 36444, out 38 (+16 reasoning)
   69.2s   tool bash: ls /reference /doc_formats /kit
   69.3s turn 12
   72.1s   model reply: in 2977 + cached 36425, out 53 (+27 reasoning)
   72.1s   tool bash: grep -i "click" /reference/examples.jsonl
   72.1s turn 13
   74.8s   model reply: in 3059 + cached 36406, out 41 (+15 reasoning)
   74.8s   tool bash: head -n 20 /reference/examples.jsonl
   74.8s turn 14
   77.5s   model reply: in 4276 + cached 36400, out 36 (+15 reasoning)
   77.5s   tool bash: cat /reference/examples.jsonl
   77.5s turn 15
   80.3s   model reply: in 5488 + cached 36394, out 75 (+53 reasoning)
   80.3s   tool bash: node /kit/rag.mjs check
   80.4s turn 16
   83.5s   model reply: in 5597 + cached 36376, out 86 (+54 reasoning)
   83.5s   tool bash: grep -n -A 30 "function check" /kit/rag.mjs
   83.6s turn 17
  100.8s   model reply: in 5710 + cached 36359, out 41 (+15 reasoning)
  100.8s   tool bash: head -n 50 /kit/rag.mjs
  100.8s turn 18
  103.2s   model reply: in 2466 + cached 40388, out 59 (+37 reasoning)
  103.2s   tool bash: node /kit/rag.mjs health
  103.4s turn 19
  106.9s   model reply: in 0 + cached 0, out 0 (+0 reasoning)
  106.9s agent finished
  108.9s turn 20
  153.2s   model reply: in 0 + cached 0, out 0 (+0 reasoning)
  153.2s agent finished
  157.1s turn 21
  363.4s   model reply: in 43002 + cached 0, out 2075 (+2027 reasoning)
  363.4s   tool bash: node /kit/rag.mjs search "web_element" "click" "type_text" "select_option" "at_least" "measure"
  363.5s turn 22
  378.3s   model reply: in 6623 + cached 40392, out 1205 (+1158 reasoning)
  378.3s   tool bash: node /kit/rag.mjs search "power supply" "psu" "watt" "output" "power" "cheapest" "lowest price"
  378.5s turn 23
  395.2s   model reply: in 5859 + cached 44453, out 603 (+559 reasoning)
  395.2s   tool bash: grep -E "^\| [a-z0-9_]+ \| (constructor|claim_relation|composite)" /reference/glossary.md
  395.2s turn 24
  413.9s   model reply: in 4207 + cached 48504, out 842 (+807 reasoning)
  413.9s   tool bash: node /kit/rag.mjs entry object_label::psu object_label::power_supply
  414.0s turn 25
  422.4s   model reply: in 5311 + cached 48497, out 267 (+239 reasoning)
  422.4s   tool bash: node /kit/rag.mjs widen "watt" --kind constraint
  422.5s turn 26
  429.7s   model reply: in 3006 + cached 52540, out 98 (+72 reasoning)
  429.7s   tool bash: grep -i "watt" /reference/glossary.md
  429.7s turn 27
  436.4s   model reply: in 3133 + cached 52521, out 64 (+34 reasoning)
  436.4s   tool bash: grep '"category": "unit-value"' /reference/glossary.jsonl
  436.5s turn 28
  450.6s   model reply: in 3761 + cached 52508, out 1587 (+1546 reasoning)
  450.6s   tool bash: node /kit/rag.mjs search "rank_price" "dir_asc" "requirement" "sort" "constraint"
  450.7s turn 29
  463.7s   model reply: in 7003 + cached 52529, out 1131 (+1104 reasoning)
  463.7s   tool bash: grep -n "requirement(" /reference/glossary.jsonl
  463.7s turn 30
  481.7s   model reply: in 5566 + cached 56582, out 2795 (+1759 reasoning)
  481.7s   tool bash: cat << 'EOF' > /output/translation.md
Status: failed
Mode: TRACE

## Suggested translation

```braincode
MODE TRACE
ENTRYPOINT Conversation
CONVO Conversation {
  481.7s turn 31
  488.3s   model reply: in 4308 + cached 60638, out 53 (+23 reasoning)
  488.3s   tool bash: node /kit/rag.mjs check --translation /output/translation.md
  488.6s turn 32
  497.5s   model reply: in 4818 + cached 60624, out 371 (+339 reasoning)
  497.5s   tool bash: node /kit/rag.mjs check --translation /output/translation.md --json
  497.6s turn 33
  510.0s   model reply: in 2085 + cached 64211, out 1414 (+1378 reasoning)
  510.0s   tool bash: grep '"category": "unit-value"' /reference/glossary.jsonl | head -n 1
  510.1s turn 34
  525.0s   model reply: in 3592 + cached 64182, out 2966 (+1893 reasoning)
  525.0s   tool bash: cat << 'EOF' > /output/translation.md
Status: failed
Mode: TRACE

## Suggested translation

```braincode
MODE TRACE
ENTRYPOINT Conversation
CONVO Conversation {
  525.1s turn 35
  535.8s   model reply: in 48158 + cached 0, out 53 (+23 reasoning)
  535.8s   tool bash: node /kit/rag.mjs check --translation /output/translation.md
  535.9s turn 36
  544.1s   model reply: in 4526 + cached 44128, out 816 (+516 reasoning)
  544.1s   tool bash: cat << 'EOF' > /output/suggestions.md
### S1 | type: add | dimension: vocabulary-member | symbol: unit_watt
- Needs: n4 (t1:s1)
- Searches tried: search "watt" 
  544.1s turn 37
  547.5s   model reply: in 5350 + cached 44123, out 65 (+35 reasoning)
  547.5s   tool bash: node /kit/rag.mjs check --translation /output/translation.md
  547.6s turn 38
  550.5s   model reply: in 5867 + cached 44114, out 62 (+37 reasoning)
  550.5s   tool bash: head -n 25 /output/translation.md
  550.6s turn 39
  553.5s   model reply: in 2331 + cached 48113, out 30 (+10 reasoning)
  553.5s   tool bash: cat /output/suggestions.md
  553.5s turn 40
  557.1s   model reply: in 2648 + cached 48098, out 119 (+21 reasoning)
  557.1s agent finished
  557.1s agent finished
