    5.6s turn 1
   11.0s   model reply: in 3 + cached 0, out 69 (+0 reasoning)
   11.0s   tool bash: node /kit/rag.mjs search "describe a requested physical action with destination spatial constraints" "object with contents spatial relation color qualifier clos
   11.7s turn 2
   15.3s   model reply: in 3 + cached 30208, out 48 (+0 reasoning)
   15.3s   tool bash: node /kit/rag.mjs entry spatial_constraint spatial_state location_spec sequence request ask lexical_label entity_description action_description role_agent role_
   15.7s turn 3
   19.8s   model reply: in 3 + cached 31698, out 88 (+12 reasoning)
   19.8s   tool bash: node /kit/rag.mjs search "description physical operation arguments destination direction" "entity description qualified by constraints color" "closest object se
   20.4s turn 4
   34.2s   model reply: in 3 + cached 32671, out 481 (+269 reasoning)
   34.2s   tool bash: node /kit/rag.mjs entry in; node /kit/rag.mjs search "qualified entity object part region nearest selection" "direction forward left turn around"; for q in 'com
   38.2s turn 5
   45.1s   model reply: in 3 + cached 34643, out 96 (+17 reasoning)
   45.1s   tool bash: node /kit/rag.mjs entry in above forward left around nearest qualified_entity spatial_region attribute_claim; node /kit/rag.mjs search "identify qualified physi
   45.3s turn 6
   68.8s   model reply: in 3 + cached 37905, out 646 (+516 reasoning)
   68.8s   tool bash: for q in 'qualify entity using spatial and color constraints' 'top surface and left or rear region of an object' 'forward left around direction values' 'above s
   69.9s turn 7
  125.6s   model reply: in 3 + cached 39379, out 3338 (+221 reasoning)
  125.6s   tool write: /output/translation.md
  125.7s turn 8
  176.0s   model reply: in 3 + cached 41078, out 2531 (+177 reasoning)
  176.0s   tool write: /output/suggestions.md
  176.0s turn 9
  179.8s   model reply: in 3 + cached 44434, out 36 (+0 reasoning)
  179.8s   tool bash: node /kit/rag.mjs check --translation /output/translation.md
  180.0s turn 10
  199.7s   model reply: in 3 + cached 46983, out 718 (+457 reasoning)
  199.7s   tool edit: /output/translation.md
  199.8s turn 11
  204.8s   model reply: in 3 + cached 47842, out 103 (+56 reasoning)
  204.8s   tool bash: rm -f /output/search-last.txt; node /kit/rag.mjs check --translation /output/translation.md
  205.0s turn 12
  208.0s   model reply: in 3 + cached 48584, out 53 (+0 reasoning)
  208.0s agent finished
  208.0s agent finished
