    3.8s turn 1
   10.0s   model reply: in 2283 + cached 0, out 466 (+448 reasoning)
   10.0s   tool bash: ls -la /attach
   10.2s turn 2
   12.4s   model reply: in 2833 + cached 0, out 29 (+12 reasoning)
   12.4s   tool read: /trajectory.txt
   12.5s turn 3
   15.6s   model reply: in 3527 + cached 0, out 149 (+86 reasoning)
   15.6s   tool bash: python3 -c "
with open('/trajectory.txt', 'r') as f:
    text = f.read()
print('Length:', len(text))
print('Lines:', repr(text.splitlines()))
"
   15.7s turn 4
   18.1s   model reply: in 3699 + cached 0, out 82 (+28 reasoning)
   18.1s   tool bash: node -e "
const fs = require('fs');
const content = fs.readFileSync('/trajectory.txt', 'utf8');
console.log(JSON.stringify(content));
"
   18.2s turn 5
   23.5s   model reply: in 4447 + cached 0, out 560 (+503 reasoning)
   23.5s   tool bash: node -e "
const fs = require('fs');
const content = fs.readFileSync('/trajectory.txt', 'utf8');
console.log('Includes newline:', content.includes('\n'));
"
   23.6s turn 6
   32.5s   model reply: in 5011 + cached 0, out 1309 (+1229 reasoning)
   32.5s   tool bash: node -e "
const fs = require('fs');
const content = fs.readFileSync('/trajectory.txt', 'utf8');
const turns = content.split(/(?=<\|(?:user|assistant)\|>)/);
tur
   32.6s turn 7
  109.3s   model reply: in 7008 + cached 0, out 13771 (+13753 reasoning)
  109.3s   tool bash: ls -la /output
  109.4s turn 8
  132.2s   model reply: in 16811 + cached 4021, out 3826 (+2711 reasoning)
  132.2s   tool write: /output/translation.md
  134.1s turn 9
  141.8s   model reply: in 4519 + cached 20143, out 30 (+11 reasoning)
  141.8s   tool read: /output/translation.md
  143.1s turn 10
  147.7s   model reply: in 25782 + cached 0, out 71 (+57 reasoning)
  147.9s agent finished
  147.9s agent finished
