    7.7s turn 1
   10.8s   model reply: in 3446 + cached 0, out 130 (+113 reasoning)
   10.8s   tool read: /trajectory.txt
   10.9s turn 2
   56.7s   model reply: in 5417 + cached 0, out 7095 (+7072 reasoning)
   56.7s   tool bash: ls -la /; ls -la /workspace
   57.0s turn 3
   65.5s   model reply: in 13312 + cached 0, out 41 (+17 reasoning)
   65.5s   tool bash: ls -la /attach; ls -la /reference
   65.5s turn 4
   73.5s   model reply: in 5478 + cached 8014, out 45 (+28 reasoning)
   73.5s   tool read: /prompt.md
   73.6s turn 5
   78.3s   model reply: in 5832 + cached 8006, out 244 (+167 reasoning)
   78.3s   tool bash: python3 -c "
with open('/trajectory.txt', 'r', encoding='utf-8') as f:
    text = f.read()
for i, line in enumerate(text.split('\n')):
    print(f'{i+1}: {repr(
   78.5s turn 6
   82.0s   model reply: in 2108 + cached 11997, out 96 (+15 reasoning)
   82.0s   tool bash: node -e "
const fs = require('fs');
const content = fs.readFileSync('/trajectory.txt', 'utf8');
const lines = content.split('\n');
lines.forEach((l, i) => conso
   82.4s turn 7
  189.1s   model reply: in 4603 + cached 12024, out 19156 (+17798 reasoning)
  189.1s   tool bash: node -e "
const fs = require('fs');
const content = \`<|user|>Trip planning<|assistant|>**Totally, let's plan this trip!** 🔥

First, tell me a little more so I 
  189.2s turn 8
  193.2s   model reply: in 35785 + cached 0, out 45 (+25 reasoning)
  193.2s   tool read: /output/reconstruction.md
  193.2s turn 9
  202.6s   model reply: in 37107 + cached 0, out 1421 (+98 reasoning)
  202.6s   tool write: /output/reconstruction.md
  202.6s turn 10
  206.1s   model reply: in 6130 + cached 32403, out 37 (+17 reasoning)
  206.1s   tool read: /output/reconstruction.md
  206.1s turn 11
  210.0s   model reply: in 3420 + cached 36447, out 186 (+24 reasoning)
  210.0s   tool bash: node -e "
const fs = require('fs');
const orig = fs.readFileSync('/trajectory.txt', 'utf8').split('\n');
const recon = fs.readFileSync('/output/reconstruction.m
  210.1s turn 12
  211.4s   model reply: in 0 + cached 0, out 0 (+0 reasoning)
  211.5s agent finished
  213.3s turn 13
  227.4s   model reply: in 0 + cached 0, out 0 (+0 reasoning)
  227.4s agent finished
  231.4s turn 14
  243.0s   model reply: in 0 + cached 0, out 0 (+0 reasoning)
  243.0s agent finished
  251.0s turn 15
  273.4s   model reply: in 0 + cached 0, out 0 (+0 reasoning)
  273.5s agent finished
  289.4s turn 16
  342.9s   model reply: in 44751 + cached 0, out 236 (+56 reasoning)
  342.9s   tool bash: node -e "
const fs = require('fs');
const orig = fs.readFileSync('/trajectory.txt', 'utf8').split('\n');
const recon = fs.readFileSync('/output/reconstruction.m
  343.0s turn 17
  348.9s   model reply: in 4602 + cached 40510, out 225 (+205 reasoning)
  348.9s   tool read: /output/reconstruction.md
  348.9s turn 18
  352.3s   model reply: in 2077 + cached 44557, out 49 (+29 reasoning)
  352.3s agent finished
  352.3s agent finished
