    3.5s turn 1
   21.0s   model reply: in 26895 + cached 0, out 1884 (+1834 reasoning)
   21.0s   tool bash: node /kit/rag.mjs search "watt" "power" "unit_watt" "web_element" "combobox" "search_box" "button"
   21.2s turn 2
   27.5s   model reply: in 6449 + cached 24375, out 69 (+19 reasoning)
   27.5s   tool bash: node /kit/rag.mjs search "watt" "unit_watt" "unit" "requirement" "ask" "request" "sort" "search_web"
   27.7s turn 3
   31.4s   model reply: in 4937 + cached 28436, out 126 (+80 reasoning)
   31.4s   tool bash: node /kit/rag.mjs entry web_element click type_text select_option press_key search_web measure at_least sort requirement ask request
   31.7s turn 4
   36.0s   model reply: in 35636 + cached 0, out 57 (+34 reasoning)
   36.0s   tool bash: node /kit/rag.mjs entry request
   36.3s turn 5
   47.8s   model reply: in 3280 + cached 32477, out 1387 (+1361 reasoning)
   47.8s   tool bash: grep -E "unit_" /reference/glossary.md
   47.9s turn 6
   52.3s   model reply: in 6139 + cached 32480, out 94 (+66 reasoning)
   52.3s   tool bash: node /kit/rag.mjs widen "watt" --kind constraint
   52.5s turn 7
   56.4s   model reply: in 3651 + cached 36533, out 79 (+53 reasoning)
   56.4s   tool bash: grep -i "watt" /reference/glossary.md
   56.5s turn 8
   59.9s   model reply: in 3759 + cached 36514, out 103 (+74 reasoning)
   59.9s   tool bash: node /kit/rag.mjs widen "power output" --kind constraint
   60.1s turn 9
   63.1s   model reply: in 5217 + cached 36507, out 68 (+38 reasoning)
   63.1s   tool bash: grep -E "\| unit-value \|" /reference/glossary.md
   63.1s turn 10
   68.6s   model reply: in 5587 + cached 36491, out 434 (+409 reasoning)
   68.6s   tool bash: node /kit/rag.mjs entry object_label
   68.7s turn 11
   72.2s   model reply: in 2091 + cached 40530, out 120 (+85 reasoning)
   72.2s   tool bash: node /kit/rag.mjs entry object_label::psu object_label::power_supply
   72.3s turn 12
   81.8s   model reply: in 2483 + cached 40513, out 1218 (+1190 reasoning)
   81.8s   tool bash: grep -E "\| example \|" /reference/glossary.md
   81.9s turn 13
   87.1s   model reply: in 4729 + cached 40515, out 393 (+365 reasoning)
   87.1s   tool bash: grep -E "\| constructor \|" /reference/glossary.md
   87.2s turn 14
   90.6s   model reply: in 2864 + cached 44569, out 71 (+37 reasoning)
   90.6s   tool bash: node /kit/rag.mjs search "find" "search" "activity" "query"
   90.7s turn 15
   98.0s   model reply: in 4147 + cached 44561, out 831 (+800 reasoning)
   98.0s   tool bash: grep -r "UTTER" /doc_formats/ /reference/ /kit/
   98.3s turn 16
  104.9s   model reply: in 3222 + cached 48624, out 560 (+533 reasoning)
  104.9s   tool bash: grep -i "watt" /reference/glossary.jsonl
  104.9s turn 17
  120.7s   model reply: in 3806 + cached 48610, out 2226 (+2195 reasoning)
  120.7s   tool bash: node /kit/rag.mjs search "user" "agent" "role"
  120.9s turn 18
  124.5s   model reply: in 6921 + cached 48621, out 73 (+45 reasoning)
  124.5s   tool bash: node /kit/rag.mjs entry role_user role_agent
  124.9s turn 19
  132.7s   model reply: in 3054 + cached 52654, out 790 (+755 reasoning)
  132.7s   tool bash: node /kit/rag.mjs entry rank_price dir_asc sort requirement constraint_budget_limited
  132.8s turn 20
  137.5s   model reply: in 4464 + cached 52648, out 278 (+249 reasoning)
  137.5s   tool bash: node /kit/rag.mjs widen "cheapest" --kind constraint
  137.7s turn 21
  148.9s   model reply: in 2315 + cached 56698, out 1437 (+418 reasoning)
  148.9s   tool write: /output/translation.md
  149.0s turn 22
  152.2s   model reply: in 3765 + cached 56689, out 60 (+30 reasoning)
  152.2s   tool bash: node /kit/rag.mjs check --translation /output/translation.md
  152.3s turn 23
  158.5s   model reply: in 4251 + cached 56674, out 556 (+523 reasoning)
  158.5s   tool bash: node -e '
const rag = await import("/kit/rag.mjs");
'
  158.5s turn 24
  175.7s   model reply: in 4859 + cached 56660, out 2642 (+1586 reasoning)
  175.7s   tool write: /output/translation.md
  175.7s turn 25
  178.6s   model reply: in 3452 + cached 60713, out 53 (+23 reasoning)
  178.6s   tool bash: node /kit/rag.mjs check --translation /output/translation.md
  178.7s turn 26
  189.1s   model reply: in 3963 + cached 60698, out 1191 (+1136 reasoning)
  189.1s   tool bash: grep -E '"symbol":\s*"unit_gram"|"symbol":\s*"unit_fahrenheit"|"symbol":\s*"unit_liter"' /reference/glossary.jsonl
  189.2s turn 27
  207.3s   model reply: in 5501 + cached 60695, out 3313 (+3034 reasoning)
  207.3s   tool write: /output/suggestions.md
  207.3s turn 28
  222.9s   model reply: in 4758 + cached 64755, out 2216 (+1143 reasoning)
  222.9s   tool write: /output/translation.md
  222.9s turn 29
  245.3s   model reply: in 0 + cached 0, out 0 (+0 reasoning)
  245.4s agent finished
  247.4s turn 30
  490.0s   model reply: in 50247 + cached 0, out 54 (+24 reasoning)
  490.1s   tool bash: node /kit/rag.mjs check --translation /output/translation.md
  490.2s turn 31
  507.9s   model reply: in 2146 + cached 48598, out 63 (+44 reasoning)
  507.9s   tool read: /output/translation.md
  507.9s turn 32
  520.6s   model reply: in 3266 + cached 48589, out 30 (+11 reasoning)
  520.6s   tool read: /output/suggestions.md
  520.6s turn 33
  527.9s   model reply: in 3567 + cached 48572, out 276 (+123 reasoning)
  527.9s agent finished
  527.9s agent finished
