    1.5s turn 1
    5.0s   model reply: in 12653 + cached 0, out 110 (+85 reasoning)
    5.0s   tool bash: ls -la /
ls -la /kit || true
    5.0s turn 2
    7.5s   model reply: in 5671 + cached 8043, out 42 (+22 reasoning)
    7.5s   tool bash: ls -la /reference || true
    7.5s turn 3
   31.0s   model reply: in 5927 + cached 8033, out 47 (+27 reasoning)
   31.0s   tool read: /reference/examples.jsonl
   31.0s turn 4
   33.5s   model reply: in 3126 + cached 12051, out 43 (+24 reasoning)
   33.5s   tool read: /kit/README.md
   33.5s turn 5
   41.9s   model reply: in 4330 + cached 12052, out 1255 (+1235 reasoning)
   41.9s   tool bash: ls -la /session || true
   41.9s turn 6
   44.8s   model reply: in 5724 + cached 12056, out 103 (+53 reasoning)
   44.8s   tool bash: node /kit/rag.mjs entry greeting respond offer acknowledge character character_trait dialogue interpersonal_stance exclude subject size_tall style_narrative ton
   44.9s turn 7
   47.6s   model reply: in 2990 + cached 16077, out 79 (+45 reasoning)
   47.6s   tool bash: grep -n "rule_speech_acts_general" /reference/glossary.md || true
   47.7s turn 8
   50.8s   model reply: in 3135 + cached 16061, out 111 (+63 reasoning)
   50.8s   tool bash: grep -E "char_female|greeting|offer_help|dialogue|character_trait|interpersonal_stance|exclude" /reference/glossary.md
   50.9s turn 9
   62.3s   model reply: in 4056 + cached 16058, out 1538 (+1513 reasoning)
   62.3s   tool bash: grep -rn "paths" /kit /reference || true
   62.5s turn 10
  100.6s   model reply: in 5590 + cached 16065, out 6988 (+6804 reasoning)
  100.6s   tool write: /output/reconstruction.md
  100.7s turn 11
  103.2s   model reply: in 8489 + cached 20159, out 39 (+19 reasoning)
  103.2s   tool read: /output/reconstruction.md
  103.2s turn 12
  106.3s   model reply: in 4670 + cached 24175, out 133 (+116 reasoning)
  106.3s agent finished
  106.3s agent finished
