    1.8s turn 1
   23.6s   model reply: in 23077 + cached 8131, out 371 (+317 reasoning)
   23.6s   tool bash: node /kit/rag.mjs search "reconcile" "balance sheet" "accounts receivable" "deferred revenue" "schedule" "custom report" "grouping" "data source"
   23.8s turn 2
   31.6s   model reply: in 33872 + cached 0, out 799 (+755 reasoning)
   31.6s   tool bash: node /kit/rag.mjs search "financial" "invoice" "revenue" "reconciliation" "report" "schedule" "account"
   31.8s turn 3
   44.6s   model reply: in 36668 + cached 0, out 955 (+914 reasoning)
   44.6s   tool bash: node /kit/rag.mjs search "report" "accounting" "reconciliation" "custom" "column" "filter"
   44.8s turn 4
   61.3s   model reply: in 2749 + cached 36586, out 2614 (+2556 reasoning)
   61.3s   tool bash: node /kit/rag.mjs entry activity provides subject attribute_claim statement enables leads_to ongoing temporal_context request document_section include sequence 
   61.4s turn 5
   69.4s   model reply: in 7397 + cached 36597, out 129 (+71 reasoning)
   69.4s   tool bash: node /kit/rag.mjs entry temporal_context request document_section include sequence config_setting performance_tracking time_point duration involves format_struc
   69.6s turn 6
   90.5s   model reply: in 4804 + cached 40654, out 3118 (+3094 reasoning)
   90.5s   tool bash: node /kit/rag.mjs check --help
   90.5s turn 7
  114.7s   model reply: in 48592 + cached 0, out 3326 (+1327 reasoning)
  114.7s   tool write: /output/translation.md
  114.7s turn 8
  118.4s   model reply: in 19399 + cached 32523, out 53 (+23 reasoning)
  118.4s   tool bash: node /kit/rag.mjs check --translation /output/translation.md
  118.5s turn 9
  122.2s   model reply: in 3833 + cached 48770, out 162 (+140 reasoning)
  122.2s   tool bash: node /kit/rag.mjs check
  122.3s turn 10
  142.4s   model reply: in 4638 + cached 48755, out 3083 (+3053 reasoning)
  142.4s   tool bash: node /kit/rag.mjs check --translation /output/translation.md
  142.5s turn 11
  147.8s   model reply: in 4278 + cached 52826, out 381 (+272 reasoning)
  147.8s agent finished
  147.8s agent finished
