    1.9s turn 1
   10.7s   model reply: in 32170 + cached 0, out 1103 (+1077 reasoning)
   10.7s   tool bash: node /kit/rag.mjs check --help || true
   10.8s turn 2
   14.9s   model reply: in 4829 + cached 28454, out 121 (+76 reasoning)
   14.9s   tool bash: node /kit/rag.mjs search "side hustle" "self-assessment" "freelancing" "tax obligations" "SMART goals"
   15.1s turn 3
   23.4s   model reply: in 2376 + cached 32510, out 850 (+807 reasoning)
   23.4s   tool bash: node /kit/rag.mjs search "activity" "recommend" "goal" "obligation" "feedback" "skills" "tax"
   23.6s turn 4
   27.3s   model reply: in 5224 + cached 32511, out 97 (+36 reasoning)
   27.3s   tool bash: node /kit/rag.mjs entry ask propose offer recommend recommended activity obligation requirement conjunction subject duration time_point performance_tracking mar
   27.4s turn 5
   32.1s   model reply: in 3330 + cached 36570, out 139 (+95 reasoning)
   32.1s   tool bash: node /kit/rag.mjs entry audience_targeting decision policy_document has_goal user_preference role_user role_agent offer_help
   32.2s turn 6
   36.5s   model reply: in 4171 + cached 36557, out 98 (+51 reasoning)
   36.5s   tool bash: node /kit/rag.mjs search "property_question" "character_trait" "measure" "constraint_budget_limited" "constraint_realistic"
   36.7s turn 7
   51.1s   model reply: in 2040 + cached 40613, out 2794 (+2276 reasoning)
   51.1s   tool write: /output/translation.md
   51.3s turn 8
   54.5s   model reply: in 4840 + cached 40611, out 54 (+24 reasoning)
   54.5s   tool bash: node /kit/rag.mjs check --translation /output/translation.md
   54.7s turn 9
   68.7s   model reply: in 5435 + cached 40596, out 2300 (+2275 reasoning)
   68.7s   tool bash: node -e 'console.log(process.version)'
   68.8s turn 10
   72.4s   model reply: in 3684 + cached 44655, out 159 (+36 reasoning)
   72.4s   tool bash: node /kit/rag.mjs widen "Plan and start a side business or secondary income stream" --kind action
node /kit/rag.mjs widen "Side hustle or secondary business" --
   73.3s turn 11
   93.2s   model reply: in 7112 + cached 44662, out 3594 (+1715 reasoning)
   93.2s   tool write: /output/translation.md
   93.2s turn 12
   96.5s   model reply: in 6645 + cached 48727, out 53 (+23 reasoning)
   96.5s   tool bash: node /kit/rag.mjs check --translation /output/translation.md
   96.8s turn 13
  104.8s   model reply: in 3433 + cached 52774, out 851 (+803 reasoning)
  104.8s   tool bash: node /kit/rag.mjs widen "Business options including freelancing, e-commerce, content creation, tutoring, rideshare, and digital products" --kind object
  105.2s turn 14
  116.7s   model reply: in 7517 + cached 52787, out 1980 (+87 reasoning)
  116.7s   tool write: /output/translation.md
  116.7s turn 15
  120.3s   model reply: in 5448 + cached 56840, out 53 (+23 reasoning)
  120.3s   tool bash: node /kit/rag.mjs check --translation /output/translation.md
  120.4s turn 16
  132.7s   model reply: in 2279 + cached 60886, out 1821 (+1745 reasoning)
  132.7s   tool bash: node /kit/rag.mjs entry subject activity duration requirement constraint_budget_limited has_goal decision topic_ai_earning_methods marketing_campaign audience_t
  132.8s turn 17
  159.3s   model reply: in 6077 + cached 60898, out 4726 (+2822 reasoning)
  159.3s   tool write: /output/translation.md
  159.4s turn 18
  169.6s   model reply: in 52947 + cached 0, out 53 (+23 reasoning)
  169.6s   tool bash: node /kit/rag.mjs check --translation /output/translation.md
  169.8s turn 19
  176.3s   model reply: in 5053 + cached 48771, out 471 (+166 reasoning)
  176.3s agent finished
  176.3s agent finished
