   12.6s turn 1
   34.2s   model reply: in 3055 + cached 0, out 3382 (+3365 reasoning)
   34.2s   tool read: /trajectory.txt
   34.2s turn 2
   37.4s   model reply: in 7873 + cached 0, out 154 (+127 reasoning)
   37.4s   tool bash: cat -A /trajectory.txt | head -n 10
   37.4s turn 3
   41.4s   model reply: in 4298 + cached 3963, out 40 (+18 reasoning)
   41.4s   tool bash: grep -n "<|" /trajectory.txt
   41.6s turn 4
  153.7s   model reply: in 4550 + cached 3957, out 17764 (+17746 reasoning)
  153.7s   tool bash: ls -la /output
  153.8s turn 5
  190.7s   model reply: in 26324 + cached 0, out 6337 (+4057 reasoning)
  190.7s   tool write: /output/translation.md
  190.8s turn 6
  194.1s   model reply: in 8347 + cached 24318, out 33 (+14 reasoning)
  194.1s   tool read: /output/translation.md
  194.1s turn 7
  196.0s   model reply: in 0 + cached 0, out 0 (+0 reasoning)
  196.1s agent finished
  198.0s turn 8
  211.6s   model reply: in 0 + cached 0, out 0 (+0 reasoning)
  211.6s agent finished
  215.6s turn 9
  242.2s   model reply: in 0 + cached 0, out 0 (+0 reasoning)
  242.2s agent finished
  250.2s turn 10
  302.9s   model reply: in 0 + cached 0, out 0 (+0 reasoning)
  302.9s agent finished
  319.0s turn 11
  431.7s   model reply: in 34953 + cached 0, out 30 (+18 reasoning)
  431.7s agent finished
  431.7s agent finished
