    1.8s turn 1
   10.9s   model reply: in 21860 + cached 8129, out 926 (+898 reasoning)
   10.9s   tool bash: node /kit/rag.mjs check --translation /dev/null
   11.0s turn 2
   26.6s   model reply: in 3085 + cached 28442, out 114 (+54 reasoning)
   26.6s   tool bash: node /kit/rag.mjs search "identity" "privacy" "security" "policy" "verification" "database" "account" "law enforcement" "fraud" "cyberbullying" "password" "auth
   26.9s turn 3
   30.2s   model reply: in 6537 + cached 28447, out 89 (+40 reasoning)
   30.2s   tool bash: node /kit/rag.mjs search "harm" "crime" "investigation" "anonymous" "accountability" "database" "infrastructure" "marginalized"
   30.6s turn 4
   33.3s   model reply: in 4729 + cached 32507, out 95 (+47 reasoning)
   33.4s   tool bash: grep -E "^\| [a-z0-9_]+ \| (constructor|claim_relation|link|speech_act)" /reference/glossary.md
   33.4s turn 5
   36.1s   model reply: in 2612 + cached 36565, out 57 (+18 reasoning)
   36.1s   tool bash: grep -E "^\| [a-z0-9_]+ \| claim_relation" /reference/glossary.md
   36.2s turn 6
   45.8s   model reply: in 4607 + cached 36560, out 138 (+20 reasoning)
   45.8s   tool bash: python3 -c "
with open('/reference/glossary.md') as f:
    for line in f:
        if '| claim_relation |' in line or '| link |' in line or '| constructor |' in 
   45.8s turn 7
   48.8s   model reply: in 4786 + cached 36542, out 163 (+17 reasoning)
   48.8s   tool bash: node -e "
const fs = require('fs');
const lines = fs.readFileSync('/reference/glossary.md', 'utf8').split('\n');
for (const line of lines) {
  if (line.includes
   48.9s turn 8
   52.5s   model reply: in 2419 + cached 40595, out 149 (+13 reasoning)
   52.5s   tool bash: node -e "
const fs = require('fs');
const lines = fs.readFileSync('/reference/glossary.md', 'utf8').split('\n');
for (const line of lines) {
  if (line.includes
   52.6s turn 9
   58.8s   model reply: in 4572 + cached 40593, out 871 (+790 reasoning)
   58.8s   tool bash: node /kit/rag.mjs widen "social security numbers or unique identification" --kind object
node /kit/rag.mjs widen "eliminate anonymous online activities" --kind 
   59.4s turn 10
   63.5s   model reply: in 4640 + cached 44666, out 310 (+273 reasoning)
   63.5s   tool bash: node /kit/rag.mjs entry reason_for property_question statement obligation requirement activity negation enables causes prohibited considered
   63.7s turn 11
   71.9s   model reply: in 2821 + cached 48724, out 1378 (+1320 reasoning)
   71.9s   tool bash: node /kit/rag.mjs entry proposed_policy policy_document personal_values potential_harms criminality driver_license recommended controversial opposes meets_needs
   72.0s turn 12
   80.2s   model reply: in 5934 + cached 48729, out 590 (+322 reasoning)
   80.2s   tool bash: node -e "
const fs = require('fs');
const lines = fs.readFileSync('/reference/glossary.md', 'utf8').split('\n');
for (const line of lines) {
  const parts = lin
   80.3s turn 13
   83.5s   model reply: in 2794 + cached 52776, out 145 (+23 reasoning)
   83.5s   tool bash: node -e "
const fs = require('fs');
const lines = fs.readFileSync('/reference/glossary.md', 'utf8').split('\n');
const categories = new Set();
for (const line o
   83.6s turn 14
   87.0s   model reply: in 3036 + cached 52758, out 156 (+33 reasoning)
   87.0s   tool bash: node -e "
const fs = require('fs');
const lines = fs.readFileSync('/reference/glossary.md', 'utf8').split('\n');
for (const line of lines) {
  const parts = lin
   87.1s turn 15
   98.4s   model reply: in 5898 + cached 52762, out 2226 (+2169 reasoning)
   98.4s   tool bash: node -e "
const fs = require('fs');
console.log(fs.readFileSync('/kit/rag.mjs', 'utf8').slice(0, 3000));
"
   98.5s turn 16
  101.5s   model reply: in 4987 + cached 56827, out 102 (+24 reasoning)
  101.5s   tool bash: node -e "
const fs = require('fs');
const content = fs.readFileSync('/kit/rag.mjs', 'utf8');
console.log(content.slice(content.indexOf('async function check'), 
  101.6s turn 17
  104.6s   model reply: in 5108 + cached 56808, out 79 (+13 reasoning)
  104.6s   tool bash: node -e "
const fs = require('fs');
const content = fs.readFileSync('/kit/rag.mjs', 'utf8');
console.log(content.slice(3000, 6000));
"
  104.7s turn 18
  114.2s   model reply: in 0 + cached 0, out 0 (+0 reasoning)
  114.3s agent finished
  116.3s turn 19
  237.9s   model reply: in 5807 + cached 56794, out 1220 (+725 reasoning)
  237.9s   tool bash: cat << 'EOF' > /output/translation.md
Status: success
Mode: TRACE

## BrainCode

```braincode
MODE TRACE
ENTRYPOINT Conversation
CONVO Conversation {
  TURN t1 
  238.1s turn 20
  260.7s   model reply: in 3639 + cached 60847, out 744 (+706 reasoning)
  260.7s   tool bash: node /kit/rag.mjs search "social security numbers or unique identification" "ssn" "unique ID"
  260.8s turn 21
  275.2s   model reply: in 5263 + cached 60841, out 540 (+35 reasoning)
  275.2s   tool bash: cat << 'EOF' > /output/translation.md
Status: success
Mode: TRACE

## BrainCode

```braincode
MODE TRACE
ENTRYPOINT Conversation
CONVO Conversation {
  TURN t1 
  275.3s turn 22
  287.8s   model reply: in 2324 + cached 64887, out 1745 (+1665 reasoning)
  287.8s   tool bash: node /kit/rag.mjs entry potential_harms criminality personal_values constitutional_ai proposed_policy policy_document obligation requirement considered recommen
  287.9s turn 23
  311.7s   model reply: in 47028 + cached 0, out 111 (+80 reasoning)
  311.7s   tool bash: node /kit/rag.mjs entry provides important possesses attribute_claim prohibited unaware statement
  311.8s turn 24
  320.4s   model reply: in 3677 + cached 44618, out 159 (+38 reasoning)
  320.4s   tool bash: node -e "
const fs = require('fs');
const lines = fs.readFileSync('/reference/glossary.md', 'utf8').split('\n');
for (const line of lines) {
  const parts = lin
  320.5s turn 25
  327.9s   model reply: in 5896 + cached 44617, out 150 (+27 reasoning)
  327.9s   tool bash: node -e "
const fs = require('fs');
const lines = fs.readFileSync('/reference/glossary.md', 'utf8').split('\n');
for (const line of lines) {
  const parts = lin
  327.9s turn 26
  335.2s   model reply: in 3204 + cached 48666, out 157 (+16 reasoning)
  335.2s   tool bash: node -e "
const fs = require('fs');
const lines = fs.readFileSync('/reference/glossary.md', 'utf8').split('\n');
for (const line of lines) {
  const parts = lin
  335.2s turn 27
  340.5s   model reply: in 3648 + cached 48649, out 77 (+45 reasoning)
  340.5s   tool bash: node /kit/rag.mjs entry reason_for enables leads_to causes supports contrast
  340.6s turn 28
  351.0s   model reply: in 4228 + cached 48634, out 1802 (+1769 reasoning)
  351.0s   tool bash: node /kit/rag.mjs widen "social security numbers or unique identification" --kind object
  351.3s turn 29
  359.7s   model reply: in 4067 + cached 52705, out 268 (+180 reasoning)
  359.7s   tool bash: node -e "
const fs = require('fs');
const needs = JSON.parse(fs.readFileSync('/needs.json', 'utf8'));
const n3 = (needs.needs || needs).find(n => n.id === 'n3')
  359.9s turn 30
  371.1s   model reply: in 4964 + cached 52480, out 1662 (+1542 reasoning)
  371.1s   tool bash: node -e "
const fs = require('fs');
const needs = JSON.parse(fs.readFileSync('/needs.json', 'utf8'));
const list = needs.needs || needs;
for (const n of list) {
  371.1s turn 31
  384.7s   model reply: in 4284 + cached 56542, out 2331 (+757 reasoning)
  384.7s   tool bash: cat << 'EOF' > /output/translation.md
Status: success
Mode: TRACE

## BrainCode

```braincode
MODE TRACE
ENTRYPOINT Conversation
CONVO Conversation {
  TURN t1 
  384.8s turn 32
  390.1s   model reply: in 3231 + cached 60600, out 551 (+490 reasoning)
  390.1s   tool bash: node /kit/rag.mjs widen "require email address verification before account creation or posting" --kind action
node /kit/rag.mjs widen "implement two-factor auth
  391.5s turn 33
  420.6s   model reply: in 6883 + cached 60626, out 5803 (+3753 reasoning)
  420.6s   tool bash: cat << 'EOF' > /output/translation.md
Status: failed
Mode: TRACE

## Suggested translation

```braincode
MODE TRACE
ENTRYPOINT Conversation
CONVO Conversation {
  420.7s turn 34
  439.1s   model reply: in 48150 + cached 0, out 1984 (+1104 reasoning)
  439.1s   tool write: /output/suggestions.md
  439.4s turn 35
  442.3s   model reply: in 5617 + cached 44521, out 63 (+33 reasoning)
  442.3s   tool bash: node /kit/rag.mjs check --translation /output/translation.md
  442.5s turn 36
  447.0s   model reply: in 2349 + cached 48556, out 438 (+200 reasoning)
  447.0s agent finished
  447.0s agent finished
