   25.4s turn 1
   34.9s   model reply: in 35525 + cached 0, out 1174 (+1100 reasoning)
   34.9s   tool bash: node /kit/rag.mjs search "theory" "person" "cold" "white" "furry" "kind" "young" "blue" "green" "Bob" "Dave" "Fiona" "Gary" "conditional" "statement" "true fals
   35.2s turn 2
   38.7s   model reply: in 7714 + cached 32562, out 79 (+42 reasoning)
   38.7s   tool bash: node /kit/rag.mjs entry character_trait conditional conjunction negation attribute_claim statement has_state subject requirement
   38.9s turn 3
   42.3s   model reply: in 41823 + cached 0, out 107 (+63 reasoning)
   42.3s   tool bash: node /kit/rag.mjs search "predicate" "implication" "logic" "property" "theory" "evaluation" "truth"
   42.5s turn 4
   45.0s   model reply: in 3083 + cached 40682, out 61 (+23 reasoning)
   45.0s   tool bash: node /kit/rag.mjs entry property_question inform ask respond propose confirm reason_for possesses statement attribute_claim
   45.2s turn 5
   55.1s   model reply: in 4288 + cached 40670, out 1651 (+1604 reasoning)
   55.1s   tool bash: node /kit/rag.mjs search "character_trait" "state_cold" "attribute_claim" "furry" "young" "kind"
   55.8s turn 6
   60.1s   model reply: in 3815 + cached 44740, out 76 (+50 reasoning)
   60.1s   tool bash: node /kit/rag.mjs entry character has_attribute
   60.2s turn 7
   63.7s   model reply: in 4112 + cached 44722, out 167 (+130 reasoning)
   63.7s   tool bash: grep -i "proofwriter" /reference/*.md /reference/*.jsonl 2>/dev/null || true
   63.8s turn 8
   70.7s   model reply: in 4301 + cached 44703, out 88 (+38 reasoning)
   70.7s   tool bash: grep -E "^\| (conditional|character_trait|has_attribute|attribute_claim|statement|property_question|character) \|" /reference/glossary.md
   70.8s turn 9
   76.0s   model reply: in 4807 + cached 44687, out 113 (+70 reasoning)
   76.0s   tool bash: node /kit/rag.mjs search "universal" "all people" "evaluation question" "is statement true" "ask if true"
   76.2s turn 10
   87.4s   model reply: in 2298 + cached 48741, out 81 (+29 reasoning)
   87.4s   tool bash: grep -E "^\| [a-zA-Z0-9_]+ \| (constructor|speech_act|claim_relation|link) \|" /reference/glossary.md
   87.6s turn 11
   90.2s   model reply: in 4230 + cached 48736, out 60 (+18 reasoning)
   90.2s   tool bash: grep -E "^\| [a-zA-Z0-9_]+ \| claim_relation \|" /reference/glossary.md
   90.2s turn 12
   93.2s   model reply: in 2167 + cached 52792, out 51 (+16 reasoning)
   93.2s   tool bash: grep -A 20 -E "^\| motivated_by \|" /reference/glossary.md
   93.4s turn 13
  105.3s   model reply: in 3421 + cached 52782, out 1770 (+1741 reasoning)
  105.3s   tool bash: grep -i "furry" /reference/glossary.md || true
  105.4s turn 14
  108.0s   model reply: in 5200 + cached 52776, out 40 (+12 reasoning)
  108.0s   tool bash: grep -i "kind" /reference/glossary.md || true
  108.0s turn 15
  114.9s   model reply: in 2991 + cached 56831, out 671 (+610 reasoning)
  114.9s   tool bash: node /kit/rag.mjs widen "furry" --kind constraint
node /kit/rag.mjs widen "young" --kind constraint
node /kit/rag.mjs widen "kind" --kind constraint
  115.3s turn 16
  122.9s   model reply: in 6977 + cached 56843, out 881 (+839 reasoning)
  122.9s   tool bash: grep -E "^\| [a-zA-Z0-9_]+ \| lexical_group \|" /reference/glossary.md
  123.0s turn 17
  138.6s   model reply: in 4457 + cached 60895, out 195 (+170 reasoning)
  138.6s   tool bash: node /kit/rag.mjs entry lexical_label
  138.7s turn 18
  144.3s   model reply: in 5136 + cached 60881, out 456 (+428 reasoning)
  144.3s   tool bash: node /kit/rag.mjs entry supports contrast rejects revises then
  144.6s turn 19
  161.7s   model reply: in 5893 + cached 60867, out 2203 (+1961 reasoning)
  161.7s   tool write: /output/translation.md
  161.7s turn 20
  165.3s   model reply: in 4047 + cached 64920, out 53 (+23 reasoning)
  165.3s   tool bash: node /kit/rag.mjs check --translation /output/translation.md
  167.9s turn 21
  182.7s   model reply: in 53659 + cached 0, out 546 (+506 reasoning)
  182.7s   tool bash: grep -E "^\| (trait|property|feature|quality|state|attr)" /reference/glossary.md || true
  182.8s turn 22
  202.1s   model reply: in 5950 + cached 48726, out 1302 (+428 reasoning)
  202.1s   tool write: /output/translation.md
  202.1s turn 23
  206.7s   model reply: in 3210 + cached 52772, out 41 (+11 reasoning)
  206.7s   tool bash: node /kit/rag.mjs check --translation /output/translation.md
  206.9s turn 24
  223.6s   model reply: in 4813 + cached 52765, out 2168 (+555 reasoning)
  223.6s   tool write: /output/translation.md
  223.6s turn 25
  228.1s   model reply: in 2931 + cached 56819, out 53 (+23 reasoning)
  228.1s   tool bash: node /kit/rag.mjs check --translation /output/translation.md
  228.2s turn 26
  233.0s   model reply: in 4550 + cached 56812, out 165 (+125 reasoning)
  233.0s   tool bash: grep -E "^\| [a-zA-Z0-9_]+ \| constructor \|" /reference/glossary.md
  233.1s turn 27
  237.5s   model reply: in 2456 + cached 60867, out 77 (+35 reasoning)
  237.5s   tool bash: grep -E "^\| (property|subject|entity|fact|attribute|state|description)" /reference/glossary.md || true
  237.6s turn 28
  242.0s   model reply: in 64504 + cached 0, out 79 (+27 reasoning)
  242.0s   tool bash: grep -E "^\| [a-zA-Z0-9_]+ \| constructor \|" /reference/glossary.md | cut -d'|' -f2,4
  242.1s turn 29
  253.7s   model reply: in 5895 + cached 60856, out 1621 (+130 reasoning)
  253.7s   tool write: /output/translation.md
  253.7s turn 30
  258.7s   model reply: in 68376 + cached 0, out 53 (+23 reasoning)
  258.7s   tool bash: node /kit/rag.mjs check --translation /output/translation.md
  258.9s turn 31
  279.0s   model reply: in 5071 + cached 64897, out 1999 (+1976 reasoning)
  279.0s   tool bash: node /kit/rag.mjs entry ask
  279.1s turn 32
  289.5s   model reply: in 50754 + cached 0, out 121 (+33 reasoning)
  289.5s   tool bash: node /kit/rag.mjs widen "Bob is white" --kind claim
node /kit/rag.mjs widen "young" --kind constraint
node /kit/rag.mjs widen "Gary is kind" --kind claim
node /
  290.3s turn 33
  296.1s   model reply: in 54263 + cached 0, out 316 (+285 reasoning)
  296.1s   tool bash: node /kit/rag.mjs entry has_attribute attribute_claim lexical_label
  296.2s turn 34
  323.7s   model reply: in 2729 + cached 52810, out 4670 (+3744 reasoning)
  323.7s   tool write: /output/suggestions.md
  323.7s turn 35
  358.7s   model reply: in 7392 + cached 52821, out 6068 (+1930 reasoning)
  358.7s   tool write: /output/translation.md
  358.7s turn 36
  363.8s   model reply: in 66285 + cached 0, out 53 (+23 reasoning)
  363.8s   tool bash: node /kit/rag.mjs check --translation /output/translation.md
  364.0s turn 37
  370.9s   model reply: in 2861 + cached 65024, out 459 (+293 reasoning)
  371.0s agent finished
  371.0s agent finished
