    1.7s turn 1
    5.0s   model reply: in 14464 + cached 0, out 128 (+111 reasoning)
    5.0s   tool read: /trajectory.txt
    5.1s turn 2
    8.4s   model reply: in 3497 + cached 12090, out 64 (+33 reasoning)
    8.4s   tool bash: node /kit/rag.mjs --help 2>/dev/null || true
    8.4s turn 3
   11.3s   model reply: in 3579 + cached 12075, out 45 (+17 reasoning)
   11.3s   tool bash: ls -la /attach /kit 2>/dev/null || true
   11.3s turn 4
   14.7s   model reply: in 3965 + cached 12063, out 54 (+35 reasoning)
   14.7s   tool read: /kit/README.md
   14.7s turn 5
   17.5s   model reply: in 5180 + cached 12064, out 45 (+18 reasoning)
   17.5s   tool bash: ls -la / /output 2>/dev/null || true
   17.5s turn 6
   20.5s   model reply: in 2052 + cached 16080, out 29 (+12 reasoning)
   20.5s   tool read: /prompt.md
   20.5s turn 7
   44.4s   model reply: in 2555 + cached 16069, out 3840 (+3814 reasoning)
   44.4s   tool bash: ls -la /reference 2>/dev/null || true
   44.4s turn 8
   49.3s   model reply: in 6559 + cached 16109, out 55 (+35 reasoning)
   49.3s   tool read: /reference/examples.jsonl
   49.3s turn 9
   52.3s   model reply: in 3757 + cached 20136, out 67 (+46 reasoning)
   52.3s   tool read: /kit/needs_prompt.md
   52.3s turn 10
   56.3s   model reply: in 4510 + cached 20128, out 272 (+246 reasoning)
   56.3s   tool bash: ls -la /session 2>/dev/null || true
   56.4s turn 11
  111.2s   model reply: in 4937 + cached 20117, out 9384 (+9339 reasoning)
  111.2s   tool bash: grep -in "ask(" /reference/glossary.md /reference/examples.jsonl /attach/1-language-spec.md || true
  111.2s turn 12
  115.3s   model reply: in 10678 + cached 24246, out 132 (+104 reasoning)
  115.3s   tool bash: grep -in "activity(" /reference/glossary.md || true
  115.4s turn 13
  119.7s   model reply: in 3228 + cached 32317, out 268 (+228 reasoning)
  119.7s   tool bash: grep -in "offer_help\|obligation(\|designed_to_be\|recommended(" /reference/glossary.md || true
  119.7s turn 14
  123.2s   model reply: in 3723 + cached 32303, out 88 (+33 reasoning)
  123.2s   tool bash: grep -rn "offer_help\|max_cut_fraction\|mow_straight_lines\|mow_same_direction" /reference /attach /kit 2>/dev/null || true
  123.3s turn 15
  194.0s   model reply: in 4051 + cached 32288, out 13075 (+12875 reasoning)
  194.0s   tool write: /output/reconstruction.md
  194.0s turn 16
  197.8s   model reply: in 12973 + cached 36446, out 57 (+37 reasoning)
  197.8s   tool read: /output/reconstruction.md
  197.8s turn 17
  202.8s   model reply: in 5122 + cached 44528, out 112 (+92 reasoning)
  202.8s agent finished
  202.8s agent finished
