    2.0s turn 1
    9.7s   model reply: in 28206 + cached 0, out 1140 (+1093 reasoning)
    9.7s   tool bash: node /kit/rag.mjs search "edit text" "visa" "rewrite" "embassy" "researcher" "August" "extend stay"
    9.9s turn 2
   18.0s   model reply: in 7012 + cached 24378, out 1430 (+1393 reasoning)
   18.0s   tool bash: node /kit/rag.mjs widen "speaker is a visiting researcher at Hagen University in Germany" --kind claim
   18.2s turn 3
   23.5s   model reply: in 6055 + cached 28444, out 650 (+599 reasoning)
   23.5s   tool bash: node /kit/rag.mjs search "inform" "ask" "propose" "supports" "well_wishes" "country::DE" "country::IR"
   23.7s turn 4
   28.2s   model reply: in 4867 + cached 32508, out 82 (+31 reasoning)
   28.2s   tool bash: node /kit/rag.mjs entry country::DE country::IR negation well_wishes subject activity temporal_context time_point duration recommended enables ongoing provides 
   28.4s turn 5
   30.9s   model reply: in 3018 + cached 36568, out 77 (+40 reasoning)
   30.9s   tool bash: node /kit/rag.mjs entry ongoing provides request inform ask propose respond format_email format_plain_text
   31.0s turn 6
   35.8s   model reply: in 3901 + cached 36554, out 406 (+350 reasoning)
   35.8s   tool bash: node /kit/rag.mjs search "visiting researcher" "visa valid" "extend stay" "apply visa extension" "embassy" "immigration policies" "expiration date" "legal impli
   36.0s turn 7
   46.3s   model reply: in 6589 + cached 36555, out 1901 (+1868 reasoning)
   46.3s   tool bash: node /kit/rag.mjs entry role_user agent user country::DE country::IR
   46.5s turn 8
   49.5s   model reply: in 4881 + cached 40615, out 64 (+27 reasoning)
   49.5s   tool bash: grep -E "^\| [a-z_]+ \| claim_relation \|" /reference/glossary.md
   49.6s turn 9
   51.0s   model reply: in 0 + cached 0, out 0 (+0 reasoning)
   51.1s agent finished
   53.0s turn 10
  156.1s   model reply: in 2821 + cached 44672, out 63 (+28 reasoning)
  156.1s   tool bash: grep -E "^\| [a-z_]+ \| constructor \|" /reference/glossary.md
  156.2s turn 11
  162.2s   model reply: in 4686 + cached 44666, out 50 (+13 reasoning)
  162.2s   tool bash: grep -E "^\| [a-z_]+ \| speech_act \|" /reference/glossary.md
  162.2s turn 12
  181.8s   model reply: in 5225 + cached 44651, out 1778 (+1284 reasoning)
  181.8s   tool write: /output/translation.md
  181.8s turn 13
  184.7s   model reply: in 2957 + cached 48701, out 59 (+29 reasoning)
  184.7s   tool bash: node /kit/rag.mjs check --translation /output/translation.md
  184.9s turn 14
  196.4s   model reply: in 3560 + cached 48686, out 1869 (+1812 reasoning)
  196.4s   tool bash: node /kit/rag.mjs search "edit text" "edit" "revise" "rewrite" "visiting researcher" "stay" "valid" "August" "embassy" "Tehran"
  196.6s turn 15
  230.0s   model reply: in 8244 + cached 48705, out 7059 (+5405 reasoning)
  230.0s   tool write: /output/translation.md
  230.0s turn 16
  233.1s   model reply: in 7155 + cached 56857, out 53 (+23 reasoning)
  233.1s   tool bash: node /kit/rag.mjs check --translation /output/translation.md
  233.3s turn 17
  239.0s   model reply: in 3730 + cached 60902, out 645 (+555 reasoning)
  239.0s   tool bash: node /kit/rag.mjs widen "edit the provided text" --kind action
node /kit/rag.mjs widen "German embassy in Tehran" --kind object
node /kit/rag.mjs widen "edit th
  239.5s turn 18
  247.2s   model reply: in 7669 + cached 60914, out 470 (+438 reasoning)
  247.2s   tool bash: node /kit/rag.mjs entry format_plain_text substitute dialogue document_section
  247.3s turn 19
  259.9s   model reply: in 4392 + cached 64960, out 2117 (+423 reasoning)
  259.9s   tool write: /output/translation.md
  259.9s turn 20
  269.6s   model reply: in 51011 + cached 0, out 53 (+23 reasoning)
  269.6s   tool bash: node /kit/rag.mjs check --translation /output/translation.md
  269.8s turn 21
  283.5s   model reply: in 2970 + cached 48714, out 2015 (+1985 reasoning)
  283.5s   tool bash: node /kit/rag.mjs check --translation /output/translation.md
  283.6s turn 22
  287.5s   model reply: in 5603 + cached 48716, out 152 (+20 reasoning)
  287.5s agent finished
  287.5s agent finished
