    2.8s turn 1
   16.3s   model reply: in 34443 + cached 0, out 1718 (+1695 reasoning)
   16.3s   tool bash: node /kit/rag.mjs --help
   16.4s turn 2
   19.8s   model reply: in 36199 + cached 0, out 40 (+18 reasoning)
   19.8s   tool bash: node /kit/rag.mjs needs
   52.2s turn 3
  126.0s   model reply: in 6389 + cached 32537, out 1440 (+1260 reasoning)
  126.0s   tool write: /output/translation.md
  126.0s turn 4
  131.8s   model reply: in 3780 + cached 36590, out 54 (+24 reasoning)
  131.8s   tool bash: node /kit/rag.mjs check --translation /output/translation.md
  132.1s turn 5
  141.1s   model reply: in 4599 + cached 36576, out 338 (+286 reasoning)
  141.1s   tool bash: node /kit/rag.mjs search "planning" "organization" "fanfiction" "guide" "story bible" "character profile" "worldbuilding" "narrative structure"
  142.0s turn 6
  147.1s   model reply: in 3248 + cached 40639, out 298 (+247 reasoning)
  147.1s   tool bash: node /kit/rag.mjs search "routine" "template" "writer's block" "plot" "track" "unblock" "welcome" "good luck"
  147.7s turn 7
  162.8s   model reply: in 5896 + cached 40638, out 2082 (+1993 reasoning)
  162.8s   tool bash: node /kit/rag.mjs entry provides request enables designed_to_be created_by ongoing recommended works_best role has_style involves reason_for greeting well_wishe
  163.0s turn 8
  170.8s   model reply: in 5903 + cached 44711, out 728 (+698 reasoning)
  170.8s   tool bash: grep -E "\| speech_act \|" /reference/glossary.md
  170.8s turn 9
  175.1s   model reply: in 3052 + cached 48764, out 186 (+158 reasoning)
  175.1s   tool bash: grep -C 5 "greeting" /reference/glossary.md
  175.2s turn 10
  184.7s   model reply: in 4487 + cached 48754, out 987 (+957 reasoning)
  184.7s   tool bash: grep -E "\| claim_relation \|" /reference/glossary.md
  184.8s turn 11
  188.2s   model reply: in 3342 + cached 52819, out 50 (+13 reasoning)
  188.2s   tool bash: grep -E "\| claim_relation \|" /reference/glossary.md | tail -n +30
  188.2s turn 12
  192.0s   model reply: in 5345 + cached 52813, out 114 (+79 reasoning)
  192.0s   tool bash: grep -E "\| constructor \|" /reference/glossary.md | head -n 35
  192.2s turn 13
  196.9s   model reply: in 3198 + cached 56870, out 55 (+20 reasoning)
  196.9s   tool bash: grep -E "\| constructor \|" /reference/glossary.md | tail -n +30
  197.0s turn 14
  200.9s   model reply: in 5073 + cached 56864, out 159 (+124 reasoning)
  200.9s   tool bash: grep -E "\| constructor \|" /reference/glossary.md | tail -n +55
  201.3s turn 15
  234.6s   model reply: in 2877 + cached 60920, out 6106 (+4363 reasoning)
  234.6s   tool write: /output/translation.md
  234.7s turn 16
  238.1s   model reply: in 8964 + cached 60943, out 53 (+23 reasoning)
  238.1s   tool bash: node /kit/rag.mjs check --translation /output/translation.md
  238.3s turn 17
  263.3s   model reply: in 50584 + cached 0, out 2570 (+2476 reasoning)
  263.3s   tool bash: node /kit/rag.mjs entry greeting acknowledge request subject activity temporal_context lexical_label enables document_section audience_targeting character chara
  264.4s turn 18
  288.1s   model reply: in 6380 + cached 48807, out 3727 (+1944 reasoning)
  288.1s   tool write: /output/translation.md
  289.9s turn 19
  294.2s   model reply: in 6044 + cached 52874, out 53 (+23 reasoning)
  294.2s   tool bash: node /kit/rag.mjs check --translation /output/translation.md
  295.8s turn 20
  305.1s   model reply: in 3149 + cached 56928, out 1183 (+1058 reasoning)
  305.2s agent finished
  305.3s agent finished
