    2.2s turn 1
   10.5s   model reply: in 14191 + cached 0, out 1055 (+1038 reasoning)
   10.5s   tool bash: ls -la /
   10.5s turn 2
   12.8s   model reply: in 3933 + cached 12096, out 39 (+19 reasoning)
   12.8s   tool bash: ls -la /kit /reference
   12.9s turn 3
   15.6s   model reply: in 4363 + cached 12085, out 51 (+30 reasoning)
   15.6s   tool bash: cat /reference/examples.jsonl
   15.7s turn 4
   18.2s   model reply: in 5585 + cached 12084, out 44 (+24 reasoning)
   18.2s   tool bash: cat /kit/README.md
   18.2s turn 5
   20.9s   model reply: in 2765 + cached 16110, out 65 (+43 reasoning)
   20.9s   tool bash: ls -la /session /output /attach
   21.0s turn 6
   23.6s   model reply: in 3206 + cached 16098, out 30 (+12 reasoning)
   23.6s   tool bash: cat /prompt.md
   23.6s turn 7
   40.4s   model reply: in 3709 + cached 16088, out 2742 (+2707 reasoning)
   40.4s   tool bash: node -e '
const fs = require("fs");
console.log("Checking glossary...");
'
   40.5s turn 8
   44.9s   model reply: in 6434 + cached 16108, out 75 (+34 reasoning)
   44.9s   tool bash: grep -i "flexible_working_arrangements" /reference/glossary.md /reference/glossary.jsonl || true
   45.0s turn 9
   85.6s   model reply: in 2503 + cached 20117, out 6358 (+6192 reasoning)
   85.6s   tool write: /output/reconstruction.md
   85.6s turn 10
   89.2s   model reply: in 8806 + cached 20177, out 42 (+22 reasoning)
   89.2s   tool read: /output/reconstruction.md
   89.2s turn 11
   92.0s   model reply: in 4968 + cached 24197, out 79 (+55 reasoning)
   92.0s agent finished
   92.0s agent finished
