    1.4s turn 1
   13.1s   model reply: in 7738 + cached 8073, out 2047 (+2022 reasoning)
   13.1s   tool bash: node /kit/rag.mjs entry property_question
   13.2s turn 2
   81.0s   model reply: in 0 + cached 0, out 0 (+0 reasoning)
   81.0s agent finished
   83.0s turn 3
   96.5s   model reply: in 0 + cached 0, out 0 (+0 reasoning)
   96.5s agent finished
  100.5s turn 4
  111.9s   model reply: in 0 + cached 0, out 0 (+0 reasoning)
  111.9s agent finished
  119.9s turn 5
  324.8s   model reply: in 17988 + cached 0, out 9036 (+9013 reasoning)
  324.8s   tool bash: node /kit/rag.mjs entry subject
  325.0s turn 6
  391.8s   model reply: in 11175 + cached 16220, out 9745 (+9727 reasoning)
  391.8s   tool bash: mkdir -p /output
  391.8s turn 7
  521.5s   model reply: in 37143 + cached 0, out 2499 (+2171 reasoning)
  521.5s   tool write: /output/reconstruction.md
  521.6s turn 8
  525.7s   model reply: in 39647 + cached 0, out 57 (+37 reasoning)
  525.7s   tool read: /output/reconstruction.md
  525.7s turn 9
  533.8s   model reply: in 3459 + cached 36547, out 43 (+27 reasoning)
  533.8s agent finished
  533.8s agent finished
