    1.8s turn 1
   17.7s   model reply: in 27820 + cached 0, out 2416 (+2377 reasoning)
   17.7s   tool bash: node /kit/rag.mjs entry click select_option type_text web_element time_point user_preference request
   17.8s turn 2
   21.1s   model reply: in 6405 + cached 24374, out 123 (+85 reasoning)
   21.1s   tool bash: node /kit/rag.mjs search "profile" "birthday" "allergy" "bio" "save"
   21.3s turn 3
   25.0s   model reply: in 32250 + cached 0, out 105 (+71 reasoning)
   25.0s   tool bash: node /kit/rag.mjs search "speech act" "user instruction" "user request"
   25.1s turn 4
   27.9s   model reply: in 4851 + cached 28417, out 74 (+40 reasoning)
   27.9s   tool bash: node /kit/rag.mjs search "ask" "instruct" "direct" "command"
   28.1s turn 5
   31.5s   model reply: in 6027 + cached 28408, out 78 (+45 reasoning)
   31.5s   tool bash: node /kit/rag.mjs entry ask inform propose apologize offer express_interest correct acknowledge respond
   31.6s turn 6
   43.9s   model reply: in 2646 + cached 32451, out 2179 (+2154 reasoning)
   43.9s   tool bash: node /kit/rag.mjs entry web_element
   44.0s turn 7
   47.8s   model reply: in 37357 + cached 0, out 87 (+59 reasoning)
   47.8s   tool bash: grep -n "web_element" /reference/glossary.md
   47.9s turn 8
   51.5s   model reply: in 5075 + cached 32434, out 140 (+87 reasoning)
   51.5s   tool bash: grep -E "^\| (user_preference|request|user_practice|activity|time_point|lexical_label|character_trait) \|" /reference/glossary.md
   51.6s turn 9
   54.8s   model reply: in 5729 + cached 32421, out 62 (+37 reasoning)
   54.8s   tool bash: grep "| constructor |" /reference/glossary.md
   54.9s turn 10
   60.3s   model reply: in 3536 + cached 36472, out 483 (+446 reasoning)
   60.3s   tool bash: find / -name "*.md" 2>/dev/null | grep -E "translations|mind2web"
   60.4s turn 11
   70.4s   model reply: in 4044 + cached 36457, out 1255 (+1214 reasoning)
   70.4s   tool bash: node /kit/rag.mjs search "user profile" "birthday" "allergy" "user bio" "save profile"
   70.6s turn 12
   74.0s   model reply: in 43209 + cached 0, out 92 (+50 reasoning)
   74.0s   tool bash: node /kit/rag.mjs search "dietary" "allergy" "date of birth" "biography" "profile"
   74.1s turn 13
   76.8s   model reply: in 4172 + cached 40510, out 59 (+32 reasoning)
   76.8s   tool bash: grep "| claim_relation |" /reference/glossary.md
   76.8s turn 14
   79.3s   model reply: in 2113 + cached 44561, out 75 (+41 reasoning)
   79.3s   tool bash: grep -A 2 -B 2 "user_preference" /reference/glossary.md
   79.3s turn 15
   86.1s   model reply: in 2495 + cached 44544, out 1035 (+1002 reasoning)
   86.1s   tool bash: node /kit/rag.mjs widen "add birthday detail to user profile" --kind action
   86.2s turn 16
   90.9s   model reply: in 5617 + cached 44556, out 555 (+527 reasoning)
   90.9s   tool bash: node /kit/rag.mjs entry lexical_label food_label
   91.0s turn 17
   94.0s   model reply: in 2716 + cached 48598, out 132 (+102 reasoning)
   94.0s   tool bash: node /kit/rag.mjs entry activity user_preference user_practice request
   94.1s turn 18
  112.0s   model reply: in 3784 + cached 48589, out 3658 (+3628 reasoning)
  112.0s   tool bash: node /kit/rag.mjs check --help 2>&1 || true
  112.1s turn 19
  116.2s   model reply: in 7434 + cached 48607, out 230 (+200 reasoning)
  116.2s   tool bash: grep -C 3 "time_point" /reference/glossary.md
  116.3s turn 20
  119.9s   model reply: in 4277 + cached 52646, out 97 (+57 reasoning)
  119.9s   tool bash: grep "| constructor |" /reference/glossary.md | awk -F'|' '{print $2, $4}'
  120.0s turn 21
  122.7s   model reply: in 2488 + cached 56700, out 82 (+42 reasoning)
  122.7s   tool bash: grep "| composite |" /reference/glossary.md | awk -F'|' '{print $2, $4}'
  122.7s turn 22
  128.7s   model reply: in 3209 + cached 56687, out 765 (+739 reasoning)
  128.7s   tool bash: node /kit/rag.mjs entry role_user user
  128.9s turn 23
  132.2s   model reply: in 4057 + cached 56675, out 106 (+80 reasoning)
  132.2s   tool bash: grep "recipient-value" /reference/glossary.md
  132.2s turn 24
  144.2s   model reply: in 4847 + cached 56664, out 2129 (+828 reasoning)
  144.2s   tool write: /output/translation.md
  144.2s turn 25
  147.0s   model reply: in 2933 + cached 60711, out 59 (+29 reasoning)
  147.0s   tool bash: node /kit/rag.mjs check --translation /output/translation.md
  147.5s turn 26
  151.7s   model reply: in 3434 + cached 60696, out 231 (+199 reasoning)
  151.7s   tool bash: node /kit/rag.mjs widen "add allergy information to profile" --kind action
  152.0s turn 27
  157.1s   model reply: in 5780 + cached 60702, out 299 (+274 reasoning)
  157.1s   tool bash: node /kit/rag.mjs entry medical_condition
  157.2s turn 28
  161.9s   model reply: in 2143 + cached 64732, out 422 (+392 reasoning)
  161.9s   tool bash: grep -n "DECL" /kit/rag.mjs -C 5
  161.9s turn 29
  162.9s   model reply: in 0 + cached 0, out 0 (+0 reasoning)
  163.0s agent finished
  165.0s turn 30
  267.8s   model reply: in 2591 + cached 64716, out 67 (+35 reasoning)
  267.8s   tool bash: grep -n "Coverage check" /kit/rag.mjs -A 30
  267.8s turn 31
  270.9s   model reply: in 2688 + cached 64696, out 58 (+32 reasoning)
  270.9s   tool bash: grep -n "check" /kit/rag.mjs
  271.0s turn 32
  284.9s   model reply: in 2885 + cached 64678, out 1053 (+992 reasoning)
  284.9s   tool edit: /output/translation.md
  284.9s turn 33
  288.3s   model reply: in 3960 + cached 64661, out 53 (+23 reasoning)
  288.3s   tool bash: node /kit/rag.mjs check --translation /output/translation.md
  288.4s turn 34
  294.6s   model reply: in 4454 + cached 64647, out 366 (+344 reasoning)
  294.6s   tool bash: node /kit/rag.mjs retrieve
  306.0s turn 35
  320.3s   model reply: in 48180 + cached 0, out 60 (+30 reasoning)
  320.3s   tool bash: node /kit/rag.mjs check --translation /output/translation.md
  320.4s turn 36
  330.0s   model reply: in 4178 + cached 44489, out 999 (+969 reasoning)
  330.0s   tool bash: grep -C 5 "time_point" /reference/glossary.md
  330.1s turn 37
  334.1s   model reply: in 2094 + cached 48536, out 108 (+83 reasoning)
  334.1s   tool bash: node /kit/rag.mjs entry user_preference
  334.2s turn 38
  339.9s   model reply: in 2286 + cached 48517, out 398 (+375 reasoning)
  339.9s   tool bash: node /kit/rag.mjs entry request
  340.0s turn 39
  367.8s   model reply: in 2763 + cached 48502, out 5031 (+3670 reasoning)
  367.8s   tool write: /output/translation.md
  367.8s turn 40
  370.8s   model reply: in 7762 + cached 48538, out 53 (+23 reasoning)
  370.8s   tool bash: node /kit/rag.mjs check --translation /output/translation.md
  371.1s turn 41
  376.4s   model reply: in 4212 + cached 52568, out 341 (+227 reasoning)
  376.4s agent finished
  376.4s agent finished
