    2.3s turn 1
   18.1s   model reply: in 31208 + cached 0, out 992 (+955 reasoning)
   18.1s   tool bash: node /kit/rag.mjs search "reconcile" "custom report" "columns" "schedule"
   18.2s turn 2
   27.8s   model reply: in 4906 + cached 28455, out 71 (+38 reasoning)
   27.8s   tool bash: node /kit/rag.mjs widen "reconcile balance sheet accounts" --kind action
   28.0s turn 3
   47.5s   model reply: in 2982 + cached 32515, out 2264 (+2214 reasoning)
   47.5s   tool bash: node /kit/rag.mjs entry activity subject statement involves enables leads_to reconcile_code document_section include sequence temporal_context time_point provid
   47.6s turn 4
   59.7s   model reply: in 7275 + cached 32524, out 52 (+24 reasoning)
   59.7s   tool bash: node /kit/rag.mjs entry provides ongoing requirement attribute_claim
   59.8s turn 5
   66.5s   model reply: in 4275 + cached 36577, out 75 (+44 reasoning)
   66.5s   tool bash: node /kit/rag.mjs entry ask inform respond acknowledge confirm propose offer decline apologize
   66.6s turn 6
   71.6s   model reply: in 4930 + cached 36562, out 81 (+42 reasoning)
   71.6s   tool bash: node /kit/rag.mjs entry role_user role_agent role_customer role_manager role_support_team
   71.8s turn 7
   80.0s   model reply: in 5277 + cached 36545, out 89 (+50 reasoning)
   80.0s   tool bash: node /kit/rag.mjs search "schedule" "recurring" "reconcile" "invoice" "usage"
   80.2s turn 8
   93.7s   model reply: in 2714 + cached 40598, out 1809 (+1135 reasoning)
   93.7s   tool write: /output/translation.md
   93.7s turn 9
  100.0s   model reply: in 4536 + cached 40589, out 53 (+23 reasoning)
  100.0s   tool bash: node /kit/rag.mjs check --translation /output/translation.md
  100.1s turn 10
  114.8s   model reply: in 5238 + cached 40575, out 2139 (+857 reasoning)
  114.8s   tool write: /output/translation.md
  114.8s turn 11
  118.8s   model reply: in 3329 + cached 44627, out 45 (+15 reasoning)
  118.8s   tool bash: node /kit/rag.mjs check --translation /output/translation.md
  119.0s turn 12
  129.6s   model reply: in 4034 + cached 44613, out 1099 (+1059 reasoning)
  129.6s   tool bash: node /kit/rag.mjs search "report" "account" "record" "finance" "data" "field"
  129.7s turn 13
  133.1s   model reply: in 6858 + cached 44619, out 61 (+33 reasoning)
  133.1s   tool bash: grep -E "\| constructor \|" /reference/glossary.md
  133.2s turn 14
  136.6s   model reply: in 4663 + cached 48671, out 48 (+18 reasoning)
  136.6s   tool bash: grep -E "\| claim_relation \|" /reference/glossary.md
  136.6s turn 15
  141.1s   model reply: in 2590 + cached 52725, out 76 (+39 reasoning)
  141.1s   tool bash: node /kit/rag.mjs search "schedule" "periodic" "columns" "statement" "practice"
  141.3s turn 16
  153.5s   model reply: in 4076 + cached 52718, out 2112 (+745 reasoning)
  153.5s   tool write: /output/translation.md
  153.6s turn 17
  156.5s   model reply: in 2141 + cached 56769, out 41 (+11 reasoning)
  156.5s   tool bash: node /kit/rag.mjs check --translation /output/translation.md
  156.8s turn 18
  165.6s   model reply: in 2998 + cached 56756, out 1072 (+1042 reasoning)
  165.6s   tool bash: grep -A 30 "function check" /kit/rag.mjs
  165.7s turn 19
  169.2s   model reply: in 4089 + cached 56747, out 44 (+17 reasoning)
  169.2s   tool bash: grep -n "Coverage check" /kit/rag.mjs
  169.3s turn 20
  172.4s   model reply: in 4163 + cached 56727, out 41 (+15 reasoning)
  172.4s   tool bash: head -n 50 /kit/rag.mjs
  172.4s turn 21
  199.1s   model reply: in 4960 + cached 56715, out 5648 (+3928 reasoning)
  199.1s   tool write: /output/translation.md
  199.1s turn 22
  202.4s   model reply: in 6529 + cached 60798, out 53 (+23 reasoning)
  202.4s   tool bash: node /kit/rag.mjs check --translation /output/translation.md
  202.5s turn 23
  222.4s   model reply: in 3162 + cached 64838, out 3810 (+2073 reasoning)
  222.4s   tool write: /output/translation.md
  222.4s turn 24
  235.2s   model reply: in 51295 + cached 0, out 53 (+23 reasoning)
  235.2s   tool bash: node /kit/rag.mjs check --translation /output/translation.md
  235.4s turn 25
  240.5s   model reply: in 3272 + cached 48696, out 384 (+191 reasoning)
  240.5s agent finished
  240.5s agent finished
