    3.3s turn 1
   17.9s   model reply: in 29577 + cached 0, out 2909 (+2858 reasoning)
   17.9s   tool bash: node /kit/rag.mjs search "visa" "researcher" "university" "expire" "embassy" "edit" "rewrite" "recommend" "suggest"
   18.1s turn 2
   24.2s   model reply: in 6558 + cached 28465, out 711 (+665 reasoning)
   24.2s   tool bash: node /kit/rag.mjs search "scholar" "extension" "policy" "email" "draft" "contact" "transition" "avoid"
   24.4s turn 3
   27.7s   model reply: in 5488 + cached 32531, out 101 (+26 reasoning)
   27.7s   tool bash: node /kit/rag.mjs entry country::DE country::IR well_wishes time_point duration subject activity request provides inform ask propose confirm correct decline apo
   27.9s turn 4
   31.8s   model reply: in 3636 + cached 36592, out 168 (+111 reasoning)
   31.8s   tool bash: node /kit/rag.mjs entry ask propose confirm correct decline apologize enables leads_to ongoing has_state allowed_to_enter policy_document requirement negation a
   31.9s turn 5
   46.5s   model reply: in 5570 + cached 36586, out 2048 (+1610 reasoning)
   46.5s   tool bash: node /kit/rag.mjs widen "edit the provided text" --kind action
node /kit/rag.mjs widen "speaker is a visiting researcher at Hagen University in Germany" --kind 
   50.2s turn 6
   62.2s   model reply: in 6868 + cached 40667, out 1748 (+1690 reasoning)
   62.2s   tool bash: node /kit/rag.mjs search "exists_in" "spatial_state" "motivated_by" "statement" "reason_for" "leads_to" "precedes" "conjunction"
   62.6s turn 7
   69.6s   model reply: in 6952 + cached 44740, out 95 (+53 reasoning)
   69.6s   tool bash: node /kit/rag.mjs entry exists_in spatial_state motivated_by statement reason_for leads_to then possesses instantiates
   70.0s turn 8
   73.9s   model reply: in 3873 + cached 48794, out 147 (+95 reasoning)
   73.9s   tool bash: node /kit/rag.mjs search "valid" "validity" "scholar" "researcher" "extension" "immigrat" "consulate" "embassy"
   74.0s turn 9
   77.9s   model reply: in 6267 + cached 48790, out 105 (+71 reasoning)
   77.9s   tool bash: node /kit/rag.mjs search "role_" "art_" "topic_" "style_"
   78.1s turn 10
   81.5s   model reply: in 3609 + cached 52845, out 98 (+48 reasoning)
   81.5s   tool bash: node /kit/rag.mjs entry role role_user role_agent role_customer role_friend art_short_text art_structured_report format_plain_text
   81.7s turn 11
   97.3s   model reply: in 4203 + cached 52829, out 2979 (+2933 reasoning)
   97.4s   tool bash: node /kit/rag.mjs search "text" "rewrite" "edit" "revise" "draft" "document" "passage" "email"
   98.2s turn 12
  103.6s   model reply: in 5415 + cached 56911, out 369 (+306 reasoning)
  103.6s   tool bash: node /kit/rag.mjs entry activity subject time_point duration negation obligation role has_state allowed_to_enter provides exists_in possesses statement recommen
  103.8s turn 13
  120.0s   model reply: in 3760 + cached 60972, out 2739 (+2717 reasoning)
  120.0s   tool bash: node /kit/rag.mjs check
  120.0s turn 14
  126.0s   model reply: in 6515 + cached 60972, out 580 (+482 reasoning)
  126.0s   tool bash: node /kit/rag.mjs entry activity subject time_point duration negation obligation role has_state allowed_to_enter provides exists_in possesses statement recommen
  126.1s turn 15
  137.6s   model reply: in 48767 + cached 0, out 120 (+80 reasoning)
  137.6s   tool bash: node /kit/rag.mjs entry exists_in possesses statement recommended leads_to supports contrast revises well_wishes inform
  137.7s turn 16
  141.0s   model reply: in 5023 + cached 44669, out 112 (+50 reasoning)
  141.0s   tool bash: node /kit/rag.mjs entry ask propose confirm correct respond decline apologize offer express_interest format_email format_plain_text locale_de unit_month unit_ye
  141.2s turn 17
  169.7s   model reply: in 2145 + cached 48719, out 5399 (+3829 reasoning)
  169.7s   tool write: /output/translation.md
  169.7s turn 18
  173.1s   model reply: in 7530 + cached 48737, out 38 (+16 reasoning)
  173.1s   tool bash: node /kit/rag.mjs check
  174.3s turn 19
  181.4s   model reply: in 4072 + cached 52783, out 725 (+694 reasoning)
  181.4s   tool bash: node /kit/rag.mjs widen "edit the provided text" --kind action
  181.6s turn 20
  217.5s   model reply: in 2827 + cached 56846, out 7120 (+5538 reasoning)
  217.5s   tool write: /output/translation.md
  218.3s turn 21
  222.1s   model reply: in 9920 + cached 56877, out 40 (+18 reasoning)
  222.1s   tool bash: node /kit/rag.mjs check
  223.4s turn 22
  228.0s   model reply: in 2401 + cached 64986, out 226 (+59 reasoning)
  228.2s agent finished
  228.2s agent finished
