    2.5s turn 1
    7.4s   model reply: in 30934 + cached 0, out 472 (+428 reasoning)
    7.4s   tool bash: node /kit/rag.mjs search "character trait" "property" "theory" "conditional" "question" "Charlie is not young"
    7.5s turn 2
   10.5s   model reply: in 4783 + cached 28454, out 125 (+83 reasoning)
   10.5s   tool bash: node /kit/rag.mjs entry property_question attribute_claim has_attribute possesses statement conditional conjunction negation character_trait character subject r
   10.6s turn 3
   13.9s   model reply: in 2647 + cached 32512, out 118 (+77 reasoning)
   13.9s   tool bash: node /kit/rag.mjs search "rule" "premise" "universal" "entity" "truth" "query"
   14.0s turn 4
   17.1s   model reply: in 4419 + cached 32505, out 127 (+84 reasoning)
   17.1s   tool bash: grep -E "^\| [a-z_]+ \| (constructor|claim_relation|speech_act)" /reference/glossary.md
   17.2s turn 5
   19.8s   model reply: in 2334 + cached 36563, out 64 (+27 reasoning)
   19.8s   tool bash: grep -E "^\| [a-z_]+ \| claim_relation \|" /reference/glossary.md
   19.9s turn 6
   30.2s   model reply: in 4336 + cached 36558, out 133 (+101 reasoning)
   30.2s   tool bash: node /kit/rag.mjs entry statement attribute_claim has_attribute lexical_label
   30.3s turn 7
   33.3s   model reply: in 5512 + cached 36547, out 75 (+40 reasoning)
   33.3s   tool bash: grep -E "^\| [a-z_]+ \| constructor \|" /reference/glossary.md
   33.5s turn 8
   36.6s   model reply: in 3327 + cached 40603, out 121 (+23 reasoning)
   36.6s   tool bash: python3 -c '
with open("/reference/glossary.md") as f:
    lines = f.readlines()
for line in lines:
    parts = [p.strip() for p in line.split("|")]
    if len(
   36.6s turn 9
   40.0s   model reply: in 3490 + cached 40584, out 138 (+20 reasoning)
   40.0s   tool bash: node -e '
const fs = require("fs");
const lines = fs.readFileSync("/reference/glossary.md", "utf8").split("\n");
for (const line of lines) {
  const parts = lin
   40.1s turn 10
   50.5s   model reply: in 0 + cached 0, out 0 (+0 reasoning)
   50.5s agent finished
   52.5s turn 11
   70.0s   model reply: in 5689 + cached 40582, out 132 (+12 reasoning)
   70.0s   tool bash: node -e '
const fs = require("fs");
const lines = fs.readFileSync("/reference/glossary.md", "utf8").split("\n");
for (const line of lines) {
  const parts = lin
   70.1s turn 12
   79.6s   model reply: in 2978 + cached 44632, out 1413 (+1381 reasoning)
   79.6s   tool bash: grep -i "proofwriter" /reference/* /attach/* 2>/dev/null
   79.7s turn 13
   83.3s   model reply: in 4409 + cached 44624, out 123 (+16 reasoning)
   83.3s   tool bash: node -e '
const fs = require("fs");
const lines = fs.readFileSync("/reference/examples.jsonl", "utf8").trim().split("\n");
for (const l of lines) {
  const ex =
   83.3s turn 14
   90.0s   model reply: in 4705 + cached 44607, out 661 (+631 reasoning)
   90.0s   tool bash: node /kit/rag.mjs widen "Bob is green" --kind claim
   90.2s turn 15
   98.0s   model reply: in 2436 + cached 48658, out 1180 (+1004 reasoning)
   98.0s   tool bash: node -e '
const fs = require("fs");
const text = fs.readFileSync("/reference/glossary.md", "utf8");
for (const match of text.matchAll(/\| ([^|]+) \| ([^|]+) \| 
   98.1s turn 16
  108.0s   model reply: in 52499 + cached 0, out 1549 (+1508 reasoning)
  108.2s   tool bash: node /kit/rag.mjs search "kind" "nice" "young" "furry" "cold" "green"
  109.3s turn 17
  116.6s   model reply: in 7089 + cached 48661, out 938 (+718 reasoning)
  116.6s   tool bash: node -e '
const fs = require("fs");
const lines = fs.readFileSync("/reference/glossary.md", "utf8").split("\n");
for (const line of lines) {
  const parts = lin
  116.9s turn 18
  128.1s   model reply: in 4944 + cached 52714, out 1842 (+1807 reasoning)
  128.1s   tool bash: node -e '
const fs = require("fs");
// test what rag check looks for
'
  128.3s turn 19
  147.1s   model reply: in 2738 + cached 56765, out 3679 (+3643 reasoning)
  147.1s   tool bash: node /kit/rag.mjs widen "introduce a set of premises or theory" --kind speech_act
  147.4s turn 20
  158.7s   model reply: in 8237 + cached 56795, out 188 (+145 reasoning)
  158.7s   tool bash: node /kit/rag.mjs search "base the answer only on the provided theory" "answer must be True, False, or Unknown"
  159.0s turn 21
  163.1s   model reply: in 4973 + cached 60839, out 238 (+217 reasoning)
  163.1s   tool bash: find /reference -maxdepth 3
  163.4s turn 22
  168.4s   model reply: in 5276 + cached 60821, out 100 (+78 reasoning)
  168.4s   tool bash: node /kit/rag.mjs check
  168.8s turn 23
  201.3s   model reply: in 5411 + cached 60802, out 1691 (+1309 reasoning)
  201.3s   tool bash: node -e '
const { execSync } = require("child_process");
const fs = require("fs");

const draft = `Status: success
Mode: REQUEST

## BrainCode

\`\`\`braincode

  201.6s turn 24
  220.1s   model reply: in 0 + cached 0, out 0 (+0 reasoning)
  220.1s agent finished
  222.1s turn 25
  235.8s   model reply: in 0 + cached 0, out 0 (+0 reasoning)
  235.8s agent finished
  239.8s turn 26
  251.6s   model reply: in 0 + cached 0, out 0 (+0 reasoning)
  251.6s agent finished
  259.6s turn 27
  282.5s   model reply: in 0 + cached 0, out 0 (+0 reasoning)
  282.5s agent finished
  298.5s turn 28
  368.4s   model reply: in 68713 + cached 0, out 1887 (+1781 reasoning)
  368.4s   tool bash: node /kit/rag.mjs widen "if something is young then it is furry" --kind claim
node /kit/rag.mjs widen "if something is nice and young then it is furry" --kind c
  369.1s turn 29
  408.5s   model reply: in 57976 + cached 0, out 5810 (+3741 reasoning)
  408.5s   tool bash: node -e '
const { execSync } = require("child_process");
const fs = require("fs");

const draft = `Status: success
Mode: REQUEST

## BrainCode

\`\`\`braincode

  408.6s turn 30
  414.9s   model reply: in 7666 + cached 56868, out 570 (+261 reasoning)
  414.9s   tool bash: node -e '
const { execSync } = require("child_process");
const fs = require("fs");

let draft = fs.readFileSync("/output/translation.md", "utf8");
draft = draft
  416.2s turn 31
  448.6s   model reply: in 4932 + cached 60920, out 3483 (+1485 reasoning)
  448.6s   tool write: /output/translation.md
  448.6s turn 32
  452.2s   model reply: in 4355 + cached 64984, out 43 (+21 reasoning)
  452.2s   tool bash: node /kit/rag.mjs check
  452.3s turn 33
  463.4s   model reply: in 5160 + cached 64970, out 278 (+72 reasoning)
  465.2s agent finished
  465.2s agent finished
