    6.5s turn 1
   15.4s   model reply: in 3 + cached 0, out 667 (+413 reasoning)
   15.4s   tool bash: node /kit/rag.mjs widen "one-way nonstop flight, airline United, passenger counts adults and senior" --kind constraint
   15.4s   tool bash: node /kit/rag.mjs widen "flight origin and destination cities with specific departure date and morning time" --kind temporal
   15.4s   tool bash: node /kit/rag.mjs widen "record browser UI clicking and typing into observed flight-search controls including blank labels" --kind action
   15.4s   tool bash: node /kit/rag.mjs widen "view deal for selected flight without claiming booking" --kind action
   15.4s   tool bash: node /kit/rag.mjs search "flight one way nonstop airline passenger count adults senior constraint" "record click button textbox dropdown observed UI element" "m
   23.8s turn 2
   44.5s   model reply: in 3 + cached 28790, out 1763 (+1714 reasoning)
   44.5s   tool bash: node /kit/rag.mjs entry web_element click type_text search_travel group_size location_spec time_point requirement ask select_option
   45.0s turn 3
   47.9s   model reply: in 3 + cached 38821, out 75 (+43 reasoning)
   47.9s   tool bash: node /kit/rag.mjs entry request
   49.0s turn 4
  116.1s   model reply: in 3 + cached 41631, out 7224 (+4720 reasoning)
  116.1s   tool write: /output/translation.md
  116.2s turn 5
  129.2s   model reply: in 3 + cached 41774, out 1474 (+398 reasoning)
  129.2s   tool write: /output/suggestions.md
  129.3s turn 6
  135.2s   model reply: in 3 + cached 49016, out 292 (+254 reasoning)
  135.2s   tool bash: node /kit/rag.mjs check --translation /output/translation.md
  137.0s turn 7
  150.8s   model reply: in 3 + cached 50508, out 1033 (+965 reasoning)
  150.8s   tool bash: node /kit/rag.mjs search "directive speech act asking an agent to perform an action" && node /kit/rag.mjs widen "directive speech act asking an agent to perform
  154.0s turn 8
  157.8s   model reply: in 3 + cached 51179, out 365 (+22 reasoning)
  157.8s   tool edit: /output/suggestions.md
  157.8s turn 9
  160.8s   model reply: in 3 + cached 53553, out 83 (+52 reasoning)
  160.8s   tool read: /output/suggestions.md
  161.0s turn 10
  165.5s   model reply: in 3 + cached 53955, out 404 (+61 reasoning)
  165.5s   tool edit: /output/suggestions.md
  165.6s turn 11
  170.2s   model reply: in 3 + cached 55056, out 152 (+34 reasoning)
  170.2s   tool edit: /output/suggestions.md
  170.3s turn 12
  173.5s   model reply: in 3 + cached 55497, out 202 (+9 reasoning)
  173.5s   tool edit: /output/suggestions.md
  173.6s turn 13
  175.5s   model reply: in 3 + cached 55673, out 46 (+15 reasoning)
  175.5s   tool read: /output/suggestions.md
  175.6s turn 14
  179.6s   model reply: in 3 + cached 55911, out 270 (+72 reasoning)
  179.6s   tool edit: /output/suggestions.md
  179.9s turn 15
  185.0s   model reply: in 3 + cached 56313, out 265 (+61 reasoning)
  185.0s   tool edit: /output/translation.md
  185.3s turn 16
  190.5s   model reply: in 3 + cached 56607, out 318 (+243 reasoning)
  190.5s   tool bash: node /kit/rag.mjs widen "record an observed UI update to traveler passenger counts and its resulting values" --kind action && node /kit/rag.mjs search "update t
  192.3s turn 17
  199.8s   model reply: in 3 + cached 56896, out 593 (+219 reasoning)
  199.8s   tool edit: /output/translation.md
  199.9s turn 18
  210.1s   model reply: in 3 + cached 59692, out 829 (+667 reasoning)
  210.1s   tool edit: /output/translation.md
  210.3s turn 19
  213.7s   model reply: in 3 + cached 60309, out 200 (+52 reasoning)
  213.7s   tool edit: /output/suggestions.md
  213.8s turn 20
  218.9s   model reply: in 3 + cached 61162, out 100 (+48 reasoning)
  219.0s agent finished
  219.0s agent finished
