    7.9s turn 1
   16.7s   model reply: in 3 + cached 0, out 828 (+236 reasoning)
   16.7s   tool bash: node /kit/rag.mjs widen "Find or search for a product" --kind action
   16.8s   tool bash: node /kit/rag.mjs widen "Power supply unit (PSU)" --kind object
   16.8s   tool bash: node /kit/rag.mjs widen "Cheapest / lowest price" --kind constraint
   16.8s   tool bash: node /kit/rag.mjs widen "At least 600W power output" --kind constraint
   16.8s   tool bash: node /kit/rag.mjs widen "Type text into search box" --kind action
   16.8s   tool bash: node /kit/rag.mjs widen "Search box labeled Search Site" --kind object
   16.8s   tool bash: node /kit/rag.mjs widen "Search text 600w power supply" --kind constraint
   16.8s   tool bash: node /kit/rag.mjs widen "Click search button" --kind action
   16.8s   tool bash: node /kit/rag.mjs widen "Search button icon" --kind object
   16.8s   tool bash: node /kit/rag.mjs widen "Click element" --kind action
   16.8s   tool bash: node /kit/rag.mjs widen "Filter element 600 W" --kind object
   16.8s   tool bash: node /kit/rag.mjs widen "Select option in combobox" --kind action
   16.8s   tool bash: node /kit/rag.mjs widen "Combobox Featured Items" --kind object
   16.8s   tool bash: node /kit/rag.mjs widen "Sort option Lowest Price" --kind constraint
   16.8s   tool bash: node /kit/rag.mjs widen "Click product image or listing" --kind action
   16.8s   tool bash: node /kit/rag.mjs widen "Hercules DUAL FAN 600w-Max ATX Power Supply SATA product listing" --kind object
   26.0s turn 2
   35.1s   model reply: in 3 + cached 26361, out 591 (+385 reasoning)
   35.1s   tool bash: node /kit/rag.mjs search "power output measured in watts" "power supply unit object kind" "minimum required power output"
   35.1s   tool bash: node /kit/rag.mjs search "request to find cheapest product with constraint" "speech act asking agent to search" "question or request target TERM"
   35.1s   tool bash: node /kit/rag.mjs entry ask request web_element at_least measure requirement type_text click select_option rank_price dir_asc sort
   35.1s   tool bash: node /kit/rag.mjs search "record action event UI operation type text click dropdown selection" "exact product name as selected listing"
   35.8s turn 3
   47.5s   model reply: in 3 + cached 51134, out 895 (+700 reasoning)
   47.5s   tool bash: node /kit/rag.mjs search "describe a requested search action as a TERM" "find products as a requested behavior TERM" "search for an item with filter and sort re
   47.5s   tool bash: node /kit/rag.mjs widen "Watt unit for power measurement" --kind constraint
   47.5s   tool bash: node /kit/rag.mjs search "unit watt W power" "electric power measurement unit watt" "product attribute power output"
   47.5s   tool bash: node /kit/rag.mjs entry activity search_web minimum_per_period has_attribute attribute_claim request constrained_by
   48.2s turn 4
   86.9s   model reply: in 3 + cached 55323, out 3904 (+2391 reasoning)
   86.9s   tool write: /output/translation.md
   86.9s turn 5
   94.4s   model reply: in 3 + cached 60954, out 673 (+0 reasoning)
   94.4s   tool write: /output/suggestions.md
   94.4s turn 6
   96.1s   model reply: in 3 + cached 64876, out 46 (+8 reasoning)
   96.1s   tool bash: node /kit/rag.mjs check --translation /output/translation.md
   97.0s turn 7
  106.9s   model reply: in 3 + cached 65567, out 718 (+648 reasoning)
  106.9s   tool edit: /output/translation.md
  106.9s turn 8
  112.6s   model reply: in 3 + cached 66069, out 163 (+132 reasoning)
  112.6s   tool read: /output/translation.md
  112.6s turn 9
  115.4s   model reply: in 3 + cached 66829, out 198 (+20 reasoning)
  115.4s   tool edit: /output/translation.md
  115.4s turn 10
  117.0s   model reply: in 3 + cached 68439, out 49 (+0 reasoning)
  117.0s   tool edit: /output/suggestions.md
  117.0s turn 11
  118.8s   model reply: in 3 + cached 68661, out 36 (+0 reasoning)
  118.8s   tool bash: node /kit/rag.mjs check --translation /output/translation.md
  118.9s turn 12
  129.2s   model reply: in 3 + cached 68734, out 929 (+768 reasoning)
  129.2s   tool edit: /output/translation.md
  129.3s turn 13
  134.7s   model reply: in 3 + cached 69203, out 341 (+272 reasoning)
  134.7s agent finished
  134.7s agent finished
