   11.2s turn 1
   21.2s   model reply: in 26456 + cached 0, out 1406 (+1343 reasoning)
   21.2s   tool bash: node /kit/rag.mjs entry ask offer express_interest confirm acknowledge inform propose respond activity decision include indicator issue offer_help requirement s
   23.3s turn 2
   26.3s   model reply: in 5422 + cached 24368, out 98 (+54 reasoning)
   26.3s   tool bash: node /kit/rag.mjs entry subject enables failure user_practice user_preference warning works_best cat_game role_agent role_user
   26.7s turn 3
   31.9s   model reply: in 2703 + cached 28419, out 397 (+341 reasoning)
   31.9s   tool bash: node /kit/rag.mjs search "video game" "game title" "game platform" "level boss puzzle quest achievement" "glitch error bug" "tailored solution" "looking forward
   33.2s turn 4
   36.2s   model reply: in 5192 + cached 28420, out 70 (+35 reasoning)
   36.2s   tool bash: node /kit/rag.mjs widen "user is failing to complete a video game" --kind claim
   36.9s turn 5
   40.1s   model reply: in 2971 + cached 32474, out 88 (+34 reasoning)
   40.1s   tool bash: node /kit/rag.mjs search "express_interest" "statement" "request" "involves" "meets_needs" "leads_to" "important" "recommended"
   40.5s turn 6
   42.4s   model reply: in 0 + cached 0, out 0 (+0 reasoning)
   42.5s agent finished
   44.5s turn 7
   58.1s   model reply: in 0 + cached 0, out 0 (+0 reasoning)
   58.1s agent finished
   62.1s turn 8
   73.7s   model reply: in 0 + cached 0, out 0 (+0 reasoning)
   73.7s agent finished
   81.8s turn 9
  174.4s   model reply: in 37957 + cached 0, out 89 (+51 reasoning)
  174.4s   tool bash: node /kit/rag.mjs entry property_question request statement involves leads_to important recommended meets_needs provides considered
  174.5s turn 10
  183.7s   model reply: in 2693 + cached 36524, out 110 (+84 reasoning)
  183.7s   tool bash: grep -i "game" /reference/glossary.md
  183.8s turn 11
  190.2s   model reply: in 2845 + cached 36505, out 82 (+42 reasoning)
  190.2s   tool bash: grep -E "\| (constructor|speech_act|claim_relation|composite) \|" /reference/glossary.md
  190.2s turn 12
  198.1s   model reply: in 4775 + cached 36503, out 133 (+54 reasoning)
  198.1s   tool bash: grep -iE "(\bhelp\b|\bassist\b|\btailor\b|\bquest\b|\bboss\b|\berror\b|\bglitch\b|\bdetail\b|\banticipat\b|\bforward\b)" /reference/glossary.md
  198.1s turn 13
  216.9s   model reply: in 5098 + cached 36486, out 74 (+26 reasoning)
  216.9s   tool bash: grep -E "^\| [a-zA-Z0-9_]+ \| (constructor|composite|claim_relation) \|" /reference/glossary.md
  217.0s turn 14
  283.8s   model reply: in 2916 + cached 40538, out 83 (+31 reasoning)
  283.8s   tool bash: grep -E "^\| [e-z][a-zA-Z0-9_]+ \| (constructor|composite|claim_relation) \|" /reference/glossary.md
  283.9s turn 15
  287.8s   model reply: in 4769 + cached 40535, out 75 (+23 reasoning)
  287.8s   tool bash: grep -E "^\| [p-z][a-zA-Z0-9_]+ \| (constructor|composite|claim_relation) \|" /reference/glossary.md
  287.9s turn 16
  293.2s   model reply: in 2503 + cached 44586, out 73 (+27 reasoning)
  293.2s   tool bash: grep -E "^\| [a-z][a-zA-Z0-9_]+ \| claim_relation \|" /reference/glossary.md
  293.3s turn 17
  302.5s   model reply: in 4510 + cached 44585, out 61 (+15 reasoning)
  302.5s   tool bash: grep -E "^\| [m-z][a-zA-Z0-9_]+ \| claim_relation \|" /reference/glossary.md
  302.6s turn 18
  307.0s   model reply: in 2399 + cached 48637, out 72 (+28 reasoning)
  307.0s   tool bash: grep -E "^\| [a-z][a-zA-Z0-9_]+ \| link \|" /reference/glossary.md
  307.2s turn 19
  327.9s   model reply: in 2708 + cached 48619, out 3512 (+3464 reasoning)
  327.9s   tool bash: node /kit/rag.mjs search "failing to complete" "unable to complete" "stuck" "difficulty" "help user" "request help"
  328.1s turn 20
  331.9s   model reply: in 7865 + cached 48649, out 111 (+75 reasoning)
  331.9s   tool bash: node /kit/rag.mjs widen "Assistant confirms willingness and readiness to help" --kind speech_act
  332.2s turn 21
  341.6s   model reply: in 5262 + cached 52697, out 202 (+165 reasoning)
  341.6s   tool bash: node /kit/rag.mjs widen "Help the user overcome a difficult part in a game" --kind action
  341.8s turn 22
  345.4s   model reply: in 3364 + cached 56751, out 213 (+17 reasoning)
  345.4s   tool bash: node /kit/rag.mjs widen "Assistant asks the user for more information about their issue" --kind speech_act
node /kit/rag.mjs widen "Name or title of the game be
  348.4s turn 23
  353.9s   model reply: in 6932 + cached 56764, out 157 (+35 reasoning)
  353.9s   tool bash: node /kit/rag.mjs widen "Specific level, boss fight, puzzle, quest, or achievement where the user is stuck" --kind object
node /kit/rag.mjs widen "Error message
  355.6s turn 24
  359.0s   model reply: in 6343 + cached 60831, out 83 (+18 reasoning)
  359.0s   tool bash: node /kit/rag.mjs widen "Providing more details allows the assistant to create a better tailored solution" --kind reasoning
node /kit/rag.mjs widen "Assistant e
  359.6s turn 25
  363.3s   model reply: in 5468 + cached 64895, out 61 (+28 reasoning)
  363.3s   tool bash: node /kit/rag.mjs entry well_wishes attitude role_agent role_user
  363.5s turn 26
  374.4s   model reply: in 46734 + cached 0, out 77 (+38 reasoning)
  374.4s   tool bash: node /kit/rag.mjs search "greeting" "looking forward" "anticipation" "details" "solution"
  374.6s turn 27
  377.7s   model reply: in 3565 + cached 44657, out 88 (+42 reasoning)
  377.7s   tool bash: grep -E "^\| [a-z][a-zA-Z0-9_]+ \| speech_act \|" /reference/glossary.md
  377.7s turn 28
  381.3s   model reply: in 4142 + cached 44642, out 59 (+15 reasoning)
  381.3s   tool bash: grep -E "^\| [a-z][a-zA-Z0-9_]+ \| constructor \|" /reference/glossary.md
  381.4s turn 29
  384.6s   model reply: in 6001 + cached 44638, out 61 (+17 reasoning)
  384.6s   tool bash: node /kit/rag.mjs search "property_question" "subject" "offer_help" "greeting" "well_wishes"
  384.8s turn 30
  388.9s   model reply: in 3647 + cached 48690, out 91 (+60 reasoning)
  388.9s   tool bash: node /kit/rag.mjs entry property_question subject issue indicator conjunction include requirement
  389.1s turn 31
  394.2s   model reply: in 4979 + cached 48682, out 88 (+37 reasoning)
  394.2s   tool bash: grep -E "^\| [a-z][a-zA-Z0-9_]+ \| constructor \|" /reference/glossary.md | tail -n 35
  394.3s turn 32
  397.6s   model reply: in 2763 + cached 52734, out 59 (+13 reasoning)
  397.6s   tool bash: grep -E "^\| [a-z][a-zA-Z0-9_]+ \| claim_relation \|" /reference/glossary.md
  397.7s turn 33
  401.3s   model reply: in 4757 + cached 52732, out 66 (+13 reasoning)
  401.3s   tool bash: grep -E "^\| [a-z][a-zA-Z0-9_]+ \| claim_relation \|" /reference/glossary.md | tail -n 25
  401.4s turn 34
  405.2s   model reply: in 2237 + cached 56782, out 158 (+119 reasoning)
  405.2s   tool bash: node /kit/rag.mjs entry enables statement request attribute_claim attitude confirm ask express_interest offer acknowledge inform propose respond
  405.3s turn 35
  409.2s   model reply: in 3581 + cached 56773, out 54 (+31 reasoning)
  409.2s   tool bash: node /kit/rag.mjs entry negation
  409.3s turn 36
  420.6s   model reply: in 3734 + cached 56754, out 1905 (+1424 reasoning)
  420.6s   tool write: /output/translation.md
  420.8s turn 37
  424.5s   model reply: in 5648 + cached 56749, out 54 (+24 reasoning)
  424.5s   tool bash: node /kit/rag.mjs check --translation /output/translation.md
  425.2s turn 38
  455.5s   model reply: in 2033 + cached 60785, out 4823 (+4783 reasoning)
  455.5s   tool bash: node /kit/rag.mjs entry subject property_question activity negation statement enables attitude confirm express_interest offer acknowledge ask indicator conjunct
  455.7s turn 39
  464.3s   model reply: in 8757 + cached 60829, out 1098 (+125 reasoning)
  464.3s   tool write: /output/translation.md
  464.4s turn 40
  480.8s   model reply: in 42507 + cached 0, out 54 (+24 reasoning)
  480.8s   tool bash: node /kit/rag.mjs check --translation /output/translation.md
  481.1s turn 41
  508.2s   model reply: in 2404 + cached 40546, out 4036 (+3057 reasoning)
  508.2s   tool write: /output/translation.md
  508.3s turn 42
  512.0s   model reply: in 6431 + cached 40559, out 53 (+23 reasoning)
  512.0s   tool bash: node /kit/rag.mjs check --translation /output/translation.md
  512.3s turn 43
  521.1s   model reply: in 2833 + cached 44599, out 1115 (+1085 reasoning)
  521.1s   tool bash: node /kit/rag.mjs check --translation /output/translation.md
  521.8s turn 44
  527.5s   model reply: in 48936 + cached 0, out 318 (+17 reasoning)
  527.5s agent finished
  527.5s agent finished
