    1.8s turn 1
   21.5s   model reply: in 31458 + cached 0, out 1692 (+1657 reasoning)
   21.5s   tool bash: node /kit/rag.mjs search "move" "garbage can" "turn" "walk"
   21.7s turn 2
   39.4s   model reply: in 5853 + cached 28461, out 87 (+69 reasoning)
   39.4s   tool bash: ls -la /reference
   39.4s turn 3
   46.1s   model reply: in 2097 + cached 32508, out 34 (+13 reasoning)
   46.1s   tool bash: cat /reference/examples.jsonl
   46.1s turn 4
   68.9s   model reply: in 3312 + cached 32497, out 1661 (+1626 reasoning)
   68.9s   tool bash: node /kit/rag.mjs search "propose" "activity" "request" "turn"
   69.1s turn 5
   86.5s   model reply: in 6208 + cached 32499, out 1557 (+1525 reasoning)
   86.5s   tool bash: node /kit/rag.mjs entry turn walk pick_up place walk_backward look
   86.6s turn 6
   93.5s   model reply: in 4582 + cached 36560, out 104 (+59 reasoning)
   93.5s   tool bash: node /kit/rag.mjs entry right_of in_front_of other_side_of between on under behind next_to left_of
   93.6s turn 7
  100.3s   model reply: in 5162 + cached 36545, out 86 (+46 reasoning)
  100.3s   tool bash: node /kit/rag.mjs search "direction" "left" "right" "around" "forward" "straight"
  100.5s turn 8
  103.9s   model reply: in 2816 + cached 40599, out 72 (+45 reasoning)
  103.9s   tool bash: grep -i '"turn"' /reference/glossary.jsonl
  104.0s turn 9
  109.1s   model reply: in 3081 + cached 40580, out 232 (+205 reasoning)
  109.1s   tool bash: grep -i 'direction' /reference/glossary.jsonl
  109.1s turn 10
  115.2s   model reply: in 4716 + cached 40574, out 155 (+132 reasoning)
  115.2s   tool bash: node /kit/rag.mjs --help
  115.2s turn 11
  119.4s   model reply: in 4927 + cached 40556, out 40 (+18 reasoning)
  119.4s   tool bash: node /kit/rag.mjs needs
  133.3s turn 12
  147.3s   model reply: in 3396 + cached 44615, out 2071 (+2038 reasoning)
  147.3s   tool bash: node /kit/rag.mjs widen "just before the green garbage can" --kind constraint
  147.5s turn 13
  161.1s   model reply: in 7224 + cached 44629, out 1939 (+1892 reasoning)
  161.1s   tool bash: node -e '
import("/kit/rag.mjs").then(async m => {
  console.log("rag module loaded");
})
'
  161.1s turn 14
  165.6s   model reply: in 5147 + cached 48683, out 132 (+102 reasoning)
  165.6s   tool bash: node /kit/rag.mjs entry trash_can desk bed mug lamp laptop
  165.7s turn 15
  169.9s   model reply: in 5596 + cached 48667, out 86 (+44 reasoning)
  169.9s   tool bash: node /kit/rag.mjs search "room" "stuffed bear" "bear" "end of the bed" "teddy"
  170.1s turn 16
  183.0s   model reply: in 3035 + cached 52716, out 1870 (+1839 reasoning)
  183.0s   tool bash: node /kit/rag.mjs entry desk bed mug lamp laptop trash_can textbook
  183.1s turn 17
  194.7s   model reply: in 5289 + cached 52717, out 1451 (+465 reasoning)
  194.7s   tool bash: node -e '
const fs = require("fs");
const testDraft1 = `Status: success
Mode: REQUEST

## BrainCode

\`\`\`braincode
MODE REQUEST
ENTRYPOINT Textbook
TASK Textb
  194.9s turn 18
  202.2s   model reply: in 3666 + cached 56774, out 890 (+863 reasoning)
  202.2s   tool bash: node /kit/rag.mjs entry walk place pick_up
  202.3s turn 19
  210.9s   model reply: in 5218 + cached 56768, out 986 (+957 reasoning)
  210.9s   tool bash: grep -i 'right_of' /reference/glossary.jsonl
  211.0s turn 20
  214.4s   model reply: in 2236 + cached 60784, out 80 (+51 reasoning)
  214.4s   tool bash: grep -i 'spatial-relation' /reference/glossary.jsonl
  214.4s turn 21
  218.3s   model reply: in 3623 + cached 60777, out 195 (+166 reasoning)
  218.3s   tool bash: grep -i '"pick_up"' /reference/glossary.jsonl
  218.4s turn 22
  224.6s   model reply: in 4071 + cached 60711, out 636 (+606 reasoning)
  224.6s   tool bash: grep 'category": "spatial-relation"' /reference/glossary.jsonl
  224.7s turn 23
  228.4s   model reply: in 5731 + cached 60709, out 57 (+29 reasoning)
  228.4s   tool bash: grep '"kind": "constructor"' /reference/glossary.jsonl
  228.4s turn 24
  240.6s   model reply: in 4061 + cached 64763, out 1718 (+1684 reasoning)
  240.6s   tool bash: node /kit/rag.mjs search "descriptor" "entity" "color" "landmark"
  240.8s turn 25
  257.4s   model reply: in 56088 + cached 0, out 49 (+21 reasoning)
  257.4s   tool bash: node /kit/rag.mjs entry spatial_constraint spatial_state
  257.5s turn 26
  261.0s   model reply: in 3630 + cached 52665, out 80 (+45 reasoning)
  261.0s   tool bash: grep '"kind": "constructor"' /reference/glossary.jsonl | head -n 30
  261.0s turn 27
  265.2s   model reply: in 6033 + cached 52669, out 89 (+55 reasoning)
  265.2s   tool bash: grep -E '"(pick_up|walk|place)"' /reference/examples.jsonl
  265.2s turn 28
  269.0s   model reply: in 2101 + cached 56700, out 41 (+16 reasoning)
  269.0s   tool bash: head -n 5 /reference/examples.jsonl
  269.0s turn 29
  272.0s   model reply: in 3319 + cached 56693, out 42 (+17 reasoning)
  272.0s   tool bash: tail -n +6 /reference/examples.jsonl
  272.0s turn 30
  289.2s   model reply: in 0 + cached 0, out 0 (+0 reasoning)
  289.3s agent finished
  291.3s turn 31
  398.7s   model reply: in 60057 + cached 0, out 868 (+843 reasoning)
  398.7s   tool bash: node /kit/rag.mjs entry lexical_label
  398.8s turn 32
  412.1s   model reply: in 4728 + cached 56667, out 2184 (+1184 reasoning)
  412.1s   tool bash: node -e '
const fs = require("fs");
const testDraft2 = `Status: success
Mode: REQUEST

## BrainCode

\`\`\`braincode
MODE REQUEST
ENTRYPOINT Textbook
TASK Textb
  412.3s turn 33
  425.7s   model reply: in 64524 + cached 0, out 1514 (+474 reasoning)
  425.7s   tool bash: node -e '
const fs = require("fs");
const testDraft3 = `Status: success
Mode: REQUEST

## BrainCode

\`\`\`braincode
MODE REQUEST
ENTRYPOINT Textbook
TASK Textb
  425.9s turn 34
  442.3s   model reply: in 6273 + cached 60735, out 2709 (+1622 reasoning)
  442.3s   tool bash: node -e '
const fs = require("fs");
const testDraft4 = `Status: success
Mode: REQUEST

## BrainCode

\`\`\`braincode
MODE REQUEST
ENTRYPOINT Textbook
TASK Textb
  442.5s turn 35
  460.0s   model reply: in 50141 + cached 0, out 1647 (+609 reasoning)
  460.0s   tool write: /output/translation.md
  460.0s turn 36
  462.7s   model reply: in 3090 + cached 48702, out 62 (+32 reasoning)
  462.7s   tool bash: node /kit/rag.mjs check --translation /output/translation.md
  462.8s turn 37
  466.7s   model reply: in 4133 + cached 48691, out 123 (+24 reasoning)
  466.7s agent finished
  466.7s agent finished
