    1.7s turn 1
   31.0s   model reply: in 27759 + cached 0, out 911 (+862 reasoning)
   31.0s   tool bash: node /kit/rag.mjs search "work hours" "morale" "productivity" "stress" "part-time job" "multiple jobs" "hobbies"
   31.1s turn 2
   36.9s   model reply: in 6315 + cached 24374, out 86 (+37 reasoning)
   36.9s   tool bash: node /kit/rag.mjs search "job" "employment" "work" "balance" "income" "schedule" "time" "opinion" "belief"
   37.0s turn 3
   49.0s   model reply: in 4845 + cached 28436, out 75 (+34 reasoning)
   49.0s   tool bash: grep -E "claim_relation|constructor|composite|link" /reference/glossary.md | head -n 40
   49.1s turn 4
   65.8s   model reply: in 2636 + cached 32492, out 54 (+20 reasoning)
   65.8s   tool bash: grep -E "\| (claim_relation|link) \|" /reference/glossary.md
   65.8s turn 5
   71.8s   model reply: in 4635 + cached 32487, out 47 (+19 reasoning)
   71.8s   tool bash: grep -E "\| constructor \|" /reference/glossary.md
   71.8s turn 6
   77.6s   model reply: in 2422 + cached 36543, out 47 (+10 reasoning)
   77.6s   tool bash: grep -E "\| claim_relation \|" /reference/glossary.md | tail -n +30
   77.7s turn 7
   92.1s   model reply: in 4420 + cached 36539, out 1111 (+1061 reasoning)
   92.1s   tool bash: node /kit/rag.mjs entry ask confirm inform supports contrast leads_to causes enables occurred_recently user_practice at_least measure requirement subject activi
   92.3s turn 8
   98.5s   model reply: in 3456 + cached 40604, out 80 (+45 reasoning)
   98.5s   tool bash: node /kit/rag.mjs search "property question" "problem" "issue" "question"
   98.7s turn 9
  102.8s   model reply: in 4719 + cached 40594, out 50 (+13 reasoning)
  102.8s   tool bash: node /kit/rag.mjs entry property_question issue topic_school_work_routine attribute_claim statement
  102.9s turn 10
  108.2s   model reply: in 5769 + cached 40583, out 95 (+47 reasoning)
  108.2s   tool bash: node /kit/rag.mjs search "morale" "productivity" "growth" "overtime" "hobbies" "leisure" "part-time"
  108.4s turn 11
  112.3s   model reply: in 3764 + cached 44639, out 76 (+26 reasoning)
  112.3s   tool bash: grep -E "\| (constructor|composite) \|" /reference/glossary.md | awk -F'|' '{print $2, $3, $4}'
  112.3s turn 12
  116.1s   model reply: in 5889 + cached 44637, out 53 (+7 reasoning)
  116.1s   tool bash: grep -E "\| composite \|" /reference/glossary.md | awk -F'|' '{print $2, $3, $4}'
  116.2s turn 13
  119.5s   model reply: in 2583 + cached 48680, out 70 (+17 reasoning)
  119.5s   tool bash: grep -E "\| constructor \|" /reference/glossary.md | tail -n +25 | awk -F'|' '{print $2, $3, $4}'
  119.5s turn 14
  124.0s   model reply: in 4271 + cached 48675, out 214 (+186 reasoning)
  124.0s   tool bash: node /kit/rag.mjs entry role_user role_agent
  124.1s turn 15
  153.0s   model reply: in 4595 + cached 48658, out 5062 (+3477 reasoning)
  153.0s   tool write: /output/translation.md
  153.0s turn 16
  165.6s   model reply: in 5583 + cached 52736, out 53 (+23 reasoning)
  165.6s   tool bash: node /kit/rag.mjs check --translation /output/translation.md
  165.8s turn 17
  175.8s   model reply: in 2250 + cached 56778, out 1435 (+1405 reasoning)
  175.8s   tool bash: node /kit/rag.mjs check --translation /output/translation.md
  175.9s turn 18
  179.6s   model reply: in 4342 + cached 56777, out 183 (+10 reasoning)
  179.6s agent finished
  179.6s agent finished
