    2.0s turn 1
   14.4s   model reply: in 29249 + cached 0, out 907 (+862 reasoning)
   14.4s   tool bash: node /kit/rag.mjs search "story" "plot" "medieval" "adaptation" "movie" "half-life" "inception"
   14.6s turn 2
   22.8s   model reply: in 3620 + cached 28446, out 92 (+33 reasoning)
   22.8s   tool bash: node /kit/rag.mjs search "ask" "request" "propose" "generate" "provides" "has_title" "title" "setting" "dream" "character" "narrative"
   23.0s turn 3
   32.8s   model reply: in 7003 + cached 28450, out 383 (+311 reasoning)
   32.8s   tool bash: node /kit/rag.mjs entry ask propose respond inform activity character character_trait aesthetic obligation sequence conjunction substitute temporal_context time
   32.9s turn 4
   45.2s   model reply: in 5347 + cached 32512, out 110 (+58 reasoning)
   45.2s   tool bash: node /kit/rag.mjs entry request has_goal opposes provides enables unaware created_by document_section dog role_support_team art_story style_narrative cat_game
   45.4s turn 5
   71.0s   model reply: in 2728 + cached 36566, out 3277 (+3231 reasoning)
   71.0s   tool bash: node /kit/rag.mjs entry subject document_section cat_game role_user role_agent aesthetic character temporal_context time_horizon self_protection
   71.1s turn 6
   98.7s   model reply: in 7146 + cached 36577, out 4082 (+4058 reasoning)
   98.7s   tool bash: node /kit/rag.mjs check --help
   98.7s turn 7
  122.9s   model reply: in 7171 + cached 40650, out 3771 (+2485 reasoning)
  122.9s   tool write: /output/translation.md
  122.9s turn 8
  126.9s   model reply: in 6879 + cached 44717, out 54 (+24 reasoning)
  126.9s   tool bash: node /kit/rag.mjs check --translation /output/translation.md
  127.0s turn 9
  138.0s   model reply: in 3476 + cached 48767, out 1496 (+1466 reasoning)
  138.0s   tool bash: node /kit/rag.mjs check --translation /output/translation.md
  138.1s turn 10
  141.4s   model reply: in 5570 + cached 48762, out 82 (+19 reasoning)
  141.5s agent finished
  141.5s agent finished
