    2.0s turn 1
   12.5s   model reply: in 30400 + cached 0, out 710 (+651 reasoning)
   12.5s   tool bash: node /kit/rag.mjs search "octopus intelligence" "brain-to-body ratio" "escape tank nightly" "enrichment toy" "puzzle feeder" "solitary animal" "cannibalism pred
   12.7s turn 2
   19.8s   model reply: in 4641 + cached 28453, out 143 (+46 reasoning)
   19.8s   tool bash: grep -E "^\| (property_question|attribute_claim|rate|activity|possesses|causes|enables|leads_to|opposes|recommended|supports|contrast|rejects|user_preference|va
   19.8s turn 3
   23.5s   model reply: in 2176 + cached 32509, out 99 (+49 reasoning)
   23.5s   tool bash: grep -E "^\| [a-z0-9_]+ \| (claim_relation|constructor|speech_act|link) \|" /reference/glossary.md
   23.6s turn 4
   33.4s   model reply: in 4127 + cached 32503, out 1413 (+1346 reasoning)
   33.4s   tool bash: node /kit/rag.mjs entry ask attribute_claim property_question subject rate size_large open cardboard_box sponge safe recommended causes leads_to opposes negatio
   33.5s turn 5
   37.1s   model reply: in 3493 + cached 36571, out 120 (+83 reasoning)
   37.1s   tool bash: node /kit/rag.mjs search "safe" "security" "escape" "tank" "toy"
   37.2s turn 6
   46.0s   model reply: in 5008 + cached 36563, out 1267 (+1231 reasoning)
   46.0s   tool bash: node /kit/rag.mjs search "role_user" "user" "agent" "speaker"
   46.1s turn 7
   49.2s   model reply: in 3418 + cached 40624, out 60 (+32 reasoning)
   49.2s   tool bash: node /kit/rag.mjs entry role_user role_agent
   49.4s turn 8
   52.8s   model reply: in 3590 + cached 40605, out 117 (+82 reasoning)
   52.8s   tool bash: grep -E "CLAIM .* BY " /reference/glossary.md | head -n 30
   52.8s turn 9
   59.5s   model reply: in 3924 + cached 40587, out 646 (+611 reasoning)
   59.5s   tool bash: grep -E "property_question|animal_label|subject\(" /reference/glossary.md
   59.5s turn 10
   63.1s   model reply: in 5636 + cached 40582, out 155 (+130 reasoning)
   63.1s   tool bash: node /kit/rag.mjs entry lexical_label
   63.2s turn 11
   75.0s   model reply: in 2218 + cached 44625, out 1765 (+1725 reasoning)
   75.0s   tool bash: grep -E "^\| [a-z0-9_]+ \| claim_relation \|" /reference/glossary.md
   75.1s turn 12
   78.6s   model reply: in 5904 + cached 44637, out 63 (+16 reasoning)
   78.6s   tool bash: grep -E "^\| [a-z0-9_]+ \| claim_relation \|" /reference/glossary.md | tail -n +30
   78.7s turn 13
   84.3s   model reply: in 52551 + cached 0, out 365 (+328 reasoning)
   84.3s   tool bash: node /kit/rag.mjs search "comparison" "ability" "behavior" "stimulation" "consult"
   84.5s turn 14
   88.1s   model reply: in 5565 + cached 48687, out 79 (+48 reasoning)
   88.1s   tool bash: node /kit/rag.mjs entry similarity possesses statement attribute_claim meets_needs
   88.3s turn 15
  110.5s   model reply: in 2398 + cached 52731, out 3695 (+3671 reasoning)
  110.5s   tool bash: node /kit/rag.mjs check --help
  110.6s turn 16
  125.6s   model reply: in 6096 + cached 52744, out 2357 (+2330 reasoning)
  125.6s   tool bash: node /kit/rag.mjs entry color_label::color
  125.8s turn 17
  150.9s   model reply: in 4505 + cached 56802, out 5046 (+2338 reasoning)
  150.9s   tool bash: cat << 'EOF' > /output/translation.md
Status: success
Mode: TRACE

## BrainCode

```braincode
MODE TRACE
ENTRYPOINT Conversation
CONVO Conversation {
  TURN t1 
  151.1s turn 18
  156.8s   model reply: in 6165 + cached 60889, out 461 (+386 reasoning)
  156.8s   tool bash: node -e '
const fs = require("fs");
const rag = fs.readFileSync("/kit/rag.mjs", "utf8");
console.log(rag.slice(rag.indexOf("check("), rag.indexOf("check(") + 20
  156.9s turn 19
  160.3s   model reply: in 2583 + cached 64932, out 60 (+32 reasoning)
  160.3s   tool bash: grep -C 5 "DECL" /kit/rag.mjs
  160.4s turn 20
  164.4s   model reply: in 2674 + cached 64911, out 43 (+21 reasoning)
  164.4s   tool bash: grep -rn "DECL" /kit/
  164.5s turn 21
  169.9s   model reply: in 0 + cached 0, out 0 (+0 reasoning)
  170.0s agent finished
  171.9s turn 22
  201.2s   model reply: in 0 + cached 0, out 0 (+0 reasoning)
  201.2s agent finished
  205.2s turn 23
  231.8s   model reply: in 0 + cached 0, out 0 (+0 reasoning)
  231.8s agent finished
  239.8s turn 24
  292.6s   model reply: in 0 + cached 0, out 0 (+0 reasoning)
  292.6s agent finished
  308.6s turn 25
  440.9s   model reply: in 67638 + cached 0, out 50 (+20 reasoning)
  440.9s   tool bash: grep -C 10 "Coverage check" /kit/rag.mjs
  441.0s turn 26
  451.8s   model reply: in 2828 + cached 64870, out 54 (+28 reasoning)
  451.8s   tool bash: head -n 50 /kit/rag.mjs
  451.8s turn 27
  484.0s   model reply: in 3638 + cached 64858, out 3157 (+391 reasoning)
  484.0s   tool bash: cat << 'EOF' > /output/translation.md
Status: success
Mode: TRACE

## BrainCode

```braincode
MODE TRACE
ENTRYPOINT Conversation
CONVO Conversation {
  TURN t1 
  484.1s turn 28
  519.9s   model reply: in 51014 + cached 0, out 481 (+451 reasoning)
  519.9s   tool bash: node /kit/rag.mjs check --translation /output/translation.md
  520.0s turn 29
  536.6s   model reply: in 3507 + cached 48689, out 2778 (+15 reasoning)
  536.6s agent finished
  536.6s agent finished
