    6.5s turn 1
   51.7s   model reply: in 0 + cached 0, out 0 (+0 reasoning)
   51.7s agent finished
   53.7s turn 2
   67.3s   model reply: in 0 + cached 0, out 0 (+0 reasoning)
   67.3s agent finished
   71.3s turn 3
   82.6s   model reply: in 0 + cached 0, out 0 (+0 reasoning)
   82.6s agent finished
   90.6s turn 4
  113.0s   model reply: in 0 + cached 0, out 0 (+0 reasoning)
  113.0s agent finished
  129.0s turn 5
  242.6s   model reply: in 2453 + cached 0, out 10613 (+10596 reasoning)
  242.6s   tool read: /trajectory.txt
  242.7s turn 6
  294.6s   model reply: in 13914 + cached 0, out 7778 (+7760 reasoning)
  294.6s   tool bash: mkdir -p /output
  294.6s turn 7
  304.4s   model reply: in 9562 + cached 12133, out 1213 (+694 reasoning)
  304.4s   tool write: /output/reconstruction.md
  304.4s turn 8
  307.6s   model reply: in 2700 + cached 20213, out 40 (+20 reasoning)
  307.6s   tool read: /output/reconstruction.md
  307.6s turn 9
  311.6s   model reply: in 3246 + cached 20200, out 53 (+39 reasoning)
  311.6s agent finished
  311.6s agent finished
