    1.5s turn 1
    5.2s   model reply: in 15445 + cached 0, out 154 (+137 reasoning)
    5.2s   tool bash: ls -la /
    5.3s turn 2
    8.2s   model reply: in 4282 + cached 12100, out 52 (+30 reasoning)
    8.2s   tool bash: ls -la /kit /reference /attach
    8.3s turn 3
   14.4s   model reply: in 4881 + cached 12091, out 43 (+23 reasoning)
   14.4s   tool bash: cat /kit/README.md
   14.4s turn 4
   17.8s   model reply: in 2058 + cached 16119, out 51 (+30 reasoning)
   17.8s   tool bash: cat /reference/examples.jsonl
   17.8s turn 5
   22.1s   model reply: in 3280 + cached 16118, out 234 (+216 reasoning)
   22.1s   tool bash: cat /trajectory.txt
   22.1s turn 6
   25.2s   model reply: in 4999 + cached 16122, out 56 (+34 reasoning)
   25.3s   tool bash: ls -la /workspace /session /output
   25.3s turn 7
   28.8s   model reply: in 5333 + cached 16110, out 47 (+25 reasoning)
   28.8s   tool bash: cat /kit/needs_prompt.md
   28.8s turn 8
   34.5s   model reply: in 2039 + cached 20129, out 662 (+631 reasoning)
   34.5s   tool bash: grep -i "prism" /reference/* /kit/* 2>/dev/null
   34.5s turn 9
   65.5s   model reply: in 2720 + cached 20120, out 5262 (+5226 reasoning)
   65.5s   tool bash: grep -n "property_question" /reference/glossary.md /reference/glossary.jsonl
   65.6s turn 10
   68.6s   model reply: in 8126 + cached 20173, out 83 (+47 reasoning)
   68.6s   tool bash: grep -A 10 "v19/support/decision" /reference/glossary.jsonl
   68.6s turn 11
   80.5s   model reply: in 2542 + cached 28257, out 1629 (+1588 reasoning)
   80.5s   tool bash: grep -i "rule_support_primitives_general" /reference/glossary.md /reference/glossary.jsonl
   80.5s turn 12
  140.7s   model reply: in 0 + cached 0, out 0 (+0 reasoning)
  140.7s agent finished
  142.7s turn 13
  156.7s   model reply: in 0 + cached 0, out 0 (+0 reasoning)
  156.7s agent finished
  160.7s turn 14
  172.0s   model reply: in 0 + cached 0, out 0 (+0 reasoning)
  172.0s agent finished
  180.0s turn 15
  202.8s   model reply: in 0 + cached 0, out 0 (+0 reasoning)
  202.8s agent finished
  218.8s turn 16
  352.6s   model reply: in 32729 + cached 0, out 14507 (+14245 reasoning)
  352.6s   tool write: /output/reconstruction.md
  352.6s turn 17
  376.1s   model reply: in 47241 + cached 0, out 43 (+23 reasoning)
  376.1s   tool read: /output/reconstruction.md
  376.1s turn 18
  383.7s   model reply: in 2954 + cached 44566, out 105 (+81 reasoning)
  383.7s agent finished
  383.7s agent finished
