    6.2s turn 1
   16.1s   model reply: in 1705 + cached 0, out 1222 (+1205 reasoning)
   16.1s   tool bash: ls -la /
   16.2s turn 2
   18.3s   model reply: in 3672 + cached 0, out 55 (+38 reasoning)
   18.3s   tool read: /trajectory.txt
   18.4s turn 3
   20.9s   model reply: in 3826 + cached 0, out 43 (+19 reasoning)
   20.9s   tool read: /attach/1-format-reconstruction.md
   20.9s turn 4
   46.2s   model reply: in 4036 + cached 0, out 3108 (+3089 reasoning)
   46.2s   tool bash: xxd /trajectory.txt
   46.3s turn 5
   48.5s   model reply: in 7167 + cached 0, out 52 (+21 reasoning)
   48.5s   tool bash: python3 -c "print(repr(open('/trajectory.txt').read()))"
   48.5s turn 6
   57.0s   model reply: in 3331 + cached 3911, out 50 (+12 reasoning)
   57.0s   tool bash: node -e "console.log(JSON.stringify(fs.readFileSync('/trajectory.txt', 'utf8')))"
   57.1s turn 7
   90.0s   model reply: in 3504 + cached 3904, out 4262 (+4146 reasoning)
   90.0s   tool write: /output/reconstruction.md
   90.0s turn 8
   93.4s   model reply: in 11675 + cached 0, out 51 (+31 reasoning)
   93.4s   tool read: /output/reconstruction.md
   93.4s turn 9
   96.6s   model reply: in 3901 + cached 7915, out 49 (+28 reasoning)
   96.6s agent finished
   96.6s agent finished
