    2.0s turn 1
   52.1s   model reply: in 28018 + cached 0, out 468 (+446 reasoning)
   52.1s   tool bash: node /kit/rag.mjs check
   52.1s turn 2
   69.1s   model reply: in 4144 + cached 24358, out 805 (+771 reasoning)
   69.1s   tool bash: grep -rn "alfred" /reference/ /attach/ 2>/dev/null || true
   69.2s turn 3
   88.8s   model reply: in 29377 + cached 0, out 48 (+21 reasoning)
   88.8s   tool bash: find / -name "*alfred*" 2>/dev/null
   88.9s turn 4
   96.9s   model reply: in 5106 + cached 24329, out 49 (+24 reasoning)
   96.9s   tool bash: ls -la /reference /kit /doc_formats /
   96.9s turn 5
  128.6s   model reply: in 2589 + cached 28378, out 46 (+16 reasoning)
  128.6s   tool read: /reference/examples.jsonl
  128.6s turn 6
  133.6s   model reply: in 3813 + cached 28366, out 65 (+33 reasoning)
  133.6s   tool bash: node /kit/rag.mjs entry turn walk face pick_up place close open drop
  133.7s turn 7
  140.4s   model reply: in 4987 + cached 28359, out 40 (+20 reasoning)
  140.4s   tool bash: cat /item_raw.txt
  140.4s turn 8
  155.4s   model reply: in 5170 + cached 28342, out 598 (+564 reasoning)
  155.4s   tool bash: grep -rn "CONVO" /reference/ /attach/ 2>/dev/null || true
  155.4s turn 9
  170.3s   model reply: in 3640 + cached 32397, out 1974 (+1868 reasoning)
  170.3s   tool bash: node -e '
const fs = require("fs");
const needs = JSON.parse(fs.readFileSync("/needs.json", "utf8"));
console.log(JSON.stringify(needs.map(n => ({ id: n.id, kin
  170.3s turn 10
  173.7s   model reply: in 9898 + cached 28350, out 119 (+98 reasoning)
  173.7s   tool bash: cat /kit/rag.mjs
  173.7s turn 11
  177.3s   model reply: in 3453 + cached 36447, out 65 (+43 reasoning)
  177.3s   tool bash: node /kit/rag.mjs health
  177.5s turn 12
  196.0s   model reply: in 3634 + cached 36420, out 2197 (+2164 reasoning)
  196.0s   tool bash: grep -rn "TURN" /reference/ /attach/ 2>/dev/null || true
  196.1s turn 13
  200.8s   model reply: in 8136 + cached 36447, out 107 (+75 reasoning)
  200.8s   tool read: /reference/language-spec.md
  200.8s turn 14
  211.4s   model reply: in 5747 + cached 40490, out 1160 (+397 reasoning)
  211.4s   tool write: /output/translation.md
  211.5s turn 15
  215.4s   model reply: in 15017 + cached 32384, out 38 (+16 reasoning)
  215.4s   tool bash: node /kit/rag.mjs check
  215.7s turn 16
  225.2s   model reply: in 3694 + cached 44516, out 1089 (+1060 reasoning)
  225.2s   tool bash: node /kit/rag.mjs entry ask propose respond request activity sequence then
  225.4s turn 17
  235.6s   model reply: in 5781 + cached 44519, out 1097 (+1058 reasoning)
  235.6s   tool bash: node /kit/rag.mjs search "Go right" "turn left" "face the sink" "salt shaker"
  235.8s turn 18
  241.0s   model reply: in 4006 + cached 48571, out 209 (+184 reasoning)
  241.0s   tool bash: node /kit/rag.mjs entry object_label
  241.2s turn 19
  248.1s   model reply: in 4340 + cached 48555, out 558 (+534 reasoning)
  248.1s   tool bash: node /kit/rag.mjs entry close open
  248.2s turn 20
  252.0s   model reply: in 5065 + cached 48543, out 104 (+78 reasoning)
  252.0s   tool bash: node /kit/rag.mjs entry door microwave sink table
  252.1s turn 21
  260.0s   model reply: in 5361 + cached 48527, out 555 (+513 reasoning)
  260.0s   tool bash: node /kit/rag.mjs entry object_label::door object_label::microwave object_label::sink object_label::table
  260.1s turn 22
  265.5s   model reply: in 10442 + cached 44476, out 274 (+244 reasoning)
  265.5s   tool bash: node /kit/rag.mjs search "close door" "shut door"
  265.6s turn 23
  269.0s   model reply: in 3250 + cached 52552, out 70 (+40 reasoning)
  269.0s   tool bash: grep -rn '"symbol": "close"' /reference/glossary.jsonl
  269.0s turn 24
  289.8s   model reply: in 3465 + cached 52535, out 4080 (+2973 reasoning)
  289.8s   tool write: /output/translation.md
  289.8s turn 25
  293.7s   model reply: in 7524 + cached 52560, out 38 (+16 reasoning)
  293.7s   tool bash: node /kit/rag.mjs check
  293.8s turn 26
  297.2s   model reply: in 4285 + cached 56592, out 155 (+121 reasoning)
  297.2s   tool bash: node /kit/rag.mjs entry object_label::saltshaker object_label::salt
  297.4s turn 27
  302.2s   model reply: in 4694 + cached 56577, out 414 (+383 reasoning)
  302.2s   tool bash: node /kit/rag.mjs widen "Then / sequential step" --kind temporal
  302.4s turn 28
  309.9s   model reply: in 2455 + cached 60621, out 1199 (+95 reasoning)
  309.9s   tool write: /output/translation.md
  309.9s turn 29
  313.4s   model reply: in 3667 + cached 60612, out 37 (+15 reasoning)
  313.4s   tool bash: node /kit/rag.mjs check
  313.7s turn 30
  319.3s   model reply: in 4427 + cached 60601, out 406 (+381 reasoning)
  319.3s   tool bash: node /kit/rag.mjs entry then wait sequence
  319.5s turn 31
  327.7s   model reply: in 5068 + cached 60589, out 1324 (+215 reasoning)
  327.7s   tool write: /output/translation.md
  327.7s turn 32
  330.7s   model reply: in 2364 + cached 64621, out 41 (+19 reasoning)
  330.7s   tool bash: node /kit/rag.mjs check
  330.9s turn 33
  351.2s   model reply: in 0 + cached 0, out 0 (+0 reasoning)
  351.2s agent finished
  353.3s turn 34
  366.9s   model reply: in 0 + cached 0, out 0 (+0 reasoning)
  366.9s agent finished
  370.9s turn 35
  397.5s   model reply: in 0 + cached 0, out 0 (+0 reasoning)
  397.5s agent finished
  405.6s turn 36
  458.5s   model reply: in 0 + cached 0, out 0 (+0 reasoning)
  458.5s agent finished
  474.5s turn 37
  623.0s   model reply: in 67745 + cached 0, out 7052 (+5932 reasoning)
  623.0s   tool write: /output/translation.md
  623.0s turn 38
  684.0s   model reply: in 52000 + cached 0, out 37 (+15 reasoning)
  684.0s   tool bash: node /kit/rag.mjs check
  684.2s turn 39
  704.3s   model reply: in 52749 + cached 0, out 2436 (+1316 reasoning)
  704.3s   tool write: /output/translation.md
  704.3s turn 40
  719.3s   model reply: in 2559 + cached 52630, out 40 (+18 reasoning)
  719.3s   tool bash: node /kit/rag.mjs check
  719.4s turn 41
  728.8s   model reply: in 3324 + cached 52617, out 275 (+44 reasoning)
  728.9s agent finished
  728.9s agent finished
