    1.8s turn 1
    8.1s   model reply: in 12522 + cached 0, out 685 (+665 reasoning)
    8.1s   tool bash: ls -la /kit || true
    8.2s turn 2
   11.3s   model reply: in 13374 + cached 0, out 57 (+35 reasoning)
   11.3s   tool bash: cat /kit/README.md || true
   11.3s turn 3
   14.8s   model reply: in 2534 + cached 12059, out 51 (+31 reasoning)
   14.8s   tool bash: ls -la /reference || true
   14.8s turn 4
   18.1s   model reply: in 2802 + cached 12046, out 53 (+30 reasoning)
   18.1s   tool bash: cat /reference/examples.jsonl || true
   18.1s turn 5
   38.8s   model reply: in 4023 + cached 12048, out 2414 (+2384 reasoning)
   38.8s   tool bash: grep -i "spatial_constraint" /reference/glossary.md || true
   38.9s turn 6
   42.4s   model reply: in 2456 + cached 16087, out 63 (+38 reasoning)
   42.4s   tool bash: grep -in "alfred" /reference/* || true
   42.5s turn 7
   46.4s   model reply: in 2540 + cached 16069, out 75 (+35 reasoning)
   46.4s   tool bash: node /kit/rag.mjs entry walk turn face place pick_up spatial_constraint left_of in on next_to
   46.5s turn 8
   51.0s   model reply: in 3727 + cached 16070, out 59 (+27 reasoning)
   51.0s   tool bash: grep -n "rule_operations_general" /reference/glossary.md || true
   51.1s turn 9
   68.9s   model reply: in 3875 + cached 16055, out 2253 (+2235 reasoning)
   68.9s   tool bash: mkdir -p /output
   68.9s turn 10
   75.2s   model reply: in 6114 + cached 16072, out 580 (+478 reasoning)
   75.2s   tool write: /output/reconstruction.md
   75.3s turn 11
   78.8s   model reply: in 2694 + cached 20077, out 39 (+19 reasoning)
   78.8s   tool read: /output/reconstruction.md
   78.8s turn 12
   82.3s   model reply: in 2825 + cached 20061, out 55 (+36 reasoning)
   82.4s agent finished
   82.4s agent finished
