    1.9s turn 1
    8.3s   model reply: in 32087 + cached 0, out 913 (+870 reasoning)
    8.3s   tool bash: node /kit/rag.mjs search "conserved region" "copy number variation" "control region" "responsible for" "enzyme"
    8.5s turn 2
   11.6s   model reply: in 5951 + cached 28461, out 114 (+22 reasoning)
   11.6s   tool bash: grep -i "gene" /reference/glossary.md || true
grep -i "dna" /reference/glossary.md || true
grep -i "bio" /reference/glossary.md || true
grep -i "sequence" /refe
   11.9s turn 3
   15.8s   model reply: in 3785 + cached 32520, out 195 (+135 reasoning)
   15.8s   tool bash: node /kit/rag.mjs entry attribute_claim has_attribute subject negation spatial_state spatial_constraint possesses sequence conjunction activity unaware trained_
   16.0s turn 4
   18.5s   model reply: in 6020 + cached 32516, out 65 (+28 reasoning)
   18.5s   tool bash: node /kit/rag.mjs search "property question" "location of" "ask where" "query"
   18.7s turn 5
   22.2s   model reply: in 3226 + cached 36569, out 50 (+16 reasoning)
   22.2s   tool bash: node /kit/rag.mjs entry property_question exists_in inform ask respond propose decline recommend
   22.3s turn 6
   36.5s   model reply: in 3879 + cached 36554, out 2595 (+2552 reasoning)
   36.5s   tool bash: node /kit/rag.mjs search "method" "procedure" "protocol" "step" "workflow" "recommend" "consult"
   36.7s turn 7
   39.5s   model reply: in 8378 + cached 36567, out 39 (+10 reasoning)
   39.5s   tool bash: node /kit/rag.mjs entry recommended role_user role_agent
   39.8s turn 8
   56.3s   model reply: in 4525 + cached 40612, out 2883 (+2822 reasoning)
   56.3s   tool bash: node /kit/rag.mjs entry sequence conjunction activity spatial_state spatial_constraint possesses unaware trained_for role recommended varies_by_location leads_t
   56.4s turn 9
   59.2s   model reply: in 5366 + cached 44691, out 60 (+31 reasoning)
   59.2s   tool bash: node /kit/rag.mjs entry next_to in on behind under
   59.5s turn 10
   73.7s   model reply: in 5645 + cached 44674, out 2588 (+2563 reasoning)
   73.7s   tool bash: node /kit/rag.mjs search "outside"
   73.8s turn 11
   76.8s   model reply: in 4433 + cached 48737, out 41 (+12 reasoning)
   76.8s   tool bash: grep "| spatial-relation |" /reference/glossary.md || true
   76.8s turn 12
   90.1s   model reply: in 4843 + cached 48720, out 2410 (+2358 reasoning)
   90.1s   tool bash: node /kit/rag.mjs entry platform_label::bowtie platform_label::bwa platform_label::cnvkit platform_label::freec platform_label::varseq
   90.2s turn 13
  108.6s   model reply: in 4447 + cached 52790, out 3622 (+1621 reasoning)
  108.6s   tool write: /output/translation.md
  108.7s turn 14
  111.6s   model reply: in 4007 + cached 56856, out 54 (+24 reasoning)
  111.6s   tool bash: node /kit/rag.mjs check --translation /output/translation.md
  112.0s turn 15
  120.9s   model reply: in 0 + cached 0, out 0 (+0 reasoning)
  120.9s agent finished
  122.9s turn 16
  136.6s   model reply: in 0 + cached 0, out 0 (+0 reasoning)
  136.6s agent finished
  140.6s turn 17
  167.3s   model reply: in 0 + cached 0, out 0 (+0 reasoning)
  167.3s agent finished
  175.3s turn 18
  249.6s   model reply: in 61701 + cached 0, out 541 (+505 reasoning)
  249.6s   tool bash: grep -n "DECL" /kit/rag.mjs -A 10 -B 10
  249.6s turn 19
  260.5s   model reply: in 5425 + cached 56827, out 40 (+16 reasoning)
  260.5s   tool bash: grep -rn "DECL" /kit/ || true
  260.6s turn 20
  272.5s   model reply: in 5488 + cached 56807, out 46 (+15 reasoning)
  272.5s   tool bash: grep -n "check" /kit/rag.mjs -A 30
  272.5s turn 21
  281.1s   model reply: in 62989 + cached 0, out 60 (+28 reasoning)
  281.1s   tool bash: node /kit/rag.mjs check --json --translation /output/translation.md
  281.3s turn 22
  305.0s   model reply: in 3686 + cached 60214, out 3173 (+1136 reasoning)
  305.0s   tool write: /output/translation.md
  305.0s turn 23
  312.2s   model reply: in 6829 + cached 60248, out 55 (+25 reasoning)
  312.2s   tool bash: node /kit/rag.mjs check --translation /output/translation.md
  312.3s turn 24
  316.2s   model reply: in 3657 + cached 64259, out 91 (+59 reasoning)
  316.2s   tool bash: node /kit/rag.mjs check --json --translation /output/translation.md
  316.3s turn 25
  323.7s   model reply: in 5208 + cached 63650, out 305 (+286 reasoning)
  323.7s   tool read: /output/translation.md
  323.7s turn 26
  336.9s   model reply: in 50440 + cached 0, out 245 (+54 reasoning)
  336.9s agent finished
  336.9s agent finished
