    3.3s turn 1
   18.8s   model reply: in 29577 + cached 0, out 2845 (+2804 reasoning)
   18.8s   tool bash: node /kit/rag.mjs search "edit text" "visa" "embassy" "rewrite" "visiting researcher"
   19.1s turn 2
   22.3s   model reply: in 5411 + cached 28458, out 110 (+58 reasoning)
   22.3s   tool bash: node /kit/rag.mjs search "edit" "revise" "scholar" "university" "extension" "policy" "consult" "contact" "advice" "recommend"
   22.6s turn 3
   26.3s   model reply: in 4229 + cached 32523, out 110 (+45 reasoning)
   26.3s   tool bash: grep -iE "visa|embassy|research|scholar|valid|expire|extend|contact|apply|legal|smooth|transition|stay|reside|tehran|iran|germany|hagen" /reference/glossary.md
   26.4s turn 4
   32.3s   model reply: in 38559 + cached 0, out 427 (+46 reasoning)
   32.3s   tool bash: node -e '
const fs = require("fs");
const lines = fs.readFileSync("/reference/glossary.md", "utf8").split("\n");
const entries = [];
for (const line of lines) {
   32.3s turn 5
   37.4s   model reply: in 3402 + cached 36571, out 245 (+25 reasoning)
   37.4s   tool bash: node -e '
const fs = require("fs");
const lines = fs.readFileSync("/reference/glossary.md", "utf8").split("\n");
const valuesByCategory = {};
for (const line of
   37.4s turn 6
   47.7s   model reply: in 5627 + cached 36567, out 1303 (+1198 reasoning)
   47.7s   tool bash: node /kit/rag.mjs widen "edit the provided text" --kind action
node /kit/rag.mjs widen "speaker is a visiting researcher at Hagen University in Germany" --kind 
   48.5s turn 7
   52.3s   model reply: in 6068 + cached 40643, out 124 (+38 reasoning)
   52.3s   tool bash: node -e '
const fs = require("fs");
const lines = fs.readFileSync("/reference/glossary.md", "utf8").split("\n");
for (const line of lines) {
  if (line.includes
   52.3s turn 8
   55.6s   model reply: in 4066 + cached 44702, out 114 (+9 reasoning)
   55.6s   tool bash: node -e '
const fs = require("fs");
const lines = fs.readFileSync("/reference/glossary.md", "utf8").split("\n");
let count = 0;
for (const line of lines) {
  if
   55.8s turn 9
   60.9s   model reply: in 6084 + cached 44696, out 387 (+352 reasoning)
   60.9s   tool bash: node /kit/rag.mjs entry location_spec property_question conditional decision time_horizon measure statement
   61.1s turn 10
   71.0s   model reply: in 3302 + cached 48749, out 1483 (+1405 reasoning)
   71.0s   tool bash: node /kit/rag.mjs search "apply for a visa extension" "speaker is currently in Iran and will likely stay there until end of August" "inquire whether visa extens
   71.2s turn 11
   74.7s   model reply: in 6332 + cached 48751, out 114 (+36 reasoning)
   74.7s   tool bash: node /kit/rag.mjs search "advise contacting the German Embassy in Tehran for visa extension details" "advise applying well before visa expiration date" "applyin
   74.9s turn 12
   78.7s   model reply: in 4027 + cached 52807, out 99 (+64 reasoning)
   78.7s   tool bash: node /kit/rag.mjs entry apologize acknowledge ask confirm correct decline express_interest inform offer propose respond
   78.9s turn 13
   91.3s   model reply: in 4838 + cached 52793, out 2142 (+2120 reasoning)
   91.3s   tool bash: node /kit/rag.mjs check
   91.4s turn 14
   97.8s   model reply: in 2938 + cached 56851, out 63 (+35 reasoning)
   97.8s   tool bash: node /kit/rag.mjs entry country::DE country::IR
   98.1s turn 15
  104.2s   model reply: in 3371 + cached 56834, out 425 (+374 reasoning)
  104.2s   tool bash: node /kit/rag.mjs search "visiting researcher" "stay" "reside" "valid" "expire" "extension" "embassy" "consulate"
  104.6s turn 16
  108.9s   model reply: in 6012 + cached 56835, out 227 (+180 reasoning)
  108.9s   tool bash: node /kit/rag.mjs entry attribute_claim role exists_in possesses ongoing enables causes recommended well_wishes location_spec time_point activity subject statem
  109.8s turn 17
  114.0s   model reply: in 4208 + cached 60893, out 182 (+138 reasoning)
  114.0s   tool bash: node /kit/rag.mjs entry provides request allowed_to_enter prohibited policy_document policy_revision_request dialogue substitute supports revises contrast
  114.3s turn 18
  133.7s   model reply: in 5555 + cached 60884, out 3267 (+3241 reasoning)
  133.7s   tool bash: grep -i "activity(" /reference/glossary.md
  133.7s turn 19
  148.4s   model reply: in 49863 + cached 0, out 63 (+33 reasoning)
  148.4s   tool bash: grep -E "\| claim_relation \|" /reference/glossary.md
  148.4s turn 20
  151.3s   model reply: in 3153 + cached 48706, out 56 (+19 reasoning)
  151.3s   tool bash: grep -E "\| claim_relation \|" /reference/glossary.md | tail -n 35
  151.4s turn 21
  154.5s   model reply: in 5105 + cached 48703, out 44 (+16 reasoning)
  154.5s   tool bash: grep -E "\| constructor \|" /reference/glossary.md
  154.5s turn 22
  158.2s   model reply: in 2892 + cached 52756, out 113 (+39 reasoning)
  158.2s   tool bash: grep -E "\| constructor \|" /reference/glossary.md | grep -E "text|email|policy|substitute|replace|message|statement|document|requirement|request|location|subje
  158.5s turn 23
  161.7s   model reply: in 4852 + cached 52753, out 77 (+9 reasoning)
  161.7s   tool bash: grep -E "\| constructor \|" /reference/glossary.md | grep -E "policy|substitute|replace|statement|document|requirement|request|location|subject|time|duration|we
  161.9s turn 24
  182.8s   model reply: in 2278 + cached 56803, out 4170 (+4130 reasoning)
  182.8s   tool bash: node /kit/rag.mjs entry has_goal has_attribute has_state motivated_by reason_for leads_to
  182.9s turn 25
  205.4s   model reply: in 7124 + cached 56825, out 3856 (+2159 reasoning)
  205.4s   tool bash: cat << 'EOF' > /output/translation.md
Status: success
Mode: TRACE

## BrainCode

```braincode
MODE TRACE
ENTRYPOINT Conversation
CONVO Conversation {
  TURN t1 
  206.2s turn 26
  223.7s   model reply: in 7430 + cached 60899, out 2671 (+2581 reasoning)
  223.7s   tool bash: node /kit/rag.mjs widen "edit the provided text" --kind action
node /kit/rag.mjs widen "apply for a visa extension" --kind action
node /kit/rag.mjs widen "Germa
  227.9s turn 27
  242.5s   model reply: in 48994 + cached 0, out 740 (+704 reasoning)
  242.6s   tool bash: node -e "
const fs = require('fs');
// Let's test how check works
"
  242.7s turn 28
  246.4s   model reply: in 5009 + cached 44728, out 192 (+40 reasoning)
  246.4s   tool bash: cat << 'EOF' > /tmp/test_check.md
Status: success
Mode: TRACE

## BrainCode

```braincode
MODE TRACE
ENTRYPOINT Conversation
CONVO Conversation {
  TURN t1 SPEA
  247.4s turn 29
  280.9s   model reply: in 5749 + cached 44713, out 5726 (+4029 reasoning)
  280.9s   tool bash: cat << 'EOF' > /output/translation.md
Status: success
Mode: TRACE

## BrainCode

```braincode
MODE TRACE
ENTRYPOINT Conversation
CONVO Conversation {
  TURN t1 
  281.2s turn 30
  291.9s   model reply: in 7912 + cached 48800, out 1871 (+176 reasoning)
  291.9s agent finished
  291.9s agent finished
