    2.3s turn 1
   24.8s   model reply: in 14101 + cached 0, out 4190 (+4173 reasoning)
   24.8s   tool bash: ls -la /
   24.9s turn 2
   28.1s   model reply: in 6948 + cached 12126, out 45 (+25 reasoning)
   28.1s   tool bash: ls -la /kit /reference
   28.2s turn 3
   30.9s   model reply: in 3344 + cached 16155, out 47 (+27 reasoning)
   30.9s   tool read: /reference/examples.jsonl
   31.0s turn 4
   33.6s   model reply: in 4565 + cached 16151, out 37 (+18 reasoning)
   33.6s   tool read: /kit/README.md
   33.6s turn 5
   36.7s   model reply: in 5767 + cached 16148, out 40 (+23 reasoning)
   36.7s   tool bash: ls -la /
   36.7s turn 6
   39.4s   model reply: in 2562 + cached 20176, out 29 (+12 reasoning)
   39.4s   tool read: /prompt.md
   39.4s turn 7
   76.8s   model reply: in 3066 + cached 20164, out 7018 (+6654 reasoning)
   76.8s   tool write: /output/reconstruction.md
   76.8s turn 8
   80.4s   model reply: in 10034 + cached 20219, out 39 (+19 reasoning)
   80.4s   tool read: /output/reconstruction.md
   80.4s turn 9
   83.5s   model reply: in 2339 + cached 28291, out 55 (+32 reasoning)
   83.5s agent finished
   83.5s agent finished
