    1.8s turn 1
   10.3s   model reply: in 28345 + cached 0, out 1249 (+1200 reasoning)
   10.3s   tool bash: node /kit/rag.mjs search "mother-in-law" "narcissistic" "therapist" "boyfriend" "boundaries" "partner"
   10.5s turn 2
   13.9s   model reply: in 6909 + cached 24378, out 89 (+33 reasoning)
   13.9s   tool bash: node /kit/rag.mjs entry self_protection interpersonal_stance activity obligation recommended attitude comfortable focus_of enables leads_to motivated_by opposes
   14.1s turn 3
   25.3s   model reply: in 4978 + cached 28437, out 1062 (+1014 reasoning)
   25.3s   tool bash: node /kit/rag.mjs search "boundary" "boundaries" "counseling" "relationship" "family" "advice" "partner" "communication"
   25.5s turn 4
   30.9s   model reply: in 4136 + cached 32503, out 520 (+453 reasoning)
   30.9s   tool bash: node /kit/rag.mjs entry ask propose respond inform dialogue offer_help activity obligation self_protection interpersonal_stance negation exclude recommended att
   31.0s turn 5
   34.1s   model reply: in 2640 + cached 36565, out 108 (+66 reasoning)
   34.1s   tool bash: node /kit/rag.mjs entry leads_to motivated_by opposes possesses prohibited role varies_with property_question trained_for important
   34.2s turn 6
   51.4s   model reply: in 3981 + cached 36555, out 3222 (+3200 reasoning)
   51.4s   tool bash: node /kit/rag.mjs check
   51.4s turn 7
   56.0s   model reply: in 7215 + cached 36559, out 303 (+90 reasoning)
   56.0s   tool write: /output/translation.md
   56.1s turn 8
   59.4s   model reply: in 3481 + cached 40600, out 37 (+15 reasoning)
   59.4s   tool bash: node /kit/rag.mjs check
   59.5s turn 9
   88.4s   model reply: in 4180 + cached 40586, out 6142 (+4433 reasoning)
   88.4s   tool write: /output/translation.md
   88.4s turn 10
   91.9s   model reply: in 6241 + cached 44671, out 37 (+15 reasoning)
   91.9s   tool bash: node /kit/rag.mjs check
   92.0s turn 11
  113.7s   model reply: in 3166 + cached 48720, out 4519 (+2795 reasoning)
  113.7s   tool write: /output/translation.md
  113.7s turn 12
  116.8s   model reply: in 7677 + cached 48732, out 37 (+15 reasoning)
  116.8s   tool bash: node /kit/rag.mjs check
  117.0s turn 13
  124.4s   model reply: in 4603 + cached 52780, out 918 (+783 reasoning)
  124.4s agent finished
  124.4s agent finished
