    3.7s turn 1
   13.4s   model reply: in 33988 + cached 0, out 1148 (+1110 reasoning)
   13.4s   tool bash: node /kit/rag.mjs search "weekend" "two ideas" "reward" "scavenger hunt"
   13.7s turn 2
   20.4s   model reply: in 3727 + cached 32540, out 746 (+649 reasoning)
   20.4s   tool bash: node /kit/rag.mjs entry activity ask propose respond well_wishes greeting motivated_by enables important recommended sequence conjunction temporal_context time_
   20.5s turn 3
   23.8s   model reply: in 6528 + cached 32538, out 131 (+61 reasoning)
   23.8s   tool bash: node /kit/rag.mjs entry obligation promotional_event requirement distinguish role_daughter role_kids daytime nighttime style_academic gift egift_card waterproof
   24.0s turn 4
   32.4s   model reply: in 4233 + cached 36596, out 1147 (+1090 reasoning)
   32.4s   tool bash: node /kit/rag.mjs search "weekend" "award ceremony" "academic performance" "picnic" "scavenger hunt" "science experiments" "movie night" "diploma or trophy"
   33.2s turn 5
   37.6s   model reply: in 3602 + cached 40666, out 122 (+83 reasoning)
   37.6s   tool bash: node /kit/rag.mjs search "activity" "propose" "requirement" "conjunction" "sequence"
   38.0s turn 6
   41.6s   model reply: in 5268 + cached 40657, out 89 (+49 reasoning)
   41.6s   tool bash: grep -E "\| (constructor|claim_relation|speech_act|link) \|" /reference/glossary.md
   41.7s turn 7
   46.1s   model reply: in 3145 + cached 44715, out 355 (+314 reasoning)
   46.1s   tool bash: node /kit/rag.mjs search "weekend" "day off" "reward" "academic performance" "time_point"
   46.6s turn 8
   66.8s   model reply: in 5079 + cached 44709, out 3386 (+3341 reasoning)
   66.8s   tool bash: node /kit/rag.mjs entry ice_cream apple dried_fruit fruit_juice well_wishes animal_label food_label object_label
   66.9s turn 9
   83.4s   model reply: in 5085 + cached 48782, out 2279 (+1604 reasoning)
   83.4s   tool write: /output/translation.md
   83.4s turn 10
   86.8s   model reply: in 3311 + cached 52839, out 63 (+33 reasoning)
   86.8s   tool bash: node /kit/rag.mjs check --translation /output/translation.md
   87.0s turn 11
   97.0s   model reply: in 4018 + cached 52824, out 1499 (+1465 reasoning)
   97.0s   tool bash: node /kit/rag.mjs entry request recommended works_best motivated_by enables important supports contrast
   97.5s turn 12
  109.3s   model reply: in 6080 + cached 52819, out 1500 (+1462 reasoning)
  109.3s   tool bash: node /kit/rag.mjs search "role_user" "role_agent" "user" "agent"
  110.2s turn 13
  138.9s   model reply: in 4808 + cached 56882, out 5585 (+3990 reasoning)
  138.9s   tool write: /output/translation.md
  138.9s turn 14
  143.9s   model reply: in 6316 + cached 60963, out 62 (+32 reasoning)
  143.9s   tool bash: node /kit/rag.mjs check --translation /output/translation.md
  144.4s turn 15
  162.4s   model reply: in 3032 + cached 65012, out 3004 (+1436 reasoning)
  162.4s   tool write: /output/translation.md
  162.5s turn 16
  177.7s   model reply: in 57816 + cached 0, out 53 (+23 reasoning)
  177.7s   tool bash: node /kit/rag.mjs check --translation /output/translation.md
  178.2s turn 17
  201.9s   model reply: in 5717 + cached 52829, out 3271 (+3241 reasoning)
  201.9s   tool bash: node /kit/rag.mjs check --translation /output/translation.md
  202.0s turn 18
  210.8s   model reply: in 5593 + cached 56901, out 270 (+81 reasoning)
  210.8s agent finished
  210.8s agent finished
