    2.5s turn 1
    6.0s   model reply: in 0 + cached 0, out 0 (+0 reasoning)
    6.0s agent finished
    8.0s turn 2
   52.2s   model reply: in 0 + cached 0, out 0 (+0 reasoning)
   52.2s agent finished
   56.2s turn 3
  126.2s   model reply: in 4793 + cached 20292, out 1408 (+1366 reasoning)
  126.2s   tool bash: node /kit/rag.mjs entry cat_game offer_help ask offer acknowledge express_interest enables failure raises_exception indicator subject activity
  126.3s turn 4
  136.8s   model reply: in 4070 + cached 24358, out 114 (+67 reasoning)
  136.8s   tool bash: node /kit/rag.mjs search "video game" "game" "stuck" "glitch" "error" "solution" "tailor"
  137.0s turn 5
  143.4s   model reply: in 6085 + cached 24355, out 85 (+50 reasoning)
  143.4s   tool bash: node /kit/rag.mjs widen "user is unable to complete a video game" --kind claim
  143.6s turn 6
  149.4s   model reply: in 3875 + cached 28409, out 72 (+45 reasoning)
  149.4s   tool bash: grep "| claim_relation |" /reference/glossary.md
  149.5s turn 7
  158.0s   model reply: in 5883 + cached 28406, out 91 (+51 reasoning)
  158.0s   tool bash: node /kit/rag.mjs search "question" "game" "part" "information" "details" "solution"
  158.1s turn 8
  164.0s   model reply: in 3530 + cached 32459, out 43 (+16 reasoning)
  164.0s   tool bash: node /kit/rag.mjs entry property_question confirms recommends
  164.1s turn 9
  171.4s   model reply: in 3737 + cached 32441, out 44 (+19 reasoning)
  171.4s   tool bash: grep "| constructor |" /reference/glossary.md
  171.4s turn 10
  174.2s   model reply: in 5580 + cached 32438, out 56 (+29 reasoning)
  174.2s   tool bash: grep "| speech_act |" /reference/glossary.md
  174.2s turn 11
  184.4s   model reply: in 2071 + cached 36477, out 504 (+457 reasoning)
  184.4s   tool bash: node /kit/rag.mjs entry property_question issue enables activity subject indicator conjunction requirement offer_help express_interest role_agent role_user cat_
  184.5s turn 12
  191.7s   model reply: in 4604 + cached 36482, out 91 (+51 reasoning)
  191.7s   tool bash: node /kit/rag.mjs search "component" "stage" "level" "bug" "assist" "help"
  191.9s turn 13
  207.9s   model reply: in 2239 + cached 40531, out 2275 (+2231 reasoning)
  207.9s   tool bash: node /kit/rag.mjs search "property_question" "subject" "indicator" "conjunction" "requirement" "enables"
  208.3s turn 14
  212.9s   model reply: in 6381 + cached 40550, out 318 (+294 reasoning)
  212.9s   tool bash: grep "question" /reference/glossary.md
  213.0s turn 15
  227.6s   model reply: in 2865 + cached 44589, out 2333 (+1583 reasoning)
  227.6s   tool write: /output/translation.md
  227.6s turn 16
  234.1s   model reply: in 5203 + cached 44588, out 53 (+23 reasoning)
  234.1s   tool bash: node /kit/rag.mjs check --translation /output/translation.md
  234.2s turn 17
  243.4s   model reply: in 5670 + cached 44573, out 1046 (+1009 reasoning)
  243.4s   tool bash: node /kit/rag.mjs entry offer_help property_question subject indicator conjunction activity enables failure express_interest
  243.5s turn 18
  249.8s   model reply: in 4414 + cached 48633, out 781 (+28 reasoning)
  249.8s   tool write: /output/translation.md
  249.8s turn 19
  252.9s   model reply: in 5215 + cached 48617, out 53 (+23 reasoning)
  252.9s   tool bash: node /kit/rag.mjs check --translation /output/translation.md
  253.6s turn 20
  259.1s   model reply: in 5682 + cached 48602, out 215 (+158 reasoning)
  259.1s agent finished
  259.1s agent finished
