    2.1s turn 1
   10.1s   model reply: in 27344 + cached 0, out 1166 (+1131 reasoning)
   10.1s   tool bash: node /kit/rag.mjs search "walk to face" "wash and remove" "sequence"
   10.5s turn 2
   14.3s   model reply: in 29469 + cached 0, out 111 (+79 reasoning)
   14.3s   tool bash: node /kit/rag.mjs entry activity sequence request propose then face walk rinse remove place
   14.4s turn 3
   18.0s   model reply: in 2685 + cached 28419, out 82 (+55 reasoning)
   18.0s   tool bash: find / -name "*alfred*" 2>/dev/null
   18.0s turn 4
   21.8s   model reply: in 2796 + cached 28400, out 28 (+11 reasoning)
   21.8s   tool bash: ls -la /
   21.9s turn 5
   24.8s   model reply: in 3731 + cached 28389, out 38 (+16 reasoning)
   24.8s   tool bash: ls -la /reference /doc_formats
   24.9s turn 6
   28.2s   model reply: in 4196 + cached 28374, out 37 (+16 reasoning)
   28.2s   tool bash: cat /reference/examples.jsonl
   28.2s turn 7
   36.9s   model reply: in 5411 + cached 28366, out 1413 (+1387 reasoning)
   36.9s   tool bash: head -n 50 /kit/rag.mjs
   36.9s turn 8
   40.1s   model reply: in 3515 + cached 32419, out 40 (+18 reasoning)
   40.1s   tool bash: node /kit/rag.mjs health
   40.3s turn 9
   55.9s   model reply: in 3671 + cached 32392, out 3035 (+3012 reasoning)
   55.9s   tool bash: grep -i "alfred" /reference/*
   55.9s turn 10
   59.8s   model reply: in 14806 + cached 24302, out 156 (+31 reasoning)
   59.8s   tool bash: node -e '
const fs = require("fs");
const lines = fs.readFileSync("/reference/glossary.jsonl", "utf8").trim().split("\n");
const records = lines.map(l => JSON.p
   60.0s turn 11
   63.1s   model reply: in 3040 + cached 36437, out 132 (+12 reasoning)
   63.1s   tool bash: node -e '
const fs = require("fs");
const records = fs.readFileSync("/reference/glossary.jsonl", "utf8").trim().split("\n").map(l => JSON.parse(l));
const const
   63.2s turn 12
   70.4s   model reply: in 5302 + cached 36441, out 875 (+835 reasoning)
   70.4s   tool bash: node /kit/rag.mjs search "user request" "speech act" "utter" "request" "propose"
   70.7s turn 13
   74.2s   model reply: in 11744 + cached 32396, out 136 (+11 reasoning)
   74.2s   tool bash: node -e '
const fs = require("fs");
const records = fs.readFileSync("/reference/glossary.jsonl", "utf8").trim().split("\n").map(l => JSON.parse(l));
const speec
   74.2s turn 14
   87.8s   model reply: in 4349 + cached 40483, out 2209 (+2172 reasoning)
   87.8s   tool bash: node /kit/rag.mjs search "washed potato" "washed" "clean" "state_clean"
   88.0s turn 15
   91.4s   model reply: in 3734 + cached 44548, out 55 (+22 reasoning)
   91.4s   tool bash: node /kit/rag.mjs entry state_clean has_state rinse place pick_up
   91.5s turn 16
   99.1s   model reply: in 4641 + cached 44537, out 951 (+690 reasoning)
   99.1s   tool bash: node -e '
const { execSync } = require("child_process");
const fs = require("fs");

const draft = `Status: success
Mode: REQUEST

## BrainCode

\`\`\`braincode

   99.2s turn 17
  107.4s   model reply: in 6017 + cached 44532, out 1077 (+1046 reasoning)
  107.4s   tool bash: node /kit/rag.mjs entry remove pick_up place rinse walk face in
  107.5s turn 18
  117.6s   model reply: in 4099 + cached 48583, out 1416 (+600 reasoning)
  117.6s   tool bash: node -e '
const { execSync } = require("child_process");
const fs = require("fs");

const draft = `Status: success
Mode: REQUEST

## BrainCode

\`\`\`braincode

  117.9s turn 19
  135.1s   model reply: in 2030 + cached 52633, out 445 (+416 reasoning)
  135.1s   tool bash: node /kit/rag.mjs entry format_numbered_list sequence then
  135.2s turn 20
  144.4s   model reply: in 2659 + cached 52619, out 1374 (+956 reasoning)
  144.4s   tool bash: node -e '
const { execSync } = require("child_process");
const fs = require("fs");

for (const sym of ["format_numbered_list", "sequence", "propose_menu", "deci
  145.0s turn 21
  156.2s   model reply: in 0 + cached 0, out 0 (+0 reasoning)
  156.3s agent finished
  158.3s turn 22
  171.9s   model reply: in 0 + cached 0, out 0 (+0 reasoning)
  171.9s agent finished
  175.9s turn 23
  218.5s   model reply: in 0 + cached 0, out 0 (+0 reasoning)
  218.5s agent finished
  226.5s turn 24
  305.1s   model reply: in 56772 + cached 0, out 4015 (+3182 reasoning)
  305.1s   tool bash: node -e '
const { execSync } = require("child_process");
const fs = require("fs");

function testDraft(code) {
  const draft = `Status: success
Mode: REQUEST

#
  305.3s turn 25
  340.9s   model reply: in 4644 + cached 56693, out 394 (+244 reasoning)
  340.9s   tool bash: node -e '
const fs = require("fs");
const records = fs.readFileSync("/reference/glossary.jsonl", "utf8").trim().split("\n").map(l => JSON.parse(l));
for (const 
  340.9s turn 26
  365.5s   model reply: in 5590 + cached 56683, out 3208 (+2340 reasoning)
  365.5s   tool bash: node -e '
const { execSync } = require("child_process");
const fs = require("fs");

function testDraft(body) {
  const draft = `Status: success
Mode: REQUEST

#
  365.7s turn 27
  388.1s   model reply: in 5273 + cached 60751, out 2352 (+1542 reasoning)
  388.1s   tool bash: node -e '
const { execSync } = require("child_process");
const fs = require("fs");

const draft = `Status: success
Mode: REQUEST

## BrainCode

\`\`\`braincode

  388.3s turn 28
  406.5s   model reply: in 4100 + cached 64811, out 1294 (+1266 reasoning)
  406.5s   tool bash: node /kit/rag.mjs entry role_user role_agent
  406.7s turn 29
  435.0s   model reply: in 50412 + cached 0, out 81 (+57 reasoning)
  435.0s   tool bash: node /kit/rag.mjs entry user agent
  435.1s turn 30
  448.8s   model reply: in 5925 + cached 44618, out 638 (+601 reasoning)
  448.8s   tool bash: node /kit/rag.mjs search "activity" "state" "plan" "sequence" "wash"
  448.9s turn 31
  463.9s   model reply: in 3995 + cached 48673, out 977 (+954 reasoning)
  463.9s   tool bash: node /kit/rag.mjs entry activity
  464.1s turn 32
  470.7s   model reply: in 5598 + cached 48667, out 168 (+134 reasoning)
  470.7s   tool bash: node /kit/rag.mjs search "requirement" "entity" "description" "state"
  470.9s turn 33
  481.7s   model reply: in 2921 + cached 52715, out 43 (+17 reasoning)
  481.7s   tool bash: node /kit/rag.mjs entry requirement lexical_label
  481.8s turn 34
  496.2s   model reply: in 3716 + cached 52702, out 1381 (+616 reasoning)
  496.2s   tool bash: node -e '
const { execSync } = require("child_process");
const fs = require("fs");

function testTask(taskBody) {
  const draft = `Status: success
Mode: REQUEST
  496.4s turn 35
  501.5s   model reply: in 5616 + cached 52700, out 407 (+344 reasoning)
  501.5s   tool bash: node -e '
const fs = require("fs");
const rag = fs.readFileSync("/kit/rag.mjs", "utf8");
console.log(rag.slice(0, 1000));
'
  501.5s turn 36
  507.3s   model reply: in 2255 + cached 56739, out 533 (+184 reasoning)
  507.3s   tool bash: node -e '
const { execSync } = require("child_process");
const fs = require("fs");

const candidates = ["format_numbered_list", "entity_order_vs_assemble_plan",
  508.8s turn 37
  519.6s   model reply: in 3116 + cached 56727, out 421 (+63 reasoning)
  519.6s   tool bash: node -e '
const { execSync } = require("child_process");
const fs = require("fs");

for (const c of ["format_numbered_list", "sequence"]) {
  const code = c ===
  519.9s turn 38
  534.6s   model reply: in 3613 + cached 56712, out 2319 (+1481 reasoning)
  534.6s   tool bash: node -e '
const { execSync } = require("child_process");
const fs = require("fs");

const draft = `Status: success
Mode: REQUEST

## BrainCode

\`\`\`braincode

  534.8s turn 39
  550.8s   model reply: in 6441 + cached 56720, out 2371 (+1434 reasoning)
  550.8s   tool bash: node -e '
const { execSync } = require("child_process");
const fs = require("fs");

for (const name of ["ObjectLabelMicrowave", "Microwave", "FoodLabelPotato", 
  551.4s turn 40
  583.6s   model reply: in 4791 + cached 60776, out 2554 (+1694 reasoning)
  583.6s   tool bash: node -e '
const { execSync } = require("child_process");
const fs = require("fs");

const draft = `Status: success
Mode: REQUEST

## BrainCode

\`\`\`braincode

  583.9s turn 41
  592.4s   model reply: in 3800 + cached 64838, out 997 (+201 reasoning)
  592.4s   tool bash: node -e '
const { execSync } = require("child_process");
const fs = require("fs");

const draft = `Status: success
Mode: REQUEST

## BrainCode

\`\`\`braincode

  592.5s turn 42
  599.8s   model reply: in 4944 + cached 64829, out 806 (+12 reasoning)
  599.8s   tool bash: node -e '
const { execSync } = require("child_process");
const fs = require("fs");

const draft = `Status: success
Mode: REQUEST

## BrainCode

\`\`\`braincode

  600.0s turn 43
  623.6s   model reply: in 47411 + cached 0, out 1988 (+1259 reasoning)
  623.6s   tool write: /output/translation.md
  623.6s turn 44
  626.8s   model reply: in 4819 + cached 44584, out 43 (+13 reasoning)
  626.8s   tool bash: node /kit/rag.mjs check --translation /output/translation.md
  627.0s turn 45
  630.9s   model reply: in 5393 + cached 44570, out 112 (+90 reasoning)
  630.9s   tool bash: rm -f /output/suggestions.md
  631.0s turn 46
  634.0s   model reply: in 5526 + cached 44552, out 49 (+30 reasoning)
  634.0s   tool read: /output/translation.md
  634.1s turn 47
  637.7s   model reply: in 2242 + cached 48589, out 120 (+24 reasoning)
  637.8s agent finished
  637.8s agent finished
