    3.3s turn 1
   10.2s   model reply: in 28700 + cached 0, out 706 (+658 reasoning)
   10.2s   tool bash: node /kit/rag.mjs search "web_element" "click" "request" "search_web" "avail_in_stock" "sort"
   10.4s turn 2
   14.2s   model reply: in 2871 + cached 28441, out 99 (+52 reasoning)
   14.2s   tool bash: node /kit/rag.mjs entry web_element click select_option request ask activity search_web sort rank_price dir_asc avail_in_stock
   14.4s turn 3
   18.1s   model reply: in 4911 + cached 28436, out 71 (+43 reasoning)
   18.1s   tool bash: grep -i "web_element" /reference/glossary.md
   18.2s turn 4
   21.3s   model reply: in 5061 + cached 28419, out 63 (+21 reasoning)
   21.3s   tool bash: node /kit/rag.mjs search "click" "tag" "web_element" "button" "link" "option"
   21.4s turn 5
   28.9s   model reply: in 2797 + cached 32473, out 1009 (+972 reasoning)
   28.9s   tool bash: grep -i -C 3 "request" /reference/glossary.md | head -n 30
   28.9s turn 6
   32.4s   model reply: in 5638 + cached 32476, out 81 (+34 reasoning)
   32.4s   tool bash: grep -i -E "\| (propose|inform|ask|request|obligation|activity|web_element) \|" /reference/glossary.md
   32.5s turn 7
   39.9s   model reply: in 2080 + cached 36519, out 899 (+875 reasoning)
   39.9s   tool bash: grep -rn "web_element" /reference/
   40.0s turn 8
   45.3s   model reply: in 3237 + cached 36509, out 40 (+17 reasoning)
   45.3s   tool bash: grep -rn "RECORD ACTION" /reference/
   45.4s turn 9
   48.1s   model reply: in 4346 + cached 36499, out 47 (+21 reasoning)
   48.1s   tool bash: head -n 20 /reference/examples.jsonl
   48.2s turn 10
   51.0s   model reply: in 5572 + cached 36490, out 39 (+14 reasoning)
   51.0s   tool bash: tail -n +6 /reference/examples.jsonl
   51.0s turn 11
   57.3s   model reply: in 5632 + cached 36472, out 814 (+771 reasoning)
   57.3s   tool bash: node /kit/rag.mjs search "Show all the" "available" "lowest price first" "search_web" "request"
   57.4s turn 12
   61.2s   model reply: in 3978 + cached 40528, out 197 (+164 reasoning)
   61.2s   tool bash: grep -i -C 5 "search_web" /reference/glossary.jsonl
   61.3s turn 13
   64.3s   model reply: in 6131 + cached 40529, out 54 (+20 reasoning)
   64.3s   tool bash: grep -A 2 '"symbol": "search_web"' /reference/glossary.jsonl
   64.3s turn 14
   71.2s   model reply: in 2850 + cached 44569, out 899 (+866 reasoning)
   71.2s   tool bash: node /kit/rag.mjs entry obligation activity request ask propose role_user role_agent
   71.3s turn 15
   75.6s   model reply: in 4841 + cached 44568, out 278 (+229 reasoning)
   75.6s   tool bash: grep -i -E "\| (constructor|composite) \|.*(sort|rank|price|avail|filter|search|order)" /reference/glossary.md
   75.7s turn 16
   78.8s   model reply: in 5526 + cached 44556, out 63 (+23 reasoning)
   78.8s   tool bash: grep -E '"kind": "(constructor|composite)"' /reference/glossary.jsonl | head -n 40
   78.9s turn 17
   85.4s   model reply: in 3984 + cached 48612, out 641 (+595 reasoning)
   85.4s   tool bash: node /kit/rag.mjs search "avail_in_stock" "rank_price" "dir_asc" "display products" "show"
   85.5s turn 18
   89.5s   model reply: in 6193 + cached 48614, out 94 (+57 reasoning)
   89.5s   tool bash: node -e 'console.log(fs.readFileSync("/kit/rag.mjs", "utf8"))'
   89.6s turn 19
   99.6s   model reply: in 3773 + cached 52661, out 1162 (+1137 reasoning)
   99.6s   tool bash: node /kit/rag.mjs entry object_label
   99.8s turn 20
  104.9s   model reply: in 5051 + cached 52654, out 174 (+129 reasoning)
  104.9s   tool bash: node /kit/rag.mjs entry object_label::ssd object_label::external_solid_state_drives object_label::drives
  105.0s turn 21
  120.9s   model reply: in 5623 + cached 52640, out 2222 (+1329 reasoning)
  120.9s   tool write: /output/translation.md
  120.9s turn 22
  124.5s   model reply: in 3800 + cached 56689, out 53 (+23 reasoning)
  124.5s   tool bash: node /kit/rag.mjs check --translation /output/translation.md
  124.7s turn 23
  144.0s   model reply: in 0 + cached 0, out 0 (+0 reasoning)
  144.0s agent finished
  146.0s turn 24
  159.7s   model reply: in 0 + cached 0, out 0 (+0 reasoning)
  159.7s agent finished
  163.7s turn 25
  205.8s   model reply: in 0 + cached 0, out 0 (+0 reasoning)
  205.8s agent finished
  213.8s turn 26
  291.7s   model reply: in 60931 + cached 0, out 721 (+697 reasoning)
  291.7s   tool bash: grep -rn "rank_price" /reference/
  291.7s turn 27
  303.1s   model reply: in 5426 + cached 56666, out 682 (+652 reasoning)
  303.1s   tool bash: grep -E '"kind": "constructor"' /reference/glossary.jsonl
  303.1s turn 28
  311.7s   model reply: in 4374 + cached 60727, out 55 (+18 reasoning)
  311.7s   tool bash: grep -E '"kind": "constructor"' /reference/glossary.jsonl | tail -n +20
  311.7s turn 29
  335.0s   model reply: in 2596 + cached 64780, out 1411 (+408 reasoning)
  335.0s   tool write: /output/translation.md
  335.0s turn 30
  343.4s   model reply: in 4020 + cached 64771, out 53 (+23 reasoning)
  343.4s   tool bash: node /kit/rag.mjs check --translation /output/translation.md
  343.5s turn 31
  385.4s   model reply: in 4513 + cached 64756, out 5265 (+4199 reasoning)
  385.4s   tool write: /output/translation.md
  385.4s turn 32
  402.8s   model reply: in 49093 + cached 0, out 53 (+23 reasoning)
  402.8s   tool bash: node /kit/rag.mjs check --translation /output/translation.md
  403.0s turn 33
  410.0s   model reply: in 4973 + cached 44598, out 416 (+205 reasoning)
  410.0s agent finished
  410.0s agent finished
