    1.7s turn 1
   12.4s   model reply: in 13531 + cached 0, out 1573 (+1544 reasoning)
   12.4s   tool bash: node /kit/rag.mjs --help 2>&1 || true
   12.5s turn 2
   16.1s   model reply: in 3051 + cached 12085, out 59 (+40 reasoning)
   16.1s   tool bash: ls -la /kit/
   16.2s turn 3
   18.8s   model reply: in 3291 + cached 12071, out 43 (+14 reasoning)
   18.8s   tool read: /kit/README.md
   18.8s turn 4
   21.1s   model reply: in 4496 + cached 12067, out 44 (+27 reasoning)
   21.1s   tool bash: ls -la /
   21.1s turn 5
   24.4s   model reply: in 5327 + cached 12063, out 30 (+12 reasoning)
   24.4s   tool bash: ls -la /output
   24.4s turn 6
   27.2s   model reply: in 5424 + cached 12049, out 39 (+12 reasoning)
   27.2s   tool read: /prompt.md
   27.2s turn 7
   70.6s   model reply: in 5933 + cached 12038, out 7712 (+7693 reasoning)
   70.6s   tool bash: ls -la /reference/
   70.6s turn 8
   73.6s   model reply: in 9749 + cached 16138, out 52 (+22 reasoning)
   73.6s   tool read: /reference/examples.jsonl
   73.6s turn 9
   76.8s   model reply: in 2905 + cached 24200, out 115 (+76 reasoning)
   76.8s   tool bash: grep -E "interpersonal_stance|well_wishes|offer_help" /reference/glossary.jsonl
   76.8s turn 10
   79.8s   model reply: in 3434 + cached 24188, out 83 (+49 reasoning)
   79.8s   tool bash: grep -E "attitude|substitute|important|ongoing" /reference/glossary.jsonl
   79.8s turn 11
   83.2s   model reply: in 4686 + cached 24187, out 98 (+48 reasoning)
   83.2s   tool bash: grep -E "rule_trace_relations_general|rule_support_primitives_general|rule_speech_acts_general" /reference/glossary.jsonl
   83.2s turn 12
   90.0s   model reply: in 5144 + cached 24175, out 72 (+37 reasoning)
   90.0s   tool bash: grep -E '"symbol": "(acknowledge|inform|ask)"' /reference/glossary.jsonl
   90.1s turn 13
  118.8s   model reply: in 5533 + cached 24162, out 4633 (+4597 reasoning)
  118.8s   tool bash: grep -rn "paths" /kit/ /reference/ /attach/ 2>/dev/null || true
  118.9s turn 14
  121.6s   model reply: in 6095 + cached 28236, out 51 (+25 reasoning)
  121.6s   tool bash: find / -name "*dataset*" 2>/dev/null
  121.6s turn 15
  194.7s   model reply: in 2142 + cached 32250, out 13469 (+13289 reasoning)
  194.7s   tool write: /output/reconstruction.md
  194.8s turn 16
  200.8s   model reply: in 15489 + cached 32377, out 50 (+20 reasoning)
  200.8s   tool read: /output/reconstruction.md
  200.8s turn 17
  204.6s   model reply: in 3570 + cached 44496, out 141 (+116 reasoning)
  204.6s agent finished
  204.6s agent finished
