   13.6s turn 1
   17.3s   model reply: in 3 + cached 0, out 56 (+0 reasoning)
   17.3s   tool bash: node /kit/rag.mjs search "describe search jobs by occupation and certificate requirement" "information technology job listings" "Security clearance certificate 
   17.8s turn 2
   31.8s   model reply: in 3 + cached 26217, out 459 (+322 reasoning)
   31.8s   tool bash: node /kit/rag.mjs widen "Browse or search job listings" --kind action; node /kit/rag.mjs widen "IT jobs" --kind object; node /kit/rag.mjs widen "Filter job sear
   33.7s turn 3
   38.3s   model reply: in 3 + cached 27262, out 87 (+22 reasoning)
   38.3s   tool bash: node /kit/rag.mjs entry activity requirement web_element request search_web; node /kit/rag.mjs search "catalog query description criteria" "job posting occupati
   39.2s turn 4
   73.6s   model reply: in 3 + cached 30406, out 1840 (+320 reasoning)
   73.6s   tool write: /output/translation.md
   73.6s turn 5
   77.0s   model reply: in 3 + cached 32539, out 87 (+0 reasoning)
   77.0s   tool bash: node /kit/rag.mjs check --translation /output/translation.md; node /kit/rag.mjs widen "non-executing employment search description with exact query and filter c
   80.5s turn 6
   96.5s   model reply: in 3 + cached 34397, out 720 (+89 reasoning)
   96.5s   tool write: /output/suggestions.md
   96.5s turn 7
  102.8s   model reply: in 3 + cached 36258, out 236 (+0 reasoning)
  102.8s   tool edit: /output/translation.md
  102.8s turn 8
  109.3s   model reply: in 3 + cached 36996, out 67 (+29 reasoning)
  109.3s   tool bash: node /kit/rag.mjs check --translation /output/translation.md
  110.0s turn 9
  113.3s   model reply: in 3 + cached 37256, out 50 (+0 reasoning)
  113.4s agent finished
  113.4s agent finished
