   16.2s turn 1
   48.2s   model reply: in 30859 + cached 0, out 1600 (+1533 reasoning)
   48.2s   tool bash: node /kit/rag.mjs search "Justin Bieber's behavior" "personal challenges" "compassion and learn from mistakes" "clothes appropriate" "celebrity fashion" "why fa
   49.6s turn 2
   67.2s   model reply: in 6286 + cached 28463, out 143 (+83 reasoning)
   67.2s   tool bash: grep -E "deserves|opinion|behavior|conduct|fashion|relatability|talent|critic|poverty|wealth|admiration|connect|song|singer|music" /reference/glossary.md
   67.5s turn 3
   73.3s   model reply: in 3151 + cached 32516, out 81 (+53 reasoning)
   73.3s   tool bash: grep -E "\| constructor \|" /reference/glossary.md
   73.8s turn 4
   85.4s   model reply: in 5035 + cached 32509, out 1472 (+1392 reasoning)
   85.4s   tool bash: node /kit/rag.mjs search "judgment or judging" "mistakes" "influences" "modesty or conservative" "connect with listeners" "teen heartthrob" "social media" "work
   87.8s turn 5
   92.1s   model reply: in 42364 + cached 0, out 73 (+37 reasoning)
   92.1s   tool bash: node /kit/rag.mjs entry obligation considered user_practice self_protection marketing_campaign promotional_event
   92.3s turn 6
   99.8s   model reply: in 43380 + cached 0, out 755 (+724 reasoning)
   99.8s   tool bash: node /kit/rag.mjs entry property_question interpersonal_stance subject activity ask
  101.3s turn 7
  105.9s   model reply: in 4811 + cached 40634, out 347 (+316 reasoning)
  105.9s   tool bash: node /kit/rag.mjs search "behavior" "conduct" "action"
  106.3s turn 8
  114.9s   model reply: in 46593 + cached 0, out 956 (+918 reasoning)
  115.0s   tool bash: node /kit/rag.mjs widen "Justin Bieber has faced personal and public challenges in recent years" --kind claim
  116.3s turn 9
  122.9s   model reply: in 49496 + cached 0, out 567 (+522 reasoning)
  122.9s   tool bash: node /kit/rag.mjs search "deserve" "compassion" "opportunity" "learn from mistakes" "positive influences" "appropriate"
  125.1s turn 10
  129.7s   model reply: in 2942 + cached 48746, out 165 (+93 reasoning)
  129.7s   tool bash: grep -E "^\| [a-z0-9_]+ \| (claim_relation|constructor|link|speech_act) \|" /reference/glossary.md | awk -F'|' '{print $2, "|", $3, "|", $4}'
  130.4s turn 11
  136.4s   model reply: in 5427 + cached 48745, out 95 (+29 reasoning)
  136.4s   tool bash: grep -E "^\| [a-z0-9_]+ \| (claim_relation|link) \|" /reference/glossary.md | awk -F'|' '{print $2, "|", $3, "|", $4}'
  136.8s turn 12
  140.8s   model reply: in 56130 + cached 0, out 87 (+32 reasoning)
  140.8s   tool bash: grep -E "^\| [a-z0-9_]+ \| constructor \|" /reference/glossary.md | awk -F'|' '{print $2, "|", $4}'
  141.9s turn 13
  199.4s   model reply: in 5701 + cached 52800, out 9987 (+7746 reasoning)
  199.4s   tool bash: cat << 'EOF' > /output/translation.md
Status: success
Mode: TRACE

## BrainCode

```braincode
MODE TRACE
ENTRYPOINT Conversation
CONVO Conversation {
  TURN t1 
  200.2s turn 14
  208.5s   model reply: in 12508 + cached 56919, out 283 (+251 reasoning)
  208.5s   tool bash: node /kit/rag.mjs widen "Justin Bieber's behavior" --kind object
  209.5s turn 15
  232.0s   model reply: in 48637 + cached 0, out 2474 (+230 reasoning)
  232.0s   tool bash: cat << 'EOF' > /output/translation.md
Status: success
Mode: TRACE

## BrainCode

```braincode
MODE TRACE
ENTRYPOINT Conversation
CONVO Conversation {
  TURN t1 
  232.3s turn 16
  251.5s   model reply: in 52050 + cached 0, out 2633 (+378 reasoning)
  251.5s   tool bash: cat << 'EOF' > /output/translation.md
Status: success
Mode: TRACE

## BrainCode

```braincode
MODE TRACE
ENTRYPOINT Conversation
CONVO Conversation {
  TURN t1 
  252.1s turn 17
  287.7s   model reply: in 6795 + cached 48832, out 6303 (+4035 reasoning)
  287.7s   tool bash: cat << 'EOF' > /output/translation.md
Status: success
Mode: TRACE

## BrainCode

```braincode
MODE TRACE
ENTRYPOINT Conversation
CONVO Conversation {
  TURN t1 
  288.8s turn 18
  294.8s   model reply: in 9951 + cached 52923, out 449 (+309 reasoning)
  295.0s agent finished
  295.0s agent finished
