    2.0s turn 1
   12.3s   model reply: in 29645 + cached 0, out 1636 (+1583 reasoning)
   12.3s   tool bash: node /kit/rag.mjs search "web_element" "click" "type_text" "airline" "flight" "senior" "nonstop" "one-way"
   12.5s turn 2
   16.0s   model reply: in 5223 + cached 28457, out 158 (+117 reasoning)
   16.0s   tool bash: node /kit/rag.mjs entry click type_text web_element propose ask search_travel location_spec time_point requirement
   16.2s turn 3
   18.9s   model reply: in 2343 + cached 32510, out 79 (+36 reasoning)
   18.9s   tool bash: node /kit/rag.mjs search "request" "instruction" "travel" "flight" "find" "filter" "deal"
   19.0s turn 4
   23.0s   model reply: in 4453 + cached 32505, out 63 (+33 reasoning)
   23.0s   tool bash: grep -E "\| speech_act \|" /reference/glossary.md
   23.0s turn 5
   26.5s   model reply: in 5005 + cached 32490, out 63 (+33 reasoning)
   26.5s   tool bash: grep -E "\| claim_relation \|" /reference/glossary.md
   26.5s turn 6
   29.1s   model reply: in 2944 + cached 36547, out 35 (+12 reasoning)
   29.1s   tool bash: node /kit/rag.mjs entry request
   29.2s turn 7
   33.1s   model reply: in 3062 + cached 36528, out 302 (+274 reasoning)
   33.1s   tool bash: grep -E "\| example \|" /reference/glossary.md
   33.2s turn 8
   36.3s   model reply: in 4403 + cached 36519, out 73 (+45 reasoning)
   36.3s   tool bash: grep -E "\| operation \|" /reference/glossary.md
   36.4s turn 9
   39.4s   model reply: in 2479 + cached 40575, out 82 (+30 reasoning)
   39.4s   tool bash: node /kit/rag.mjs search "adult" "passenger" "flight" "traveler" "party_size" "quantity" "location" "destination" "origin"
   39.5s turn 10
   42.6s   model reply: in 5153 + cached 40578, out 69 (+41 reasoning)
   42.6s   tool bash: grep -E "\| constructor \|" /reference/glossary.md
   42.7s turn 11
   46.5s   model reply: in 2964 + cached 44632, out 99 (+59 reasoning)
   46.5s   tool bash: node /kit/rag.mjs search "lexical_label" "airline" "passenger" "flight" "travel"
   46.6s turn 12
   49.6s   model reply: in 4565 + cached 44625, out 54 (+13 reasoning)
   49.6s   tool bash: node /kit/rag.mjs entry lexical_label group_size maximum_between_stops location_spec time_point requirement activity
   49.7s turn 13
   56.9s   model reply: in 2407 + cached 48679, out 901 (+873 reasoning)
   56.9s   tool bash: grep -i "web_element" /reference/glossary.md
   57.0s turn 14
   62.0s   model reply: in 3382 + cached 48667, out 519 (+496 reasoning)
   62.0s   tool bash: node /kit/rag.mjs --help
   62.0s turn 15
   65.0s   model reply: in 3954 + cached 48652, out 40 (+18 reasoning)
   65.0s   tool bash: node /kit/rag.mjs needs
   73.5s turn 16
   80.2s   model reply: in 7031 + cached 48660, out 840 (+818 reasoning)
   80.2s   tool bash: node /kit/rag.mjs check
   80.2s turn 17
   90.6s   model reply: in 3844 + cached 52703, out 1639 (+1592 reasoning)
   90.6s   tool bash: node /kit/rag.mjs entry daytime cat_limited_time_offers role_adults constraint_single_choice maximum_between_stops group_size
   90.7s turn 18
   96.6s   model reply: in 6138 + cached 52705, out 663 (+635 reasoning)
   96.6s   tool bash: grep -i "location_spec" /reference/glossary.md
   96.6s turn 19
  100.0s   model reply: in 2935 + cached 56746, out 89 (+63 reasoning)
  100.0s   tool bash: grep -i "airline" /reference/glossary.md
  100.1s turn 20
  101.5s   model reply: in 0 + cached 0, out 0 (+0 reasoning)
  101.5s agent finished
  103.5s turn 21
  147.7s   model reply: in 0 + cached 0, out 0 (+0 reasoning)
  147.7s agent finished
  151.7s turn 22
  208.7s   model reply: in 0 + cached 0, out 0 (+0 reasoning)
  208.7s agent finished
  216.7s turn 23
  338.9s   model reply: in 59780 + cached 0, out 46 (+20 reasoning)
  338.9s   tool bash: grep -i "flight" /reference/glossary.md
  339.0s turn 24
  351.7s   model reply: in 3129 + cached 56707, out 141 (+113 reasoning)
  351.7s   tool bash: grep -E "-> TERM \|" /reference/glossary.md
  351.7s turn 25
  372.0s   model reply: in 3332 + cached 56688, out 53 (+25 reasoning)
  372.0s   tool bash: grep -F "-> TERM |" /reference/glossary.md
  372.1s turn 26
  389.6s   model reply: in 3447 + cached 56669, out 62 (+35 reasoning)
  389.6s   tool bash: grep -- "-> TERM |" /reference/glossary.md
  389.6s turn 27
  413.0s   model reply: in 5305 + cached 56669, out 436 (+410 reasoning)
  413.0s   tool bash: grep -i "senior" /reference/glossary.md
  413.1s turn 28
  432.4s   model reply: in 5766 + cached 56654, out 55 (+28 reasoning)
  432.4s   tool bash: grep -E "\| role_" /reference/glossary.md
  432.4s turn 29
  464.0s   model reply: in 2309 + cached 60686, out 3661 (+3639 reasoning)
  464.0s   tool bash: node /kit/rag.mjs check
  464.0s turn 30
  491.7s   model reply: in 66672 + cached 0, out 3760 (+1751 reasoning)
  491.7s   tool write: /output/translation.md
  491.7s turn 31
  513.8s   model reply: in 51633 + cached 0, out 63 (+33 reasoning)
  513.8s   tool bash: node /kit/rag.mjs check --translation /output/translation.md
  514.4s turn 32
  529.2s   model reply: in 52090 + cached 0, out 1823 (+1799 reasoning)
  529.2s   tool bash: node -e 'console.log("test")'
  529.2s turn 33
  552.0s   model reply: in 5332 + cached 48582, out 3822 (+3794 reasoning)
  552.0s   tool bash: grep -i "click_event" /reference/glossary.md
  552.0s turn 34
  577.6s   model reply: in 5095 + cached 52651, out 4688 (+2652 reasoning)
  577.6s   tool write: /output/translation.md
  577.6s turn 35
  581.3s   model reply: in 5712 + cached 56726, out 55 (+25 reasoning)
  581.3s   tool bash: node /kit/rag.mjs check --translation /output/translation.md
  581.5s turn 36
  589.9s   model reply: in 2127 + cached 60761, out 813 (+775 reasoning)
  589.9s agent finished
  589.9s agent finished
