    2.1s turn 1
    5.8s   model reply: in 14811 + cached 0, out 104 (+87 reasoning)
    5.8s   tool bash: ls -la /
    5.8s turn 2
    9.0s   model reply: in 15698 + cached 0, out 40 (+18 reasoning)
    9.0s   tool bash: ls -la /kit /reference /attach
    9.0s turn 3
   12.2s   model reply: in 4193 + cached 12083, out 42 (+23 reasoning)
   12.2s   tool read: /kit/README.md
   12.2s turn 4
   15.2s   model reply: in 5398 + cached 12082, out 47 (+27 reasoning)
   15.2s   tool read: /reference/examples.jsonl
   15.3s turn 5
   20.1s   model reply: in 2589 + cached 16108, out 82 (+62 reasoning)
   20.1s   tool bash: ls -la /session /output
   20.1s turn 6
   22.9s   model reply: in 2893 + cached 16094, out 29 (+12 reasoning)
   22.9s   tool read: /prompt.md
   22.9s turn 7
   39.4s   model reply: in 3396 + cached 16083, out 2803 (+2758 reasoning)
   39.4s   tool bash: grep -n "property_question" /reference/glossary.md /reference/examples.jsonl /attach/1-language-spec.md
   39.5s turn 8
   84.9s   model reply: in 6358 + cached 16107, out 7105 (+7072 reasoning)
   84.9s   tool bash: grep -A 5 -B 2 '"subject"' /reference/glossary.jsonl
   84.9s turn 9
   88.9s   model reply: in 10255 + cached 20209, out 90 (+54 reasoning)
   88.9s   tool bash: grep -A 10 '"rule_trace_relations_general"' /reference/glossary.jsonl
   89.0s turn 10
   92.7s   model reply: in 4022 + cached 28295, out 58 (+37 reasoning)
   92.7s   tool read: /kit/needs_prompt.md
   92.7s turn 11
  145.0s   model reply: in 0 + cached 0, out 0 (+0 reasoning)
  145.0s agent finished
  147.0s turn 12
  258.0s   model reply: in 4768 + cached 28285, out 19324 (+19029 reasoning)
  258.0s   tool write: /output/reconstruction.md
  258.1s turn 13
  262.5s   model reply: in 52382 + cached 0, out 43 (+23 reasoning)
  262.5s   tool read: /output/reconstruction.md
  262.5s turn 14
  266.4s   model reply: in 4005 + cached 48689, out 78 (+55 reasoning)
  266.4s agent finished
  266.4s agent finished
