    1.8s turn 1
   10.2s   model reply: in 32087 + cached 0, out 1069 (+1018 reasoning)
   10.2s   tool bash: node /kit/rag.mjs search "CYP2D6" "gene" "chromosome" "region" "genomics" "sequence" "library" "align"
   10.3s turn 2
   17.2s   model reply: in 7023 + cached 28468, out 651 (+605 reasoning)
   17.2s   tool bash: node /kit/rag.mjs search "recommend" "suggest" "protocol" "procedure" "step" "feature" "located" "contains"
   17.4s turn 3
   23.6s   model reply: in 5788 + cached 32533, out 147 (+107 reasoning)
   23.6s   tool bash: node /kit/rag.mjs entry spatial_state possesses attribute_claim sequence recommended property_question exists_in role_agent
   23.7s turn 4
   28.5s   model reply: in 2881 + cached 36587, out 303 (+272 reasoning)
   28.5s   tool bash: node /kit/rag.mjs entry property_question negation exclude requirement subject activity calculation
   28.6s turn 5
   32.2s   model reply: in 4811 + cached 36581, out 118 (+69 reasoning)
   32.2s   tool bash: node /kit/rag.mjs search "location" "enzyme" "responsible" "metabolize" "outside" "adjacent" "neighboring" "method"
   32.4s turn 6
   37.1s   model reply: in 43682 + cached 0, out 58 (+31 reasoning)
   37.1s   tool bash: grep "| claim_relation |" /reference/glossary.md
   37.2s turn 7
   58.8s   model reply: in 5036 + cached 40636, out 3722 (+3670 reasoning)
   58.8s   tool bash: node /kit/rag.mjs search "platform_label" "sequence" "spatial_state" "possesses" "recommended" "attribute_claim" "involves"
   59.0s turn 8
   64.3s   model reply: in 6877 + cached 44721, out 86 (+46 reasoning)
   64.3s   tool bash: node /kit/rag.mjs search "algorithm" "software" "reference" "pipeline" "validation" "interpret"
   64.5s turn 9
   73.4s   model reply: in 4485 + cached 48778, out 1210 (+1169 reasoning)
   73.4s   tool bash: node /kit/rag.mjs entry subject spatial_state attribute_claim possesses recommended leads_to causes enables negation exclude conjunction sequence calculation
   73.5s turn 10
   98.5s   model reply: in 3202 + cached 52842, out 4260 (+4235 reasoning)
   98.5s   tool bash: node /kit/rag.mjs entry temporal_context
   98.6s turn 11
  103.7s   model reply: in 7662 + cached 52853, out 158 (+113 reasoning)
  103.7s   tool bash: node /kit/rag.mjs entry ask inform respond subject activity negation conjunction temporal_context sequence property_question spatial_state enables possesses rec
  103.8s turn 12
  122.1s   model reply: in 5808 + cached 56913, out 2798 (+850 reasoning)
  122.1s   tool write: /output/translation.md
  122.1s turn 13
  125.4s   model reply: in 4549 + cached 60974, out 61 (+31 reasoning)
  125.4s   tool bash: node /kit/rag.mjs check --translation /output/translation.md
  125.5s turn 14
  132.6s   model reply: in 5384 + cached 60960, out 785 (+730 reasoning)
  132.6s   tool bash: node -e 'const { readFileSync } = require("fs"); console.log(readFileSync("/kit/rag.mjs", "utf8").slice(0, 1000));'
  132.6s turn 15
  135.8s   model reply: in 2388 + cached 65011, out 93 (+56 reasoning)
  135.8s   tool bash: node /kit/rag.mjs widen "control region for CYP2D6 CNV calling" --kind object
  136.1s turn 16
  140.4s   model reply: in 4249 + cached 65004, out 268 (+201 reasoning)
  140.4s   tool bash: node /kit/rag.mjs widen "AmpliSeq technology" --kind object
node /kit/rag.mjs widen "call copy number variations using software like CNVkit, FREEC, or VarSeq to
  140.9s turn 17
  168.1s   model reply: in 0 + cached 0, out 0 (+0 reasoning)
  168.1s agent finished
  170.1s turn 18
  183.8s   model reply: in 0 + cached 0, out 0 (+0 reasoning)
  183.8s agent finished
  187.8s turn 19
  313.8s   model reply: in 52312 + cached 0, out 3695 (+1747 reasoning)
  313.8s   tool write: /output/translation.md
  313.8s turn 20
  323.6s   model reply: in 47883 + cached 8128, out 58 (+28 reasoning)
  323.6s   tool bash: node /kit/rag.mjs check --translation /output/translation.md
  323.7s turn 21
  333.1s   model reply: in 4009 + cached 52820, out 106 (+48 reasoning)
  333.1s agent finished
  333.1s agent finished
