    5.4s turn 1
   67.7s   model reply: in 33541 + cached 0, out 2297 (+2256 reasoning)
   67.7s   tool bash: node /kit/rag.mjs search "side hustle" "plan" "skills" "freelancing" "market research"
   67.9s turn 2
   74.8s   model reply: in 0 + cached 0, out 0 (+0 reasoning)
   74.9s agent finished
   76.9s turn 3
   90.6s   model reply: in 0 + cached 0, out 0 (+0 reasoning)
   90.6s agent finished
   94.6s turn 4
  121.4s   model reply: in 0 + cached 0, out 0 (+0 reasoning)
  121.4s agent finished
  129.4s turn 5
  211.6s   model reply: in 37296 + cached 0, out 170 (+79 reasoning)
  211.6s   tool bash: node /kit/rag.mjs entry activity decision subject conjunction obligation requirement marketing_campaign audience_targeting performance_tracking document_section
  211.8s turn 6
  221.4s   model reply: in 39472 + cached 0, out 137 (+81 reasoning)
  221.4s   tool bash: node /kit/rag.mjs entry performance_tracking document_section policy_document ask propose offer offer_help respond recommended considered has_goal meets_needs u
  222.1s turn 7
  243.5s   model reply: in 4444 + cached 36598, out 798 (+751 reasoning)
  243.5s   tool bash: node /kit/rag.mjs search "budget" "income" "schedule" "feedback" "scale" "tax" "separate" "burnout"
  243.6s turn 8
  264.6s   model reply: in 3381 + cached 40664, out 71 (+35 reasoning)
  264.6s   tool bash: grep -E "\| (constructor|composite|claim_relation) \|" /reference/glossary.md
  264.7s turn 9
  271.2s   model reply: in 9321 + cached 36591, out 45 (+17 reasoning)
  271.2s   tool bash: grep "\| claim_relation \|" /reference/glossary.md
  271.3s turn 10
  325.1s   model reply: in 3265 + cached 44716, out 88 (+53 reasoning)
  325.1s   tool bash: grep -E "^\| [^|]+ \| claim_relation \|" /reference/glossary.md
  325.2s turn 11
  329.5s   model reply: in 9356 + cached 40646, out 60 (+18 reasoning)
  329.5s   tool bash: grep -E "^\| [^|]+ \| claim_relation \|" /reference/glossary.md | tail -n +30
  329.5s turn 12
  334.2s   model reply: in 7304 + cached 44705, out 56 (+23 reasoning)
  334.2s   tool bash: grep -E "^\| [^|]+ \| constructor \|" /reference/glossary.md
  334.2s turn 13
  339.3s   model reply: in 5099 + cached 48762, out 73 (+22 reasoning)
  339.3s   tool bash: grep -E "^\| [^|]+ \| constructor \|" /reference/glossary.md | awk -F'|' '{print $2}' | tr -d ' '
  339.4s turn 14
  351.3s   model reply: in 5495 + cached 48745, out 225 (+189 reasoning)
  351.3s   tool bash: node /kit/rag.mjs entry negation conditional temporal_context time_horizon measure property_question distinguish requirement
  351.5s turn 15
  368.2s   model reply: in 2884 + cached 52798, out 2526 (+2502 reasoning)
  368.2s   tool bash: node /kit/rag.mjs check --help
  368.3s turn 16
  373.1s   model reply: in 5426 + cached 52798, out 116 (+67 reasoning)
  373.1s   tool bash: node -e "
const fs = require('fs');
console.log('needs count:', JSON.parse(fs.readFileSync('/needs.json')).length);
"
  373.2s turn 17
  394.2s   model reply: in 5565 + cached 52779, out 2757 (+2654 reasoning)
  394.2s   tool bash: node /kit/rag.mjs entry recommended considered has_goal obligation requirement conditional negation conjunction activity subject audience_targeting performance_
  394.5s turn 18
  417.2s   model reply: in 6277 + cached 56857, out 3553 (+3522 reasoning)
  417.2s   tool bash: node /kit/rag.mjs entry statement important enables leads_to attribute_claim
  417.4s turn 19
  455.5s   model reply: in 6415 + cached 60931, out 5003 (+4963 reasoning)
  455.5s   tool bash: node -e "
const fs = require('fs');
fs.mkdirSync('/output', { recursive: true });
"
  455.7s turn 20
  479.9s   model reply: in 54803 + cached 0, out 2562 (+58 reasoning)
  479.9s   tool write: /output/translation.md
  480.0s turn 21
  483.6s   model reply: in 4521 + cached 52848, out 53 (+23 reasoning)
  483.6s   tool bash: node /kit/rag.mjs check --translation /output/translation.md
  483.9s turn 22
  490.3s   model reply: in 5291 + cached 52833, out 702 (+665 reasoning)
  490.3s   tool bash: node /kit/rag.mjs widen "Plan and start a side business or secondary income stream" --kind action
  491.4s turn 23
  499.2s   model reply: in 4571 + cached 56901, out 818 (+770 reasoning)
  499.2s   tool bash: node /kit/rag.mjs widen "Business options including freelancing, e-commerce, content creation, tutoring, rideshare, and digital products" --kind object
  500.0s turn 24
  504.4s   model reply: in 4562 + cached 60974, out 130 (+94 reasoning)
  504.4s   tool bash: node /kit/rag.mjs widen "Avoid delaying launch due to pursuit of perfectionism" --kind negation
  504.7s turn 25
  522.0s   model reply: in 2206 + cached 65031, out 3208 (+649 reasoning)
  522.0s   tool write: /output/translation.md
  522.1s turn 26
  532.7s   model reply: in 55260 + cached 0, out 53 (+23 reasoning)
  532.7s   tool bash: node /kit/rag.mjs check --translation /output/translation.md
  532.8s turn 27
  537.8s   model reply: in 3202 + cached 52855, out 460 (+424 reasoning)
  537.8s   tool bash: node /kit/rag.mjs entry topic_ai_earning_methods art_plan select_option
  538.0s turn 28
  554.2s   model reply: in 4075 + cached 52841, out 3023 (+429 reasoning)
  554.2s   tool write: /output/translation.md
  554.2s turn 29
  558.2s   model reply: in 3040 + cached 56903, out 53 (+23 reasoning)
  558.2s   tool bash: node /kit/rag.mjs check --translation /output/translation.md
  558.4s turn 30
  588.2s   model reply: in 3873 + cached 56888, out 6252 (+3658 reasoning)
  588.2s   tool write: /output/translation.md
  588.3s turn 31
  591.7s   model reply: in 10108 + cached 56909, out 55 (+25 reasoning)
  591.7s   tool bash: node /kit/rag.mjs check --translation /output/translation.md
  592.0s turn 32
  596.6s   model reply: in 2813 + cached 65024, out 300 (+206 reasoning)
  596.6s agent finished
  596.6s agent finished
