    2.7s turn 1
   15.2s   model reply: in 29417 + cached 0, out 1701 (+1660 reasoning)
   15.2s   tool bash: node /kit/rag.mjs search "flight" "one-way" "nonstop" "United Airlines" "senior"
   17.6s turn 2
   21.3s   model reply: in 4063 + cached 28449, out 120 (+47 reasoning)
   21.3s   tool bash: node /kit/rag.mjs search "web_element" "click" "type_text" "select_option" "press_key" "search_travel" "search_transit" "location_spec" "time_point" "group_size
   22.0s turn 3
   25.8s   model reply: in 7421 + cached 28453, out 151 (+103 reasoning)
   25.8s   tool bash: node /kit/rag.mjs entry web_element click type_text select_option press_key location_spec time_point group_size requirement activity obligation propose
   26.2s turn 4
   34.1s   model reply: in 5363 + cached 32512, out 1034 (+1007 reasoning)
   34.1s   tool bash: grep -rn "web_element" /reference/ /attach/
   34.2s turn 5
   38.0s   model reply: in 2774 + cached 36566, out 58 (+35 reasoning)
   38.0s   tool bash: grep -rn "RECORD ACTION" /reference/
   38.1s turn 6
   52.6s   model reply: in 3903 + cached 36554, out 2027 (+1979 reasoning)
   52.6s   tool bash: node /kit/rag.mjs search "flight" "travel" "propose" "request" "ask" "search_travel" "search_transit"
   52.7s turn 7
   57.8s   model reply: in 8076 + cached 36565, out 67 (+36 reasoning)
   57.8s   tool bash: node /kit/rag.mjs entry request ask propose search_travel search_transit
   57.9s turn 8
   62.8s   model reply: in 4679 + cached 40613, out 118 (+91 reasoning)
   62.8s   tool bash: grep -rn "mind2web" /reference/ /attach/
   62.8s turn 9
   67.4s   model reply: in 4825 + cached 40595, out 132 (+15 reasoning)
   67.4s   tool bash: node -e '
const fs = require("fs");
const lines = fs.readFileSync("/reference/examples.jsonl", "utf8").trim().split("\n");
for (const line of lines) {
  const o
   67.5s turn 10
   73.6s   model reply: in 5650 + cached 40582, out 81 (+42 reasoning)
   73.6s   tool bash: node -e '
const fs = require("fs");
console.log(fs.readdirSync("/kit"));
'
   73.6s turn 11
   78.4s   model reply: in 5776 + cached 40564, out 58 (+34 reasoning)
   78.4s   tool bash: node /kit/rag.mjs check --help
   78.5s turn 12
   82.5s   model reply: in 5869 + cached 40545, out 74 (+33 reasoning)
   82.5s   tool bash: grep -n "function check" /kit/rag.mjs || grep -n "check" /kit/rag.mjs
   82.6s turn 13
   93.7s   model reply: in 6081 + cached 40528, out 1795 (+1729 reasoning)
   93.7s   tool bash: node /kit/rag.mjs search "activity" "search_travel" "search_transit" "obligation" "group_size" "location_spec" "time_point" "requirement" "daytime" "role_adults
   93.9s turn 14
   98.4s   model reply: in 51610 + cached 0, out 98 (+52 reasoning)
   98.4s   tool bash: node /kit/rag.mjs entry maximum_between_stops minimum_per_period look art_itinerary role_adults constraint_single_choice
   98.5s turn 15
  110.7s   model reply: in 3686 + cached 48650, out 2119 (+2064 reasoning)
  110.7s   tool bash: node /kit/rag.mjs search "airline" "senior" "flight" "view" "deal" "departure" "origin" "destination" "nonstop" "one-way"
  111.0s turn 16
  116.6s   model reply: in 12608 + cached 44617, out 394 (+364 reasoning)
  116.6s   tool bash: grep -rn '"kind": "constructor"' /reference/glossary.jsonl
  116.7s turn 17
  120.5s   model reply: in 3231 + cached 56791, out 190 (+31 reasoning)
  120.5s   tool bash: node -e '
const fs = require("fs");
const lines = fs.readFileSync("/reference/glossary.jsonl", "utf8").trim().split("\n");
for (let i = 298; i < lines.length; i
  120.6s turn 18
  124.7s   model reply: in 5190 + cached 56788, out 150 (+44 reasoning)
  124.7s   tool bash: node -e '
const fs = require("fs");
const lines = fs.readFileSync("/reference/glossary.jsonl", "utf8").trim().split("\n");
for (const line of lines) {
  const o
  124.8s turn 19
  128.4s   model reply: in 3343 + cached 60844, out 142 (+34 reasoning)
  128.4s   tool bash: node -e '
const fs = require("fs");
const lines = fs.readFileSync("/reference/glossary.jsonl", "utf8").trim().split("\n");
for (const line of lines) {
  const o
  128.5s turn 20
  131.7s   model reply: in 3651 + cached 60826, out 134 (+26 reasoning)
  131.7s   tool bash: node -e '
const fs = require("fs");
const lines = fs.readFileSync("/reference/glossary.jsonl", "utf8").trim().split("\n");
for (const line of lines) {
  const o
  131.8s turn 21
  159.2s   model reply: in 4999 + cached 60819, out 4636 (+4601 reasoning)
  159.2s   tool bash: node /kit/rag.mjs search "role_senior" "senior" "senior_citizen"
  159.4s turn 22
  182.7s   model reply: in 49207 + cached 0, out 2973 (+2916 reasoning)
  182.7s   tool bash: node -e '
const fs = require("fs");
console.log(fs.readFileSync("/kit/rag.mjs", "utf8").slice(0, 4000));
'
  182.8s turn 23
  186.5s   model reply: in 53398 + cached 0, out 81 (+21 reasoning)
  186.5s   tool bash: node -e '
const fs = require("fs");
console.log(fs.readFileSync("/kit/rag.mjs", "utf8").slice(4000, 8000));
'
  186.6s turn 24
  197.3s   model reply: in 5032 + cached 48762, out 1607 (+1553 reasoning)
  197.3s   tool bash: node /kit/rag.mjs entry click type_text web_element location_spec time_point group_size requirement activity propose ask cat_limited_time_offers daytime role_ad
  197.4s turn 25
  201.1s   model reply: in 4333 + cached 52830, out 85 (+56 reasoning)
  201.1s   tool bash: node /kit/rag.mjs entry request user_preference role_user
  201.2s turn 26
  231.0s   model reply: in 4613 + cached 52812, out 6491 (+4446 reasoning)
  231.0s   tool write: /output/translation.md
  231.1s turn 27
  234.8s   model reply: in 7022 + cached 56898, out 54 (+24 reasoning)
  234.8s   tool bash: node /kit/rag.mjs check --translation /output/translation.md
  234.9s turn 28
  262.9s   model reply: in 3451 + cached 60945, out 5756 (+3711 reasoning)
  262.9s   tool write: /output/translation.md
  262.9s turn 29
  272.0s   model reply: in 56722 + cached 0, out 55 (+25 reasoning)
  272.0s   tool bash: node /kit/rag.mjs check --translation /output/translation.md
  272.2s turn 30
  277.2s   model reply: in 4356 + cached 52843, out 228 (+74 reasoning)
  277.2s agent finished
  277.2s agent finished
