    2.5s turn 1
    9.9s   model reply: in 28700 + cached 0, out 682 (+636 reasoning)
    9.9s   tool bash: node /kit/rag.mjs entry web_element click select_option search_web request activity sort dir_asc rank_price avail_in_stock
   10.2s turn 2
   14.5s   model reply: in 31245 + cached 0, out 225 (+183 reasoning)
   14.5s   tool bash: node /kit/rag.mjs search "request to show products" "external solid state drive" "web element" "open menu"
   14.6s turn 3
   17.6s   model reply: in 4292 + cached 28432, out 68 (+44 reasoning)
   17.6s   tool bash: grep -rn "web_element" /reference/
   17.7s turn 4
   24.2s   model reply: in 4625 + cached 28415, out 760 (+736 reasoning)
   24.2s   tool bash: grep -rn "search_web" /reference/
   24.2s turn 5
   28.9s   model reply: in 2281 + cached 32469, out 290 (+249 reasoning)
   28.9s   tool bash: grep -E '\|\s*(constructor|speech_act|claim_relation)\s*\|' /reference/glossary.md
   29.0s turn 6
   32.7s   model reply: in 4420 + cached 32466, out 89 (+54 reasoning)
   32.7s   tool bash: node /kit/rag.mjs search "web_element" "RECORD ACTION click" "tag="
   32.8s turn 7
   44.9s   model reply: in 5438 + cached 32456, out 1734 (+1694 reasoning)
   44.9s   tool bash: node /kit/rag.mjs entry ask request search_web activity sort dir_asc rank_price avail_in_stock
   45.0s turn 8
   50.7s   model reply: in 4811 + cached 36522, out 494 (+455 reasoning)
   50.7s   tool bash: node /kit/rag.mjs search "show products" "display products" "available items" "lowest price first"
   50.9s turn 9
   54.8s   model reply: in 14707 + cached 28403, out 85 (+62 reasoning)
   54.8s   tool bash: node /kit/rag.mjs entry requirement
   55.2s turn 10
   58.6s   model reply: in 2905 + cached 40558, out 92 (+60 reasoning)
   58.6s   tool bash: node /kit/rag.mjs widen "sort by lowest price first" --kind constraint
   58.7s turn 11
   65.0s   model reply: in 4834 + cached 40556, out 677 (+652 reasoning)
   65.0s   tool bash: node /kit/rag.mjs entry object_label
   65.1s turn 12
   79.7s   model reply: in 5633 + cached 40543, out 2853 (+1874 reasoning)
   79.7s   tool write: /output/translation.md
   79.8s turn 13
   83.5s   model reply: in 4432 + cached 44601, out 53 (+23 reasoning)
   83.5s   tool bash: node /kit/rag.mjs check --translation /output/translation.md
   83.7s turn 14
   90.3s   model reply: in 4923 + cached 44585, out 648 (+608 reasoning)
   90.3s   tool bash: node /kit/rag.mjs search "display products" "show products" "link" "computers" "drives"
   90.4s turn 15
   97.4s   model reply: in 6948 + cached 44585, out 879 (+845 reasoning)
   97.4s   tool bash: node /kit/rag.mjs entry object_label::external_solid_state_drives
   97.5s turn 16
  101.1s   model reply: in 3929 + cached 48628, out 95 (+62 reasoning)
  101.1s   tool bash: node /kit/rag.mjs entry object_label::drive object_label::drives
  101.3s turn 17
  119.5s   model reply: in 4279 + cached 48611, out 2676 (+1686 reasoning)
  119.5s   tool write: /output/translation.md
  119.6s turn 18
  122.7s   model reply: in 2904 + cached 52666, out 53 (+23 reasoning)
  122.7s   tool bash: node /kit/rag.mjs check --translation /output/translation.md
  122.8s turn 19
  140.9s   model reply: in 3395 + cached 52650, out 2683 (+1693 reasoning)
  140.9s   tool write: /output/translation.md
  140.9s turn 20
  144.2s   model reply: in 10128 + cached 48604, out 45 (+15 reasoning)
  144.2s   tool bash: node /kit/rag.mjs check --translation /output/translation.md
  144.3s turn 21
  163.9s   model reply: in 0 + cached 0, out 0 (+0 reasoning)
  163.9s agent finished
  165.9s turn 22
  195.1s   model reply: in 0 + cached 0, out 0 (+0 reasoning)
  195.1s agent finished
  199.1s turn 23
  324.5s   model reply: in 59199 + cached 0, out 1137 (+128 reasoning)
  324.5s   tool write: /output/translation.md
  324.5s turn 24
  331.1s   model reply: in 3663 + cached 56677, out 42 (+12 reasoning)
  331.1s   tool bash: node /kit/rag.mjs check --translation /output/translation.md
  331.2s turn 25
  360.2s   model reply: in 4143 + cached 56661, out 81 (+36 reasoning)
  360.3s agent finished
  360.3s agent finished
