    1.8s turn 1
    9.2s   model reply: in 21003 + cached 8127, out 720 (+675 reasoning)
    9.2s   tool bash: node /kit/rag.mjs search "work-life balance" "multiple jobs" "leisure" "productivity" "morale" "stress"
    9.3s turn 2
   23.5s   model reply: in 3072 + cached 28442, out 2265 (+2212 reasoning)
   23.5s   tool bash: node /kit/rag.mjs search "employee" "worker" "company" "business" "job" "work" "schedule" "income" "hobby" "leisure"
   23.6s turn 3
   28.0s   model reply: in 8082 + cached 28457, out 84 (+35 reasoning)
   28.0s   tool bash: node /kit/rag.mjs search "balance" "work" "hours" "flexible" "policy" "part-time" "prioritize" "value"
   28.2s turn 4
   31.9s   model reply: in 6398 + cached 32518, out 121 (+75 reasoning)
   31.9s   tool bash: node /kit/rag.mjs entry policy_document policy_revision_request reason_for focus_of distracts_from attitude provides vehicle_allowance
   32.0s turn 5
   38.5s   model reply: in 40036 + cached 0, out 689 (+566 reasoning)
   38.5s   tool bash: node /kit/rag.mjs widen "ask what issues exist regarding work and time for personal activities in Japan" --kind speech_act
node /kit/rag.mjs widen "work and wor
   39.3s turn 6
   43.4s   model reply: in 44054 + cached 0, out 150 (+95 reasoning)
   43.4s   tool bash: node /kit/rag.mjs entry exists_in temporal_context controversial leads_to causes enables reason_for focus_of topic_school_work_routine important recommended use
   43.5s turn 7
   47.2s   model reply: in 45751 + cached 0, out 91 (+57 reasoning)
   47.2s   tool bash: node /kit/rag.mjs entry contrast supports rejects revises ask confirm respond inform acknowledge propose correct
   47.3s turn 8
   55.2s   model reply: in 5856 + cached 40622, out 1093 (+1018 reasoning)
   55.2s   tool bash: node /kit/rag.mjs search "user_practice" "meets_needs" "enables" "causes" "leads_to" "important" "ongoing" "controversial" "exists_in" "reason_for" "focus_of" "
   55.4s turn 9
   64.1s   model reply: in 6187 + cached 44697, out 88 (+52 reasoning)
   64.1s   tool bash: node /kit/rag.mjs entry user_preference motivated_by conditional example_of involves identity instantiates
   64.2s turn 10
   67.2s   model reply: in 2862 + cached 48745, out 103 (+57 reasoning)
   67.2s   tool bash: node /kit/rag.mjs search "problem" "frequency" "typical" "common" "usually" "norm" "culture" "habit"
   67.4s turn 11
   70.6s   model reply: in 5205 + cached 48743, out 71 (+38 reasoning)
   70.6s   tool bash: node /kit/rag.mjs entry varies_by_location varies_with similarity rate foreigners
   70.7s turn 12
   74.0s   model reply: in 5714 + cached 48727, out 103 (+54 reasoning)
   74.0s   tool bash: node /kit/rag.mjs search "attribute_claim" "negation" "conflict" "growth" "productivity" "morale" "balance" "schedule"
   74.1s turn 13
   78.0s   model reply: in 4075 + cached 52787, out 78 (+41 reasoning)
   78.0s   tool bash: node /kit/rag.mjs entry attribute_claim has_attribute designed_to_be negation character_trait
   78.1s turn 14
   81.8s   model reply: in 4943 + cached 52774, out 107 (+60 reasoning)
   81.8s   tool bash: node /kit/rag.mjs search "aim" "goal" "improve" "increase" "workload" "employment" "preference" "value"
   81.9s turn 15
   84.8s   model reply: in 3198 + cached 56832, out 56 (+27 reasoning)
   84.8s   tool bash: node /kit/rag.mjs entry has_goal audience_targeting request
   84.9s turn 16
   93.4s   model reply: in 3567 + cached 56815, out 117 (+62 reasoning)
   93.4s   tool bash: node /kit/rag.mjs search "morale" "productivity" "growth" "stress" "income" "schedule" "hobby" "leisure" "part-time" "multiple"
   93.6s turn 17
   97.2s   model reply: in 6474 + cached 56819, out 59 (+27 reasoning)
   97.2s   tool bash: node /kit/rag.mjs entry constrained_by outshines reconcile_code sequence
   97.2s turn 18
  112.3s   model reply: in 27258 + cached 36517, out 2530 (+2429 reasoning)
  112.3s   tool bash: node /kit/rag.mjs widen "flexible working arrangements" --kind claim
node /kit/rag.mjs widen "employee morale" --kind claim
node /kit/rag.mjs widen "productivit
  113.0s turn 19
  116.4s   model reply: in 8736 + cached 60890, out 69 (+45 reasoning)
  116.4s   tool bash: node /kit/rag.mjs entry role statement
  116.5s turn 20
  126.0s   model reply: in 69894 + cached 0, out 1127 (+888 reasoning)
  126.0s   tool bash: cat << 'EOF' > /output/translation.md
Status: success
Mode: TRACE

## BrainCode

```braincode
MODE TRACE
ENTRYPOINT Conversation
CONVO Conversation {
  TURN t1 
  126.1s turn 21
  149.4s   model reply: in 49885 + cached 0, out 2596 (+2566 reasoning)
  149.4s   tool bash: node /kit/rag.mjs entry role_agent role_user user agent
  149.5s turn 22
  166.5s   model reply: in 3932 + cached 48693, out 3017 (+2961 reasoning)
  166.5s   tool bash: node /kit/rag.mjs entry ask confirm inform respond activity subject conjunction at_least measure duration occurred_recently user_practice enables leads_to cause
  166.6s turn 23
  170.6s   model reply: in 8982 + cached 48714, out 81 (+43 reasoning)
  170.6s   tool bash: node /kit/rag.mjs entry enables leads_to causes supports contrast personal_values unit_hour unit_day
  170.7s turn 24
  174.3s   model reply: in 5522 + cached 52759, out 129 (+80 reasoning)
  174.3s   tool bash: node /kit/rag.mjs entry topic_school_work_routine meets_needs important ongoing prep_time japanese_government role_support_team role_colleague
  174.5s turn 25
  197.7s   model reply: in 2280 + cached 56803, out 4433 (+3021 reasoning)
  197.7s   tool bash: cat << 'EOF' > /output/translation.md
Status: success
Mode: TRACE

## BrainCode

```braincode
MODE TRACE
ENTRYPOINT Conversation
CONVO Conversation {
  TURN t1 
  197.8s turn 26
  220.0s   model reply: in 7356 + cached 56826, out 3399 (+1965 reasoning)
  220.0s   tool bash: cat << 'EOF' > /output/translation.md
Status: success
Mode: TRACE

## BrainCode

```braincode
MODE TRACE
ENTRYPOINT Conversation
CONVO Conversation {
  TURN t1 
  220.1s turn 27
  266.9s   model reply: in 7346 + cached 60899, out 1811 (+377 reasoning)
  266.9s   tool bash: cat << 'EOF' > /output/translation.md
Status: success
Mode: TRACE

## BrainCode

```braincode
MODE TRACE
ENTRYPOINT Conversation
CONVO Conversation {
  TURN t1 
  267.1s turn 28
  285.6s   model reply: in 51174 + cached 0, out 1465 (+17 reasoning)
  285.6s agent finished
  285.6s agent finished
