    8.4s turn 1
   12.1s   model reply: in 12900 + cached 0, out 109 (+92 reasoning)
   12.1s   tool read: /trajectory.txt
   12.1s turn 2
   15.2s   model reply: in 5416 + cached 8040, out 69 (+40 reasoning)
   15.2s   tool bash: node /kit/rag.mjs --help 2>&1 || true
   15.4s turn 3
   20.1s   model reply: in 13557 + cached 0, out 255 (+236 reasoning)
   20.1s   tool bash: ls -la /kit/
   20.1s turn 4
   23.1s   model reply: in 5958 + cached 8021, out 33 (+14 reasoning)
   23.1s   tool read: /kit/README.md
   23.1s turn 5
   25.9s   model reply: in 3140 + cached 12034, out 38 (+21 reasoning)
   25.9s   tool bash: ls -la /
   26.0s turn 6
   29.6s   model reply: in 3965 + cached 12030, out 37 (+20 reasoning)
   29.6s   tool read: /prompt.md
   29.7s turn 7
   37.0s   model reply: in 4474 + cached 12022, out 870 (+851 reasoning)
   37.0s   tool bash: ls -la /reference/
   37.0s turn 8
   64.8s   model reply: in 0 + cached 0, out 0 (+0 reasoning)
   64.8s agent finished
   66.8s turn 9
   80.4s   model reply: in 0 + cached 0, out 0 (+0 reasoning)
   80.4s agent finished
   84.4s turn 10
  110.8s   model reply: in 0 + cached 0, out 0 (+0 reasoning)
  110.9s agent finished
  118.9s turn 11
  186.3s   model reply: in 17570 + cached 0, out 36 (+16 reasoning)
  186.3s   tool read: /reference/examples.jsonl
  186.4s turn 12
  199.9s   model reply: in 2741 + cached 16035, out 1318 (+1286 reasoning)
  199.9s   tool bash: grep -i "alfred" /reference/* /kit/* 2>&1 || true
  199.9s turn 13
  208.1s   model reply: in 4057 + cached 16040, out 57 (+24 reasoning)
  208.1s   tool bash: grep -n "rule_" /reference/glossary.md | head -n 30
  208.2s turn 14
  234.9s   model reply: in 5913 + cached 16053, out 4077 (+4035 reasoning)
  234.9s   tool bash: node /kit/rag.mjs entry turn walk pick_up place on behind other_side_of left_of living_room wall
  235.0s turn 15
  251.3s   model reply: in 6970 + cached 20127, out 2542 (+2513 reasoning)
  251.3s   tool bash: find / -name "*alfred*" 2>/dev/null || true
  251.3s turn 16
  257.7s   model reply: in 5471 + cached 24171, out 100 (+62 reasoning)
  257.7s   tool bash: grep -n "other_side_of" /reference/glossary.jsonl /reference/glossary.md
  257.8s turn 17
  264.0s   model reply: in 5785 + cached 24158, out 61 (+28 reasoning)
  264.0s   tool bash: grep -n "rule/category/spatial-relation" /reference/glossary.jsonl
  264.1s turn 18
  267.5s   model reply: in 2887 + cached 28182, out 74 (+54 reasoning)
  267.5s   tool read: /kit/rag.mjs
  267.5s turn 19
  314.7s   model reply: in 4489 + cached 28187, out 7868 (+7842 reasoning)
  314.7s   tool bash: grep -n "place" /reference/examples.jsonl
  314.8s turn 20
  318.4s   model reply: in 8452 + cached 32305, out 62 (+33 reasoning)
  318.4s   tool bash: grep -n "pick_up" /reference/glossary.jsonl
  318.4s turn 21
  322.0s   model reply: in 5015 + cached 36331, out 65 (+37 reasoning)
  322.0s   tool bash: grep '"kind": "example"' /reference/glossary.jsonl
  322.1s turn 22
  328.0s   model reply: in 2636 + cached 40370, out 633 (+608 reasoning)
  328.0s   tool bash: node /kit/rag.mjs search "against"
  328.2s turn 23
  344.7s   model reply: in 3585 + cached 40363, out 2724 (+2640 reasoning)
  344.7s   tool write: /output/reconstruction.md
  344.7s turn 24
  348.4s   model reply: in 6302 + cached 40375, out 39 (+19 reasoning)
  348.4s   tool read: /output/reconstruction.md
  348.4s turn 25
  355.7s   model reply: in 2381 + cached 44393, out 83 (+58 reasoning)
  355.7s agent finished
  355.7s agent finished
