    6.2s turn 1
   26.8s   model reply: in 33988 + cached 0, out 3263 (+3202 reasoning)
   26.8s   tool bash: node /kit/rag.mjs search "weekend" "two ideas" "reward" "scavenger hunt" "prize" "picnic" "certificate" "science experiment" "award" "movie" "wish"
   27.1s turn 2
   36.5s   model reply: in 7767 + cached 32562, out 169 (+73 reasoning)
   36.5s   tool bash: node /kit/rag.mjs entry well_wishes designed_to_be meets_needs has_goal activity temporal_context sequence conjunction subject requirement location_spec promoti
   37.8s turn 3
   44.3s   model reply: in 5863 + cached 36626, out 222 (+149 reasoning)
   44.3s   tool bash: node /kit/rag.mjs entry decision obligation works_best enables motivated_by example_of important provides recommended request role spatial_state art_plan art_it
   44.5s turn 4
   55.6s   model reply: in 4080 + cached 40689, out 60 (+31 reasoning)
   55.7s   tool bash: node /kit/rag.mjs entry location_spec time_point greeting
   56.0s turn 5
   70.2s   model reply: in 4397 + cached 40671, out 1599 (+1569 reasoning)
   70.2s   tool bash: node /kit/rag.mjs widen "reward daughter for good academic performance"
   70.4s turn 6
   85.1s   model reply: in 3820 + cached 44740, out 261 (+201 reasoning)
   85.1s   tool bash: node /kit/rag.mjs search "botanical garden" "nature reserve" "zoo" "aquarium" "pinecone" "sticker" "bookmark" "diploma" "trophy" "slime"
   85.5s turn 7
   89.8s   model reply: in 6886 + cached 44740, out 300 (+262 reasoning)
   89.8s   tool bash: grep -E "^\| [a-z0-9_]+ \| constructor \|" /reference/glossary.md
   89.9s turn 8
   93.9s   model reply: in 4921 + cached 48801, out 94 (+54 reasoning)
   93.9s   tool bash: grep -E "^\| [a-z0-9_]+ \| claim_relation \|" /reference/glossary.md
   94.0s turn 9
   97.6s   model reply: in 2888 + cached 52861, out 68 (+21 reasoning)
   97.6s   tool bash: grep -E "^\| [a-z0-9_]+ \| claim_relation \|" /reference/glossary.md | tail -n +30
   97.7s turn 10
  101.1s   model reply: in 4910 + cached 52854, out 64 (+19 reasoning)
  101.1s   tool bash: grep -E "^\| [a-z0-9_]+ \| constructor \|" /reference/glossary.md | tail -n +25
  101.1s turn 11
  109.4s   model reply: in 2753 + cached 56912, out 62 (+17 reasoning)
  109.4s   tool bash: grep -E "^\| [a-z0-9_]+ \| constructor \|" /reference/glossary.md | tail -n +50
  109.4s turn 12
  112.7s   model reply: in 4570 + cached 56905, out 62 (+17 reasoning)
  112.7s   tool bash: grep -E "^\| [a-z0-9_]+ \| constructor \|" /reference/glossary.md | tail -n +75
  112.7s turn 13
  125.3s   model reply: in 5326 + cached 56890, out 2129 (+2101 reasoning)
  125.3s   tool bash: grep -i "time_point" /reference/glossary.md
  125.3s turn 14
  129.5s   model reply: in 3618 + cached 60951, out 180 (+152 reasoning)
  129.5s   tool bash: grep -i "temporal_context" /reference/glossary.md
  129.5s turn 15
  139.7s   model reply: in 64827 + cached 0, out 1346 (+1312 reasoning)
  139.7s   tool bash: node /kit/rag.mjs entry ice_cream food_label animal_label object_label
  140.0s turn 16
  146.0s   model reply: in 66563 + cached 0, out 301 (+251 reasoning)
  146.0s   tool bash: node /kit/rag.mjs entry food_label::icecream food_label::ice_cream food_label::cookie food_label::sandwich food_label::fruit
  146.2s turn 17
  150.8s   model reply: in 2533 + cached 64973, out 167 (+101 reasoning)
  150.8s   tool bash: node /kit/rag.mjs entry animal_label::butterfly animal_label::bird food_label::popcorn object_label::pinecone object_label::sticker object_label::bookmark objec
  150.9s turn 18
  155.8s   model reply: in 3638 + cached 64962, out 346 (+317 reasoning)
  155.8s   tool bash: grep -i "well_wishes" /reference/glossary.md
  155.9s turn 19
  160.7s   model reply: in 4078 + cached 64945, out 112 (+80 reasoning)
  160.7s   tool bash: node /kit/rag.mjs entry respond express_interest propose inform ask acknowledge offer apologize
  160.9s turn 20
  176.8s   model reply: in 8790 + cached 60872, out 2196 (+1784 reasoning)
  176.8s   tool bash: node -e '
const cp = require("child_process");
const fs = require("fs");

const draft = `Status: success
Mode: TRACE

## BrainCode

\`\`\`braincode
MODE TRACE
E
  177.4s turn 21
  204.0s   model reply: in 49286 + cached 0, out 3828 (+2256 reasoning)
  204.0s   tool bash: node -e '
const cp = require("child_process");
const fs = require("fs");

const draft = `Status: success
Mode: TRACE

## BrainCode

\`\`\`braincode
MODE TRACE
E
  204.2s turn 22
  225.5s   model reply: in 5095 + cached 48702, out 3492 (+3458 reasoning)
  225.5s   tool bash: node /kit/rag.mjs entry role_agent role_user role_daughter role_mother
  225.7s turn 23
  239.0s   model reply: in 4741 + cached 52772, out 2222 (+637 reasoning)
  239.0s   tool bash: node -e '
const cp = require("child_process");
const fs = require("fs");

const doc = `Status: success
Mode: TRACE

## BrainCode

\`\`\`braincode
MODE TRACE
ENT
  240.6s turn 24
  261.4s   model reply: in 3582 + cached 56836, out 2918 (+1400 reasoning)
  261.4s   tool write: /output/translation.md
  261.5s turn 25
  265.4s   model reply: in 6504 + cached 56836, out 53 (+23 reasoning)
  265.4s   tool bash: node /kit/rag.mjs check --translation /output/translation.md
  266.3s turn 26
  274.4s   model reply: in 3195 + cached 60881, out 1035 (+123 reasoning)
  274.4s agent finished
  274.4s agent finished
