    2.5s turn 1
    9.8s   model reply: in 32617 + cached 0, out 813 (+768 reasoning)
    9.8s   tool bash: node /kit/rag.mjs entry ask propose respond inform activity subject conjunction sequence temporal_context requirement enables supports contrast motivated_by rec
   10.0s turn 2
   21.3s   model reply: in 2953 + cached 32535, out 1144 (+1091 reasoning)
   21.3s   tool bash: node /kit/rag.mjs search "weekend" "reward" "scavenger hunt" "wish" "science experiments" "award ceremony" "picnic" "movie night"
   21.5s turn 3
   24.8s   model reply: in 6334 + cached 32536, out 42 (+15 reasoning)
   24.8s   tool bash: node /kit/rag.mjs entry well_wishes greeting
   24.9s turn 4
   28.6s   model reply: in 2484 + cached 36584, out 165 (+115 reasoning)
   28.6s   tool bash: node /kit/rag.mjs search "weekend" "academic performance" "two ideas" "nature reserve" "botanical garden" "zoo" "aquarium"
   28.7s turn 5
   47.5s   model reply: in 4666 + cached 36580, out 3246 (+3224 reasoning)
   47.5s   tool bash: node /kit/rag.mjs check
   47.5s turn 6
   51.7s   model reply: in 3861 + cached 40647, out 261 (+226 reasoning)
   51.7s   tool bash: node /kit/rag.mjs search "today is the weekend" "weekend" "day off"
   51.9s turn 7
   56.8s   model reply: in 5082 + cached 40636, out 383 (+344 reasoning)
   56.8s   tool bash: node /kit/rag.mjs search "count" "quantity" "amount" "requirement" "number of ideas"
   57.0s turn 8
   60.0s   model reply: in 2869 + cached 44693, out 75 (+48 reasoning)
   60.0s   tool bash: node /kit/rag.mjs entry requirement group_size measure
   60.1s turn 9
   82.2s   model reply: in 3595 + cached 44678, out 3375 (+3329 reasoning)
   82.2s   tool bash: node /kit/rag.mjs entry well_wishes activity subject requirement conjunction sequence temporal_context time_point enables recommended important works_best motiv
   82.3s turn 10
   85.7s   model reply: in 8960 + cached 44697, out 52 (+23 reasoning)
   85.7s   tool bash: node /kit/rag.mjs entry important works_best motivated_by
   85.8s turn 11
   89.2s   model reply: in 5176 + cached 48743, out 80 (+50 reasoning)
   89.2s   tool bash: node /kit/rag.mjs entry ask propose respond express_interest offer inform
   89.3s turn 12
  108.9s   model reply: in 5668 + cached 48727, out 2751 (+1343 reasoning)
  108.9s   tool bash: cat << 'EOF' > /output/translation.md
Status: success
Mode: TRACE

## BrainCode

```braincode
MODE TRACE
ENTRYPOINT Conversation
CONVO Conversation {
  TURN t1 
  109.0s turn 13
  113.7s   model reply: in 5066 + cached 52795, out 205 (+180 reasoning)
  113.7s   tool bash: node /kit/rag.mjs entry ice_cream
  113.8s turn 14
  120.4s   model reply: in 5360 + cached 52777, out 251 (+220 reasoning)
  120.4s   tool bash: node /kit/rag.mjs entry food_label animal_label object_label
  120.5s turn 15
  126.5s   model reply: in 0 + cached 0, out 0 (+0 reasoning)
  126.5s agent finished
  128.5s turn 16
  142.2s   model reply: in 0 + cached 0, out 0 (+0 reasoning)
  142.2s agent finished
  146.2s turn 17
  172.8s   model reply: in 0 + cached 0, out 0 (+0 reasoning)
  172.8s agent finished
  180.8s turn 18
  250.7s   model reply: in 5944 + cached 52762, out 1618 (+201 reasoning)
  250.7s   tool bash: cat << 'EOF' > /output/translation.md
Status: success
Mode: TRACE

## BrainCode

```braincode
MODE TRACE
ENTRYPOINT Conversation
CONVO Conversation {
  TURN t1 
  250.8s turn 19
  282.1s   model reply: in 4193 + cached 56820, out 3284 (+1861 reasoning)
  282.1s   tool bash: cat << 'EOF' > /output/translation.md
Status: success
Mode: TRACE

## BrainCode

```braincode
MODE TRACE
ENTRYPOINT Conversation
CONVO Conversation {
  TURN t1 
  282.3s turn 20
  290.8s   model reply: in 4094 + cached 60892, out 360 (+330 reasoning)
  290.8s   tool bash: node /kit/rag.mjs check --translation /output/translation.md
  291.0s turn 21
  295.2s   model reply: in 5154 + cached 60881, out 87 (+47 reasoning)
  295.2s agent finished
  295.2s agent finished
