    4.3s turn 1
   14.2s   model reply: in 1788 + cached 0, out 1372 (+1356 reasoning)
   14.2s   tool bash: ls -la
   14.2s turn 2
   34.4s   model reply: in 3213 + cached 0, out 3228 (+3208 reasoning)
   34.4s   tool bash: cat -A /trajectory.txt
   34.4s turn 3
   58.6s   model reply: in 7762 + cached 0, out 3937 (+3910 reasoning)
   58.6s   tool bash: cat -A /attach/1-format-reconstruction.md
   58.6s turn 4
   63.5s   model reply: in 7885 + cached 3995, out 458 (+440 reasoning)
   63.5s   tool bash: ls -ld /output
   63.6s turn 5
   69.7s   model reply: in 4377 + cached 7985, out 794 (+644 reasoning)
   69.7s   tool write: /output/reconstruction.md
   69.8s turn 6
   72.1s   model reply: in 5179 + cached 7982, out 39 (+19 reasoning)
   72.1s   tool read: /output/reconstruction.md
   72.1s turn 7
   75.2s   model reply: in 5353 + cached 7971, out 173 (+154 reasoning)
   75.2s agent finished
   75.2s agent finished
