    1.7s turn 1
    8.2s   model reply: in 30098 + cached 0, out 658 (+627 reasoning)
    8.2s   tool bash: node /kit/rag.mjs search "cook" "egg" "corner"
    8.3s turn 2
   15.5s   model reply: in 3127 + cached 28443, out 904 (+862 reasoning)
   15.5s   tool bash: node /kit/rag.mjs entry heat state_microwaved turn walk face pick_up place open close drop remove sequence activity respond
   15.7s turn 3
   22.5s   model reply: in 6141 + cached 28445, out 530 (+487 reasoning)
   22.5s   tool bash: node /kit/rag.mjs search "cook" "between" "next_to" "left_of" "right_of"
   22.7s turn 4
   25.7s   model reply: in 4105 + cached 32503, out 86 (+46 reasoning)
   25.7s   tool bash: grep -E "^\| [a-zA-Z0-9_]+ \| operation \|" /reference/glossary.md
   25.7s turn 5
   28.7s   model reply: in 2191 + cached 36562, out 39 (+13 reasoning)
   28.7s   tool bash: tail -n 25 /reference/glossary.md
   28.7s turn 6
   49.0s   model reply: in 3626 + cached 36552, out 3746 (+3720 reasoning)
   49.0s   tool bash: node /kit/rag.mjs check --help || true
   49.1s turn 7
   52.4s   model reply: in 7373 + cached 36561, out 113 (+64 reasoning)
   52.4s   tool bash: grep -A 30 "function check" /kit/rag.mjs || grep -A 30 "case 'check'" /kit/rag.mjs
   52.5s turn 8
   55.5s   model reply: in 3453 + cached 40604, out 41 (+15 reasoning)
   55.5s   tool bash: grep -n "check" /kit/rag.mjs
   55.5s turn 9
   69.1s   model reply: in 3634 + cached 40585, out 2187 (+2008 reasoning)
   69.1s   tool bash: cat << 'EOF' > /output/translation.md
Status: success
Mode: REQUEST

## BrainCode

```braincode
MODE REQUEST
ENTRYPOINT Apple
TASK Apple {
  ACTION turn(directi
   69.2s turn 10
   74.5s   model reply: in 6515 + cached 40589, out 585 (+551 reasoning)
   74.5s   tool bash: node /kit/rag.mjs entry turn walk face pick_up place open close heat remove drop
   74.7s turn 11
   81.8s   model reply: in 4363 + cached 44644, out 938 (+898 reasoning)
   81.8s   tool bash: node /kit/rag.mjs search "kitchen" "cook" "heat" "microwave" "turn" "walk"
   81.9s turn 12
   89.7s   model reply: in 3014 + cached 48705, out 171 (+141 reasoning)
   89.7s   tool bash: node /kit/rag.mjs widen "walk down kitchen" --kind action
   89.8s turn 13
   93.4s   model reply: in 4505 + cached 48697, out 156 (+127 reasoning)
   93.4s   tool bash: node /kit/rag.mjs entry counter shelf table sink stove microwave corner
   93.6s turn 14
  100.5s   model reply: in 5013 + cached 48682, out 1020 (+938 reasoning)
  100.5s   tool bash: node /kit/rag.mjs entry object_label::shelf object_label::counter object_label::sink object_label::stove object_label::microwave object_label::table food_label:
  100.6s turn 15
  104.9s   model reply: in 0 + cached 0, out 0 (+0 reasoning)
  105.0s agent finished
  107.0s turn 16
  120.6s   model reply: in 0 + cached 0, out 0 (+0 reasoning)
  120.6s agent finished
  124.7s turn 17
  136.2s   model reply: in 0 + cached 0, out 0 (+0 reasoning)
  136.2s agent finished
  144.3s turn 18
  167.2s   model reply: in 0 + cached 0, out 0 (+0 reasoning)
  167.2s agent finished
  183.2s turn 19
  269.4s   model reply: in 56122 + cached 0, out 2806 (+2725 reasoning)
  269.4s   tool bash: grep -E "^\| (face|walk|turn|pick_up|place|open|close|heat|drop|remove|rinse|between|next_to|left_of|right_of|in|on|under|behind|in_front_of) \|" /reference/glo
  269.4s turn 20
  282.2s   model reply: in 7097 + cached 52752, out 78 (+38 reasoning)
  282.2s   tool bash: grep -E "^\| [a-zA-Z0-9_]+ \| constructor \|" /reference/glossary.md
  282.2s turn 21
  345.8s   model reply: in 4917 + cached 56806, out 3277 (+2215 reasoning)
  345.9s   tool bash: cat << 'EOF' > /output/translation.md
Status: success
Mode: REQUEST

## BrainCode

```braincode
MODE REQUEST
ENTRYPOINT FoodLabelApple
TASK FoodLabelApple {
  A
  346.0s turn 22
  358.3s   model reply: in 5028 + cached 60880, out 855 (+802 reasoning)
  358.3s   tool bash: grep -E "^\| [a-zA-Z0-9_]+ \| constructor \|.*(location|spatial|target|position|between|relative)" /reference/glossary.md
  358.4s turn 23
  372.6s   model reply: in 3548 + cached 64940, out 80 (+46 reasoning)
  372.6s   tool bash: node /kit/rag.mjs search "spatial" "position" "relative" "between"
  372.7s turn 24
  387.6s   model reply: in 4792 + cached 64930, out 1705 (+643 reasoning)
  387.6s   tool bash: cat << 'EOF' > /output/translation.md
Status: success
Mode: REQUEST

## BrainCode

```braincode
MODE REQUEST
ENTRYPOINT FoodLabelApple
TASK FoodLabelApple {
  A
  387.7s turn 25
  412.6s   model reply: in 49658 + cached 0, out 783 (+732 reasoning)
  412.6s   tool bash: grep -E "^\| [a-zA-Z0-9_]+ \| constructor \|.*(entity|spatial|relation|object|item)" /reference/glossary.md
  412.7s turn 26
  422.6s   model reply: in 3491 + cached 48771, out 715 (+691 reasoning)
  422.6s   tool bash: node /kit/rag.mjs entry open close
  422.7s turn 27
  434.5s   model reply: in 4375 + cached 48757, out 1279 (+190 reasoning)
  434.5s   tool bash: cat << 'EOF' > /output/translation.md
Status: success
Mode: REQUEST

## BrainCode

```braincode
MODE REQUEST
ENTRYPOINT FoodLabelApple
TASK FoodLabelApple {
  A
  434.6s turn 28
  458.0s   model reply: in 2486 + cached 52816, out 4013 (+2737 reasoning)
  458.0s   tool bash: cat << 'EOF' > /output/translation.md
Status: success
Mode: REQUEST

## BrainCode

```braincode
MODE REQUEST
ENTRYPOINT FoodLabelApple
TASK FoodLabelApple {
  A
  458.2s turn 29
  479.0s   model reply: in 60206 + cached 0, out 1875 (+599 reasoning)
  479.0s   tool bash: cat << 'EOF' > /output/translation.md
Status: success
Mode: REQUEST

## BrainCode

```braincode
MODE REQUEST
ENTRYPOINT ObjectLabelCounter
TASK ObjectLabelCount
  479.2s turn 30
  497.2s   model reply: in 6077 + cached 56895, out 2623 (+1347 reasoning)
  497.2s   tool bash: cat << 'EOF' > /output/translation.md
Status: success
Mode: REQUEST

## BrainCode

```braincode
MODE REQUEST
ENTRYPOINT ObjectLabelCounter
TASK ObjectLabelCount
  497.3s turn 31
  502.6s   model reply: in 5521 + cached 60965, out 97 (+52 reasoning)
  502.6s agent finished
  502.6s agent finished
