    2.2s turn 1
   11.9s   model reply: in 15342 + cached 0, out 1680 (+1649 reasoning)
   11.9s   tool bash: ls -la /
ls -la /output 2>/dev/null || true
   12.0s turn 2
   15.1s   model reply: in 5744 + cached 12115, out 64 (+24 reasoning)
   15.1s   tool bash: ls -la /reference 2>/dev/null || true
ls -la /kit 2>/dev/null || true
   15.2s turn 3
   18.2s   model reply: in 2155 + cached 16140, out 64 (+36 reasoning)
   18.2s   tool bash: cat /reference/examples.jsonl | head -n 30
   18.2s turn 4
   40.0s   model reply: in 3392 + cached 16137, out 3465 (+3447 reasoning)
   40.0s   tool bash: cat /prompt.md
   40.0s turn 5
   66.4s   model reply: in 7294 + cached 16163, out 4312 (+4077 reasoning)
   66.4s   tool write: /output/reconstruction.md
   66.4s turn 6
   82.5s   model reply: in 7546 + cached 20228, out 54 (+34 reasoning)
   82.5s   tool read: /output/reconstruction.md
   82.5s turn 7
   85.8s   model reply: in 3780 + cached 24257, out 62 (+39 reasoning)
   85.8s agent finished
   85.8s agent finished
