    2.1s turn 1
    8.0s   model reply: in 25082 + cached 0, out 657 (+617 reasoning)
    8.0s   tool bash: node /kit/rag.mjs entry click web_element select_filter apply_filters request constraint_beginner song requirement then sequence
    8.2s turn 2
   11.5s   model reply: in 2361 + cached 24344, out 88 (+47 reasoning)
   11.5s   tool bash: node /kit/rag.mjs search "guitar" "tabs" "guitar tabs" "filter search results" "difficulty rating"
   11.7s turn 3
   15.0s   model reply: in 3846 + cached 24337, out 83 (+52 reasoning)
   15.0s   tool bash: grep -i "guitar" /reference/glossary.md || echo "None"
   15.0s turn 4
   18.0s   model reply: in 3948 + cached 24319, out 98 (+44 reasoning)
   18.0s   tool bash: grep -E "\| (web_element|click|select_filter|apply_filters|request|user|agent|include|exclude|requirement) \|" /reference/glossary.md
   18.0s turn 5
   21.1s   model reply: in 4470 + cached 24305, out 86 (+49 reasoning)
   21.1s   tool bash: grep -E "\| (user|agent) \|" /reference/glossary.md || echo "None"
   21.1s turn 6
   24.0s   model reply: in 4574 + cached 24288, out 54 (+28 reasoning)
   24.0s   tool bash: grep -i "holder" /reference/glossary.md
   24.0s turn 7
   28.3s   model reply: in 4736 + cached 24271, out 244 (+211 reasoning)
   28.3s   tool bash: grep -i "claim-holder" /reference/glossary.md || echo "None"
   28.4s turn 8
   31.2s   model reply: in 4997 + cached 24255, out 63 (+37 reasoning)
   31.2s   tool bash: grep -w "user" /reference/glossary.md
   31.3s turn 9
   34.4s   model reply: in 5563 + cached 24244, out 56 (+25 reasoning)
   34.4s   tool bash: grep "role_user" /reference/glossary.md || echo "None"
   34.5s turn 10
   37.7s   model reply: in 5856 + cached 24229, out 82 (+57 reasoning)
   37.7s   tool bash: node /kit/rag.mjs entry role_user
   37.9s turn 11
   41.8s   model reply: in 6000 + cached 24213, out 123 (+95 reasoning)
   41.8s   tool bash: node /kit/rag.mjs search "user" "agent"
   42.0s turn 12
   44.8s   model reply: in 2665 + cached 28238, out 43 (+18 reasoning)
   44.8s   tool bash: node /kit/rag.mjs entry role_agent
   44.9s turn 13
   52.5s   model reply: in 2772 + cached 28220, out 1070 (+1047 reasoning)
   52.5s   tool bash: node /kit/rag.mjs entry request
   52.7s turn 14
   59.0s   model reply: in 0 + cached 0, out 0 (+0 reasoning)
   59.1s agent finished
   61.0s turn 15
   75.0s   model reply: in 0 + cached 0, out 0 (+0 reasoning)
   75.0s agent finished
   79.0s turn 16
  105.2s   model reply: in 0 + cached 0, out 0 (+0 reasoning)
  105.2s agent finished
  113.2s turn 17
  173.7s   model reply: in 3909 + cached 28217, out 68 (+41 reasoning)
  173.7s   tool bash: grep "| speech_act |" /reference/glossary.md
  173.8s turn 18
  185.0s   model reply: in 4463 + cached 28205, out 301 (+268 reasoning)
  185.0s   tool bash: grep -rn "CLAIM request" /reference/ || grep -rn "request(" /reference/
  185.1s turn 19
  198.9s   model reply: in 4951 + cached 28193, out 106 (+49 reasoning)
  198.9s   tool bash: node -e '
const fs = require("fs");
console.log(fs.readFileSync("/kit/rag.mjs", "utf8").slice(0, 3000));
'
  198.9s turn 20
  208.8s   model reply: in 5988 + cached 28190, out 1201 (+1160 reasoning)
  208.8s   tool bash: node /kit/rag.mjs entry apply_filters select_filter constraint_beginner song requirement web_element click request then sequence include
  208.9s turn 21
  228.1s   model reply: in 4173 + cached 32231, out 383 (+359 reasoning)
  228.1s   tool bash: grep -rn "web_element" /reference/
  228.2s turn 22
  236.0s   model reply: in 4814 + cached 32221, out 438 (+412 reasoning)
  236.0s   tool bash: grep -rn "RECORD ACTION" /reference/ /attach/
  236.1s turn 23
  244.9s   model reply: in 2388 + cached 36254, out 1122 (+1097 reasoning)
  244.9s   tool bash: node /kit/rag.mjs entry object_label
  245.0s turn 24
  252.0s   model reply: in 3620 + cached 36253, out 664 (+640 reasoning)
  252.0s   tool bash: grep -rn "constraint_beginner" /reference/
  252.1s turn 25
  255.7s   model reply: in 4483 + cached 36246, out 93 (+57 reasoning)
  255.7s   tool bash: grep -rn "apply_filters" /reference/ || grep -rn "select_filter" /reference/
  255.7s turn 26
  259.2s   model reply: in 4782 + cached 36231, out 80 (+33 reasoning)
  259.2s   tool bash: node -e '
const fs = require("fs");
console.log(fs.readFileSync("/reference/examples.jsonl", "utf8"));
'
  259.3s turn 27
  266.9s   model reply: in 6032 + cached 36231, out 765 (+726 reasoning)
  266.9s   tool bash: node /kit/rag.mjs search "guitar tab" "filter search results" "search results" "difficulty rating"
  267.1s turn 28
  277.4s   model reply: in 3930 + cached 40267, out 1325 (+1300 reasoning)
  277.4s   tool bash: grep "| constructor |" /reference/glossary.md
  277.5s turn 29
  283.2s   model reply: in 7024 + cached 40294, out 510 (+468 reasoning)
  283.2s   tool bash: node /kit/rag.mjs entry song include constraint_beginner requirement activity web_element click then sequence request role_user role_agent
  283.3s turn 30
  288.3s   model reply: in 5082 + cached 44334, out 387 (+356 reasoning)
  288.3s   tool bash: node /kit/rag.mjs search "activity" "search" "filter"
  288.5s turn 31
  298.0s   model reply: in 2365 + cached 48364, out 1467 (+925 reasoning)
  298.0s   tool bash: cat << 'EOF' > /output/translation.md
Status: success
Mode: TRACE

## BrainCode

```braincode
MODE TRACE
ENTRYPOINT Conversation
CONVO Conversation {
  TURN t1 
  298.1s turn 32
  309.3s   model reply: in 4052 + cached 48369, out 1664 (+1124 reasoning)
  309.3s   tool bash: cat << 'EOF' > /output/translation.md
Status: success
Mode: TRACE

## BrainCode

```braincode
MODE TRACE
ENTRYPOINT Conversation
CONVO Conversation {
  TURN t1 
  309.4s turn 33
  316.2s   model reply: in 5916 + cached 48376, out 786 (+222 reasoning)
  316.2s   tool bash: cat << 'EOF' > /output/translation.md
Status: success
Mode: TRACE

## BrainCode

```braincode
MODE TRACE
ENTRYPOINT Conversation
CONVO Conversation {
  TURN t1 
  316.3s turn 34
  324.5s   model reply: in 2904 + cached 52402, out 967 (+944 reasoning)
  324.5s   tool bash: node /kit/rag.mjs entry conjunction
  324.6s turn 35
  328.8s   model reply: in 3928 + cached 52397, out 319 (+294 reasoning)
  328.8s   tool bash: node /kit/rag.mjs entry rank_rating
  328.9s turn 36
  336.6s   model reply: in 4307 + cached 52383, out 1041 (+456 reasoning)
  336.6s   tool bash: cat << 'EOF' > /output/translation.md
Status: success
Mode: TRACE

## BrainCode

```braincode
MODE TRACE
ENTRYPOINT Conversation
CONVO Conversation {
  TURN t1 
  336.8s turn 37
  343.6s   model reply: in 5577 + cached 52382, out 913 (+324 reasoning)
  343.6s   tool bash: cat << 'EOF' > /output/translation.md
Status: success
Mode: TRACE

## BrainCode

```braincode
MODE TRACE
ENTRYPOINT Conversation
CONVO Conversation {
  TURN t1 
  343.8s turn 38
  362.9s   model reply: in 2692 + cached 56408, out 3595 (+3020 reasoning)
  362.9s   tool write: /output/translation.md
  363.0s turn 39
  366.3s   model reply: in 6261 + cached 56438, out 53 (+23 reasoning)
  366.3s   tool bash: node /kit/rag.mjs check --translation /output/translation.md
  366.4s turn 40
  373.2s   model reply: in 2527 + cached 60453, out 909 (+325 reasoning)
  373.2s agent finished
  373.2s agent finished
