    6.4s turn 1
   18.3s   model reply: in 1926 + cached 0, out 1442 (+1425 reasoning)
   18.3s   tool read: /trajectory.txt
   18.3s turn 2
   26.1s   model reply: in 3674 + cached 0, out 820 (+797 reasoning)
   26.1s   tool bash: ls -la /; ls -la /output
   26.1s turn 3
   30.2s   model reply: in 5293 + cached 0, out 41 (+17 reasoning)
   30.2s   tool bash: ls -la /attach; ls -la /reference
   30.2s turn 4
   78.0s   model reply: in 0 + cached 0, out 0 (+0 reasoning)
   78.0s agent finished
   80.0s turn 5
   93.6s   model reply: in 0 + cached 0, out 0 (+0 reasoning)
   93.6s agent finished
   97.6s turn 6
  124.0s   model reply: in 0 + cached 0, out 0 (+0 reasoning)
  124.0s agent finished
  132.0s turn 7
  286.6s   model reply: in 5472 + cached 0, out 7868 (+7849 reasoning)
  286.6s   tool bash: xxd /trajectory.txt
  286.6s turn 8
  311.2s   model reply: in 13363 + cached 0, out 45 (+25 reasoning)
  311.2s   tool bash: od -c /trajectory.txt
  311.2s turn 9
  326.9s   model reply: in 15294 + cached 0, out 1934 (+1584 reasoning)
  326.9s   tool write: /output/translation.md
  326.9s turn 10
  354.8s   model reply: in 5201 + cached 12031, out 41 (+22 reasoning)
  354.8s   tool read: /output/translation.md
  354.8s turn 11
  361.5s   model reply: in 17598 + cached 0, out 571 (+246 reasoning)
  361.5s agent finished
  361.5s agent finished
