    4.3s turn 1
   15.4s   model reply: in 1955 + cached 0, out 1019 (+1001 reasoning)
   15.4s   tool bash: ls -la /output
   15.5s turn 2
   17.9s   model reply: in 3027 + cached 0, out 38 (+21 reasoning)
   17.9s   tool read: /trajectory.txt
   17.9s turn 3
   24.5s   model reply: in 3371 + cached 0, out 41 (+18 reasoning)
   24.5s   tool read: /attach/1-format-translation.md
   24.5s turn 4
   35.4s   model reply: in 3588 + cached 0, out 1216 (+1186 reasoning)
   35.4s   tool bash: git status; git log -n 5 2>/dev/null || true
   35.4s turn 5
   40.7s   model reply: in 4818 + cached 0, out 36 (+13 reasoning)
   40.7s   tool bash: ls -la /; ls -la /tmp
   40.8s turn 6
   62.4s   model reply: in 5739 + cached 0, out 48 (+17 reasoning)
   62.4s   tool bash: ls -la /reference /session; head -n 50 /prompt.md
   62.4s turn 7
   74.7s   model reply: in 6420 + cached 0, out 192 (+94 reasoning)
   74.7s   tool bash: grep -A 20 -B 5 "translation.md" /session/2026-10-06T20-43-07-812Z_01a112f4-aea1-757e-bdc9-708646cd8a4a.jsonl | tail -n 30
   74.8s turn 8
   85.2s   model reply: in 2900 + cached 3875, out 159 (+131 reasoning)
   85.2s   tool bash: ls -la /previous /reference 2>/dev/null || true
   85.3s turn 9
  131.3s   model reply: in 3121 + cached 3870, out 3726 (+3658 reasoning)
  131.3s   tool bash: find / -name "*rag*" -o -name "*eval*" -o -name "*validate*" -o -name "*test*" 2>/dev/null | grep -v "/proc" | grep -v "/usr" | grep -v "/sys"
  131.6s turn 10
  140.7s   model reply: in 6789 + cached 3938, out 41 (+12 reasoning)
  140.7s   tool bash: python3 --version 2>/dev/null || which python3 python node
  140.7s turn 11
  149.5s   model reply: in 2920 + cached 7862, out 39 (+12 reasoning)
  149.5s   tool bash: ls -la /usr/local/lib/node_modules/
  149.6s turn 12
  163.4s   model reply: in 3109 + cached 7852, out 46 (+18 reasoning)
  163.4s   tool bash: ls -la /opt /root 2>/dev/null || true
  163.4s turn 13
  166.8s   model reply: in 3486 + cached 7848, out 53 (+28 reasoning)
  166.8s   tool bash: head -n 30 /opt/settings.json
  166.8s turn 14
  197.8s   model reply: in 4002 + cached 7805, out 4762 (+4374 reasoning)
  197.8s   tool bash: node -e '
const orig = `<|user|>Find a one-way nonstop flight between San Fransisco to San Diego on July 1, on United Airlines for 2 adults and 1 
senior, and v
  197.8s turn 15
  221.5s   model reply: in 4724 + cached 11853, out 2262 (+792 reasoning)
  221.5s   tool bash: node -e '
function analyze(text) {
  const heb = (text.match(/[\u0590-\u05FF]/g) || []).length;
  const lat = (text.match(/[a-zA-Z]/g) || []).length;
  // exclu
  221.5s turn 16
  253.4s   model reply: in 3106 + cached 15857, out 4873 (+2992 reasoning)
  253.4s   tool bash: node -e '
const variants = {
  optA: `<|user|>מצא טיסה בכיוון אחד ללא עצירות בין סן פרנסיסקו לסן דייגו ב-1 ביולי, ביונייטד איירליינס (United Airlines) עבור 2 מב
  253.4s turn 17
  279.5s   model reply: in 7979 + cached 15950, out 3740 (+3677 reasoning)
  279.5s   tool bash: node -e '
const fs = require("fs");
const content = fs.readFileSync("/trajectory.txt", "utf8");
console.log(JSON.stringify(content.slice(0, 250)));
'
  279.6s turn 18
  294.0s   model reply: in 3759 + cached 23994, out 1754 (+1317 reasoning)
  294.0s   tool write: /output/translation.md
  294.0s turn 19
  298.7s   model reply: in 5504 + cached 24007, out 160 (+19 reasoning)
  298.7s   tool bash: node -e '
const fs = require("fs");
const text = fs.readFileSync("/output/translation.md", "utf8");
console.log(text);
const heb = (text.match(/[\u0590-\u05FF]/
  298.8s turn 20
  303.3s   model reply: in 2115 + cached 28001, out 93 (+70 reasoning)
  303.4s agent finished
  303.4s agent finished
