    1.8s turn 1
   24.5s   model reply: in 30400 + cached 0, out 789 (+738 reasoning)
   24.5s   tool bash: node /kit/rag.mjs search "intelligence" "cognitive" "problem solving" "escape" "solitary" "predator" "cannibalism" "toy"
   24.7s turn 2
   41.9s   model reply: in 4878 + cached 28455, out 73 (+18 reasoning)
   41.9s   tool bash: grep -E "^\| [a-zA-Z0-9_]+ \| (constructor|composite|claim_relation|link)" /reference/glossary.md | head -n 40
   41.9s turn 3
   49.1s   model reply: in 2689 + cached 32513, out 64 (+20 reasoning)
   49.1s   tool bash: grep -E "^\| [a-zA-Z0-9_]+ \| (claim_relation|link)" /reference/glossary.md
   49.1s turn 4
   58.6s   model reply: in 4699 + cached 32507, out 49 (+9 reasoning)
   58.6s   tool bash: grep -E "^\| [a-zA-Z0-9_]+ \| constructor \|" /reference/glossary.md
   58.7s turn 5
   67.8s   model reply: in 2487 + cached 36564, out 799 (+755 reasoning)
   67.8s   tool bash: node /kit/rag.mjs entry property_question attribute_claim has_attribute possesses rate recommended causes enables leads_to opposes supports negation exclude saf
   67.9s turn 6
   72.3s   model reply: in 4835 + cached 36561, out 93 (+43 reasoning)
   72.3s   tool bash: node /kit/rag.mjs search "recommendation" "consult" "enrichment" "behavior" "learn" "camouflage" "predator" "aggression"
   72.5s turn 7
   81.4s   model reply: in 3068 + cached 40621, out 1094 (+1055 reasoning)
   81.4s   tool bash: node /kit/rag.mjs widen "octopus has large brain-to-body ratio comparable to mammals" --kind claim
   81.7s turn 8
   86.4s   model reply: in 6548 + cached 40627, out 50 (+27 reasoning)
   86.5s   tool bash: node /kit/rag.mjs entry similarity
   86.5s turn 9
   95.5s   model reply: in 2653 + cached 44670, out 1390 (+1337 reasoning)
   95.5s   tool bash: node /kit/rag.mjs search "expert" "advice" "safe" "security" "stimulation" "mental" "physical" "puzzle" "enrichment" "exploration"
   95.6s turn 10
  100.0s   model reply: in 6793 + cached 44682, out 253 (+211 reasoning)
  100.0s   tool bash: grep -E "^\| [a-zA-Z0-9_]+ \| claim_relation \|" /reference/glossary.md
  100.0s turn 11
  103.2s   model reply: in 4920 + cached 48741, out 58 (+9 reasoning)
  103.2s   tool bash: grep -E "^\| [a-zA-Z0-9_]+ \| claim_relation \|" /reference/glossary.md | tail -n +30
  103.3s turn 12
  107.2s   model reply: in 2868 + cached 52798, out 109 (+69 reasoning)
  107.2s   tool bash: grep -E "^\| [a-zA-Z0-9_]+ \| constructor \|" /reference/glossary.md
  107.3s turn 13
  115.1s   model reply: in 4778 + cached 52793, out 1007 (+978 reasoning)
  115.1s   tool bash: node /kit/rag.mjs entry property_question subject animal_label
  115.3s turn 14
  118.8s   model reply: in 2327 + cached 56846, out 75 (+50 reasoning)
  118.8s   tool bash: node /kit/rag.mjs entry lexical_label
  119.0s turn 15
  125.0s   model reply: in 2888 + cached 56830, out 672 (+640 reasoning)
  125.0s   tool bash: node /kit/rag.mjs entry has_attribute attribute_claim possesses statement similarity rate
  125.2s turn 16
  129.1s   model reply: in 4454 + cached 56822, out 108 (+62 reasoning)
  129.1s   tool bash: node /kit/rag.mjs search "capability" "ability" "behavior" "skill" "memory" "adaptation" "texture" "escape"
  129.3s turn 17
  137.9s   model reply: in 2654 + cached 60880, out 1292 (+729 reasoning)
  137.9s   tool write: /output/translation.md
  137.9s turn 18
  141.3s   model reply: in 3963 + cached 60867, out 54 (+24 reasoning)
  141.3s   tool bash: node /kit/rag.mjs check --translation /output/translation.md
  141.4s turn 19
  171.7s   model reply: in 4665 + cached 60853, out 6082 (+4067 reasoning)
  171.7s   tool write: /output/translation.md
  171.7s turn 20
  181.7s   model reply: in 47042 + cached 0, out 53 (+23 reasoning)
  181.7s   tool bash: node /kit/rag.mjs check --translation /output/translation.md
  181.9s turn 21
  187.9s   model reply: in 3066 + cached 44646, out 609 (+574 reasoning)
  187.9s   tool bash: node /kit/rag.mjs search "toy" "enrichment" "camouflage" "expert"
  188.0s turn 22
  192.3s   model reply: in 4775 + cached 44640, out 170 (+145 reasoning)
  192.3s   tool bash: node /kit/rag.mjs entry object_label
  192.7s turn 23
  197.5s   model reply: in 5071 + cached 44623, out 233 (+209 reasoning)
  197.5s   tool bash: node /kit/rag.mjs entry enables important
  197.6s turn 24
  212.1s   model reply: in 5488 + cached 44607, out 2489 (+388 reasoning)
  212.1s   tool write: /output/translation.md
  212.1s turn 25
  216.0s   model reply: in 28258 + cached 24330, out 53 (+23 reasoning)
  216.0s   tool bash: node /kit/rag.mjs check --translation /output/translation.md
  216.2s turn 26
  220.3s   model reply: in 4642 + cached 48648, out 192 (+169 reasoning)
  220.3s   tool bash: node /kit/rag.mjs entry gift
  220.4s turn 27
  227.5s   model reply: in 4927 + cached 48630, out 443 (+413 reasoning)
  227.5s   tool bash: node /kit/rag.mjs widen "enrichment toy" --kind object
  227.6s turn 28
  243.5s   model reply: in 3053 + cached 52684, out 2729 (+632 reasoning)
  243.5s   tool write: /output/translation.md
  243.5s turn 29
  244.9s   model reply: in 0 + cached 0, out 0 (+0 reasoning)
  244.9s agent finished
  246.9s turn 30
  260.5s   model reply: in 0 + cached 0, out 0 (+0 reasoning)
  260.5s agent finished
  264.5s turn 31
  496.8s   model reply: in 58470 + cached 0, out 53 (+23 reasoning)
  496.8s   tool bash: node /kit/rag.mjs check --translation /output/translation.md
  496.9s turn 32
  506.3s   model reply: in 2446 + cached 56726, out 460 (+434 reasoning)
  506.3s   tool bash: grep -i "toy" /reference/glossary.md
  506.4s turn 33
  520.8s   model reply: in 2932 + cached 56710, out 402 (+375 reasoning)
  520.8s   tool bash: node -e 'console.log("rag check executed fine")'
  520.8s turn 34
  588.6s   model reply: in 3354 + cached 56694, out 4387 (+2277 reasoning)
  588.6s   tool write: /output/translation.md
  588.6s turn 35
  594.6s   model reply: in 7724 + cached 56715, out 53 (+23 reasoning)
  594.6s   tool bash: node /kit/rag.mjs check --translation /output/translation.md
  594.7s turn 36
  607.6s   model reply: in 4388 + cached 60753, out 185 (+43 reasoning)
  607.6s agent finished
  607.6s agent finished
