    2.2s turn 1
   16.7s   model reply: in 30400 + cached 0, out 776 (+706 reasoning)
   16.7s   tool bash: node /kit/rag.mjs search "intelligence" "brain" "ratio" "learn" "remember" "problem solving" "camouflage" "enrichment" "toy" "escape" "solitary" "predator" "can
   16.9s turn 2
   28.1s   model reply: in 6085 + cached 28462, out 668 (+608 reasoning)
   28.1s   tool bash: node /kit/rag.mjs search "possesses" "training_program" "self_protection" "attribute_claim" "relation" "comparison" "recommends" "advises" "consult"
   28.3s turn 3
   39.2s   model reply: in 5415 + cached 32531, out 102 (+32 reasoning)
   39.2s   tool bash: node /kit/rag.mjs entry possesses has_attribute attribute_claim similarity property_question recommended causes enables leads_to activity rate decision exclude 
   39.3s turn 4
   50.7s   model reply: in 3447 + cached 36591, out 2054 (+1968 reasoning)
   50.7s   tool bash: node /kit/rag.mjs entry ask inform propose respond user_preference contrast supports rejects focus_of interpersonal_stance escalation involves exempt_from unawa
   50.8s turn 5
   56.9s   model reply: in 7479 + cached 36598, out 480 (+452 reasoning)
   56.9s   tool bash: node /kit/rag.mjs search "lexical_label"
   57.0s turn 6
   60.3s   model reply: in 4265 + cached 40650, out 43 (+18 reasoning)
   60.4s   tool bash: node /kit/rag.mjs entry lexical_label
   60.5s turn 7
   65.9s   model reply: in 4794 + cached 40634, out 477 (+429 reasoning)
   65.9s   tool bash: node /kit/rag.mjs search "comparable" "ratio" "brain" "behavior" "learn" "problem solving" "adapt" "camouflage"
   66.1s turn 8
   75.5s   model reply: in 3385 + cached 44697, out 1286 (+1218 reasoning)
   75.5s   tool bash: node /kit/rag.mjs entry safe cardboard_box sponge size_large size_small nighttime unit_day causes enables leads_to supports contrast recommended opposes focus_o
   75.6s turn 9
   82.0s   model reply: in 6777 + cached 44701, out 812 (+778 reasoning)
   82.0s   tool bash: node /kit/rag.mjs search "user" "agent" "speaker" "person"
   82.1s turn 10
   85.5s   model reply: in 4641 + cached 48759, out 75 (+47 reasoning)
   85.5s   tool bash: node /kit/rag.mjs entry role_user role_agent
   85.6s turn 11
  111.4s   model reply: in 4828 + cached 48740, out 4798 (+2643 reasoning)
  111.4s   tool write: /output/translation.md
  111.5s turn 12
  115.3s   model reply: in 5555 + cached 52815, out 46 (+16 reasoning)
  115.3s   tool bash: node /kit/rag.mjs check --translation /output/translation.md
  115.5s turn 13
  142.5s   model reply: in 59140 + cached 0, out 5175 (+2878 reasoning)
  142.5s   tool write: /output/translation.md
  142.5s turn 14
  147.4s   model reply: in 7441 + cached 56878, out 53 (+23 reasoning)
  147.4s   tool bash: node /kit/rag.mjs check --translation /output/translation.md
  147.5s turn 15
  153.2s   model reply: in 4179 + cached 60927, out 480 (+344 reasoning)
  153.2s agent finished
  153.2s agent finished
