    1.8s turn 1
   13.7s   model reply: in 14047 + cached 0, out 1989 (+1969 reasoning)
   13.7s   tool bash: ls -la /kit /workspace
   13.8s turn 2
   17.0s   model reply: in 4167 + cached 12099, out 48 (+29 reasoning)
   17.0s   tool read: /kit/README.md
   17.0s turn 3
   19.5s   model reply: in 5380 + cached 12096, out 49 (+32 reasoning)
   19.5s   tool bash: ls -la /
   19.6s turn 4
   22.4s   model reply: in 2187 + cached 16121, out 29 (+12 reasoning)
   22.4s   tool read: /prompt.md
   22.4s turn 5
   52.9s   model reply: in 2691 + cached 16109, out 5791 (+5564 reasoning)
   52.9s   tool write: /output/reconstruction.md
   52.9s turn 6
   55.8s   model reply: in 8440 + cached 16156, out 56 (+36 reasoning)
   55.8s   tool read: /output/reconstruction.md
   55.9s turn 7
   58.9s   model reply: in 4672 + cached 20181, out 94 (+72 reasoning)
   58.9s agent finished
   58.9s agent finished
