    1.7s turn 1
    5.4s   model reply: in 29856 + cached 0, out 127 (+72 reasoning)
    5.4s   tool bash: node /kit/rag.mjs search "theory" "proof" "rough" "kind" "smart" "young" "cold" "red" "big" "all" "if"
    5.6s turn 2
   10.0s   model reply: in 4575 + cached 28453, out 110 (+66 reasoning)
   10.0s   tool bash: node /kit/rag.mjs entry attribute_claim has_attribute character_trait conditional statement negation conjunction reason_for enables leads_to requirement subject
   10.1s turn 3
   13.1s   model reply: in 2404 + cached 32510, out 88 (+48 reasoning)
   13.1s   tool bash: node /kit/rag.mjs search "attribute" "property" "trait" "universal" "entity" "predicate"
   13.2s turn 4
   17.0s   model reply: in 4228 + cached 32504, out 85 (+56 reasoning)
   17.0s   tool bash: node /kit/rag.mjs entry property_question possesses argues_for
   17.2s turn 5
   20.7s   model reply: in 4736 + cached 32488, out 96 (+53 reasoning)
   20.7s   tool bash: node /kit/rag.mjs search "theory" "logic" "rule" "inference" "statement" "evaluation" "decision"
   20.9s turn 6
   24.2s   model reply: in 2706 + cached 36545, out 77 (+47 reasoning)
   24.2s   tool bash: node /kit/rag.mjs entry constrained_by decision calculation block_evaluation
   24.4s turn 7
   32.7s   model reply: in 3349 + cached 36530, out 1066 (+1038 reasoning)
   32.7s   tool bash: grep -i "attribute_claim" /reference/glossary.md
   32.8s turn 8
   38.3s   model reply: in 4657 + cached 36521, out 109 (+50 reasoning)
   38.3s   tool bash: grep -E "\| (character_trait|has_attribute|statement|conditional|negation|conjunction|property_question|ask|respond|inform|propose) \|" /reference/glossary.md
   38.3s turn 9
   41.2s   model reply: in 5302 + cached 36507, out 55 (+27 reasoning)
   41.2s   tool bash: grep -E "\| constructor \|" /reference/glossary.md
   41.3s turn 10
   46.8s   model reply: in 3100 + cached 40560, out 76 (+46 reasoning)
   46.8s   tool bash: grep -E "\| claim_relation \|" /reference/glossary.md
   46.8s turn 11
   50.5s   model reply: in 5111 + cached 40558, out 53 (+16 reasoning)
   50.5s   tool bash: grep -E "\| claim_relation \|" /reference/glossary.md | tail -n +30
   50.6s turn 12
   57.8s   model reply: in 3057 + cached 44612, out 761 (+722 reasoning)
   57.8s   tool bash: node /kit/rag.mjs widen "Introduce a set of facts and rules as a theory" --kind speech_act
   57.9s turn 13
   75.8s   model reply: in 5071 + cached 44610, out 52 (+22 reasoning)
   75.8s   tool bash: grep -E "\| speech_act \|" /reference/glossary.md
   75.9s turn 14
   81.8s   model reply: in 5612 + cached 44595, out 69 (+51 reasoning)
   81.8s   tool bash: ls -la /reference
   81.8s turn 15
   88.7s   model reply: in 5901 + cached 44579, out 819 (+779 reasoning)
   88.7s   tool bash: grep -i -E "kind|young|smart|rough|cold|big|red" /reference/glossary.md
   88.8s turn 16
  101.4s   model reply: in 4444 + cached 48637, out 1361 (+1318 reasoning)
  101.4s   tool bash: grep -E "\| constructor \|" /reference/glossary.md | awk -F'|' '{print $2, $4}'
  101.5s turn 17
  104.8s   model reply: in 3906 + cached 52704, out 107 (+82 reasoning)
  104.8s   tool bash: node /kit/rag.mjs entry lexical_label
  104.9s turn 18
  113.5s   model reply: in 4498 + cached 52689, out 872 (+839 reasoning)
  113.5s   tool bash: node /kit/rag.mjs entry character_trait has_attribute attribute_claim subject requirement
  113.6s turn 19
  122.5s   model reply: in 2510 + cached 56742, out 959 (+929 reasoning)
  122.5s   tool bash: node /kit/rag.mjs widen "Bob is kind" --kind claim
  122.6s turn 20
  127.7s   model reply: in 4736 + cached 56744, out 151 (+116 reasoning)
  127.7s   tool bash: node /kit/rag.mjs widen "If someone is smart then they are red" --kind claim
  127.9s turn 21
  141.3s   model reply: in 2451 + cached 60794, out 1914 (+1885 reasoning)
  141.3s   tool bash: grep -n "character_trait" /reference/glossary.jsonl
  141.3s turn 22
  144.8s   model reply: in 5228 + cached 60800, out 112 (+83 reasoning)
  144.8s   tool bash: grep -n "has_attribute" /reference/glossary.jsonl
  144.9s turn 23
  148.9s   model reply: in 5693 + cached 60785, out 181 (+153 reasoning)
  148.9s   tool bash: grep -n "\"statement\"" /reference/glossary.jsonl
  148.9s turn 24
  152.6s   model reply: in 6041 + cached 60768, out 111 (+83 reasoning)
  152.6s   tool bash: grep -n "\"conditional\"" /reference/glossary.jsonl
  152.6s turn 25
  156.4s   model reply: in 2225 + cached 64801, out 110 (+74 reasoning)
  156.4s   tool bash: grep -n -E "\"conjunction\"|\"negation\"" /reference/glossary.jsonl
  156.4s turn 26
  178.9s   model reply: in 2581 + cached 64783, out 3555 (+3423 reasoning)
  178.9s   tool write: /output/translation.md
  178.9s turn 27
  189.5s   model reply: in 51219 + cached 0, out 54 (+24 reasoning)
  189.5s   tool bash: node /kit/rag.mjs check --translation /output/translation.md
  189.6s turn 28
  195.7s   model reply: in 3231 + cached 48641, out 432 (+400 reasoning)
  195.7s   tool bash: node /kit/rag.mjs widen "If someone is smart then they are red"
  195.9s turn 29
  199.6s   model reply: in 5469 + cached 48643, out 82 (+58 reasoning)
  199.6s   tool bash: node /kit/rag.mjs check --help
  199.8s turn 30
  223.0s   model reply: in 0 + cached 0, out 0 (+0 reasoning)
  223.1s agent finished
  225.1s turn 31
  239.0s   model reply: in 0 + cached 0, out 0 (+0 reasoning)
  239.0s agent finished
  243.0s turn 32
  254.7s   model reply: in 0 + cached 0, out 0 (+0 reasoning)
  254.7s agent finished
  262.7s turn 33
  285.0s   model reply: in 0 + cached 0, out 0 (+0 reasoning)
  285.0s agent finished
  301.0s turn 34
  368.2s   model reply: in 54793 + cached 0, out 1441 (+735 reasoning)
  368.2s   tool write: /output/translation.md
  368.2s turn 35
  402.6s   model reply: in 3566 + cached 52672, out 53 (+23 reasoning)
  402.6s   tool bash: node /kit/rag.mjs check --translation /output/translation.md
  402.8s turn 36
  413.7s   model reply: in 4271 + cached 52659, out 545 (+513 reasoning)
  413.7s   tool bash: node /kit/rag.mjs widen "All kind people are smart" --kind claim
  414.0s turn 37
  455.2s   model reply: in 2237 + cached 56710, out 5535 (+3512 reasoning)
  455.2s   tool write: /output/translation.md
  455.2s turn 38
  477.0s   model reply: in 7744 + cached 56742, out 53 (+23 reasoning)
  477.0s   tool bash: node /kit/rag.mjs check --translation /output/translation.md
  477.2s turn 39
  521.6s   model reply: in 4353 + cached 60781, out 7432 (+5409 reasoning)
  521.6s   tool write: /output/translation.md
  521.7s turn 40
  533.9s   model reply: in 55476 + cached 0, out 53 (+23 reasoning)
  533.9s   tool bash: node /kit/rag.mjs check --translation /output/translation.md
  535.5s turn 41
  542.2s   model reply: in 3337 + cached 52787, out 302 (+90 reasoning)
  542.4s agent finished
  542.4s agent finished
