   14.6s turn 1
   18.5s   model reply: in 2530 + cached 0, out 134 (+117 reasoning)
   18.5s   tool read: /trajectory.txt
   19.2s turn 2
  112.4s   model reply: in 3590 + cached 0, out 12390 (+12337 reasoning)
  112.5s   tool bash: python3 -c '
with open("/trajectory.txt", "r") as f:
    content = f.read()
print(repr(content[:300]))
'
  113.2s turn 3
  118.5s   model reply: in 16003 + cached 0, out 85 (+22 reasoning)
  118.5s   tool bash: node -e '
const fs = require("fs");
const content = fs.readFileSync("/trajectory.txt", "utf8");
console.log(JSON.stringify(content.slice(0, 300)));
'
  119.1s turn 4
  124.5s   model reply: in 4187 + cached 12066, out 151 (+12 reasoning)
  124.5s   tool bash: node -e '
const fs = require("fs");
const content = fs.readFileSync("/trajectory.txt", "utf8");
console.log("Total length:", content.length);
const turns = cont
  124.7s turn 5
  165.7s   model reply: in 5406 + cached 12066, out 5762 (+5724 reasoning)
  165.7s   tool bash: node -e '
const fs = require("fs");
console.log(fs.existsSync("/output"));
'
  166.7s turn 6
  170.7s   model reply: in 7089 + cached 16146, out 49 (+10 reasoning)
  170.7s   tool bash: node -e '
const fs = require("fs");
console.log(fs.readdirSync("/output"));
'
  171.7s turn 7
  183.3s   model reply: in 23285 + cached 0, out 1196 (+1111 reasoning)
  183.3s   tool bash: node -e '
const fs = require("fs");
const content = fs.readFileSync("/trajectory.txt", "utf8");
console.log("Has CRLF:", content.includes("\r\n"));
console.log(
  184.6s turn 8
  196.2s   model reply: in 4331 + cached 20162, out 433 (+344 reasoning)
  196.2s   tool bash: node -e '
const fs = require("fs");
const content = fs.readFileSync("/trajectory.txt", "utf8");
console.log("Ends with newline:", content.endsWith("\n") || cont
  196.8s turn 9
  225.1s   model reply: in 4800 + cached 20150, out 4049 (+3400 reasoning)
  225.2s   tool bash: node -e '
const fs = require("fs");

const text = `<|user|>Act like a playboy, write a funny, flirtatious, and intellectual response to the following messages:

  226.3s turn 10
  234.4s   model reply: in 4792 + cached 24217, out 59 (+39 reasoning)
  234.4s   tool read: /output/reconstruction.md
  235.8s turn 11
  252.3s   model reply: in 5436 + cached 24206, out 727 (+708 reasoning)
  252.4s agent finished
  252.4s agent finished
