    2.7s turn 1
   12.6s   model reply: in 28194 + cached 0, out 539 (+506 reasoning)
   12.6s   tool bash: node /kit/rag.mjs search "turn left" "pick up" "place"
   12.8s turn 2
   32.1s   model reply: in 5311 + cached 24367, out 2759 (+2731 reasoning)
   32.1s   tool bash: node /kit/rag.mjs entry turn walk pick_up place
   32.2s turn 3
   35.4s   model reply: in 4728 + cached 28435, out 73 (+30 reasoning)
   35.4s   tool bash: node /kit/rag.mjs search "left" "right" "around" "across" "behind" "on" "in"
   35.6s turn 4
   39.0s   model reply: in 2668 + cached 32492, out 89 (+54 reasoning)
   39.0s   tool bash: node /kit/rag.mjs entry left_of right_of behind on other_side_of
   39.1s turn 5
   42.9s   model reply: in 3028 + cached 32475, out 63 (+37 reasoning)
   42.9s   tool bash: grep -n "example_" /reference/glossary.md
   43.0s turn 6
   52.8s   model reply: in 4210 + cached 32465, out 1195 (+1159 reasoning)
   52.8s   tool bash: node /kit/rag.mjs entry turn walk pick_up place look walk_backward drop stand_up
   52.9s turn 7
   56.0s   model reply: in 2379 + cached 36522, out 104 (+64 reasoning)
   56.0s   tool bash: grep -E "^\| (turn|walk|pick_up|place|look|direction)" /reference/glossary.md
   56.1s turn 8
   60.2s   model reply: in 2947 + cached 36506, out 76 (+40 reasoning)
   60.2s   tool bash: grep -E "\| (spatial-relation|location-name) \|" /reference/glossary.md
   60.2s turn 9
   63.4s   model reply: in 4026 + cached 36496, out 124 (+98 reasoning)
   63.4s   tool bash: grep -i "direction" /reference/glossary.md
   63.5s turn 10
   66.9s   model reply: in 4584 + cached 36481, out 172 (+138 reasoning)
   66.9s   tool bash: grep -E "^\| (left|right|around) \|" /reference/glossary.md
   67.0s turn 11
   77.2s   model reply: in 4783 + cached 36464, out 1639 (+1607 reasoning)
   77.2s   tool bash: node /kit/rag.mjs entry keys vase phone table wall couch ottoman living_room
   77.4s turn 12
   84.0s   model reply: in 2772 + cached 40516, out 691 (+665 reasoning)
   84.0s   tool bash: grep "\| constructor \|" /reference/glossary.md
   84.1s turn 13
   96.5s   model reply: in 5480 + cached 40523, out 1870 (+1258 reasoning)
   96.5s   tool write: /output/translation.md
   96.5s turn 14
   99.5s   model reply: in 3307 + cached 44570, out 53 (+23 reasoning)
   99.5s   tool bash: node /kit/rag.mjs check --translation /output/translation.md
   99.6s turn 15
  106.2s   model reply: in 3903 + cached 44555, out 654 (+612 reasoning)
  106.2s   tool bash: node /kit/rag.mjs search "located on" "across from" "behind" "white" "black" "purple"
  106.4s turn 16
  110.0s   model reply: in 6235 + cached 44559, out 64 (+27 reasoning)
  110.0s   tool bash: node /kit/rag.mjs search "entity" "description" "object" "attribute" "relation"
  110.2s turn 17
  113.8s   model reply: in 3712 + cached 48605, out 91 (+58 reasoning)
  113.8s   tool bash: grep "\| constructor \|" /reference/glossary.md | head -n 30
  113.9s turn 18
  117.1s   model reply: in 5485 + cached 48603, out 61 (+35 reasoning)
  117.1s   tool bash: grep " \| constructor \| " /reference/glossary.md
  117.3s turn 19
  135.4s   model reply: in 3514 + cached 52655, out 3204 (+3174 reasoning)
  135.4s   tool bash: node /kit/rag.mjs widen "behind the vase" --kind constraint
  135.6s turn 20
  145.8s   model reply: in 8417 + cached 52684, out 1488 (+1460 reasoning)
  145.8s   tool bash: grep -C 3 "spatial" /reference/glossary.md
  145.9s turn 21
  150.3s   model reply: in 3574 + cached 60801, out 96 (+68 reasoning)
  150.3s   tool bash: node /kit/rag.mjs entry spatial_constraint lexical_label
  150.4s turn 22
  154.5s   model reply: in 4232 + cached 60787, out 72 (+33 reasoning)
  154.5s   tool bash: node /kit/rag.mjs search "spatial_constraint" "lexical_label" "color" "requirement"
  154.6s turn 23
  175.0s   model reply: in 5648 + cached 60781, out 3852 (+3105 reasoning)
  175.0s   tool write: /output/translation.md
  175.0s turn 24
  185.6s   model reply: in 47025 + cached 0, out 62 (+32 reasoning)
  185.6s   tool bash: node /kit/rag.mjs check --translation /output/translation.md
  185.8s turn 25
  196.2s   model reply: in 47665 + cached 0, out 1500 (+572 reasoning)
  196.2s   tool write: /output/translation.md
  196.2s turn 26
  199.1s   model reply: in 4511 + cached 44658, out 63 (+33 reasoning)
  199.1s   tool bash: node /kit/rag.mjs check --translation /output/translation.md
  199.2s turn 27
  215.4s   model reply: in 5208 + cached 44644, out 2761 (+1732 reasoning)
  215.4s   tool write: /output/translation.md
  215.4s turn 28
  218.6s   model reply: in 3915 + cached 48702, out 59 (+29 reasoning)
  218.6s   tool bash: node /kit/rag.mjs check --translation /output/translation.md
  218.7s turn 29
  229.3s   model reply: in 8690 + cached 44630, out 1641 (+587 reasoning)
  229.3s   tool write: /output/translation.md
  229.3s turn 30
  232.7s   model reply: in 2230 + cached 52735, out 57 (+27 reasoning)
  232.7s   tool bash: node /kit/rag.mjs check --translation /output/translation.md
  232.9s turn 31
  234.0s   model reply: in 0 + cached 0, out 0 (+0 reasoning)
  234.0s agent finished
  236.0s turn 32
  249.7s   model reply: in 0 + cached 0, out 0 (+0 reasoning)
  249.7s agent finished
  253.7s turn 33
  494.8s   model reply: in 55666 + cached 0, out 270 (+29 reasoning)
  494.8s agent finished
  494.8s agent finished
