    1.9s turn 1
   16.3s   model reply: in 34443 + cached 0, out 2026 (+1991 reasoning)
   16.3s   tool bash: node /kit/rag.mjs search "thank" "welcome" "advice" "writer block"
   16.5s turn 2
   23.5s   model reply: in 5022 + cached 32547, out 667 (+597 reasoning)
   23.5s   tool bash: node /kit/rag.mjs entry greeting acknowledge ask confirm correct decline express_interest inform offer propose respond recommended request role enables provides
   23.7s turn 3
   27.3s   model reply: in 3610 + cached 36612, out 112 (+70 reasoning)
   27.3s   tool bash: node /kit/rag.mjs entry sequence obligation decision interpersonal_stance character character_trait dialogue document_section temporal_context time_horizon
   27.4s turn 4
   35.3s   model reply: in 4838 + cached 36600, out 907 (+865 reasoning)
   35.3s   tool bash: node /kit/rag.mjs search "guide" "fandom" "psychology" "routine" "template" "structure"
   35.5s turn 5
   41.9s   model reply: in 43988 + cached 0, out 401 (+376 reasoning)
   41.9s   tool bash: node /kit/rag.mjs search "greeting"
   42.0s turn 6
   48.5s   model reply: in 4060 + cached 40649, out 59 (+32 reasoning)
   48.5s   tool bash: grep "| speech_act |" /reference/glossary.md
   48.6s turn 7
   54.4s   model reply: in 4609 + cached 40633, out 438 (+412 reasoning)
   54.4s   tool bash: grep -i "greeting" /reference/glossary.md
   54.5s turn 8
   92.9s   model reply: in 5178 + cached 40617, out 5949 (+5859 reasoning)
   92.9s   tool bash: node /kit/rag.mjs entry provides request enables recommended provides role ongoing created_by designed_to_be involves has_style well_wishes offer_help audience_
   93.4s turn 9
  101.2s   model reply: in 8998 + cached 44716, out 230 (+176 reasoning)
  101.2s   tool bash: node /kit/rag.mjs entry conjunction decision dialogue document_section duration exclude footnote greeting include interpersonal_stance location_spec obligation 
  101.3s turn 10
  106.2s   model reply: in 3028 + cached 52841, out 259 (+196 reasoning)
  106.2s   tool bash: node /kit/rag.mjs entry role_agent role_user art_story art_plan art_structured_report art_character_profile art_short_text style_narrative format_structured_rep
  106.4s turn 11
  110.4s   model reply: in 3811 + cached 52826, out 147 (+106 reasoning)
  110.4s   tool bash: node /kit/rag.mjs entry platform_label::notion genre_label::fanfiction platform_label::google_docs
  110.6s turn 12
  116.5s   model reply: in 57378 + cached 0, out 242 (+217 reasoning)
  116.5s   tool bash: node /kit/rag.mjs entry lexical_label
  116.6s turn 13
  165.3s   model reply: in 5293 + cached 52797, out 8258 (+5810 reasoning)
  165.3s   tool write: /output/translation.md
  165.3s turn 14
  169.0s   model reply: in 9456 + cached 56896, out 54 (+24 reasoning)
  169.0s   tool bash: node /kit/rag.mjs check --translation /output/translation.md
  169.6s turn 15
  197.8s   model reply: in 2469 + cached 65011, out 4106 (+4080 reasoning)
  197.8s   tool bash: node /kit/rag.mjs entry subject lexical_label
  197.9s turn 16
  234.0s   model reply: in 53835 + cached 0, out 4687 (+2121 reasoning)
  234.1s   tool write: /output/translation.md
  234.1s turn 17
  237.4s   model reply: in 5654 + cached 52872, out 53 (+23 reasoning)
  237.4s   tool bash: node /kit/rag.mjs check --translation /output/translation.md
  238.1s turn 18
  246.8s   model reply: in 2727 + cached 56926, out 471 (+345 reasoning)
  246.8s agent finished
  246.8s agent finished
