   10.5s turn 1
   20.7s   model reply: in 28667 + cached 0, out 1223 (+1167 reasoning)
   20.7s   tool bash: node /kit/rag.mjs search "discussion question" "group discussion" "no correct answer" "definitive answer" "documentary" "research paper" "social media" "misinfo
   21.1s turn 2
   24.5s   model reply: in 3761 + cached 28447, out 150 (+97 reasoning)
   24.5s   tool bash: node /kit/rag.mjs search "ethical" "privacy" "algorithm" "bias" "cognitive" "interview" "profit" "explore" "mitigate" "impact"
   24.7s turn 3
   30.8s   model reply: in 6657 + cached 28448, out 752 (+625 reasoning)
   30.8s   tool bash: node /kit/rag.mjs entry ask respond inform propose subject property_question requirement attribute_claim statement causes leads_to enables distracts_from varies
   31.1s turn 4
   39.6s   model reply: in 5387 + cached 32512, out 236 (+172 reasoning)
   39.6s   tool bash: node /kit/rag.mjs entry unaware provides role obligation decision group_size personal_values potential_harms beliefs art_social_post role_user role_agent role_r
   40.0s turn 5
   43.6s   model reply: in 3621 + cached 36572, out 131 (+76 reasoning)
   43.6s   tool bash: node /kit/rag.mjs search "open ended" "discussion" "mental health" "manipulate" "former employees" "cognitive bias" "debiasing" "insurmountable"
   44.0s turn 6
   56.9s   model reply: in 42565 + cached 0, out 2076 (+2051 reasoning)
   56.9s   tool bash: node /kit/rag.mjs entry lexical_label
   57.0s turn 7
   60.4s   model reply: in 4479 + cached 40632, out 136 (+80 reasoning)
   60.4s   tool bash: node /kit/rag.mjs search "discussion" "question" "documentary" "social media" "mental health" "manipulate" "former employees" "misinformation" "cognitive bias"
   60.8s turn 8
   66.6s   model reply: in 3042 + cached 44694, out 716 (+557 reasoning)
   66.6s   tool bash: node /kit/rag.mjs widen "suitable for group discussion" --kind constraint
node /kit/rag.mjs widen "has no correct or definitive answer" --kind constraint
node /
   69.4s turn 9
   75.0s   model reply: in 7030 + cached 44703, out 432 (+377 reasoning)
   75.0s   tool bash: grep -E "^\| [a-z0-9_]+ \| (constructor|composite|claim_relation|link) \|" /reference/glossary.md | head -n 40
   75.0s turn 10
   80.1s   model reply: in 0 + cached 0, out 0 (+0 reasoning)
   80.1s agent finished
   82.1s turn 11
   95.8s   model reply: in 0 + cached 0, out 0 (+0 reasoning)
   95.8s agent finished
   99.8s turn 12
  111.3s   model reply: in 0 + cached 0, out 0 (+0 reasoning)
  111.3s agent finished
  119.3s turn 13
  219.4s   model reply: in 5198 + cached 48763, out 1448 (+1421 reasoning)
  219.4s   tool bash: grep -E "^\| constraint_" /reference/glossary.md
  219.4s turn 14
  237.7s   model reply: in 55836 + cached 0, out 155 (+117 reasoning)
  237.7s   tool bash: grep -E "^\| [a-z0-9_]+ \| constructor \|" /reference/glossary.md
  237.8s turn 15
  241.8s   model reply: in 4973 + cached 52814, out 59 (+14 reasoning)
  241.8s   tool bash: grep -E "^\| [a-z0-9_]+ \| constructor \|" /reference/glossary.md | tail -n +26
  241.9s turn 16
  253.7s   model reply: in 59654 + cached 0, out 63 (+18 reasoning)
  253.7s   tool bash: grep -E "^\| [a-z0-9_]+ \| constructor \|" /reference/glossary.md | tail -n +51
  253.8s turn 17
  262.0s   model reply: in 4560 + cached 56864, out 62 (+22 reasoning)
  262.0s   tool bash: grep -E "^\| [a-z0-9_]+ \| claim_relation \|" /reference/glossary.md
  262.0s turn 18
  270.0s   model reply: in 2498 + cached 60921, out 60 (+13 reasoning)
  270.0s   tool bash: grep -E "^\| [a-z0-9_]+ \| claim_relation \|" /reference/glossary.md | tail -n +34
  270.0s turn 19
  283.7s   model reply: in 4289 + cached 60914, out 108 (+70 reasoning)
  283.7s   tool bash: grep -E "^\| [a-z0-9_]+ \| link \|" /reference/glossary.md
  283.7s turn 20
  287.4s   model reply: in 4633 + cached 60897, out 69 (+29 reasoning)
  287.4s   tool bash: grep -E "^\| [a-z0-9_]+ \| speech_act \|" /reference/glossary.md
  287.4s turn 21
  309.6s   model reply: in 5192 + cached 60881, out 2912 (+2880 reasoning)
  309.6s   tool bash: node /kit/rag.mjs entry focus_of personal_values potential_harms
  309.9s turn 22
  339.5s   model reply: in 69237 + cached 0, out 4592 (+2852 reasoning)
  339.5s   tool write: /output/translation.md
  339.5s turn 23
  357.3s   model reply: in 43989 + cached 0, out 54 (+24 reasoning)
  357.3s   tool bash: node /kit/rag.mjs check --translation /output/translation.md
  357.4s turn 24
  376.5s   model reply: in 4232 + cached 40586, out 2852 (+2799 reasoning)
  376.5s   tool bash: node /kit/rag.mjs entry role stereotype property_question requirement subject lexical_label provides unaware self_protection distracts_from enables causes leads
  376.7s turn 25
  399.2s   model reply: in 5039 + cached 44666, out 84 (+46 reasoning)
  399.2s   tool bash: node /kit/rag.mjs entry distracts_from enables causes leads_to statement involves obligation focus_of controversial
  399.3s turn 26
  427.2s   model reply: in 2062 + cached 48714, out 4646 (+2883 reasoning)
  427.2s   tool write: /output/translation.md
  427.3s turn 27
  431.0s   model reply: in 6698 + cached 48728, out 53 (+23 reasoning)
  431.0s   tool bash: node /kit/rag.mjs check --translation /output/translation.md
  431.1s turn 28
  436.2s   model reply: in 3479 + cached 52775, out 205 (+144 reasoning)
  436.2s agent finished
  436.2s agent finished
