    3.9s turn 1
   13.1s   model reply: in 31030 + cached 0, out 1088 (+1053 reasoning)
   13.1s   tool bash: node /kit/rag.mjs search "hotel accommodation" "parents" "travel" "adventure"
   13.4s turn 2
   20.2s   model reply: in 4797 + cached 28454, out 874 (+762 reasoning)
   20.2s   tool bash: node /kit/rag.mjs widen "Plan a travel trip" --kind action
node /kit/rag.mjs widen "Ask questions to gather trip requirements" --kind speech_act
node /kit/rag.m
   21.8s turn 3
   25.5s   model reply: in 4708 + cached 32526, out 119 (+16 reasoning)
   25.5s   tool bash: node /kit/rag.mjs widen "Suggest adventure activities" --kind action
node /kit/rag.mjs widen "Recommend Tuscany over Amalfi due to July heat" --kind reasoning
n
   32.3s turn 4
   40.3s   model reply: in 3950 + cached 36595, out 968 (+918 reasoning)
   40.3s   tool bash: node /kit/rag.mjs entry ask propose respond inform offer recommended activity requirement subject duration group_size measure at_most rate supports rejects cont
   42.8s turn 5
   46.4s   model reply: in 6952 + cached 36595, out 99 (+56 reasoning)
   46.4s   tool bash: node /kit/rag.mjs entry at_most rate supports rejects contrast provides role_adults role_mother role_user role_agent
   48.0s turn 6
   53.5s   model reply: in 4041 + cached 40648, out 105 (+68 reasoning)
   53.5s   tool bash: node /kit/rag.mjs search "parent" "family" "father" "estimate" "cost"
   55.8s turn 7
   61.6s   model reply: in 5553 + cached 40639, out 100 (+65 reasoning)
   61.6s   tool bash: node /kit/rag.mjs search "recommend" "lodging" "option" "preference"
   63.0s turn 8
   67.0s   model reply: in 2749 + cached 44692, out 69 (+20 reasoning)
   67.0s   tool bash: node /kit/rag.mjs entry user_preference minimum_per_period maximum_between_stops calculation location_spec time_point time_horizon ongoing weather_condition
   68.3s turn 9
   72.1s   model reply: in 3834 + cached 44680, out 140 (+104 reasoning)
   72.1s   tool bash: node /kit/rag.mjs search "lodging" "accommodation" "itinerary" "hotel"
   73.5s turn 10
   77.5s   model reply: in 5082 + cached 44669, out 88 (+47 reasoning)
   77.5s   tool bash: node /kit/rag.mjs search "estimate" "cost" "budget" "expense" "breakdown" "total"
   78.6s turn 11
   82.0s   model reply: in 2752 + cached 48724, out 91 (+64 reasoning)
   82.0s   tool bash: grep "| claim_relation |" /reference/glossary.md
   82.4s turn 12
   86.0s   model reply: in 4780 + cached 48720, out 137 (+25 reasoning)
   86.0s   tool bash: node -e '
const fs = require("fs");
const lines = fs.readFileSync("/reference/glossary.md", "utf8").split("\n");
for (const line of lines) {
  if (line.includes
   86.5s turn 13
   90.0s   model reply: in 2074 + cached 52770, out 147 (+23 reasoning)
   90.0s   tool bash: node -e '
const fs = require("fs");
const lines = fs.readFileSync("/reference/glossary.md", "utf8").split("\n");
for (const line of lines) {
  if (line.includes
   90.4s turn 14
   94.1s   model reply: in 4226 + cached 52768, out 135 (+23 reasoning)
   94.1s   tool bash: node -e '
const fs = require("fs");
const lines = fs.readFileSync("/reference/glossary.md", "utf8").split("\n");
for (const line of lines) {
  if (line.includes
   94.4s turn 15
   98.2s   model reply: in 4527 + cached 52750, out 131 (+21 reasoning)
   98.2s   tool bash: node -e '
const fs = require("fs");
const lines = fs.readFileSync("/reference/glossary.md", "utf8").split("\n");
for (const line of lines) {
  if (line.includes
   98.3s turn 16
  116.4s   model reply: in 0 + cached 0, out 0 (+0 reasoning)
  116.5s agent finished
  118.4s turn 17
  132.5s   model reply: in 0 + cached 0, out 0 (+0 reasoning)
  132.5s agent finished
  136.5s turn 18
  147.7s   model reply: in 0 + cached 0, out 0 (+0 reasoning)
  147.8s agent finished
  155.7s turn 19
  178.4s   model reply: in 0 + cached 0, out 0 (+0 reasoning)
  178.4s agent finished
  194.4s turn 20
  248.8s   model reply: in 57481 + cached 0, out 192 (+33 reasoning)
  248.8s   tool bash: node -e '
const fs = require("fs");
const lines = fs.readFileSync("/reference/glossary.md", "utf8").split("\n");
for (let i = 0; i < lines.length; i++) {
  cons
  248.8s turn 21
  255.9s   model reply: in 5459 + cached 52718, out 142 (+32 reasoning)
  255.9s   tool bash: node -e '
const fs = require("fs");
const lines = fs.readFileSync("/reference/glossary.md", "utf8").split("\n");
for (const line of lines) {
  if (line.includes
  256.0s turn 22
  263.8s   model reply: in 3516 + cached 56773, out 168 (+137 reasoning)
  263.8s   tool bash: node /kit/rag.mjs entry country::IT currency::USD country::JP
  264.0s turn 23
  316.0s   model reply: in 4197 + cached 56759, out 6374 (+6290 reasoning)
  316.0s   tool bash: node /kit/rag.mjs entry property_question location_spec time_point duration group_size rate measure at_most requirement user_preference recommended provides wor
  316.3s turn 24
  349.4s   model reply: in 8385 + cached 60868, out 147 (+90 reasoning)
  349.4s   tool bash: node /kit/rag.mjs entry activity art_itinerary art_plan unit_day unit_week role_adults role_mother role_user role_agent supports rejects contrast offer propose 
  349.9s turn 25
  370.5s   model reply: in 49524 + cached 0, out 94 (+56 reasoning)
  370.5s   tool bash: node /kit/rag.mjs entry weather_condition subject conjunction sequence calculation attribute_claim minimum_per_period comfortable
  371.1s turn 26
  378.0s   model reply: in 2195 + cached 48719, out 98 (+56 reasoning)
  378.0s   tool bash: node /kit/rag.mjs search "compare" "prefer" "better" "reason" "hotel lodging" "cost budget"
  378.2s turn 27
  390.8s   model reply: in 3935 + cached 48713, out 61 (+28 reasoning)
  390.9s   tool bash: node /kit/rag.mjs entry reason_for meets_needs causes user_preference comfortable
  391.0s turn 28
  443.0s   model reply: in 4479 + cached 48697, out 9762 (+7188 reasoning)
  443.0s   tool write: /output/translation.md
  443.1s turn 29
  447.7s   model reply: in 10132 + cached 52810, out 60 (+30 reasoning)
  447.7s   tool bash: node /kit/rag.mjs check --translation /output/translation.md
  447.9s turn 30
  470.2s   model reply: in 2564 + cached 60917, out 3818 (+3799 reasoning)
  470.2s   tool read: /output/translation.md
  470.3s turn 31
  474.2s   model reply: in 8795 + cached 60945, out 60 (+30 reasoning)
  474.2s   tool bash: node /kit/rag.mjs check --translation /output/translation.md
  474.4s turn 32
  487.1s   model reply: in 53057 + cached 0, out 236 (+29 reasoning)
  487.2s agent finished
  487.2s agent finished
