    1.9s turn 1
   12.0s   model reply: in 33072 + cached 0, out 1346 (+1300 reasoning)
   12.0s   tool bash: node /kit/rag.mjs search "fanfiction" "fandom" "story bible" "writer's block" "thank" "welcome"
   12.2s turn 2
   15.4s   model reply: in 3559 + cached 32539, out 105 (+35 reasoning)
   15.4s   tool bash: node /kit/rag.mjs entry activity sequence subject character character_trait document_section audience_targeting performance_tracking well_wishes greeting offer_
   15.5s turn 3
   18.4s   model reply: in 5703 + cached 32533, out 66 (+33 reasoning)
   18.4s   tool bash: node /kit/rag.mjs search "lexical_label" "genre_label"
   18.6s turn 4
   21.4s   model reply: in 2445 + cached 36584, out 39 (+11 reasoning)
   21.4s   tool bash: node /kit/rag.mjs entry lexical_label genre_label
   21.5s turn 5
   29.5s   model reply: in 3048 + cached 36568, out 197 (+163 reasoning)
   29.5s   tool bash: node /kit/rag.mjs search "speech_act" "UTTER" "greeting"
   29.6s turn 6
   33.3s   model reply: in 4152 + cached 36556, out 180 (+150 reasoning)
   33.3s   tool bash: grep -n -C 3 "greeting" /reference/glossary.md
   33.4s turn 7
   36.5s   model reply: in 5264 + cached 36545, out 45 (+16 reasoning)
   36.5s   tool bash: grep -n "| speech_act |" /reference/glossary.md
   36.6s turn 8
   44.7s   model reply: in 5819 + cached 36531, out 1246 (+1164 reasoning)
   44.7s   tool bash: node /kit/rag.mjs entry confirm inform request enables provides recommended role works_best designed_to_be has_style ongoing dialogue time_horizon time_point co
   44.9s turn 9
   73.4s   model reply: in 4924 + cached 40596, out 6393 (+3817 reasoning)
   73.4s   tool write: /output/translation.md
   73.4s turn 10
   76.5s   model reply: in 7235 + cached 44682, out 53 (+23 reasoning)
   76.5s   tool bash: node /kit/rag.mjs check --translation /output/translation.md
   76.6s turn 11
   89.2s   model reply: in 4413 + cached 48733, out 1842 (+1812 reasoning)
   89.2s   tool bash: node /kit/rag.mjs check --translation /output/translation.md
   89.3s turn 12
   92.7s   model reply: in 3366 + cached 52798, out 96 (+29 reasoning)
   92.7s agent finished
   92.7s agent finished
