    3.6s turn 1
    7.9s   model reply: in 3 + cached 0, out 76 (+0 reasoning)
    7.9s   tool bash: node /kit/rag.mjs search "describe requested placing object on surface relative to another object" "object description color spatial relation" "ordered action p
    8.5s turn 2
   11.9s   model reply: in 3 + cached 27705, out 71 (+0 reasoning)
   11.9s   tool bash: node /kit/rag.mjs entry spatial_constraint request ask entity action_description sequence spatial_state; node /kit/rag.mjs search "action description operation 
   12.3s turn 3
   30.9s   model reply: in 3 + cached 29970, out 542 (+374 reasoning)
   30.9s   tool bash: node /kit/rag.mjs widen "object description combining kind color and spatial constraints" --kind constraint; node /kit/rag.mjs widen "describe placing keys on o
   32.8s turn 4
   39.6s   model reply: in 3 + cached 31311, out 232 (+87 reasoning)
   39.6s   tool bash: node /kit/rag.mjs widen "describe picking up keys selected by spatial location" --kind action | head -n 13; node /kit/rag.mjs widen "describe turning left and t
   41.1s turn 5
   58.3s   model reply: in 3 + cached 34488, out 584 (+498 reasoning)
   58.3s   tool bash: node /kit/rag.mjs widen "end table on the wall located along wall boundary" --kind constraint | head -n 15; node /kit/rag.mjs search "against wall along wall" "
   58.8s turn 6
  102.2s   model reply: in 3 + cached 36597, out 2538 (+225 reasoning)
  102.2s   tool write: /output/translation.md
  102.3s turn 7
  106.7s   model reply: in 3 + cached 38139, out 80 (+14 reasoning)
  106.7s   tool bash: node /kit/rag.mjs widen "across from the couch opposite facing location" --kind constraint | head -n 15; node /kit/rag.mjs check --translation /output/translati
  107.0s turn 8
  149.9s   model reply: in 3 + cached 40695, out 2326 (+59 reasoning)
  149.9s   tool write: /output/suggestions.md
  149.9s turn 9
  155.8s   model reply: in 3 + cached 41732, out 205 (+0 reasoning)
  155.8s   tool edit: /output/translation.md
  155.8s turn 10
  161.1s   model reply: in 3 + cached 44076, out 57 (+0 reasoning)
  161.1s agent finished
  161.1s agent finished
