    7.1s turn 1
   20.5s   model reply: in 30631 + cached 0, out 1240 (+1192 reasoning)
   20.5s   tool bash: node /kit/rag.mjs search "character_trait" "attribute_claim" "statement" "implies" "premise" "rule" "theory"
   20.8s turn 2
   25.5s   model reply: in 5543 + cached 28459, out 96 (+54 reasoning)
   25.5s   tool bash: node /kit/rag.mjs entry attribute_claim has_attribute statement conditional character character_trait negation conjunction supports leads_to ask respond
   25.7s turn 3
   33.8s   model reply: in 2730 + cached 32513, out 134 (+82 reasoning)
   33.8s   tool bash: node /kit/rag.mjs search "universal" "premise" "theory" "truth_value" "question" "evaluate" "person" "group" "all"
   34.2s turn 4
   39.7s   model reply: in 5283 + cached 32511, out 114 (+57 reasoning)
   39.7s   tool bash: grep -E "^\| [a-z0-9_]+ \| (claim_relation|constructor|composite|speech_act|link)" /reference/glossary.md | head -n 40
   39.9s turn 5
   45.0s   model reply: in 3185 + cached 36569, out 114 (+33 reasoning)
   45.0s   tool bash: grep -E "^\| [a-z0-9_]+ \| (claim_relation|constructor)" /reference/glossary.md | grep -E "property|trait|statement|attribute|implication|rule|logic|theory|prem
   45.3s turn 6
   48.9s   model reply: in 5081 + cached 36563, out 74 (+34 reasoning)
   48.9s   tool bash: grep -E "^\| [a-z0-9_]+ \| claim_relation \|" /reference/glossary.md
   49.5s turn 7
   60.6s   model reply: in 3030 + cached 40621, out 58 (+20 reasoning)
   60.6s   tool bash: grep -E "^\| [a-z0-9_]+ \| link \|" /reference/glossary.md
   60.7s turn 8
   71.6s   model reply: in 3325 + cached 40603, out 49 (+11 reasoning)
   71.6s   tool bash: grep -E "^\| [a-z0-9_]+ \| constructor \|" /reference/glossary.md
   71.7s turn 9
   76.7s   model reply: in 45773 + cached 0, out 69 (+19 reasoning)
   76.7s   tool bash: grep -E "^\| [a-z0-9_]+ \| constructor \|" /reference/glossary.md | sed -n '26,70p'
   76.8s turn 10
   84.5s   model reply: in 2997 + cached 44653, out 66 (+16 reasoning)
   84.5s   tool bash: grep -E "^\| [a-z0-9_]+ \| constructor \|" /reference/glossary.md | sed -n '51,90p'
   84.6s turn 11
   91.0s   model reply: in 4776 + cached 44647, out 67 (+16 reasoning)
   91.0s   tool bash: grep -E "^\| [a-z0-9_]+ \| constructor \|" /reference/glossary.md | sed -n '75,115p'
   91.0s turn 12
  127.6s   model reply: in 5535 + cached 44634, out 68 (+16 reasoning)
  127.6s   tool bash: grep -E "^\| [a-z0-9_]+ \| claim_relation \|" /reference/glossary.md | sed -n '31,80p'
  127.9s turn 13
  139.7s   model reply: in 11562 + cached 40573, out 1160 (+1132 reasoning)
  139.7s   tool bash: grep -rn "proofwriter" /reference/ /attach/ || true
  139.8s turn 14
  158.1s   model reply: in 4620 + cached 48678, out 51 (+32 reasoning)
  158.1s   tool bash: ls -la /reference/
  158.2s turn 15
  186.5s   model reply: in 4892 + cached 48661, out 214 (+165 reasoning)
  186.5s   tool bash: node /kit/rag.mjs entry inform ask respond propose statement attribute_claim has_attribute character_trait conditional negation conjunction supports leads_to sh
  186.7s turn 16
  199.3s   model reply: in 2398 + cached 52710, out 144 (+119 reasoning)
  199.3s   tool bash: node /kit/rag.mjs entry lexical_label
  199.5s turn 17
  209.3s   model reply: in 3027 + cached 52695, out 744 (+723 reasoning)
  209.3s   tool bash: cat /reference/examples.jsonl
  209.6s turn 18
  233.7s   model reply: in 4943 + cached 52693, out 1247 (+1204 reasoning)
  233.7s   tool bash: node /kit/rag.mjs search "quiet" "rough" "smart" "young" "kind" "round" "someone"
  233.8s turn 19
  248.3s   model reply: in 4112 + cached 56758, out 1257 (+1220 reasoning)
  248.3s   tool bash: node /kit/rag.mjs widen "Introduce a set of premises or a theory" --kind speech_act
  248.4s turn 20
  254.1s   model reply: in 3125 + cached 60821, out 113 (+26 reasoning)
  254.1s   tool bash: node /kit/rag.mjs widen "Ask a question about the truth value of a statement" --kind speech_act
node /kit/rag.mjs widen "Determine truth value based only on the
  254.6s turn 21
  279.5s   model reply: in 6403 + cached 60831, out 1777 (+1583 reasoning)
  279.5s   tool bash: cat << 'EOF' > /output/translation.md
Status: success
Mode: REQUEST

## BrainCode

```braincode
MODE REQUEST
ENTRYPOINT Conversation
CONVO Conversation {
  TURN
  279.7s turn 22
  298.6s   model reply: in 4922 + cached 64890, out 3333 (+2590 reasoning)
  298.6s   tool bash: cat << 'EOF' > /output/translation.md
Status: success
Mode: REQUEST

## BrainCode

```braincode
MODE REQUEST
ENTRYPOINT Conversation
CONVO Conversation {
  TURN
  298.7s turn 23
  312.0s   model reply: in 0 + cached 0, out 0 (+0 reasoning)
  312.1s agent finished
  314.0s turn 24
  327.7s   model reply: in 0 + cached 0, out 0 (+0 reasoning)
  327.7s agent finished
  331.7s turn 25
  358.3s   model reply: in 0 + cached 0, out 0 (+0 reasoning)
  358.3s agent finished
  366.4s turn 26
  430.7s   model reply: in 53238 + cached 0, out 537 (+501 reasoning)
  430.7s   tool bash: grep -E "\| (constructor|claim_relation|link) \|" /reference/glossary.md
  430.7s turn 27
  438.4s   model reply: in 2774 + cached 52797, out 147 (+97 reasoning)
  438.4s   tool bash: node /kit/rag.mjs entry property_question subject character character_trait attribute_claim has_attribute statement conditional conjunction negation supports le
  438.5s turn 28
  450.2s   model reply: in 4907 + cached 52794, out 95 (+54 reasoning)
  450.2s   tool bash: grep -E "\| (constructor|composite) \|.*(property|attribute|trait|predicate)" /reference/glossary.md
  450.2s turn 29
  459.3s   model reply: in 2211 + cached 56845, out 641 (+591 reasoning)
  459.3s   tool bash: grep -E "^\| [a-z0-9_]+ \| constructor \|" /reference/glossary.md | cut -d'|' -f2,4
  459.4s turn 30
  467.9s   model reply: in 5018 + cached 56847, out 79 (+27 reasoning)
  467.9s   tool bash: grep -E "^\| [a-z0-9_]+ \| claim_relation \|" /reference/glossary.md | cut -d'|' -f2,4
  467.9s turn 31
  473.4s   model reply: in 2298 + cached 60898, out 75 (+25 reasoning)
  473.4s   tool bash: grep -E "^\| [a-z0-9_]+ \| link \|" /reference/glossary.md | cut -d'|' -f2,4
  473.5s turn 32
  478.6s   model reply: in 2469 + cached 60878, out 79 (+27 reasoning)
  478.6s   tool bash: grep -E "^\| [a-z0-9_]+ \| speech_act \|" /reference/glossary.md | cut -d'|' -f2,4
  478.7s turn 33
  501.6s   model reply: in 2722 + cached 60859, out 3432 (+3312 reasoning)
  501.6s   tool bash: cat << 'EOF' > /tmp/test_check.py
import json

with open("/needs.json") as f:
    needs = json.load(f)

for need in needs:
    print(f"{need['id']}: {need['kind
  501.6s turn 34
  506.5s   model reply: in 6168 + cached 60869, out 152 (+43 reasoning)
  506.5s   tool bash: node -e '
const fs = require("fs");
const needs = JSON.parse(fs.readFileSync("/needs.json"));
for (const n of needs) {
  console.log(`${n.id}: ${n.kind} | ${n.s
  506.5s turn 35
  535.8s   model reply: in 2463 + cached 64909, out 5255 (+5225 reasoning)
  535.8s   tool bash: node /kit/rag.mjs search "role_user" "user"
  536.0s turn 36
  594.5s   model reply: in 52042 + cached 0, out 7890 (+4868 reasoning)
  594.5s   tool write: /output/translation.md
  594.6s turn 37
  600.0s   model reply: in 11173 + cached 48763, out 60 (+30 reasoning)
  600.0s   tool bash: node /kit/rag.mjs check --translation /output/translation.md
  601.0s turn 38
  615.0s   model reply: in 3942 + cached 56876, out 1423 (+1246 reasoning)
  615.0s   tool bash: node /kit/rag.mjs widen "Anne is not kind" --kind claim
node /kit/rag.mjs widen "Anne is quiet" --kind claim
node /kit/rag.mjs widen "Gary is smart" --kind clai
  624.4s turn 39
  649.2s   model reply: in 8738 + cached 56891, out 1947 (+1917 reasoning)
  649.2s   tool bash: node /kit/rag.mjs check --translation /output/translation.md
  649.5s turn 40
  685.2s   model reply: in 3380 + cached 65018, out 5725 (+2811 reasoning)
  685.2s   tool write: /output/translation.md
  685.2s turn 41
  698.4s   model reply: in 53329 + cached 0, out 59 (+29 reasoning)
  698.4s   tool bash: node /kit/rag.mjs check --translation /output/translation.md
  698.9s turn 42
  707.0s   model reply: in 5393 + cached 48817, out 212 (+33 reasoning)
  707.1s agent finished
  707.1s agent finished
