    1.7s turn 1
   14.7s   model reply: in 14912 + cached 0, out 1685 (+1668 reasoning)
   14.7s   tool bash: ls -la /
   14.7s turn 2
   18.5s   model reply: in 5269 + cached 12111, out 40 (+18 reasoning)
   18.5s   tool bash: ls -la /kit /reference /attach
   18.5s turn 3
   21.8s   model reply: in 5856 + cached 12102, out 50 (+30 reasoning)
   21.8s   tool read: /reference/examples.jsonl
   21.8s turn 4
   24.9s   model reply: in 3045 + cached 16133, out 43 (+24 reasoning)
   24.9s   tool read: /kit/README.md
   24.9s turn 5
   28.3s   model reply: in 4253 + cached 16130, out 74 (+34 reasoning)
   28.3s   tool bash: ls -la /rag_context.md /needs.json /item_raw.txt 2>/dev/null || true
   28.3s turn 6
   45.6s   model reply: in 4346 + cached 16114, out 2587 (+2553 reasoning)
   45.6s   tool bash: grep -in "thoughttrace" /reference/* /kit/* 2>/dev/null || true
   45.7s turn 7
   49.8s   model reply: in 2889 + cached 20161, out 115 (+37 reasoning)
   49.8s   tool bash: node /kit/rag.mjs entry activity causes comfortable conjunction decision duration has_goal leads_to negation obligation offer offer_help personal_values propose
   49.9s turn 8
   61.2s   model reply: in 5100 + cached 20171, out 1349 (+1303 reasoning)
   61.2s   tool bash: grep -C 5 "self_protection" /reference/glossary.md /reference/glossary.jsonl 2>/dev/null || true
   61.2s turn 9
   65.5s   model reply: in 4313 + cached 24229, out 107 (+47 reasoning)
   65.5s   tool bash: grep -E '"symbol": "(causes|comfortable|user_practice|leads_to|recommended|has_goal|apologize|ask|offer|propose|obligation)"' /reference/glossary.jsonl
   65.6s turn 10
  123.3s   model reply: in 0 + cached 0, out 0 (+0 reasoning)
  123.3s agent finished
  125.3s turn 11
  126.0s   model reply: in 0 + cached 0, out 0 (+0 reasoning)
  126.0s agent finished
  130.0s turn 12
  141.6s   model reply: in 0 + cached 0, out 0 (+0 reasoning)
  141.6s agent finished
  149.6s turn 13
  172.2s   model reply: in 0 + cached 0, out 0 (+0 reasoning)
  172.2s agent finished
  188.2s turn 14
  265.2s   model reply: in 29884 + cached 0, out 4326 (+4292 reasoning)
  265.2s   tool bash: grep -C 10 "back-translation" /attach/1-language-spec.md
  265.4s turn 15
  274.5s   model reply: in 6510 + cached 28304, out 1042 (+1010 reasoning)
  274.5s   tool bash: grep -rn 'activity(verb=' /reference/ 2>/dev/null || true
  274.6s turn 16
  279.5s   model reply: in 4880 + cached 32356, out 303 (+275 reasoning)
  279.5s   tool bash: grep '"kind": "composite"' /reference/glossary.jsonl
  279.6s turn 17
  309.1s   model reply: in 3578 + cached 36412, out 5588 (+5550 reasoning)
  309.1s   tool bash: grep -rn "<|user|>" /reference/ /kit/ /attach/ 2>/dev/null || true
  309.2s turn 18
  332.4s   model reply: in 9325 + cached 36451, out 3989 (+3959 reasoning)
  332.4s   tool bash: grep -rn "NL:" /reference/ 2>/dev/null || true
  332.4s turn 19
  373.3s   model reply: in 7566 + cached 44594, out 8249 (+7995 reasoning)
  373.3s   tool write: /output/reconstruction.md
  373.3s turn 20
  400.5s   model reply: in 11719 + cached 48695, out 54 (+34 reasoning)
  400.5s   tool read: /output/reconstruction.md
  400.5s turn 21
  404.8s   model reply: in 3903 + cached 56793, out 149 (+123 reasoning)
  404.8s agent finished
  404.8s agent finished
