    1.8s turn 1
    9.2s   model reply: in 28018 + cached 0, out 705 (+674 reasoning)
    9.2s   tool bash: node /kit/rag.mjs search "turn" "face" "walk"
    9.4s turn 2
   13.8s   model reply: in 5271 + cached 24367, out 44 (+26 reasoning)
   13.8s   tool bash: ls -la /reference
   13.8s turn 3
   20.1s   model reply: in 5535 + cached 24351, out 60 (+34 reasoning)
   20.1s   tool bash: head -n 20 /reference/examples.jsonl
   20.1s turn 4
   24.9s   model reply: in 2716 + cached 28400, out 39 (+22 reasoning)
   24.9s   tool bash: ls -la translations
   25.0s turn 5
   27.8s   model reply: in 2793 + cached 28380, out 33 (+13 reasoning)
   27.8s   tool bash: ls -la /doc_formats
   27.8s turn 6
   41.6s   model reply: in 3040 + cached 28363, out 1478 (+1443 reasoning)
   41.6s   tool bash: node /kit/rag.mjs entry turn face walk pick_up place close open ask propose respond request
   41.7s turn 7
   46.3s   model reply: in 5789 + cached 28369, out 74 (+51 reasoning)
   46.3s   tool bash: grep -i "alfred" /reference/*
   46.3s turn 8
   49.4s   model reply: in 5890 + cached 28352, out 47 (+26 reasoning)
   49.4s   tool bash: cat /reference/examples.jsonl
   49.4s turn 9
   54.1s   model reply: in 3064 + cached 32395, out 66 (+40 reasoning)
   54.1s   tool bash: head -n 50 /kit/rag.mjs
   54.1s turn 10
   57.7s   model reply: in 3885 + cached 32384, out 42 (+20 reasoning)
   57.7s   tool bash: node /kit/rag.mjs health
   57.8s turn 11
   74.4s   model reply: in 4043 + cached 32357, out 2129 (+2090 reasoning)
   74.4s   tool bash: node /kit/rag.mjs search "Put two eggs in the microwave" "Pick the egg up from the sink"
   74.6s turn 12
   77.8s   model reply: in 39169 + cached 0, out 69 (+39 reasoning)
   77.8s   tool bash: grep '"kind": "speech_act"' /reference/glossary.jsonl
   77.8s turn 13
   87.3s   model reply: in 3977 + cached 36407, out 1187 (+1155 reasoning)
   87.3s   tool bash: grep -A 100 "async function check" /kit/rag.mjs
   87.3s turn 14
   90.0s   model reply: in 5180 + cached 36401, out 45 (+19 reasoning)
   90.0s   tool bash: grep -n "check" /kit/rag.mjs
   90.1s turn 15
   98.1s   model reply: in 5363 + cached 36384, out 1219 (+1180 reasoning)
   98.1s   tool bash: node /kit/rag.mjs search "salt shaker" "shut the door" "go right" "turn left"
   98.2s turn 16
  101.9s   model reply: in 3674 + cached 40435, out 210 (+179 reasoning)
  101.9s   tool bash: node /kit/rag.mjs search "left" "right" "direction"
  102.0s turn 17
  105.2s   model reply: in 4719 + cached 40428, out 95 (+48 reasoning)
  105.2s   tool bash: grep -E '"symbol": "(turn|look|face|walk|close|open|place|pick_up)"' /reference/glossary.jsonl
  105.3s turn 18
  109.4s   model reply: in 5998 + cached 40423, out 253 (+227 reasoning)
  109.4s   tool bash: node /kit/rag.mjs entry door microwave sink table
  109.5s turn 19
  112.9s   model reply: in 2400 + cached 44450, out 180 (+149 reasoning)
  112.9s   tool bash: node /kit/rag.mjs search "close" "shut" "door"
  113.0s turn 20
  115.8s   model reply: in 3425 + cached 44443, out 72 (+44 reasoning)
  115.8s   tool bash: grep '"kind": "constructor"' /reference/glossary.jsonl
  115.9s turn 21
  118.8s   model reply: in 5815 + cached 44452, out 77 (+39 reasoning)
  118.8s   tool bash: grep -E '"signature": "TERM (entity|object|part|door)' /reference/glossary.jsonl
  118.9s turn 22
  122.1s   model reply: in 5920 + cached 44434, out 77 (+45 reasoning)
  122.1s   tool bash: node /kit/rag.mjs search "entity descriptor" "door" "microwave"
  122.2s turn 23
  126.2s   model reply: in 2848 + cached 48466, out 256 (+231 reasoning)
  126.2s   tool bash: node /kit/rag.mjs entry lexical_label
  126.3s turn 24
  134.1s   model reply: in 3585 + cached 48455, out 1127 (+1096 reasoning)
  134.1s   tool bash: node /kit/rag.mjs entry object_label food_label color_label
  134.2s turn 25
  140.3s   model reply: in 0 + cached 0, out 0 (+0 reasoning)
  140.3s agent finished
  142.3s turn 26
  186.5s   model reply: in 0 + cached 0, out 0 (+0 reasoning)
  186.5s agent finished
  190.5s turn 27
  247.5s   model reply: in 0 + cached 0, out 0 (+0 reasoning)
  247.5s agent finished
  255.5s turn 28
  384.0s   model reply: in 53494 + cached 0, out 152 (+115 reasoning)
  384.0s   tool bash: node /kit/rag.mjs entry object_label::salt_shaker object_label::saltshaker
  384.1s turn 29
  415.5s   model reply: in 5464 + cached 48440, out 221 (+174 reasoning)
  415.5s   tool bash: node /kit/rag.mjs entry food_label::egg object_label::microwave object_label::sink object_label::table object_label::door
  415.6s turn 30
  465.2s   model reply: in 2258 + cached 52467, out 2521 (+2487 reasoning)
  465.2s   tool bash: node /kit/rag.mjs search "salt shaker on the table" "turn to face"
  465.4s turn 31
  485.3s   model reply: in 5399 + cached 52489, out 2822 (+1604 reasoning)
  485.3s   tool bash: cat << 'EOF' > /output/translation.md
Status: success
Mode: REQUEST

## BrainCode

```braincode
MODE REQUEST
ENTRYPOINT Microwave
TASK Microwave {
  ACTION turn
  485.4s turn 32
  506.4s   model reply: in 4868 + cached 56553, out 2550 (+1324 reasoning)
  506.4s   tool bash: cat << 'EOF' > /tmp/test_sink.md
Status: success
Mode: REQUEST

## BrainCode

```braincode
MODE REQUEST
ENTRYPOINT ObjectLabelSink
TASK ObjectLabelSink {
  ACTI
  506.5s turn 33
  518.9s   model reply: in 4067 + cached 60615, out 1212 (+1188 reasoning)
  518.9s   tool bash: node /kit/rag.mjs entry in on
  519.1s turn 34
  541.5s   model reply: in 5365 + cached 60611, out 1494 (+1464 reasoning)
  541.5s   tool bash: node /kit/rag.mjs search "direction right" "direction left"
  541.7s turn 35
  558.1s   model reply: in 3380 + cached 64657, out 3137 (+1911 reasoning)
  558.1s   tool bash: cat << 'EOF' > /output/translation.md
Status: success
Mode: REQUEST

## BrainCode

```braincode
MODE REQUEST
ENTRYPOINT ObjectLabelSink
TASK ObjectLabelSink {
 
  558.2s turn 36
  575.8s   model reply: in 50437 + cached 0, out 940 (+910 reasoning)
  575.8s   tool bash: node /kit/rag.mjs check --translation /output/translation.md
  575.9s turn 37
  589.3s   model reply: in 3420 + cached 48668, out 1253 (+33 reasoning)
  589.3s agent finished
  589.3s agent finished
