    1.7s turn 1
   15.4s   model reply: in 27270 + cached 0, out 2462 (+2413 reasoning)
   15.4s   tool bash: node /kit/rag.mjs entry ask offer propose respond include requirement user_preference propose_menu menu_works prep_time role_friend food_label object_label
   15.5s turn 2
   23.4s   model reply: in 6483 + cached 24375, out 125 (+85 reasoning)
   23.4s   tool bash: node /kit/rag.mjs search "dinner" "menu" "vegetarian" "recipe" "ingredient" "cooking"
   23.6s turn 3
   26.7s   model reply: in 4180 + cached 28431, out 97 (+53 reasoning)
   26.7s   tool bash: node /kit/rag.mjs search "customizable" "prep" "assemble" "option" "food" "course" "meal"
   27.5s turn 4
   31.7s   model reply: in 2154 + cached 32488, out 157 (+94 reasoning)
   31.7s   tool bash: node /kit/rag.mjs entry designed_to_be config_setting activity subject sequence conjunction entity_order_vs_assemble_plan entity_recipes entity_assembly_tips en
   32.4s turn 5
   37.3s   model reply: in 4206 + cached 32484, out 363 (+328 reasoning)
   37.3s   tool bash: grep -E "\| constructor \|" /reference/glossary.md | head -n 40
   37.3s turn 6
   41.0s   model reply: in 2307 + cached 36542, out 187 (+147 reasoning)
   41.0s   tool bash: node /kit/rag.mjs search "alternative option" "dish" "ingredient list" "culinary" "preparation"
   41.3s turn 7
   44.2s   model reply: in 3936 + cached 36535, out 58 (+25 reasoning)
   44.2s   tool bash: node /kit/rag.mjs entry substitute entity_grocery_list format_bullet_list
   44.3s turn 8
   47.8s   model reply: in 4219 + cached 36517, out 70 (+43 reasoning)
   47.8s   tool bash: grep -E "^\| entity_" /reference/glossary.md
   47.9s turn 9
   51.8s   model reply: in 4870 + cached 36504, out 199 (+169 reasoning)
   51.8s   tool bash: grep -E "\| claim_relation \|" /reference/glossary.md
   51.9s turn 10
   55.0s   model reply: in 0 + cached 0, out 0 (+0 reasoning)
   55.0s agent finished
   57.0s turn 11
   70.9s   model reply: in 0 + cached 0, out 0 (+0 reasoning)
   70.9s agent finished
   74.9s turn 12
  101.5s   model reply: in 0 + cached 0, out 0 (+0 reasoning)
  101.5s agent finished
  109.5s turn 13
  170.0s   model reply: in 2947 + cached 40559, out 60 (+23 reasoning)
  170.0s   tool bash: grep -E "\| claim_relation \|" /reference/glossary.md | tail -n +30
  170.1s turn 14
  174.9s   model reply: in 4956 + cached 40557, out 61 (+26 reasoning)
  174.9s   tool bash: grep -E "\| constructor \|" /reference/glossary.md | tail -n +25
  175.0s turn 15
  178.3s   model reply: in 2801 + cached 44610, out 61 (+36 reasoning)
  178.3s   tool bash: node /kit/rag.mjs entry lexical_label
  178.4s turn 16
  184.6s   model reply: in 3348 + cached 44594, out 79 (+44 reasoning)
  184.6s   tool bash: grep -E "\| constructor \|" /reference/glossary.md | tail -n +50
  184.7s turn 17
  202.0s   model reply: in 5178 + cached 44591, out 52 (+22 reasoning)
  202.0s   tool bash: grep -E "\| speech_act \|" /reference/glossary.md
  202.1s turn 18
  226.0s   model reply: in 5718 + cached 44577, out 2371 (+2308 reasoning)
  226.0s   tool bash: node /kit/rag.mjs entry role_friend user_preference propose_menu menu_works activity include requirement lexical_label bread meat cheese lettuce ice_cream fruit
  226.1s turn 19
  232.6s   model reply: in 6166 + cached 48653, out 73 (+41 reasoning)
  232.6s   tool bash: node /kit/rag.mjs entry role_agent ask propose offer respond group_size
  232.8s turn 20
  242.9s   model reply: in 2624 + cached 52691, out 934 (+898 reasoning)
  242.9s   tool bash: node /kit/rag.mjs search "host friends" "dinner" "suggest dinner" "hosting"
  243.1s turn 21
  247.2s   model reply: in 4659 + cached 52691, out 108 (+67 reasoning)
  247.2s   tool bash: grep -E "propose_menu|menu_works|user_preference|prep_time" /reference/glossary.md
  247.3s turn 22
  253.9s   model reply: in 4968 + cached 52674, out 494 (+467 reasoning)
  253.9s   tool bash: grep -E "requirement\(" /reference/glossary.md
  254.0s turn 23
  257.6s   model reply: in 6037 + cached 52664, out 113 (+85 reasoning)
  257.6s   tool bash: grep -E "\| composite \|" /reference/glossary.md
  257.6s turn 24
  279.2s   model reply: in 3808 + cached 56714, out 3089 (+3061 reasoning)
  279.2s   tool bash: node /kit/rag.mjs entry food_label::taco
  279.3s turn 25
  286.3s   model reply: in 7010 + cached 56726, out 578 (+550 reasoning)
  286.3s   tool bash: grep -E "menu_works" /reference/glossary.md
  286.3s turn 26
  319.8s   model reply: in 3597 + cached 60764, out 4835 (+4738 reasoning)
  319.8s   tool bash: node /kit/rag.mjs entry sequence substitute group_size offer_help ask propose offer respond user_preference propose_menu menu_works activity include requirement
  320.0s turn 27
  351.3s   model reply: in 49750 + cached 0, out 3239 (+1312 reasoning)
  351.3s   tool write: /output/translation.md
  351.3s turn 28
  354.7s   model reply: in 4281 + cached 48712, out 59 (+29 reasoning)
  354.7s   tool bash: node /kit/rag.mjs check --translation /output/translation.md
  354.9s turn 29
  408.7s   model reply: in 4973 + cached 48698, out 9070 (+7046 reasoning)
  408.7s   tool write: /output/translation.md
  408.7s turn 30
  412.4s   model reply: in 9940 + cached 52805, out 53 (+23 reasoning)
  412.4s   tool bash: node /kit/rag.mjs check --translation /output/translation.md
  412.5s turn 31
  417.7s   model reply: in 2504 + cached 60913, out 242 (+204 reasoning)
  417.7s agent finished
  417.7s agent finished
