    8.5s turn 1
   14.8s   model reply: in 32617 + cached 0, out 777 (+732 reasoning)
   14.8s   tool bash: node /kit/rag.mjs search "weekend" "science experiment" "award" "trophy" "scavenger hunt" "gift"
   15.0s turn 2
   23.4s   model reply: in 35119 + cached 0, out 1063 (+1013 reasoning)
   23.4s   tool bash: node /kit/rag.mjs search "weekend" "fun" "daughter" "reward" "academic" "prize" "celebrate" "movie" "certificate"
   23.6s turn 3
   26.7s   model reply: in 6228 + cached 32536, out 65 (+26 reasoning)
   26.7s   tool bash: node /kit/rag.mjs entry well_wishes greeting promotional_event activity subject requirement temporal_context time_point
   26.8s turn 4
   39.3s   model reply: in 4125 + cached 36596, out 948 (+915 reasoning)
   39.3s   tool bash: node /kit/rag.mjs widen "reward daughter for good academic performance" --kind reasoning
   39.6s turn 5
   47.6s   model reply: in 2606 + cached 40659, out 1164 (+1130 reasoning)
   47.6s   tool bash: node /kit/rag.mjs entry food_label animal_label object_label ice_cream
   47.8s turn 6
   52.2s   model reply: in 4170 + cached 40649, out 301 (+250 reasoning)
   52.2s   tool bash: node /kit/rag.mjs entry food_label::icecream food_label::ice_cream food_label::cookie food_label::sandwich food_label::popcorn
   52.3s turn 7
   56.7s   model reply: in 5127 + cached 40636, out 307 (+275 reasoning)
   56.7s   tool bash: node /kit/rag.mjs entry animal_label::butterfly animal_label::bird
   56.8s turn 8
   65.7s   model reply: in 5652 + cached 40621, out 1127 (+1094 reasoning)
   65.7s   tool bash: node /kit/rag.mjs entry user role_user agent role_agent role_daughter
   65.8s turn 9
   72.9s   model reply: in 2940 + cached 44673, out 626 (+595 reasoning)
   72.9s   tool bash: node /kit/rag.mjs entry motivated_by supports enables important recommended request role
   73.0s turn 10
   90.3s   model reply: in 4128 + cached 44662, out 2902 (+1519 reasoning)
   90.3s   tool write: /output/translation.md
   90.3s turn 11
   93.8s   model reply: in 2974 + cached 48722, out 53 (+23 reasoning)
   93.8s   tool bash: node /kit/rag.mjs check --translation /output/translation.md
   93.9s turn 12
  112.4s   model reply: in 3717 + cached 48707, out 3317 (+1934 reasoning)
  112.4s   tool write: /output/translation.md
  112.4s turn 13
  116.1s   model reply: in 7034 + cached 48711, out 42 (+12 reasoning)
  116.1s   tool bash: node /kit/rag.mjs check --translation /output/translation.md
  116.2s turn 14
  120.7s   model reply: in 3706 + cached 52756, out 168 (+49 reasoning)
  120.7s agent finished
  120.7s agent finished
