    3.3s turn 1
   14.0s   model reply: in 1709 + cached 0, out 1701 (+1684 reasoning)
   14.0s   tool read: /trajectory.txt
   14.1s turn 2
   14.9s   model reply: in 0 + cached 0, out 0 (+0 reasoning)
   14.9s agent finished
   16.9s turn 3
   27.4s   model reply: in 0 + cached 0, out 0 (+0 reasoning)
   27.4s agent finished
   31.4s turn 4
   60.9s   model reply: in 0 + cached 0, out 0 (+0 reasoning)
   60.9s agent finished
   68.9s turn 5
  131.8s   model reply: in 3499 + cached 0, out 405 (+279 reasoning)
  131.8s   tool write: /output/translation.md
  131.8s turn 6
  133.9s   model reply: in 3908 + cached 0, out 33 (+14 reasoning)
  133.9s   tool read: /output/translation.md
  133.9s turn 7
  139.2s   model reply: in 4042 + cached 0, out 28 (+15 reasoning)
  139.2s agent finished
  139.2s agent finished
