    1.8s turn 1
    8.5s   model reply: in 29989 + cached 0, out 531 (+478 reasoning)
    8.5s   tool bash: node /kit/rag.mjs search "privacy" "security" "accessibility" "fraud" "identity theft" "cyberbullying" "password" "two factor authentication" "verification"
    8.9s turn 2
   16.9s   model reply: in 4609 + cached 28453, out 740 (+645 reasoning)
   16.9s   tool bash: grep -i "privacy" /reference/glossary.md || true
grep -i "policy" /reference/glossary.md || true
grep -i "account" /reference/glossary.md || true
grep -i "anony
   17.1s turn 3
   20.4s   model reply: in 6021 + cached 28444, out 65 (+42 reasoning)
   20.4s   tool bash: wc -l /reference/glossary.md
   20.5s turn 4
   24.2s   model reply: in 2053 + cached 32487, out 63 (+26 reasoning)
   24.2s   tool bash: grep "| constructor |" /reference/glossary.md | cut -d'|' -f2,4
   24.3s turn 5
   26.9s   model reply: in 4286 + cached 32485, out 47 (+8 reasoning)
   26.9s   tool bash: grep "| claim_relation |" /reference/glossary.md | cut -d'|' -f2,4
   26.9s turn 6
   29.3s   model reply: in 5594 + cached 32476, out 58 (+10 reasoning)
   29.3s   tool bash: grep -E "\| (link|speech_act) \|" /reference/glossary.md | cut -d'|' -f2,3,4
   29.4s turn 7
   35.5s   model reply: in 5954 + cached 32460, out 801 (+754 reasoning)
   35.5s   tool bash: node /kit/rag.mjs entry statement considered enables leads_to causes opposes provides requirement obligation activity negation conditional attribute_claim argue
   35.7s turn 8
   39.5s   model reply: in 4727 + cached 36522, out 88 (+50 reasoning)
   39.5s   tool bash: node /kit/rag.mjs entry property_question conjunction indicator subject decision contrast supports rejects role_user role_agent
   39.7s turn 9
   43.5s   model reply: in 5905 + cached 36512, out 313 (+258 reasoning)
   43.5s   tool bash: grep -E "\| (recipient-value|descriptive-value|entity-name) \|" /reference/glossary.md | cut -d'|' -f2,3,4
   43.5s turn 10
   49.6s   model reply: in 3826 + cached 40567, out 870 (+844 reasoning)
   49.6s   tool bash: head -n 50 /kit/rag.mjs
   49.6s turn 11
   52.4s   model reply: in 5446 + cached 40561, out 56 (+30 reasoning)
   52.4s   tool bash: tail -n 60 /kit/rag.mjs
   52.4s turn 12
   57.8s   model reply: in 2308 + cached 44605, out 701 (+590 reasoning)
   57.8s   tool bash: node /kit/rag.mjs widen "social security numbers or unique identification" --kind object
node /kit/rag.mjs widen "forcing citizens to share sensitive personal i
   58.6s turn 13
   80.0s   model reply: in 6239 + cached 44620, out 4196 (+2200 reasoning)
   80.0s   tool write: /output/translation.md
   80.0s turn 14
   82.8s   model reply: in 6369 + cached 48690, out 37 (+15 reasoning)
   82.8s   tool bash: node /kit/rag.mjs check
   83.0s turn 15
   95.4s   model reply: in 3034 + cached 52733, out 1919 (+1852 reasoning)
   95.4s   tool bash: node /kit/rag.mjs widen "two factor authentication" --kind action
node /kit/rag.mjs widen "email address verification" --kind action
node /kit/rag.mjs widen "so
   95.9s turn 16
  104.1s   model reply: in 8171 + cached 52757, out 1056 (+977 reasoning)
  104.1s   tool bash: grep -i "credential" /reference/glossary.md || true
grep -i "authentic" /reference/glossary.md || true
grep -i "identif" /reference/glossary.md || true
grep -i 
  104.2s turn 17
  120.6s   model reply: in 2701 + cached 60876, out 2702 (+257 reasoning)
  120.6s   tool write: /output/translation.md
  120.6s turn 18
  121.9s   model reply: in 0 + cached 0, out 0 (+0 reasoning)
  122.0s agent finished
  123.9s turn 19
  137.6s   model reply: in 0 + cached 0, out 0 (+0 reasoning)
  137.6s agent finished
  141.6s turn 20
  168.2s   model reply: in 0 + cached 0, out 0 (+0 reasoning)
  168.2s agent finished
  176.2s turn 21
  236.5s   model reply: in 5407 + cached 60876, out 37 (+15 reasoning)
  236.5s   tool bash: node /kit/rag.mjs check
  236.6s turn 22
  251.0s   model reply: in 2107 + cached 64919, out 2226 (+1579 reasoning)
  251.0s   tool write: /output/suggestions.md
  251.0s turn 23
  266.5s   model reply: in 4341 + cached 64915, out 2511 (+29 reasoning)
  266.5s   tool write: /output/translation.md
  266.5s turn 24
  291.0s   model reply: in 48419 + cached 0, out 40 (+18 reasoning)
  291.0s   tool bash: node /kit/rag.mjs check
  291.1s turn 25
  310.0s   model reply: in 49165 + cached 0, out 200 (+23 reasoning)
  310.0s agent finished
  310.0s agent finished
