    2.4s turn 1
    9.5s   model reply: in 25082 + cached 0, out 691 (+650 reasoning)
    9.5s   tool bash: node /kit/rag.mjs entry request web_element click sequence constraint_beginner song requirement then activity apply_filters select_filter
    9.7s turn 2
   12.4s   model reply: in 3011 + cached 24349, out 62 (+21 reasoning)
   12.4s   tool bash: node /kit/rag.mjs search "guitar" "tabs" "guitar tabs" "link" "difficulty" "rating"
   12.7s turn 3
   19.4s   model reply: in 4723 + cached 24344, out 958 (+930 reasoning)
   19.4s   tool bash: grep -n "web_element" /reference/glossary.md
   19.5s turn 4
   22.2s   model reply: in 5756 + cached 24334, out 69 (+25 reasoning)
   22.2s   tool bash: grep -E "(click|press_key|type_text|select_option|hover|open_page)" /reference/glossary.md
   22.3s turn 5
   27.8s   model reply: in 2166 + cached 28374, out 600 (+561 reasoning)
   27.8s   tool bash: node /kit/rag.mjs entry request user_preference include search_web apply_filters select_filter constraint_beginner
   28.0s turn 6
   34.4s   model reply: in 3948 + cached 28371, out 89 (+54 reasoning)
   34.4s   tool bash: node /kit/rag.mjs search "user request" "filter search results" "guitar tabs"
   34.6s turn 7
   37.8s   model reply: in 4947 + cached 28362, out 66 (+39 reasoning)
   37.8s   tool bash: node /kit/rag.mjs entry role_user user agent
   37.9s turn 8
   48.9s   model reply: in 0 + cached 0, out 0 (+0 reasoning)
   48.9s agent finished
   50.9s turn 9
   64.5s   model reply: in 0 + cached 0, out 0 (+0 reasoning)
   64.5s agent finished
   68.5s turn 10
  212.4s   model reply: in 33472 + cached 0, out 54 (+28 reasoning)
  212.4s   tool bash: grep -i "holder" /reference/glossary.md
  212.5s turn 11
  219.3s   model reply: in 5289 + cached 28328, out 175 (+147 reasoning)
  219.3s   tool bash: node /kit/rag.mjs search "user" "agent"
  219.4s turn 12
  228.8s   model reply: in 6042 + cached 28317, out 49 (+21 reasoning)
  228.8s   tool bash: node /kit/rag.mjs entry role_agent role_user
  228.9s turn 13
  243.2s   model reply: in 2157 + cached 32344, out 146 (+120 reasoning)
  243.2s   tool bash: grep "recipient-value" /reference/glossary.md
  243.2s turn 14
  260.0s   model reply: in 2986 + cached 32334, out 1554 (+1524 reasoning)
  260.0s   tool bash: grep -C 3 "constraint_beginner" /reference/glossary.md
  260.1s turn 15
  265.0s   model reply: in 4877 + cached 32337, out 62 (+38 reasoning)
  265.0s   tool bash: grep "constructor" /reference/glossary.md
  265.0s turn 16
  276.5s   model reply: in 2651 + cached 36381, out 423 (+389 reasoning)
  276.5s   tool bash: node /kit/rag.mjs entry constraint_beginner requirement song web_element click sequence then request
  276.6s turn 17
  316.2s   model reply: in 3893 + cached 36376, out 1868 (+1339 reasoning)
  316.2s   tool write: /output/translation.md
  316.2s turn 18
  318.9s   model reply: in 5766 + cached 36375, out 53 (+23 reasoning)
  318.9s   tool bash: node /kit/rag.mjs check --translation /output/translation.md
  319.1s turn 19
  325.7s   model reply: in 6044 + cached 36359, out 510 (+481 reasoning)
  325.7s   tool bash: node /kit/rag.mjs search "filter" "filter results"
  325.8s turn 20
  334.3s   model reply: in 3124 + cached 40393, out 913 (+881 reasoning)
  334.3s   tool bash: node /kit/rag.mjs search "guitar" "tabs" "guitar tabs"
  334.4s turn 21
  338.8s   model reply: in 4828 + cached 40395, out 95 (+41 reasoning)
  338.8s   tool bash: node -e 'const fs = require("fs"); console.log(fs.readFileSync("/kit/rag.mjs", "utf8").slice(0, 3000));'
  338.8s turn 22
  341.7s   model reply: in 5858 + cached 40388, out 56 (+26 reasoning)
  341.7s   tool bash: node /kit/rag.mjs widen "Filter search results" --kind action
  341.9s turn 23
  352.4s   model reply: in 3665 + cached 44431, out 1433 (+1406 reasoning)
  352.4s   tool bash: node /kit/rag.mjs search "Filter search results"
  352.5s turn 24
  358.7s   model reply: in 5401 + cached 44433, out 106 (+34 reasoning)
  358.7s   tool bash: node -e 'const fs = require("fs"); const s = fs.readFileSync("/kit/rag.mjs", "utf8"); console.log(s.slice(s.indexOf("function check"), s.indexOf("function check
  358.8s turn 25
  362.1s   model reply: in 5525 + cached 44415, out 42 (+16 reasoning)
  362.1s   tool bash: grep -n "check" /kit/rag.mjs
  362.2s turn 26
  373.1s   model reply: in 5705 + cached 44398, out 359 (+333 reasoning)
  373.1s   tool bash: node -e 'console.log("testing check response");'
  373.2s turn 27
  384.0s   model reply: in 2047 + cached 48418, out 1910 (+1880 reasoning)
  384.0s   tool bash: node /kit/rag.mjs check --translation /output/translation.md
  384.1s turn 28
  390.5s   model reply: in 4156 + cached 48428, out 455 (+436 reasoning)
  390.5s   tool read: /output/translation.md
  390.5s turn 29
  394.5s   model reply: in 5122 + cached 48421, out 204 (+18 reasoning)
  394.5s agent finished
  394.5s agent finished
