    6.7s turn 1
  127.5s   model reply: in 31582 + cached 0, out 446 (+394 reasoning)
  127.5s   tool bash: node /kit/rag.mjs search "theory" "person" "quiet" "smart" "big" "cold" "white" "red" "blue" "statement"
  144.7s turn 2
  148.2s   model reply: in 6403 + cached 28464, out 110 (+78 reasoning)
  148.2s   tool bash: node /kit/rag.mjs entry character_trait attribute_claim statement conditional negation subject
  150.3s turn 3
  154.7s   model reply: in 3461 + cached 32518, out 130 (+82 reasoning)
  154.7s   tool bash: node /kit/rag.mjs search "conjunction" "disjunction" "and" "all" "someone" "evaluate" "truth" "unknown"
  156.9s turn 4
  160.3s   model reply: in 5741 + cached 32514, out 64 (+30 reasoning)
  160.3s   tool bash: node /kit/rag.mjs entry conjunction reason_for calculation decision test_condition attribute_claim
  161.5s turn 5
  164.4s   model reply: in 2618 + cached 36565, out 92 (+57 reasoning)
  164.4s   tool bash: grep -i "proofwriter" /reference/examples.jsonl 2>/dev/null || true
  165.2s turn 6
  171.4s   model reply: in 2733 + cached 36545, out 894 (+846 reasoning)
  171.4s   tool bash: grep -E "^\| [a-zA-Z0-9_]+ \| (constructor|claim_relation|speech_act)" /reference/glossary.md
  172.3s turn 7
  175.8s   model reply: in 5471 + cached 36547, out 125 (+92 reasoning)
  175.8s   tool bash: node /kit/rag.mjs entry attribute_claim character character_trait has_state statement
  177.2s turn 8
  180.5s   model reply: in 2243 + cached 40594, out 89 (+42 reasoning)
  180.5s   tool bash: node /kit/rag.mjs search "predicate" "attribute" "entity" "quantifier" "universal" "rule" "logic" "conclusion"
  182.8s turn 9
  186.5s   model reply: in 4534 + cached 40592, out 36 (+11 reasoning)
  186.5s   tool bash: node /kit/rag.mjs entry has_attribute
  188.0s turn 10
  192.7s   model reply: in 4726 + cached 40574, out 164 (+124 reasoning)
  192.7s   tool bash: grep -E "^\| [a-zA-Z0-9_]+ \| constructor \|" /reference/glossary.md
  193.4s turn 11
  204.2s   model reply: in 2631 + cached 44629, out 1900 (+1860 reasoning)
  204.2s   tool bash: node /kit/rag.mjs search "property" "trait" "characteristic" "state" "fact" "condition"
  205.6s turn 12
  209.8s   model reply: in 6257 + cached 44640, out 134 (+99 reasoning)
  209.8s   tool bash: node /kit/rag.mjs entry property_question possesses has_attribute has_state attribute_claim
  211.5s turn 13
  220.3s   model reply: in 3246 + cached 48687, out 1822 (+1804 reasoning)
  220.3s   tool bash: ls -la /reference
  220.4s turn 14
  230.6s   model reply: in 5275 + cached 48684, out 162 (+100 reasoning)
  230.6s   tool bash: grep -E '"symbol":\s*"(conditional|conjunction|negation|statement|has_attribute|attribute_claim|character_trait|has_state|property_question)"' /reference/glossa
  231.3s turn 15
  236.3s   model reply: in 2548 + cached 52732, out 400 (+346 reasoning)
  236.3s   tool bash: grep -E '"kind":\s*"constructor"' /reference/glossary.jsonl | grep -iE 'property|trait|attribute|state|fact|condition|predicate|logic'
  237.0s turn 16
  244.0s   model reply: in 5149 + cached 52735, out 770 (+732 reasoning)
  244.0s   tool bash: grep -o '"symbol": *"[^"]*", *"kind": *"constructor"' /reference/glossary.jsonl
  244.9s turn 17
  252.0s   model reply: in 3094 + cached 56790, out 66 (+26 reasoning)
  252.0s   tool bash: grep -o '"symbol": *"[^"]*", *"kind": *"claim_relation"' /reference/glossary.jsonl
  252.7s turn 18
  257.6s   model reply: in 4215 + cached 56779, out 186 (+143 reasoning)
  257.6s   tool bash: node /kit/rag.mjs entry attribute_claim has_attribute has_state statement character_trait character subject conditional conjunction negation property_question
  259.3s turn 19
  266.6s   model reply: in 5939 + cached 56775, out 985 (+960 reasoning)
  266.6s   tool bash: node /kit/rag.mjs entry lexical_label
  267.8s turn 20
  283.6s   model reply: in 3346 + cached 60823, out 3121 (+2904 reasoning)
  283.6s   tool bash: cat << 'EOF' > /tmp/test_trans.md
Status: success
Mode: REQUEST

## BrainCode

```braincode
MODE REQUEST
ENTRYPOINT Conversation
CONVO Conversation {
  TURN t1 
  284.8s turn 21
  291.4s   model reply: in 7161 + cached 60838, out 564 (+521 reasoning)
  291.4s   tool bash: node /kit/rag.mjs search "Base the evaluation only on the provided theory" "Output must be True, False, or Unknown"
  292.9s turn 22
  298.4s   model reply: in 4234 + cached 64884, out 644 (+250 reasoning)
  298.4s   tool bash: cat << 'EOF' > /tmp/test_trans.md
Status: success
Mode: REQUEST

## BrainCode

```braincode
MODE REQUEST
ENTRYPOINT Conversation
CONVO Conversation {
  TURN t1 
  299.8s turn 23
  311.2s   model reply: in 50722 + cached 0, out 293 (+234 reasoning)
  311.2s   tool bash: node /kit/rag.mjs widen "Base the evaluation only on the provided theory" --kind constraint
node /kit/rag.mjs widen "Output must be True, False, or Unknown" --k
  314.7s turn 24
  319.4s   model reply: in 5433 + cached 48725, out 71 (+44 reasoning)
  319.4s   tool bash: node /kit/rag.mjs entry constraint_single_choice
  320.5s turn 25
  328.0s   model reply: in 54377 + cached 0, out 524 (+247 reasoning)
  328.0s   tool bash: cat << 'EOF' > /tmp/test_trans.md
Status: success
Mode: REQUEST

## BrainCode

```braincode
MODE REQUEST
ENTRYPOINT Conversation
CONVO Conversation {
  TURN t1 
  329.8s turn 26
  367.2s   model reply: in 2864 + cached 52756, out 4941 (+2776 reasoning)
  367.2s   tool bash: cat << 'EOF' > /tmp/test_trans.md
Status: success
Mode: REQUEST

## BrainCode

```braincode
MODE REQUEST
ENTRYPOINT Conversation
CONVO Conversation {
  TURN t1 
  369.3s turn 27
  377.8s   model reply: in 8613 + cached 52783, out 807 (+781 reasoning)
  377.8s   tool bash: node /kit/rag.mjs entry role_user user
  379.6s turn 28
  402.8s   model reply: in 5443 + cached 56831, out 3784 (+1026 reasoning)
  402.8s   tool bash: cat << 'EOF' > /tmp/test_trans.md
Status: success
Mode: REQUEST

## BrainCode

```braincode
MODE REQUEST
ENTRYPOINT Conversation
CONVO Conversation {
  TURN t1 
  403.1s turn 29
  422.0s   model reply: in 5985 + cached 60908, out 3079 (+346 reasoning)
  422.0s   tool write: /output/translation.md
  422.1s turn 30
  428.5s   model reply: in 5007 + cached 64969, out 53 (+23 reasoning)
  428.5s   tool bash: node /kit/rag.mjs check --translation /output/translation.md
  429.5s turn 31
  460.0s   model reply: in 48977 + cached 0, out 223 (+48 reasoning)
  460.2s agent finished
  460.2s agent finished
