    3.6s turn 1
   11.0s   model reply: in 3 + cached 0, out 546 (+335 reasoning)
   11.0s   tool bash: node /kit/rag.mjs search "agent gives step-by-step navigation directions turn left travel to location" "black end table located on wall across from couch" "keys
   11.0s   tool bash: node /kit/rag.mjs widen "turn left and go to the end table located on the wall across from couch" --kind action && node /kit/rag.mjs widen "place an object on t
   11.8s turn 2
   29.8s   model reply: in 3 + cached 27705, out 1630 (+1428 reasoning)
   29.8s   tool bash: node /kit/rag.mjs entry activity propose turn walk place spatial_state entity_sides left_of other_side_of on phone table keys vase living_room wall color_black
   29.8s   tool bash: node /kit/rag.mjs widen "agent tells someone to perform a specific action as an instruction" --kind speech_act && node /kit/rag.mjs widen "describe an entity wi
   30.7s turn 3
   33.3s   model reply: in 3 + cached 32806, out 172 (+33 reasoning)
   33.3s   tool bash: node /kit/rag.mjs entry spatial_constraint obligation subject face has_attribute in other_side_of minimum_per_period
   33.3s   tool bash: node /kit/rag.mjs widen "agent directs recipient to perform steps in numbered order" --kind speech_act && node /kit/rag.mjs search "describe action and its obje
   33.7s turn 4
   37.8s   model reply: in 3 + cached 38699, out 310 (+276 reasoning)
   37.8s   tool bash: node /kit/rag.mjs entry lexical_label sequence
   37.9s turn 5
   97.7s   model reply: in 3 + cached 41964, out 5816 (+5780 reasoning)
   97.7s   tool bash: node /kit/rag.mjs entry ask role_agent spatial_state
   97.9s turn 6
  101.7s   model reply: in 3 + cached 42760, out 216 (+160 reasoning)
  101.7s   tool bash: node /kit/rag.mjs widen "user commands agent to put keys on ottoman" --kind speech_act && node /kit/rag.mjs entry request
  102.0s turn 7
  143.7s   model reply: in 3 + cached 48764, out 4902 (+2714 reasoning)
  143.7s   tool write: /output/translation.md
  143.7s turn 8
  149.8s   model reply: in 3 + cached 50628, out 573 (+352 reasoning)
  149.8s   tool edit: /output/translation.md
  149.8s turn 9
  157.3s   model reply: in 3 + cached 55548, out 796 (+0 reasoning)
  157.3s   tool write: /output/suggestions.md
  157.3s turn 10
  170.1s   model reply: in 3 + cached 56145, out 983 (+880 reasoning)
  170.1s   tool bash: node /kit/rag.mjs check --translation /output/translation.md
  170.1s   tool bash: node /kit/rag.mjs search "agent tells a listener to carry out actions in specified sequence as a plan" "left side of phone orientation reference"
  170.4s turn 11
  179.9s   model reply: in 3 + cached 56959, out 581 (+479 reasoning)
  179.9s   tool edit: /output/translation.md
  179.9s turn 12
  183.4s   model reply: in 3 + cached 59098, out 245 (+44 reasoning)
  183.4s   tool edit: /output/translation.md
  183.4s turn 13
  186.3s   model reply: in 3 + cached 59721, out 50 (+12 reasoning)
  186.3s   tool bash: node /kit/rag.mjs check --translation /output/translation.md
  187.0s turn 14
  191.3s   model reply: in 3 + cached 59990, out 360 (+223 reasoning)
  191.3s   tool edit: /output/translation.md
  191.3s turn 15
  195.1s   model reply: in 3 + cached 60638, out 240 (+0 reasoning)
  195.1s   tool edit: /output/suggestions.md
  195.1s turn 16
  206.4s   model reply: in 3 + cached 61022, out 587 (+486 reasoning)
  206.4s   tool edit: /output/translation.md
  206.5s turn 17
  214.5s   model reply: in 3 + cached 61286, out 485 (+447 reasoning)
  214.5s   tool bash: node /kit/rag.mjs check --translation /output/translation.md
  214.6s turn 18
  223.9s   model reply: in 3 + cached 61897, out 852 (+682 reasoning)
  223.9s   tool edit: /output/translation.md
  223.9s turn 19
  226.9s   model reply: in 3 + cached 62980, out 109 (+52 reasoning)
  227.0s agent finished
  227.0s agent finished
