    1.9s turn 1
   12.7s   model reply: in 33458 + cached 0, out 1619 (+1578 reasoning)
   12.7s   tool bash: node /kit/rag.mjs search "genetics gene chromosome" "sequencing align align_reads" "copy number variation"
   12.9s turn 2
   16.7s   model reply: in 3417 + cached 32538, out 79 (+36 reasoning)
   16.7s   tool bash: grep -i -E "gene|bio|sequence|chromosome|ampli|align|variant|variation" /reference/glossary.md
   17.1s turn 3
   22.1s   model reply: in 5230 + cached 32530, out 203 (+160 reasoning)
   22.1s   tool bash: node /kit/rag.mjs entry attribute_claim has_attribute subject activity negation sequence conjunction possesses spatial_state spatial_constraint location_spec
   23.3s turn 4
   28.0s   model reply: in 3407 + cached 36591, out 83 (+43 reasoning)
   28.0s   tool bash: grep -E "\| (constructor|claim_relation|speech_act|link) \|" /reference/glossary.md
   28.2s turn 5
   32.6s   model reply: in 5343 + cached 36584, out 89 (+55 reasoning)
   32.6s   tool bash: grep -E "\| (claim_relation|link) \|" /reference/glossary.md
   32.6s turn 6
   36.2s   model reply: in 3313 + cached 40643, out 147 (+23 reasoning)
   36.2s   tool bash: python3 -c '
with open("/reference/glossary.md") as f:
    for line in f:
        parts = [p.strip() for p in line.split("|")]
        if len(parts) >= 4:
     
   36.2s turn 7
   40.0s   model reply: in 3502 + cached 40624, out 189 (+23 reasoning)
   40.0s   tool bash: node -e '
const fs = require("fs");
const lines = fs.readFileSync("/reference/glossary.md", "utf8").split("\n");
for (const line of lines) {
  const parts = lin
   40.3s turn 8
   44.2s   model reply: in 5432 + cached 40619, out 170 (+10 reasoning)
   44.2s   tool bash: node -e '
const fs = require("fs");
const lines = fs.readFileSync("/reference/glossary.md", "utf8").split("\n");
for (const line of lines) {
  const parts = lin
   44.4s turn 9
   48.4s   model reply: in 3314 + cached 44676, out 190 (+15 reasoning)
   48.4s   tool bash: node -e '
const fs = require("fs");
const lines = fs.readFileSync("/reference/glossary.md", "utf8").split("\n");
for (const line of lines) {
  const parts = lin
   48.4s turn 10
   56.5s   model reply: in 4239 + cached 44663, out 1057 (+1035 reasoning)
   56.5s   tool bash: node /kit/rag.mjs check
   56.6s turn 11
   76.7s   model reply: in 5323 + cached 44652, out 3487 (+3459 reasoning)
   76.7s   tool bash: node /kit/rag.mjs entry role_user role_agent
   76.9s turn 12
   80.5s   model reply: in 4835 + cached 48720, out 149 (+118 reasoning)
   80.5s   tool bash: node /kit/rag.mjs search "outside" "adjacent" "near"
   80.8s turn 13
   85.0s   model reply: in 5788 + cached 48708, out 98 (+13 reasoning)
   85.0s   tool bash: node -e '
const fs = require("fs");
const lines = fs.readFileSync("/reference/glossary.md", "utf8").split("\n");
for (const line of lines) {
  if (line.includes
   85.1s turn 14
  128.2s   model reply: in 2201 + cached 52750, out 8205 (+8158 reasoning)
  128.2s   tool bash: node -e '
const fs = require("fs");
// Let us test writing a minimal draft to /output/translation.md and running rag check
'
  128.2s turn 15
  158.5s   model reply: in 10362 + cached 52796, out 4149 (+2006 reasoning)
  158.5s   tool bash: cat << 'EOF' > /output/translation.md
Status: success
Mode: TRACE

## BrainCode

```braincode
MODE TRACE
ENTRYPOINT Conversation
CONVO Conversation {
  TURN t1 
  159.0s turn 16
  164.4s   model reply: in 7137 + cached 60936, out 409 (+371 reasoning)
  164.4s   tool bash: node -e '
const rag = require("/kit/rag.mjs");
' 2>&1 || true
  165.0s turn 17
  207.0s   model reply: in 3903 + cached 64985, out 8199 (+6059 reasoning)
  207.0s   tool write: /output/translation.md
  207.0s turn 18
  221.7s   model reply: in 62419 + cached 0, out 54 (+24 reasoning)
  221.7s   tool bash: node /kit/rag.mjs check --translation /output/translation.md
  222.5s turn 19
  226.9s   model reply: in 2218 + cached 61021, out 193 (+82 reasoning)
  227.0s agent finished
  227.0s agent finished
