    1.8s turn 1
    9.5s   model reply: in 13746 + cached 0, out 1009 (+992 reasoning)
    9.5s   tool bash: ls -la /
    9.5s turn 2
   12.0s   model reply: in 3448 + cached 12090, out 39 (+19 reasoning)
   12.0s   tool bash: ls -la /kit /reference
   12.0s turn 3
   14.3s   model reply: in 3878 + cached 12079, out 43 (+22 reasoning)
   14.3s   tool bash: cat /reference/examples.jsonl
   14.3s turn 4
   16.8s   model reply: in 5092 + cached 12078, out 51 (+33 reasoning)
   16.8s   tool bash: cat /prompt.md
   16.8s turn 5
   59.9s   model reply: in 0 + cached 0, out 0 (+0 reasoning)
   59.9s agent finished
   61.9s turn 6
  136.1s   model reply: in 17684 + cached 0, out 10955 (+10751 reasoning)
  136.1s   tool write: /output/reconstruction.md
  136.1s turn 7
  139.0s   model reply: in 12456 + cached 16188, out 45 (+25 reasoning)
  139.0s   tool read: /output/reconstruction.md
  139.0s turn 8
  142.4s   model reply: in 28867 + cached 0, out 40 (+13 reasoning)
  142.4s agent finished
  142.4s agent finished
