    2.1s turn 1
   12.2s   model reply: in 30588 + cached 0, out 1129 (+1063 reasoning)
   12.2s   tool bash: node /kit/rag.mjs search "attribute_claim" "has_property" "property" "quiet" "cold" "round" "blue" "green" "red" "big" "implication" "theory" "rule"
   12.8s turn 2
   19.0s   model reply: in 6578 + cached 28465, out 136 (+80 reasoning)
   19.0s   tool bash: node /kit/rag.mjs search "rule" "implies" "conditional" "if then" "for all" "all" "person" "quiet" "cold" "true false unknown"
   19.2s turn 3
   23.9s   model reply: in 5478 + cached 32531, out 94 (+54 reasoning)
   23.9s   tool bash: node /kit/rag.mjs entry attribute_claim conditional has_state statement requirement character_trait negation conjunction universal exists_in
   24.0s turn 4
   27.0s   model reply: in 2763 + cached 36586, out 84 (+46 reasoning)
   27.0s   tool bash: grep -E "^\| [a-z0-9_]+ \| constructor \|" /reference/glossary.md
   27.1s turn 5
   30.6s   model reply: in 4649 + cached 36580, out 71 (+27 reasoning)
   30.6s   tool bash: grep -E "^\| [a-z0-9_]+ \| (constructor|claim_relation) \|" /reference/glossary.md
   30.6s turn 6
   34.2s   model reply: in 2459 + cached 40637, out 64 (+24 reasoning)
   34.2s   tool bash: grep -E "^\| [a-z0-9_]+ \| claim_relation \|" /reference/glossary.md
   34.3s turn 7
   39.8s   model reply: in 4461 + cached 40632, out 87 (+54 reasoning)
   39.8s   tool bash: grep "proofwriter" /reference/examples.jsonl || echo "no proofwriter examples"
   39.8s turn 8
   42.9s   model reply: in 4571 + cached 40613, out 87 (+51 reasoning)
   42.9s   tool bash: node /kit/rag.mjs search "question" "theory" "logic" "property_question"
   43.0s turn 9
   46.6s   model reply: in 5796 + cached 40602, out 98 (+55 reasoning)
   46.6s   tool bash: node /kit/rag.mjs entry property_question possesses has_attribute attribute_claim has_state statement conditional character_trait requirement negation conjuncti
   46.7s turn 10
   51.0s   model reply: in 3345 + cached 44655, out 84 (+39 reasoning)
   51.0s   tool bash: grep -E "^\| [a-z0-9_]+ \| constructor \|" /reference/glossary.md | grep -i "property"
   51.0s turn 11
   54.5s   model reply: in 3665 + cached 44638, out 84 (+28 reasoning)
   54.5s   tool bash: grep -E "^\| [a-z0-9_]+ \| constructor \|" /reference/glossary.md | awk -F'|' '{print $2}' | tr -d ' '
   54.6s turn 12
   57.7s   model reply: in 4072 + cached 44621, out 67 (+9 reasoning)
   57.7s   tool bash: grep -E "^\| [a-z0-9_]+ \| claim_relation \|" /reference/glossary.md | awk -F'|' '{print $2}' | tr -d ' '
   57.8s turn 13
   68.2s   model reply: in 0 + cached 0, out 0 (+0 reasoning)
   68.2s agent finished
   70.2s turn 14
   83.0s   model reply: in 4381 + cached 44604, out 68 (+10 reasoning)
   83.0s   tool bash: grep -E "^\| [a-z0-9_]+ \| speech_act \|" /reference/glossary.md | awk -F'|' '{print $2}' | tr -d ' '
   83.0s turn 15
   86.5s   model reply: in 4495 + cached 44585, out 65 (+9 reasoning)
   86.5s   tool bash: grep -E "^\| [a-z0-9_]+ \| link \|" /reference/glossary.md | awk -F'|' '{print $2}' | tr -d ' '
   86.6s turn 16
   95.4s   model reply: in 4591 + cached 44566, out 884 (+844 reasoning)
   95.4s   tool bash: node /kit/rag.mjs entry attribute_claim has_attribute has_state statement lexical_label subject requirement conditional conjunction negation
   95.5s turn 17
  108.1s   model reply: in 3420 + cached 48626, out 1373 (+1343 reasoning)
  108.1s   tool bash: node /kit/rag.mjs widen "Bob is blue" --kind claim
  108.2s turn 18
  111.3s   model reply: in 5860 + cached 48630, out 58 (+24 reasoning)
  111.3s   tool bash: node /kit/rag.mjs widen "All green, big people are quiet." --kind claim
  111.5s turn 19
  121.8s   model reply: in 3207 + cached 52676, out 1013 (+974 reasoning)
  121.8s   tool bash: node /kit/rag.mjs widen "introduce a set of facts and rules as a theory" --kind speech_act
  121.9s turn 20
  126.6s   model reply: in 5479 + cached 52679, out 287 (+182 reasoning)
  126.6s   tool bash: node /kit/rag.mjs widen "ask whether a statement is True, False, or Unknown" --kind speech_act
node /kit/rag.mjs widen "base the answer only on the provided the
  127.4s turn 21
  133.4s   model reply: in 4919 + cached 56745, out 71 (+40 reasoning)
  133.4s   tool bash: node /kit/rag.mjs entry constraint_single_choice constraint_comprehensive
  133.5s turn 22
  143.7s   model reply: in 5297 + cached 56729, out 1181 (+1159 reasoning)
  143.7s   tool bash: node /kit/rag.mjs check
  143.8s turn 23
  156.4s   model reply: in 2450 + cached 60772, out 275 (+249 reasoning)
  156.4s   tool bash: node /kit/rag.mjs entry role_user user
  156.5s turn 24
  179.4s   model reply: in 2813 + cached 60755, out 1667 (+1582 reasoning)
  179.4s   tool bash: python3 -c '
import json
with open("/needs.json") as f:
    needs = json.load(f)
print("Number of needs:", len(needs["needs"]))
for n in needs["needs"]:
    pri
  179.4s turn 25
  196.2s   model reply: in 4506 + cached 60752, out 2627 (+696 reasoning)
  196.2s   tool write: /output/translation.md
  196.2s turn 26
  199.1s   model reply: in 3083 + cached 64806, out 53 (+23 reasoning)
  199.1s   tool bash: node /kit/rag.mjs check --translation /output/translation.md
  199.2s turn 27
  227.2s   model reply: in 3847 + cached 64794, out 4421 (+2488 reasoning)
  227.2s   tool write: /output/translation.md
  227.2s turn 28
  250.3s   model reply: in 52364 + cached 0, out 53 (+23 reasoning)
  250.3s   tool bash: node /kit/rag.mjs check --translation /output/translation.md
  250.8s turn 29
  267.2s   model reply: in 4427 + cached 48689, out 2402 (+424 reasoning)
  267.2s   tool write: /output/translation.md
  267.8s turn 30
  274.7s   model reply: in 55522 + cached 0, out 55 (+25 reasoning)
  274.7s   tool bash: node /kit/rag.mjs check --translation /output/translation.md
  275.7s turn 31
  282.5s   model reply: in 3546 + cached 52730, out 119 (+40 reasoning)
  282.5s agent finished
  282.5s agent finished
