    6.2s turn 1
   16.5s   model reply: in 3180 + cached 8025, out 1314 (+1297 reasoning)
   16.5s   tool bash: ls -la /
   16.7s turn 2
   19.5s   model reply: in 5250 + cached 8038, out 40 (+20 reasoning)
   19.5s   tool bash: ls -la /kit /reference
   19.8s turn 3
   22.9s   model reply: in 5678 + cached 8030, out 59 (+29 reasoning)
   22.9s   tool read: /reference/examples.jsonl
   23.2s turn 4
   26.0s   model reply: in 2889 + cached 12044, out 52 (+23 reasoning)
   26.0s   tool read: /kit/README.md
   26.2s turn 5
   39.2s   model reply: in 4100 + cached 12043, out 2160 (+2142 reasoning)
   39.2s   tool bash: ls -ld /output
   39.8s turn 6
  121.9s   model reply: in 18327 + cached 0, out 597 (+530 reasoning)
  121.9s   tool write: /output/reconstruction.md
  122.1s turn 7
  140.8s   model reply: in 2865 + cached 16064, out 51 (+21 reasoning)
  140.8s   tool read: /output/reconstruction.md
  140.8s turn 8
  144.6s   model reply: in 19017 + cached 0, out 27 (+12 reasoning)
  144.7s agent finished
  144.7s agent finished
