   17.3s turn 1
   23.5s   model reply: in 11207 + cached 0, out 711 (+683 reasoning)
   23.5s   tool bash: ls -la /output /kit 2>/dev/null || true
   23.6s turn 2
   26.2s   model reply: in 4123 + cached 8024, out 34 (+15 reasoning)
   26.2s   tool read: /kit/README.md
   26.3s turn 3
   28.6s   model reply: in 5318 + cached 8025, out 46 (+21 reasoning)
   28.6s   tool bash: ls -la / 2>/dev/null || true
   28.8s turn 4
   43.0s   model reply: in 2124 + cached 12034, out 33 (+16 reasoning)
   43.0s   tool read: /prompt.md
   43.1s turn 5
   54.8s   model reply: in 2638 + cached 12025, out 2049 (+1978 reasoning)
   54.8s   tool write: /output/reconstruction.md
   55.0s turn 6
   58.0s   model reply: in 4679 + cached 12038, out 55 (+35 reasoning)
   58.0s   tool read: /output/reconstruction.md
   58.2s turn 7
   60.4s   model reply: in 4793 + cached 12024, out 37 (+13 reasoning)
   60.4s agent finished
   60.4s agent finished
