    2.3s turn 1
    9.0s   model reply: in 25975 + cached 0, out 618 (+575 reasoning)
    9.0s   tool bash: node /kit/rag.mjs entry click web_element promotional_event location_spec associated_with requirement cat_limited_time_offers
    9.2s turn 2
   15.5s   model reply: in 3113 + cached 24350, out 100 (+61 reasoning)
   15.5s   tool bash: node /kit/rag.mjs search "property" "university" "promotions" "web element" "accommodation"
   15.7s turn 3
   22.2s   model reply: in 4654 + cached 24344, out 71 (+36 reasoning)
   22.2s   tool bash: node /kit/rag.mjs search "web_element" "click" "mind2web"
   22.4s turn 4
   25.3s   model reply: in 5631 + cached 24333, out 64 (+34 reasoning)
   25.3s   tool bash: node /kit/rag.mjs entry request ask inform user_preference requirement include
   25.5s turn 5
   33.6s   model reply: in 2238 + cached 28375, out 733 (+694 reasoning)
   33.6s   tool bash: node /kit/rag.mjs search "apply_filters" "filter" "promotions" "associated_with"
   33.8s turn 6
   37.5s   model reply: in 4206 + cached 28374, out 128 (+84 reasoning)
   37.5s   tool bash: node /kit/rag.mjs entry location_spec associated_with subject property_question cat_limited_time_offers promotional_event include requirement
   37.7s turn 7
   49.7s   model reply: in 5628 + cached 28368, out 1982 (+1959 reasoning)
   49.7s   tool bash: grep -rn "event" /kit /reference
   49.8s turn 8
   52.5s   model reply: in 5828 + cached 32440, out 57 (+35 reasoning)
   52.5s   tool bash: node /kit/rag.mjs check
   52.6s turn 9
   59.9s   model reply: in 5919 + cached 32422, out 926 (+889 reasoning)
   59.9s   tool bash: node /kit/rag.mjs search "properties" "promotions" "universities" "sydney"
   60.0s turn 10
   63.3s   model reply: in 3919 + cached 36475, out 55 (+27 reasoning)
   63.3s   tool bash: node /kit/rag.mjs widen "display properties with promotions"
   64.7s turn 11
   68.8s   model reply: in 6247 + cached 36478, out 219 (+196 reasoning)
   68.8s   tool bash: grep -rn "request(" /reference /kit
   68.9s turn 12
   71.8s   model reply: in 3010 + cached 40518, out 55 (+34 reasoning)
   71.8s   tool bash: cat /reference/examples.jsonl
   71.8s turn 13
   82.7s   model reply: in 4242 + cached 40511, out 1749 (+1707 reasoning)
   82.7s   tool bash: node /kit/rag.mjs search "accommodation" "student accommodation" "housing" "real estate" "apartment" "rental"
   82.8s turn 14
   86.0s   model reply: in 3582 + cached 44576, out 55 (+22 reasoning)
   86.0s   tool bash: node /kit/rag.mjs entry topic_current_new_york_housing_market
   86.2s turn 15
   95.1s   model reply: in 3822 + cached 44558, out 1195 (+316 reasoning)
   95.1s   tool write: /output/translation.md
   95.1s turn 16
   98.0s   model reply: in 5032 + cached 44547, out 54 (+24 reasoning)
   98.0s   tool bash: node /kit/rag.mjs check --translation /output/translation.md
   98.1s turn 17
  102.2s   model reply: in 5367 + cached 44531, out 334 (+306 reasoning)
  102.2s   tool bash: node /kit/rag.mjs widen "Properties or student accommodations"
  102.4s turn 18
  106.2s   model reply: in 3414 + cached 48582, out 261 (+235 reasoning)
  106.2s   tool bash: grep -n "DECL" /kit/rag.mjs
  106.2s turn 19
  108.9s   model reply: in 3703 + cached 48564, out 64 (+33 reasoning)
  108.9s   tool bash: grep -n -C 5 "Coverage check" /kit/rag.mjs
  109.0s turn 20
  111.9s   model reply: in 3796 + cached 48545, out 50 (+28 reasoning)
  111.9s   tool bash: grep -rn "check" /kit/
  111.9s turn 21
  123.0s   model reply: in 4333 + cached 48531, out 845 (+803 reasoning)
  123.0s   tool bash: node /kit/rag.mjs search "student accommodation" "property" "properties" "dormitory" "campus" "housing"
  123.2s turn 22
  133.0s   model reply: in 2779 + cached 52585, out 1643 (+745 reasoning)
  133.0s   tool write: /output/translation.md
  133.1s turn 23
  135.9s   model reply: in 4431 + cached 52580, out 53 (+23 reasoning)
  135.9s   tool bash: node /kit/rag.mjs check --translation /output/translation.md
  136.1s turn 24
  151.7s   model reply: in 4772 + cached 52564, out 2810 (+2780 reasoning)
  151.7s   tool bash: node /kit/rag.mjs check --translation /output/translation.md
  151.8s turn 25
  158.7s   model reply: in 3794 + cached 56624, out 960 (+62 reasoning)
  158.7s   tool write: /output/translation.md
  158.8s turn 26
  161.9s   model reply: in 4771 + cached 56611, out 53 (+23 reasoning)
  161.9s   tool bash: node /kit/rag.mjs check --translation /output/translation.md
  162.0s turn 27
  167.4s   model reply: in 5112 + cached 56595, out 447 (+404 reasoning)
  167.4s agent finished
  167.4s agent finished
