    2.0s turn 1
    9.9s   model reply: in 29659 + cached 0, out 1001 (+960 reasoning)
    9.9s   tool bash: node /kit/rag.mjs search "destination" "parents" "adventure" "cost estimate" "accommodation" "hotel"
   10.0s turn 2
   13.3s   model reply: in 3845 + cached 28448, out 127 (+86 reasoning)
   13.3s   tool bash: node /kit/rag.mjs entry location_spec rate measure requirement group_size activity recommended provides at_most time_point duration
   13.5s turn 3
   16.1s   model reply: in 5968 + cached 28443, out 83 (+54 reasoning)
   16.1s   tool bash: node /kit/rag.mjs entry ask propose offer inform respond user agent
   16.2s turn 4
   23.5s   model reply: in 2375 + cached 32490, out 875 (+829 reasoning)
   23.5s   tool bash: node /kit/rag.mjs search "parents" "itinerary" "July" "accommodation" "Rome" "Tuscany" "Amalfi"
   23.6s turn 5
   26.7s   model reply: in 5219 + cached 32492, out 73 (+45 reasoning)
   26.7s   tool bash: grep -E "\| constructor \|" /reference/glossary.md
   26.8s turn 6
   29.7s   model reply: in 3032 + cached 36548, out 83 (+14 reasoning)
   29.7s   tool bash: grep -E "\| constructor \|" /reference/glossary.md | grep -E "\| (duration|group_size|location_spec|measure|minimum_per_period|obligation|rate|requirement|subje
   29.8s turn 7
   32.5s   model reply: in 3998 + cached 36535, out 65 (+22 reasoning)
   32.5s   tool bash: grep -E "\| (itinerary|travel|trip|hotel|cost|budget|recommend|adventure)" /reference/glossary.md
   32.5s turn 8
   35.1s   model reply: in 4124 + cached 36517, out 40 (+10 reasoning)
   35.1s   tool bash: grep -E "\| claim_relation \|" /reference/glossary.md
   35.1s turn 9
   37.6s   model reply: in 2043 + cached 40571, out 37 (+9 reasoning)
   37.6s   tool bash: grep -E "\| link \|" /reference/glossary.md
   37.7s turn 10
   42.5s   model reply: in 2317 + cached 40553, out 298 (+267 reasoning)
   42.5s   tool bash: node /kit/rag.mjs search "planning a trip" "plan travel"
   42.7s turn 11
   46.7s   model reply: in 3216 + cached 40541, out 267 (+232 reasoning)
   46.7s   tool bash: node /kit/rag.mjs entry has_goal attribute_claim topic_guidance temporal_context
   47.0s turn 12
   49.8s   model reply: in 4201 + cached 40530, out 53 (+23 reasoning)
   49.8s   tool bash: grep -E "\| speech_act \|" /reference/glossary.md
   49.9s turn 13
   62.3s   model reply: in 4743 + cached 40515, out 1949 (+1919 reasoning)
   62.3s   tool bash: grep -E "\| (role_|recipient)" /reference/glossary.md
   62.4s turn 14
   65.7s   model reply: in 3302 + cached 44573, out 134 (+100 reasoning)
   65.7s   tool bash: grep -E "\| (style|style-value) \|" /reference/glossary.md
   65.8s turn 15
   69.4s   model reply: in 3633 + cached 44556, out 178 (+135 reasoning)
   69.4s   tool bash: node /kit/rag.mjs search "art_itinerary" "requirement" "content_kyoto_itinerary" "duration"
   69.5s turn 16
   75.5s   model reply: in 5175 + cached 44552, out 454 (+422 reasoning)
   75.5s   tool bash: node /kit/rag.mjs search "planning a trip" --kind speech_act
   75.6s turn 17
   83.6s   model reply: in 5919 + cached 44540, out 832 (+802 reasoning)
   83.6s   tool bash: node /kit/rag.mjs search "property_question" "question"
   84.0s turn 18
   88.0s   model reply: in 51899 + cached 0, out 43 (+18 reasoning)
   88.0s   tool bash: node /kit/rag.mjs entry property_question
   88.1s turn 19
   90.0s   model reply: in 0 + cached 0, out 0 (+0 reasoning)
   90.1s agent finished
   92.1s turn 20
  105.7s   model reply: in 0 + cached 0, out 0 (+0 reasoning)
  105.7s agent finished
  109.7s turn 21
  136.3s   model reply: in 0 + cached 0, out 0 (+0 reasoning)
  136.3s agent finished
  144.3s turn 22
  209.3s   model reply: in 3506 + cached 48566, out 1000 (+968 reasoning)
  209.3s   tool bash: node /kit/rag.mjs search "early july this year" "july"
  209.4s turn 23
  224.3s   model reply: in 5134 + cached 48564, out 81 (+52 reasoning)
  224.3s   tool bash: node /kit/rag.mjs entry time_point temporal_context duration
  224.5s turn 24
  235.5s   model reply: in 5589 + cached 48549, out 606 (+573 reasoning)
  235.5s   tool bash: node /kit/rag.mjs search "vibe" "adventure" "travel style"
  235.7s turn 25
  252.7s   model reply: in 2997 + cached 52591, out 1271 (+1236 reasoning)
  252.7s   tool bash: node /kit/rag.mjs search "hot" "crowded" "expensive" "comfortable"
  252.8s turn 26
  261.2s   model reply: in 5410 + cached 52598, out 84 (+61 reasoning)
  261.2s   tool bash: node /kit/rag.mjs entry comfortable
  261.3s turn 27
  294.9s   model reply: in 5576 + cached 52580, out 5462 (+3546 reasoning)
  294.9s   tool write: /output/translation.md
  294.9s turn 28
  300.6s   model reply: in 6959 + cached 56663, out 54 (+24 reasoning)
  300.6s   tool bash: node /kit/rag.mjs check --translation /output/translation.md
  300.9s turn 29
  331.5s   model reply: in 3457 + cached 60696, out 5356 (+3358 reasoning)
  331.5s   tool write: /output/translation.md
  331.5s turn 30
  335.2s   model reply: in 8783 + cached 60730, out 55 (+25 reasoning)
  335.2s   tool bash: node /kit/rag.mjs check --translation /output/translation.md
  335.4s turn 31
  349.2s   model reply: in 55409 + cached 0, out 78 (+41 reasoning)
  349.2s agent finished
  349.2s agent finished
