    2.4s turn 1
   26.9s   model reply: in 2091 + cached 0, out 3962 (+3913 reasoning)
   26.9s   tool bash: python3 -c "
with open('/trajectory.txt', 'r') as f:
    text = f.read()
print(repr(text))
"
   26.9s turn 2
   29.5s   model reply: in 6076 + cached 0, out 66 (+12 reasoning)
   29.5s   tool bash: node -e "
const fs = require('fs');
const s = fs.readFileSync('/trajectory.txt', 'utf8');
console.log(JSON.stringify(s));
"
   29.5s turn 3
  100.2s   model reply: in 6652 + cached 0, out 12600 (+12523 reasoning)
  100.2s   tool bash: node -e "
const fs = require('fs');
const s = fs.readFileSync('/trajectory.txt', 'utf8');
const lines = s.split(/\r?\n/);
lines.forEach((l, i) => console.log(i 
  100.2s turn 4
  123.5s   model reply: in 19767 + cached 0, out 3952 (+3015 reasoning)
  123.5s   tool bash: node -e "
const fs = require('fs');
fs.mkdirSync('/output', { recursive: true });

const text = \`<|user|>מה אתה חושב על ההתנהגות האחרונה של Justin Bieber?<|ass
  123.5s turn 5
  127.0s   model reply: in 23722 + cached 0, out 33 (+14 reasoning)
  127.0s   tool read: /output/translation.md
  127.0s turn 6
  131.0s   model reply: in 20589 + cached 4039, out 219 (+206 reasoning)
  131.1s agent finished
  131.1s agent finished
