    2.6s turn 1
    9.2s   model reply: in 32894 + cached 0, out 548 (+504 reasoning)
    9.2s   tool bash: node /kit/rag.mjs search "eats" "likes" "visits" "young" "nice" "round" "blue"
    9.5s turn 2
   12.7s   model reply: in 2878 + cached 32534, out 87 (+46 reasoning)
   12.7s   tool bash: node /kit/rag.mjs search "activity" "attribute" "implication" "conditional" "if" "rule"
   13.0s turn 3
   16.0s   model reply: in 0 + cached 0, out 0 (+0 reasoning)
   16.0s agent finished
   18.0s turn 4
   31.7s   model reply: in 0 + cached 0, out 0 (+0 reasoning)
   31.7s agent finished
   35.7s turn 5
   47.6s   model reply: in 0 + cached 0, out 0 (+0 reasoning)
   47.6s agent finished
   55.6s turn 6
   78.2s   model reply: in 0 + cached 0, out 0 (+0 reasoning)
   78.2s agent finished
   94.2s turn 7
  177.3s   model reply: in 37219 + cached 0, out 101 (+59 reasoning)
  177.3s   tool bash: node /kit/rag.mjs entry conditional has_attribute attribute_claim statement activity negation conjunction character_trait leads_to reason_for
  177.5s turn 8
  209.0s   model reply: in 38968 + cached 0, out 105 (+62 reasoning)
  209.0s   tool bash: node /kit/rag.mjs search "entity" "property" "question" "theory" "someone" "truth" "unknown"
  209.5s turn 9
  233.5s   model reply: in 4413 + cached 36578, out 55 (+27 reasoning)
  233.5s   tool bash: node /kit/rag.mjs entry property_question change_property
  233.6s turn 10
  237.5s   model reply: in 4685 + cached 36560, out 73 (+33 reasoning)
  237.5s   tool bash: grep -E "^\| [a-zA-Z0-9_]+ \| constructor \|" /reference/glossary.md
  237.6s turn 11
  263.3s   model reply: in 2497 + cached 40617, out 59 (+17 reasoning)
  263.3s   tool bash: grep -E "^\| [a-zA-Z0-9_]+ \| claim_relation \|" /reference/glossary.md
  263.4s turn 12
  293.1s   model reply: in 4494 + cached 40612, out 1193 (+1162 reasoning)
  293.1s   tool bash: grep -i "proofwriter" /reference/* 2>/dev/null || true
  293.4s turn 13
  312.2s   model reply: in 5700 + cached 40602, out 29 (+12 reasoning)
  312.2s   tool bash: ls /reference/
  312.2s turn 14
  315.7s   model reply: in 5777 + cached 40583, out 76 (+48 reasoning)
  315.7s   tool bash: grep -n "conditional" /reference/examples.jsonl || true
  316.0s turn 15
  319.9s   model reply: in 5874 + cached 40565, out 57 (+29 reasoning)
  319.9s   tool bash: grep -n "statement" /reference/examples.jsonl || true
  320.5s turn 16
  336.0s   model reply: in 5953 + cached 40546, out 39 (+18 reasoning)
  336.0s   tool bash: cat /reference/examples.jsonl
  336.0s turn 17
  343.3s   model reply: in 3116 + cached 44592, out 232 (+74 reasoning)
  343.4s   tool bash: node -e '
const fs = require("fs");
const lines = fs.readFileSync("/reference/glossary.jsonl", "utf8").trim().split("\n").map(JSON.parse);
const symbols = ["sta
  343.4s turn 18
  351.9s   model reply: in 4825 + cached 44588, out 248 (+87 reasoning)
  351.9s   tool bash: node -e '
const fs = require("fs");
const lines = fs.readFileSync("/reference/glossary.jsonl", "utf8").trim().split("\n").map(JSON.parse);
const matches = lines
  352.2s turn 19
  370.2s   model reply: in 2280 + cached 48636, out 2474 (+1713 reasoning)
  370.2s   tool bash: cat << 'EOF' > /tmp/test_draft.md
Status: success
Mode: REQUEST

## BrainCode

```braincode
MODE REQUEST
ENTRYPOINT Conversation
CONVO Conversation {
  TURN t1 
  370.4s turn 20
  391.3s   model reply: in 5700 + cached 48648, out 1186 (+1154 reasoning)
  391.3s   tool bash: grep -n -C 5 "character_trait" /reference/glossary.md
  391.5s turn 21
  397.1s   model reply: in 4664 + cached 52711, out 230 (+78 reasoning)
  397.1s   tool bash: node -e '
const fs = require("fs");
const lines = fs.readFileSync("/reference/glossary.jsonl", "utf8").trim().split("\n").map(JSON.parse);
const interesting = l
  397.5s turn 22
  409.3s   model reply: in 5279 + cached 52697, out 1466 (+1367 reasoning)
  409.3s   tool bash: node -e '
const fs = require("fs");
const needs = JSON.parse(fs.readFileSync("/needs.json", "utf8"));
for (const n of needs) {
  console.log(n.id, n.kind, n.sou
  409.4s turn 23
  448.1s   model reply: in 2879 + cached 56746, out 7403 (+4453 reasoning)
  448.1s   tool bash: cat << 'EOF' > /tmp/test_full.md
Status: success
Mode: REQUEST

## BrainCode

```braincode
MODE REQUEST
ENTRYPOINT Conversation
CONVO Conversation {
  TURN t1 S
  449.8s turn 24
  459.0s   model reply: in 67920 + cached 0, out 701 (+628 reasoning)
  459.0s   tool bash: node -e '
const fs = require("fs");
const rag = fs.readFileSync("/kit/rag.mjs", "utf8");
console.log(rag.slice(rag.indexOf("DECL"), rag.indexOf("DECL") + 400));
  459.5s turn 25
  464.6s   model reply: in 3721 + cached 64900, out 53 (+23 reasoning)
  464.7s   tool bash: grep -n -C 5 "DECL" /kit/rag.mjs
  464.9s turn 26
  469.1s   model reply: in 3804 + cached 64880, out 49 (+15 reasoning)
  469.1s   tool bash: grep -rn "Coverage check" /kit/ /usr/ 2>/dev/null || true
  469.4s turn 27
  473.2s   model reply: in 3876 + cached 64860, out 95 (+38 reasoning)
  473.2s   tool bash: node -e '
const fs = require("fs");
console.log(fs.readFileSync("/kit/rag.mjs", "utf8").slice(0, 1000));
'
  473.7s turn 28
  494.9s   model reply: in 4259 + cached 64843, out 3412 (+456 reasoning)
  494.9s   tool bash: cat << 'EOF' > /tmp/test_single_choice.md
Status: success
Mode: REQUEST

## BrainCode

```braincode
MODE REQUEST
ENTRYPOINT Conversation
CONVO Conversation {
  
  497.2s turn 29
  532.9s   model reply: in 52984 + cached 0, out 4418 (+1402 reasoning)
  532.9s   tool write: /output/translation.md
  532.9s turn 30
  563.5s   model reply: in 4578 + cached 52828, out 46 (+16 reasoning)
  563.5s   tool bash: node /kit/rag.mjs check --translation /output/translation.md
  563.7s turn 31
  610.1s   model reply: in 5563 + cached 52815, out 832 (+441 reasoning)
  610.1s   tool edit: /output/translation.md
  610.1s turn 32
  620.6s   model reply: in 2361 + cached 56854, out 65 (+35 reasoning)
  620.6s   tool bash: node /kit/rag.mjs check --translation /output/translation.md
  620.8s turn 33
  626.2s   model reply: in 3365 + cached 56841, out 223 (+10 reasoning)
  626.2s agent finished
  626.2s agent finished
