    2.2s turn 1
    9.0s   model reply: in 31813 + cached 0, out 566 (+520 reasoning)
    9.0s   tool bash: node /kit/rag.mjs search "likes" "sees" "visits" "young" "nice" "round" "blue" "theory"
    9.2s turn 2
   17.6s   model reply: in 6137 + cached 28463, out 99 (+44 reasoning)
   17.6s   tool bash: node /kit/rag.mjs search "attribute_claim" "statement" "character_trait" "possesses" "has_state" "conditional" "conjunction" "negation"
   17.8s turn 3
   21.4s   model reply: in 4813 + cached 32527, out 94 (+53 reasoning)
   21.4s   tool bash: node /kit/rag.mjs entry activity character_trait attribute_claim statement conditional conjunction negation possesses has_attribute requirement property_questio
   21.5s turn 4
   27.7s   model reply: in 2838 + cached 36587, out 99 (+55 reasoning)
   27.7s   tool bash: node /kit/rag.mjs search "question" "truth value" "True, False, or Unknown" "based only on the theory"
   27.8s turn 5
   31.1s   model reply: in 32457 + cached 8127, out 86 (+43 reasoning)
   31.1s   tool bash: grep -i -E "proof|logic|theory|truth|eval|premise|question|statement" /reference/glossary.md
   31.2s turn 6
   37.9s   model reply: in 5997 + cached 36570, out 247 (+224 reasoning)
   37.9s   tool bash: node /kit/rag.mjs entry activity
   38.1s turn 7
   47.4s   model reply: in 2815 + cached 40619, out 1246 (+1202 reasoning)
   47.4s   tool bash: node /kit/rag.mjs search "character_trait" "attribute_claim" "lexical_label" "constraint_respectful"
   47.6s turn 8
   51.0s   model reply: in 5581 + cached 40620, out 91 (+42 reasoning)
   51.0s   tool bash: node /kit/rag.mjs search "perceived_as" "example_of" "important" "motivated_by" "leads_to" "causes"
   51.2s turn 9
   68.3s   model reply: in 48123 + cached 0, out 2358 (+2157 reasoning)
   68.3s   tool bash: node /kit/rag.mjs widen "introduce a set of premises or a theory" --kind speech_act
node /kit/rag.mjs widen "the bald eagle is young" --kind claim
node /kit/rag
   69.7s turn 10
   76.6s   model reply: in 9112 + cached 44698, out 541 (+501 reasoning)
   76.6s   tool bash: grep -E "^\| [a-zA-Z0-9_]+ \| constructor \|" /reference/glossary.md
   76.7s turn 11
   80.2s   model reply: in 3325 + cached 52822, out 83 (+39 reasoning)
   80.2s   tool bash: grep -E "^\| [e-z][a-zA-Z0-9_]+ \| constructor \|" /reference/glossary.md
   80.3s turn 12
   83.6s   model reply: in 5181 + cached 52816, out 59 (+17 reasoning)
   83.6s   tool bash: grep -E "^\| [a-zA-Z0-9_]+ \| claim_relation \|" /reference/glossary.md
   83.7s turn 13
   87.0s   model reply: in 3116 + cached 56873, out 72 (+26 reasoning)
   87.0s   tool bash: grep -E "^\| [m-z][a-zA-Z0-9_]+ \| claim_relation \|" /reference/glossary.md
   87.1s turn 14
   91.0s   model reply: in 5073 + cached 56868, out 170 (+142 reasoning)
   91.0s   tool bash: node /kit/rag.mjs entry animal_label color_label
   91.2s turn 15
   95.8s   model reply: in 5454 + cached 56851, out 174 (+125 reasoning)
   95.8s   tool bash: node /kit/rag.mjs entry animal_label::bald_eagle animal_label::cat animal_label::cow animal_label::bear color_label::blue
   95.9s turn 16
  100.1s   model reply: in 2118 + cached 60896, out 157 (+130 reasoning)
  100.1s   tool bash: node /kit/rag.mjs entry animal_label::eagle
  100.2s turn 17
  116.2s   model reply: in 2394 + cached 60878, out 2287 (+2261 reasoning)
  116.2s   tool bash: grep -i "shape" /reference/glossary.md
  116.2s turn 18
  124.2s   model reply: in 5096 + cached 60880, out 834 (+794 reasoning)
  124.2s   tool bash: grep -E "^\| [a-zA-Z0-9_]+ \| constructor \|" /reference/glossary.md
  124.2s turn 19
  128.1s   model reply: in 3665 + cached 64941, out 67 (+23 reasoning)
  128.1s   tool bash: grep -E "^\| [p-z][a-zA-Z0-9_]+ \| constructor \|" /reference/glossary.md
  128.1s turn 20
  138.6s   model reply: in 44894 + cached 0, out 60 (+16 reasoning)
  138.6s   tool bash: grep -E "^\| [e-o][a-zA-Z0-9_]+ \| constructor \|" /reference/glossary.md
  138.7s turn 21
  145.2s   model reply: in 2075 + cached 44645, out 303 (+271 reasoning)
  145.2s   tool bash: node /kit/rag.mjs widen "the bald eagle is young" --kind claim
  145.5s turn 22
  149.2s   model reply: in 3770 + cached 44639, out 129 (+93 reasoning)
  149.2s   tool bash: node /kit/rag.mjs entry attribute_claim has_attribute character_trait statement activity conditional conjunction negation
  149.4s turn 23
  161.7s   model reply: in 5349 + cached 44632, out 1475 (+1427 reasoning)
  161.7s   tool bash: node /kit/rag.mjs search "base answer only on theory" "True, False, or Unknown" "single choice" "theory" "premise"
  161.8s turn 24
  165.8s   model reply: in 4115 + cached 48694, out 125 (+90 reasoning)
  165.8s   tool bash: node /kit/rag.mjs widen "base the answer only on the provided theory" --kind constraint
  165.9s turn 25
  178.6s   model reply: in 2039 + cached 52749, out 2030 (+2001 reasoning)
  178.6s   tool bash: node /kit/rag.mjs entry animal_label::baldeagle
  178.7s turn 26
  183.3s   model reply: in 4174 + cached 52747, out 246 (+220 reasoning)
  183.3s   tool bash: grep -i "role_" /reference/glossary.md
  183.4s turn 27
  193.8s   model reply: in 5498 + cached 52739, out 1328 (+1272 reasoning)
  193.8s   tool bash: grep -E "^\| [a-zA-Z0-9_]+ \| constructor \|" /reference/glossary.md | grep -iE "property|trait|attribute|state|shape"
  193.9s turn 28
  210.0s   model reply: in 3787 + cached 56796, out 2804 (+322 reasoning)
  210.0s   tool write: /output/translation.md
  210.0s turn 29
  214.0s   model reply: in 6594 + cached 56797, out 53 (+23 reasoning)
  214.0s   tool bash: node /kit/rag.mjs check --translation /output/translation.md
  214.2s turn 30
  222.3s   model reply: in 3728 + cached 60844, out 811 (+778 reasoning)
  222.3s   tool bash: node /kit/rag.mjs search "if then" "reasoning" "then"
  222.5s turn 31
  227.2s   model reply: in 5435 + cached 60839, out 236 (+195 reasoning)
  227.2s   tool bash: node /kit/rag.mjs widen "if someone sees the bald eagle, then the bald eagle sees the cow" --kind reasoning
  227.5s turn 32
  232.3s   model reply: in 3506 + cached 64894, out 139 (+103 reasoning)
  232.3s   tool bash: node /kit/rag.mjs widen "answer must be True, False, or Unknown" --kind constraint
  232.5s turn 33
  238.1s   model reply: in 5161 + cached 64889, out 331 (+165 reasoning)
  238.1s   tool edit: /output/translation.md
  238.1s turn 34
  250.7s   model reply: in 52989 + cached 0, out 53 (+23 reasoning)
  250.7s   tool bash: node /kit/rag.mjs check --translation /output/translation.md
  250.9s turn 35
  269.5s   model reply: in 5490 + cached 48686, out 2527 (+2502 reasoning)
  269.5s   tool bash: node /kit/rag.mjs entry attribute_claim
  269.6s turn 36
  276.8s   model reply: in 57053 + cached 0, out 523 (+498 reasoning)
  276.8s   tool bash: node /kit/rag.mjs entry color_label
  276.9s turn 37
  283.6s   model reply: in 4943 + cached 52734, out 87 (+62 reasoning)
  283.6s   tool bash: node /kit/rag.mjs entry lexical_label
  283.8s turn 38
  293.0s   model reply: in 5515 + cached 52719, out 1089 (+458 reasoning)
  293.0s   tool edit: /output/translation.md
  293.1s turn 39
  296.2s   model reply: in 2573 + cached 56739, out 53 (+23 reasoning)
  296.2s   tool bash: node /kit/rag.mjs check --translation /output/translation.md
  296.3s turn 40
  303.2s   model reply: in 0 + cached 0, out 0 (+0 reasoning)
  303.2s agent finished
  305.2s turn 41
  318.8s   model reply: in 0 + cached 0, out 0 (+0 reasoning)
  318.8s agent finished
  322.8s turn 42
  349.9s   model reply: in 0 + cached 0, out 0 (+0 reasoning)
  349.9s agent finished
  357.9s turn 43
  461.5s   model reply: in 60499 + cached 0, out 2903 (+394 reasoning)
  461.5s   tool write: /output/translation.md
  461.5s turn 44
  500.5s   model reply: in 6671 + cached 56735, out 58 (+28 reasoning)
  500.5s   tool bash: node /kit/rag.mjs check --translation /output/translation.md
  500.6s turn 45
  525.1s   model reply: in 3819 + cached 60779, out 65 (+31 reasoning)
  525.1s agent finished
  525.1s agent finished
