    1.8s turn 1
    9.7s   model reply: in 12763 + cached 0, out 880 (+852 reasoning)
    9.7s   tool bash: ls -la /kit /output 2>/dev/null || true
    9.8s turn 2
   13.0s   model reply: in 5827 + cached 8044, out 49 (+24 reasoning)
   13.0s   tool bash: node /kit/rag.mjs --help || true
   13.1s turn 3
   27.8s   model reply: in 5919 + cached 8033, out 1983 (+1951 reasoning)
   27.8s   tool bash: grep -rn "thoughttrace" /kit /attach 2>/dev/null || true
   27.9s turn 4
   31.0s   model reply: in 3876 + cached 12062, out 52 (+31 reasoning)
   31.0s   tool bash: cat /kit/rag.mjs
   31.1s turn 5
   34.5s   model reply: in 5456 + cached 12067, out 38 (+14 reasoning)
   34.5s   tool bash: node /kit/rag.mjs health || true
   34.7s turn 6
   40.1s   model reply: in 5603 + cached 12047, out 127 (+80 reasoning)
   40.1s   tool bash: node /kit/rag.mjs entry cat_game activity ask failure offer offer_help property_question indicator conjunction enables express_interest role_agent role_user
   40.4s turn 7
   43.6s   model reply: in 3370 + cached 16074, out 67 (+32 reasoning)
   43.6s   tool bash: node /kit/rag.mjs search "cat_game" "tailor_solution" || true
   43.8s turn 8
   70.8s   model reply: in 4085 + cached 16068, out 3647 (+3558 reasoning)
   70.8s   tool write: /output/reconstruction.md
   70.8s turn 9
   74.0s   model reply: in 3682 + cached 20123, out 56 (+36 reasoning)
   74.0s   tool read: /output/reconstruction.md
   74.1s turn 10
   78.4s   model reply: in 3818 + cached 20106, out 57 (+31 reasoning)
   78.4s agent finished
   78.4s agent finished
