    1.6s turn 1
   23.5s   model reply: in 13515 + cached 0, out 3723 (+3707 reasoning)
   23.5s   tool bash: ls -la
   23.5s turn 2
   26.5s   model reply: in 5182 + cached 12110, out 60 (+32 reasoning)
   26.5s   tool bash: ls -la /kit/ /output/ 2>/dev/null
   26.5s turn 3
   34.5s   model reply: in 5483 + cached 12098, out 43 (+24 reasoning)
   34.5s   tool read: /kit/README.md
   34.5s turn 4
   37.8s   model reply: in 18786 + cached 0, out 55 (+32 reasoning)
   37.8s   tool bash: ls -la / 2>/dev/null
   37.8s turn 5
   40.7s   model reply: in 3503 + cached 16121, out 29 (+12 reasoning)
   40.7s   tool read: /prompt.md
   40.7s turn 6
   73.9s   model reply: in 4006 + cached 16110, out 5730 (+5522 reasoning)
   73.9s   tool write: /output/reconstruction.md
   73.9s turn 7
   77.3s   model reply: in 9697 + cached 16154, out 54 (+34 reasoning)
   77.3s   tool read: /output/reconstruction.md
   77.3s turn 8
   80.3s   model reply: in 5909 + cached 20178, out 43 (+17 reasoning)
   80.3s agent finished
   80.3s agent finished
