    1.5s turn 1
    8.9s   model reply: in 27780 + cached 0, out 1097 (+1058 reasoning)
    8.9s   tool bash: node /kit/rag.mjs search "marriage" "institution" "partnership" "romantic partner" "outdated"
    9.0s turn 2
   12.0s   model reply: in 5895 + cached 24371, out 78 (+32 reasoning)
   12.0s   tool bash: node /kit/rag.mjs search "marriage" "relationship" "opinion" "debate" "controversy" "evolution" "disagree"
   12.2s turn 3
   15.4s   model reply: in 3813 + cached 28428, out 114 (+73 reasoning)
   15.4s   tool bash: node /kit/rag.mjs entry attitude beliefs opposes controversial varies_with enables important argues_for contrast property_question personal_values
   15.5s turn 4
   20.4s   model reply: in 4979 + cached 28418, out 475 (+337 reasoning)
   20.4s   tool bash: node /kit/rag.mjs widen "how important the assistant considers marriage to be" --kind speech_act
node /kit/rag.mjs widen "marriage as an institution and relatio
   21.7s turn 5
   27.2s   model reply: in 4635 + cached 32487, out 401 (+284 reasoning)
   27.2s   tool bash: node /kit/rag.mjs widen "ask for clarification on what types of partners were meant" --kind speech_act
node /kit/rag.mjs widen "referring broadly to any romanti
   27.9s turn 6
   31.6s   model reply: in 4282 + cached 36557, out 190 (+49 reasoning)
   31.6s   tool bash: node /kit/rag.mjs widen "assistant lacks personal opinions on whether marriage is outdated" --kind negation
node /kit/rag.mjs widen "valid arguments exist suppo
   32.5s turn 7
   35.9s   model reply: in 3696 + cached 40626, out 111 (+65 reasoning)
   35.9s   tool bash: node /kit/rag.mjs search "marriage" "institution" "fulfillment" "happiness" "outdated" "evolve" "disagree"
   36.1s turn 8
   39.4s   model reply: in 5719 + cached 40621, out 112 (+46 reasoning)
   39.4s   tool bash: grep -E "^\| (topic_|interpersonal_|attitude|important|controversial|varies_|temporal_|designed_to_be|meets_needs|well_wishes|gender_identity|personal_values)" 
   39.5s turn 9
   42.0s   model reply: in 3268 + cached 44675, out 63 (+25 reasoning)
   42.0s   tool bash: grep -E "^\| [a-z0-9_]+ \| constructor \|" /reference/glossary.md
   42.1s turn 10
   44.9s   model reply: in 5132 + cached 44670, out 56 (+14 reasoning)
   44.9s   tool bash: grep -E "^\| [e-z][a-z0-9_]+ \| constructor \|" /reference/glossary.md
   44.9s turn 11
   47.6s   model reply: in 2900 + cached 48725, out 54 (+12 reasoning)
   47.6s   tool bash: grep -E "^\| [p-z][a-z0-9_]+ \| constructor \|" /reference/glossary.md
   47.7s turn 12
   50.8s   model reply: in 4670 + cached 48719, out 56 (+16 reasoning)
   50.8s   tool bash: grep -E "^\| [a-z0-9_]+ \| claim_relation \|" /reference/glossary.md
   50.8s turn 13
   53.7s   model reply: in 2603 + cached 52775, out 60 (+16 reasoning)
   53.7s   tool bash: grep -E "^\| [m-z][a-z0-9_]+ \| claim_relation \|" /reference/glossary.md
   53.7s turn 14
   57.1s   model reply: in 4547 + cached 52771, out 53 (+15 reasoning)
   57.1s   tool bash: grep -E "^\| [a-z0-9_]+ \| link \|" /reference/glossary.md
   57.2s turn 15
   59.9s   model reply: in 4837 + cached 52753, out 59 (+21 reasoning)
   59.9s   tool bash: grep -E "^\| [a-z0-9_]+ \| value \|" /reference/glossary.md
   59.9s turn 16
   63.5s   model reply: in 2929 + cached 56809, out 68 (+32 reasoning)
   63.5s   tool bash: grep -E "\| (speech_act|recipient-value) \|" /reference/glossary.md
   63.5s turn 17
   66.9s   model reply: in 4150 + cached 56799, out 59 (+27 reasoning)
   66.9s   tool bash: grep -E "\| (topic-value) \|" /reference/glossary.md
   66.9s turn 18
   82.2s   model reply: in 4605 + cached 56783, out 2388 (+2338 reasoning)
   82.2s   tool bash: node /kit/rag.mjs entry subject property_question interpersonal_stance gender_identity considered important varies_with enables meets_needs designed_to_be attit
   82.3s turn 19
   87.6s   model reply: in 4677 + cached 60856, out 130 (+88 reasoning)
   87.6s   tool bash: node /kit/rag.mjs entry unaware possesses decline argues_for role_adults role_agent role_user personal_values beliefs
   87.7s turn 20
   91.4s   model reply: in 5508 + cached 60843, out 153 (+124 reasoning)
   91.4s   tool bash: grep -i "convo" /attach/7-examples.jsonl
   91.5s turn 21
   94.7s   model reply: in 2034 + cached 64884, out 65 (+42 reasoning)
   94.7s   tool bash: wc -l /reference/examples.jsonl
   94.7s turn 22
  107.8s   model reply: in 2127 + cached 64864, out 2092 (+2066 reasoning)
  107.8s   tool bash: grep -i "marriage" /reference/glossary.md
  107.9s turn 23
  126.5s   model reply: in 69093 + cached 0, out 3209 (+3187 reasoning)
  126.5s   tool bash: node /kit/rag.mjs check
  126.5s turn 24
  139.5s   model reply: in 45621 + cached 0, out 145 (+97 reasoning)
  139.5s   tool bash: node /kit/rag.mjs search "marriage" "romantic partner" "personal choice" "happiness and fulfillment" "outdated" "evolved over time"
  139.7s turn 25
  142.9s   model reply: in 2878 + cached 44590, out 58 (+30 reasoning)
  142.9s   tool bash: grep -E "\| constructor \|" /reference/glossary.md
  142.9s turn 26
  146.5s   model reply: in 49322 + cached 0, out 74 (+32 reasoning)
  146.5s   tool bash: grep -E "^\| [e-z][a-z0-9_]+ \| constructor \|" /reference/glossary.md
  146.6s turn 27
  150.6s   model reply: in 2525 + cached 48638, out 122 (+80 reasoning)
  150.6s   tool bash: grep -E "^\| [p-z][a-z0-9_]+ \| constructor \|" /reference/glossary.md
  150.7s turn 28
  154.4s   model reply: in 4359 + cached 48636, out 63 (+21 reasoning)
  154.4s   tool bash: grep -E "^\| [u-z][a-z0-9_]+ \| constructor \|" /reference/glossary.md
  154.4s turn 29
  158.2s   model reply: in 4865 + cached 48621, out 128 (+92 reasoning)
  158.2s   tool bash: node /kit/rag.mjs widen "assistant lacks personal opinions on whether marriage is outdated" --kind negation
  158.5s turn 30
  203.1s   model reply: in 2774 + cached 52672, out 6802 (+4925 reasoning)
  203.1s   tool write: /output/translation.md
  203.1s turn 31
  207.0s   model reply: in 9540 + cached 52712, out 62 (+32 reasoning)
  207.0s   tool bash: node /kit/rag.mjs check --translation /output/translation.md
  207.1s turn 32
  244.0s   model reply: in 2227 + cached 60809, out 6071 (+4194 reasoning)
  244.0s   tool write: /output/translation.md
  244.0s turn 33
  248.4s   model reply: in 8270 + cached 60841, out 53 (+23 reasoning)
  248.4s   tool bash: node /kit/rag.mjs check --translation /output/translation.md
  248.5s turn 34
  256.1s   model reply: in 5002 + cached 64884, out 643 (+410 reasoning)
  256.1s agent finished
  256.1s agent finished
