    4.8s turn 1
    9.8s   model reply: in 3 + cached 0, out 75 (+0 reasoning)
    9.8s   tool bash: node /kit/rag.mjs search "describe requested physical action sequence with object state and spatial location" "cool chill lettuce in refrigerator" "one step for
   10.3s turn 2
   17.0s   model reply: in 3 + cached 25289, out 122 (+47 reasoning)
   17.0s   tool bash: node /kit/rag.mjs entry sequence request ask instruct chill spatial_constraint role_user role_agent; node /kit/rag.mjs search "action description target destina
   17.6s turn 3
   33.9s   model reply: in 3 + cached 27585, out 601 (+380 reasoning)
   33.9s   tool bash: node /kit/rag.mjs entry location_spec recommend; node /kit/rag.mjs search "slice portion of material constructor" "describe a proposed plan speech act"; for q i
   39.3s turn 4
   42.5s   model reply: in 3 + cached 28930, out 71 (+13 reasoning)
   42.5s   tool bash: node /kit/rag.mjs entry location_spec recommend in; node /kit/rag.mjs search "plan recommendation speech act" "physical object description location state portio
   43.7s turn 5
   53.1s   model reply: in 3 + cached 32455, out 307 (+190 reasoning)
   53.1s   tool bash: node /kit/rag.mjs entry propose; node /kit/rag.mjs widen "structured term for a slice portion of material" --kind object > /output/portion-search.txt; node /kit
   54.1s turn 6
   57.4s   model reply: in 3 + cached 33143, out 72 (+0 reasoning)
   57.4s   tool read: /output/portion-search.txt
   57.4s   tool read: /output/description-search.txt
   57.4s turn 7
   96.9s   model reply: in 3 + cached 33878, out 2554 (+62 reasoning)
   96.9s   tool write: /output/translation.md
   96.9s turn 8
  133.4s   model reply: in 3 + cached 37625, out 1859 (+20 reasoning)
  133.4s   tool write: /output/suggestions.md
  133.5s turn 9
  138.9s   model reply: in 3 + cached 40197, out 36 (+0 reasoning)
  138.9s   tool bash: node /kit/rag.mjs check --translation /output/translation.md
  139.1s turn 10
  146.5s   model reply: in 3 + cached 42074, out 212 (+63 reasoning)
  146.5s   tool edit: /output/translation.md
  146.6s turn 11
  151.3s   model reply: in 3 + cached 42643, out 53 (+0 reasoning)
  151.3s agent finished
  151.3s agent finished
