   16.9s turn 1
   23.2s   model reply: in 31810 + cached 0, out 452 (+401 reasoning)
   23.2s   tool bash: node /kit/rag.mjs search "eat" "needs" "young" "green" "visits" "someone" "if then" "implication" "theory"
   25.3s turn 2
   30.3s   model reply: in 6291 + cached 28463, out 55 (+16 reasoning)
   30.3s   tool bash: node /kit/rag.mjs entry conditional activity statement attribute_claim meets_needs leads_to causes enables reason_for
   31.8s turn 3
   36.1s   model reply: in 3908 + cached 32521, out 82 (+34 reasoning)
   36.1s   tool bash: node /kit/rag.mjs search "property" "negation" "subject" "conjunction" "universal" "entity" "state" "truth"
   38.1s turn 4
   43.1s   model reply: in 6328 + cached 32518, out 84 (+47 reasoning)
   43.1s   tool bash: node /kit/rag.mjs entry property_question possesses attribute_claim has_state negation conjunction conditional statement activity
   44.6s turn 5
   53.9s   model reply: in 4009 + cached 36575, out 780 (+728 reasoning)
   53.9s   tool bash: node /kit/rag.mjs search "question" "truth value" "determine" "unknown" "true false" "choice_count" "single_choice" "ask"
   55.6s turn 6
   67.8s   model reply: in 6957 + cached 36576, out 73 (+41 reasoning)
   67.8s   tool bash: grep -i "proofwriter" /reference/*.md 2>/dev/null || true
   68.2s turn 7
   79.7s   model reply: in 2989 + cached 40620, out 817 (+712 reasoning)
   79.7s   tool bash: node /kit/rag.mjs widen "introduce a set of premises or theory" --kind speech_act
node /kit/rag.mjs widen "determine the truth value of a statement" --kind acti
   85.1s turn 8
  114.6s   model reply: in 7004 + cached 40630, out 63 (+30 reasoning)
  114.6s   tool bash: node /kit/rag.mjs entry block_evaluation constraint_single_choice select_option
  115.1s turn 9
  126.4s   model reply: in 3368 + cached 44676, out 859 (+822 reasoning)
  126.4s   tool bash: node /kit/rag.mjs search "proofwriter" "theory" "truth_value" "statement"
  126.9s turn 10
  130.6s   model reply: in 5336 + cached 44671, out 94 (+48 reasoning)
  130.6s   tool bash: grep -E "^\| [a-z0-9_]+ \| (claim_relation|constructor|speech_act)" /reference/glossary.md
  130.7s turn 11
  134.5s   model reply: in 3219 + cached 48728, out 170 (+25 reasoning)
  134.5s   tool bash: node -e '
const fs = require("fs");
const lines = fs.readFileSync("/reference/glossary.md", "utf8").split("\n");
for (const line of lines) {
  const parts = lin
  134.8s turn 12
  139.5s   model reply: in 5434 + cached 48725, out 58 (+33 reasoning)
  139.5s   tool bash: node /kit/rag.mjs entry lexical_label
  139.9s turn 13
  147.8s   model reply: in 5977 + cached 48710, out 151 (+30 reasoning)
  147.8s   tool bash: node -e '
const fs = require("fs");
const lines = fs.readFileSync("/reference/glossary.md", "utf8").split("\n");
for (const line of lines) {
  const parts = lin
  148.0s turn 14
  157.9s   model reply: in 3285 + cached 52760, out 397 (+367 reasoning)
  157.9s   tool bash: grep -C 3 "attribute_claim" /reference/glossary.md
  158.0s turn 15
  175.2s   model reply: in 5096 + cached 52755, out 2930 (+2887 reasoning)
  175.2s   tool bash: node /kit/rag.mjs search "character_trait" "attribute_claim" "meets_needs" "conditional" "activity"
  175.6s turn 16
  192.2s   model reply: in 5645 + cached 56832, out 511 (+466 reasoning)
  192.2s   tool bash: node /kit/rag.mjs search "has_property" "property" "trait" "state" "color" "age" "need"
  193.7s turn 17
  206.8s   model reply: in 4145 + cached 60893, out 1252 (+1223 reasoning)
  206.8s   tool bash: find / -name "*proofwriter*" 2>/dev/null || true
  207.2s turn 18
  212.1s   model reply: in 5410 + cached 60883, out 47 (+23 reasoning)
  212.1s   tool bash: ls -la /reference /doc_formats /attach
  212.4s turn 19
  221.3s   model reply: in 2114 + cached 64927, out 126 (+104 reasoning)
  221.3s   tool bash: node /kit/rag.mjs check
  221.4s turn 20
  235.5s   model reply: in 2275 + cached 64908, out 1356 (+1326 reasoning)
  235.5s   tool bash: node /kit/rag.mjs search "role_user" "user"
  236.8s turn 21
  240.5s   model reply: in 4298 + cached 64905, out 61 (+33 reasoning)
  240.5s   tool bash: node /kit/rag.mjs entry role_user role_agent
  241.9s turn 22
  250.0s   model reply: in 4471 + cached 64886, out 930 (+903 reasoning)
  250.0s   tool bash: node /kit/rag.mjs entry inform propose ask respond statement
  251.1s turn 23
  268.4s   model reply: in 51114 + cached 0, out 1008 (+889 reasoning)
  268.4s   tool bash: node -e '
const fs = require("fs");
const lines = fs.readFileSync("/reference/glossary.md", "utf8").split("\n");
for (const line of lines) {
  const parts = lin
  268.5s turn 24
  272.8s   model reply: in 5495 + cached 48686, out 76 (+48 reasoning)
  272.8s   tool bash: node /kit/rag.mjs entry character_trait requirement subject activity
  273.8s turn 25
  285.0s   model reply: in 2846 + cached 52735, out 1320 (+1297 reasoning)
  285.0s   tool bash: node /kit/rag.mjs entry conditional
  285.4s turn 26
  296.6s   model reply: in 4237 + cached 52727, out 489 (+455 reasoning)
  296.6s   tool bash: node /kit/rag.mjs search "young" "someone is young" "is young"
  296.9s turn 27
  308.2s   model reply: in 5598 + cached 52720, out 1395 (+1121 reasoning)
  308.2s   tool bash: node -e '
const fs = require("fs");
const draft = `Status: success
Mode: REQUEST

## BrainCode

\`\`\`braincode
MODE REQUEST
ENTRYPOINT Conversation
CONVO Conve
  308.8s turn 28
  319.5s   model reply: in 3794 + cached 56775, out 1109 (+1028 reasoning)
  319.5s   tool bash: node /kit/rag.mjs widen "determine the truth value of a statement" --kind action
node /kit/rag.mjs widen "base the answer only on the provided theory" --kind co
  321.4s turn 29
  326.6s   model reply: in 8096 + cached 56794, out 57 (+21 reasoning)
  326.6s   tool bash: node /kit/rag.mjs widen "answer must be True, False, or Unknown" --kind constraint
  327.3s turn 30
  364.1s   model reply: in 5614 + cached 60844, out 6509 (+3984 reasoning)
  364.1s   tool bash: node -e '
const fs = require("fs");
const doc = `Status: success
Mode: REQUEST

## BrainCode

\`\`\`braincode
MODE REQUEST
ENTRYPOINT Conversation
CONVO Convers
  366.5s turn 31
  399.2s   model reply: in 51958 + cached 0, out 4293 (+2015 reasoning)
  399.2s   tool bash: node -e '
const fs = require("fs");
const doc = `Status: success
Mode: REQUEST

## BrainCode

\`\`\`braincode
MODE REQUEST
ENTRYPOINT Conversation
CONVO Convers
  399.8s turn 32
  417.8s   model reply: in 57054 + cached 0, out 2952 (+710 reasoning)
  417.8s   tool write: /output/translation.md
  417.9s turn 33
  422.4s   model reply: in 60010 + cached 0, out 40 (+18 reasoning)
  422.4s   tool bash: node /kit/rag.mjs check
  422.7s turn 34
  426.3s   model reply: in 3936 + cached 56917, out 117 (+87 reasoning)
  426.3s agent finished
  426.3s agent finished
