    2.3s turn 1
  114.4s   model reply: in 80559 + cached 0, out 870 (+832 reasoning)
  114.4s   tool bash: node /kit/rag.mjs search "just before" "to the right of" "at the end of"
  114.6s turn 2
  433.6s   model reply: in 0 + cached 0, out 0 (+0 reasoning)
  433.6s agent finished
  435.6s turn 3
  449.4s   model reply: in 0 + cached 0, out 0 (+0 reasoning)
  449.4s agent finished
  453.4s turn 4
  564.6s   model reply: in 50386 + cached 0, out 3017 (+1657 reasoning)
  564.6s   tool write: /output/translation.md
  564.6s turn 5
  574.8s   model reply: in 4748 + cached 48659, out 53 (+23 reasoning)
  574.8s   tool bash: node /kit/rag.mjs check --translation /output/translation.md
  575.0s turn 6
  589.0s   model reply: in 5763 + cached 48649, out 1996 (+664 reasoning)
  589.0s   tool write: /output/translation.md
  589.0s turn 7
  601.3s   model reply: in 3714 + cached 52698, out 53 (+23 reasoning)
  601.3s   tool bash: node /kit/rag.mjs check --translation /output/translation.md
  601.5s turn 8
  629.6s   model reply: in 4708 + cached 52688, out 4178 (+3011 reasoning)
  629.6s   tool write: /output/translation.md
  629.6s turn 9
  634.4s   model reply: in 4821 + cached 56757, out 53 (+23 reasoning)
  634.4s   tool bash: node /kit/rag.mjs check --translation /output/translation.md
  634.5s turn 10
  642.3s   model reply: in 5815 + cached 56747, out 571 (+488 reasoning)
  642.3s agent finished
  642.3s agent finished
