   19.9s turn 1
   34.5s   model reply: in 31889 + cached 0, out 1509 (+1458 reasoning)
   34.9s   tool bash: node /kit/rag.mjs search "chases" "sees" "needs" "rough" "round" "kind" "young" "rule" "implication"
   37.5s turn 2
   42.7s   model reply: in 7400 + cached 28470, out 123 (+67 reasoning)
   42.7s   tool bash: grep -E "^\| (attribute_claim|statement|activity|meets_needs|negation|conjunction|rule|condition|implies|if_then) \|" /reference/glossary.md
   43.2s turn 3
   48.0s   model reply: in 3890 + cached 32521, out 105 (+47 reasoning)
   48.0s   tool bash: grep -E "(constructor|claim_relation|link)" /reference/glossary.md | grep -E "(condition|rule|imply|lead|cause|state|property|relation|predicate|theory)"
   52.1s turn 4
   58.8s   model reply: in 5716 + cached 32514, out 76 (+40 reasoning)
   58.8s   tool bash: node /kit/rag.mjs entry conditional statement activity negation conjunction lexical_label attribute_claim ask confirm respond
   62.7s turn 5
   73.6s   model reply: in 3638 + cached 36572, out 83 (+52 reasoning)
   73.6s   tool bash: grep -i "proofwriter" /reference/* 2>/dev/null || true
   74.4s turn 6
   78.5s   model reply: in 3743 + cached 36553, out 117 (+48 reasoning)
   78.5s   tool bash: grep -E "^\| [a-z0-9_]+ \| (constructor|composite|claim_relation) \|" /reference/glossary.md | grep -E "(property|trait|attribute|relation|activity|subject|pred
   79.3s turn 7
   83.2s   model reply: in 42205 + cached 0, out 71 (+33 reasoning)
   83.2s   tool bash: grep -E "^\| [a-z0-9_]+ \| constructor \|" /reference/glossary.md
   84.7s turn 8
   89.4s   model reply: in 44072 + cached 0, out 81 (+25 reasoning)
   89.4s   tool bash: grep -E "^\| [a-z0-9_]+ \| constructor \|" /reference/glossary.md | awk -F'|' '{print $2}' | tr -d ' '
   90.6s turn 9
   96.1s   model reply: in 44459 + cached 0, out 76 (+18 reasoning)
   96.1s   tool bash: grep -E "^\| [a-z0-9_]+ \| claim_relation \|" /reference/glossary.md | awk -F'|' '{print $2}' | tr -d ' '
   96.8s turn 10
  104.8s   model reply: in 4190 + cached 40570, out 72 (+16 reasoning)
  104.8s   tool bash: grep -E "^\| [a-z0-9_]+ \| link \|" /reference/glossary.md | awk -F'|' '{print $2}' | tr -d ' '
  105.2s turn 11
  112.7s   model reply: in 4293 + cached 40551, out 76 (+18 reasoning)
  112.7s   tool bash: grep -E "^\| [a-z0-9_]+ \| speech_act \|" /reference/glossary.md | awk -F'|' '{print $2}' | tr -d ' '
  113.2s turn 12
  118.0s   model reply: in 4415 + cached 40532, out 74 (+18 reasoning)
  118.0s   tool bash: grep -E "^\| [a-z0-9_]+ \| composite \|" /reference/glossary.md | awk -F'|' '{print $2}' | tr -d ' '
  118.5s turn 13
  143.4s   model reply: in 4743 + cached 40515, out 1868 (+1822 reasoning)
  143.4s   tool bash: node /kit/rag.mjs entry has_state has_attribute character_trait requirement statement attribute_claim meets_needs conditional conjunction negation lexical_label
  144.8s turn 14
  169.3s   model reply: in 4457 + cached 44585, out 1696 (+1644 reasoning)
  169.3s   tool bash: node /kit/rag.mjs entry animal_label::bald_eagle animal_label::dog animal_label::tiger animal_label::lion color_label::red shape_round
  170.7s turn 15
  174.4s   model reply: in 2680 + cached 48640, out 143 (+116 reasoning)
  174.4s   tool bash: node /kit/rag.mjs entry animal_label::eagle
  175.6s turn 16
  180.4s   model reply: in 2942 + cached 48622, out 80 (+54 reasoning)
  180.4s   tool bash: node /kit/rag.mjs search "bald eagle"
  182.9s turn 17
  204.6s   model reply: in 3304 + cached 48605, out 399 (+370 reasoning)
  204.6s   tool bash: node /kit/rag.mjs entry animal_label::baldeagle
  206.1s turn 18
  217.1s   model reply: in 3821 + cached 48590, out 1042 (+1005 reasoning)
  217.1s   tool bash: node /kit/rag.mjs search "introduce a set of premises or theory" "theory" "premises"
  218.0s turn 19
  235.0s   model reply: in 5635 + cached 48589, out 1765 (+1728 reasoning)
  235.0s   tool bash: node /kit/rag.mjs search "texture" "rough" "kind" "young" "round"
  235.6s turn 20
  245.7s   model reply: in 4781 + cached 52652, out 1122 (+1089 reasoning)
  245.7s   tool bash: node /kit/rag.mjs widen "the bald eagle chases the dog" --kind claim
  246.1s turn 21
  263.3s   model reply: in 3321 + cached 56709, out 803 (+68 reasoning)
  263.3s   tool write: /output/translation.md
  263.4s turn 22
  269.2s   model reply: in 60837 + cached 0, out 53 (+23 reasoning)
  269.2s   tool bash: node /kit/rag.mjs check --translation /output/translation.md
  269.8s turn 23
  283.5s   model reply: in 5088 + cached 56683, out 1740 (+1709 reasoning)
  283.5s   tool bash: node /kit/rag.mjs entry character_trait attribute_claim has_attribute
  283.7s turn 24
  322.2s   model reply: in 3327 + cached 60736, out 4201 (+4131 reasoning)
  322.2s   tool bash: python3 -c '
import json
with open("/needs.json") as f:
    needs = json.load(f)
for n in needs:
    print(n["id"], n["kind"], n["source"], n["meaning"])
'
  322.2s turn 25
  339.6s   model reply: in 0 + cached 0, out 0 (+0 reasoning)
  339.7s agent finished
  341.6s turn 26
  355.4s   model reply: in 0 + cached 0, out 0 (+0 reasoning)
  355.4s agent finished
  359.4s turn 27
  371.5s   model reply: in 0 + cached 0, out 0 (+0 reasoning)
  371.5s agent finished
  379.5s turn 28
  520.5s   model reply: in 68287 + cached 0, out 7187 (+4332 reasoning)
  520.5s   tool write: /output/translation.md
  520.5s turn 29
  571.9s   model reply: in 59067 + cached 0, out 63 (+33 reasoning)
  571.9s   tool bash: node /kit/rag.mjs check --translation /output/translation.md
  572.3s turn 30
  597.6s   model reply: in 3279 + cached 56846, out 575 (+533 reasoning)
  597.6s   tool bash: node /kit/rag.mjs widen "if someone sees the lion and the lion is rough then they chase the lion" --kind reasoning
  597.9s turn 31
  605.9s   model reply: in 6407 + cached 56851, out 113 (+75 reasoning)
  605.9s   tool bash: node /kit/rag.mjs widen "if someone is red and rough then they see the lion" --kind reasoning
  606.3s turn 32
  646.8s   model reply: in 4545 + cached 60909, out 1296 (+1270 reasoning)
  646.8s   tool bash: node /kit/rag.mjs entry inform ask UTTER
  647.8s turn 33
  673.0s   model reply: in 6004 + cached 60901, out 714 (+688 reasoning)
  673.0s   tool bash: node /kit/rag.mjs entry role_user user
  673.2s turn 34
  710.9s   model reply: in 2744 + cached 64946, out 6680 (+3662 reasoning)
  710.9s   tool write: /output/translation.md
  711.1s turn 35
  728.2s   model reply: in 60206 + cached 0, out 55 (+25 reasoning)
  728.2s   tool bash: node /kit/rag.mjs check --translation /output/translation.md
  728.4s turn 36
  734.0s   model reply: in 4320 + cached 56936, out 259 (+119 reasoning)
  734.1s agent finished
  734.1s agent finished
