    2.2s turn 1
   12.8s   model reply: in 15257 + cached 0, out 1817 (+1800 reasoning)
   12.8s   tool bash: ls -la /
   12.8s turn 2
   16.1s   model reply: in 17857 + cached 0, out 39 (+17 reasoning)
   16.1s   tool bash: ls -la /kit /reference /output
   16.1s turn 3
   18.6s   model reply: in 2193 + cached 16141, out 54 (+33 reasoning)
   18.6s   tool bash: cat /reference/examples.jsonl
   18.6s turn 4
   21.1s   model reply: in 3420 + cached 16138, out 42 (+20 reasoning)
   21.1s   tool bash: cat /kit/needs_prompt.md
   21.1s turn 5
   31.5s   model reply: in 4149 + cached 16129, out 1697 (+1670 reasoning)
   31.5s   tool bash: find / -name "*thoughttrace*" 2>/dev/null
   31.5s turn 6
   37.3s   model reply: in 5852 + cached 16133, out 32 (+14 reasoning)
   37.3s   tool bash: ls -la /reference
   37.4s turn 7
   40.0s   model reply: in 2072 + cached 20149, out 36 (+15 reasoning)
   40.0s   tool bash: cat /kit/rag.mjs
   40.0s turn 8
   43.2s   model reply: in 3637 + cached 20153, out 62 (+40 reasoning)
   43.2s   tool bash: node /kit/rag.mjs health
   43.3s turn 9
   62.0s   model reply: in 3813 + cached 20128, out 3356 (+3330 reasoning)
   62.0s   tool bash: node /kit/rag.mjs entry ask decision activity subject
   62.1s turn 10
   67.0s   model reply: in 8359 + cached 20168, out 121 (+94 reasoning)
   67.0s   tool bash: grep -n "decision" /reference/glossary.jsonl
   67.0s turn 11
   72.6s   model reply: in 5247 + cached 24196, out 143 (+88 reasoning)
   72.6s   tool bash: node /kit/rag.mjs entry recommended obligation marketing_campaign audience_targeting performance_tracking test_condition constraint_budget_limited topic_ai_earn
   72.8s turn 12
   76.0s   model reply: in 2636 + cached 28229, out 93 (+54 reasoning)
   76.0s   tool bash: node /kit/rag.mjs entry duration exclude unit_day unit_hour unit_week credit_card personal_values
   76.1s turn 13
   81.0s   model reply: in 3131 + cached 28216, out 85 (+38 reasoning)
   81.0s   tool bash: grep -E "rule_trace_relations_general|rule_speech_acts_general|rule_composites_general" /reference/glossary.md
   81.0s turn 14
   97.1s   model reply: in 3498 + cached 28202, out 2578 (+2560 reasoning)
   97.1s   tool bash: cat /prompt.md
   97.1s turn 15
  102.0s   model reply: in 6517 + cached 28225, out 438 (+412 reasoning)
  102.0s   tool bash: grep -rn "back-translat" /reference /attach
  102.1s turn 16
  130.8s   model reply: in 3150 + cached 32246, out 5024 (+5000 reasoning)
  130.8s   tool bash: grep -rn "reconstruction" /reference /attach
  130.9s turn 17
  161.2s   model reply: in 8404 + cached 32296, out 4973 (+4944 reasoning)
  161.2s   tool bash: grep -n "offer_help" /reference/glossary.jsonl
  161.2s turn 18
  165.5s   model reply: in 45775 + cached 0, out 80 (+51 reasoning)
  165.5s   tool bash: grep -n "audience_targeting" /reference/glossary.jsonl
  165.6s turn 19
  168.8s   model reply: in 5600 + cached 40399, out 85 (+58 reasoning)
  168.8s   tool bash: grep -n "recommended" /reference/glossary.jsonl
  168.8s turn 20
  197.6s   model reply: in 5804 + cached 40382, out 5127 (+4953 reasoning)
  197.6s   tool write: /output/reconstruction.md
  197.6s turn 21
  201.1s   model reply: in 10899 + cached 40419, out 53 (+33 reasoning)
  201.1s   tool read: /output/reconstruction.md
  201.2s turn 22
  205.6s   model reply: in 3034 + cached 48485, out 123 (+105 reasoning)
  205.6s agent finished
  205.6s agent finished
