    3.6s turn 1
   29.8s   model reply: in 1769 + cached 0, out 2512 (+2495 reasoning)
   29.8s   tool read: /trajectory.txt
   29.9s turn 2
   33.4s   model reply: in 4431 + cached 0, out 273 (+242 reasoning)
   33.4s   tool bash: python3 -c "print(repr(open('/trajectory.txt').read()))"
   33.4s turn 3
   39.2s   model reply: in 4727 + cached 0, out 50 (+12 reasoning)
   39.2s   tool bash: node -e "console.log(JSON.stringify(fs.readFileSync('/trajectory.txt', 'utf8')))"
   39.3s turn 4
   48.5s   model reply: in 4942 + cached 0, out 1219 (+1202 reasoning)
   48.5s   tool bash: ls -la /
   48.5s turn 5
   50.7s   model reply: in 6906 + cached 0, out 37 (+17 reasoning)
   50.7s   tool bash: ls -la /attach /reference
   50.7s turn 6
   52.7s   model reply: in 3182 + cached 3907, out 29 (+12 reasoning)
   52.7s   tool read: /prompt.md
   52.7s turn 7
   85.6s   model reply: in 3521 + cached 3904, out 5603 (+5531 reasoning)
   85.6s   tool bash: node -e "
const fs = require('fs');
const content = fs.readFileSync('/trajectory.txt');
console.log('length:', content.length);
console.log('last 10 bytes:', Ar
   85.7s turn 8
   88.7s   model reply: in 13092 + cached 0, out 109 (+69 reasoning)
   88.7s   tool bash: node -e "console.log(fs.readFileSync('/trajectory.txt', 'utf8').includes('\r\n'))"
   88.8s turn 9
  103.4s   model reply: in 5256 + cached 7946, out 1266 (+1050 reasoning)
  103.4s   tool write: /output/translation.md
  103.5s turn 10
  106.4s   model reply: in 14472 + cached 0, out 34 (+15 reasoning)
  106.4s   tool read: /output/translation.md
  106.4s turn 11
  110.2s   model reply: in 2779 + cached 11918, out 199 (+177 reasoning)
  110.2s agent finished
  110.2s agent finished
