    1.8s turn 1
    9.7s   model reply: in 28018 + cached 0, out 810 (+770 reasoning)
    9.7s   tool bash: node /kit/rag.mjs entry example_a_select_two_pillows_and_move_those_objects
   10.0s turn 2
   13.2s   model reply: in 4820 + cached 24363, out 57 (+31 reasoning)
   13.2s   tool bash: node /kit/rag.mjs search "alfred"
   13.4s turn 3
   16.8s   model reply: in 5161 + cached 24348, out 53 (+32 reasoning)
   16.8s   tool bash: find /reference /kit -type f
   16.8s turn 4
   20.0s   model reply: in 5308 + cached 24331, out 75 (+35 reasoning)
   20.0s   tool bash: grep -i "alfred" /reference/examples.jsonl || head -n 5 /reference/examples.jsonl
   20.1s turn 5
   23.6s   model reply: in 2507 + cached 28377, out 40 (+15 reasoning)
   23.6s   tool bash: grep '"braincode"' /reference/examples.jsonl
   23.7s turn 6
   38.6s   model reply: in 3725 + cached 28369, out 2036 (+2001 reasoning)
   38.6s   tool bash: node /kit/rag.mjs --help || node /kit/rag.mjs check --help
   38.7s turn 7
   42.7s   model reply: in 5810 + cached 28369, out 55 (+33 reasoning)
   42.7s   tool bash: node /kit/rag.mjs needs
   56.8s turn 8
   65.3s   model reply: in 4512 + cached 32429, out 1087 (+1003 reasoning)
   65.3s   tool bash: node -e 'const fs=require("fs"); console.log(JSON.stringify(JSON.parse(fs.readFileSync("/needs.json", "utf8")).map(n => ({id: n.id, kind: n.kind, source: n.sour
   65.4s turn 9
   79.3s   model reply: in 5857 + cached 32422, out 1942 (+1901 reasoning)
   79.3s   tool bash: node /kit/rag.mjs search "propose" "activity" "sequence" "turn" "face" "close"
   79.5s turn 10
   82.7s   model reply: in 5526 + cached 36490, out 92 (+55 reasoning)
   82.7s   tool bash: grep -i "alfred" /reference/glossary.jsonl /reference/glossary.md || true
   82.7s turn 11
   90.8s   model reply: in 5639 + cached 36472, out 1139 (+1093 reasoning)
   90.8s   tool bash: node /kit/rag.mjs entry turn face pick_up place close walk drop look open wait request activity sequence then in on left_of right_of
   91.0s turn 12
   94.5s   model reply: in 4795 + cached 40536, out 123 (+92 reasoning)
   94.5s   tool bash: node /kit/rag.mjs search "direction" "left" "right"
   94.6s turn 13
  100.2s   model reply: in 5757 + cached 40525, out 450 (+416 reasoning)
  100.2s   tool bash: grep -E "turn|face|walk|close" /reference/examples.jsonl || true
  100.2s turn 14
  103.8s   model reply: in 2439 + cached 44549, out 80 (+43 reasoning)
  103.8s   tool bash: node /kit/rag.mjs entry face turn walk close open pick_up place drop look stand_up wait
  104.0s turn 15
  117.2s   model reply: in 3865 + cached 44544, out 2056 (+1108 reasoning)
  117.2s   tool write: /output/translation.md
  117.2s turn 16
  120.8s   model reply: in 5927 + cached 44542, out 62 (+32 reasoning)
  120.8s   tool bash: node /kit/rag.mjs check --translation /output/translation.md
  121.0s turn 17
  126.0s   model reply: in 2704 + cached 48579, out 379 (+346 reasoning)
  126.0s   tool bash: node /kit/rag.mjs search "salt shaker" "salt" "shaker"
  126.1s turn 18
  129.7s   model reply: in 3894 + cached 48572, out 107 (+79 reasoning)
  129.7s   tool bash: node /kit/rag.mjs entry object_label food_label
  129.8s turn 19
  136.2s   model reply: in 0 + cached 0, out 0 (+0 reasoning)
  136.2s agent finished
  138.2s turn 20
  151.8s   model reply: in 0 + cached 0, out 0 (+0 reasoning)
  151.8s agent finished
  155.8s turn 21
  406.5s   model reply: in 52798 + cached 0, out 295 (+272 reasoning)
  406.5s   tool bash: node /kit/rag.mjs entry face
  406.6s turn 22
  418.9s   model reply: in 4687 + cached 48540, out 797 (+771 reasoning)
  418.9s   tool bash: node /kit/rag.mjs entry door microwave table sink
  419.0s turn 23
  427.0s   model reply: in 5668 + cached 48532, out 383 (+359 reasoning)
  427.0s   tool bash: node /kit/rag.mjs entry close open
  427.1s turn 24
  436.4s   model reply: in 2176 + cached 52562, out 435 (+408 reasoning)
  436.4s   tool bash: node /kit/rag.mjs search "saltshaker"
  436.6s turn 25
  476.4s   model reply: in 2909 + cached 52550, out 1609 (+421 reasoning)
  476.4s   tool write: /output/translation.md
  476.4s turn 26
  487.3s   model reply: in 4526 + cached 52546, out 54 (+24 reasoning)
  487.3s   tool bash: node /kit/rag.mjs check --translation /output/translation.md
  487.4s turn 27
  509.6s   model reply: in 5300 + cached 52535, out 2293 (+2263 reasoning)
  509.6s   tool bash: node /kit/rag.mjs check --translation /output/translation.md
  509.9s turn 28
  528.9s   model reply: in 4243 + cached 56594, out 2875 (+1687 reasoning)
  528.9s   tool write: /output/translation.md
  528.9s turn 29
  537.9s   model reply: in 3068 + cached 60648, out 55 (+25 reasoning)
  537.9s   tool bash: node /kit/rag.mjs check --translation /output/translation.md
  538.0s turn 30
  550.7s   model reply: in 3844 + cached 60636, out 1648 (+424 reasoning)
  550.7s agent finished
  550.7s agent finished
