    6.8s turn 1
   84.6s   model reply: in 1735 + cached 0, out 10811 (+10794 reasoning)
   84.6s   tool read: /trajectory.txt
   84.6s turn 2
   87.6s   model reply: in 12676 + cached 0, out 41 (+17 reasoning)
   87.6s   tool read: /attach/1-format-reconstruction.md
   87.7s turn 3
  124.5s   model reply: in 4864 + cached 8020, out 5268 (+5213 reasoning)
  124.5s   tool bash: python3 -c "
with open('/trajectory.txt', 'r', encoding='utf-8') as f:
    content = f.read()
print(repr(content))
"
  124.6s turn 4
  128.9s   model reply: in 6086 + cached 12089, out 69 (+15 reasoning)
  128.9s   tool bash: node -e "
const fs = require('fs');
const content = fs.readFileSync('/trajectory.txt', 'utf8');
console.log(JSON.stringify(content));
"
  129.1s turn 5
  136.5s   model reply: in 2291 + cached 16103, out 743 (+725 reasoning)
  136.5s   tool bash: mkdir -p /output
  136.6s turn 6
  145.3s   model reply: in 3044 + cached 16096, out 506 (+385 reasoning)
  145.3s   tool write: /output/reconstruction.md
  145.4s turn 7
  148.4s   model reply: in 3569 + cached 16082, out 46 (+26 reasoning)
  148.4s   tool read: /output/reconstruction.md
  148.4s turn 8
  151.5s   model reply: in 3725 + cached 16067, out 36 (+17 reasoning)
  151.5s agent finished
  151.5s agent finished
