    1.8s turn 1
    9.6s   model reply: in 12303 + cached 0, out 1033 (+1016 reasoning)
    9.6s   tool bash: ls -la /
    9.6s turn 2
   15.8s   model reply: in 2049 + cached 12070, out 48 (+28 reasoning)
   15.8s   tool bash: ls -la /kit /reference
   15.8s turn 3
   18.7s   model reply: in 2488 + cached 12059, out 47 (+27 reasoning)
   18.7s   tool read: /reference/examples.jsonl
   18.7s turn 4
   21.1s   model reply: in 3704 + cached 12060, out 43 (+24 reasoning)
   21.1s   tool read: /kit/README.md
   21.1s turn 5
   24.0s   model reply: in 4909 + cached 12060, out 41 (+24 reasoning)
   24.0s   tool bash: ls -la /
   24.0s turn 6
   26.8s   model reply: in 5737 + cached 12056, out 33 (+16 reasoning)
   26.8s   tool read: /prompt.md
   26.8s turn 7
   29.9s   model reply: in 2227 + cached 16064, out 28 (+10 reasoning)
   29.9s   tool bash: ls -la /session
   29.9s turn 8
   61.9s   model reply: in 2415 + cached 16048, out 1278 (+1254 reasoning)
   61.9s   tool bash: grep -i "web_element" /reference/*
   62.0s turn 9
   64.8s   model reply: in 3925 + cached 16056, out 59 (+24 reasoning)
   64.8s   tool bash: grep -i "v19/rule/recording-signatures" /reference/glossary.jsonl
   64.9s turn 10
   68.2s   model reply: in 6307 + cached 16075, out 88 (+47 reasoning)
   68.2s   tool bash: node /kit/rag.mjs entry location_spec promotional_event include subject attribute_claim associated_with request web_element click
   68.3s turn 11
   71.1s   model reply: in 3767 + cached 20099, out 72 (+33 reasoning)
   71.1s   tool bash: grep -A 2 -B 2 "rule_trace_relations_general" /reference/glossary.jsonl
   71.2s turn 12
   73.8s   model reply: in 4898 + cached 20098, out 45 (+24 reasoning)
   73.8s   tool bash: cat /kit/rag.mjs
   73.9s turn 13
   83.9s   model reply: in 2449 + cached 24125, out 1329 (+1301 reasoning)
   83.9s   tool bash: find / -name "*mind2web*" 2>/dev/null
   84.0s turn 14
   90.9s   model reply: in 3785 + cached 24128, out 52 (+24 reasoning)
   90.9s   tool bash: grep -rn "web_element" / 2>/dev/null
   91.0s turn 15
   94.6s   model reply: in 3865 + cached 24110, out 57 (+22 reasoning)
   94.6s   tool bash: grep -rn "web_element" /attach /reference /kit /session 2>/dev/null
   94.6s turn 16
   99.3s   model reply: in 3949 + cached 24093, out 59 (+26 reasoning)
   99.3s   tool bash: grep -rn "web_element" /attach /reference /kit 2>/dev/null
   99.4s turn 17
  102.7s   model reply: in 4352 + cached 24081, out 76 (+39 reasoning)
  102.7s   tool bash: grep -E "(type_text|select_option|hover|click)" /reference/glossary.jsonl
  102.7s turn 18
  106.5s   model reply: in 5242 + cached 24078, out 90 (+59 reasoning)
  106.5s   tool bash: grep -n -C 5 "RECORD" /reference/language-spec.md
  106.5s turn 19
  123.2s   model reply: in 2716 + cached 28099, out 2588 (+2554 reasoning)
  123.2s   tool bash: grep -rn "t2:s" /kit /reference /attach 2>/dev/null
  123.3s turn 20
  127.9s   model reply: in 5352 + cached 28125, out 210 (+188 reasoning)
  127.9s   tool bash: node /kit/rag.mjs health
  128.0s turn 21
  131.0s   model reply: in 5672 + cached 28104, out 105 (+71 reasoning)
  131.0s   tool bash: ls -la /needs.json /item_raw.txt /output 2>/dev/null
  131.0s turn 22
  145.7s   model reply: in 5855 + cached 28089, out 1875 (+1847 reasoning)
  145.7s   tool bash: find / -name "*mind2web*" 2>/dev/null
  145.7s turn 23
  151.0s   model reply: in 3712 + cached 32117, out 40 (+20 reasoning)
  151.0s   tool bash: ls -la /opt /home
  151.0s turn 24
  154.0s   model reply: in 4044 + cached 32103, out 42 (+22 reasoning)
  154.0s   tool bash: cat /opt/settings.json
  154.0s turn 25
  157.3s   model reply: in 4574 + cached 32035, out 38 (+16 reasoning)
  157.3s   tool bash: cat /opt/context-limits.ts
  157.3s turn 26
  177.7s   model reply: in 2976 + cached 36070, out 3542 (+3350 reasoning)
  177.7s   tool bash: node -e '
async function test() {
  const content = `<|user|>Find property with promotion for university in Sydney\n<|assistant|>1. Click on "Search by college,
  177.7s turn 27
  183.1s   model reply: in 6782 + cached 36122, out 97 (+58 reasoning)
  183.1s   tool bash: node -e 'console.log(process.env.RAG_URL, process.env.RAG_PORT)'
  183.2s turn 28
  188.1s   model reply: in 2890 + cached 40117, out 218 (+25 reasoning)
  188.1s   tool bash: node -e '
async function test() {
  const content = `<|user|>Find property with promotion associated with university in Sydney\n<|assistant|>1. Click on "Search
  199.0s turn 29
  224.3s   model reply: in 4773 + cached 39825, out 1796 (+1593 reasoning)
  224.3s   tool bash: node -e '
async function test(content) {
  const res = await fetch("http://host.docker.internal:8775/needs", {
    method: "POST",
    headers: { "Content-Type"
  233.4s turn 30
  237.4s   model reply: in 2755 + cached 43839, out 225 (+34 reasoning)
  237.4s   tool bash: node -e '
async function test(content) {
  const res = await fetch("http://host.docker.internal:8775/needs", {
    method: "POST",
    headers: { "Content-Type"
  248.3s turn 31
  256.8s   model reply: in 3178 + cached 43829, out 1230 (+1024 reasoning)
  256.8s   tool bash: node -e '
async function test(content) {
  const res = await fetch("http://host.docker.internal:8775/needs", {
    method: "POST",
    headers: { "Content-Type"
  266.1s turn 32
  283.5s   model reply: in 6404 + cached 43889, out 2796 (+2685 reasoning)
  283.5s   tool write: /output/reconstruction.md
  283.5s turn 33
  285.4s   model reply: in 0 + cached 0, out 0 (+0 reasoning)
  285.5s agent finished
  287.4s turn 34
  301.2s   model reply: in 0 + cached 0, out 0 (+0 reasoning)
  301.2s agent finished
  305.2s turn 35
  332.0s   model reply: in 0 + cached 0, out 0 (+0 reasoning)
  332.0s agent finished
  340.0s turn 36
  405.9s   model reply: in 53094 + cached 0, out 60 (+40 reasoning)
  405.9s   tool read: /output/reconstruction.md
  405.9s turn 37
  426.9s   model reply: in 5334 + cached 47905, out 43 (+22 reasoning)
  426.9s agent finished
  426.9s agent finished
