   14.4s turn 1
   21.7s   model reply: in 31043 + cached 0, out 514 (+458 reasoning)
   21.8s   tool bash: node /kit/rag.mjs search "smart" "furry" "quiet" "cold" "green" "blue" "white" "theory" "conditional" "question" "attribute"
   23.7s turn 2
   31.6s   model reply: in 6231 + cached 28463, out 102 (+62 reasoning)
   31.6s   tool bash: node /kit/rag.mjs entry has_attribute attribute_claim character_trait conditional conjunction negation statement property_question ask respond
   33.0s turn 3
  140.9s   model reply: in 35886 + cached 0, out 105 (+55 reasoning)
  140.9s   tool bash: node /kit/rag.mjs search "universal" "all" "quantifier" "truth value" "evaluation" "evaluation_question" "truth" "statement"
  142.0s turn 4
  145.6s   model reply: in 30021 + cached 8128, out 61 (+27 reasoning)
  145.6s   tool bash: grep -E "constructor|claim_relation|speech_act" /reference/glossary.md
  146.1s turn 5
  151.0s   model reply: in 3516 + cached 36572, out 51 (+21 reasoning)
  151.0s   tool bash: grep -E "\| claim_relation \|" /reference/glossary.md
  151.5s turn 6
  164.7s   model reply: in 5506 + cached 36566, out 59 (+31 reasoning)
  164.7s   tool bash: grep -E "\| constructor \|" /reference/glossary.md
  164.9s turn 7
  169.2s   model reply: in 3304 + cached 40623, out 98 (+64 reasoning)
  169.2s   tool bash: node /kit/rag.mjs search "property" "trait" "entity" "predicate"
  169.5s turn 8
  177.3s   model reply: in 4560 + cached 40612, out 54 (+11 reasoning)
  177.3s   tool bash: node /kit/rag.mjs entry property_question subject character_trait requirement conditional conjunction negation test_condition statement attribute_claim has_attr
  177.7s turn 9
  181.8s   model reply: in 2220 + cached 44667, out 125 (+73 reasoning)
  181.8s   tool bash: grep -E "^\| [a-z_]+ \| (constructor|composite|claim_relation|value) \|" /reference/glossary.md | head -n 40
  182.2s turn 10
  186.5s   model reply: in 4146 + cached 44662, out 62 (+20 reasoning)
  186.5s   tool bash: grep -E "^\| [e-z_]+ \| constructor \|" /reference/glossary.md | head -n 40
  187.3s turn 11
  191.4s   model reply: in 5069 + cached 44650, out 71 (+31 reasoning)
  191.4s   tool bash: grep -E "\| constructor \|" /reference/glossary.md | awk -F'|' '{print $2}'
  192.6s turn 12
  197.0s   model reply: in 5531 + cached 44634, out 60 (+18 reasoning)
  197.0s   tool bash: grep -E "\| claim_relation \|" /reference/glossary.md | awk -F'|' '{print $2}'
  197.4s turn 13
  201.0s   model reply: in 5878 + cached 44617, out 57 (+17 reasoning)
  201.0s   tool bash: grep -E "\| link \|" /reference/glossary.md | awk -F'|' '{print $2}'
  201.5s turn 14
  211.7s   model reply: in 5968 + cached 44599, out 1132 (+1104 reasoning)
  211.7s   tool bash: node /kit/rag.mjs entry lexical_label has_state
  212.0s turn 15
  221.9s   model reply: in 3664 + cached 48649, out 629 (+603 reasoning)
  221.9s   tool bash: grep -i "conditional" /reference/examples.jsonl
  222.1s turn 16
  225.3s   model reply: in 4317 + cached 48635, out 47 (+26 reasoning)
  225.3s   tool bash: cat /reference/examples.jsonl
  225.5s turn 17
  230.5s   model reply: in 5542 + cached 48627, out 190 (+148 reasoning)
  230.5s   tool bash: grep -iE "cold|furry|quiet|smart|green|blue|white|theory" /reference/glossary.md
  230.6s turn 18
  234.1s   model reply: in 2401 + cached 52668, out 162 (+62 reasoning)
  234.1s   tool bash: python3 -c '
with open("/reference/glossary.md") as f:
    for line in f:
        parts = [p.strip() for p in line.split("|")]
        if len(parts) >= 4 and pa
  234.1s turn 19
  239.3s   model reply: in 2605 + cached 52649, out 135 (+10 reasoning)
  239.3s   tool bash: node -e '
const fs = require("fs");
const lines = fs.readFileSync("/reference/glossary.md", "utf8").split("\n");
for (const line of lines) {
  const parts = lin
  239.9s turn 20
  252.2s   model reply: in 4509 + cached 52649, out 154 (+13 reasoning)
  252.2s   tool bash: node -e '
const fs = require("fs");
const lines = fs.readFileSync("/reference/glossary.md", "utf8").split("\n");
for (const line of lines) {
  const parts = lin
  252.4s turn 21
  266.3s   model reply: in 59015 + cached 0, out 1393 (+1359 reasoning)
  266.3s   tool bash: node /kit/rag.mjs entry state_cold state_warm state_dirty state_clean
  266.6s turn 22
  277.0s   model reply: in 3897 + cached 56694, out 1115 (+1076 reasoning)
  277.0s   tool bash: node /kit/rag.mjs search "proofwriter" "theory" "premise" "rule" "inference"
  277.6s turn 23
  290.8s   model reply: in 6344 + cached 56700, out 277 (+83 reasoning)
  290.8s   tool bash: cat << 'EOF' > /output/translation.md
Status: success
Mode: REQUEST

## BrainCode

```braincode
MODE REQUEST
ENTRYPOINT Conversation
CONVO Conversation {
  TURN
  291.2s turn 24
  307.0s   model reply: in 3274 + cached 60739, out 1780 (+1647 reasoning)
  307.0s   tool bash: node /kit/rag.mjs widen "rely only on the provided theory" --kind constraint
node /kit/rag.mjs widen "answer must be True, False, or Unknown" --kind constraint

  316.0s turn 25
  320.6s   model reply: in 69010 + cached 0, out 59 (+28 reasoning)
  320.6s   tool bash: node /kit/rag.mjs entry constraint_single_choice constraint_comprehensive
  322.0s turn 26
  325.9s   model reply: in 8605 + cached 60755, out 61 (+33 reasoning)
  325.9s   tool bash: grep -E "constraint-value" /reference/glossary.md
  326.4s turn 27
  334.1s   model reply: in 69509 + cached 0, out 43 (+15 reasoning)
  334.1s   tool bash: grep -E "\| composite \|" /reference/glossary.md
  334.5s turn 28
  348.0s   model reply: in 48031 + cached 0, out 50 (+20 reasoning)
  348.0s   tool bash: grep -E "\| claim_relation \|" /reference/glossary.md
  348.0s turn 29
  352.8s   model reply: in 5381 + cached 44633, out 158 (+15 reasoning)
  352.8s   tool bash: node -e '
const fs = require("fs");
const lines = fs.readFileSync("/reference/glossary.md", "utf8").split("\n");
for (const line of lines) {
  const parts = lin
  352.9s turn 30
  364.4s   model reply: in 2758 + cached 48682, out 1649 (+447 reasoning)
  364.4s   tool bash: node -e '
const cp = require("child_process");
const fs = require("fs");

const testCode = `Status: success
Mode: REQUEST

## BrainCode

\`\`\`braincode
MODE RE
  364.6s turn 31
  368.2s   model reply: in 5127 + cached 48683, out 132 (+75 reasoning)
  368.2s   tool bash: node -e '
const fs = require("fs");
console.log(fs.readFileSync("/kit/rag.mjs", "utf8").slice(0, 3000));
'
  368.3s turn 32
  371.7s   model reply: in 2141 + cached 52729, out 98 (+17 reasoning)
  371.7s   tool bash: node -e '
const fs = require("fs");
const rag = fs.readFileSync("/kit/rag.mjs", "utf8");
const checkIdx = rag.indexOf("command === \"check\"");
console.log(rag.
  371.8s turn 33
  375.1s   model reply: in 2259 + cached 52709, out 94 (+20 reasoning)
  375.1s   tool bash: node -e '
const fs = require("fs");
const rag = fs.readFileSync("/kit/rag.mjs", "utf8");
console.log(rag.slice(rag.indexOf("check"), rag.indexOf("check") + 3000
  375.2s turn 34
  378.7s   model reply: in 3305 + cached 52698, out 93 (+13 reasoning)
  378.7s   tool bash: node -e '
const fs = require("fs");
const rag = fs.readFileSync("/kit/rag.mjs", "utf8");
console.log(rag.slice(rag.indexOf("case \"check\":"), rag.indexOf("case
  378.7s turn 35
  395.9s   model reply: in 3531 + cached 52680, out 1638 (+1613 reasoning)
  395.9s   tool bash: node /kit/rag.mjs entry lexical_label
  396.1s turn 36
  415.4s   model reply: in 5639 + cached 52680, out 2952 (+355 reasoning)
  415.4s   tool bash: node -e '
const cp = require("child_process");
const fs = require("fs");

const testCode = `Status: success
Mode: REQUEST

## BrainCode

\`\`\`braincode
MODE RE
  416.1s turn 37
  428.4s   model reply: in 5270 + cached 56749, out 1551 (+1517 reasoning)
  428.4s   tool bash: grep -i "proofwriter" /reference/* /doc_formats/* 2>/dev/null
  428.5s turn 38
  438.4s   model reply: in 2783 + cached 60797, out 147 (+31 reasoning)
  438.4s   tool bash: node -e '
const fs = require("fs");
const lines = fs.readFileSync("/reference/examples.jsonl", "utf8").split("\n");
for (const line of lines) {
  if (line.inclu
  438.5s turn 39
  441.1s   model reply: in 0 + cached 0, out 0 (+0 reasoning)
  441.2s agent finished
  443.2s turn 40
  456.8s   model reply: in 0 + cached 0, out 0 (+0 reasoning)
  456.8s agent finished
  460.8s turn 41
  487.6s   model reply: in 0 + cached 0, out 0 (+0 reasoning)
  487.6s agent finished
  495.6s turn 42
  559.2s   model reply: in 63730 + cached 0, out 131 (+15 reasoning)
  559.2s   tool bash: node -e '
const fs = require("fs");
const lines = fs.readFileSync("/reference/examples.jsonl", "utf8").split("\n");
console.log(lines.length);
for (const l of l
  559.2s turn 43
  578.6s   model reply: in 3178 + cached 60759, out 1813 (+1788 reasoning)
  578.6s   tool bash: node /kit/rag.mjs entry inform ask respond
  578.7s turn 44
  610.1s   model reply: in 5181 + cached 60759, out 4461 (+2006 reasoning)
  610.1s   tool bash: node -e '
const cp = require("child_process");
const fs = require("fs");

const testCode = `Status: success
Mode: REQUEST

## BrainCode

\`\`\`braincode
MODE RE
  610.7s turn 45
  645.0s   model reply: in 51782 + cached 0, out 3043 (+650 reasoning)
  645.0s   tool write: /output/translation.md
  645.0s turn 46
  653.6s   model reply: in 54829 + cached 0, out 41 (+11 reasoning)
  653.6s   tool bash: node /kit/rag.mjs check --translation /output/translation.md
  654.2s turn 47
  669.8s   model reply: in 55618 + cached 0, out 294 (+76 reasoning)
  669.8s agent finished
  669.8s agent finished
