    2.2s turn 1
    9.9s   model reply: in 27569 + cached 0, out 953 (+907 reasoning)
    9.9s   tool bash: node /kit/rag.mjs search "read" "title" "textbook" "nightstand" "Probabilistic Robotics" "in front of"
   10.1s turn 2
   14.8s   model reply: in 5941 + cached 24371, out 418 (+380 reasoning)
   14.8s   tool bash: node /kit/rag.mjs search "alfred" "instruction" "plan" "turn" "walk"
   15.0s turn 3
   19.5s   model reply: in 3753 + cached 28428, out 60 (+12 reasoning)
   19.5s   tool bash: node /kit/rag.mjs entry walk face look pick_up place turn turn_on in_front_of on right_of night_stand bed lamp textbook
   19.7s turn 4
   24.2s   model reply: in 5236 + cached 28420, out 68 (+37 reasoning)
   24.2s   tool bash: node /kit/rag.mjs search "direction" "right" "left"
   24.4s turn 5
   27.9s   model reply: in 2085 + cached 32467, out 159 (+123 reasoning)
   27.9s   tool bash: node /kit/rag.mjs search "direction_right" "turn right" "direction_left"
   28.0s turn 6
   32.8s   model reply: in 35579 + cached 0, out 176 (+147 reasoning)
   32.8s   tool bash: node /kit/rag.mjs search "example" "alfred"
   33.0s turn 7
   49.0s   model reply: in 3841 + cached 32442, out 2705 (+2680 reasoning)
   49.0s   tool bash: node /kit/rag.mjs entry turn_on
   49.1s turn 8
   52.5s   model reply: in 6623 + cached 32447, out 115 (+80 reasoning)
   52.5s   tool bash: node /kit/rag.mjs search "turn_on" "lamp" "switch_on"
   52.6s turn 9
   55.6s   model reply: in 3630 + cached 36492, out 88 (+51 reasoning)
   55.6s   tool bash: node /kit/rag.mjs search "entity" "object" "location" "lamp" --kind constraint
   55.8s turn 10
   58.8s   model reply: in 4823 + cached 36484, out 56 (+24 reasoning)
   58.8s   tool bash: node /kit/rag.mjs entry location_spec code_entity spatial_state subject
   59.0s turn 11
   62.5s   model reply: in 5730 + cached 36473, out 68 (+33 reasoning)
   62.5s   tool bash: node /kit/rag.mjs search "turn_on" "activatable" "appliance"
   62.6s turn 12
   68.8s   model reply: in 2631 + cached 40514, out 635 (+596 reasoning)
   68.8s   tool bash: node /kit/rag.mjs search "turn_on" "lamp" "light" "switch" "device"
   69.0s turn 13
   73.0s   model reply: in 4749 + cached 40516, out 60 (+25 reasoning)
   73.0s   tool bash: grep -E "\| constructor \|" /reference/glossary.md | head -n 40
   73.1s turn 14
   74.0s   model reply: in 0 + cached 0, out 0 (+0 reasoning)
   74.0s agent finished
   76.0s turn 15
   89.6s   model reply: in 0 + cached 0, out 0 (+0 reasoning)
   89.6s agent finished
   93.6s turn 16
  135.7s   model reply: in 0 + cached 0, out 0 (+0 reasoning)
  135.7s agent finished
  143.7s turn 17
  211.5s   model reply: in 47121 + cached 0, out 1473 (+888 reasoning)
  211.5s   tool write: /output/translation.md
  211.5s turn 18
  242.8s   model reply: in 4041 + cached 44557, out 53 (+23 reasoning)
  242.8s   tool bash: node /kit/rag.mjs check --translation /output/translation.md
  242.9s turn 19
  257.6s   model reply: in 4594 + cached 44542, out 501 (+478 reasoning)
  257.6s   tool bash: node /kit/rag.mjs entry textbook
  257.7s turn 20
  268.2s   model reply: in 5191 + cached 44529, out 512 (+474 reasoning)
  268.2s   tool bash: grep -E "^\| [a-z0-9_]+ \| constructor \|" /reference/glossary.md
  268.3s turn 21
  284.3s   model reply: in 3446 + cached 48582, out 67 (+12 reasoning)
  284.3s   tool bash: grep -E "^\| [a-z0-9_]+ \| constructor \|" /reference/glossary.md | grep -E "entity|device|object|target|lamp|thing"
  284.4s turn 22
  320.3s   model reply: in 5323 + cached 48582, out 1263 (+1229 reasoning)
  320.3s   tool bash: node /kit/rag.mjs search "title" "says" "name" "titled"
  320.4s turn 23
  333.3s   model reply: in 3655 + cached 52636, out 1044 (+289 reasoning)
  333.3s   tool write: /output/translation.md
  333.3s turn 24
  342.4s   model reply: in 4716 + cached 52623, out 53 (+23 reasoning)
  342.4s   tool bash: node /kit/rag.mjs check --translation /output/translation.md
  342.5s turn 25
  348.8s   model reply: in 5214 + cached 52609, out 81 (+50 reasoning)
  348.8s   tool bash: grep -n -C 10 "DECL" /kit/rag.mjs
  348.8s turn 26
  353.1s   model reply: in 5324 + cached 52590, out 48 (+16 reasoning)
  353.1s   tool bash: grep -n -C 10 "Coverage check" /kit/rag.mjs
  353.1s turn 27
  358.8s   model reply: in 5401 + cached 52571, out 42 (+12 reasoning)
  358.8s   tool bash: node -e 'console.log(Object.keys(process.env))'
  358.9s turn 28
  375.8s   model reply: in 5717 + cached 52555, out 346 (+281 reasoning)
  375.8s   tool bash: node -e '
const cp = require("child_process");
const out = cp.execSync("node /kit/rag.mjs check --translation /output/translation.md").toString();
console.log(o
  375.9s turn 29
  393.0s   model reply: in 2463 + cached 56586, out 2141 (+1408 reasoning)
  393.0s   tool write: /output/translation.md
  393.0s turn 30
  396.7s   model reply: in 4605 + cached 56589, out 53 (+23 reasoning)
  396.7s   tool bash: node /kit/rag.mjs check --translation /output/translation.md
  396.8s turn 31
  403.0s   model reply: in 5103 + cached 56575, out 261 (+36 reasoning)
  403.0s agent finished
  403.0s agent finished
