    3.1s turn 1
   35.9s   model reply: in 1792 + cached 0, out 4991 (+4973 reasoning)
   35.9s   tool bash: mkdir -p /output
   35.9s turn 2
   38.2s   model reply: in 6786 + cached 0, out 29 (+12 reasoning)
   38.2s   tool read: /trajectory.txt
   38.3s turn 3
   45.5s   model reply: in 3061 + cached 3940, out 806 (+787 reasoning)
   45.5s   tool bash: xxd /trajectory.txt
   45.5s turn 4
   47.8s   model reply: in 3885 + cached 3945, out 43 (+12 reasoning)
   47.8s   tool bash: python3 -c "print(repr(open('/trajectory.txt').read()))"
   47.8s turn 5
   50.5s   model reply: in 3960 + cached 3936, out 65 (+27 reasoning)
   50.5s   tool bash: node -e "console.log(JSON.stringify(fs.readFileSync('/trajectory.txt', 'utf8')))"
   50.6s turn 6
   60.8s   model reply: in 4242 + cached 3931, out 1310 (+1126 reasoning)
   60.8s   tool write: /output/reconstruction.md
   60.8s turn 7
   64.0s   model reply: in 5545 + cached 3943, out 40 (+20 reasoning)
   64.0s   tool read: /output/reconstruction.md
   64.0s turn 8
   66.6s   model reply: in 5749 + cached 3937, out 90 (+72 reasoning)
   66.7s agent finished
   66.7s agent finished
