    2.3s turn 1
    9.9s   model reply: in 26409 + cached 0, out 625 (+577 reasoning)
    9.9s   tool bash: node /kit/rag.mjs search "marriage" "institution" "opinion" "partner" "fulfillment" "commitment" "outdated" "disagree"
   10.1s turn 2
   21.1s   model reply: in 29191 + cached 0, out 124 (+84 reasoning)
   21.1s   tool bash: node /kit/rag.mjs entry attitude controversial important varies_with interpersonal_stance property_question personal_values beliefs opposes negation
   21.2s turn 3
   33.8s   model reply: in 5890 + cached 24353, out 1660 (+1615 reasoning)
   33.8s   tool bash: node /kit/rag.mjs search "marriage" "neutral" "opinion" "evolved" "perspective" "disagree" "institution"
   34.0s turn 4
   40.6s   model reply: in 5373 + cached 28421, out 73 (+32 reasoning)
   40.6s   tool bash: node /kit/rag.mjs search "marriage" "relationship" "romantic" "evolve" "history" "temporal"
   40.8s turn 5
   55.6s   model reply: in 3064 + cached 32475, out 140 (+34 reasoning)
   55.6s   tool bash: grep -E "^\s*-\s*`?(subject|interpersonal_stance|property_question|attribute_claim|controversial|attitude|important|varies_with|enables|leads_to|meets_needs|des
   55.6s turn 6
   65.3s   model reply: in 3248 + cached 32457, out 108 (+8 reasoning)
   65.3s   tool bash: grep -E "\| (subject|interpersonal_stance|property_question|attribute_claim|controversial|attitude|important|varies_with|enables|leads_to|meets_needs|designed_t
   65.4s turn 7
   76.3s   model reply: in 4576 + cached 32448, out 759 (+713 reasoning)
   76.3s   tool bash: node /kit/rag.mjs search "marriage" "importance" "outdated" "companionship" "commitment" "partner" "necessity"
   76.5s turn 8
   80.5s   model reply: in 3181 + cached 36508, out 75 (+53 reasoning)
   80.5s   tool bash: node /kit/rag.mjs check
   80.5s turn 9
   94.3s   model reply: in 3291 + cached 36489, out 1657 (+1592 reasoning)
   94.3s   tool bash: node /kit/rag.mjs entry ask property_question subject interpersonal_stance gender_identity important attitude varies_with enables meets_needs designed_to_be con
   94.5s turn 10
   98.6s   model reply: in 6974 + cached 36502, out 95 (+61 reasoning)
   98.7s   tool bash: node /kit/rag.mjs entry unaware exclude decline comfortable occurred_recently ongoing attribute_claim involves
   98.8s turn 11
  111.1s   model reply: in 3883 + cached 40547, out 1518 (+1261 reasoning)
  111.1s   tool bash: cat << 'EOF' > /output/translation.md
Status: success
Mode: TRACE

## BrainCode

```braincode
MODE TRACE
ENTRYPOINT Conversation
CONVO Conversation {
  TURN t1 
  111.2s turn 12
  131.8s   model reply: in 5907 + cached 40546, out 4335 (+2996 reasoning)
  131.8s   tool bash: cat << 'EOF' > /output/translation.md
Status: success
Mode: TRACE

## BrainCode

```braincode
MODE TRACE
ENTRYPOINT Conversation
CONVO Conversation {
  TURN t1 
  132.1s turn 13
  140.5s   model reply: in 6796 + cached 44625, out 1096 (+1043 reasoning)
  140.5s   tool bash: node /kit/rag.mjs entry subject property_question ask interpersonal_stance important varies_with contrast meets_needs gender_identity involves designed_to_be un
  140.6s turn 14
  155.6s   model reply: in 5699 + cached 48688, out 3015 (+1663 reasoning)
  155.6s   tool bash: cat << 'EOF' > /output/translation.md
Status: success
Mode: TRACE

## BrainCode

```braincode
MODE TRACE
ENTRYPOINT Conversation
CONVO Conversation {
  TURN t1 
  155.8s turn 15
  163.1s   model reply: in 5278 + cached 52757, out 944 (+914 reasoning)
  163.1s   tool bash: node /kit/rag.mjs check --translation /output/translation.md
  163.2s turn 16
  166.5s   model reply: in 2804 + cached 56808, out 85 (+24 reasoning)
  166.5s agent finished
  166.5s agent finished
