    1.9s turn 1
   11.1s   model reply: in 29524 + cached 0, out 1194 (+1139 reasoning)
   11.1s   tool bash: node /kit/rag.mjs search "chases" "likes" "sees" "young" "big" "cold" "round" "blue" "theory" "True False Unknown"
   11.4s turn 2
   15.5s   model reply: in 33496 + cached 0, out 82 (+48 reasoning)
   15.5s   tool bash: node /kit/rag.mjs entry activity conditional conjunction subject attribute_claim has_state statement requirement
   15.6s turn 3
   19.4s   model reply: in 3008 + cached 32515, out 81 (+38 reasoning)
   19.4s   tool bash: node /kit/rag.mjs search "property" "trait" "attribute" "relation" "predicate" "question" "evaluate"
   19.7s turn 4
   22.7s   model reply: in 5084 + cached 32510, out 77 (+42 reasoning)
   22.7s   tool bash: node /kit/rag.mjs entry property_question has_attribute character_trait test_condition decision
   22.9s turn 5
   26.5s   model reply: in 5739 + cached 32496, out 79 (+34 reasoning)
   26.5s   tool bash: node /kit/rag.mjs search "verification" "validity" "premise" "conclusion" "inference" "logic" "rule"
   26.6s turn 6
   35.0s   model reply: in 3649 + cached 36553, out 1017 (+979 reasoning)
   35.0s   tool bash: node /kit/rag.mjs entry dog animal_label color_label size_large shape_round state_cold
   35.2s turn 7
   38.6s   model reply: in 5081 + cached 36544, out 133 (+99 reasoning)
   38.6s   tool bash: grep -E "\| (constructor|claim_relation) \|" /reference/glossary.md
   38.6s turn 8
   43.8s   model reply: in 2954 + cached 40600, out 53 (+23 reasoning)
   43.8s   tool bash: grep -E "\| claim_relation \|" /reference/glossary.md
   43.8s turn 9
   49.4s   model reply: in 4944 + cached 40596, out 91 (+63 reasoning)
   49.4s   tool bash: node /kit/rag.mjs entry ask inform respond confirm propose acknowledge
   49.5s turn 10
   59.5s   model reply: in 5412 + cached 40580, out 1165 (+1139 reasoning)
   59.5s   tool bash: grep -i "theory" /reference/examples.jsonl
   59.6s turn 11
   63.4s   model reply: in 2539 + cached 44628, out 46 (+22 reasoning)
   63.4s   tool bash: grep "id" /reference/examples.jsonl
   63.4s turn 12
   69.2s   model reply: in 3765 + cached 44618, out 364 (+320 reasoning)
   69.2s   tool bash: node /kit/rag.mjs entry activity attribute_claim has_state has_attribute statement subject conditional conjunction property_question test_condition requirement 
   69.3s turn 13
   79.5s   model reply: in 6144 + cached 44620, out 541 (+515 reasoning)
   79.5s   tool bash: node /kit/rag.mjs entry user role_user
   79.7s turn 14
   85.2s   model reply: in 2715 + cached 48661, out 154 (+128 reasoning)
   85.2s   tool bash: grep -E "holder" /reference/glossary.md
   85.2s turn 15
   88.9s   model reply: in 2978 + cached 48643, out 70 (+33 reasoning)
   88.9s   tool bash: node /kit/rag.mjs search "claim holder" "user" "role_user" "speaker"
   89.0s turn 16
   97.9s   model reply: in 4265 + cached 48635, out 220 (+190 reasoning)
   97.9s   tool bash: node /kit/rag.mjs entry user role_user agent role_agent
   98.0s turn 17
  106.5s   model reply: in 53264 + cached 0, out 833 (+786 reasoning)
  106.5s   tool bash: node /kit/rag.mjs search "chase" "like" "see" "young" "big" "cold" "round" "blue"
  106.6s turn 18
  120.2s   model reply: in 56363 + cached 0, out 1392 (+1367 reasoning)
  120.2s   tool bash: node /kit/rag.mjs entry lexical_label
  120.3s turn 19
  129.2s   model reply: in 5546 + cached 52679, out 416 (+376 reasoning)
  129.2s   tool bash: grep -E "\| constructor \|" /reference/glossary.md | cut -d'|' -f2,4
  129.2s turn 20
  173.1s   model reply: in 4072 + cached 56737, out 7444 (+4914 reasoning)
  173.1s   tool bash: mkdir -p /output
cat << 'EOF' > /output/translation.md
Status: success
Mode: REQUEST

## BrainCode

```braincode
MODE REQUEST
ENTRYPOINT Conversation
CONVO Conv
  173.2s turn 21
  174.3s   model reply: in 0 + cached 0, out 0 (+0 reasoning)
  174.3s agent finished
  176.3s turn 22
  189.9s   model reply: in 0 + cached 0, out 0 (+0 reasoning)
  189.9s agent finished
  193.9s turn 23
  220.6s   model reply: in 0 + cached 0, out 0 (+0 reasoning)
  220.6s agent finished
  228.6s turn 24
  312.1s   model reply: in 68968 + cached 0, out 3957 (+2073 reasoning)
  312.1s   tool bash: cat << 'EOF' > /output/test_check.md
Status: success
Mode: REQUEST

## BrainCode

```braincode
MODE REQUEST
ENTRYPOINT Conversation
CONVO Conversation {
  TURN 
  312.2s turn 25
  356.6s   model reply: in 51298 + cached 0, out 4315 (+1763 reasoning)
  356.6s   tool write: /output/translation.md
  356.6s turn 26
  360.5s   model reply: in 6808 + cached 48809, out 53 (+23 reasoning)
  360.5s   tool bash: node /kit/rag.mjs check --translation /output/translation.md
  360.6s turn 27
  367.6s   model reply: in 3524 + cached 52861, out 38 (+14 reasoning)
  367.6s   tool bash: rm -f /output/test_check.md
  367.6s turn 28
  375.5s   model reply: in 3585 + cached 52841, out 42 (+12 reasoning)
  375.5s   tool bash: node /kit/rag.mjs check --translation /output/translation.md
  375.6s turn 29
  391.9s   model reply: in 4357 + cached 52826, out 123 (+19 reasoning)
  391.9s agent finished
  391.9s agent finished
