    6.7s turn 1
   16.7s   model reply: in 13465 + cached 0, out 1627 (+1611 reasoning)
   16.7s   tool bash: ls -la
   16.8s turn 2
   19.3s   model reply: in 3061 + cached 12085, out 40 (+14 reasoning)
   19.3s   tool bash: ls -la /kit 2>/dev/null || true
   19.3s turn 3
   21.8s   model reply: in 3282 + cached 12071, out 43 (+24 reasoning)
   21.8s   tool read: /kit/README.md
   21.8s turn 4
   33.7s   model reply: in 4488 + cached 12070, out 1960 (+1930 reasoning)
   33.7s   tool bash: find / -name "*mind2web*" 2>/dev/null || true
   33.7s turn 5
   36.8s   model reply: in 2416 + cached 16105, out 33 (+16 reasoning)
   36.8s   tool bash: ls -la /
   36.8s turn 6
   39.5s   model reply: in 3238 + cached 16099, out 37 (+20 reasoning)
   39.5s   tool read: /prompt.md
   39.5s turn 7
   42.3s   model reply: in 3751 + cached 16088, out 46 (+26 reasoning)
   42.3s   tool bash: ls -la /reference /session
   42.4s turn 8
   45.9s   model reply: in 4168 + cached 16077, out 48 (+28 reasoning)
   45.9s   tool read: /reference/examples.jsonl
   45.9s turn 9
   74.8s   model reply: in 21463 + cached 0, out 4076 (+4028 reasoning)
   74.8s   tool bash: grep -i -C 3 "web_element" /reference/glossary.md /reference/glossary.jsonl 2>/dev/null || true
   74.9s turn 10
   79.1s   model reply: in 6792 + cached 20158, out 79 (+38 reasoning)
   79.1s   tool bash: grep -i -C 3 "type_text" /reference/glossary.jsonl 2>/dev/null || true
   79.2s turn 11
   83.0s   model reply: in 5056 + cached 24202, out 87 (+50 reasoning)
   83.0s   tool bash: grep -i -rn "mind2web" /reference /attach /kit 2>/dev/null || true
   83.3s turn 12
  114.2s   model reply: in 5163 + cached 24185, out 4792 (+4763 reasoning)
  114.2s   tool bash: find / -name "*reconstruction*" 2>/dev/null || true
  114.4s turn 13
  118.5s   model reply: in 5882 + cached 28261, out 45 (+24 reasoning)
  118.5s   tool read: /kit/needs_prompt.md
  118.5s turn 14
  176.0s   model reply: in 2578 + cached 32288, out 9043 (+8808 reasoning)
  176.0s   tool write: /output/reconstruction.md
  176.0s turn 15
  179.3s   model reply: in 11547 + cached 32367, out 39 (+19 reasoning)
  179.3s   tool read: /output/reconstruction.md
  179.3s turn 16
  182.8s   model reply: in 3721 + cached 40441, out 38 (+24 reasoning)
  182.8s agent finished
  182.8s agent finished
