    7.7s turn 1
   13.2s   model reply: in 32219 + cached 0, out 440 (+389 reasoning)
   13.2s   tool bash: node /kit/rag.mjs search "quiet" "rough" "nice" "furry" "big" "blue" "round" "theory" "proofwriter"
   15.2s turn 2
   18.5s   model reply: in 6694 + cached 28466, out 102 (+70 reasoning)
   18.5s   tool bash: node /kit/rag.mjs entry attribute_claim character_trait conditional negation conjunction statement
   18.6s turn 3
   23.2s   model reply: in 3427 + cached 32518, out 100 (+53 reasoning)
   23.2s   tool bash: node /kit/rag.mjs search "property" "trait" "universal" "entity" "all" "theory" "premise" "rule"
   23.3s turn 4
   26.8s   model reply: in 5747 + cached 32514, out 69 (+34 reasoning)
   26.8s   tool bash: node /kit/rag.mjs entry has_attribute possesses constrained_by focus_of reason_for
   27.0s turn 5
   30.2s   model reply: in 2497 + cached 36564, out 83 (+49 reasoning)
   30.2s   tool bash: grep -E "\| (constructor|claim_relation) \|" /reference/glossary.md
   30.3s turn 6
   40.7s   model reply: in 4382 + cached 36558, out 1311 (+1256 reasoning)
   40.7s   tool bash: node /kit/rag.mjs search "attribute_claim" "has_attribute" "character_trait" "conditional" "statement" "subject" "requirement" "ask" "inform"
   41.0s turn 7
   59.3s   model reply: in 4586 + cached 40632, out 120 (+74 reasoning)
   59.3s   tool bash: node /kit/rag.mjs search "verify" "truth" "question" "evaluate" "assessment" "proof" "logic" "rule"
   59.6s turn 8
   77.0s   model reply: in 2772 + cached 44692, out 2478 (+2433 reasoning)
   77.0s   tool bash: node /kit/rag.mjs search "proofwriter" "theory" "premise" "rule" "inference" "logic" "entity"
   77.2s turn 9
   80.8s   model reply: in 7130 + cached 44704, out 68 (+38 reasoning)
   80.8s   tool bash: node /kit/rag.mjs widen "Anne is big" --kind claim
   80.9s turn 10
   97.4s   model reply: in 4777 + cached 48760, out 2545 (+2496 reasoning)
   97.4s   tool bash: node /kit/rag.mjs search "is True, False, or Unknown" "Based only on the theory" "Anne is quiet" "statement" "conditional"
   97.5s turn 11
  101.4s   model reply: in 4655 + cached 52832, out 114 (+61 reasoning)
  101.4s   tool bash: grep -E "^\| [a-z0-9_]+ \| (constructor|composite|claim_relation) \|" /reference/glossary.md | head -n 40
  101.5s turn 12
  105.5s   model reply: in 2507 + cached 56890, out 84 (+47 reasoning)
  105.5s   tool bash: node /kit/rag.mjs entry subject requirement character_trait property_question statement attribute_claim has_attribute
  105.6s turn 13
  108.8s   model reply: in 3997 + cached 56880, out 65 (+25 reasoning)
  108.8s   tool bash: grep -E "^\| [a-z0-9_]+ \| claim_relation \|" /reference/glossary.md
  108.9s turn 14
  112.0s   model reply: in 6000 + cached 56875, out 52 (+12 reasoning)
  112.0s   tool bash: grep -E "^\| [a-z0-9_]+ \| speech_act \|" /reference/glossary.md
  112.1s turn 15
  115.9s   model reply: in 2480 + cached 60921, out 49 (+11 reasoning)
  115.9s   tool bash: grep -E "^\| [a-z0-9_]+ \| link \|" /reference/glossary.md
  116.0s turn 16
  119.4s   model reply: in 2767 + cached 60902, out 67 (+18 reasoning)
  119.4s   tool bash: tail -n +35 <(grep -E "^\| [a-z0-9_]+ \| claim_relation \|" /reference/glossary.md)
  119.5s turn 17
  129.1s   model reply: in 4505 + cached 60896, out 1356 (+1332 reasoning)
  129.1s   tool bash: node /kit/rag.mjs check --help
  129.1s turn 18
  134.4s   model reply: in 5886 + cached 60887, out 324 (+273 reasoning)
  134.4s   tool bash: node /kit/rag.mjs entry ask inform statement attribute_claim has_attribute conditional conjunction negation character_trait requirement subject shape_round size
  134.5s turn 19
  140.7s   model reply: in 4040 + cached 64944, out 557 (+513 reasoning)
  140.7s   tool bash: node /kit/rag.mjs search "nice" "rough" "furry" "quiet" "big" "round" "blue"
  140.8s turn 20
  150.3s   model reply: in 46800 + cached 0, out 93 (+54 reasoning)
  150.3s   tool bash: node /kit/rag.mjs search "theory" "proofwriter" "premise" "rule" "inference"
  150.5s turn 21
  155.8s   model reply: in 3594 + cached 44637, out 58 (+20 reasoning)
  155.8s   tool bash: grep -E "^\| [a-z0-9_]+ \| constructor \|" /reference/glossary.md
  155.9s turn 22
  163.3s   model reply: in 5452 + cached 44633, out 137 (+82 reasoning)
  163.3s   tool bash: grep -E "^\| [a-z0-9_]+ \| constructor \|" /reference/glossary.md | grep -E "property|attribute|trait|predicate|entity|condition"
  163.4s turn 23
  194.1s   model reply: in 3293 + cached 48687, out 4130 (+3399 reasoning)
  194.1s   tool bash: cat << 'EOF' > /output/translation.md
Status: success
Mode: REQUEST

## BrainCode

```braincode
MODE REQUEST
ENTRYPOINT Conversation
CONVO Conversation {
  TURN
  194.2s turn 24
  212.7s   model reply: in 8107 + cached 48707, out 2897 (+2819 reasoning)
  212.7s   tool bash: node /kit/rag.mjs widen "Anne" --kind object
node /kit/rag.mjs widen "Dave" --kind object
node /kit/rag.mjs widen "Fiona" --kind object
node /kit/rag.mjs widen 
  213.2s turn 25
  220.8s   model reply: in 63108 + cached 0, out 698 (+675 reasoning)
  220.8s   tool bash: node /kit/rag.mjs entry character
  221.0s turn 26
  226.5s   model reply: in 2966 + cached 60904, out 340 (+284 reasoning)
  226.5s   tool bash: grep -i "proof" /reference/glossary.md
grep -i "conditional" /reference/glossary.md
grep -i "consequence" /reference/glossary.md

  226.6s turn 27
  230.0s   model reply: in 4084 + cached 60892, out 91 (+50 reasoning)
  230.0s   tool bash: grep -i "statement" /reference/examples.jsonl
grep -i "conditional" /reference/examples.jsonl

  230.1s turn 28
  233.9s   model reply: in 4204 + cached 60873, out 46 (+15 reasoning)
  233.9s   tool bash: grep -o '"id": "[^"]*"' /reference/examples.jsonl
  233.9s turn 29
  253.1s   model reply: in 4344 + cached 60853, out 3105 (+1861 reasoning)
  253.1s   tool bash: cat << 'EOF' > /tmp/test_draft.braincode
MODE REQUEST
ENTRYPOINT Conversation
CONVO Conversation {
  TURN t1 SPEAKER=USER {
    CLAIM attribute_claim(property="
  253.1s turn 30
  265.7s   model reply: in 3387 + cached 64918, out 1955 (+36 reasoning)
  265.7s   tool bash: cat << 'EOF' > /output/translation.md
Status: success
Mode: REQUEST

## BrainCode

```braincode
MODE REQUEST
ENTRYPOINT Conversation
CONVO Conversation {
  TURN
  265.9s turn 31
  286.7s   model reply: in 51869 + cached 0, out 1853 (+1766 reasoning)
  286.7s   tool bash: node /kit/rag.mjs widen "All nice things are big" --kind reasoning
node /kit/rag.mjs widen "If something is blue and not rough then it is not round" --kind reas
  287.1s turn 32
  303.4s   model reply: in 8354 + cached 48784, out 1973 (+1932 reasoning)
  303.4s   tool bash: grep "TERM.*property" /reference/glossary.md
grep "TERM.*subject" /reference/glossary.md

  303.5s turn 33
  309.6s   model reply: in 4175 + cached 56922, out 378 (+339 reasoning)
  309.6s   tool bash: node /kit/rag.mjs check --translation /output/translation.md
echo "Exit code: $?"

  309.8s turn 34
  321.0s   model reply: in 5298 + cached 56910, out 1362 (+1337 reasoning)
  321.0s   tool bash: node /kit/rag.mjs entry role_user
  321.1s turn 35
  327.0s   model reply: in 2652 + cached 60964, out 330 (+307 reasoning)
  327.0s   tool bash: node /kit/rag.mjs entry ask
  327.1s turn 36
  343.0s   model reply: in 3072 + cached 60946, out 2568 (+591 reasoning)
  343.0s   tool write: /output/translation.md
  343.0s turn 37
  347.6s   model reply: in 5648 + cached 60942, out 53 (+23 reasoning)
  347.6s   tool bash: node /kit/rag.mjs check --translation /output/translation.md
  347.7s turn 38
  351.4s   model reply: in 2381 + cached 64989, out 98 (+35 reasoning)
  351.4s agent finished
  351.4s agent finished
