    5.8s turn 1
   14.1s   model reply: in 12706 + cached 0, out 957 (+940 reasoning)
   14.1s   tool bash: ls -la /
   14.2s turn 2
   20.0s   model reply: in 0 + cached 0, out 0 (+0 reasoning)
   20.1s agent finished
   22.1s turn 3
   35.5s   model reply: in 0 + cached 0, out 0 (+0 reasoning)
   35.5s agent finished
   39.5s turn 4
   66.1s   model reply: in 0 + cached 0, out 0 (+0 reasoning)
   66.1s agent finished
   74.1s turn 5
  146.1s   model reply: in 14446 + cached 0, out 34 (+14 reasoning)
  146.1s   tool bash: ls -la /reference /kit
  146.1s turn 6
  165.0s   model reply: in 2797 + cached 12063, out 55 (+35 reasoning)
  165.0s   tool read: /reference/examples.jsonl
  165.0s turn 7
  187.2s   model reply: in 4021 + cached 12064, out 663 (+631 reasoning)
  187.2s   tool bash: grep -i "alfred" /kit/* /reference/* 2>/dev/null
  187.2s turn 8
  241.6s   model reply: in 16758 + cached 0, out 41 (+20 reasoning)
  241.6s   tool read: /kit/needs_prompt.md
  241.6s turn 9
  259.8s   model reply: in 5425 + cached 12052, out 2295 (+2272 reasoning)
  259.8s   tool bash: node /kit/rag.mjs entry turn
  260.0s turn 10
  285.8s   model reply: in 3753 + cached 16088, out 53 (+20 reasoning)
  285.8s   tool bash: grep -A 10 "rule_operations_general" /reference/glossary.md
  285.8s turn 11
  296.6s   model reply: in 4389 + cached 16080, out 72 (+25 reasoning)
  296.6s   tool bash: grep -E '"id": "(turn|walk|face|pick_up|place|slice|chill|remove)"' /reference/glossary.jsonl
  296.7s turn 12
  301.5s   model reply: in 4486 + cached 16065, out 88 (+41 reasoning)
  301.5s   tool bash: grep -E '"symbol": "(turn|walk|face|pick_up|place|slice|chill|remove)"' /reference/glossary.jsonl
  301.5s turn 13
  310.8s   model reply: in 5761 + cached 16067, out 86 (+45 reasoning)
  310.8s   tool bash: grep -i -E "alfred|embodied|thor|instruction" /reference/* /kit/* 2>/dev/null
  310.9s turn 14
  345.1s   model reply: in 3717 + cached 20098, out 3282 (+3261 reasoning)
  345.1s   tool bash: find /reference /kit -type f
  345.1s turn 15
  362.3s   model reply: in 27174 + cached 0, out 43 (+24 reasoning)
  362.3s   tool read: /kit/README.md
  362.3s turn 16
  394.7s   model reply: in 4226 + cached 24153, out 88 (+57 reasoning)
  394.7s   tool bash: ls -la /item* /rag* /needs* 2>/dev/null
  394.7s turn 17
  459.7s   model reply: in 4341 + cached 24136, out 6307 (+6272 reasoning)
  459.7s   tool bash: grep -n -C 3 -i "clause" /attach/1-language-spec.md
  459.7s turn 18
  475.7s   model reply: in 7054 + cached 28239, out 2097 (+2063 reasoning)
  475.7s   tool bash: grep -n "NL:" /reference/glossary.jsonl /reference/examples.jsonl
  475.8s turn 19
  509.5s   model reply: in 7403 + cached 32310, out 5425 (+5273 reasoning)
  509.5s   tool write: /output/reconstruction.md
  509.5s turn 20
  513.2s   model reply: in 8753 + cached 36390, out 39 (+19 reasoning)
  513.2s   tool read: /output/reconstruction.md
  513.2s turn 21
  518.0s   model reply: in 4893 + cached 40415, out 140 (+113 reasoning)
  518.0s agent finished
  518.0s agent finished
