   11.9s turn 1
   24.4s   model reply: in 30964 + cached 0, out 1647 (+1605 reasoning)
   24.4s   tool bash: node /kit/rag.mjs search "referendum" "vote" "independence" "Scotland" "United Kingdom" "government"
   25.2s turn 2
   29.5s   model reply: in 5850 + cached 28461, out 86 (+33 reasoning)
   29.5s   tool bash: node /kit/rag.mjs search "decision" "policy" "opinion" "stance" "neutral" "belief" "turnout" "margin" "party" "debate"
   30.7s turn 3
   34.4s   model reply: in 4650 + cached 32526, out 92 (+54 reasoning)
   34.4s   tool bash: node /kit/rag.mjs entry decision policy_document group_size tone_neutral topic_politics tone_urgent
   35.1s turn 4
   39.1s   model reply: in 5232 + cached 32511, out 125 (+79 reasoning)
   39.1s   tool bash: node /kit/rag.mjs search "percentage" "quantity" "measure" "duration" "time" "rate" "count" "contrast"
   39.7s turn 5
   43.5s   model reply: in 3764 + cached 36573, out 164 (+107 reasoning)
   43.5s   tool bash: node /kit/rag.mjs entry rate measure duration time_point time_horizon attribute_claim statement possesses argues_for opposes enables varies_with involves has_go
   43.7s turn 6
   51.5s   model reply: in 5902 + cached 36569, out 1055 (+970 reasoning)
   51.5s   tool bash: node /kit/rag.mjs entry subject activity exists_in time_point time_horizon measure unit_percent unit_year rate opposes argues_for varies_with controversial ongo
   51.8s turn 7
   56.1s   model reply: in 4959 + cached 40635, out 79 (+24 reasoning)
   56.1s   tool bash: node /kit/rag.mjs entry varies_with controversial ongoing occurred_recently contrast statement possesses attitude involves has_goal provides designed_to_be fail
   56.3s turn 8
   60.1s   model reply: in 2960 + cached 44693, out 91 (+62 reasoning)
   60.1s   tool bash: node /kit/rag.mjs entry ask inform decline respond confirm acknowledge apologize
   60.4s turn 9
   64.2s   model reply: in 3502 + cached 44677, out 69 (+38 reasoning)
   64.2s   tool bash: node /kit/rag.mjs entry country::GB country::UK united_kingdom
   64.5s turn 10
   69.9s   model reply: in 4042 + cached 44661, out 382 (+330 reasoning)
   69.9s   tool bash: node /kit/rag.mjs search "referendum" "election" "vote" "autonomy" "agreement" "tax" "welfare" "majority" "uncertain"
   70.3s turn 11
   74.3s   model reply: in 6889 + cached 44664, out 150 (+92 reasoning)
   74.3s   tool bash: grep -E "^\| [a-z0-9_]+ \| (constructor|composite|claim_relation|link|speech_act)" /reference/glossary.md | head -n 100
   74.4s turn 12
   78.4s   model reply: in 4829 + cached 48720, out 63 (+23 reasoning)
   78.4s   tool bash: grep -E "^\| [a-z0-9_]+ \| claim_relation \|" /reference/glossary.md
   78.6s turn 13
   82.3s   model reply: in 2769 + cached 52776, out 60 (+13 reasoning)
   82.3s   tool bash: grep -E "^\| [a-z0-9_]+ \| claim_relation \|" /reference/glossary.md | tail -n +30
   83.1s turn 14
   90.3s   model reply: in 4779 + cached 52773, out 68 (+30 reasoning)
   90.3s   tool bash: grep -E "^\| [a-z0-9_]+ \| constructor \|" /reference/glossary.md
   90.7s turn 15
   94.2s   model reply: in 2589 + cached 56827, out 64 (+19 reasoning)
   94.2s   tool bash: grep -E "^\| [a-z0-9_]+ \| constructor \|" /reference/glossary.md | tail -n +25
   94.4s turn 16
   98.2s   model reply: in 4494 + cached 56823, out 60 (+15 reasoning)
   98.2s   tool bash: grep -E "^\| [a-z0-9_]+ \| constructor \|" /reference/glossary.md | tail -n +50
   98.9s turn 17
  103.3s   model reply: in 2249 + cached 60876, out 62 (+17 reasoning)
  103.3s   tool bash: grep -E "^\| [a-z0-9_]+ \| constructor \|" /reference/glossary.md | tail -n +75
  103.6s turn 18
  153.7s   model reply: in 3004 + cached 60862, out 8336 (+8314 reasoning)
  153.7s   tool bash: node /kit/rag.mjs check
  153.8s turn 19
  168.7s   model reply: in 48722 + cached 0, out 348 (+271 reasoning)
  168.7s   tool bash: node /kit/rag.mjs entry subject property_question time_point time_horizon historical_event measure group_size conditional decision activity negation requirement
  168.8s turn 20
  173.2s   model reply: in 6438 + cached 44718, out 151 (+96 reasoning)
  173.2s   tool bash: node /kit/rag.mjs entry controversial ongoing opposes argues_for varies_with attribute_claim statement involves enables leads_to possesses provides designed_to_
  173.3s turn 21
  177.6s   model reply: in 4556 + cached 48778, out 57 (+30 reasoning)
  177.6s   tool bash: node /kit/rag.mjs entry contrast supports ask decline apologize
  177.8s turn 22
  216.0s   model reply: in 4949 + cached 48761, out 5875 (+3244 reasoning)
  216.0s   tool write: /output/translation.md
  216.1s turn 23
  220.4s   model reply: in 6746 + cached 52843, out 63 (+33 reasoning)
  220.4s   tool bash: node /kit/rag.mjs check --translation /output/translation.md
  221.1s turn 24
  228.4s   model reply: in 3662 + cached 56894, out 542 (+514 reasoning)
  228.4s   tool bash: node /kit/rag.mjs entry united_kingdom unit_year
  229.6s turn 25
  235.5s   model reply: in 4348 + cached 56879, out 296 (+271 reasoning)
  235.5s   tool bash: node /kit/rag.mjs widen "Scotland"
  236.8s turn 26
  255.9s   model reply: in 5891 + cached 56870, out 2729 (+90 reasoning)
  255.9s   tool write: /output/translation.md
  255.9s turn 27
  261.0s   model reply: in 4564 + cached 60930, out 53 (+23 reasoning)
  261.0s   tool bash: node /kit/rag.mjs check --translation /output/translation.md
  261.5s turn 28
  286.8s   model reply: in 5610 + cached 60918, out 3694 (+3664 reasoning)
  286.8s   tool bash: node /kit/rag.mjs check --translation /output/translation.md
  288.4s turn 29
  303.3s   model reply: in 50104 + cached 0, out 148 (+52 reasoning)
  303.5s agent finished
  303.5s agent finished
