    1.8s turn 1
   17.4s   model reply: in 0 + cached 0, out 0 (+0 reasoning)
   17.4s agent finished
   19.4s turn 2
  245.2s   model reply: in 30098 + cached 0, out 549 (+518 reasoning)
  245.3s   tool bash: node /kit/rag.mjs search "cook" "between" "corner"
  245.5s turn 3
  266.2s   model reply: in 3067 + cached 28442, out 124 (+86 reasoning)
  266.2s   tool bash: node /kit/rag.mjs entry heat microwave state_microwaved place pick_up walk turn face open close
  266.3s turn 4
  279.2s   model reply: in 4447 + cached 28433, out 994 (+972 reasoning)
  279.2s   tool bash: node /kit/rag.mjs check
  279.2s turn 5
  291.1s   model reply: in 5468 + cached 28422, out 52 (+29 reasoning)
  291.1s   tool bash: node /kit/rag.mjs --help
  291.1s turn 6
  310.7s   model reply: in 5576 + cached 28404, out 40 (+18 reasoning)
  310.7s   tool bash: node /kit/rag.mjs needs
  326.1s turn 7
  337.9s   model reply: in 4126 + cached 32464, out 1103 (+1075 reasoning)
  337.9s   tool bash: grep -rn "CONVO" /reference/ /kit/ || true
  338.0s turn 8
  345.0s   model reply: in 2930 + cached 36527, out 1121 (+1091 reasoning)
  345.0s   tool read: /kit/rag.mjs
  345.0s turn 9
  356.7s   model reply: in 5529 + cached 36525, out 901 (+867 reasoning)
  356.7s   tool bash: node /kit/rag.mjs entry heat pick_up place walk face turn open close remove drop
  356.8s turn 10
  362.8s   model reply: in 3691 + cached 40582, out 185 (+154 reasoning)
  362.8s   tool bash: node /kit/rag.mjs search "open" "close" "microwave"
  363.0s turn 11
  368.2s   model reply: in 4801 + cached 40571, out 44 (+23 reasoning)
  368.2s   tool bash: cat /reference/examples.jsonl
  368.2s turn 12
  385.5s   model reply: in 6024 + cached 40562, out 2978 (+1863 reasoning)
  385.5s   tool write: /output/translation.md
  385.5s turn 13
  390.7s   model reply: in 4946 + cached 44622, out 45 (+23 reasoning)
  390.7s   tool bash: node /kit/rag.mjs check
  390.8s turn 14
  401.5s   model reply: in 5907 + cached 44610, out 424 (+382 reasoning)
  401.5s   tool bash: node /kit/rag.mjs search "face" "between" "corner" "next_to" "table" "egg"
  401.6s turn 15
  407.0s   model reply: in 4056 + cached 48666, out 661 (+631 reasoning)
  407.0s   tool bash: node /kit/rag.mjs entry microwave door shelf counter sink stove table corner
  407.1s turn 16
  414.6s   model reply: in 5122 + cached 48656, out 108 (+76 reasoning)
  414.6s   tool bash: node /kit/rag.mjs entry apple food_label object_label color_label
  414.7s turn 17
  418.9s   model reply: in 5647 + cached 48641, out 273 (+242 reasoning)
  418.9s   tool bash: node /kit/rag.mjs search "retired" "pillow" "sponge"
  419.0s turn 18
  425.4s   model reply: in 2756 + cached 52685, out 650 (+616 reasoning)
  425.4s   tool bash: node /kit/rag.mjs search "red" "black" "white" "brown"
  425.5s turn 19
  432.3s   model reply: in 4571 + cached 52683, out 717 (+692 reasoning)
  432.3s   tool bash: node /kit/rag.mjs search "kitchen"
  432.4s turn 20
  437.0s   model reply: in 5562 + cached 52672, out 267 (+231 reasoning)
  437.0s   tool bash: node /kit/rag.mjs search "spatial" "between" "relative_position" --kind constructor
  437.2s turn 21
  440.1s   model reply: in 2661 + cached 56715, out 51 (+14 reasoning)
  440.1s   tool bash: node /kit/rag.mjs entry spatial_state in on between next_to left_of right_of
  440.2s turn 22
  468.7s   model reply: in 3100 + cached 56699, out 5398 (+4223 reasoning)
  468.7s   tool write: /output/translation.md
  468.7s turn 23
  471.5s   model reply: in 8472 + cached 56729, out 37 (+15 reasoning)
  471.5s   tool bash: node /kit/rag.mjs check
  471.6s turn 24
  490.6s   model reply: in 5359 + cached 60770, out 3714 (+2747 reasoning)
  490.6s   tool write: /output/translation.md
  490.6s turn 25
  493.6s   model reply: in 5011 + cached 64836, out 37 (+15 reasoning)
  493.6s   tool bash: node /kit/rag.mjs check
  493.7s turn 26
  508.9s   model reply: in 55008 + cached 0, out 1358 (+417 reasoning)
  508.9s   tool write: /output/translation.md
  508.9s turn 27
  512.1s   model reply: in 3663 + cached 52707, out 37 (+15 reasoning)
  512.1s   tool bash: node /kit/rag.mjs check
  512.3s turn 28
  516.4s   model reply: in 4555 + cached 52695, out 231 (+138 reasoning)
  516.4s agent finished
  516.4s agent finished
