    7.4s turn 1
   19.5s   model reply: in 26456 + cached 0, out 1754 (+1703 reasoning)
   19.5s   tool bash: node /kit/rag.mjs search "video game" "complete game" "ask for help" "tailored solution" "error message glitch" "boss fight puzzle quest"
   20.5s turn 2
   23.9s   model reply: in 5604 + cached 24369, out 95 (+59 reasoning)
   23.9s   tool bash: node /kit/rag.mjs widen "User is failing to complete a specific video game" --kind claim
   24.1s turn 3
   28.0s   model reply: in 3555 + cached 28426, out 171 (+122 reasoning)
   28.0s   tool bash: node /kit/rag.mjs entry cat_game activity ask offer_help confirm offer propose express_interest respond inform acknowledge enables failure issue warning raises_
   28.3s turn 4
   32.1s   model reply: in 5807 + cached 28424, out 56 (+31 reasoning)
   32.1s   tool bash: node /kit/rag.mjs entry subject conjunction requirement
   32.3s turn 5
   37.1s   model reply: in 2510 + cached 32470, out 447 (+392 reasoning)
   37.1s   tool bash: grep -E "(game|play|video|help|solution|detail|error|glitch|level|boss|quest|puzzle|achievement|platform|title)" /reference/glossary.md
   37.3s turn 6
   40.7s   model reply: in 37289 + cached 0, out 97 (+47 reasoning)
   40.7s   tool bash: grep -E "^\| [a-z0-9_]+ \| (constructor|speech_act|claim_relation|link) \|" /reference/glossary.md
   40.8s turn 7
   44.9s   model reply: in 6766 + cached 32466, out 148 (+98 reasoning)
   44.9s   tool bash: grep -E "^\| [a-z0-9_]+ \| constructor \|" /reference/glossary.md | cut -d'|' -f2,4
   44.9s turn 8
   48.1s   model reply: in 5024 + cached 36524, out 65 (+13 reasoning)
   48.1s   tool bash: grep -E "^\| [a-z0-9_]+ \| claim_relation \|" /reference/glossary.md | cut -d'|' -f2,4
   48.2s turn 9
   68.5s   model reply: in 6349 + cached 36516, out 71 (+21 reasoning)
   68.5s   tool bash: grep -E "^\| [a-z0-9_]+ \| composite \|" /reference/glossary.md | cut -d'|' -f2,4
   68.5s turn 10
   76.2s   model reply: in 3004 + cached 40559, out 111 (+65 reasoning)
   76.2s   tool bash: node /kit/rag.mjs entry role_user role_agent cat_game topic_baldurs_gate_3 topic_spider_man_2
   76.3s turn 11
   89.7s   model reply: in 3376 + cached 40542, out 1892 (+1854 reasoning)
   89.7s   tool bash: grep -n "cat_game" /reference/glossary.md /attach/2-rag_context.md
   89.9s turn 12
   94.0s   model reply: in 5961 + cached 40546, out 99 (+75 reasoning)
   94.0s   tool bash: node /kit/rag.mjs check --help
   94.1s turn 13
  102.7s   model reply: in 2041 + cached 44581, out 940 (+889 reasoning)
  102.7s   tool bash: grep -E "(failure|complete|activity|user_practice|user_preference|has_goal|involves|occurred|statement)" /reference/glossary.md
  102.7s turn 14
  107.4s   model reply: in 4809 + cached 44588, out 170 (+147 reasoning)
  107.4s   tool bash: node /kit/rag.mjs entry negation
  108.1s turn 15
  111.9s   model reply: in 5076 + cached 44571, out 87 (+49 reasoning)
  111.9s   tool bash: node /kit/rag.mjs entry user_practice has_state has_goal attribute_claim statement meets_needs
  112.0s turn 16
  119.9s   model reply: in 2136 + cached 48613, out 732 (+689 reasoning)
  119.9s   tool bash: node /kit/rag.mjs entry property_question well_wishes express_interest enables offer_help offer ask confirm respond interpersonal_stance
  120.1s turn 17
  129.5s   model reply: in 11828 + cached 40507, out 1084 (+1039 reasoning)
  129.5s   tool bash: node /kit/rag.mjs search "express anticipation" "gaming platform" "error glitch" "game title" "stuck level boss fight"
  129.7s turn 18
  141.1s   model reply: in 6294 + cached 48615, out 1172 (+1148 reasoning)
  141.1s   tool bash: grep -rn "cat_game" /reference/
  141.2s turn 19
  145.8s   model reply: in 3547 + cached 52659, out 206 (+181 reasoning)
  145.8s   tool bash: grep -rn "subject(" /reference/ /attach/
  145.9s turn 20
  150.0s   model reply: in 5795 + cached 52662, out 168 (+141 reasoning)
  150.0s   tool bash: grep -rn '"expansion"' /reference/glossary.jsonl
  150.0s turn 21
  161.6s   model reply: in 4281 + cached 56719, out 1352 (+1326 reasoning)
  161.6s   tool bash: node /kit/rag.mjs check --help || true
  161.6s turn 22
  168.0s   model reply: in 5650 + cached 56712, out 569 (+57 reasoning)
  168.0s   tool bash: node -e '
const fs = require("fs");
const content = `Status: success
Mode: TRACE

## BrainCode

\`\`\`braincode
MODE TRACE
ENTRYPOINT Conversation
CONVO Convers
  168.4s turn 23
  209.1s   model reply: in 2531 + cached 60752, out 5880 (+4966 reasoning)
  209.1s   tool bash: node -e '
const fs = require("fs");
const testBC = `Status: success
Mode: TRACE

## BrainCode

\`\`\`braincode
MODE TRACE
ENTRYPOINT Conversation
CONVO Conversa
  209.3s turn 24
  224.1s   model reply: in 8736 + cached 60794, out 1983 (+1013 reasoning)
  224.1s   tool bash: node -e '
const fs = require("fs");
const testBC = `Status: success
Mode: TRACE

## BrainCode

\`\`\`braincode
MODE TRACE
ENTRYPOINT Conversation
CONVO Conversa
  224.3s turn 25
  238.4s   model reply: in 48393 + cached 0, out 105 (+80 reasoning)
  238.4s   tool bash: node /kit/rag.mjs entry cat_game
  238.6s turn 26
  243.5s   model reply: in 3899 + cached 44640, out 290 (+125 reasoning)
  243.5s   tool bash: node -e '
const fs = require("fs");
const testBC = `Status: success
Mode: TRACE

## BrainCode

\`\`\`braincode
MODE TRACE
ENTRYPOINT Conversation
CONVO Conversa
  243.7s turn 27
  263.4s   model reply: in 4501 + cached 44625, out 3119 (+2125 reasoning)
  263.4s   tool bash: node -e '
const fs = require("fs");
const testBC = `Status: success
Mode: TRACE

## BrainCode

\`\`\`braincode
MODE TRACE
ENTRYPOINT Conversation
CONVO Conversa
  263.6s turn 28
  274.6s   model reply: in 3947 + cached 48693, out 1554 (+1504 reasoning)
  274.6s   tool bash: node /kit/rag.mjs entry cat_game subject activity role_user negation statement offer_help ask offer role_agent propose property_question indicator conjunction e
  274.9s turn 29
  286.3s   model reply: in 7506 + cached 48703, out 1661 (+711 reasoning)
  286.3s   tool write: /output/translation.md
  286.3s turn 30
  293.1s   model reply: in 57874 + cached 0, out 54 (+24 reasoning)
  293.1s   tool bash: node /kit/rag.mjs check --translation /output/translation.md
  293.2s turn 31
  307.2s   model reply: in 5587 + cached 52736, out 211 (+129 reasoning)
  307.3s agent finished
  307.3s agent finished
