    1.8s turn 1
   11.4s   model reply: in 27569 + cached 0, out 1226 (+1187 reasoning)
   11.4s   tool bash: node /kit/rag.mjs search "read a book" "turn right" "titled" "probabilistic robotics"
   11.6s turn 2
   14.8s   model reply: in 5643 + cached 24369, out 65 (+38 reasoning)
   14.8s   tool bash: find / -name "*alfred*" 2>/dev/null
   14.9s turn 3
   17.8s   model reply: in 5735 + cached 24352, out 38 (+14 reasoning)
   17.8s   tool bash: ls -la /reference /doc_formats /kit
   17.8s turn 4
   20.8s   model reply: in 2313 + cached 28396, out 37 (+16 reasoning)
   20.8s   tool bash: cat /reference/examples.jsonl
   20.8s turn 5
   29.1s   model reply: in 3529 + cached 28387, out 1233 (+1212 reasoning)
   29.1s   tool bash: cat /kit/rag.mjs
   29.1s turn 6
   36.2s   model reply: in 6290 + cached 28392, out 605 (+550 reasoning)
   36.2s   tool bash: node /kit/rag.mjs entry walk face turn look pick_up place turn_on stand_up drop sequence activity requirement on in_front_of next_to right_of left_of
   36.4s turn 7
   37.6s   model reply: in 0 + cached 0, out 0 (+0 reasoning)
   37.6s agent finished
   39.7s turn 8
   53.2s   model reply: in 0 + cached 0, out 0 (+0 reasoning)
   53.2s agent finished
   57.2s turn 9
  276.7s   model reply: in 37287 + cached 0, out 81 (+38 reasoning)
  276.7s   tool bash: node /kit/rag.mjs entry on in_front_of next_to right_of left_of bed night_stand textbook lamp
  276.9s turn 10
  298.9s   model reply: in 5424 + cached 32437, out 2910 (+2485 reasoning)
  298.9s   tool bash: mkdir -p /output
cat << 'EOF' > /output/translation.md
Status: success
Mode: REQUEST

## BrainCode

```braincode
MODE REQUEST
ENTRYPOINT Task
TASK Task {
}
```

  299.2s turn 11
  315.9s   model reply: in 4671 + cached 36502, out 350 (+316 reasoning)
  315.9s   tool bash: grep -n -C 5 "Root selection" /reference/language-spec.compact.md
  316.0s turn 12
  384.6s   model reply: in 5435 + cached 36489, out 405 (+370 reasoning)
  384.7s   tool bash: grep -n -C 10 "conversation ::=" /reference/language-spec.compact.md
  384.7s turn 13
  399.8s   model reply: in 2287 + cached 40532, out 661 (+634 reasoning)
  399.8s   tool bash: node /kit/rag.mjs entry request propose ask inform respond
  399.9s turn 14
  407.5s   model reply: in 3272 + cached 40521, out 75 (+45 reasoning)
  407.5s   tool bash: grep -E "\| speech_act \|" /reference/glossary.md
  407.5s turn 15
  431.4s   model reply: in 3836 + cached 40506, out 3638 (+3587 reasoning)
  431.4s   tool bash: node /kit/rag.mjs entry bed object_label::bed night_stand object_label::night_stand textbook object_label::textbook lamp object_label::lamp
  431.6s turn 16
  439.6s   model reply: in 8205 + cached 40529, out 144 (+106 reasoning)
  439.6s   tool bash: node /kit/rag.mjs entry object_label::book object_label::nightstand color_label::blue
  439.7s turn 17
  455.9s   model reply: in 4660 + cached 44567, out 2291 (+2266 reasoning)
  455.9s   tool bash: node /kit/rag.mjs entry turn_on
  456.0s turn 18
  462.9s   model reply: in 2978 + cached 48622, out 107 (+79 reasoning)
  462.9s   tool bash: grep -E "\| constructor \|" /reference/glossary.md
  462.9s turn 19
  467.0s   model reply: in 4882 + cached 48621, out 75 (+34 reasoning)
  467.0s   tool bash: grep -E "\| constructor \|.*(label|entity|target|object|source|destination)" /reference/glossary.md
  467.0s turn 20
  472.2s   model reply: in 2706 + cached 52671, out 156 (+131 reasoning)
  472.2s   tool bash: node /kit/rag.mjs entry lexical_label
  472.3s turn 21
  478.9s   model reply: in 3346 + cached 52657, out 430 (+405 reasoning)
  478.9s   tool bash: node /kit/rag.mjs search "lamp"
  479.0s turn 22
  484.0s   model reply: in 4088 + cached 52644, out 70 (+28 reasoning)
  484.0s   tool bash: node /kit/rag.mjs search "physical object" "device" "lamp" "bed" "nightstand" "book"
  484.2s turn 23
  489.1s   model reply: in 5945 + cached 52644, out 256 (+222 reasoning)
  489.1s   tool bash: grep -n -C 10 "ACTION" /reference/language-spec.compact.md
  489.1s turn 24
  509.8s   model reply: in 4106 + cached 56696, out 2496 (+2456 reasoning)
  509.8s   tool bash: node /kit/rag.mjs search "read" "read a book" "turn" "turn on" "lamp"
  509.9s turn 25
  527.3s   model reply: in 4082 + cached 60769, out 3081 (+2455 reasoning)
  527.3s   tool bash: cat << 'EOF' > /output/test_convo.md
Status: success
Mode: REQUEST

## BrainCode

```braincode
MODE REQUEST
ENTRYPOINT Conversation
CONVO Conversation {
  TURN 
  527.5s turn 26
  533.4s   model reply: in 3589 + cached 64836, out 513 (+475 reasoning)
  533.4s   tool bash: node /kit/rag.mjs search "titled" "title" "book title" "named" "says"
  533.5s turn 27
  538.4s   model reply: in 5562 + cached 64836, out 379 (+345 reasoning)
  538.4s   tool bash: node /kit/rag.mjs widen "the book that says Probabilistic Robotics" --kind constraint
  538.6s turn 28
  550.6s   model reply: in 48208 + cached 0, out 92 (+56 reasoning)
  550.6s   tool bash: node /kit/rag.mjs search "requirement" "attribute" "entity_property" "property"
  550.8s turn 29
  554.3s   model reply: in 4855 + cached 44648, out 72 (+43 reasoning)
  554.3s   tool bash: node /kit/rag.mjs entry requirement attribute_claim has_attribute
  554.6s turn 30
  557.6s   model reply: in 5698 + cached 44635, out 101 (+69 reasoning)
  557.6s   tool bash: grep -n -C 20 "function check" /kit/rag.mjs
  557.7s turn 31
  560.4s   model reply: in 5827 + cached 44617, out 46 (+16 reasoning)
  560.4s   tool bash: grep -n -E "check|Coverage" /kit/rag.mjs
  560.4s turn 32
  568.0s   model reply: in 6012 + cached 44599, out 1088 (+1065 reasoning)
  568.0s   tool bash: node /kit/rag.mjs entry textbook
  568.2s turn 33
  574.0s   model reply: in 3138 + cached 48644, out 586 (+560 reasoning)
  574.0s   tool bash: grep -i "read" /reference/glossary.md
  574.0s turn 34
  588.2s   model reply: in 4727 + cached 48639, out 2294 (+2269 reasoning)
  588.2s   tool bash: node /kit/rag.mjs entry turn_on
  588.4s turn 35
  592.7s   model reply: in 3047 + cached 52695, out 306 (+269 reasoning)
  592.7s   tool bash: node /kit/rag.mjs search "located on" "sitting on" "spatial relation" "position"
  592.8s turn 36
  596.1s   model reply: in 4496 + cached 52689, out 69 (+38 reasoning)
  596.1s   tool bash: node /kit/rag.mjs entry spatial_constraint spatial_state location_spec
  596.2s turn 37
  604.5s   model reply: in 4834 + cached 52672, out 1160 (+410 reasoning)
  604.5s   tool bash: cat << 'EOF' > /output/test2.md
Status: success
Mode: REQUEST

## BrainCode

```braincode
MODE REQUEST
ENTRYPOINT Conversation
CONVO Conversation {
  TURN t1 SP
  604.7s turn 38
  611.4s   model reply: in 2407 + cached 56720, out 946 (+220 reasoning)
  611.4s   tool bash: cat << 'EOF' > /output/test3.md
Status: success
Mode: REQUEST

## BrainCode

```braincode
MODE REQUEST
ENTRYPOINT Conversation
CONVO Conversation {
  TURN t1 SP
  611.5s turn 39
  616.2s   model reply: in 3830 + cached 56714, out 301 (+271 reasoning)
  616.2s   tool bash: node /kit/rag.mjs widen "Probabilistic Robotics" --kind constraint
  616.4s turn 40
  632.5s   model reply: in 6008 + cached 56716, out 3047 (+2321 reasoning)
  632.5s   tool bash: cat << 'EOF' > /output/test4.md
Status: success
Mode: REQUEST

## BrainCode

```braincode
MODE REQUEST
ENTRYPOINT Conversation
CONVO Conversation {
  TURN t1 SP
  632.6s turn 41
  643.1s   model reply: in 0 + cached 0, out 0 (+0 reasoning)
  643.1s agent finished
  645.1s turn 42
  705.0s   model reply: in 0 + cached 0, out 0 (+0 reasoning)
  705.0s agent finished
  709.0s turn 43
  813.4s   model reply: in 66242 + cached 0, out 1891 (+1167 reasoning)
  813.4s   tool bash: cat << 'EOF' > /output/translation.md
Status: success
Mode: REQUEST

## BrainCode

```braincode
MODE REQUEST
ENTRYPOINT Conversation
CONVO Conversation {
  TURN
  813.5s turn 44
  832.4s   model reply: in 3766 + cached 64838, out 77 (+55 reasoning)
  832.4s   tool bash: rm -f /output/test*.md
  832.4s turn 45
  859.0s   model reply: in 3866 + cached 64818, out 57 (+27 reasoning)
  859.0s   tool bash: node /kit/rag.mjs check --translation /output/translation.md
  859.1s turn 46
  871.4s   model reply: in 4409 + cached 64803, out 918 (+202 reasoning)
  871.4s agent finished
  871.4s agent finished
