    2.6s turn 1
   28.6s   model reply: in 1742 + cached 0, out 3658 (+3641 reasoning)
   28.6s   tool read: /trajectory.txt
   28.6s turn 2
   30.7s   model reply: in 5493 + cached 0, out 38 (+19 reasoning)
   30.7s   tool read: /output/translation.md
   30.7s turn 3
   44.0s   model reply: in 5547 + cached 0, out 1790 (+1620 reasoning)
   44.0s   tool write: /output/translation.md
   44.0s turn 4
   53.2s   model reply: in 0 + cached 0, out 0 (+0 reasoning)
   53.2s agent finished
   55.2s turn 5
   68.8s   model reply: in 0 + cached 0, out 0 (+0 reasoning)
   68.8s agent finished
   72.8s turn 6
   99.4s   model reply: in 0 + cached 0, out 0 (+0 reasoning)
   99.4s agent finished
  107.3s turn 7
  167.2s   model reply: in 7341 + cached 0, out 33 (+14 reasoning)
  167.2s   tool read: /output/translation.md
  167.3s turn 8
  170.7s   model reply: in 7519 + cached 0, out 75 (+61 reasoning)
  170.7s agent finished
  170.7s agent finished
