    6.8s turn 1
   15.4s   model reply: in 3 + cached 0, out 69 (+0 reasoning)
   15.4s   tool bash: node /kit/rag.mjs search "one-way nonstop flight origin destination airline morning departure" "request speech act ask" "flight itinerary route constraints" "se
   23.4s turn 2
   33.4s   model reply: in 3 + cached 28790, out 271 (+146 reasoning)
   33.4s   tool bash: node /kit/rag.mjs entry request activity requirement subject; node /kit/rag.mjs search "action description operation arguments" "morning time of day" "flight ro
   41.0s turn 3
   59.2s   model reply: in 3 + cached 30037, out 648 (+516 reasoning)
   59.2s   tool bash: for need in 'one-way trip' 'nonstop flight' 'departure date July 1' 'airline United Airlines' 'one senior passenger' 'view flight deal' 'morning departure fligh
   67.4s turn 4
  126.7s   model reply: in 3 + cached 32462, out 3255 (+514 reasoning)
  126.8s   tool write: /output/translation.md
  126.9s turn 5
  134.2s   model reply: in 3 + cached 35843, out 138 (+14 reasoning)
  134.2s   tool bash: node /kit/rag.mjs check --translation /output/translation.md; node /kit/rag.mjs widen "two adult passengers" | head -n 10; node /kit/rag.mjs search "passenger p
  140.5s turn 6
  173.8s   model reply: in 3 + cached 39116, out 1512 (+245 reasoning)
  173.8s   tool write: /output/suggestions.md
  173.9s turn 7
  177.6s   model reply: in 3 + cached 40637, out 128 (+0 reasoning)
  177.6s   tool bash: for need in 'select departure date July 1 2023' 'update traveler passenger counts' 'submit flight search' 'filter search results by United Airlines'; do printf 
  185.1s turn 8
  197.8s   model reply: in 3 + cached 42167, out 516 (+170 reasoning)
  197.8s   tool edit: /output/translation.md
  198.2s turn 9
  200.8s   model reply: in 3 + cached 43749, out 36 (+0 reasoning)
  200.8s   tool bash: node /kit/rag.mjs check --translation /output/translation.md
  201.2s turn 10
  204.3s   model reply: in 3 + cached 44289, out 63 (+0 reasoning)
  204.6s agent finished
  204.6s agent finished
