    1.8s turn 1
    6.7s   model reply: in 29735 + cached 0, out 456 (+402 reasoning)
    6.7s   tool bash: node /kit/rag.mjs search "theory" "rough" "smart" "nice" "quiet" "big" "cold" "red" "if someone" "implication"
    6.9s turn 2
   10.1s   model reply: in 4492 + cached 28452, out 86 (+39 reasoning)
   10.1s   tool bash: node /kit/rag.mjs search "rule" "implies" "property" "universal" "premise" "conclusion" "statement" "fact"
   10.2s turn 3
   13.0s   model reply: in 2678 + cached 32513, out 91 (+51 reasoning)
   13.0s   tool bash: node /kit/rag.mjs entry statement attribute_claim conditional conjunction negation property_question supports reason_for leads_to causes
   13.2s turn 4
   16.8s   model reply: in 3851 + cached 32501, out 93 (+44 reasoning)
   16.8s   tool bash: node /kit/rag.mjs search "character_trait" "trait" "truth_value" "true false unknown" "evaluate" "person" "someone"
   17.0s turn 5
   20.5s   model reply: in 6005 + cached 32497, out 62 (+30 reasoning)
   20.5s   tool bash: node /kit/rag.mjs entry character character_trait has_attribute has_state
   20.6s turn 6
   24.6s   model reply: in 38974 + cached 0, out 70 (+23 reasoning)
   24.6s   tool bash: node /kit/rag.mjs search "attribute" "entity" "property" "predicate" "logic" "rule" "implication" "universal"
   24.8s turn 7
   30.6s   model reply: in 4718 + cached 36541, out 663 (+531 reasoning)
   30.6s   tool bash: node /kit/rag.mjs widen "introduce a set of rules and facts as a theory" --kind speech_act
node /kit/rag.mjs widen "if someone is quiet and cold, they are rough
   31.4s turn 8
   35.0s   model reply: in 4648 + cached 40613, out 97 (+69 reasoning)
   35.0s   tool bash: node /kit/rag.mjs entry truth_value evaluate question answer
   35.2s turn 9
   38.7s   model reply: in 4796 + cached 40595, out 73 (+32 reasoning)
   38.7s   tool bash: node /kit/rag.mjs search "determine" "query" "deduce" "prove" "logic" "rule"
   38.9s turn 10
   47.9s   model reply: in 2400 + cached 44647, out 267 (+230 reasoning)
   47.9s   tool bash: node /kit/rag.mjs entry distinguish character_trait conditional conjunction negation requirement attribute_claim has_attribute statement
   48.1s turn 11
   57.7s   model reply: in 3867 + cached 44640, out 203 (+175 reasoning)
   57.7s   tool bash: node /kit/rag.mjs entry role_user role_agent
   57.9s turn 12
   61.6s   model reply: in 4181 + cached 44622, out 125 (+90 reasoning)
   61.6s   tool bash: grep -iE "(smart|quiet|nice|rough|cold)" /reference/glossary.md
   61.7s turn 13
   79.2s   model reply: in 4944 + cached 44609, out 1345 (+1305 reasoning)
   79.2s   tool bash: grep -E "^\| [a-zA-Z0-9_]+ \| constructor \|" /reference/glossary.md
   79.3s turn 14
   85.0s   model reply: in 4021 + cached 48673, out 69 (+22 reasoning)
   85.0s   tool bash: grep -E "^\| [a-zA-Z0-9_]+ \| constructor \|" /reference/glossary.md | tail -n +26
   85.0s turn 15
   92.1s   model reply: in 5901 + cached 48670, out 66 (+19 reasoning)
   92.1s   tool bash: grep -E "^\| [a-zA-Z0-9_]+ \| constructor \|" /reference/glossary.md | tail -n +51
   92.1s turn 16
   96.2s   model reply: in 3622 + cached 52722, out 55 (+13 reasoning)
   96.2s   tool bash: grep -E "^\| [a-zA-Z0-9_]+ \| claim_relation \|" /reference/glossary.md
   96.2s turn 17
   99.3s   model reply: in 5612 + cached 52720, out 64 (+15 reasoning)
   99.3s   tool bash: grep -E "^\| [a-zA-Z0-9_]+ \| claim_relation \|" /reference/glossary.md | tail -n +31
   99.3s turn 18
  103.7s   model reply: in 3521 + cached 56773, out 58 (+18 reasoning)
  103.7s   tool bash: grep -E "^\| [a-zA-Z0-9_]+ \| link \|" /reference/glossary.md
  103.7s turn 19
  107.1s   model reply: in 3816 + cached 56755, out 55 (+13 reasoning)
  107.1s   tool bash: grep -E "^\| [a-zA-Z0-9_]+ \| speech_act \|" /reference/glossary.md
  107.2s turn 20
  119.8s   model reply: in 4360 + cached 56740, out 2029 (+1990 reasoning)
  119.8s   tool bash: node /kit/rag.mjs search "theory" "proofwriter" "rule" "implication" "universal"
  120.3s turn 21
  135.4s   model reply: in 3673 + cached 60806, out 768 (+723 reasoning)
  135.4s   tool bash: grep -E "-> TERM" /reference/glossary.md | grep -iE "(trait|attribute|property|predicate|state|condition)"
  135.7s turn 22
  139.1s   model reply: in 4497 + cached 60793, out 53 (+8 reasoning)
  139.1s   tool bash: grep -F "-> TERM" /reference/glossary.md | grep -iE "(trait|attribute|property|predicate|state|condition)"
  139.2s turn 23
  143.2s   model reply: in 4612 + cached 60774, out 54 (+9 reasoning)
  143.2s   tool bash: grep -e "-> TERM" /reference/glossary.md | grep -iE "(trait|attribute|property|predicate|state|condition)"
  143.3s turn 24
  162.2s   model reply: in 2385 + cached 64824, out 2655 (+2578 reasoning)
  162.2s   tool bash: node /kit/rag.mjs widen "rely only on the provided theory" --kind constraint
node /kit/rag.mjs widen "answer must be True, False, or Unknown" --kind constraint

  165.2s turn 25
  176.2s   model reply: in 47223 + cached 0, out 58 (+31 reasoning)
  176.2s   tool bash: node /kit/rag.mjs entry constraint_single_choice
  176.8s turn 26
  180.1s   model reply: in 2799 + cached 44630, out 119 (+92 reasoning)
  180.1s   tool bash: find / -name "*proofwriter*" 2>/dev/null
  180.3s turn 27
  183.4s   model reply: in 2947 + cached 44611, out 72 (+33 reasoning)
  183.4s   tool bash: node /kit/rag.mjs widen "introduce a set of rules and facts as a theory" --kind speech_act
  184.0s turn 28
  187.2s   model reply: in 4277 + cached 44603, out 64 (+30 reasoning)
  187.2s   tool bash: node /kit/rag.mjs widen "determine the truth value of a statement" --kind action
  187.4s turn 29
  190.3s   model reply: in 5794 + cached 44597, out 63 (+35 reasoning)
  190.3s   tool bash: node /kit/rag.mjs entry block_evaluation select_option
  191.1s turn 30
  194.3s   model reply: in 6072 + cached 44580, out 67 (+27 reasoning)
  194.3s   tool bash: grep -E "^\| [a-zA-Z0-9_]+ \| constructor \|" /reference/glossary.md
  194.4s turn 31
  219.2s   model reply: in 3884 + cached 48631, out 4726 (+2975 reasoning)
  219.2s   tool bash: cat << 'EOF' > /output/translation.md
Status: success
Mode: REQUEST

## BrainCode

```braincode
MODE REQUEST
ENTRYPOINT Conversation
CONVO Conversation {
  TURN
  219.4s turn 32
  227.8s   model reply: in 9045 + cached 48659, out 1145 (+1120 reasoning)
  227.8s   tool bash: node /kit/rag.mjs entry conditional conjunction negation
  229.9s turn 33
  235.3s   model reply: in 2285 + cached 56761, out 439 (+231 reasoning)
  235.3s   tool bash: node /kit/rag.mjs widen "if someone is quiet and cold, they are rough" --kind reasoning
node /kit/rag.mjs widen "all nice people are red" --kind reasoning
node 
  240.6s turn 34
  258.0s   model reply: in 6132 + cached 56777, out 2911 (+1176 reasoning)
  258.0s   tool bash: cat << 'EOF' > /output/translation.md
Status: success
Mode: REQUEST

## BrainCode

```braincode
MODE REQUEST
ENTRYPOINT Conversation
CONVO Conversation {
  TURN
  258.2s turn 35
  281.5s   model reply: in 0 + cached 0, out 0 (+0 reasoning)
  281.5s agent finished
  283.5s turn 36
  297.2s   model reply: in 0 + cached 0, out 0 (+0 reasoning)
  297.2s agent finished
  301.2s turn 37
  312.9s   model reply: in 0 + cached 0, out 0 (+0 reasoning)
  313.0s agent finished
  320.9s turn 38
  343.5s   model reply: in 0 + cached 0, out 0 (+0 reasoning)
  343.5s agent finished
  359.6s turn 39
  419.3s   model reply: in 66297 + cached 0, out 965 (+816 reasoning)
  419.3s   tool bash: node -e '
const fs = require("fs");
const path = "/kit/rag.mjs";
const content = fs.readFileSync(path, "utf-8");
const checkIdx = content.indexOf("function chec
  419.3s turn 40
  453.4s   model reply: in 2706 + cached 64890, out 3207 (+1422 reasoning)
  453.4s   tool bash: cat << 'EOF' > /output/translation.md
Status: success
Mode: REQUEST

## BrainCode

```braincode
MODE REQUEST
ENTRYPOINT Conversation
CONVO Conversation {
  TURN
  453.5s turn 41
  491.3s   model reply: in 49345 + cached 0, out 2402 (+639 reasoning)
  491.3s   tool write: /output/translation.md
  491.3s turn 42
  510.8s   model reply: in 51751 + cached 0, out 47 (+17 reasoning)
  510.8s   tool bash: node /kit/rag.mjs check --translation /output/translation.md
  510.9s turn 43
  517.9s   model reply: in 3482 + cached 48767, out 179 (+28 reasoning)
  519.9s agent finished
  519.9s agent finished
