    4.9s turn 1
   19.2s   model reply: in 1777 + cached 0, out 2484 (+2467 reasoning)
   19.2s   tool read: /trajectory.txt
   19.2s turn 2
   24.0s   model reply: in 4418 + cached 0, out 114 (+58 reasoning)
   24.0s   tool bash: python3 -c "open('/tmp/test', 'wb').write(open('/trajectory.txt', 'rb').read()); print(repr(open('/trajectory.txt', 'r').read()))"
   24.0s turn 3
   26.3s   model reply: in 4555 + cached 0, out 54 (+14 reasoning)
   26.3s   tool bash: node -e 'console.log(JSON.stringify(require("fs").readFileSync("/trajectory.txt", "utf8")))'
   26.4s turn 4
   30.7s   model reply: in 4792 + cached 0, out 295 (+275 reasoning)
   30.7s   tool bash: ls -la /attach /output
   30.7s turn 5
   39.2s   model reply: in 5233 + cached 0, out 909 (+698 reasoning)
   39.2s   tool write: /output/translation.md
   39.2s turn 6
   42.7s   model reply: in 6146 + cached 0, out 27 (+8 reasoning)
   42.7s   tool read: /output/translation.md
   42.8s turn 7
   45.1s   model reply: in 0 + cached 0, out 0 (+0 reasoning)
   45.2s agent finished
   47.2s turn 8
   60.8s   model reply: in 0 + cached 0, out 0 (+0 reasoning)
   60.8s agent finished
   64.8s turn 9
   91.2s   model reply: in 0 + cached 0, out 0 (+0 reasoning)
   91.3s agent finished
   99.2s turn 10
  162.6s   model reply: in 6359 + cached 0, out 22 (+8 reasoning)
  162.6s agent finished
  162.6s agent finished
