    1.8s turn 1
    7.5s   model reply: in 25466 + cached 0, out 626 (+604 reasoning)
    7.5s   tool bash: node /kit/rag.mjs check
    7.7s turn 2
   15.8s   model reply: in 5826 + cached 20282, out 1166 (+1133 reasoning)
   15.8s   tool bash: node /kit/rag.mjs entry chill cool slice pick_up place walk face turn remove
   15.9s turn 3
   19.5s   model reply: in 4083 + cached 24339, out 55 (+18 reasoning)
   19.5s   tool bash: node /kit/rag.mjs search "left" "right" "around" "forward" "across"
   19.7s turn 4
   22.7s   model reply: in 5496 + cached 24332, out 56 (+14 reasoning)
   22.7s   tool bash: node /kit/rag.mjs entry left_of right_of in_front_of other_side_of between under on behind
   22.8s turn 5
   25.8s   model reply: in 5982 + cached 24319, out 50 (+16 reasoning)
   25.8s   tool bash: node /kit/rag.mjs search "direction" "turn" "step" "walk"
   26.0s turn 6
   29.1s   model reply: in 3152 + cached 28364, out 67 (+27 reasoning)
   29.1s   tool bash: node /kit/rag.mjs search "left" "right" "around" "straight" "up" "down"
   29.2s turn 7
   32.7s   model reply: in 4853 + cached 28361, out 171 (+145 reasoning)
   32.7s   tool bash: grep -i "direction" /reference/glossary.md
   32.8s turn 8
   36.2s   model reply: in 5456 + cached 28348, out 128 (+88 reasoning)
   36.2s   tool bash: grep -E "turn|walk|face|slice|chill|pick_up|place" /reference/glossary.md
   36.3s turn 9
   48.3s   model reply: in 3463 + cached 32399, out 2049 (+1997 reasoning)
   48.3s   tool bash: grep -E "\b(turn|look|walk|walk_backward|face|slice|chill|remove|place|pick_up)\b" /reference/glossary.md
   48.4s turn 10
   53.3s   model reply: in 7309 + cached 32417, out 59 (+38 reasoning)
   53.3s   tool bash: find /reference /kit -type f
   53.4s turn 11
   56.9s   model reply: in 3412 + cached 36450, out 62 (+35 reasoning)
   56.9s   tool bash: grep -i "alfred" /reference/examples.jsonl
   57.0s turn 12
   60.1s   model reply: in 3503 + cached 36431, out 40 (+15 reasoning)
   60.1s   tool bash: head -n 5 /reference/examples.jsonl
   60.1s turn 13
   63.3s   model reply: in 4720 + cached 36424, out 34 (+13 reasoning)
   63.3s   tool bash: cat /reference/examples.jsonl
   63.3s turn 14
   77.7s   model reply: in 5930 + cached 36418, out 2676 (+2634 reasoning)
   77.7s   tool bash: grep -E "^\| (left|right|around|forward|turn|face|walk) \|" /reference/glossary.md
   77.7s turn 15
   81.1s   model reply: in 4708 + cached 40476, out 48 (+14 reasoning)
   81.1s   tool bash: node /kit/rag.mjs search "left" "right" "around" "forward"
   81.2s turn 16
   97.8s   model reply: in 5843 + cached 40468, out 2969 (+1942 reasoning)
   97.8s   tool write: /output/translation.md
   97.8s turn 17
  102.2s   model reply: in 4760 + cached 44524, out 53 (+23 reasoning)
  102.2s   tool bash: node /kit/rag.mjs check --translation /output/translation.md
  102.4s turn 18
  122.0s   model reply: in 5409 + cached 44512, out 3669 (+2638 reasoning)
  122.0s   tool write: /output/translation.md
  122.1s turn 19
  125.5s   model reply: in 5019 + cached 48575, out 53 (+23 reasoning)
  125.5s   tool bash: node /kit/rag.mjs check --translation /output/translation.md
  125.6s turn 20
  130.4s   model reply: in 5669 + cached 48562, out 208 (+96 reasoning)
  130.4s agent finished
  130.4s agent finished
