    1.8s turn 1
   10.7s   model reply: in 30982 + cached 0, out 721 (+698 reasoning)
   10.7s   tool bash: node /kit/rag.mjs --help
   10.8s turn 2
   19.4s   model reply: in 3297 + cached 28444, out 70 (+48 reasoning)
   19.4s   tool bash: node /kit/rag.mjs needs
   37.6s turn 3
   54.0s   model reply: in 6072 + cached 28444, out 3265 (+3236 reasoning)
   54.0s   tool bash: find translations -maxdepth 3 -type f 2>/dev/null
   54.0s turn 4
   56.8s   model reply: in 5280 + cached 32511, out 42 (+18 reasoning)
   56.8s   tool bash: ls -la /doc_formats/ /reference/
   56.9s turn 5
   64.4s   model reply: in 5749 + cached 32496, out 48 (+27 reasoning)
   64.4s   tool bash: cat /reference/examples.jsonl
   64.4s turn 6
   69.3s   model reply: in 2916 + cached 36547, out 63 (+35 reasoning)
   69.3s   tool bash: node /kit/rag.mjs check --help 2>&1
   69.4s turn 7
   83.2s   model reply: in 3015 + cached 36527, out 2190 (+2136 reasoning)
   83.2s   tool bash: node -e 'const fs = require("fs"); console.log(fs.readFileSync("/kit/rag.mjs", "utf8").slice(0, 3000));'
   83.2s turn 8
   86.7s   model reply: in 6127 + cached 36533, out 79 (+22 reasoning)
   86.7s   tool bash: node -e 'const fs = require("fs"); console.log(fs.readFileSync("/kit/rag.mjs", "utf8").slice(3000, 6000));'
   86.7s turn 9
  103.6s   model reply: in 2767 + cached 40578, out 3084 (+3053 reasoning)
  103.6s   tool bash: node /kit/rag.mjs entry turn walk face pick_up place drop remove
  103.7s turn 10
  107.5s   model reply: in 6862 + cached 40592, out 77 (+32 reasoning)
  107.5s   tool bash: node /kit/rag.mjs entry left right around forward back behind next_to on under in_front_of other_side_of between corner
  107.6s turn 11
  110.9s   model reply: in 3340 + cached 44635, out 56 (+30 reasoning)
  110.9s   tool bash: grep "spatial-relation" /reference/glossary.md
  110.9s turn 12
  114.4s   model reply: in 3770 + cached 44618, out 157 (+131 reasoning)
  114.4s   tool bash: grep -i "direction" /reference/glossary.md
  114.4s turn 13
  134.1s   model reply: in 4360 + cached 44604, out 3959 (+3916 reasoning)
  134.1s   tool bash: grep -E '"(walk|turn|face|pick_up|place|drop|remove)"' /reference/glossary.jsonl
  134.2s turn 14
  137.0s   model reply: in 5313 + cached 48684, out 76 (+49 reasoning)
  137.0s   tool bash: grep -i "closest" /reference/glossary.jsonl
  137.1s turn 15
  140.0s   model reply: in 5633 + cached 48668, out 55 (+27 reasoning)
  140.0s   tool bash: grep '"kind": "constructor"' /reference/glossary.jsonl
  140.0s turn 16
  147.8s   model reply: in 3958 + cached 52725, out 1108 (+1055 reasoning)
  147.8s   tool bash: node /kit/rag.mjs search "pick up knife next to lettuce" "put knife in pan on burner" "take pan from stove top" "put pan on table above lettuce"
  148.0s turn 17
  161.5s   model reply: in 6581 + cached 52728, out 2432 (+1413 reasoning)
  161.5s   tool write: /output/translation.md
  161.5s turn 18
  164.2s   model reply: in 4962 + cached 56783, out 53 (+23 reasoning)
  164.2s   tool bash: node /kit/rag.mjs check --translation /output/translation.md
  164.4s turn 19
  174.6s   model reply: in 5886 + cached 56771, out 1544 (+1518 reasoning)
  174.6s   tool bash: node /kit/rag.mjs entry above top on under
  174.7s turn 20
  179.1s   model reply: in 3476 + cached 60821, out 373 (+238 reasoning)
  179.1s   tool bash: node -e '
const fs = require("fs");
const lines = fs.readFileSync("/reference/glossary.jsonl", "utf8").trim().split("\n");
for (const line of lines) {
  const o
  179.2s turn 21
  182.0s   model reply: in 5740 + cached 60822, out 64 (+39 reasoning)
  182.0s   tool bash: node /kit/rag.mjs entry spatial_constraint
  182.1s turn 22
  185.8s   model reply: in 5900 + cached 60803, out 227 (+61 reasoning)
  185.8s   tool bash: node -e '
const fs = require("fs");
const lines = fs.readFileSync("/reference/glossary.jsonl", "utf8").trim().split("\n");
for (const line of lines) {
  const o
  185.8s turn 23
  199.5s   model reply: in 3675 + cached 64854, out 2424 (+2397 reasoning)
  199.5s   tool bash: grep -i "color" /reference/glossary.jsonl
  199.5s turn 24
  218.9s   model reply: in 48055 + cached 0, out 151 (+124 reasoning)
  218.9s   tool bash: grep -i "alfred" /reference/examples.jsonl
  218.9s turn 25
  222.3s   model reply: in 3562 + cached 44654, out 42 (+16 reasoning)
  222.3s   tool bash: head -n 20 /reference/examples.jsonl
  222.3s turn 26
  226.8s   model reply: in 4784 + cached 44644, out 290 (+159 reasoning)
  226.8s   tool bash: node -e '
const fs = require("fs");
const lines = fs.readFileSync("/reference/examples.jsonl", "utf8").trim().split("\n");
for (const line of lines) {
  const o
  226.8s turn 27
  241.3s   model reply: in 0 + cached 0, out 0 (+0 reasoning)
  241.4s agent finished
  243.3s turn 28
  257.0s   model reply: in 0 + cached 0, out 0 (+0 reasoning)
  257.0s agent finished
  261.1s turn 29
  272.7s   model reply: in 0 + cached 0, out 0 (+0 reasoning)
  272.7s agent finished
  280.7s turn 30
  388.7s   model reply: in 50569 + cached 0, out 1240 (+1197 reasoning)
  388.7s   tool bash: node -e '
const rag = require("/kit/rag.mjs");
console.log(Object.keys(rag));
'
  388.7s turn 31
  415.4s   model reply: in 3536 + cached 48685, out 1487 (+1463 reasoning)
  415.4s   tool bash: node /kit/rag.mjs entry walk face
  415.5s turn 32
  423.6s   model reply: in 5309 + cached 48681, out 459 (+415 reasoning)
  423.6s   tool bash: node /kit/rag.mjs search "black table" "knife next to lettuce" "closest" "back left burner" "above lettuce"
  423.8s turn 33
  470.6s   model reply: in 3266 + cached 52735, out 7523 (+6486 reasoning)
  470.6s   tool write: /output/translation.md
  470.6s turn 34
  486.1s   model reply: in 63528 + cached 0, out 53 (+23 reasoning)
  486.1s   tool bash: node /kit/rag.mjs check --translation /output/translation.md
  486.2s turn 35
  505.7s   model reply: in 3492 + cached 60880, out 1820 (+785 reasoning)
  505.7s   tool write: /output/translation.md
  505.7s turn 36
  512.7s   model reply: in 5325 + cached 60871, out 53 (+23 reasoning)
  512.7s   tool bash: node /kit/rag.mjs check --translation /output/translation.md
  512.8s turn 37
  530.2s   model reply: in 2124 + cached 64916, out 1456 (+386 reasoning)
  530.2s   tool write: /output/translation.md
  530.2s turn 38
  540.5s   model reply: in 3596 + cached 64904, out 53 (+23 reasoning)
  540.5s   tool bash: node /kit/rag.mjs check --translation /output/translation.md
  540.6s turn 39
  568.2s   model reply: in 69369 + cached 0, out 3900 (+2826 reasoning)
  568.2s   tool write: /output/translation.md
  568.2s turn 40
  603.2s   model reply: in 56826 + cached 0, out 2451 (+1364 reasoning)
  603.2s   tool write: /output/translation.md
  603.2s turn 41
  606.4s   model reply: in 6493 + cached 52788, out 53 (+23 reasoning)
  606.5s   tool bash: node /kit/rag.mjs check --translation /output/translation.md
  606.6s turn 42
  625.4s   model reply: in 3351 + cached 56835, out 2482 (+1395 reasoning)
  625.4s   tool write: /output/translation.md
  625.4s turn 43
  629.0s   model reply: in 5840 + cached 56832, out 42 (+12 reasoning)
  629.0s   tool bash: node /kit/rag.mjs check --translation /output/translation.md
  629.2s turn 44
  634.9s   model reply: in 2688 + cached 60878, out 108 (+17 reasoning)
  634.9s agent finished
  634.9s agent finished
