    2.1s turn 1
   10.3s   model reply: in 25085 + cached 0, out 1151 (+1105 reasoning)
   10.3s   tool bash: node /kit/rag.mjs search "video game" "help" "stuck" "difficulty" "tailor" "solution" "game"
   10.5s turn 2
   13.5s   model reply: in 3778 + cached 24356, out 79 (+35 reasoning)
   13.5s   tool bash: node /kit/rag.mjs entry express_interest offer_help ask inform confirm acknowledge enables failure indicator issue warning raises_exception activity subject con
   13.7s turn 3
   16.4s   model reply: in 5886 + cached 24353, out 71 (+23 reasoning)
   16.4s   tool bash: node /kit/rag.mjs search "details" "solution" "tailored" "error" "glitch" "part" "level" "playing"
   16.5s turn 4
   19.3s   model reply: in 4037 + cached 28411, out 63 (+30 reasoning)
   19.3s   tool bash: node /kit/rag.mjs widen "Which game you're playing" --kind object
   19.4s turn 5
   22.9s   model reply: in 34329 + cached 0, out 105 (+57 reasoning)
   22.9s   tool bash: node /kit/rag.mjs search "question" "ask" "enables" "failure" "game" "stuck" "obstacle" "help"
   23.0s turn 6
   26.0s   model reply: in 4258 + cached 32465, out 83 (+51 reasoning)
   26.0s   tool bash: node /kit/rag.mjs entry property_question has_goal reason_for request
   26.1s turn 7
   29.6s   model reply: in 4821 + cached 32451, out 108 (+65 reasoning)
   29.6s   tool bash: node /kit/rag.mjs search "complete" "finish" "game" "obstacle" "progress" "details" "solution"
   30.1s turn 8
   34.1s   model reply: in 39233 + cached 0, out 95 (+47 reasoning)
   34.1s   tool bash: grep -E "^\| [a-z0-9_]+ \| (speech_act|constructor|claim_relation|link)" /reference/glossary.md
   34.2s turn 9
   35.1s   model reply: in 0 + cached 0, out 0 (+0 reasoning)
   35.1s agent finished
   37.1s turn 10
   50.7s   model reply: in 0 + cached 0, out 0 (+0 reasoning)
   50.7s agent finished
   54.7s turn 11
   81.2s   model reply: in 0 + cached 0, out 0 (+0 reasoning)
   81.3s agent finished
   89.2s turn 12
  154.0s   model reply: in 4672 + cached 36502, out 77 (+33 reasoning)
  154.0s   tool bash: grep -E "^\| [a-z0-9_]+ \| (claim_relation|link) \|" /reference/glossary.md
  154.1s turn 13
  161.7s   model reply: in 2635 + cached 40556, out 72 (+21 reasoning)
  161.7s   tool bash: grep -E "^\| [a-z0-9_]+ \| (claim_relation|link) \|" /reference/glossary.md | tail -n +35
  161.7s turn 14
  170.3s   model reply: in 4608 + cached 40554, out 69 (+31 reasoning)
  170.3s   tool bash: grep -E "^\| [a-z0-9_]+ \| constructor \|" /reference/glossary.md
  170.4s turn 15
  181.9s   model reply: in 2421 + cached 44606, out 65 (+20 reasoning)
  181.9s   tool bash: grep -E "^\| [a-z0-9_]+ \| constructor \|" /reference/glossary.md | tail -n +25
  181.9s turn 16
  190.1s   model reply: in 4326 + cached 44603, out 65 (+20 reasoning)
  190.1s   tool bash: grep -E "^\| [a-z0-9_]+ \| constructor \|" /reference/glossary.md | tail -n +50
  190.2s turn 17
  203.7s   model reply: in 2087 + cached 48655, out 59 (+14 reasoning)
  203.7s   tool bash: grep -E "^\| [a-z0-9_]+ \| constructor \|" /reference/glossary.md | tail -n +75
  203.7s turn 18
  217.3s   model reply: in 2839 + cached 48641, out 1281 (+1242 reasoning)
  217.3s   tool bash: find / -name "*.md" 2>/dev/null | grep -E "(example|translations|corpus|eval)"
  217.3s turn 19
  221.1s   model reply: in 4137 + cached 48634, out 38 (+21 reasoning)
  221.1s   tool bash: ls -la /
  221.1s turn 20
  232.2s   model reply: in 5082 + cached 48623, out 62 (+38 reasoning)
  232.2s   tool bash: node /kit/rag.mjs check --help
  232.2s turn 21
  245.5s   model reply: in 5179 + cached 48604, out 1222 (+1185 reasoning)
  245.5s   tool bash: node /kit/rag.mjs search "fail" "complete" "goal" "game" "help"
  245.8s turn 22
  255.1s   model reply: in 3703 + cached 52661, out 1547 (+1054 reasoning)
  255.1s   tool bash: cat << 'EOF' > /output/translation.md
Status: success
Mode: TRACE

## BrainCode

```braincode
MODE TRACE
ENTRYPOINT Conversation
CONVO Conversation {
  TURN t1 
  255.2s turn 23
  264.9s   model reply: in 5574 + cached 52660, out 1010 (+985 reasoning)
  264.9s   tool bash: node /kit/rag.mjs entry cat_game
  265.0s turn 24
  271.5s   model reply: in 2584 + cached 56701, out 665 (+185 reasoning)
  271.5s   tool bash: cat << 'EOF' > /output/translation.md
Status: success
Mode: TRACE

## BrainCode

```braincode
MODE TRACE
ENTRYPOINT Conversation
CONVO Conversation {
  TURN t1 
  271.6s turn 25
  289.6s   model reply: in 3612 + cached 56691, out 3217 (+2422 reasoning)
  289.6s   tool bash: cat << 'EOF' > /output/translation.md
Status: success
Mode: TRACE

## BrainCode

```braincode
MODE TRACE
ENTRYPOINT Conversation
CONVO Conversation {
  TURN t1 
  289.7s turn 26
  308.2s   model reply: in 7157 + cached 56708, out 3438 (+2635 reasoning)
  308.2s   tool bash: cat << 'EOF' > /output/translation.md
Status: success
Mode: TRACE

## BrainCode

```braincode
MODE TRACE
ENTRYPOINT Conversation
CONVO Conversation {
  TURN t1 
  308.3s turn 27
  315.6s   model reply: in 6919 + cached 60777, out 925 (+118 reasoning)
  315.6s   tool bash: cat << 'EOF' > /output/translation.md
Status: success
Mode: TRACE

## BrainCode

```braincode
MODE TRACE
ENTRYPOINT Conversation
CONVO Conversation {
  TURN t1 
  315.8s turn 28
  323.5s   model reply: in 4192 + cached 64822, out 1029 (+243 reasoning)
  323.5s   tool write: /output/translation.md
  323.5s turn 29
  332.8s   model reply: in 45005 + cached 0, out 59 (+29 reasoning)
  332.8s   tool bash: node /kit/rag.mjs check --translation /output/translation.md
  332.9s turn 30
  339.8s   model reply: in 25210 + cached 20247, out 831 (+25 reasoning)
  339.8s agent finished
  339.8s agent finished
