    2.9s turn 1
   10.5s   model reply: in 34933 + cached 0, out 751 (+696 reasoning)
   10.5s   tool bash: node /kit/rag.mjs search "theory" "conditional" "statement" "visits" "likes" "needs" "kind" "cold" "big" "blue" "red"
   10.8s turn 2
   18.5s   model reply: in 6239 + cached 32554, out 130 (+73 reasoning)
   18.5s   tool bash: node /kit/rag.mjs search "visits" "likes" "needs" "is kind" "is big" "is red" "is blue" "is cold" "True False or Unknown"
   18.7s turn 3
   22.7s   model reply: in 41456 + cached 0, out 102 (+40 reasoning)
   22.7s   tool bash: grep -E "^\| (activity|attribute_claim|has_state|has_property|property|relation|conditional|statement|conjunction|subject|meets_needs|possesses) \|" /reference/
   22.7s turn 4
   26.8s   model reply: in 5548 + cached 36605, out 88 (+50 reasoning)
   26.8s   tool bash: grep -E "^\| [a-z0-9_]+ \| constructor \|" /reference/glossary.md
   27.1s turn 5
   30.7s   model reply: in 3373 + cached 40664, out 84 (+40 reasoning)
   30.7s   tool bash: grep -E "^\| (property|relation|entity|trait|attribute|kind|fact|concept) \|" /reference/glossary.md
   30.8s turn 6
   32.1s   model reply: in 0 + cached 0, out 0 (+0 reasoning)
   32.2s agent finished
   34.1s turn 7
   47.8s   model reply: in 0 + cached 0, out 0 (+0 reasoning)
   47.8s agent finished
   51.8s turn 8
   78.4s   model reply: in 0 + cached 0, out 0 (+0 reasoning)
   78.4s agent finished
   86.4s turn 9
  150.9s   model reply: in 44131 + cached 0, out 308 (+280 reasoning)
  150.9s   tool bash: node /kit/rag.mjs entry animal_label color_label
  151.0s turn 10
  165.7s   model reply: in 4005 + cached 40628, out 198 (+135 reasoning)
  165.7s   tool bash: node /kit/rag.mjs search "The bald eagle is kind" "The bald eagle needs the dog" "The bald eagle visits the tiger" "If something needs the lion then it is blue"
  165.9s turn 11
  177.9s   model reply: in 5758 + cached 40621, out 115 (+65 reasoning)
  177.9s   tool bash: grep -E "^\| [a-z0-9_]+ \| (constructor|claim_relation|link|speech_act) \|" /reference/glossary.md
  178.0s turn 12
  181.4s   model reply: in 3662 + cached 44678, out 60 (+20 reasoning)
  181.4s   tool bash: grep -E "^\| [a-z0-9_]+ \| claim_relation \|" /reference/glossary.md
  181.5s turn 13
  193.8s   model reply: in 5659 + cached 44674, out 1631 (+1596 reasoning)
  193.8s   tool bash: grep -i "proofwriter" /reference/*.md /reference/*.jsonl 2>/dev/null
  193.8s turn 14
  200.6s   model reply: in 3246 + cached 48728, out 93 (+51 reasoning)
  200.6s   tool bash: grep -E "^\| [a-z0-9_]+ \| (constructor|composite) \|" /reference/glossary.md
  200.6s turn 15
  210.8s   model reply: in 5140 + cached 48723, out 1571 (+1525 reasoning)
  210.8s   tool bash: node /kit/rag.mjs entry activity attribute_claim has_attribute has_state meets_needs conditional conjunction statement ask requirement state_cold size_large
  211.0s turn 16
  214.5s   model reply: in 4685 + cached 52792, out 117 (+69 reasoning)
  214.5s   tool bash: node /kit/rag.mjs search "character_trait" "state" "property" "kind" "color" "size" "entity" "variable"
  214.7s turn 17
  217.8s   model reply: in 3157 + cached 56853, out 66 (+29 reasoning)
  217.8s   tool bash: node /kit/rag.mjs entry property_question character_trait subject test_condition indicator visual_contrast distinguish
  218.1s turn 18
  238.1s   model reply: in 4167 + cached 56840, out 2974 (+2922 reasoning)
  238.1s   tool bash: node /kit/rag.mjs search "is kind" "is big" "is red" "is blue" "is cold" "temperament" "trait" "state"
  238.3s turn 19
  242.4s   model reply: in 5373 + cached 60923, out 67 (+33 reasoning)
  242.4s   tool bash: node /kit/rag.mjs entry interpersonal_stance character_trait requirement subject activity conditional conjunction statement
  242.5s turn 20
  266.9s   model reply: in 3013 + cached 64977, out 4034 (+3981 reasoning)
  266.9s   tool bash: grep -E "^\| [a-z0-9_]+ \| constructor \|" /reference/glossary.md | awk -F'|' '{print $2, $4}'
  267.0s turn 21
  277.3s   model reply: in 55852 + cached 0, out 356 (+301 reasoning)
  277.3s   tool bash: grep -E "^\| [a-z0-9_]+ \| claim_relation \|" /reference/glossary.md | awk -F'|' '{print $2, $4}'
  277.4s turn 22
  291.2s   model reply: in 4568 + cached 52892, out 2079 (+1867 reasoning)
  291.2s   tool write: /output/translation.md
  291.2s turn 23
  298.1s   model reply: in 2594 + cached 56949, out 53 (+23 reasoning)
  298.1s   tool bash: node /kit/rag.mjs check --translation /output/translation.md
  298.2s turn 24
  307.0s   model reply: in 60936 + cached 0, out 408 (+354 reasoning)
  307.0s   tool bash: node /kit/rag.mjs entry animal_label::baldeagle animal_label::dog animal_label::lion animal_label::tiger color_label::red color_label::blue
  307.1s turn 25
  347.6s   model reply: in 5050 + cached 56925, out 7892 (+3504 reasoning)
  347.6s   tool write: /output/translation.md
  347.6s turn 26
  351.5s   model reply: in 8852 + cached 61019, out 53 (+23 reasoning)
  351.5s   tool bash: node /kit/rag.mjs check --translation /output/translation.md
  351.8s turn 27
  364.4s   model reply: in 57580 + cached 0, out 490 (+341 reasoning)
  364.4s   tool bash: node -e '
const fs = require("fs");
const needs = JSON.parse(fs.readFileSync("/needs.json", "utf8"));
for (const n of needs) {
  if (["n42", "n51", "n45", "n48"
  364.4s turn 28
  372.8s   model reply: in 5383 + cached 52870, out 981 (+917 reasoning)
  372.8s   tool bash: node /kit/rag.mjs widen "if something needs the lion, then it is blue" --kind reasoning
node /kit/rag.mjs widen "if something is red and big, then it visits the
  373.3s turn 29
  393.5s   model reply: in 5768 + cached 56946, out 642 (+35 reasoning)
  393.5s   tool edit: /output/translation.md
  393.5s turn 30
  398.4s   model reply: in 2373 + cached 60964, out 53 (+23 reasoning)
  398.4s   tool bash: node /kit/rag.mjs check --translation /output/translation.md
  398.6s turn 31
  411.3s   model reply: in 4077 + cached 60956, out 1409 (+1369 reasoning)
  411.3s   tool bash: grep -E "^\| (user|role_user|agent|role_agent) \|" /reference/glossary.md
  411.3s turn 32
  415.8s   model reply: in 5545 + cached 60946, out 194 (+169 reasoning)
  415.8s   tool bash: node /kit/rag.mjs entry role_user
  415.9s turn 33
  458.5s   model reply: in 5803 + cached 60928, out 8163 (+4013 reasoning)
  458.5s   tool write: /output/translation.md
  458.5s turn 34
  470.9s   model reply: in 62630 + cached 0, out 57 (+27 reasoning)
  470.9s   tool bash: node /kit/rag.mjs check --translation /output/translation.md
  471.0s turn 35
  476.7s   model reply: in 3359 + cached 60971, out 411 (+203 reasoning)
  476.7s agent finished
  476.7s agent finished
