    2.0s turn 1
    8.5s   model reply: in 31594 + cached 0, out 671 (+625 reasoning)
    8.5s   tool bash: node /kit/rag.mjs search "character_trait" "attribute_claim" "statement" "conditional" "conjunction" "negation"
    8.7s turn 2
   12.7s   model reply: in 34255 + cached 0, out 92 (+54 reasoning)
   12.7s   tool bash: node /kit/rag.mjs entry attribute_claim has_attribute character_trait statement conditional conjunction negation character subject requirement
   12.8s turn 3
   18.7s   model reply: in 3358 + cached 32517, out 427 (+383 reasoning)
   18.7s   tool bash: node /kit/rag.mjs search "smart" "furry" "big" "cold" "red" "blue" "round"
   18.9s turn 4
   23.0s   model reply: in 5801 + cached 32515, out 67 (+39 reasoning)
   23.0s   tool bash: grep -i "proof" /reference/glossary.md || true
   23.1s turn 5
   27.0s   model reply: in 2165 + cached 36561, out 43 (+18 reasoning)
   27.0s   tool bash: grep "| constructor |" /reference/glossary.md
   27.1s turn 6
   30.4s   model reply: in 4010 + cached 36555, out 45 (+18 reasoning)
   30.4s   tool bash: grep "| claim_relation |" /reference/glossary.md
   30.5s turn 7
   34.6s   model reply: in 5992 + cached 36551, out 102 (+55 reasoning)
   34.6s   tool bash: node /kit/rag.mjs search "rule" "theory" "person" "property" "premise" "conclusion" "implies" "someone"
   34.9s turn 8
   38.8s   model reply: in 4175 + cached 40609, out 56 (+27 reasoning)
   38.8s   tool bash: node /kit/rag.mjs entry property_question possesses lexical_label
   39.1s turn 9
   56.8s   model reply: in 4983 + cached 40596, out 2773 (+2722 reasoning)
   56.8s   tool bash: node /kit/rag.mjs search "character_trait" "requirement" "has_state" "attribute_claim" "has_attribute" "character" "statement"
   57.0s turn 10
   63.9s   model reply: in 6145 + cached 44677, out 649 (+602 reasoning)
   63.9s   tool bash: node /kit/rag.mjs search "smart" "furry" "true" "false" "unknown" "evaluation" "logic" "rule"
   64.0s turn 11
   78.9s   model reply: in 4873 + cached 48741, out 1229 (+1185 reasoning)
   78.9s   tool bash: node /kit/rag.mjs entry attribute_claim has_attribute has_state character_trait statement conditional conjunction negation subject requirement ask inform respon
   79.0s turn 12
   92.6s   model reply: in 3893 + cached 52806, out 1653 (+1631 reasoning)
   92.6s   tool bash: node /kit/rag.mjs check
   92.7s turn 13
   98.0s   model reply: in 5569 + cached 52799, out 211 (+84 reasoning)
   98.0s   tool bash: node /kit/rag.mjs widen "Introduce a set of facts and rules as a theory" --kind speech_act
node /kit/rag.mjs widen "Anne is smart" --kind claim
node /kit/rag.mj
   98.9s turn 14
  110.0s   model reply: in 4965 + cached 56867, out 596 (+557 reasoning)
  110.0s   tool bash: grep -E "^\| [a-z0-9_]+ \| constructor \| TERM " /reference/glossary.md
  110.1s turn 15
  117.9s   model reply: in 3297 + cached 60927, out 653 (+625 reasoning)
  117.9s   tool bash: node /kit/rag.mjs entry role_user role_agent
  118.0s turn 16
  129.1s   model reply: in 4057 + cached 60913, out 938 (+737 reasoning)
  129.1s   tool bash: mkdir -p /output
cat << 'EOF' > /output/translation.md
Status: success
Mode: REQUEST

## BrainCode

```braincode
MODE REQUEST
ENTRYPOINT Conversation
CONVO Conv
  129.2s turn 17
  153.1s   model reply: in 5635 + cached 60905, out 2187 (+2126 reasoning)
  153.1s   tool bash: grep -i "smart" /reference/glossary.md || true
grep -i "furry" /reference/glossary.md || true
grep -i "theory" /reference/glossary.md || true
  153.3s turn 18
  160.4s   model reply: in 68783 + cached 0, out 134 (+95 reasoning)
  160.4s   tool bash: grep -E "^\| (attribute|trait|property|has_|is_)" /reference/glossary.md || true
  160.4s turn 19
  176.8s   model reply: in 4355 + cached 64947, out 2123 (+906 reasoning)
  176.8s   tool bash: cat << 'EOF' > /output/translation.md
Status: success
Mode: REQUEST

## BrainCode

```braincode
MODE REQUEST
ENTRYPOINT Conversation
CONVO Conversation {
  TURN
  176.9s turn 20
  208.9s   model reply: in 50760 + cached 0, out 3868 (+1601 reasoning)
  208.9s   tool bash: cat << 'EOF' > /output/translation.md
Status: success
Mode: REQUEST

## BrainCode

```braincode
MODE REQUEST
ENTRYPOINT Conversation
CONVO Conversation {
  TURN
  209.0s turn 21
  214.5s   model reply: in 6563 + cached 48753, out 416 (+344 reasoning)
  214.5s   tool bash: node /kit/rag.mjs widen "Dave is furry" --kind claim
node /kit/rag.mjs widen "Erin is smart" --kind claim
node /kit/rag.mjs widen "Answer must be True, False, o
  214.9s turn 22
  221.6s   model reply: in 6287 + cached 52824, out 81 (+45 reasoning)
  221.6s   tool bash: node /kit/rag.mjs widen "Answer must be True, False, or Unknown" --kind constraint
  221.8s turn 23
  239.2s   model reply: in 3783 + cached 56878, out 625 (+603 reasoning)
  239.2s   tool bash: node /kit/rag.mjs retrieve
  297.4s turn 24
  303.2s   model reply: in 7265 + cached 56884, out 167 (+134 reasoning)
  303.2s   tool bash: cat /needs.json | grep -o '"id":"[^"]*"' | wc -l
  303.7s turn 25
  308.7s   model reply: in 3389 + cached 60928, out 58 (+28 reasoning)
  308.7s   tool bash: node /kit/rag.mjs check --translation /output/translation.md
  309.1s turn 26
  338.0s   model reply: in 4150 + cached 60913, out 4455 (+2086 reasoning)
  338.0s   tool bash: cat << 'EOF' > /output/translation.md
Status: success
Mode: REQUEST

## BrainCode

```braincode
MODE REQUEST
ENTRYPOINT Conversation
CONVO Conversation {
  TURN
  338.3s turn 27
  354.1s   model reply: in 51782 + cached 0, out 682 (+652 reasoning)
  354.1s   tool bash: node /kit/rag.mjs check --translation /output/translation.md
  354.2s turn 28
  359.1s   model reply: in 53148 + cached 0, out 152 (+14 reasoning)
  359.2s agent finished
  359.2s agent finished
