   10.1s turn 1
   19.1s   model reply: in 30964 + cached 0, out 992 (+901 reasoning)
   19.1s   tool bash: node /kit/rag.mjs entry ask country united_kingdom ongoing controversial reason_for enables unit_percent opposes contrast close then time_horizon time_point pro
   19.6s turn 2
   23.8s   model reply: in 5544 + cached 28459, out 170 (+111 reasoning)
   23.8s   tool bash: node /kit/rag.mjs entry role_agent beliefs negation interpersonal_stance design_parameters potential_harms personal_values argues_for attitude statement varies_
   24.1s turn 3
   28.5s   model reply: in 3044 + cached 32515, out 131 (+63 reasoning)
   28.5s   tool bash: node /kit/rag.mjs search "referendum" "vote" "turnout" "margin" "difference" "autonomy" "independence" "legislation" "bill" "tax" "welfare" "transfer" "agreemen
   30.1s turn 4
   34.2s   model reply: in 6481 + cached 32519, out 127 (+79 reasoning)
   34.2s   tool bash: grep -E "^\| [a-z0-9_]+ \| (constructor|composite|claim_relation|link) \|" /reference/glossary.md
   34.8s turn 5
   38.7s   model reply: in 4346 + cached 36577, out 93 (+49 reasoning)
   38.7s   tool bash: grep -E "^\| [a-z0-9_]+ \| (claim_relation|link) \|" /reference/glossary.md
   39.2s turn 6
   42.8s   model reply: in 2320 + cached 40636, out 88 (+32 reasoning)
   42.8s   tool bash: grep -E "^\| [a-z0-9_]+ \| claim_relation \|" /reference/glossary.md | cut -d '|' -f 2 | tr -d ' '
   43.4s turn 7
   48.1s   model reply: in 2651 + cached 40618, out 64 (+10 reasoning)
   48.2s   tool bash: grep -E "^\| [a-z0-9_]+ \| constructor \|" /reference/glossary.md | cut -d '|' -f 2 | tr -d ' '
   48.6s turn 8
   52.3s   model reply: in 3039 + cached 40600, out 69 (+11 reasoning)
   52.3s   tool bash: grep -E "^\| [a-z0-9_]+ \| (composite|link) \|" /reference/glossary.md | cut -d '|' -f 2 | tr -d ' '
   53.0s turn 9
   70.0s   model reply: in 3375 + cached 40583, out 2708 (+2678 reasoning)
   70.0s   tool bash: node /kit/rag.mjs search "scotland" "scottish"
   71.0s turn 10
   91.0s   model reply: in 6630 + cached 40590, out 70 (+32 reasoning)
   91.0s   tool bash: grep -E "^\| [a-z0-9_]+ \| value \|" /reference/glossary.md
   91.2s turn 11
   95.0s   model reply: in 4732 + cached 44647, out 104 (+50 reasoning)
   95.0s   tool bash: grep -E "^\| [a-z0-9_]+ \| value \| (location-name|recipient-value|topic-value|unit-value)" /reference/glossary.md
   95.1s turn 12
  100.7s   model reply: in 51307 + cached 0, out 301 (+267 reasoning)
  100.7s   tool bash: node /kit/rag.mjs entry subject property_question time_horizon measure requirement statement conditional activity
  101.0s turn 13
  108.7s   model reply: in 4795 + cached 48700, out 514 (+475 reasoning)
  108.7s   tool bash: node /kit/rag.mjs search "Scotland" "United Kingdom" "referendum" "politics" "government"
  109.4s turn 14
  113.4s   model reply: in 2682 + cached 52755, out 123 (+68 reasoning)
  113.4s   tool bash: grep -E "^\| [a-z0-9_]+ \| constructor \|" /reference/glossary.md | awk -F'|' '{print $2, "|", $4}'
  113.5s turn 15
  117.2s   model reply: in 5089 + cached 52755, out 144 (+108 reasoning)
  117.2s   tool bash: node /kit/rag.mjs entry historical_event policy_document obligation temporal_context group_size rate
  117.4s turn 16
  130.8s   model reply: in 6010 + cached 52743, out 1802 (+1778 reasoning)
  130.8s   tool bash: node /kit/rag.mjs check --help
  131.4s turn 17
  136.6s   model reply: in 60571 + cached 0, out 288 (+47 reasoning)
  136.6s   tool bash: cat << 'EOF' > /output/translation.md
Status: success
Mode: TRACE

## BrainCode

```braincode
MODE TRACE
ENTRYPOINT Conversation
CONVO Conversation {
  TURN t1 
  137.0s turn 18
  148.6s   model reply: in 4822 + cached 56785, out 2078 (+1943 reasoning)
  148.6s   tool bash: node /kit/rag.mjs widen "Scotland" --kind object
node /kit/rag.mjs widen "national independence" --kind object
node /kit/rag.mjs widen "2014 Scottish independen
  155.0s turn 19
  190.3s   model reply: in 10284 + cached 56812, out 5671 (+3436 reasoning)
  190.3s   tool bash: cat << 'EOF' > /output/translation.md
Status: success
Mode: TRACE

## BrainCode

```braincode
MODE TRACE
ENTRYPOINT Conversation
CONVO Conversation {
  TURN t1 
  191.5s turn 20
  209.5s   model reply: in 52218 + cached 0, out 391 (+361 reasoning)
  209.5s   tool bash: node /kit/rag.mjs search "in 2014"
  209.7s turn 21
  217.9s   model reply: in 4144 + cached 48775, out 910 (+848 reasoning)
  217.9s   tool bash: node /kit/rag.mjs entry subject property_question ask controversial ongoing time_point historical_event statement opposes activity has_goal contrast time_horizo
  218.0s turn 22
  221.5s   model reply: in 3044 + cached 52841, out 74 (+32 reasoning)
  221.5s   tool bash: node /kit/rag.mjs entry time_horizon varies_with measure group_size enables provides designed_to_be possesses decline supports
  222.6s turn 23
  234.5s   model reply: in 4518 + cached 52831, out 1664 (+1637 reasoning)
  234.5s   tool bash: node /kit/rag.mjs entry beliefs personal_values possesses
  235.1s turn 24
  240.6s   model reply: in 2367 + cached 56888, out 238 (+187 reasoning)
  240.6s   tool bash: node /kit/rag.mjs search "AI does not have personal opinions, beliefs, or feelings" "AI lacks the capacity to make value judgments or form opinions" "beliefs"
  241.4s turn 25
  259.3s   model reply: in 3603 + cached 56877, out 3438 (+1093 reasoning)
  259.3s   tool bash: cat << 'EOF' > /output/translation.md
Status: success
Mode: TRACE

## BrainCode

```braincode
MODE TRACE
ENTRYPOINT Conversation
CONVO Conversation {
  TURN t1 
  259.7s turn 26
  260.4s   model reply: in 0 + cached 0, out 0 (+0 reasoning)
  260.4s agent finished
  260.4s agent finished
