   10.8s turn 1
   32.0s   model reply: in 3817 + cached 0, out 3090 (+3072 reasoning)
   32.0s   tool bash: mkdir -p /output
   32.1s turn 2
   70.5s   model reply: in 6910 + cached 0, out 6338 (+4819 reasoning)
   70.5s   tool write: /output/reconstruction.md
   70.5s turn 3
   85.6s   model reply: in 9242 + cached 4011, out 2046 (+562 reasoning)
   85.6s   tool write: /output/reconstruction.md
   85.7s turn 4
   89.7s   model reply: in 3257 + cached 12047, out 302 (+210 reasoning)
   89.7s   tool bash: python3 -c "
with open('/trajectory.txt') as f:
    text = f.read()
print(repr(text[:200]))
print('---')
print(repr(text[text.find('<|user|>', 10)-50:text.find(
   89.7s turn 5
   94.2s   model reply: in 3594 + cached 12035, out 65 (+11 reasoning)
   94.2s   tool bash: node -e "
const fs = require('fs');
const text = fs.readFileSync('/trajectory.txt', 'utf8');
console.log(JSON.stringify(text));
"
   94.2s turn 6
  116.1s   model reply: in 6041 + cached 12054, out 3708 (+2229 reasoning)
  116.1s   tool write: /output/reconstruction.md
  116.2s turn 7
  118.8s   model reply: in 5702 + cached 16106, out 52 (+32 reasoning)
  118.8s   tool read: /output/reconstruction.md
  118.8s turn 8
  121.4s   model reply: in 3177 + cached 20136, out 36 (+20 reasoning)
  121.4s agent finished
  121.4s agent finished
