    5.2s turn 1
   14.4s   model reply: in 3 + cached 0, out 728 (+472 reasoning)
   14.4s   tool bash: node /kit/rag.mjs widen "user requests cooling a lettuce slice and placing it on counter" --kind speech_act
   14.4s   tool bash: node /kit/rag.mjs widen "chill or cool food using fridge resource, then remove from fridge" --kind action
   14.4s   tool bash: node /kit/rag.mjs widen "turn around and step forward toward target, locomotion step distance and orientation" --kind action
   14.4s   tool bash: node /kit/rag.mjs widen "recorded action outcomes identify resulting object and state" --kind claim
   14.4s   tool bash: node /kit/rag.mjs search "describe action as a structured TERM target of request speech act" "cool lettuce slice in fridge" "step forward locomotion" "remove fo
   15.7s turn 2
   18.5s   model reply: in 3 + cached 25289, out 189 (+31 reasoning)
   18.5s   tool bash: node /kit/rag.mjs entry chill remove turn walk face request ask activity sequence has_state state_cold state_sliced
   18.5s   tool bash: node /kit/rag.mjs widen "represent a requested sequence of actions as a TERM, with actions as structured descriptions" --kind speech_act
   18.5s   tool bash: node /kit/rag.mjs widen "agent recorded actions: turn, walk across room, face; step forward; exact directional movement" --kind action
   19.0s turn 3
   32.5s   model reply: in 3 + cached 34593, out 942 (+910 reasoning)
   32.5s   tool bash: node /kit/rag.mjs entry subject
   32.6s turn 4
   58.1s   model reply: in 3 + cached 39697, out 2211 (+2171 reasoning)
   58.1s   tool bash: node /kit/rag.mjs entry propose inform role_agent role_user role_agt
   58.3s turn 5
  116.2s   model reply: in 3 + cached 40990, out 6716 (+4133 reasoning)
  116.2s   tool write: /output/translation.md
  116.2s turn 6
  124.9s   model reply: in 3 + cached 43400, out 1122 (+0 reasoning)
  124.9s   tool write: /output/suggestions.md
  124.9s turn 7
  126.3s   model reply: in 3 + cached 50134, out 46 (+8 reasoning)
  126.3s   tool bash: node /kit/rag.mjs check --translation /output/translation.md
  126.7s turn 8
  134.2s   model reply: in 3 + cached 51274, out 534 (+394 reasoning)
  134.2s   tool edit: /output/translation.md
  134.2s turn 9
  136.7s   model reply: in 3 + cached 51919, out 65 (+0 reasoning)
  136.7s agent finished
  136.7s agent finished
