    2.1s turn 1
   10.8s   model reply: in 31458 + cached 0, out 819 (+777 reasoning)
   10.8s   tool bash: node /kit/rag.mjs search "Move two books from the desk to the bed" "Turn around and walk across the room"
   11.2s turn 2
   15.1s   model reply: in 24877 + cached 8129, out 81 (+43 reasoning)
   15.1s   tool bash: find /reference /kit -name "*.md" -o -name "*.json" -o -name "*.mjs"
   15.1s turn 3
   18.7s   model reply: in 4712 + cached 28435, out 70 (+46 reasoning)
   18.7s   tool bash: node /kit/rag.mjs check --help
   18.8s turn 4
   30.3s   model reply: in 4816 + cached 28417, out 1464 (+1429 reasoning)
   30.3s   tool bash: node /kit/rag.mjs entry request propose UTTER CONVO TURN walk turn pick_up place
   30.4s turn 5
   43.7s   model reply: in 3155 + cached 32476, out 1841 (+1811 reasoning)
   43.7s   tool bash: grep -n -C 3 "activity" /reference/glossary.md
   43.8s turn 6
   52.7s   model reply: in 6783 + cached 32485, out 1275 (+1228 reasoning)
   52.7s   tool bash: node /kit/rag.mjs search "just before" "across from" "to the right of" "in front of" "at the end of"
   52.9s turn 7
   56.3s   model reply: in 5423 + cached 36547, out 81 (+37 reasoning)
   56.3s   tool bash: node /kit/rag.mjs entry other_side_of in_front_of right_of left_of between behind on next_to
   56.4s turn 8
   61.3s   model reply: in 5942 + cached 36531, out 335 (+290 reasoning)
   61.3s   tool bash: grep -E "^\- (spatial|relation|walk|turn|pick_up|place|stand|look)" /reference/glossary.md
   61.3s turn 9
   64.6s   model reply: in 2245 + cached 40573, out 60 (+34 reasoning)
   64.6s   tool bash: head -n 30 /reference/glossary.md
   64.7s turn 10
   67.9s   model reply: in 3990 + cached 40568, out 35 (+10 reasoning)
   67.9s   tool bash: grep "| operation |" /reference/glossary.md
   68.0s turn 11
   72.1s   model reply: in 6086 + cached 40566, out 132 (+72 reasoning)
   72.1s   tool bash: node /kit/rag.mjs entry turn walk pick_up place look face in_front_of right_of left_of between other_side_of on behind under corner floor wall desk bed lamp mug
   72.2s turn 12
   84.7s   model reply: in 3892 + cached 44620, out 1818 (+1579 reasoning)
   84.7s   tool write: /output/translation.md
   84.7s turn 13
   88.0s   model reply: in 5722 + cached 44612, out 37 (+15 reasoning)
   88.0s   tool bash: node /kit/rag.mjs check
   88.1s turn 14
   95.3s   model reply: in 51236 + cached 0, out 725 (+695 reasoning)
   95.3s   tool bash: grep -E "\| speech_act \|" /reference/glossary.md
   95.4s turn 15
  102.9s   model reply: in 3788 + cached 48647, out 615 (+586 reasoning)
  102.9s   tool bash: node -e '
import("/kit/rag.mjs");
'
  103.0s turn 16
  111.9s   model reply: in 4455 + cached 48633, out 809 (+761 reasoning)
  111.9s   tool bash: node /kit/rag.mjs search "located to the right of" "to the right of" "across from" "in front of" "just before"
  112.0s turn 17
  117.2s   model reply: in 2679 + cached 52688, out 60 (+34 reasoning)
  117.2s   tool bash: grep "spatial-relation" /reference/glossary.md
  117.3s turn 18
  124.1s   model reply: in 3112 + cached 52672, out 769 (+744 reasoning)
  124.1s   tool bash: node /kit/rag.mjs entry right around left
  124.2s turn 19
  129.9s   model reply: in 3917 + cached 52659, out 66 (+40 reasoning)
  129.9s   tool bash: grep -i "direction" /reference/glossary.md
  129.9s turn 20
  136.7s   model reply: in 4417 + cached 52644, out 619 (+593 reasoning)
  136.7s   tool bash: grep "color_label" /reference/glossary.md
  136.8s turn 21
  140.8s   model reply: in 5613 + cached 52637, out 145 (+120 reasoning)
  140.8s   tool bash: grep "| constructor |" /reference/glossary.md
  140.8s turn 22
  146.7s   model reply: in 3505 + cached 56686, out 416 (+383 reasoning)
  146.7s   tool bash: node /kit/rag.mjs search "entity" "object description" "colored object"
  147.1s turn 23
  161.7s   model reply: in 4815 + cached 56680, out 2021 (+1521 reasoning)
  161.7s   tool write: /output/translation.md
  161.7s turn 24
  165.1s   model reply: in 2794 + cached 60726, out 37 (+15 reasoning)
  165.1s   tool bash: node /kit/rag.mjs check
  165.3s turn 25
  173.4s   model reply: in 3802 + cached 60717, out 676 (+639 reasoning)
  173.4s   tool bash: node /kit/rag.mjs search "color" "colored" "object with color" "garbage can"
  173.6s turn 26
  177.3s   model reply: in 5636 + cached 60717, out 135 (+109 reasoning)
  177.3s   tool bash: grep -i "color" /reference/glossary.md
  177.4s turn 27
  183.8s   model reply: in 2770 + cached 64757, out 693 (+151 reasoning)
  183.8s   tool write: /output/translation.md
  183.8s turn 28
  187.0s   model reply: in 3484 + cached 64740, out 37 (+15 reasoning)
  187.0s   tool bash: node /kit/rag.mjs check
  187.1s turn 29
  195.7s   model reply: in 4470 + cached 64731, out 737 (+198 reasoning)
  195.7s   tool write: /output/translation.md
  195.7s turn 30
  200.1s   model reply: in 0 + cached 0, out 0 (+0 reasoning)
  200.2s agent finished
  202.2s turn 31
  215.8s   model reply: in 0 + cached 0, out 0 (+0 reasoning)
  215.8s agent finished
  219.8s turn 32
  246.4s   model reply: in 0 + cached 0, out 0 (+0 reasoning)
  246.4s agent finished
  254.4s turn 33
  315.2s   model reply: in 5226 + cached 64716, out 37 (+15 reasoning)
  315.2s   tool bash: node /kit/rag.mjs check
  315.3s turn 34
  369.4s   model reply: in 50732 + cached 0, out 3445 (+2144 reasoning)
  369.4s   tool write: /output/translation.md
  369.4s turn 35
  376.0s   model reply: in 5587 + cached 48594, out 37 (+15 reasoning)
  376.0s   tool bash: node /kit/rag.mjs check
  376.2s turn 36
  394.2s   model reply: in 2529 + cached 52633, out 1853 (+590 reasoning)
  394.2s   tool write: /output/translation.md
  394.2s turn 37
  400.2s   model reply: in 4390 + cached 52629, out 37 (+15 reasoning)
  400.2s   tool bash: node /kit/rag.mjs check
  400.3s turn 38
  413.1s   model reply: in 5379 + cached 52620, out 1484 (+217 reasoning)
  413.1s   tool write: /output/translation.md
  413.1s turn 39
  417.3s   model reply: in 2827 + cached 56660, out 49 (+27 reasoning)
  417.3s   tool bash: node /kit/rag.mjs check
  417.4s turn 40
  423.2s   model reply: in 3829 + cached 56650, out 147 (+21 reasoning)
  423.2s agent finished
  423.2s agent finished
