   25.7s turn 1
   72.2s   model reply: in 3211 + cached 0, out 7551 (+7534 reasoning)
   72.3s   tool read: /trajectory.txt
   72.6s turn 2
   82.2s   model reply: in 12354 + cached 0, out 1283 (+1191 reasoning)
   82.2s   tool bash: python3 -c "
with open('/trajectory.txt', 'r') as f:
    text = f.read()
import reprlib
print(repr(text[:250]))
print('---')
print(repr(text[text.find('<|assist
   82.3s turn 3
   87.2s   model reply: in 5631 + cached 8029, out 214 (+27 reasoning)
   87.2s   tool bash: node -e "
const fs = require('fs');
const content = fs.readFileSync('/trajectory.txt', 'utf8');
const parts = content.split(/(<\|user\|>|<\|assistant\|>)/);
con
   87.7s turn 4
   96.8s   model reply: in 2159 + cached 12035, out 961 (+816 reasoning)
   96.8s   tool bash: node -e "
const fs = require('fs');
const content = fs.readFileSync('/trajectory.txt', 'utf8');
const parts = content.split(/(<\|user\|>|<\|assistant\|>)/).filt
   97.4s turn 5
  141.0s   model reply: in 4794 + cached 12059, out 7879 (+5835 reasoning)
  141.0s   tool write: /output/translation.md
  141.0s turn 6
  149.1s   model reply: in 8579 + cached 16157, out 739 (+487 reasoning)
  149.1s   tool bash: node -e "
const fs = require('fs');
const orig = fs.readFileSync('/trajectory.txt', 'utf8');
const trans = fs.readFileSync('/output/translation.md', 'utf8');

c
  149.3s turn 7
  153.5s   model reply: in 5553 + cached 20191, out 215 (+34 reasoning)
  153.5s   tool bash: node -e "
const fs = require('fs');
const orig = fs.readFileSync('/trajectory.txt', 'utf8');
const trans = fs.readFileSync('/output/translation.md', 'utf8');

c
  153.6s turn 8
  158.1s   model reply: in 2118 + cached 24217, out 197 (+81 reasoning)
  158.1s   tool bash: node -e "
const fs = require('fs');
const orig = fs.readFileSync('/trajectory.txt', 'utf8');
console.log('CRLF count:', (orig.match(/\r\n/g) || []).length);
con
  158.3s turn 9
  164.6s   model reply: in 2353 + cached 24200, out 305 (+47 reasoning)
  164.6s   tool bash: node -e "
const fs = require('fs');
const orig = fs.readFileSync('/trajectory.txt', 'utf8').replace(/\r\n/g, '\n');
const trans = fs.readFileSync('/output/trans
  164.6s turn 10
  169.8s   model reply: in 2774 + cached 24186, out 362 (+60 reasoning)
  169.8s   tool bash: node -e "
const fs = require('fs');
const orig = fs.readFileSync('/trajectory.txt', 'utf8').replace(/\r\n/g, '\n');
const trans = fs.readFileSync('/output/trans
  169.9s turn 11
  189.4s   model reply: in 8751 + cached 24240, out 3184 (+1133 reasoning)
  189.4s   tool write: /output/translation.md
  189.5s turn 12
  194.1s   model reply: in 3842 + cached 32337, out 267 (+17 reasoning)
  194.1s   tool bash: node -e "
const fs = require('fs');
const orig = fs.readFileSync('/trajectory.txt', 'utf8').replace(/\r\n/g, '\n');
const trans = fs.readFileSync('/output/trans
  194.5s turn 13
  202.0s   model reply: in 4230 + cached 32322, out 199 (+182 reasoning)
  202.1s agent finished
  202.1s agent finished
