    2.0s turn 1
   12.6s   model reply: in 15107 + cached 0, out 1675 (+1658 reasoning)
   12.6s   tool bash: ls -la /
   12.6s turn 2
   14.9s   model reply: in 5453 + cached 12112, out 45 (+21 reasoning)
   14.9s   tool bash: ls -la /kit /reference /output /attach
   14.9s turn 3
   17.3s   model reply: in 2067 + cached 16139, out 64 (+43 reasoning)
   17.3s   tool bash: cat /reference/examples.jsonl
   17.3s turn 4
   19.5s   model reply: in 3304 + cached 16136, out 34 (+14 reasoning)
   19.5s   tool bash: cat /kit/README.md
   19.6s turn 5
   22.4s   model reply: in 4503 + cached 16133, out 46 (+29 reasoning)
   22.4s   tool bash: ls -la /
   22.4s turn 6
   25.0s   model reply: in 5338 + cached 16127, out 40 (+22 reasoning)
   25.0s   tool bash: cat /prompt.md
   25.0s turn 7
   46.6s   model reply: in 5852 + cached 16116, out 3746 (+3725 reasoning)
   46.6s   tool bash: node /kit/rag.mjs
   46.6s turn 8
   49.6s   model reply: in 5575 + cached 20177, out 36 (+15 reasoning)
   49.6s   tool bash: cat /kit/rag.mjs
   49.6s turn 9
   74.5s   model reply: in 3107 + cached 24214, out 4048 (+3991 reasoning)
   74.5s   tool bash: node -e '
const fs = require("fs");
const lines = fs.readFileSync("/attach/2-glossary-entries.md", "utf8");
console.log(lines);
'
   74.6s turn 10
   80.8s   model reply: in 9125 + cached 24263, out 107 (+43 reasoning)
   80.8s   tool bash: node -e '
const fs = require("fs");
const lines = fs.readFileSync("/attach/2-glossary-entries.md", "utf8");
console.log(lines.slice(8000));
'
   80.8s turn 11
   84.8s   model reply: in 2647 + cached 32350, out 235 (+65 reasoning)
   84.8s   tool bash: node -e '
const fs = require("fs");
const lines = fs.readFileSync("/reference/glossary.jsonl", "utf8").trim().split("\n");
for (const line of lines) {
  const o
   84.8s turn 12
   88.5s   model reply: in 3210 + cached 32336, out 164 (+33 reasoning)
   88.5s   tool bash: node -e '
const fs = require("fs");
const lines = fs.readFileSync("/reference/glossary.jsonl", "utf8").trim().split("\n");
for (const line of lines) {
  const o
   88.6s turn 13
   92.9s   model reply: in 4511 + cached 32332, out 151 (+28 reasoning)
   92.9s   tool bash: node -e '
const fs = require("fs");
const lines = fs.readFileSync("/reference/glossary.jsonl", "utf8").trim().split("\n");
for (const line of lines) {
  const o
   93.0s turn 14
   96.4s   model reply: in 2398 + cached 36378, out 56 (+34 reasoning)
   96.4s   tool bash: cat /kit/needs_prompt.md
   96.4s turn 15
  182.4s   model reply: in 3144 + cached 36366, out 15703 (+15443 reasoning)
  182.4s   tool write: /output/reconstruction.md
  182.4s turn 16
  186.7s   model reply: in 55218 + cached 0, out 58 (+38 reasoning)
  186.7s   tool read: /output/reconstruction.md
  186.7s turn 17
  190.1s   model reply: in 2821 + cached 52689, out 38 (+18 reasoning)
  190.1s agent finished
  190.1s agent finished
