    1.8s turn 1
   11.7s   model reply: in 28194 + cached 0, out 1016 (+984 reasoning)
   11.7s   tool bash: node /kit/rag.mjs entry turn walk pick_up place look walk_backward
   11.8s turn 2
   22.7s   model reply: in 5718 + cached 24370, out 102 (+53 reasoning)
   22.7s   tool bash: node /kit/rag.mjs search "behind" "left of" "across from" "living room" "end table" "ottoman" "turn around"
   22.9s turn 3
   58.0s   model reply: in 3820 + cached 28428, out 2379 (+2338 reasoning)
   58.0s   tool bash: grep -i "alfred" /reference/glossary.md /reference/language-spec.md 2>/dev/null
   58.1s turn 4
   64.4s   model reply: in 6210 + cached 28427, out 54 (+16 reasoning)
   64.4s   tool bash: grep "MODE " /reference/glossary.md /reference/language-spec.md 2>/dev/null
   64.4s turn 5
   77.7s   model reply: in 3328 + cached 32477, out 1745 (+1709 reasoning)
   77.7s   tool bash: node /kit/rag.mjs entry turn walk pick_up place look walk_backward location_spec activity
   77.8s turn 6
   86.3s   model reply: in 6659 + cached 32484, out 71 (+31 reasoning)
   86.3s   tool bash: node /kit/rag.mjs search "left" "right" "behind" "on" "turn" "direction"
   86.4s turn 7
   90.5s   model reply: in 4374 + cached 36538, out 76 (+33 reasoning)
   90.5s   tool bash: node /kit/rag.mjs entry turn look left_of right_of in_front_of behind on other_side_of between
   90.5s turn 8
   93.8s   model reply: in 4980 + cached 36524, out 118 (+92 reasoning)
   93.8s   tool bash: grep -i "direction" /reference/glossary.md
   93.8s turn 9
  111.0s   model reply: in 5532 + cached 36509, out 2939 (+2912 reasoning)
  111.0s   tool bash: find / -name "*alfred*" 2>/dev/null
  111.1s turn 10
  115.5s   model reply: in 4418 + cached 40572, out 58 (+28 reasoning)
  115.5s   tool bash: node /kit/rag.mjs check --help 2>&1 || true
  115.6s turn 11
  118.6s   model reply: in 4505 + cached 40553, out 67 (+39 reasoning)
  118.6s   tool bash: node -e 'console.log("rag.mjs exists")'
  118.6s turn 12
  129.3s   model reply: in 4596 + cached 40534, out 1925 (+1880 reasoning)
  129.3s   tool bash: node /kit/rag.mjs search "table" "couch" "wall" "vase" "ottoman" "phone" "living room"
  129.5s turn 13
  135.3s   model reply: in 4513 + cached 44605, out 612 (+581 reasoning)
  135.3s   tool bash: node /kit/rag.mjs entry table living_room wall chair bed desk dresser
  135.4s turn 14
  138.7s   model reply: in 5503 + cached 44594, out 104 (+58 reasoning)
  138.7s   tool bash: node /kit/rag.mjs search "couch" "sofa" "end table" "keys" "vase" "ottoman" "phone"
  138.9s turn 15
  144.8s   model reply: in 3563 + cached 48648, out 780 (+720 reasoning)
  144.8s   tool bash: node /kit/rag.mjs entry object_label::table object_label::end_table object_label::keys object_label::ottoman object_label::couch object_label::vase object_label
  145.0s turn 16
  149.2s   model reply: in 5197 + cached 48644, out 121 (+84 reasoning)
  149.2s   tool bash: node /kit/rag.mjs entry color_label::black color_label::white color_label::purple
  149.6s turn 17
  152.7s   model reply: in 5666 + cached 48628, out 67 (+27 reasoning)
  152.7s   tool bash: node /kit/rag.mjs search "spatial" "relation" "behind" "left" "on" "across"
  152.9s turn 18
  160.2s   model reply: in 3387 + cached 52678, out 1009 (+972 reasoning)
  160.2s   tool bash: node /kit/rag.mjs search "spatial" "object" "location" "behind" --kind constructor
  160.4s turn 19
  163.8s   model reply: in 5510 + cached 52679, out 52 (+24 reasoning)
  163.8s   tool bash: node /kit/rag.mjs entry spatial_state exists_in
  163.9s turn 20
  174.7s   model reply: in 5801 + cached 52662, out 1903 (+1086 reasoning)
  174.7s   tool bash: mkdir -p /output
cat << 'EOF' > /output/translation.md
Status: success
Mode: REQUEST

## BrainCode

```braincode
MODE REQUEST
ENTRYPOINT ObjectLabelKeys
TASK Ob
  174.8s turn 21
  183.2s   model reply: in 4214 + cached 56718, out 566 (+526 reasoning)
  183.2s   tool bash: grep -E "^\| [a-zA-Z0-9_]+ \| constructor \|" /reference/glossary.md
  183.3s turn 22
  191.7s   model reply: in 2521 + cached 60773, out 1395 (+575 reasoning)
  191.7s   tool bash: cat << 'EOF' > /output/translation.md
Status: success
Mode: REQUEST

## BrainCode

```braincode
MODE REQUEST
ENTRYPOINT ObjectLabelKeys
TASK ObjectLabelKeys {
 
  192.0s turn 23
  204.5s   model reply: in 4487 + cached 60773, out 2101 (+1306 reasoning)
  204.5s   tool bash: cat << 'EOF' > /output/translation.md
Status: success
Mode: REQUEST

## BrainCode

```braincode
MODE REQUEST
ENTRYPOINT ObjectLabelKeys
TASK ObjectLabelKeys {
 
  204.7s turn 24
  237.4s   model reply: in 3058 + cached 64831, out 2134 (+1233 reasoning)
  237.4s   tool bash: cat << 'EOF' > /output/translation.md
Status: success
Mode: REQUEST

## BrainCode

```braincode
MODE REQUEST
ENTRYPOINT ObjectLabelKeys
TASK ObjectLabelKeys {
 
  237.5s turn 25
  251.7s   model reply: in 47320 + cached 0, out 1070 (+154 reasoning)
  251.7s   tool bash: cat << 'EOF' > /output/translation.md
Status: success
Mode: REQUEST

## BrainCode

```braincode
MODE REQUEST
ENTRYPOINT ObjectLabelKeys
TASK ObjectLabelKeys {
 
  251.9s turn 26
  257.9s   model reply: in 48918 + cached 0, out 411 (+80 reasoning)
  257.9s agent finished
  257.9s agent finished
