    2.6s turn 1
   11.0s   model reply: in 21805 + cached 8128, out 872 (+829 reasoning)
   11.0s   tool bash: node /kit/rag.mjs search "attribute_claim" "statement" "conditional" "conjunction" "universal" "property"
   11.8s turn 2
   16.9s   model reply: in 4172 + cached 28450, out 80 (+55 reasoning)
   16.9s   tool bash: grep -i "proofwriter" /reference/* || true
   17.0s turn 3
   21.6s   model reply: in 4273 + cached 28432, out 86 (+38 reasoning)
   21.6s   tool bash: node /kit/rag.mjs search "predicate" "attribute" "implication" "universal" "truth_value" "property_attribution" "rule"
   21.8s turn 4
   25.1s   model reply: in 2277 + cached 32489, out 97 (+49 reasoning)
   25.1s   tool bash: grep -E "^\| [a-z0-9_]+ \| (constructor|claim_relation|link|speech_act)" /reference/glossary.md
   25.2s turn 5
   33.8s   model reply: in 4225 + cached 32484, out 99 (+64 reasoning)
   33.8s   tool bash: node /kit/rag.mjs entry attribute_claim statement has_attribute property_question requirement conditional conjunction
   33.9s turn 6
   39.8s   model reply: in 5412 + cached 32474, out 124 (+74 reasoning)
   39.8s   tool bash: grep -iE "(theory|predicate|universal|quantif|truth|logic|deduc|proof|syllogism)" /reference/glossary.md || true
   40.3s turn 7
   48.4s   model reply: in 2966 + cached 36527, out 59 (+21 reasoning)
   48.4s   tool bash: grep -E "^\| [a-z0-9_]+ \| constructor \|" /reference/glossary.md
   48.5s turn 8
   52.1s   model reply: in 4825 + cached 36523, out 51 (+11 reasoning)
   52.1s   tool bash: grep -E "^\| [a-z0-9_]+ \| claim_relation \|" /reference/glossary.md
   52.1s turn 9
   55.2s   model reply: in 2755 + cached 40577, out 63 (+16 reasoning)
   55.2s   tool bash: grep -E "^\| [a-z0-9_]+ \| claim_relation \|" /reference/glossary.md | tail -n +30
   55.3s turn 10
   58.6s   model reply: in 4767 + cached 40575, out 50 (+12 reasoning)
   58.6s   tool bash: grep -E "^\| [a-z0-9_]+ \| link \|" /reference/glossary.md
   58.7s turn 11
   62.5s   model reply: in 5053 + cached 40558, out 133 (+94 reasoning)
   62.5s   tool bash: node /kit/rag.mjs entry subject character_trait requirement conditional conjunction statement attribute_claim has_attribute lexical_label
   62.7s turn 12
   66.9s   model reply: in 47597 + cached 0, out 79 (+34 reasoning)
   66.9s   tool bash: grep -E "^\| [a-z0-9_]+ \| constructor \|" /reference/glossary.md | tail -n +25
   67.1s turn 13
   70.4s   model reply: in 4904 + cached 44609, out 60 (+15 reasoning)
   70.4s   tool bash: grep -E "^\| [a-z0-9_]+ \| constructor \|" /reference/glossary.md | tail -n +50
   70.4s turn 14
   82.4s   model reply: in 51321 + cached 0, out 1587 (+1553 reasoning)
   82.4s   tool bash: grep -E "attribute_claim|has_attribute|conditional" /reference/glossary.md
   82.5s turn 15
  109.1s   model reply: in 4866 + cached 48661, out 806 (+653 reasoning)
  109.1s   tool bash: node /kit/rag.mjs widen "introduce a logical theory or set of premises" --kind speech_act
node /kit/rag.mjs widen "all big things are quiet" --kind reasoning
no
  110.1s turn 16
  410.0s   model reply: in 0 + cached 0, out 0 (+0 reasoning)
  410.1s agent finished
  412.1s turn 17
  465.1s   model reply: in 0 + cached 0, out 0 (+0 reasoning)
  465.1s agent finished
  469.1s turn 18
  481.1s   model reply: in 0 + cached 0, out 0 (+0 reasoning)
  481.1s agent finished
  489.1s turn 19
  511.4s   model reply: in 0 + cached 0, out 0 (+0 reasoning)
  511.4s agent finished
  527.4s turn 20
  617.1s   model reply: in 57648 + cached 0, out 443 (+412 reasoning)
  617.1s   tool bash: grep -i "subject" /reference/glossary.md | grep "constructor"
  617.2s turn 21
  647.6s   model reply: in 5614 + cached 52720, out 484 (+431 reasoning)
  647.6s   tool bash: grep -E "^\| [a-z0-9_]+ \| constructor \|" /reference/glossary.md | awk -F'|' '{print $2, $4}'
  647.6s turn 22
  655.4s   model reply: in 4207 + cached 56779, out 247 (+218 reasoning)
  655.4s   tool bash: grep -rn "attribute_claim" /reference/ /attach/ || true
  655.5s turn 23
  663.9s   model reply: in 5711 + cached 56773, out 473 (+449 reasoning)
  663.9s   tool bash: grep -rn "conditional" /reference/ || true
  663.9s turn 24
  679.8s   model reply: in 3410 + cached 60824, out 2052 (+1798 reasoning)
  679.8s   tool bash: mkdir -p /output
cat << 'EOF' > /output/translation.md
Status: success
Mode: REQUEST

## BrainCode

```braincode
MODE REQUEST
ENTRYPOINT Conversation
CONVO Conv
  679.9s turn 25
  695.5s   model reply: in 5977 + cached 60828, out 1424 (+1384 reasoning)
  695.5s   tool bash: node /kit/rag.mjs entry subject requirement character_trait conditional conjunction negation test_condition statement attribute_claim has_attribute
  695.8s turn 26
  717.1s   model reply: in 4869 + cached 64890, out 3444 (+1660 reasoning)
  717.1s   tool bash: cat << 'EOF' > /output/translation.md
Status: success
Mode: REQUEST

## BrainCode

```braincode
MODE REQUEST
ENTRYPOINT Conversation
CONVO Conversation {
  TURN
  717.2s turn 27
  743.7s   model reply: in 46743 + cached 0, out 1657 (+1624 reasoning)
  743.7s   tool bash: node /kit/rag.mjs search "user" "role_user" "agent"
  744.0s turn 28
  749.4s   model reply: in 4652 + cached 44686, out 60 (+32 reasoning)
  749.4s   tool bash: node /kit/rag.mjs entry role_user role_agent
  749.6s turn 29
  754.8s   model reply: in 4824 + cached 44667, out 34 (+9 reasoning)
  754.8s   tool bash: node /kit/rag.mjs entry shape_round
  755.0s turn 30
  776.6s   model reply: in 4923 + cached 44648, out 3316 (+1438 reasoning)
  776.6s   tool bash: cat << 'EOF' > /output/translation.md
Status: success
Mode: REQUEST

## BrainCode

```braincode
MODE REQUEST
ENTRYPOINT Conversation
CONVO Conversation {
  TURN
  776.9s turn 31
  792.6s   model reply: in 4672 + cached 48719, out 2422 (+570 reasoning)
  792.6s   tool write: /output/translation.md
  792.6s turn 32
  819.4s   model reply: in 55817 + cached 0, out 56 (+26 reasoning)
  819.4s   tool bash: node /kit/rag.mjs check --translation /output/translation.md
  819.5s turn 33
  833.2s   model reply: in 56377 + cached 0, out 228 (+25 reasoning)
  833.3s agent finished
  833.3s agent finished
