    6.9s turn 1
  132.2s   model reply: in 30039 + cached 0, out 597 (+545 reasoning)
  132.2s   tool bash: node /kit/rag.mjs search "eat" "see" "like" "rough" "round" "cold" "kind" "nice" "theory" "someone"
  144.8s turn 2
  150.6s   model reply: in 4987 + cached 28455, out 123 (+89 reasoning)
  150.6s   tool bash: node /kit/rag.mjs entry activity statement attribute_claim has_state conditional conjunction negation ask
  151.9s turn 3
  162.0s   model reply: in 2512 + cached 32511, out 86 (+54 reasoning)
  162.0s   tool bash: grep -E "property|trait|state|attribute" /reference/glossary.md
  162.8s turn 4
  172.4s   model reply: in 4379 + cached 32505, out 922 (+885 reasoning)
  172.4s   tool bash: node /kit/rag.mjs search "property" "attitude" "preference" "relation" "belief"
  174.6s turn 5
  194.7s   model reply: in 2725 + cached 36566, out 255 (+223 reasoning)
  194.7s   tool bash: node /kit/rag.mjs entry property_question attitude interpersonal_stance character_trait
  198.4s turn 6
  202.1s   model reply: in 3375 + cached 36550, out 114 (+66 reasoning)
  202.1s   tool bash: grep -E "^\| [a-z0-9_]+ \| (claim_relation|constructor|composite|speech_act)" /reference/glossary.md
  202.6s turn 7
  212.2s   model reply: in 5339 + cached 36546, out 1256 (+1223 reasoning)
  212.2s   tool bash: node /kit/rag.mjs entry role_user role_agent role_participant user agent
  213.7s turn 8
  224.2s   model reply: in 2697 + cached 40598, out 385 (+341 reasoning)
  224.2s   tool bash: grep -E "state_cold|shape_round|rough|round|kind|nice|state_dirty" /reference/glossary.md
  224.4s turn 9
  233.5s   model reply: in 5059 + cached 40597, out 60 (+22 reasoning)
  233.5s   tool bash: grep -E "^\| [a-z0-9_]+ \| constructor \|" /reference/glossary.md
  234.8s turn 10
  241.0s   model reply: in 2861 + cached 44651, out 59 (+19 reasoning)
  241.0s   tool bash: grep -E "^\| [a-z0-9_]+ \| claim_relation \|" /reference/glossary.md
  241.4s turn 11
  246.9s   model reply: in 4856 + cached 44648, out 95 (+60 reasoning)
  246.9s   tool bash: node /kit/rag.mjs entry has_attribute attribute_claim has_state statement conditional attitude subject
  248.0s turn 12
  252.0s   model reply: in 2115 + cached 48697, out 86 (+56 reasoning)
  252.0s   tool bash: grep -E "TERM.*\(.*\).*->" /reference/glossary.md
  253.7s turn 13
  259.0s   model reply: in 4001 + cached 48693, out 73 (+21 reasoning)
  259.0s   tool bash: grep -E "^\| [a-z0-9_]+ \| constructor \|" /reference/glossary.md | awk -F '|' '{print $2, $4}'
  259.7s turn 14
  267.0s   model reply: in 6243 + cached 48692, out 73 (+48 reasoning)
  267.0s   tool bash: node /kit/rag.mjs entry lexical_label
  268.7s turn 15
  289.5s   model reply: in 2744 + cached 52734, out 2702 (+2674 reasoning)
  289.5s   tool bash: node /kit/rag.mjs entry shape_round state_cold
  290.6s turn 16
  305.8s   model reply: in 5535 + cached 52739, out 1045 (+988 reasoning)
  305.8s   tool bash: grep -E "^\| [a-z0-9_]+ \| constructor \|" /reference/glossary.md | grep -E "attribute|property|state|feature|trait|quality|condition"
  306.4s turn 17
  317.3s   model reply: in 4216 + cached 56800, out 1296 (+1253 reasoning)
  317.3s   tool bash: node /kit/rag.mjs search "truth value" "true false unknown" "based on theory" "premise" "theory"
  318.8s turn 18
  324.3s   model reply: in 2739 + cached 60860, out 370 (+195 reasoning)
  324.3s   tool bash: node /kit/rag.mjs widen "introduces a set of premises or a theory" --kind speech_act
node /kit/rag.mjs widen "the cat is rough" --kind claim
node /kit/rag.mjs w
  335.6s turn 19
  339.8s   model reply: in 6431 + cached 60872, out 95 (+72 reasoning)
  339.8s   tool bash: grep -rn "proofwriter" /reference/
  340.2s turn 20
  353.6s   model reply: in 2498 + cached 64910, out 1282 (+1260 reasoning)
  353.6s   tool bash: node /kit/rag.mjs check
  353.7s turn 21
  375.9s   model reply: in 3805 + cached 64901, out 2878 (+2747 reasoning)
  375.9s   tool write: /output/translation.md
  376.1s turn 22
  389.5s   model reply: in 49838 + cached 0, out 53 (+23 reasoning)
  389.5s   tool bash: node /kit/rag.mjs check --translation /output/translation.md
  390.4s turn 23
  418.3s   model reply: in 5899 + cached 44653, out 4683 (+2456 reasoning)
  418.3s   tool write: /output/translation.md
  418.4s turn 24
  421.8s   model reply: in 6513 + cached 48726, out 59 (+29 reasoning)
  421.8s   tool bash: node /kit/rag.mjs check --translation /output/translation.md
  422.8s turn 25
  432.8s   model reply: in 3264 + cached 52773, out 742 (+692 reasoning)
  432.8s   tool bash: node /kit/rag.mjs widen "the cat eats the mouse" --kind claim
node /kit/rag.mjs check --translation /output/translation.md
  436.5s turn 26
  477.1s   model reply: in 6350 + cached 52778, out 5237 (+2865 reasoning)
  477.1s   tool write: /output/translation.md
  477.5s turn 27
  482.6s   model reply: in 7513 + cached 56856, out 53 (+23 reasoning)
  482.6s   tool bash: node /kit/rag.mjs check --translation /output/translation.md
  484.8s turn 28
  491.0s   model reply: in 4258 + cached 60903, out 151 (+92 reasoning)
  491.3s agent finished
  491.3s agent finished
