    9.5s turn 1
   13.0s   model reply: in 1785 + cached 0, out 131 (+114 reasoning)
   13.0s   tool read: /trajectory.txt
   13.2s turn 2
   16.0s   model reply: in 2097 + cached 0, out 59 (+28 reasoning)
   16.0s   tool bash: ls -la /; ls -la /output 2>/dev/null || true
   16.1s turn 3
   18.7s   model reply: in 2955 + cached 0, out 70 (+52 reasoning)
   18.7s   tool bash: ls -la /attach
   19.1s turn 4
   63.7s   model reply: in 3110 + cached 0, out 7747 (+7698 reasoning)
   63.8s   tool bash: python3 -c "
with open('/trajectory.txt', 'rb') as f:
    content = f.read()
print(repr(content))
"
   64.0s turn 5
   67.8s   model reply: in 10880 + cached 0, out 75 (+21 reasoning)
   67.8s   tool bash: node -e "
const fs = require('fs');
const content = fs.readFileSync('/trajectory.txt', 'utf8');
console.log(JSON.stringify(content));
"
   68.2s turn 6
   76.0s   model reply: in 3211 + cached 7948, out 938 (+920 reasoning)
   76.0s   tool bash: ls -la /reference
   76.0s turn 7
   81.2s   model reply: in 4197 + cached 7953, out 30 (+16 reasoning)
   81.2s   tool bash: env
   81.3s turn 8
  143.2s   model reply: in 4861 + cached 7952, out 9296 (+9137 reasoning)
  143.2s   tool write: /output/reconstruction.md
  143.2s turn 9
  147.0s   model reply: in 10051 + cached 12063, out 39 (+19 reasoning)
  147.0s   tool read: /output/reconstruction.md
  147.0s turn 10
  151.3s   model reply: in 2198 + cached 20088, out 261 (+242 reasoning)
  151.4s agent finished
  151.4s agent finished
