    6.8s turn 1
  128.8s   model reply: in 32350 + cached 0, out 568 (+533 reasoning)
  128.8s   tool bash: node /kit/rag.mjs search "theory" "proofwriter" "question" "conditional"
  143.7s turn 2
  150.4s   model reply: in 5579 + cached 28459, out 77 (+34 reasoning)
  150.4s   tool bash: node /kit/rag.mjs entry conditional conjunction negation statement attribute_claim activity property_question ask confirm inform respond constraint_single_choic
  153.0s turn 3
  157.6s   model reply: in 3526 + cached 32519, out 233 (+185 reasoning)
  157.6s   tool bash: node /kit/rag.mjs search "property" "trait" "kind" "blue" "big" "eats" "chases" "needs"
  160.2s turn 4
  163.8s   model reply: in 5980 + cached 32516, out 63 (+26 reasoning)
  163.8s   tool bash: node /kit/rag.mjs entry character_trait has_attribute subject statement attribute_claim activity size_large
  165.6s turn 5
  171.7s   model reply: in 3655 + cached 36573, out 294 (+245 reasoning)
  171.7s   tool bash: node /kit/rag.mjs search "character_trait" "has_attribute" "attribute_claim" "possesses" "meets_needs" "statement"
  173.9s turn 6
  183.6s   model reply: in 5971 + cached 36569, out 1239 (+1211 reasoning)
  183.6s   tool bash: grep -i "conditional" /reference/examples.jsonl || true
  184.2s turn 7
  188.9s   model reply: in 3160 + cached 40622, out 51 (+15 reasoning)
  188.9s   tool bash: wc -l /reference/examples.jsonl && head -n 5 /reference/examples.jsonl
  189.2s turn 8
  194.3s   model reply: in 4401 + cached 40611, out 316 (+275 reasoning)
  194.3s   tool bash: node /kit/rag.mjs entry role_user subject activity attribute_claim statement conditional conjunction negation ask confirm inform respond meets_needs
  196.8s turn 9
  217.0s   model reply: in 2712 + cached 44671, out 2248 (+2208 reasoning)
  217.0s   tool bash: grep -E "^\| [a-zA-Z0-9_]+ \| constructor \|" /reference/glossary.md
  217.7s turn 10
  222.3s   model reply: in 6745 + cached 44682, out 100 (+45 reasoning)
  222.3s   tool bash: grep -E "^\| [a-zA-Z0-9_]+ \| constructor \|.*(property|attribute|trait|subject|color|state|kind)" /reference/glossary.md
  222.6s turn 11
  227.3s   model reply: in 4449 + cached 48737, out 64 (+22 reasoning)
  227.3s   tool bash: grep -E "^\| [a-zA-Z0-9_]+ \| claim_relation \|" /reference/glossary.md
  227.9s turn 12
  233.7s   model reply: in 2389 + cached 52794, out 67 (+18 reasoning)
  233.7s   tool bash: grep -E "^\| [a-zA-Z0-9_]+ \| claim_relation \|" /reference/glossary.md | tail -n 25
  234.8s turn 13
  255.5s   model reply: in 3928 + cached 52786, out 2949 (+2927 reasoning)
  255.5s   tool bash: node /kit/rag.mjs check
  256.6s turn 14
  272.0s   model reply: in 6890 + cached 52789, out 1906 (+1858 reasoning)
  272.0s   tool bash: node /kit/rag.mjs search "character_trait" "trait" "property" "kind" "nice" "big" "red" "blue"
  274.3s turn 15
  286.2s   model reply: in 7132 + cached 56864, out 1601 (+1546 reasoning)
  286.2s   tool bash: grep -E "^\| [a-zA-Z0-9_]+ \| constructor \|" /reference/glossary.md | awk -F'|' '{print $2, $4}'
  286.7s turn 16
  329.3s   model reply: in 6831 + cached 60934, out 7127 (+4451 reasoning)
  329.3s   tool write: /output/translation.md
  329.5s turn 17
  341.5s   model reply: in 52869 + cached 0, out 62 (+32 reasoning)
  341.5s   tool bash: node /kit/rag.mjs check --translation /output/translation.md
  342.2s turn 18
  352.2s   model reply: in 4937 + cached 48817, out 1060 (+1022 reasoning)
  352.2s   tool bash: node /kit/rag.mjs check --translation /output/translation.md; echo "Exit code: $?"
  352.5s turn 19
  366.2s   model reply: in 2766 + cached 52877, out 1658 (+1633 reasoning)
  366.2s   tool bash: node /kit/rag.mjs entry role_user
  366.6s turn 20
  373.0s   model reply: in 4479 + cached 52868, out 58 (+33 reasoning)
  373.0s   tool bash: node /kit/rag.mjs entry test_condition
  374.2s turn 21
  402.5s   model reply: in 4623 + cached 52848, out 55 (+28 reasoning)
  402.5s   tool bash: node /kit/rag.mjs entry constraint_single_choice
  402.8s turn 22
  406.3s   model reply: in 4844 + cached 52830, out 72 (+36 reasoning)
  406.3s   tool bash: node /kit/rag.mjs entry conjunction conditional character_trait activity lexical_label statement attribute_claim ask
  406.6s turn 23
  426.4s   model reply: in 2626 + cached 56887, out 3272 (+533 reasoning)
  426.4s   tool write: /output/translation.md
  426.5s turn 24
  430.6s   model reply: in 5902 + cached 56887, out 57 (+27 reasoning)
  430.6s   tool bash: node /kit/rag.mjs check --translation /output/translation.md
  431.7s turn 25
  437.5s   model reply: in 2733 + cached 60936, out 135 (+29 reasoning)
  441.0s agent finished
  441.0s agent finished
