    2.2s turn 1
    8.5s   model reply: in 25082 + cached 0, out 536 (+499 reasoning)
    8.5s   tool bash: node /kit/rag.mjs search "guitar tabs" "tabs link" "filter link" "beginner"
    8.8s turn 2
   11.9s   model reply: in 2394 + cached 24344, out 84 (+45 reasoning)
   11.9s   tool bash: node /kit/rag.mjs entry web_element click sequence then request song constraint_beginner apply_filters select_filter
   12.0s turn 3
   15.9s   model reply: in 3188 + cached 24331, out 281 (+245 reasoning)
   15.9s   tool bash: node /kit/rag.mjs search "web navigation" "click link" "filter" "tabs"
   16.1s turn 4
   19.5s   model reply: in 4654 + cached 24325, out 129 (+88 reasoning)
   19.5s   tool bash: node /kit/rag.mjs search "user" "agent" "filter" "step" "format_numbered_list"
   19.7s turn 5
   26.9s   model reply: in 2216 + cached 28375, out 988 (+945 reasoning)
   26.9s   tool bash: node /kit/rag.mjs entry role_user role_agent ask propose request user_preference constraint_beginner sequence then web_element click
   27.0s turn 6
   30.1s   model reply: in 3969 + cached 28371, out 80 (+56 reasoning)
   30.1s   tool bash: grep -rn "web_element" /reference/
   30.2s turn 7
   34.6s   model reply: in 4312 + cached 28356, out 367 (+337 reasoning)
   34.6s   tool bash: node /kit/rag.mjs search "tag" "web_element"
   34.8s turn 8
   39.0s   model reply: in 5289 + cached 28346, out 67 (+45 reasoning)
   39.0s   tool bash: grep -rn "web_element" /
   39.1s turn 9
   48.4s   model reply: in 0 + cached 0, out 0 (+0 reasoning)
   48.5s agent finished
   50.4s turn 10
   64.1s   model reply: in 0 + cached 0, out 0 (+0 reasoning)
   64.1s agent finished
   68.1s turn 11
   79.6s   model reply: in 0 + cached 0, out 0 (+0 reasoning)
   79.6s agent finished
   87.6s turn 12
  191.2s   model reply: in 33809 + cached 0, out 68 (+27 reasoning)
  191.2s   tool bash: grep -rn "web_element" /reference /doc_formats /translations /suggestions /merged /previous 2>/dev/null
  191.2s turn 13
  199.4s   model reply: in 5816 + cached 28315, out 43 (+13 reasoning)
  199.4s   tool bash: ls -la /translations /suggestions /merged /previous 2>/dev/null
  199.4s turn 14
  227.0s   model reply: in 5887 + cached 28297, out 773 (+736 reasoning)
  227.0s   tool bash: node /kit/rag.mjs entry request select_filter apply_filters search_web constraint_beginner song requirement
  227.1s turn 15
  246.2s   model reply: in 4009 + cached 32346, out 103 (+66 reasoning)
  246.2s   tool bash: node /kit/rag.mjs search "guitar" "musical instrument" "query" "filter search results"
  246.4s turn 16
  261.9s   model reply: in 5245 + cached 32341, out 301 (+273 reasoning)
  261.9s   tool bash: grep -E "\| constructor \|" /reference/glossary.md
  261.9s turn 17
  271.0s   model reply: in 3294 + cached 36389, out 87 (+53 reasoning)
  271.0s   tool bash: node /kit/rag.mjs search "difficulty" "beginner" "guitar" "tabs"
  271.2s turn 18
  295.7s   model reply: in 4460 + cached 36382, out 2881 (+2326 reasoning)
  295.7s   tool bash: cat << 'EOF' > /output/translation.md
Status: success
Mode: TRACE

## BrainCode

```braincode
MODE TRACE
ENTRYPOINT Conversation
CONVO Conversation {
  TURN t1 
  295.8s turn 19
  306.7s   model reply: in 3490 + cached 40442, out 229 (+162 reasoning)
  306.7s   tool bash: node -e 'const { execSync } = require("child_process"); console.log(execSync("node /kit/rag.mjs check --translation /output/translation.md --json 2>/dev/null ||
  306.9s turn 20
  320.0s   model reply: in 4265 + cached 40170, out 246 (+216 reasoning)
  320.0s   tool bash: node /kit/rag.mjs widen "Filter search results" --kind action
  320.2s turn 21
  335.8s   model reply: in 2271 + cached 44204, out 1331 (+1277 reasoning)
  335.8s   tool bash: node -e 'const fs = require("fs"); console.log(fs.readFileSync("/kit/rag.mjs", "utf8").slice(0, 3000))'
  335.9s turn 22
  346.0s   model reply: in 4511 + cached 44223, out 1109 (+1080 reasoning)
  346.0s   tool bash: node /kit/rag.mjs entry sequence format_numbered_list then
  346.1s turn 23
  363.3s   model reply: in 5788 + cached 44225, out 2511 (+2481 reasoning)
  363.3s   tool bash: node /kit/rag.mjs check --translation /output/translation.md
  363.4s turn 24
  373.0s   model reply: in 4461 + cached 48272, out 633 (+561 reasoning)
  373.0s   tool bash: node -e 'const { execSync } = require("child_process"); console.log(JSON.stringify(JSON.parse(execSync("node /kit/rag.mjs check --translation /output/translatio
  373.2s turn 25
  380.8s   model reply: in 5627 + cached 48013, out 1189 (+635 reasoning)
  380.8s   tool write: /output/translation.md
  380.8s turn 26
  383.5s   model reply: in 2817 + cached 52016, out 53 (+23 reasoning)
  383.5s   tool bash: node /kit/rag.mjs check --translation /output/translation.md
  383.6s turn 27
  386.8s   model reply: in 3093 + cached 52002, out 82 (+40 reasoning)
  386.8s agent finished
  386.8s agent finished
