    5.5s turn 1
   17.1s   model reply: in 3 + cached 0, out 916 (+719 reasoning)
   17.1s   tool bash: node /kit/rag.mjs widen "pan with a knife on a table; object containment and placement relation" --kind constraint && node /kit/rag.mjs widen "agent utterance p
   17.1s   tool bash: node /kit/rag.mjs search "describe spatial containment of an object inside another object" "turn left toward destination then face landmark" "walk forward witho
   18.5s turn 2
   21.9s   model reply: in 3 + cached 30208, out 104 (+51 reasoning)
   21.9s   tool bash: node /kit/rag.mjs entry sequence spatial_constraint location_spec spatial_state in next_to left_of on turn walk pick_up place face propose then activity
   22.0s turn 3
   29.0s   model reply: in 3 + cached 35508, out 455 (+293 reasoning)
   29.0s   tool bash: node /kit/rag.mjs search "TERM description of a physical object entity as spatial_constraint object and reference" "property-free object description TERM constr
   29.0s   tool bash: node /kit/rag.mjs widen "pick up closest knife next to lettuce" --kind action && node /kit/rag.mjs widen "on left side above lettuce relative to table" --kind c
   29.9s turn 4
   33.2s   model reply: in 3 + cached 37427, out 198 (+154 reasoning)
   33.2s   tool bash: node /kit/rag.mjs entry lexical_label subject extract similarity rank_distance entity_order_vs_assemble_plan
   33.3s turn 5
   40.4s   model reply: in 3 + cached 41611, out 399 (+367 reasoning)
   40.4s   tool bash: node /kit/rag.mjs entry conjunction
   40.5s turn 6
   43.9s   model reply: in 3 + cached 42858, out 227 (+157 reasoning)
   43.9s   tool bash: node /kit/rag.mjs widen "user commands agent to place pan with knife on table" --kind speech_act && node /kit/rag.mjs search "speech act issuing an imperative i
   44.2s turn 7
  147.7s   model reply: in 3 + cached 43313, out 10571 (+7762 reasoning)
  147.7s   tool write: /output/translation.md
  147.7s turn 8
  161.0s   model reply: in 3 + cached 45505, out 1305 (+931 reasoning)
  161.0s   tool edit: /output/translation.md
  161.0s turn 9
  176.9s   model reply: in 3 + cached 56094, out 1778 (+125 reasoning)
  176.9s   tool write: /output/suggestions.md
  176.9s turn 10
  188.0s   model reply: in 3 + cached 57423, out 996 (+870 reasoning)
  188.0s   tool edit: /output/translation.md
  188.0s turn 11
  190.8s   model reply: in 3 + cached 59219, out 79 (+41 reasoning)
  190.8s   tool bash: node /kit/rag.mjs check --translation /output/translation.md
  191.2s turn 12
  208.2s   model reply: in 3 + cached 60241, out 1708 (+1236 reasoning)
  208.2s   tool edit: /output/translation.md
  208.2s turn 13
  209.7s   model reply: in 3 + cached 61175, out 45 (+7 reasoning)
  209.7s   tool bash: node /kit/rag.mjs check --translation /output/translation.md
  209.9s turn 14
  220.1s   model reply: in 3 + cached 62907, out 936 (+729 reasoning)
  220.1s   tool edit: /output/translation.md
  220.1s turn 15
  223.5s   model reply: in 3 + cached 63792, out 112 (+30 reasoning)
  223.5s agent finished
  223.5s agent finished
