    1.7s turn 1
   11.2s   model reply: in 29345 + cached 0, out 1171 (+1128 reasoning)
   11.2s   tool bash: node /kit/rag.mjs search "mow" "lawn" "prepare" "trim" "gardening" "safety instructions"
   11.4s turn 2
   14.4s   model reply: in 3694 + cached 28447, out 115 (+68 reasoning)
   14.4s   tool bash: node /kit/rag.mjs search "activity" "instruction" "procedure" "safety" "guideline" "tool" "wear" "method"
   14.5s turn 3
   18.5s   model reply: in 5996 + cached 28444, out 165 (+111 reasoning)
   18.5s   tool bash: node /kit/rag.mjs entry activity sequence self_protection obligation requirement subject property_question enables designed_to_be recommended important user_pra
   18.6s turn 4
   21.1s   model reply: in 4163 + cached 32503, out 70 (+33 reasoning)
   21.1s   tool bash: node /kit/rag.mjs entry recommended important user_practice at_most measure conjunction negation exclude supports revises
   21.2s turn 5
   23.9s   model reply: in 5329 + cached 32493, out 95 (+58 reasoning)
   23.9s   tool bash: node /kit/rag.mjs entry offer offer_help propose inform respond ask constrained_by prep_time warning
   24.0s turn 6
   29.2s   model reply: in 2072 + cached 36540, out 675 (+626 reasoning)
   29.2s   tool bash: node /kit/rag.mjs search "role_user" "agent" "user" "mower" "grass" "obstacle" "debris" "efficient"
   29.4s turn 7
   32.5s   model reply: in 5030 + cached 36544, out 65 (+31 reasoning)
   32.5s   tool bash: node /kit/rag.mjs entry outshines works_best role_user role_agent
   32.6s turn 8
   35.7s   model reply: in 5375 + cached 36527, out 128 (+96 reasoning)
   35.8s   tool bash: node /kit/rag.mjs search "holder" "speaker" "claim holder"
   35.9s turn 9
   38.7s   model reply: in 2276 + cached 40573, out 62 (+29 reasoning)
   38.7s   tool bash: node /kit/rag.mjs entry statement attribute_claim possesses has_goal argues_for
   38.9s turn 10
   44.4s   model reply: in 3183 + cached 40561, out 110 (+64 reasoning)
   44.4s   tool bash: node /kit/rag.mjs search "better" "possible" "useful" "efficiency" "effort" "saving" "finish" "comparison"
   44.6s turn 11
   47.9s   model reply: in 5410 + cached 40561, out 66 (+31 reasoning)
   47.9s   tool bash: node /kit/rag.mjs entry meets_needs reason_for rate contrast similarity visual_contrast distinguish
   48.0s turn 12
   56.9s   model reply: in 2154 + cached 44603, out 1254 (+1229 reasoning)
   56.9s   tool bash: node /kit/rag.mjs entry object_label
   57.0s turn 13
   65.4s   model reply: in 3524 + cached 44596, out 1151 (+1111 reasoning)
   65.4s   tool bash: grep -E "^\| [a-z0-9_]+ \| claim_relation \|" /reference/glossary.md
   65.5s turn 14
   70.4s   model reply: in 6600 + cached 44604, out 85 (+47 reasoning)
   70.4s   tool bash: grep -E "^\| [a-z0-9_]+ \| link \|" /reference/glossary.md
   70.4s turn 15
   93.5s   model reply: in 2866 + cached 48642, out 3231 (+3183 reasoning)
   93.5s   tool bash: grep -E "^\| [a-z0-9_]+ \| (duration-unit-value|unit-value) \|" /reference/glossary.md
   93.6s turn 16
   96.2s   model reply: in 6097 + cached 48652, out 50 (+17 reasoning)
   96.2s   tool bash: grep -i "unit" /reference/glossary.md | head -n 30
   96.3s turn 17
   99.0s   model reply: in 3694 + cached 52702, out 46 (+14 reasoning)
   99.0s   tool bash: grep -A 10 "### unit-value" /reference/glossary.md
   99.0s turn 18
  123.8s   model reply: in 4076 + cached 52685, out 5300 (+2874 reasoning)
  123.8s   tool write: /output/translation.md
  123.9s turn 19
  126.6s   model reply: in 5300 + cached 56765, out 54 (+24 reasoning)
  126.6s   tool bash: node /kit/rag.mjs check --translation /output/translation.md
  126.7s turn 20
  144.1s   model reply: in 6008 + cached 56752, out 3520 (+1058 reasoning)
  144.1s   tool write: /output/translation.md
  144.1s turn 21
  147.8s   model reply: in 5468 + cached 60816, out 54 (+24 reasoning)
  147.8s   tool bash: node /kit/rag.mjs check --translation /output/translation.md
  147.9s turn 22
  153.2s   model reply: in 2106 + cached 64856, out 382 (+201 reasoning)
  153.2s agent finished
  153.2s agent finished
