    3.1s turn 1
   16.9s   model reply: in 31868 + cached 0, out 2069 (+2010 reasoning)
   16.9s   tool bash: node /kit/rag.mjs search "playboy" "flirty" "intellectual" "pickup line" "bank account" "date" "reassure" "adventure" "restaurant" "drinks"
   17.1s turn 2
   21.0s   model reply: in 8236 + cached 28474, out 176 (+89 reasoning)
   21.0s   tool bash: node /kit/rag.mjs entry ask propose respond apologize acknowledge inform confirm express_interest offer tone_silly style_catchy style_academic constraint_budget
   21.4s turn 3
   25.1s   model reply: in 2295 + cached 36604, out 118 (+60 reasoning)
   25.1s   tool bash: node /kit/rag.mjs entry requirement unit_week occurred occurred_recently enables leads_to attitude wine restaurant entity_drinks role_friend role_user role_agen
   25.3s turn 4
   29.2s   model reply: in 4144 + cached 36596, out 170 (+122 reasoning)
   29.2s   tool bash: node /kit/rag.mjs entry contrast motivated_by works_best identity exclude include obligation conditional similarity indicator well_wishes role_adults role_colle
   29.4s turn 5
   36.0s   model reply: in 5460 + cached 36585, out 704 (+647 reasoning)
   36.0s   tool bash: node /kit/rag.mjs search "forgive" "charm" "wit" "weekend" "schedule" "conversation" "wine tasting" "speakeasy" "dinner" "tinder"
   36.6s turn 6
   60.1s   model reply: in 4894 + cached 40654, out 3957 (+3927 reasoning)
   60.1s   tool bash: grep -E "\| speech_act \|" /reference/glossary.md
   60.2s turn 7
   66.0s   model reply: in 5249 + cached 44730, out 77 (+49 reasoning)
   66.0s   tool bash: grep -E "\| constructor \|" /reference/glossary.md
   66.0s turn 8
   68.9s   model reply: in 3064 + cached 48788, out 50 (+20 reasoning)
   68.9s   tool bash: grep -E "\| claim_relation \|" /reference/glossary.md
   69.0s turn 9
   72.6s   model reply: in 5053 + cached 48782, out 53 (+16 reasoning)
   72.6s   tool bash: grep -E "\| claim_relation \|" /reference/glossary.md | tail -n 25
   72.7s turn 10
   76.0s   model reply: in 2515 + cached 52837, out 47 (+19 reasoning)
   76.0s   tool bash: grep -E "\| link \|" /reference/glossary.md
   76.1s turn 11
   80.0s   model reply: in 2800 + cached 52818, out 72 (+28 reasoning)
   80.0s   tool bash: grep -E "\| value \|" /reference/glossary.md | cut -d'|' -f4 | sort | uniq -c
   80.0s turn 12
   83.7s   model reply: in 3115 + cached 52800, out 77 (+29 reasoning)
   83.7s   tool bash: grep -E "\| (style-value|tone-value|topic-value|artifact-value|recipient-value) \|" /reference/glossary.md
   83.8s turn 13
   88.1s   model reply: in 5082 + cached 52795, out 70 (+26 reasoning)
   88.1s   tool bash: grep -E "\| constructor \|" /reference/glossary.md | cut -d'|' -f2 | tr -d ' '
   88.1s turn 14
   93.2s   model reply: in 5475 + cached 52778, out 105 (+57 reasoning)
   93.2s   tool bash: node /kit/rag.mjs entry interpersonal_stance property_question negation temporal_context time_horizon decision character character_trait requirement activity di
   93.3s turn 15
  129.3s   model reply: in 3525 + cached 56835, out 5950 (+5914 reasoning)
  129.3s   tool bash: node /kit/rag.mjs check --translation /attach/4-format-successful_translation.md
  129.4s turn 16
  172.4s   model reply: in 10007 + cached 56866, out 7385 (+5905 reasoning)
  172.4s   tool bash: cat << 'EOF' > /workspace/draft.md
Status: success
Mode: TRACE

## BrainCode

```braincode
MODE TRACE
ENTRYPOINT Conversation
CONVO Conversation {
  TURN t1 SPE
  172.6s turn 17
  190.6s   model reply: in 52347 + cached 0, out 978 (+935 reasoning)
  190.6s   tool bash: node /kit/rag.mjs entry acknowledge apologize confirm inform propose respond ask meets_needs constrained_by enables user_practice occurred occurred_recently
  190.8s turn 18
  224.9s   model reply: in 5818 + cached 48787, out 4068 (+2522 reasoning)
  224.9s   tool bash: cat << 'EOF' > /workspace/draft2.md
Status: success
Mode: TRACE

## BrainCode

```braincode
MODE TRACE
ENTRYPOINT Conversation
CONVO Conversation {
  TURN t1 SP
  225.2s turn 19
  238.0s   model reply: in 6543 + cached 52865, out 1800 (+278 reasoning)
  238.0s   tool write: /output/translation.md
  238.0s turn 20
  241.6s   model reply: in 4293 + cached 56919, out 56 (+26 reasoning)
  241.6s   tool bash: node /kit/rag.mjs check --translation /output/translation.md
  241.9s turn 21
  247.2s   model reply: in 5098 + cached 56905, out 155 (+42 reasoning)
  247.2s agent finished
  247.2s agent finished
