    2.0s turn 1
   13.5s   model reply: in 30982 + cached 0, out 624 (+602 reasoning)
   13.5s   tool bash: node /kit/rag.mjs check
   13.5s turn 2
   30.3s   model reply: in 3179 + cached 28443, out 900 (+865 reasoning)
   30.3s   tool bash: node /kit/rag.mjs entry propose respond walk turn pick_up place face drop walk_backward
   30.4s turn 3
   34.5s   model reply: in 5236 + cached 28438, out 64 (+35 reasoning)
   34.5s   tool bash: grep -n "alfred" /reference/glossary.md || true
   34.5s turn 4
   41.7s   model reply: in 5321 + cached 28420, out 43 (+16 reasoning)
   41.8s   tool bash: grep -n "^| example_" /reference/glossary.md
   41.8s turn 5
   62.7s   model reply: in 2423 + cached 32470, out 2792 (+2735 reasoning)
   62.7s   tool bash: node -e '
const fs = require("fs");
console.log(fs.readFileSync("/kit/rag.mjs", "utf8").slice(0, 2000));
'
   62.8s turn 6
   67.2s   model reply: in 5805 + cached 32477, out 78 (+56 reasoning)
   67.2s   tool bash: node /kit/rag.mjs health
   67.4s turn 7
   81.2s   model reply: in 5997 + cached 32452, out 2119 (+2061 reasoning)
   81.2s   tool bash: node /kit/rag.mjs search "walk" "turn" "pick_up" "place" "face" "next_to" "left_of" "behind" "on" "under"
   81.4s turn 8
   85.0s   model reply: in 7098 + cached 36532, out 114 (+66 reasoning)
   85.0s   tool bash: node /kit/rag.mjs search "above" "burner" "stove" "knife" "safe" "lettuce" "pan" "table"
   85.2s turn 9
   89.0s   model reply: in 5520 + cached 40592, out 144 (+113 reasoning)
   89.0s   tool bash: node /kit/rag.mjs entry object_label food_label color_label
   89.2s turn 10
  101.9s   model reply: in 6007 + cached 40576, out 319 (+275 reasoning)
  101.9s   tool bash: node /kit/rag.mjs entry rank_distance in on next_to behind left_of right_of under other_side_of between
  102.1s turn 11
  106.4s   model reply: in 2778 + cached 44621, out 90 (+62 reasoning)
  106.4s   tool bash: node /kit/rag.mjs entry location_spec spatial_state
  106.6s turn 12
  122.2s   model reply: in 3060 + cached 44603, out 2371 (+2343 reasoning)
  122.2s   tool bash: node /kit/rag.mjs entry walk walk_backward face turn
  122.4s turn 13
  126.2s   model reply: in 5862 + cached 44608, out 132 (+96 reasoning)
  126.2s   tool bash: grep -E "walk|turn|pick_up|place|face" /reference/glossary.md
  126.2s turn 14
  130.0s   model reply: in 3864 + cached 48662, out 149 (+112 reasoning)
  130.0s   tool bash: node /kit/rag.mjs search "spatial" "position" "relative" "location" "direction"
  130.2s turn 15
  152.1s   model reply: in 5409 + cached 48657, out 64 (+38 reasoning)
  152.1s   tool bash: node /kit/rag.mjs entry propose respond inform ask
  152.2s turn 16
  155.4s   model reply: in 5738 + cached 48640, out 51 (+28 reasoning)
  155.4s   tool bash: node /kit/rag.mjs entry activity
  155.5s turn 17
  170.0s   model reply: in 2370 + cached 52679, out 2119 (+1085 reasoning)
  170.0s   tool write: /output/translation.md
  170.1s turn 18
  173.6s   model reply: in 4496 + cached 52676, out 61 (+31 reasoning)
  173.6s   tool bash: node /kit/rag.mjs check --translation /output/translation.md
  173.8s turn 19
  188.5s   model reply: in 5462 + cached 52666, out 1879 (+1847 reasoning)
  188.5s   tool bash: grep -n -C 5 "turn(" /reference/glossary.md || true
  188.6s turn 20
  191.9s   model reply: in 3294 + cached 56716, out 54 (+31 reasoning)
  191.9s   tool bash: node /kit/rag.mjs entry turn
  192.0s turn 21
  196.0s   model reply: in 3436 + cached 56697, out 175 (+141 reasoning)
  196.0s   tool bash: node /kit/rag.mjs search "left" "right" "forward" "around"
  196.2s turn 22
  203.2s   model reply: in 4697 + cached 56690, out 600 (+561 reasoning)
  203.2s   tool bash: node /kit/rag.mjs search "closest" "next to" "rank_distance" "spatial_state"
  203.3s turn 23
  206.8s   model reply: in 2556 + cached 60739, out 58 (+33 reasoning)
  206.8s   tool bash: node /kit/rag.mjs entry spatial_constraint
  207.0s turn 24
  210.5s   model reply: in 2710 + cached 60720, out 69 (+32 reasoning)
  210.5s   tool bash: node /kit/rag.mjs search "construct" "describe" "entity" "closest" "constraint"
  210.8s turn 25
  237.9s   model reply: in 0 + cached 0, out 0 (+0 reasoning)
  238.0s agent finished
  239.9s turn 26
  253.6s   model reply: in 0 + cached 0, out 0 (+0 reasoning)
  253.6s agent finished
  257.6s turn 27
  269.2s   model reply: in 0 + cached 0, out 0 (+0 reasoning)
  269.2s agent finished
  277.3s turn 28
  299.8s   model reply: in 0 + cached 0, out 0 (+0 reasoning)
  299.8s agent finished
  315.9s turn 29
  374.6s   model reply: in 64950 + cached 0, out 1097 (+1074 reasoning)
  374.6s   tool bash: node /kit/rag.mjs entry place
  374.7s turn 30
  431.5s   model reply: in 5489 + cached 60710, out 1622 (+1581 reasoning)
  431.5s   tool bash: node /kit/rag.mjs search "color" "spatial_constraint" "entity" "table" "lettuce"
  431.7s turn 31
  477.3s   model reply: in 4618 + cached 64772, out 77 (+43 reasoning)
  477.3s   tool bash: node /kit/rag.mjs search "property" "attribute" "descriptor" "feature"
  477.5s turn 32
  505.9s   model reply: in 46491 + cached 8104, out 63 (+38 reasoning)
  505.9s   tool bash: node /kit/rag.mjs search "constructor"
  506.0s turn 33
  514.6s   model reply: in 2253 + cached 52663, out 89 (+58 reasoning)
  514.6s   tool bash: node /kit/rag.mjs entry spatial_constraint location_spec sequence conjunction include
  514.8s turn 34
  525.4s   model reply: in 2693 + cached 52646, out 75 (+45 reasoning)
  525.4s   tool bash: node /kit/rag.mjs entry character_trait activity spatial_state requirement
  525.5s turn 35
  543.4s   model reply: in 3809 + cached 52638, out 2082 (+2025 reasoning)
  543.4s   tool bash: node -e '
const fs = require("fs");
console.log(fs.readFileSync("/kit/rag.mjs", "utf8").slice(0, 2000));
'
  543.5s turn 36
  547.5s   model reply: in 6480 + cached 52646, out 91 (+31 reasoning)
  547.5s   tool bash: node -e '
const fs = require("fs");
console.log(fs.readFileSync("/kit/rag.mjs", "utf8").slice(2000, 4000));
'
  547.5s turn 37
  560.7s   model reply: in 3157 + cached 56682, out 1245 (+1209 reasoning)
  560.7s   tool bash: node /kit/rag.mjs search "rank_distance" "sort" "filter" "select"
  560.8s turn 38
  575.8s   model reply: in 5678 + cached 56689, out 1734 (+1688 reasoning)
  575.8s   tool bash: node /kit/rag.mjs entry in on next_to left_of right_of under behind in_front_of other_side_of between
  575.9s turn 39
  599.8s   model reply: in 3861 + cached 60742, out 3895 (+2647 reasoning)
  599.8s   tool write: /output/translation.md
  599.8s turn 40
  604.8s   model reply: in 7744 + cached 60758, out 53 (+23 reasoning)
  604.8s   tool bash: node /kit/rag.mjs check --translation /output/translation.md
  605.0s turn 41
  616.0s   model reply: in 4651 + cached 64798, out 870 (+832 reasoning)
  616.0s   tool bash: node /kit/rag.mjs search "rank_distance" "rank_field" "sort" "closest"
  616.1s turn 42
  625.7s   model reply: in 54555 + cached 0, out 60 (+37 reasoning)
  625.7s   tool bash: node /kit/rag.mjs entry sort
  625.8s turn 43
  629.1s   model reply: in 6047 + cached 48668, out 116 (+85 reasoning)
  629.1s   tool bash: node /kit/rag.mjs entry rank_distance dir_asc dir_desc
  629.3s turn 44
  632.2s   model reply: in 2267 + cached 52705, out 125 (+100 reasoning)
  632.2s   tool bash: node /kit/rag.mjs entry lexical_label
  632.4s turn 45
  645.0s   model reply: in 2877 + cached 52690, out 1882 (+501 reasoning)
  645.0s   tool write: /output/translation.md
  645.0s turn 46
  648.1s   model reply: in 4769 + cached 52684, out 41 (+11 reasoning)
  648.1s   tool bash: node /kit/rag.mjs check --translation /output/translation.md
  648.3s turn 47
  659.4s   model reply: in 5723 + cached 52674, out 1656 (+267 reasoning)
  659.4s   tool write: /output/translation.md
  659.5s turn 48
  662.5s   model reply: in 3339 + cached 56718, out 53 (+23 reasoning)
  662.5s   tool bash: node /kit/rag.mjs check --translation /output/translation.md
  662.7s turn 49
  684.3s   model reply: in 4286 + cached 56708, out 4114 (+2723 reasoning)
  684.3s   tool write: /output/translation.md
  684.4s turn 50
  687.1s   model reply: in 4335 + cached 60777, out 53 (+23 reasoning)
  687.1s   tool bash: node /kit/rag.mjs check --translation /output/translation.md
  687.2s turn 51
  696.0s   model reply: in 5283 + cached 60766, out 1485 (+38 reasoning)
  696.1s agent finished
  696.1s agent finished
