    5.9s turn 1
   10.1s   model reply: in 1692 + cached 0, out 411 (+394 reasoning)
   10.1s   tool read: /trajectory.txt
   10.1s turn 2
   21.2s   model reply: in 2176 + cached 0, out 1131 (+1109 reasoning)
   21.2s   tool bash: ls -la /attach /output || true
   21.2s turn 3
   33.4s   model reply: in 3453 + cached 0, out 1635 (+1604 reasoning)
   33.4s   tool bash: python3 -c "print(repr(open('/trajectory.txt').read()))"
   33.4s turn 4
   35.9s   model reply: in 5111 + cached 0, out 61 (+23 reasoning)
   35.9s   tool bash: node -e "console.log(JSON.stringify(fs.readFileSync('/trajectory.txt', 'utf8')))"
   35.9s turn 5
   51.9s   model reply: in 5256 + cached 0, out 2334 (+2290 reasoning)
   51.9s   tool bash: node -e "console.log(JSON.stringify(fs.readFileSync('/attach/1-format-translation.md', 'utf8')))"
   52.0s turn 6
   59.8s   model reply: in 7781 + cached 0, out 845 (+725 reasoning)
   59.8s   tool write: /output/translation.md
   59.8s turn 7
   62.7s   model reply: in 4702 + cached 3928, out 33 (+14 reasoning)
   62.7s   tool read: /output/translation.md
   62.7s turn 8
   67.1s   model reply: in 4837 + cached 3921, out 444 (+430 reasoning)
   67.1s agent finished
   67.1s agent finished
