    2.4s turn 1
    7.7s   model reply: in 30098 + cached 0, out 423 (+392 reasoning)
    7.7s   tool bash: node /kit/rag.mjs search "cook" "kitchen" "microwave"
    7.8s turn 2
   10.8s   model reply: in 2909 + cached 28441, out 60 (+28 reasoning)
   10.8s   tool bash: node /kit/rag.mjs search "heat" "cook" "appliance"
   11.0s turn 3
   14.6s   model reply: in 3840 + cached 28428, out 121 (+86 reasoning)
   14.6s   tool bash: node /kit/rag.mjs entry heat state_microwaved turn_on activity state_warm
   14.8s turn 4
   23.0s   model reply: in 4911 + cached 28417, out 1285 (+1249 reasoning)
   23.0s   tool bash: node /kit/rag.mjs search "embodied" "alfred" "instruction" "task"
   23.2s turn 5
   27.5s   model reply: in 0 + cached 0, out 0 (+0 reasoning)
   27.5s agent finished
   29.5s turn 6
   43.2s   model reply: in 0 + cached 0, out 0 (+0 reasoning)
   43.2s agent finished
   47.2s turn 7
   73.7s   model reply: in 0 + cached 0, out 0 (+0 reasoning)
   73.7s agent finished
   81.7s turn 8
  134.6s   model reply: in 0 + cached 0, out 0 (+0 reasoning)
  134.6s agent finished
  150.6s turn 9
  279.5s   model reply: in 35671 + cached 0, out 819 (+791 reasoning)
  279.5s   tool bash: grep -rn "alfred" /reference/ /kit/ || true
  279.6s turn 10
  308.2s   model reply: in 4030 + cached 32463, out 53 (+27 reasoning)
  308.2s   tool bash: node /kit/rag.mjs check --help || true
  308.2s turn 11
  320.0s   model reply: in 4112 + cached 32444, out 95 (+69 reasoning)
  320.0s   tool bash: head -n 50 /kit/rag.mjs
  320.0s turn 12
  340.0s   model reply: in 4962 + cached 32433, out 3236 (+3200 reasoning)
  340.0s   tool bash: node /kit/rag.mjs entry turn walk face pick_up open place close heat turn_on remove
  340.2s turn 13
  352.1s   model reply: in 5439 + cached 36508, out 1112 (+908 reasoning)
  352.1s   tool bash: cat << 'EOF' > /output/translation.md
Status: success
Mode: REQUEST

## BrainCode

```braincode
MODE REQUEST
ENTRYPOINT Conversation
CONVO Conversation {
  TURN
  352.2s turn 14
  363.1s   model reply: in 3252 + cached 40561, out 956 (+863 reasoning)
  363.1s   tool bash: node /kit/rag.mjs widen "cooked" --kind constraint
node /kit/rag.mjs widen "black" --kind constraint
node /kit/rag.mjs widen "red" --kind constraint
node /kit/r
  364.0s turn 15
  375.3s   model reply: in 7674 + cached 40579, out 397 (+360 reasoning)
  375.3s   tool bash: node /kit/rag.mjs search "corner" "sequence" "between" "egg" "cook"
  375.4s turn 16
  384.4s   model reply: in 5419 + cached 44633, out 577 (+533 reasoning)
  384.4s   tool bash: node /kit/rag.mjs entry walk_backward corner between in_front_of next_to on left_of right_of behind under
  384.6s turn 17
  393.3s   model reply: in 2450 + cached 48679, out 560 (+86 reasoning)
  393.3s   tool bash: cat << 'EOF' > /output/translation.md
Status: success
Mode: REQUEST

## BrainCode

```braincode
MODE REQUEST
ENTRYPOINT Apple
TASK Apple {
  ACTION turn(directi
  393.4s turn 18
  397.6s   model reply: in 3880 + cached 48672, out 158 (+121 reasoning)
  397.6s   tool bash: node /kit/rag.mjs search "state_microwaved" "cooked" "state_warm"
  397.7s turn 19
  403.8s   model reply: in 4974 + cached 48662, out 201 (+165 reasoning)
  403.8s   tool bash: node /kit/rag.mjs entry state_warm state_microwaved state_cold has_state
  403.9s turn 20
  410.2s   model reply: in 5481 + cached 48646, out 594 (+112 reasoning)
  410.2s   tool bash: cat << 'EOF' > /output/translation.md
Status: success
Mode: REQUEST

## BrainCode

```braincode
MODE REQUEST
ENTRYPOINT Apple
TASK Apple {
  ACTION turn(directi
  410.4s turn 21
  414.6s   model reply: in 2950 + cached 52694, out 138 (+112 reasoning)
  414.6s   tool bash: grep -i "cook" /reference/glossary.md
  414.6s turn 22
  419.7s   model reply: in 3432 + cached 52679, out 88 (+60 reasoning)
  419.7s   tool bash: grep -E "state_|preparation" /reference/glossary.md
  419.7s turn 23
  440.5s   model reply: in 4415 + cached 52668, out 3617 (+2182 reasoning)
  440.5s   tool bash: cat << 'EOF' > /output/translation.md
Status: failed
Mode: REQUEST

## Suggested translation

```braincode
MODE REQUEST
ENTRYPOINT Apple
TASK Apple {
  ACTION t
  440.6s turn 24
  445.1s   model reply: in 4853 + cached 56745, out 324 (+287 reasoning)
  445.1s   tool bash: node /kit/rag.mjs search "in between" "between sink and stove" "next to egg"
  445.3s turn 25
  448.9s   model reply: in 2091 + cached 60790, out 68 (+40 reasoning)
  448.9s   tool bash: grep -E "\| constructor \|" /reference/glossary.md
  449.1s turn 26
  456.0s   model reply: in 3957 + cached 60788, out 840 (+816 reasoning)
  456.0s   tool bash: node /kit/rag.mjs entry open close
  456.1s turn 27
  460.4s   model reply: in 4962 + cached 60778, out 191 (+158 reasoning)
  460.4s   tool bash: node /kit/rag.mjs search "entity descriptor" "object" "wrap atom"
  460.6s turn 28
  463.7s   model reply: in 5975 + cached 60768, out 59 (+27 reasoning)
  463.7s   tool bash: node /kit/rag.mjs entry lexical_label microwave shelf table counter sink stove door
  463.9s turn 29
  471.8s   model reply: in 2824 + cached 64807, out 1259 (+745 reasoning)
  471.8s   tool bash: cat << 'EOF' > /output/translation.md
Status: success
Mode: REQUEST

## BrainCode

```braincode
MODE REQUEST
ENTRYPOINT Apple
TASK Apple {
  ACTION turn(directi
  472.2s turn 30
  478.5s   model reply: in 4944 + cached 64809, out 699 (+483 reasoning)
  478.5s   tool bash: cat << 'EOF' > /output/translation.md
Status: success
Mode: REQUEST

## BrainCode

```braincode
MODE REQUEST
ENTRYPOINT Apple
TASK Apple {
  ACTION pick_up(colo
  478.6s turn 31
  501.1s   model reply: in 48284 + cached 0, out 2565 (+1255 reasoning)
  501.1s   tool bash: cat << 'EOF' > /output/translation.md
Status: success
Mode: REQUEST

## BrainCode

```braincode
MODE REQUEST
ENTRYPOINT Apple
TASK Apple {
  ACTION turn(directi
  501.4s turn 32
  512.1s   model reply: in 7091 + cached 44627, out 1827 (+536 reasoning)
  512.1s   tool bash: cat << 'EOF' > /output/translation.md
Status: success
Mode: REQUEST

## BrainCode

```braincode
MODE REQUEST
ENTRYPOINT Apple
TASK Apple {
  ACTION turn(directi
  512.2s turn 33
  525.0s   model reply: in 5736 + cached 48688, out 2368 (+1072 reasoning)
  525.0s   tool bash: cat << 'EOF' > /output/translation.md
Status: success
Mode: REQUEST

## BrainCode

```braincode
MODE REQUEST
ENTRYPOINT Apple
TASK Apple {
  ACTION turn(directi
  525.2s turn 34
  534.1s   model reply: in 4917 + cached 52754, out 1508 (+200 reasoning)
  534.1s agent finished
  534.1s agent finished
