    5.7s turn 1
   16.3s   model reply: in 33930 + cached 0, out 1152 (+1086 reasoning)
   16.3s   tool bash: node /kit/rag.mjs entry greeting offer_help offer ask propose respond inform acknowledge recommended group_size duration requirement country::IE country::IT uni
   16.5s turn 2
   23.1s   model reply: in 4649 + cached 32545, out 633 (+588 reasoning)
   23.1s   tool bash: node /kit/rag.mjs search "speech act" "greeting" "ask" "propose" "summer" "holiday" "travel"
   25.8s turn 3
   31.1s   model reply: in 3304 + cached 36610, out 68 (+29 reasoning)
   31.1s   tool bash: node /kit/rag.mjs entry property_question user_preference request role_user role_agent role_adults
   32.5s turn 4
   36.5s   model reply: in 3825 + cached 36594, out 118 (+64 reasoning)
   36.5s   tool bash: node /kit/rag.mjs search "season" "origin" "destination" "budget" "vibe" "duration" "constraint" "hidden gem" "recommend" "select"
   37.0s turn 5
   40.2s   model reply: in 6899 + cached 36594, out 90 (+52 reasoning)
   40.2s   tool bash: grep -E "^\| [a-z0-9_]+ \| constructor \|" /reference/glossary.md
   40.3s turn 6
   43.3s   model reply: in 4726 + cached 40653, out 69 (+19 reasoning)
   43.3s   tool bash: grep -E "^\| [a-z0-9_]+ \| constructor \|" /reference/glossary.md | sed -n '26,60p'
   43.4s turn 7
   50.5s   model reply: in 2545 + cached 44711, out 68 (+17 reasoning)
   50.5s   tool bash: grep -E "^\| [a-z0-9_]+ \| constructor \|" /reference/glossary.md | sed -n '61,100p'
   50.5s turn 8
   53.9s   model reply: in 4243 + cached 44703, out 69 (+21 reasoning)
   53.9s   tool bash: grep -E "^\| [a-z0-9_]+ \| (composite|claim_relation|speech_act) \|" /reference/glossary.md
   53.9s turn 9
   56.9s   model reply: in 2210 + cached 48761, out 51 (+13 reasoning)
   56.9s   tool bash: grep -E "^\| [a-z0-9_]+ \| composite \|" /reference/glossary.md
   56.9s turn 10
   60.1s   model reply: in 3976 + cached 48754, out 72 (+20 reasoning)
   60.1s   tool bash: grep -E "^\| [a-z0-9_]+ \| claim_relation \|" /reference/glossary.md | sed -n '21,60p'
   60.1s turn 11
   64.1s   model reply: in 5984 + cached 48749, out 80 (+28 reasoning)
   64.1s   tool bash: grep -E "^\| [a-z0-9_]+ \| claim_relation \|" /reference/glossary.md | sed -n '61,75p'
   64.1s turn 12
   71.2s   model reply: in 2204 + cached 52792, out 984 (+961 reasoning)
   71.2s   tool bash: node /kit/rag.mjs --help
   71.2s turn 13
   74.3s   model reply: in 3238 + cached 52780, out 40 (+18 reasoning)
   74.3s   tool bash: node /kit/rag.mjs needs
   84.6s turn 14
   87.9s   model reply: in 5584 + cached 52779, out 99 (+71 reasoning)
   87.9s   tool bash: node /kit/rag.mjs needs | grep '"id":'
   97.3s turn 15
  101.5s   model reply: in 5861 + cached 52761, out 211 (+189 reasoning)
  101.5s   tool bash: node /kit/rag.mjs check
  101.5s turn 16
  108.4s   model reply: in 2047 + cached 56801, out 870 (+804 reasoning)
  108.4s   tool bash: node -e "const fs = require('fs'); const n = JSON.parse(fs.readFileSync('/needs.json')); console.log('count:', n.length, 'ids:', n.map(x=>x.id).join(','));"
  108.5s turn 17
  118.1s   model reply: in 3158 + cached 56790, out 1086 (+1058 reasoning)
  118.1s   tool bash: grep -C 3 "greeting" /reference/glossary.md
  118.2s turn 18
  121.5s   model reply: in 5122 + cached 56788, out 60 (+32 reasoning)
  121.5s   tool bash: grep -C 2 "offer" /reference/glossary.md
  121.6s turn 19
  130.3s   model reply: in 5851 + cached 56774, out 1097 (+873 reasoning)
  130.3s   tool bash: cat << 'EOF' > /output/translation.md
Status: success
Mode: TRACE

## BrainCode

```braincode
MODE TRACE
ENTRYPOINT Conversation
CONVO Conversation {
  TURN t1 
  130.4s turn 20
  139.0s   model reply: in 3389 + cached 60824, out 364 (+323 reasoning)
  139.0s   tool bash: node /kit/rag.mjs search "plan a holiday" "summer holiday" "summer" "plan" "itinerary"
  139.3s turn 21
  145.3s   model reply: in 5229 + cached 60821, out 567 (+264 reasoning)
  145.3s   tool bash: cat << 'EOF' > /output/translation.md
Status: success
Mode: TRACE

## BrainCode

```braincode
MODE TRACE
ENTRYPOINT Conversation
CONVO Conversation {
  TURN t1 
  145.5s turn 22
  151.6s   model reply: in 2238 + cached 64865, out 456 (+427 reasoning)
  151.6s   tool bash: node /kit/rag.mjs widen "summer season" --kind temporal
  151.8s turn 23
  177.7s   model reply: in 3834 + cached 64859, out 4625 (+2914 reasoning)
  177.7s   tool bash: cat << 'EOF' > /output/translation.md
Status: success
Mode: TRACE

## BrainCode

```braincode
MODE TRACE
ENTRYPOINT Conversation
CONVO Conversation {
  TURN t1 
  177.9s turn 24
  200.2s   model reply: in 53975 + cached 0, out 2613 (+800 reasoning)
  200.2s   tool bash: cat << 'EOF' > /output/translation.md
Status: success
Mode: TRACE

## BrainCode

```braincode
MODE TRACE
ENTRYPOINT Conversation
CONVO Conversation {
  TURN t1 
  200.8s turn 25
  209.8s   model reply: in 4466 + cached 52750, out 1028 (+998 reasoning)
  209.8s   tool bash: grep -C 2 "property_question" /reference/glossary.md
  209.8s turn 26
  214.6s   model reply: in 5806 + cached 52741, out 348 (+320 reasoning)
  214.6s   tool bash: grep -E "^\| statement \|" /reference/glossary.md
  214.7s turn 27
  219.8s   model reply: in 2169 + cached 56781, out 235 (+207 reasoning)
  219.8s   tool bash: node /kit/rag.mjs entry country::IE country::IT
  220.0s turn 28
  226.7s   model reply: in 0 + cached 0, out 0 (+0 reasoning)
  226.8s agent finished
  228.7s turn 29
  242.7s   model reply: in 0 + cached 0, out 0 (+0 reasoning)
  242.7s agent finished
  246.7s turn 30
  273.3s   model reply: in 0 + cached 0, out 0 (+0 reasoning)
  273.3s agent finished
  281.3s turn 31
  370.5s   model reply: in 2772 + cached 56766, out 4468 (+2585 reasoning)
  370.5s   tool bash: cat << 'EOF' > /output/translation.md
Status: success
Mode: TRACE

## BrainCode

```braincode
MODE TRACE
ENTRYPOINT Conversation
CONVO Conversation {
  TURN t1 
  370.7s turn 32
  400.7s   model reply: in 7842 + cached 56792, out 4536 (+2675 reasoning)
  400.7s   tool write: /output/translation.md
  400.7s turn 33
  405.8s   model reply: in 8310 + cached 60864, out 54 (+24 reasoning)
  405.8s   tool bash: node /kit/rag.mjs check --translation /output/translation.md
  405.9s turn 34
  411.2s   model reply: in 4949 + cached 64907, out 232 (+38 reasoning)
  411.2s agent finished
  411.2s agent finished
