    2.0s turn 1
    5.7s   model reply: in 13707 + cached 0, out 214 (+197 reasoning)
    5.7s   tool bash: ls -la /
    5.7s turn 2
    8.2s   model reply: in 2625 + cached 12079, out 53 (+33 reasoning)
    8.2s   tool bash: ls -la /kit /reference
    8.8s turn 3
   11.2s   model reply: in 3070 + cached 12067, out 49 (+19 reasoning)
   11.2s   tool read: /reference/examples.jsonl
   11.3s turn 4
   23.0s   model reply: in 4287 + cached 12065, out 1970 (+1937 reasoning)
   23.0s   tool bash: grep -i "web_element" /reference/* /kit/* 2>/dev/null
   23.0s turn 5
   25.6s   model reply: in 2460 + cached 16102, out 64 (+36 reasoning)
   25.6s   tool bash: find / -name "*mind2web*" 2>/dev/null
   25.7s turn 6
   28.5s   model reply: in 2551 + cached 16085, out 54 (+23 reasoning)
   28.5s   tool read: /kit/needs_prompt.md
   28.5s turn 7
   31.6s   model reply: in 3289 + cached 16075, out 49 (+22 reasoning)
   31.6s   tool read: /prompt.md
   31.6s turn 8
   55.4s   model reply: in 3812 + cached 16062, out 4509 (+4481 reasoning)
   55.4s   tool bash: grep -rn "web_element" / 2>/dev/null
   55.4s turn 9
   58.2s   model reply: in 8287 + cached 16106, out 53 (+18 reasoning)
   58.2s   tool bash: grep -rn "web_element" /kit /reference /attach /workspace 2>/dev/null
   58.3s turn 10
   62.6s   model reply: in 4656 + cached 20121, out 100 (+74 reasoning)
   62.6s   tool bash: grep -rn "rule_operations_general" /reference/
   62.7s turn 11
   65.1s   model reply: in 4973 + cached 20108, out 60 (+32 reasoning)
   65.1s   tool bash: grep -rn "rule_speech_acts_general" /reference/
   65.2s turn 12
  107.5s   model reply: in 5209 + cached 20094, out 9133 (+8898 reasoning)
  107.5s   tool write: /output/reconstruction.md
  107.5s turn 13
  110.3s   model reply: in 10225 + cached 24216, out 49 (+19 reasoning)
  110.3s   tool read: /output/reconstruction.md
  110.3s turn 14
  112.9s   model reply: in 2428 + cached 32267, out 46 (+27 reasoning)
  112.9s agent finished
  112.9s agent finished
