    1.7s turn 1
    9.6s   model reply: in 0 + cached 0, out 0 (+0 reasoning)
    9.6s agent finished
   11.6s turn 2
  118.2s   model reply: in 28206 + cached 0, out 925 (+879 reasoning)
  118.2s   tool bash: node /kit/rag.mjs search "edit" "rewrite" "visa" "embassy" "visiting researcher" "university" "expire"
  118.4s turn 3
  126.4s   model reply: in 6711 + cached 24376, out 631 (+578 reasoning)
  126.4s   tool bash: node /kit/rag.mjs search "apply" "extend" "valid" "permission" "stay" "inquire" "contact" "advice" "transition" "legal"
  126.6s turn 4
  131.1s   model reply: in 6008 + cached 28444, out 138 (+83 reasoning)
  131.1s   tool bash: node /kit/rag.mjs entry request inform ask propose confirm correct decline express_interest offer respond well_wishes provides ongoing recommended allowed_to_en
  131.2s turn 5
  135.0s   model reply: in 3900 + cached 32501, out 151 (+113 reasoning)
  135.0s   tool bash: node /kit/rag.mjs search "claim_relation" "constructor" "speech_act" "link"
  135.2s turn 6
  139.9s   model reply: in 5169 + cached 32491, out 76 (+26 reasoning)
  139.9s   tool bash: node /kit/rag.mjs entry statement leads_to involves has_attribute attribute_claim associated_with role instantiates created_by decision sequence property_questi
  140.1s turn 7
  148.3s   model reply: in 3087 + cached 36548, out 65 (+37 reasoning)
  148.3s   tool bash: node /kit/rag.mjs entry country::DE country::IR
  148.4s turn 8
  158.7s   model reply: in 3521 + cached 36532, out 1781 (+1732 reasoning)
  158.7s   tool bash: node /kit/rag.mjs search "edit" "revise" "visiting" "researcher" "expire" "extension" "embassy" "policy"
  158.8s turn 9
  166.5s   model reply: in 7527 + cached 36543, out 922 (+898 reasoning)
  166.5s   tool bash: node /kit/rag.mjs check --help
  166.5s turn 10
  170.0s   model reply: in 4416 + cached 40592, out 67 (+39 reasoning)
  170.0s   tool bash: node -e '
console.log(process.argv);
'
  170.1s turn 11
  188.4s   model reply: in 4513 + cached 40573, out 3267 (+1588 reasoning)
  188.4s   tool write: /output/translation.md
  188.4s turn 12
  192.2s   model reply: in 3722 + cached 44635, out 53 (+23 reasoning)
  192.2s   tool bash: node /kit/rag.mjs check --translation /output/translation.md
  192.5s turn 13
  199.2s   model reply: in 4326 + cached 44620, out 704 (+673 reasoning)
  199.2s   tool bash: node /kit/rag.mjs widen "edit the provided text" --kind action
  199.3s turn 14
  214.8s   model reply: in 3062 + cached 48681, out 2697 (+954 reasoning)
  214.8s   tool write: /output/translation.md
  214.9s turn 15
  221.9s   model reply: in 5763 + cached 48681, out 53 (+23 reasoning)
  221.9s   tool bash: node /kit/rag.mjs check --translation /output/translation.md
  222.1s turn 16
  231.3s   model reply: in 55117 + cached 0, out 845 (+792 reasoning)
  231.3s   tool bash: node /kit/rag.mjs entry activity ongoing time_point duration subject has_state allowed_to_enter property_question ask negation recommended supports well_wishes 
  231.4s turn 17
  237.7s   model reply: in 5295 + cached 52730, out 52 (+25 reasoning)
  237.7s   tool bash: node /kit/rag.mjs entry inform propose substitute statement respond
  237.8s turn 18
  245.1s   model reply: in 5707 + cached 52713, out 742 (+702 reasoning)
  245.1s   tool bash: node /kit/rag.mjs search "format_plain_text" "obligation" "locale_de" "country"
  245.3s turn 19
  248.8s   model reply: in 3744 + cached 56767, out 55 (+30 reasoning)
  248.8s   tool bash: node /kit/rag.mjs entry location_spec
  249.1s turn 20
  266.2s   model reply: in 3911 + cached 56748, out 2849 (+1054 reasoning)
  266.2s   tool write: /output/translation.md
  266.2s turn 21
  269.4s   model reply: in 6760 + cached 56752, out 53 (+23 reasoning)
  269.4s   tool bash: node /kit/rag.mjs check --translation /output/translation.md
  269.6s turn 22
  281.4s   model reply: in 3378 + cached 60791, out 1790 (+1742 reasoning)
  281.4s agent finished
  281.4s agent finished
