    7.7s turn 1
   12.3s   model reply: in 3 + cached 0, out 52 (+0 reasoning)
   12.3s   tool bash: node /kit/rag.mjs search "description search job listings information technology required certificate filter" "activity search filter verb" "security clearance 
   13.8s turn 2
   26.8s   model reply: in 3 + cached 26217, out 494 (+356 reasoning)
   26.8s   tool bash: node /kit/rag.mjs widen "Browse or search job listings" --kind action; node /kit/rag.mjs widen "IT jobs" --kind object; node /kit/rag.mjs widen "Filter job sear
   30.1s turn 3
   34.3s   model reply: in 3 + cached 27053, out 183 (+16 reasoning)
   34.3s   tool bash: node /kit/rag.mjs entry activity subject requirement request web_element type_text click
   34.3s   tool bash: node /kit/rag.mjs search "information technology employment vacancies" "catalog query description criteria" "certificate filter credential"
   34.3s   tool bash: node /kit/rag.mjs widen "Filter by Security clearance certificate" --kind constraint
   34.3s   tool bash: node /kit/rag.mjs widen "Filter job search results" --kind action
   35.5s turn 4
   46.2s   model reply: in 3 + cached 30232, out 375 (+292 reasoning)
   46.2s   tool bash: node /kit/rag.mjs widen "employment field label information technology" --kind object; node /kit/rag.mjs search "occupational field sector label" "job postings 
   51.2s turn 5
   81.9s   model reply: in 3 + cached 35829, out 1633 (+58 reasoning)
   81.9s   tool write: /output/translation.md
   81.9s turn 6
  107.9s   model reply: in 3 + cached 38829, out 1394 (+0 reasoning)
  107.9s   tool write: /output/suggestions.md
  107.9s turn 7
  110.8s   model reply: in 3 + cached 40480, out 36 (+0 reasoning)
  110.8s   tool bash: node /kit/rag.mjs check --translation /output/translation.md
  111.8s turn 8
  122.7s   model reply: in 3 + cached 41892, out 395 (+190 reasoning)
  122.7s   tool edit: /output/translation.md
  122.7s turn 9
  127.9s   model reply: in 3 + cached 42327, out 51 (+0 reasoning)
  127.9s agent finished
  127.9s agent finished
