    2.1s turn 1
    9.9s   model reply: in 25466 + cached 0, out 1398 (+1365 reasoning)
    9.9s   tool bash: node /kit/rag.mjs entry chill cool slice pick_up place walk face turn remove
   10.1s turn 2
   12.6s   model reply: in 3657 + cached 24355, out 63 (+25 reasoning)
   12.6s   tool bash: find / -maxdepth 3 -name "*.md" -o -name "*.json" 2>/dev/null
   12.7s turn 3
   14.8s   model reply: in 3749 + cached 24336, out 38 (+14 reasoning)
   14.8s   tool bash: ls -la /reference /doc_formats /kit
   14.8s turn 4
   17.1s   model reply: in 4384 + cached 24323, out 49 (+28 reasoning)
   17.1s   tool bash: cat /reference/examples.jsonl
   17.2s turn 5
   19.3s   model reply: in 5611 + cached 24315, out 51 (+30 reasoning)
   19.3s   tool bash: cat /kit/rag.mjs
   19.4s turn 6
   22.0s   model reply: in 31510 + cached 0, out 37 (+15 reasoning)
   22.0s   tool bash: node /kit/rag.mjs health
   22.4s turn 7
   33.4s   model reply: in 3299 + cached 28337, out 1964 (+1923 reasoning)
   33.4s   tool bash: node /kit/rag.mjs entry walk face turn pick_up slice place chill remove walk_backward right_of left_of
   33.5s turn 8
   36.5s   model reply: in 6568 + cached 28350, out 88 (+43 reasoning)
   36.5s   tool bash: node /kit/rag.mjs search "left" "right" "around" "forward" "step" "turn left" "turn around"
   36.7s turn 9
   39.4s   model reply: in 8618 + cached 28351, out 88 (+62 reasoning)
   39.4s   tool bash: grep -i "direction" /reference/glossary.md
   39.4s turn 10
   42.7s   model reply: in 5089 + cached 32387, out 173 (+131 reasoning)
   42.7s   tool bash: grep -E "\| (left|right|around|forward|straight|up|down) \|" /reference/glossary.md
   42.8s turn 11
   45.2s   model reply: in 5289 + cached 32370, out 47 (+20 reasoning)
   45.2s   tool bash: grep -i '"direction"' /reference/glossary.jsonl
   45.3s turn 12
   48.0s   model reply: in 5364 + cached 32352, out 56 (+21 reasoning)
   48.0s   tool bash: grep -E '"(turn|walk|face|look)"' /reference/glossary.jsonl
   48.0s turn 13
   62.6s   model reply: in 5959 + cached 32340, out 2565 (+2537 reasoning)
   62.6s   tool bash: grep -C 5 "slice" /reference/glossary.md
   62.6s turn 14
   65.5s   model reply: in 6457 + cached 36415, out 72 (+40 reasoning)
   65.5s   tool bash: node /kit/rag.mjs entry slice chill remove place pick_up walk face turn
   65.6s turn 15
   73.9s   model reply: in 3629 + cached 40455, out 1236 (+1213 reasoning)
   73.9s   tool bash: node /kit/rag.mjs entry slice
   74.0s turn 16
   77.0s   model reply: in 4942 + cached 40450, out 109 (+68 reasoning)
   77.0s   tool bash: node /kit/rag.mjs search "entity" "lettuce" "food" "food on counter" "slice"
   77.1s turn 17
   80.2s   model reply: in 2516 + cached 44493, out 170 (+147 reasoning)
   80.2s   tool bash: node /kit/rag.mjs entry lettuce
   80.4s turn 18
   86.0s   model reply: in 2778 + cached 44476, out 592 (+555 reasoning)
   86.0s   tool bash: node /kit/rag.mjs search "TERM" "slice" "target" "entity" --kind constructor
   86.2s turn 19
   89.8s   model reply: in 4572 + cached 44477, out 78 (+41 reasoning)
   89.8s   tool bash: grep -E '"kind": "constructor"' /reference/glossary.jsonl | head -n 30
   89.8s turn 20
   92.4s   model reply: in 0 + cached 0, out 0 (+0 reasoning)
   92.5s agent finished
   94.5s turn 21
  108.1s   model reply: in 0 + cached 0, out 0 (+0 reasoning)
  108.1s agent finished
  112.1s turn 22
  235.4s   model reply: in 51454 + cached 0, out 606 (+563 reasoning)
  235.4s   tool bash: node /kit/rag.mjs search "entity on counter" "lettuce on counter" "described object" "item at location"
  235.6s turn 23
  252.5s   model reply: in 4781 + cached 48531, out 51 (+22 reasoning)
  252.5s   tool bash: node /kit/rag.mjs entry lexical_label activity location_spec
  252.6s turn 24
  282.2s   model reply: in 6023 + cached 48525, out 4453 (+3393 reasoning)
  282.2s   tool write: /output/translation.md
  282.2s turn 25
  292.5s   model reply: in 6408 + cached 52597, out 54 (+24 reasoning)
  292.5s   tool bash: node /kit/rag.mjs check --translation /output/translation.md
  292.7s turn 26
  335.0s   model reply: in 3014 + cached 56629, out 865 (+835 reasoning)
  335.0s   tool bash: node /kit/rag.mjs check --translation /output/translation.md
  335.2s turn 27
  360.7s   model reply: in 4466 + cached 56626, out 3116 (+2064 reasoning)
  360.7s   tool write: /output/translation.md
  360.7s turn 28
  371.0s   model reply: in 3529 + cached 60683, out 53 (+23 reasoning)
  371.0s   tool bash: node /kit/rag.mjs check --translation /output/translation.md
  371.1s turn 29
  394.7s   model reply: in 4179 + cached 60670, out 853 (+834 reasoning)
  394.7s   tool read: /output/translation.md
  394.7s turn 30
  399.0s   model reply: in 6057 + cached 60672, out 48 (+18 reasoning)
  399.0s   tool bash: node /kit/rag.mjs check --translation /output/translation.md
  399.2s turn 31
  404.2s   model reply: in 2657 + cached 64704, out 126 (+15 reasoning)
  404.2s agent finished
  404.2s agent finished
