    6.2s turn 1
   15.5s   model reply: in 1726 + cached 0, out 1026 (+1009 reasoning)
   15.5s   tool read: /trajectory.txt
   15.5s turn 2
   35.2s   model reply: in 2872 + cached 0, out 2805 (+2756 reasoning)
   35.2s   tool bash: python3 -c "
with open('/trajectory.txt', 'rb') as f:
    data = f.read()
print(repr(data))
"
   35.2s turn 3
   37.6s   model reply: in 5699 + cached 0, out 39 (+12 reasoning)
   37.6s   tool bash: xxd /trajectory.txt || od -c /trajectory.txt
   37.7s turn 4
   40.1s   model reply: in 6782 + cached 0, out 116 (+65 reasoning)
   40.1s   tool bash: node -e "
const fs = require('fs');
const buf = fs.readFileSync('/trajectory.txt');
console.log(buf.toString('utf8'));
"
   40.4s turn 5
   45.3s   model reply: in 3102 + cached 3917, out 537 (+482 reasoning)
   45.3s   tool bash: node -e "
const fs = require('fs');
const buf = fs.readFileSync('/trajectory.txt');
console.log(JSON.stringify(buf.toString('utf8')));
"
   45.5s turn 6
   56.0s   model reply: in 3769 + cached 3921, out 995 (+977 reasoning)
   56.0s   tool bash: mkdir -p /output
   56.1s turn 7
   60.8s   model reply: in 4757 + cached 3931, out 610 (+470 reasoning)
   60.8s   tool node: {"code": "const fs = require('fs');\nconst orig = fs.readFileSync('/trajectory.txt', 'utf8');\n\nconst hebrewText = \"\u
   60.8s turn 8
   63.4s   model reply: in 5369 + cached 3932, out 159 (+15 reasoning)
   63.4s   tool bash: node -e "
const fs = require('fs');
const orig = fs.readFileSync('/trajectory.txt', 'utf8');

const hebrewText = 'מצא את יחידת ספק הכוח הזולה ביותר עם תפוקת כוח
   63.5s turn 9
   65.5s   model reply: in 5536 + cached 3926, out 43 (+23 reasoning)
   65.5s   tool read: /output/reconstruction.md
   65.6s turn 10
   68.2s   model reply: in 5696 + cached 3920, out 103 (+84 reasoning)
   68.2s agent finished
   68.2s agent finished
