    3.5s turn 1
    7.9s   model reply: in 32087 + cached 0, out 221 (+166 reasoning)
    7.9s   tool bash: node /kit/rag.mjs search "gene" "chromosome" "copy number variation" "control region" "library preparation" "sequencing" "alignment" "variant calling" "validati
    8.1s turn 2
   14.9s   model reply: in 6435 + cached 28464, out 865 (+829 reasoning)
   14.9s   tool bash: node /kit/rag.mjs widen "conserved region of CYP2D6 gene" --kind object
   15.0s turn 3
   20.3s   model reply: in 4620 + cached 32526, out 72 (+22 reasoning)
   20.3s   tool bash: node /kit/rag.mjs search "biomedical" "protocol" "step" "method" "genomic" "lacks" "property" "process"
   20.5s turn 4
   24.4s   model reply: in 2782 + cached 36587, out 104 (+59 reasoning)
   24.4s   tool bash: node /kit/rag.mjs entry property_question attribute_claim possesses activity sequence temporal_context ask inform request leads_to enables causes spatial_state
   24.6s turn 5
   28.3s   model reply: in 4895 + cached 36581, out 199 (+152 reasoning)
   28.3s   tool bash: node /kit/rag.mjs entry spatial_constraint spatial_state varies_by_location negation conjunction exclude similarity substitute propose decline respond role_agen
   28.4s turn 6
   42.9s   model reply: in 6015 + cached 36570, out 116 (+79 reasoning)
   42.9s   tool bash: node /kit/rag.mjs search "claim_relation" "recommendation" "capability" "method"
   43.1s turn 7
   46.3s   model reply: in 3157 + cached 40622, out 81 (+42 reasoning)
   46.3s   tool bash: node /kit/rag.mjs entry statement recommended involves has_attribute associated_with has_goal provides works_best important
   46.5s turn 8
   50.3s   model reply: in 4377 + cached 40611, out 94 (+60 reasoning)
   50.3s   tool bash: node /kit/rag.mjs search "constructor" "concept" "entity" "relation"
   50.4s turn 9
   53.8s   model reply: in 5604 + cached 40601, out 132 (+80 reasoning)
   53.8s   tool bash: grep -E "^\| [a-z0-9_]+ \| (constructor|composite|claim_relation|link|speech_act) \|" /reference/glossary.md
   53.9s turn 10
   63.7s   model reply: in 3526 + cached 44657, out 1369 (+1314 reasoning)
   63.7s   tool bash: node /kit/rag.mjs entry subject property_question spatial_constraint spatial_state negation conjunction sequence activity temporal_context attribute_claim state
   63.8s turn 11
   99.6s   model reply: in 6814 + cached 44663, out 4714 (+2233 reasoning)
   99.6s   tool bash: cat << 'EOF' > /output/translation.md
Status: success
Mode: TRACE

## BrainCode

```braincode
MODE TRACE
ENTRYPOINT Conversation
CONVO Conversation {
  TURN t1 
   99.8s turn 12
  105.6s   model reply: in 8191 + cached 48746, out 573 (+549 reasoning)
  105.6s   tool bash: node /kit/rag.mjs check --help
  105.7s turn 13
  110.6s   model reply: in 5458 + cached 52798, out 442 (+282 reasoning)
  110.6s   tool bash: cat << 'EOF' > /tmp/test_check.md
Status: success
Mode: TRACE

## BrainCode

```braincode
MODE TRACE
ENTRYPOINT Conversation
CONVO Conversation {
  TURN t1 SPEA
  110.8s turn 14
  136.7s   model reply: in 2579 + cached 56848, out 5577 (+3080 reasoning)
  136.7s   tool bash: cat << 'EOF' > /output/translation.md
Status: success
Mode: TRACE

## BrainCode

```braincode
MODE TRACE
ENTRYPOINT Conversation
CONVO Conversation {
  TURN t1 
  136.9s turn 15
  143.3s   model reply: in 8874 + cached 56876, out 586 (+397 reasoning)
  143.3s agent finished
  143.4s agent finished
