    2.5s turn 1
   10.8s   model reply: in 28700 + cached 0, out 1229 (+1191 reasoning)
   10.8s   tool bash: node /kit/rag.mjs search "web_element" "click" "ask" "search_web"
   11.0s turn 2
   14.2s   model reply: in 2743 + cached 28440, out 104 (+58 reasoning)
   14.2s   tool bash: node /kit/rag.mjs entry web_element click select_option sort search_web avail_in_stock rank_price dir_asc request ask
   14.3s turn 3
   18.4s   model reply: in 4171 + cached 28431, out 354 (+330 reasoning)
   18.4s   tool bash: grep -i "web_element" /reference/*
   18.5s turn 4
   27.1s   model reply: in 4780 + cached 28416, out 1310 (+1270 reasoning)
   27.1s   tool bash: node /kit/rag.mjs search "request to show products" "search_web" "avail_in_stock"
   27.3s turn 5
   32.7s   model reply: in 3011 + cached 32475, out 427 (+394 reasoning)
   32.7s   tool bash: node /kit/rag.mjs widen "request to show products" --kind speech_act
   32.9s turn 6
   36.1s   model reply: in 5118 + cached 32472, out 54 (+31 reasoning)
   36.1s   tool bash: grep -rn "CLAIM request(" /reference/
   36.2s turn 7
   40.3s   model reply: in 5364 + cached 32455, out 62 (+31 reasoning)
   40.3s   tool bash: grep -A 20 "CONVO" /reference/language-spec.md
   40.3s turn 8
   46.0s   model reply: in 3123 + cached 36508, out 669 (+632 reasoning)
   46.0s   tool bash: node /kit/rag.mjs entry search_web avail_in_stock sort rank_price dir_asc
   46.2s turn 9
   58.0s   model reply: in 4744 + cached 36502, out 1618 (+1582 reasoning)
   58.0s   tool bash: node /kit/rag.mjs search "activity" "request" "search_web" "show"
   58.1s turn 10
   65.1s   model reply: in 3516 + cached 40564, out 83 (+60 reasoning)
   65.1s   tool bash: node /kit/rag.mjs entry activity
   65.3s turn 11
   72.5s   model reply: in 4233 + cached 40550, out 574 (+531 reasoning)
   72.5s   tool bash: node /kit/rag.mjs entry "object_label::drive" "object_label::external_solid_state_drives"
   72.6s turn 12
   76.2s   model reply: in 5083 + cached 40538, out 109 (+65 reasoning)
   76.2s   tool bash: node /kit/rag.mjs entry "object_label::ssd" "object_label::drives" "object_label::drive"
   76.3s turn 13
   84.8s   model reply: in 5564 + cached 40523, out 1213 (+312 reasoning)
   84.8s   tool bash: cat << 'EOF' > /output/translation.md
Status: success
Mode: TRACE

## BrainCode

```braincode
MODE TRACE
ENTRYPOINT Conversation
CONVO Conversation {
  TURN t1 
   85.0s turn 14
   89.4s   model reply: in 3112 + cached 44571, out 289 (+257 reasoning)
   89.4s   tool bash: grep -n -C 10 "function check" /kit/rag.mjs
   89.4s turn 15
   92.5s   model reply: in 3428 + cached 44554, out 41 (+15 reasoning)
   92.5s   tool bash: head -n 50 /kit/rag.mjs
   92.5s turn 16
  109.5s   model reply: in 0 + cached 0, out 0 (+0 reasoning)
  109.5s agent finished
  111.5s turn 17
  125.1s   model reply: in 0 + cached 0, out 0 (+0 reasoning)
  125.1s agent finished
  129.1s turn 18
  140.7s   model reply: in 0 + cached 0, out 0 (+0 reasoning)
  140.7s agent finished
  148.7s turn 19
  171.3s   model reply: in 0 + cached 0, out 0 (+0 reasoning)
  171.3s agent finished
  187.3s turn 20
  246.2s   model reply: in 48767 + cached 0, out 829 (+791 reasoning)
  246.2s   tool bash: grep -E "^\| [a-z0-9_]+ \| constructor \|" /reference/glossary.md
  246.2s turn 21
  261.4s   model reply: in 2793 + cached 48599, out 66 (+21 reasoning)
  261.4s   tool bash: node /kit/rag.mjs search "requirement" "sort" "avail_in_stock" "rank_price" "dir_asc"
  261.5s turn 22
  273.2s   model reply: in 4542 + cached 48597, out 190 (+167 reasoning)
  273.2s   tool bash: node /kit/rag.mjs entry requirement
  273.3s turn 23
  280.8s   model reply: in 5015 + cached 48582, out 84 (+49 reasoning)
  280.8s   tool bash: node /kit/rag.mjs search "order" "rank" "sort" "lowest price"
  280.9s turn 24
  308.2s   model reply: in 2345 + cached 52625, out 1111 (+123 reasoning)
  308.2s   tool bash: cat << 'EOF' > /output/translation.md
Status: success
Mode: TRACE

## BrainCode

```braincode
MODE TRACE
ENTRYPOINT Conversation
CONVO Conversation {
  TURN t1 
  308.3s turn 25
  318.6s   model reply: in 3881 + cached 52622, out 631 (+588 reasoning)
  318.6s   tool bash: node /kit/rag.mjs search "display products" "See All link" "Computers link" "Drives & Storage link"
  319.1s turn 26
  344.5s   model reply: in 5640 + cached 52621, out 2811 (+1802 reasoning)
  344.5s   tool bash: cat << 'EOF' > /output/translation.md
Status: success
Mode: TRACE

## BrainCode

```braincode
MODE TRACE
ENTRYPOINT Conversation
CONVO Conversation {
  TURN t1 
  344.7s turn 27
  364.3s   model reply: in 4810 + cached 56684, out 2351 (+1342 reasoning)
  364.3s   tool bash: cat << 'EOF' > /output/translation.md
Status: success
Mode: TRACE

## BrainCode

```braincode
MODE TRACE
ENTRYPOINT Conversation
CONVO Conversation {
  TURN t1 
  364.5s turn 28
  376.6s   model reply: in 3525 + cached 60742, out 1129 (+104 reasoning)
  376.7s agent finished
  376.7s agent finished
