    3.7s turn 1
   10.8s   model reply: in 1745 + cached 0, out 422 (+405 reasoning)
   10.8s   tool read: /trajectory.txt
   10.9s turn 2
   34.0s   model reply: in 2293 + cached 0, out 3649 (+3627 reasoning)
   34.0s   tool bash: head -n 2 /trajectory.txt
   34.1s turn 3
   37.1s   model reply: in 5980 + cached 0, out 26 (+7 reasoning)
   37.1s   tool bash: xxd /trajectory.txt
   37.1s turn 4
   40.2s   model reply: in 2126 + cached 3903, out 50 (+19 reasoning)
   40.2s   tool bash: python3 -c "print(repr(open('/trajectory.txt').read()))"
   40.2s turn 5
   42.5s   model reply: in 2211 + cached 3891, out 49 (+11 reasoning)
   42.5s   tool bash: node -e "console.log(JSON.stringify(fs.readFileSync('/trajectory.txt', 'utf8')))"
   42.5s turn 6
   58.5s   model reply: in 2408 + cached 3884, out 2300 (+2091 reasoning)
   58.5s   tool write: /output/translation.md
   58.5s turn 7
   63.4s   model reply: in 8596 + cached 0, out 38 (+19 reasoning)
   63.4s   tool read: /output/translation.md
   63.5s turn 8
   72.1s   model reply: in 4896 + cached 3922, out 34 (+15 reasoning)
   72.1s agent finished
   72.1s agent finished
