    2.7s turn 1
   22.6s   model reply: in 1700 + cached 0, out 2747 (+2730 reasoning)
   22.6s   tool read: /trajectory.txt
   22.6s turn 2
   26.9s   model reply: in 4542 + cached 0, out 290 (+271 reasoning)
   26.9s   tool bash: xxd /trajectory.txt
   26.9s turn 3
   32.6s   model reply: in 4855 + cached 0, out 49 (+18 reasoning)
   32.6s   tool bash: python3 -c "print(repr(open('/trajectory.txt').read()))"
   32.7s turn 4
   35.5s   model reply: in 4927 + cached 0, out 53 (+15 reasoning)
   35.5s   tool bash: node -e "console.log(JSON.stringify(fs.readFileSync('/trajectory.txt', 'utf8')))"
   35.5s turn 5
   44.5s   model reply: in 5086 + cached 0, out 1016 (+971 reasoning)
   44.5s   tool bash: node -e "console.log(JSON.stringify(fs.readFileSync('/attach/1-format-reconstruction.md', 'utf8')))"
   44.8s turn 6
  101.4s   model reply: in 6284 + cached 0, out 8027 (+7999 reasoning)
  101.4s   tool bash: node -e "console.log(fs.existsSync('/output'))"
  101.5s turn 7
  104.1s   model reply: in 10318 + cached 3994, out 41 (+12 reasoning)
  104.1s   tool bash: node -e "console.log(fs.readdirSync('/output'))"
  104.2s turn 8
  119.0s   model reply: in 14354 + cached 0, out 1941 (+1845 reasoning)
  119.0s   tool write: /output/reconstruction.md
  119.1s turn 9
  122.0s   model reply: in 4315 + cached 11985, out 42 (+22 reasoning)
  122.0s   tool read: /output/reconstruction.md
  122.0s turn 10
  124.9s   model reply: in 4441 + cached 11971, out 54 (+13 reasoning)
  124.9s   tool bash: node -e "console.log(JSON.stringify(fs.readFileSync('/output/reconstruction.md', 'utf8')))"
  125.1s turn 11
  129.0s   model reply: in 4583 + cached 11958, out 169 (+150 reasoning)
  129.1s agent finished
  129.1s agent finished
