    4.6s turn 1
    5.6s   model reply: in 0 + cached 0, out 0 (+0 reasoning)
    5.6s agent finished
    7.7s turn 2
   21.2s   model reply: in 0 + cached 0, out 0 (+0 reasoning)
   21.2s agent finished
   25.2s turn 3
   36.6s   model reply: in 0 + cached 0, out 0 (+0 reasoning)
   36.6s agent finished
   44.6s turn 4
   67.4s   model reply: in 0 + cached 0, out 0 (+0 reasoning)
   67.4s agent finished
   83.5s turn 5
  247.1s   model reply: in 3104 + cached 0, out 24060 (+23123 reasoning)
  247.1s   tool write: /output/reconstruction.md
  247.2s turn 6
  250.9s   model reply: in 27169 + cached 0, out 46 (+26 reasoning)
  250.9s   tool read: /output/reconstruction.md
  250.9s turn 7
  253.8s   model reply: in 3793 + cached 24333, out 45 (+26 reasoning)
  253.9s agent finished
  253.9s agent finished
