   10.2s turn 1
   14.5s   model reply: in 3 + cached 0, out 65 (+0 reasoning)
   14.5s   tool bash: node /kit/rag.mjs search "flight search route origin destination one-way nonstop airline departure morning" "request speech act ask" "senior passenger"; node /k
   17.7s turn 2
   24.1s   model reply: in 3 + cached 28790, out 158 (+33 reasoning)
   24.1s   tool bash: node /kit/rag.mjs entry request lexical_label; node /kit/rag.mjs search "flight" "one way" "nonstop" "morning" "senior" "action description search view deal"; f
   31.3s turn 3
   44.8s   model reply: in 3 + cached 29745, out 416 (+252 reasoning)
   44.8s   tool bash: for need in "one-way trip" "nonstop flight" "origin city San Francisco" "destination city San Diego" "departure date July 1" "airline United Airlines" "one seni
   53.6s turn 4
  101.7s   model reply: in 3 + cached 32431, out 2844 (+241 reasoning)
  101.7s   tool write: /output/translation.md
  101.7s turn 5
  106.1s   model reply: in 3 + cached 35496, out 66 (+28 reasoning)
  106.1s   tool bash: node /kit/rag.mjs check --translation /output/translation.md
  106.4s turn 6
  132.4s   model reply: in 3 + cached 38358, out 1232 (+128 reasoning)
  132.4s   tool write: /output/suggestions.md
  132.4s turn 7
  141.1s   model reply: in 3 + cached 38796, out 335 (+0 reasoning)
  141.2s   tool edit: /output/translation.md
  141.3s turn 8
  148.2s   model reply: in 3 + cached 40046, out 76 (+38 reasoning)
  148.2s   tool bash: node /kit/rag.mjs check --translation /output/translation.md
  148.9s turn 9
  151.8s   model reply: in 3 + cached 40405, out 54 (+0 reasoning)
  151.8s agent finished
  151.8s agent finished
