    6.6s turn 1
   13.6s   model reply: in 12444 + cached 0, out 831 (+800 reasoning)
   13.6s   tool bash: ls -la /
ls -la /output 2>/dev/null || true
   13.6s turn 2
   16.3s   model reply: in 2042 + cached 12070, out 52 (+24 reasoning)
   16.3s   tool bash: ls -la /kit /reference 2>/dev/null || true
   16.3s turn 3
   19.9s   model reply: in 2485 + cached 12059, out 52 (+31 reasoning)
   19.9s   tool bash: cat /reference/examples.jsonl
   19.9s turn 4
   27.1s   model reply: in 3706 + cached 12060, out 973 (+939 reasoning)
   27.1s   tool bash: grep -i "alfred" /reference/* /kit/* 2>/dev/null || true
   27.3s turn 5
   30.1s   model reply: in 4685 + cached 12057, out 81 (+48 reasoning)
   30.1s   tool bash: grep -n -C 5 "lexical_label" /reference/glossary.md
   30.3s turn 6
   66.7s   model reply: in 5694 + cached 12055, out 6251 (+6110 reasoning)
   66.7s   tool write: /output/reconstruction.md
   66.7s turn 7
   71.4s   model reply: in 7869 + cached 16136, out 36 (+16 reasoning)
   71.4s   tool read: /output/reconstruction.md
   71.5s turn 8
   75.4s   model reply: in 4002 + cached 20154, out 39 (+16 reasoning)
   75.4s agent finished
   75.4s agent finished
