   21.8s turn 1
   31.5s   model reply: in 32810 + cached 0, out 580 (+512 reasoning)
   31.5s   tool bash: node /kit/rag.mjs entry attribute_claim statement has_state color_label animal_label shape_round state_cold size_large tone_polite tone_silly rule_category_shap
   33.4s turn 2
   40.2s   model reply: in 2415 + cached 32531, out 95 (+42 reasoning)
   40.2s   tool bash: node /kit/rag.mjs search "rule" "implication" "predicate" "attribute" "entity" "property" "universal" "conditional" "proof" "logic"
   42.4s turn 3
   49.3s   model reply: in 5286 + cached 32530, out 77 (+41 reasoning)
   49.3s   tool bash: node /kit/rag.mjs entry conditional has_attribute possesses property_question constrained_by reason_for
   51.3s turn 4
   57.9s   model reply: in 2102 + cached 36582, out 88 (+60 reasoning)
   57.9s   tool bash: grep -E "TERM |CLAIM " /reference/glossary.md
   58.7s turn 5
   90.2s   model reply: in 3990 + cached 36575, out 1111 (+1053 reasoning)
   90.2s   tool bash: node /kit/rag.mjs search "Anne is blue" "Anne is smart" "Dave is big" "All blue, big things are furry" "If something is blue and round then it is nice"
   92.5s turn 6
  103.4s   model reply: in 6632 + cached 36574, out 95 (+59 reasoning)
  103.4s   tool bash: grep -E "\| (constructor|claim_relation|link) \|" /reference/glossary.md
  104.1s turn 7
  108.9s   model reply: in 4465 + cached 40632, out 50 (+20 reasoning)
  108.9s   tool bash: grep -E "\| claim_relation \|" /reference/glossary.md
  109.3s turn 8
  116.0s   model reply: in 2391 + cached 44689, out 49 (+18 reasoning)
  116.0s   tool bash: grep -A 30 "meets_needs" /reference/glossary.md
  116.7s turn 9
  131.0s   model reply: in 4224 + cached 44683, out 1291 (+1263 reasoning)
  131.0s   tool bash: grep -E "\| constructor \|" /reference/glossary.md
  131.4s turn 10
  137.2s   model reply: in 3246 + cached 48748, out 71 (+29 reasoning)
  137.2s   tool bash: grep -E "^\| [d-z][a-z0-9_]+ \| constructor \|" /reference/glossary.md
  138.0s turn 11
  144.6s   model reply: in 5097 + cached 48742, out 56 (+14 reasoning)
  144.6s   tool bash: grep -E "^\| [n-z][a-z0-9_]+ \| constructor \|" /reference/glossary.md
  145.7s turn 12
  154.4s   model reply: in 2810 + cached 52797, out 42 (+11 reasoning)
  154.4s   tool bash: grep -A 20 "subject | constructor" /reference/glossary.md
  154.9s turn 13
  163.3s   model reply: in 3924 + cached 52786, out 51 (+32 reasoning)
  163.3s   tool bash: find /reference -type f
  165.4s turn 14
  174.4s   model reply: in 4039 + cached 52766, out 50 (+23 reasoning)
  174.4s   tool bash: grep -i "proofwriter" /reference/examples.jsonl
  174.8s turn 15
  183.4s   model reply: in 4118 + cached 52747, out 42 (+15 reasoning)
  183.4s   tool bash: grep -E '"id":' /reference/examples.jsonl
  184.0s turn 16
  194.7s   model reply: in 5340 + cached 52737, out 65 (+41 reasoning)
  194.7s   tool bash: node /kit/rag.mjs check --help
  195.1s turn 17
  217.2s   model reply: in 5440 + cached 52718, out 3088 (+3044 reasoning)
  217.3s   tool bash: node /kit/rag.mjs widen "smart" "furry" "nice" "big" "cold" "round" "blue"
  217.8s turn 18
  228.6s   model reply: in 6316 + cached 56798, out 686 (+643 reasoning)
  228.6s   tool bash: node /kit/rag.mjs entry attribute_claim has_attribute statement conditional conjunction requirement character_trait subject property_question ask respond inform
  228.9s turn 19
  249.9s   model reply: in 4702 + cached 60857, out 1813 (+1775 reasoning)
  249.9s   tool bash: node -e '
const rag = require("/kit/rag.mjs");
' 2>&1 || true
  250.1s turn 20
  256.7s   model reply: in 2865 + cached 64913, out 181 (+109 reasoning)
  256.7s   tool bash: node /kit/rag.mjs search "introduce a set of premises or theory" "ask a question about the truth value of a statement" "evaluate the truth value of a statement"
  256.9s turn 21
  280.2s   model reply: in 4536 + cached 64907, out 2077 (+2047 reasoning)
  280.2s   tool bash: node /kit/rag.mjs search "user" "role_user"
  280.6s turn 22
  296.9s   model reply: in 51672 + cached 0, out 62 (+37 reasoning)
  296.9s   tool bash: node /kit/rag.mjs entry role_user
  297.0s turn 23
  308.1s   model reply: in 0 + cached 0, out 0 (+0 reasoning)
  308.1s agent finished
  310.1s turn 24
  323.9s   model reply: in 0 + cached 0, out 0 (+0 reasoning)
  323.9s agent finished
  327.9s turn 25
  339.8s   model reply: in 0 + cached 0, out 0 (+0 reasoning)
  339.8s agent finished
  347.8s turn 26
  370.4s   model reply: in 0 + cached 0, out 0 (+0 reasoning)
  370.4s agent finished
  386.4s turn 27
  460.1s   model reply: in 51780 + cached 0, out 2476 (+246 reasoning)
  460.1s   tool write: /output/translation.md
  460.1s turn 28
  495.6s   model reply: in 54260 + cached 0, out 54 (+24 reasoning)
  495.7s   tool bash: node /kit/rag.mjs check --translation /output/translation.md
  495.9s turn 29
  551.2s   model reply: in 54998 + cached 0, out 3079 (+3044 reasoning)
  551.2s   tool bash: grep -i -E "smart|furry|nice|big" /reference/glossary.md
  551.2s turn 30
  566.7s   model reply: in 5766 + cached 52737, out 1259 (+1234 reasoning)
  566.7s   tool bash: node /kit/rag.mjs entry lexical_label
  566.8s turn 31
  595.4s   model reply: in 3443 + cached 56789, out 3440 (+982 reasoning)
  595.4s   tool write: /output/translation.md
  595.4s turn 32
  608.6s   model reply: in 6880 + cached 56796, out 54 (+24 reasoning)
  608.6s   tool bash: node /kit/rag.mjs check --translation /output/translation.md
  609.9s turn 33
  654.7s   model reply: in 3710 + cached 60840, out 3742 (+1275 reasoning)
  654.7s   tool write: /output/translation.md
  654.7s turn 34
  673.4s   model reply: in 7446 + cached 60850, out 54 (+24 reasoning)
  673.4s   tool bash: node /kit/rag.mjs check --translation /output/translation.md
  673.8s turn 35
  698.2s   model reply: in 4276 + cached 64894, out 3639 (+1172 reasoning)
  698.2s   tool write: /output/translation.md
  698.2s turn 36
  708.6s   model reply: in 54536 + cached 0, out 53 (+23 reasoning)
  708.6s   tool bash: node /kit/rag.mjs check --translation /output/translation.md
  709.9s turn 37
  715.2s   model reply: in 2607 + cached 52802, out 272 (+41 reasoning)
  719.7s agent finished
  719.7s agent finished
