    1.8s turn 1
   10.6s   model reply: in 28700 + cached 0, out 1006 (+956 reasoning)
   10.6s   tool bash: node /kit/rag.mjs search "web_element" "click" "request" "search_web" "avail_in_stock" "rank_price"
   10.8s turn 2
   14.6s   model reply: in 3225 + cached 28443, out 98 (+59 reasoning)
   14.6s   tool bash: node /kit/rag.mjs entry web_element click sort search_web request ask propose select_option select_filter
   14.8s turn 3
   19.4s   model reply: in 4633 + cached 28434, out 404 (+351 reasoning)
   19.4s   tool bash: node /kit/rag.mjs search "request" "search_web" "avail_in_stock" "rank_price" "dir_asc" "display" "show"
   19.6s turn 4
   24.1s   model reply: in 3178 + cached 32496, out 269 (+219 reasoning)
   24.1s   tool bash: node /kit/rag.mjs widen "request to show products" --kind speech_act
node /kit/rag.mjs widen "display products" --kind action
   24.4s turn 5
   28.8s   model reply: in 6725 + cached 32502, out 249 (+212 reasoning)
   28.8s   tool bash: grep -E "^\| [a-z_]+ \| speech_act \|" /reference/glossary.md
   28.9s turn 6
   32.9s   model reply: in 3399 + cached 36551, out 191 (+161 reasoning)
   32.9s   tool bash: grep -n -C 5 "request(" /reference/glossary.md
   32.9s turn 7
   36.3s   model reply: in 5324 + cached 36546, out 77 (+45 reasoning)
   36.3s   tool bash: grep -n -C 5 "web_element" /reference/glossary.md
   36.4s turn 8
   45.1s   model reply: in 6011 + cached 36532, out 41 (+14 reasoning)
   45.1s   tool bash: grep -n "^### example_" /reference/glossary.md
   45.2s turn 9
   48.1s   model reply: in 6080 + cached 36514, out 55 (+29 reasoning)
   48.1s   tool bash: grep -n "example_" /reference/glossary.md
   48.2s turn 10
   55.6s   model reply: in 3197 + cached 40561, out 919 (+887 reasoning)
   55.6s   tool bash: grep -n -C 5 "search_web" /reference/glossary.md
   55.7s turn 11
   60.9s   model reply: in 5699 + cached 40563, out 492 (+457 reasoning)
   60.9s   tool bash: grep -E "^\| [a-z_]+ \| constructor \|" /reference/glossary.md
   61.0s turn 12
   68.7s   model reply: in 3930 + cached 44620, out 864 (+827 reasoning)
   68.7s   tool bash: node /kit/rag.mjs search "sort" "search" "ranking" "display" "filter"
   68.8s turn 13
   72.0s   model reply: in 6316 + cached 44621, out 95 (+51 reasoning)
   72.0s   tool bash: node /kit/rag.mjs entry avail_in_stock avail_out_of_stock rank_price dir_asc dir_desc requirement
   72.1s turn 14
   75.3s   model reply: in 2888 + cached 48663, out 133 (+99 reasoning)
   75.3s   tool bash: grep -n -C 3 "avail_in_stock" /reference/glossary.md
   75.4s turn 15
   84.7s   model reply: in 3275 + cached 48646, out 1338 (+1278 reasoning)
   84.7s   tool bash: node /kit/rag.mjs entry "object_label::external_solid_state_drive" "object_label::drive" "object_label::ssd" "object_label::solid_state_drive"
   84.8s turn 16
   93.8s   model reply: in 5137 + cached 48643, out 1266 (+1226 reasoning)
   93.8s   tool bash: node /kit/rag.mjs search "requirement" "activity" "search" "sort" "display" "show"
   94.0s turn 17
  101.0s   model reply: in 4130 + cached 52706, out 965 (+99 reasoning)
  101.0s   tool write: /output/translation.md
  101.0s turn 18
  104.2s   model reply: in 5114 + cached 52691, out 54 (+24 reasoning)
  104.2s   tool bash: node /kit/rag.mjs check --translation /output/translation.md
  104.3s turn 19
  109.3s   model reply: in 5553 + cached 52676, out 467 (+437 reasoning)
  109.3s   tool read: /kit/rag.mjs
  109.3s turn 20
  117.2s   model reply: in 3501 + cached 56724, out 956 (+909 reasoning)
  117.2s   tool bash: node /kit/rag.mjs search "avail_in_stock" "rank_price" "dir_asc" "search_web" "sort"
  117.4s turn 21
  124.6s   model reply: in 6133 + cached 56730, out 1065 (+102 reasoning)
  124.6s   tool write: /output/translation.md
  124.6s turn 22
  127.6s   model reply: in 3164 + cached 60768, out 54 (+24 reasoning)
  127.6s   tool bash: node /kit/rag.mjs check --translation /output/translation.md
  127.8s turn 23
  158.9s   model reply: in 3655 + cached 60753, out 6189 (+5160 reasoning)
  158.9s   tool write: /output/translation.md
  158.9s turn 24
  185.1s   model reply: in 0 + cached 0, out 0 (+0 reasoning)
  185.1s agent finished
  187.1s turn 25
  215.8s   model reply: in 0 + cached 0, out 0 (+0 reasoning)
  215.8s agent finished
  219.8s turn 26
  291.7s   model reply: in 50858 + cached 0, out 53 (+23 reasoning)
  291.7s   tool bash: node /kit/rag.mjs check --translation /output/translation.md
  291.8s turn 27
  305.1s   model reply: in 2688 + cached 48645, out 932 (+902 reasoning)
  305.1s   tool bash: node /kit/rag.mjs check --translation /output/translation.md
  305.2s turn 28
  314.1s   model reply: in 4049 + cached 48638, out 271 (+27 reasoning)
  314.1s agent finished
  314.1s agent finished
