    1.5s turn 1
   23.1s   model reply: in 12183 + cached 0, out 936 (+905 reasoning)
   23.1s   tool bash: ls -la /
ls -la /attach
ls -la /kit || true
   23.1s turn 2
   57.7s   model reply: in 2151 + cached 12072, out 47 (+27 reasoning)
   57.7s   tool bash: ls -la /reference || true
   57.7s turn 3
   91.0s   model reply: in 2416 + cached 12058, out 44 (+23 reasoning)
   91.0s   tool bash: cat /reference/examples.jsonl
   91.0s turn 4
  116.6s   model reply: in 3630 + cached 12058, out 1102 (+1084 reasoning)
  116.6s   tool bash: cat /prompt.md
  116.6s turn 5
  119.8s   model reply: in 5191 + cached 12064, out 59 (+24 reasoning)
  119.8s   tool bash: cat /kit/README.md
echo "---"
cat /kit/needs_prompt.md
  119.8s turn 6
  122.9s   model reply: in 3061 + cached 16096, out 41 (+21 reasoning)
  122.9s   tool bash: ls -la /session || true
  122.9s turn 7
  126.2s   model reply: in 3265 + cached 16081, out 28 (+10 reasoning)
  126.2s   tool bash: ls -la /output
  126.2s turn 8
  143.0s   model reply: in 3363 + cached 16064, out 2190 (+2164 reasoning)
  143.0s   tool bash: grep -rn "web_element" /reference/ || true
  143.1s turn 9
  147.2s   model reply: in 5782 + cached 16083, out 187 (+47 reasoning)
  147.2s   tool bash: node -e '
const fs = require("fs");
const lines = fs.readFileSync("/reference/glossary.jsonl", "utf8").split("\n").filter(Boolean);
for (const l of lines) {
  c
  147.3s turn 10
  191.6s   model reply: in 3109 + cached 20107, out 141 (+18 reasoning)
  191.6s   tool bash: node -e '
const fs = require("fs");
const lines = fs.readFileSync("/reference/glossary.jsonl", "utf8").split("\n").filter(Boolean);
for (const l of lines) {
  c
  191.7s turn 11
  233.8s   model reply: in 5021 + cached 20118, out 7103 (+6999 reasoning)
  233.8s   tool write: /output/reconstruction.md
  233.9s turn 12
  238.2s   model reply: in 8030 + cached 24217, out 39 (+19 reasoning)
  238.2s   tool read: /output/reconstruction.md
  238.2s turn 13
  242.7s   model reply: in 4129 + cached 28235, out 163 (+145 reasoning)
  242.7s agent finished
  242.7s agent finished
