    1.9s turn 1
   10.4s   model reply: in 30571 + cached 0, out 888 (+841 reasoning)
   10.4s   tool bash: node /kit/rag.mjs search "quiet" "young" "theory" "True False or Unknown" "rule" "implication" "property"
   10.6s turn 2
   14.7s   model reply: in 4905 + cached 28455, out 75 (+38 reasoning)
   14.7s   tool bash: node /kit/rag.mjs entry property_question attribute_claim statement possesses conjunction negation leads_to enables causes
   14.9s turn 3
   19.2s   model reply: in 6053 + cached 28444, out 176 (+113 reasoning)
   19.2s   tool bash: grep -i -E "proofwriter|theory|implication|rule|predicate|property|attribute|quiet|young|round|cold|green|red|big" /reference/glossary.md | head -n 40
   19.3s turn 4
   28.4s   model reply: in 3943 + cached 32502, out 1094 (+1002 reasoning)
   28.4s   tool bash: node /kit/rag.mjs widen "Bob is round" --kind claim
node /kit/rag.mjs widen "Bob is not big" --kind claim
node /kit/rag.mjs widen "All cold things are big" --ki
   29.0s turn 5
   31.9s   model reply: in 8480 + cached 32514, out 58 (+31 reasoning)
   31.9s   tool bash: grep "| claim_relation |" /reference/glossary.md
   32.0s turn 6
   35.4s   model reply: in 2349 + cached 40636, out 63 (+29 reasoning)
   35.4s   tool bash: grep "| claim_relation |" /reference/glossary.md | tail -n 35
   35.4s turn 7
   49.7s   model reply: in 4311 + cached 40630, out 54 (+29 reasoning)
   49.7s   tool bash: grep "| constructor |" /reference/glossary.md
   49.8s turn 8
   56.2s   model reply: in 2104 + cached 44687, out 81 (+46 reasoning)
   56.2s   tool bash: node /kit/rag.mjs entry conditional property_question requirement subject statement attribute_claim possesses negation conjunction
   56.4s turn 9
   60.2s   model reply: in 3723 + cached 44679, out 82 (+45 reasoning)
   60.2s   tool bash: grep "| constructor |" /reference/glossary.md | cut -d '|' -f 2,4
   60.3s turn 10
   65.0s   model reply: in 5976 + cached 44676, out 341 (+314 reasoning)
   65.0s   tool bash: grep "| speech_act |" /reference/glossary.md
   65.1s turn 11
   76.9s   model reply: in 2743 + cached 48724, out 1195 (+1141 reasoning)
   76.9s   tool bash: node /kit/rag.mjs entry has_attribute attribute_claim has_state character_trait subject requirement lexical_label statement conditional conjunction negation ask
   77.0s turn 12
   80.4s   model reply: in 5948 + cached 48729, out 137 (+118 reasoning)
   80.4s   tool bash: find /workspace -type f
   80.5s turn 13
   84.3s   model reply: in 2047 + cached 52770, out 36 (+18 reasoning)
   84.3s   tool bash: ls -la /reference
   84.3s turn 14
   87.1s   model reply: in 2306 + cached 52751, out 33 (+13 reasoning)
   87.1s   tool bash: ls -la /doc_formats
   87.1s turn 15
   91.6s   model reply: in 2555 + cached 52732, out 191 (+148 reasoning)
   91.6s   tool bash: node /kit/rag.mjs search "young" "quiet" "red" "green" "round" "cold" "big"
   91.8s turn 16
   97.5s   model reply: in 4779 + cached 52732, out 425 (+392 reasoning)
   97.5s   tool bash: grep -i -C 3 "attribute_claim" /reference/glossary.jsonl
   97.6s turn 17
  106.2s   model reply: in 3378 + cached 56792, out 900 (+872 reasoning)
  106.2s   tool bash: node /kit/rag.mjs entry role_user role_agent
  106.3s turn 18
  110.2s   model reply: in 4382 + cached 56781, out 177 (+154 reasoning)
  110.2s   tool bash: node /kit/rag.mjs entry user
  110.5s turn 19
  118.8s   model reply: in 4601 + cached 56763, out 789 (+718 reasoning)
  118.8s   tool bash: node /kit/rag.mjs search "quiet" "young" "cold" "red" "green" "round" "big"
node /kit/rag.mjs search "evaluate truth" "truth value" "strictly based on" "True Fa
  119.3s turn 20
  131.2s   model reply: in 4402 + cached 60833, out 1464 (+1429 reasoning)
  131.2s   tool bash: node /kit/rag.mjs entry requirement conditional conjunction negation subject statement attribute_claim indicator test_condition
  131.3s turn 21
  141.7s   model reply: in 3235 + cached 64895, out 1124 (+1102 reasoning)
  141.7s   tool bash: node /kit/rag.mjs check
  141.8s turn 22
  154.8s   model reply: in 4385 + cached 64885, out 1308 (+1264 reasoning)
  154.8s   tool bash: node /kit/rag.mjs search "single choice" "choice" "options" "evaluate statement" "test condition" "truth value"
  155.2s turn 23
  182.2s   model reply: in 51951 + cached 0, out 3004 (+2018 reasoning)
  182.2s   tool bash: cat << 'EOF' > /output/translation.md
Status: success
Mode: REQUEST

## BrainCode

```braincode
MODE REQUEST
ENTRYPOINT Conversation
CONVO Conversation {
  TURN
  182.4s turn 24
  201.4s   model reply: in 6873 + cached 48698, out 3180 (+3155 reasoning)
  201.4s   tool bash: node /kit/rag.mjs entry property_question
  201.5s turn 25
  214.4s   model reply: in 6117 + cached 52764, out 1867 (+185 reasoning)
  214.4s   tool bash: cat << 'EOF' > /output/translation.md
Status: success
Mode: REQUEST

## BrainCode

```braincode
MODE REQUEST
ENTRYPOINT Conversation
CONVO Conversation {
  TURN
  214.5s turn 26
  238.9s   model reply: in 61295 + cached 0, out 3213 (+3189 reasoning)
  238.9s   tool bash: cat /doc_formats/successful_translation.md
  238.9s turn 27
  251.8s   model reply: in 4657 + cached 60897, out 1839 (+121 reasoning)
  251.8s   tool bash: cat << 'EOF' > /output/translation.md
Status: success
Mode: REQUEST

## BrainCode

```braincode
MODE REQUEST
ENTRYPOINT Conversation
CONVO Conversation {
  TURN
  251.9s turn 28
  257.2s   model reply: in 2984 + cached 64956, out 336 (+97 reasoning)
  257.2s agent finished
  257.2s agent finished
