    1.8s turn 1
    9.7s   model reply: in 27820 + cached 0, out 943 (+903 reasoning)
    9.7s   tool bash: node /kit/rag.mjs search "birthday" "allergy" "profile" "bio" "user_preference"
   10.0s turn 2
   13.8s   model reply: in 5798 + cached 24370, out 113 (+60 reasoning)
   13.8s   tool bash: node /kit/rag.mjs entry time_point activity subject character_trait change_property user_preference request web_element click select_option type_text lexical_la
   13.9s turn 3
   17.7s   model reply: in 3929 + cached 28429, out 152 (+110 reasoning)
   17.7s   tool bash: node /kit/rag.mjs search "allergy" "dietary" "birthday" "profile" "bio" "save"
   17.9s turn 4
   23.0s   model reply: in 5712 + cached 28423, out 328 (+293 reasoning)
   23.0s   tool bash: node /kit/rag.mjs entry web_element click select_option type_text press_key
   23.1s turn 5
   30.3s   model reply: in 2419 + cached 32470, out 847 (+813 reasoning)
   30.3s   tool bash: node /kit/rag.mjs search "request" "ask" "inform" "instruct"
   30.4s turn 6
   33.8s   model reply: in 4439 + cached 32467, out 68 (+36 reasoning)
   33.8s   tool bash: node /kit/rag.mjs entry ask inform request user_preference time_point activity
   34.1s turn 7
   37.4s   model reply: in 5487 + cached 32456, out 75 (+35 reasoning)
   37.4s   tool bash: node /kit/rag.mjs search "instruct" "command" "direction" "speech_act" "UTTER"
   37.6s turn 8
   55.6s   model reply: in 2884 + cached 36506, out 2220 (+2164 reasoning)
   55.6s   tool bash: grep -E "^\| (attribute_claim|user_preference|request|user_practice|ask|inform|time_point|activity|web_element) \|" /reference/glossary.md
   55.7s turn 9
   64.1s   model reply: in 0 + cached 0, out 0 (+0 reasoning)
   64.1s agent finished
   66.1s turn 10
   79.7s   model reply: in 0 + cached 0, out 0 (+0 reasoning)
   79.7s agent finished
   83.7s turn 11
   95.2s   model reply: in 0 + cached 0, out 0 (+0 reasoning)
   95.2s agent finished
  103.2s turn 12
  126.1s   model reply: in 0 + cached 0, out 0 (+0 reasoning)
  126.1s agent finished
  142.2s turn 13
  198.8s   model reply: in 42180 + cached 0, out 100 (+60 reasoning)
  198.8s   tool bash: node /kit/rag.mjs search "profile" "preference" "requirement" "condition" "modify" "update"
  199.0s turn 14
  211.9s   model reply: in 3484 + cached 40564, out 340 (+311 reasoning)
  211.9s   tool bash: node /kit/rag.mjs entry requirement medical_condition attribute_claim
  212.1s turn 15
  254.3s   model reply: in 4549 + cached 40553, out 2102 (+2075 reasoning)
  254.3s   tool bash: node /kit/rag.mjs search "web_element"
  254.4s turn 16
  277.5s   model reply: in 2909 + cached 44611, out 1877 (+1840 reasoning)
  277.5s   tool bash: node /kit/rag.mjs search "activity" "request" "save" "bio" "profile"
  277.6s turn 17
  294.2s   model reply: in 50814 + cached 0, out 1867 (+511 reasoning)
  294.2s   tool bash: cat << 'EOF' > /output/translation.md
Status: success
Mode: TRACE

## BrainCode

```braincode
MODE TRACE
ENTRYPOINT Conversation
CONVO Conversation {
  TURN t1 
  294.4s turn 18
  310.4s   model reply: in 53108 + cached 0, out 258 (+226 reasoning)
  310.4s   tool bash: node /kit/rag.mjs widen "add allergy information to profile" --kind action
  310.6s turn 19
  329.4s   model reply: in 2753 + cached 52734, out 1487 (+101 reasoning)
  329.4s   tool bash: cat << 'EOF' > /output/translation.md
Status: success
Mode: TRACE

## BrainCode

```braincode
MODE TRACE
ENTRYPOINT Conversation
CONVO Conversation {
  TURN t1 
  329.6s turn 20
  339.1s   model reply: in 4674 + cached 52731, out 278 (+202 reasoning)
  339.1s   tool bash: node -e '
const fs = require("fs");
// Let us inspect the check function in /kit/rag.mjs without breaking rules:
// wait, the prompt says "Don'\''t spend turns 
  339.1s turn 21
  357.5s   model reply: in 4972 + cached 52714, out 1680 (+1657 reasoning)
  357.5s   tool bash: node /kit/rag.mjs --help
  357.5s turn 22
  381.9s   model reply: in 2640 + cached 56764, out 3217 (+3187 reasoning)
  381.9s   tool bash: node /kit/rag.mjs check --translation /output/translation.md
  382.0s turn 23
  393.2s   model reply: in 6274 + cached 56778, out 1675 (+291 reasoning)
  393.2s   tool write: /output/translation.md
  393.2s turn 24
  398.0s   model reply: in 3906 + cached 60825, out 53 (+23 reasoning)
  398.0s   tool bash: node /kit/rag.mjs check --translation /output/translation.md
  398.1s turn 25
  405.5s   model reply: in 4406 + cached 60809, out 243 (+35 reasoning)
  405.6s agent finished
  405.6s agent finished
