    1.9s turn 1
    6.2s   model reply: in 15604 + cached 0, out 279 (+262 reasoning)
    6.2s   tool bash: ls -la /
    6.2s turn 2
    9.1s   model reply: in 4563 + cached 12103, out 39 (+19 reasoning)
    9.1s   tool bash: ls -la /kit /reference
    9.2s turn 3
   12.2s   model reply: in 4993 + cached 12092, out 47 (+27 reasoning)
   12.2s   tool read: /reference/examples.jsonl
   12.3s turn 4
   42.8s   model reply: in 2181 + cached 16121, out 5262 (+5243 reasoning)
   42.8s   tool bash: ls -la /kit/
   42.8s turn 5
   48.4s   model reply: in 7565 + cached 16166, out 40 (+21 reasoning)
   48.4s   tool read: /kit/README.md
   48.4s turn 6
   51.8s   model reply: in 4731 + cached 20202, out 66 (+24 reasoning)
   51.8s   tool bash: ls -la /rag_context.md /needs.json /item_raw.txt /output 2>/dev/null || true
   51.8s turn 7
  101.4s   model reply: in 4870 + cached 20186, out 8621 (+8359 reasoning)
  101.4s   tool write: /output/reconstruction.md
  101.4s turn 8
  105.0s   model reply: in 9388 + cached 24294, out 44 (+24 reasoning)
  105.0s   tool read: /output/reconstruction.md
  105.0s turn 9
  110.2s   model reply: in 5634 + cached 28328, out 119 (+105 reasoning)
  110.2s agent finished
  110.2s agent finished
