    1.8s turn 1
   20.6s   model reply: in 30497 + cached 0, out 1665 (+1621 reasoning)
   20.6s   tool bash: node /kit/rag.mjs search "playboy" "flirty" "pickup lines" "date" "weekend" "forgive"
   20.8s turn 2
   26.8s   model reply: in 5361 + cached 28458, out 86 (+42 reasoning)
   26.8s   tool bash: node /kit/rag.mjs search "persona" "intellectual" "adventure" "restaurant" "wine tasting" "speakeasy"
   26.9s turn 3
   41.3s   model reply: in 3132 + cached 32516, out 2144 (+2061 reasoning)
   41.3s   tool bash: node /kit/rag.mjs entry request character activity obligation conditional similarity attitude enables failure identity leads_to meets_needs motivated_by occurre
   41.4s turn 4
   45.8s   model reply: in 39834 + cached 0, out 85 (+22 reasoning)
   45.8s   tool bash: node /kit/rag.mjs entry occurred_recently ongoing propose acknowledge ask apologize confirm correct decline express_interest inform offer respond topic_pickup_l
   45.9s turn 5
   51.0s   model reply: in 4681 + cached 36580, out 56 (+28 reasoning)
   51.0s   tool bash: node /kit/rag.mjs search "style_" "tone_"
   51.1s turn 6
   56.9s   model reply: in 5368 + cached 36565, out 52 (+21 reasoning)
   56.9s   tool bash: grep -E "\| (tone_|style_)" /reference/glossary.md
   56.9s turn 7
   71.1s   model reply: in 42484 + cached 0, out 1316 (+1281 reasoning)
   71.1s   tool bash: grep -A 15 -B 2 "MODE TRACE" /reference/glossary.md
   71.1s turn 8
   87.9s   model reply: in 4240 + cached 40610, out 3004 (+2918 reasoning)
   87.9s   tool bash: node /kit/rag.mjs entry character activity obligation conditional similarity attitude enables failure identity leads_to meets_needs motivated_by occurred occurr
   88.0s turn 9
  109.9s   model reply: in 5152 + cached 44690, out 204 (+108 reasoning)
  109.9s   tool bash: node /kit/rag.mjs entry entity_drinks personal_values art_character_profile char_female art_social_post art_itinerary event_camper_in_sludge_pit style_catchy st
  110.0s turn 10
  147.0s   model reply: in 2491 + cached 48742, out 4934 (+3434 reasoning)
  147.0s   tool write: /output/translation.md
  147.0s turn 11
  151.2s   model reply: in 7415 + cached 48756, out 61 (+31 reasoning)
  151.2s   tool bash: node /kit/rag.mjs check --translation /output/translation.md
  151.3s turn 12
  168.8s   model reply: in 4179 + cached 52805, out 2403 (+2373 reasoning)
  168.8s   tool bash: node /kit/rag.mjs search "personal_values" "subject"
  168.9s turn 13
  197.2s   model reply: in 3181 + cached 56870, out 5426 (+3849 reasoning)
  197.2s   tool write: /output/translation.md
  197.2s turn 14
  201.1s   model reply: in 8594 + cached 56887, out 53 (+23 reasoning)
  201.1s   tool bash: node /kit/rag.mjs check --translation /output/translation.md
  201.2s turn 15
  205.7s   model reply: in 5332 + cached 60936, out 296 (+172 reasoning)
  205.8s agent finished
  205.8s agent finished
