    2.5s turn 1
   11.7s   model reply: in 16118 + cached 0, out 1350 (+1333 reasoning)
   11.7s   tool bash: ls -la /
   11.7s turn 2
   14.8s   model reply: in 6132 + cached 12119, out 37 (+17 reasoning)
   14.8s   tool bash: ls -la /kit /reference
   14.8s turn 3
   27.8s   model reply: in 2523 + cached 16145, out 46 (+25 reasoning)
   27.8s   tool bash: cat /reference/examples.jsonl
   27.8s turn 4
   30.8s   model reply: in 3742 + cached 16142, out 45 (+23 reasoning)
   30.8s   tool bash: cat /kit/needs_prompt.md
   30.8s turn 5
   43.1s   model reply: in 4474 + cached 16133, out 1819 (+1796 reasoning)
   43.1s   tool bash: node /kit/rag.mjs entry subject
   44.0s turn 6
   73.6s   model reply: in 2620 + cached 20177, out 1620 (+1597 reasoning)
   73.6s   tool bash: grep -ri "paths" /reference /kit
   73.7s turn 7
   77.0s   model reply: in 4248 + cached 20179, out 45 (+18 reasoning)
   77.0s   tool bash: find / -name "*glossary*" 2>/dev/null
   77.0s turn 8
   84.1s   model reply: in 4320 + cached 20162, out 59 (+25 reasoning)
   84.1s   tool bash: grep -A 10 -B 2 "controversial" /reference/glossary.md
   84.2s turn 9
   87.2s   model reply: in 5149 + cached 20155, out 53 (+22 reasoning)
   87.2s   tool bash: grep -C 3 "self_protection" /reference/glossary.jsonl
   87.3s turn 10
  135.1s   model reply: in 2175 + cached 24181, out 8412 (+8165 reasoning)
  135.1s   tool write: /output/reconstruction.md
  135.1s turn 11
  138.3s   model reply: in 10516 + cached 24257, out 45 (+25 reasoning)
  138.3s   tool read: /output/reconstruction.md
  138.3s turn 12
  141.9s   model reply: in 2713 + cached 32326, out 42 (+19 reasoning)
  142.0s agent finished
  142.0s agent finished
