    5.4s turn 1
   12.9s   model reply: in 1726 + cached 0, out 985 (+968 reasoning)
   12.9s   tool bash: ls -la /
   13.0s turn 2
   16.4s   model reply: in 3456 + cached 0, out 67 (+50 reasoning)
   16.4s   tool read: /trajectory.txt
   16.4s turn 3
   18.5s   model reply: in 3644 + cached 0, out 41 (+17 reasoning)
   18.5s   tool read: /attach/1-format-reconstruction.md
   18.6s turn 4
   23.2s   model reply: in 3852 + cached 0, out 248 (+217 reasoning)
   23.2s   tool bash: python3 -c "print(repr(open('/trajectory.txt').read()))"
   23.2s turn 5
   26.5s   model reply: in 4123 + cached 0, out 60 (+20 reasoning)
   26.5s   tool bash: node -e "console.log(JSON.stringify(require('fs').readFileSync('/trajectory.txt', 'utf8')))"
   26.7s turn 6
   46.7s   model reply: in 4327 + cached 0, out 2345 (+2291 reasoning)
   46.7s   tool bash: node -e "
const fs = require('fs');
const content = fs.readFileSync('/trajectory.txt', 'utf8');
console.log(content.split('\n'));
"
   46.8s turn 7
   60.4s   model reply: in 6834 + cached 0, out 1882 (+1752 reasoning)
   60.4s   tool write: /output/reconstruction.md
   60.4s turn 8
   66.3s   model reply: in 4801 + cached 3920, out 35 (+15 reasoning)
   66.3s   tool read: /output/reconstruction.md
   66.3s turn 9
   71.1s   model reply: in 4947 + cached 3913, out 76 (+57 reasoning)
   71.1s agent finished
   71.1s agent finished
