    1.8s turn 1
    8.3s   model reply: in 26438 + cached 0, out 810 (+760 reasoning)
    8.3s   tool bash: node /kit/rag.mjs search "greeting" "offer assistance" "novel" "dialogue" "third person" "casual" "height" "friendship"
    8.6s turn 2
   14.1s   model reply: in 5198 + cached 24366, out 671 (+597 reasoning)
   14.1s   tool bash: node /kit/rag.mjs entry greeting offer offer_help dialogue character character_trait exclude include negation interpersonal_stance requirement similarity subjec
   14.2s turn 3
   19.4s   model reply: in 3860 + cached 28428, out 72 (+40 reasoning)
   19.4s   tool bash: node /kit/rag.mjs entry role_friend size_tall between respond ask acknowledge
   19.5s turn 4
   29.5s   model reply: in 4315 + cached 28413, out 1753 (+1721 reasoning)
   29.5s   tool bash: node /kit/rag.mjs search "greet" "greeting" "say hello"
   29.8s turn 5
   32.9s   model reply: in 2918 + cached 32474, out 151 (+121 reasoning)
   32.9s   tool bash: grep -E "\| speech_act \|" /reference/glossary.md
   33.0s turn 6
   41.0s   model reply: in 0 + cached 0, out 0 (+0 reasoning)
   41.0s agent finished
   43.0s turn 7
   56.6s   model reply: in 0 + cached 0, out 0 (+0 reasoning)
   56.6s agent finished
   60.6s turn 8
   87.2s   model reply: in 0 + cached 0, out 0 (+0 reasoning)
   87.2s agent finished
   95.2s turn 9
  157.2s   model reply: in 3558 + cached 32459, out 340 (+302 reasoning)
  157.2s   tool bash: node /kit/rag.mjs search "acknowledge greeting" "greeting role_agent" "greeting role_user"
  157.4s turn 10
  173.0s   model reply: in 5054 + cached 32453, out 2417 (+2378 reasoning)
  173.0s   tool bash: node /kit/rag.mjs search "online conversation" "romantic interest" "height difference" "meet in person"
  173.2s turn 11
  183.1s   model reply: in 4506 + cached 36520, out 41 (+16 reasoning)
  183.1s   tool bash: node /kit/rag.mjs entry char_female
  183.2s turn 12
  193.0s   model reply: in 4681 + cached 36502, out 63 (+36 reasoning)
  193.0s   tool bash: grep -E "^\| char_" /reference/glossary.md
  193.0s turn 13
  200.2s   model reply: in 5031 + cached 36486, out 231 (+207 reasoning)
  200.2s   tool bash: node /kit/rag.mjs check --help
  200.2s turn 14
  217.8s   model reply: in 5295 + cached 36469, out 2767 (+2731 reasoning)
  217.8s   tool bash: node /kit/rag.mjs search "claim holder" "BY user" "BY role_user"
  218.0s turn 15
  233.4s   model reply: in 4937 + cached 40537, out 1292 (+1248 reasoning)
  233.4s   tool bash: node /kit/rag.mjs entry dialogue exclude style_narrative art_story tone_casual between role_friend size_tall interpersonal_stance
  233.6s turn 16
  253.3s   model reply: in 2726 + cached 44588, out 2746 (+1602 reasoning)
  253.3s   tool write: /output/translation.md
  253.4s turn 17
  268.2s   model reply: in 5473 + cached 44591, out 54 (+24 reasoning)
  268.2s   tool bash: node /kit/rag.mjs check --translation /output/translation.md
  268.3s turn 18
  281.5s   model reply: in 2199 + cached 48631, out 2438 (+1265 reasoning)
  281.5s   tool write: /output/translation.md
  281.5s turn 19
  284.9s   model reply: in 4641 + cached 48631, out 53 (+23 reasoning)
  284.9s   tool bash: node /kit/rag.mjs check --translation /output/translation.md
  285.0s turn 20
  293.9s   model reply: in 5436 + cached 48619, out 1489 (+297 reasoning)
  293.9s agent finished
  293.9s agent finished
