    6.6s turn 1
   13.2s   model reply: in 26895 + cached 0, out 782 (+741 reasoning)
   13.2s   tool bash: node /kit/rag.mjs search "watt" "power output" "power supply" "unit_watt" "unit"
   15.3s turn 2
   17.6s   model reply: in 4768 + cached 24363, out 54 (+24 reasoning)
   17.6s   tool bash: grep -E "\| unit-value \|" /reference/glossary.md
   17.6s turn 3
   20.3s   model reply: in 5124 + cached 24347, out 65 (+39 reasoning)
   20.3s   tool bash: grep -i "watt" /reference/glossary.md
   20.4s turn 4
   23.5s   model reply: in 5216 + cached 24330, out 39 (+13 reasoning)
   23.5s   tool bash: grep -i "power" /reference/glossary.md
   23.5s turn 5
   26.4s   model reply: in 5346 + cached 24313, out 148 (+107 reasoning)
   26.4s   tool bash: node /kit/rag.mjs entry web_element click type_text select_option search_web at_least measure requirement sort
   26.5s turn 6
   33.7s   model reply: in 3330 + cached 28365, out 1099 (+1062 reasoning)
   33.7s   tool bash: node /kit/rag.mjs search "ask" "request" "utter" "command" "prompt"
   33.8s turn 7
   37.8s   model reply: in 5848 + cached 28370, out 81 (+51 reasoning)
   37.8s   tool bash: grep -E "\| speech_act \|" /reference/glossary.md
   37.9s turn 8
   40.7s   model reply: in 2365 + cached 32408, out 53 (+30 reasoning)
   40.7s   tool bash: node /kit/rag.mjs entry request
   40.9s turn 9
   44.1s   model reply: in 2501 + cached 32389, out 151 (+108 reasoning)
   44.1s   tool bash: grep -E "action|intent|task|query|find" /reference/glossary.md | grep -E "constructor|composite"
   44.2s turn 10
   54.8s   model reply: in 3373 + cached 32378, out 1811 (+1779 reasoning)
   54.8s   tool bash: grep -E "\| (.*unit.*) \|" /reference/glossary.md
   54.9s turn 11
   57.7s   model reply: in 7103 + cached 32397, out 123 (+87 reasoning)
   57.7s   tool bash: node /kit/rag.mjs widen "At least 600W power output" --kind constraint
   57.9s turn 12
   62.4s   model reply: in 4998 + cached 36447, out 449 (+399 reasoning)
   62.4s   tool bash: node /kit/rag.mjs entry "object_label::psu" "object_label::power_supply" "object_label::power_supply_unit"
   62.5s turn 13
   67.7s   model reply: in 5853 + cached 36436, out 599 (+571 reasoning)
   67.7s   tool bash: grep -E "\| constructor \|" /reference/glossary.md
   67.8s turn 14
   83.2s   model reply: in 4194 + cached 40490, out 2115 (+1217 reasoning)
   83.2s   tool bash: cat << 'EOF' > /output/translation.md
Status: success
Mode: TRACE

## BrainCode

```braincode
MODE TRACE
ENTRYPOINT Conversation
CONVO Conversation {
  TURN t1 
   83.4s turn 15
   86.4s   model reply: in 2634 + cached 44546, out 138 (+81 reasoning)
   86.4s   tool bash: node -e '
const fs = require("fs");
console.log(fs.readFileSync("/kit/rag.mjs", "utf8").slice(0, 3000));
'
   86.4s turn 16
   89.0s   model reply: in 3709 + cached 44537, out 79 (+19 reasoning)
   89.0s   tool bash: node -e '
const fs = require("fs");
console.log(fs.readFileSync("/kit/rag.mjs", "utf8").slice(3000, 6000));
'
   89.0s turn 17
   98.3s   model reply: in 4407 + cached 44524, out 1448 (+1418 reasoning)
   98.3s   tool bash: grep -E "\| unit-value \|" /reference/glossary.md
   98.3s turn 18
  104.9s   model reply: in 2094 + cached 48571, out 959 (+146 reasoning)
  104.9s   tool bash: cat << 'EOF' > /output/translation.md
Status: failed
Mode: TRACE

## Suggested translation

```braincode
MODE TRACE
ENTRYPOINT Conversation
CONVO Conversation {
  105.0s turn 19
  113.3s   model reply: in 3455 + cached 48565, out 1033 (+1001 reasoning)
  113.3s   tool bash: grep -E "rank_price|dir_asc" /reference/glossary.md
  113.4s turn 20
  127.3s   model reply: in 4632 + cached 48558, out 2732 (+1630 reasoning)
  127.3s   tool bash: cat << 'EOF' > /output/translation.md
Status: failed
Mode: TRACE

## Suggested translation

```braincode
MODE TRACE
ENTRYPOINT Conversation
CONVO Conversation {
  127.5s turn 21
  133.8s   model reply: in 3745 + cached 52620, out 840 (+484 reasoning)
  133.8s   tool bash: cat << 'EOF' > /output/suggestions.md
### S1 | type: add | dimension: vocabulary-member | symbol: unit_watt
- Needs: n4 (t1:s1)
- Searches tried: search "watt" 
  133.8s turn 22
  136.8s   model reply: in 4599 + cached 52609, out 62 (+32 reasoning)
  136.8s   tool bash: node /kit/rag.mjs check --translation /output/translation.md
  136.9s turn 23
  140.2s   model reply: in 5118 + cached 52595, out 162 (+143 reasoning)
  140.2s   tool read: /output/translation.md
  140.2s turn 24
  143.1s   model reply: in 2296 + cached 56634, out 31 (+12 reasoning)
  143.1s   tool read: /output/suggestions.md
  143.1s turn 25
  147.8s   model reply: in 2670 + cached 56618, out 330 (+26 reasoning)
  147.9s agent finished
  147.9s agent finished
