    4.3s turn 1
   25.3s   model reply: in 0 + cached 0, out 0 (+0 reasoning)
   25.4s agent finished
   27.4s turn 2
   40.9s   model reply: in 0 + cached 0, out 0 (+0 reasoning)
   40.9s agent finished
   44.9s turn 3
   56.2s   model reply: in 0 + cached 0, out 0 (+0 reasoning)
   56.2s agent finished
   64.2s turn 4
   86.7s   model reply: in 0 + cached 0, out 0 (+0 reasoning)
   86.7s agent finished
  102.7s turn 5
  185.0s   model reply: in 3131 + cached 0, out 5690 (+4758 reasoning)
  185.0s   tool write: /output/reconstruction.md
  185.0s turn 6
  187.6s   model reply: in 8826 + cached 0, out 30 (+10 reasoning)
  187.6s   tool read: /output/reconstruction.md
  187.7s turn 7
  191.0s   model reply: in 5781 + cached 3981, out 35 (+14 reasoning)
  191.0s agent finished
  191.0s agent finished
