    2.0s turn 1
   11.3s   model reply: in 28700 + cached 0, out 1249 (+1202 reasoning)
   11.3s   tool bash: node /kit/rag.mjs search "web_element" "click" "search_web" "avail_in_stock" "rank_price"
   11.5s turn 2
   14.7s   model reply: in 3157 + cached 28443, out 96 (+59 reasoning)
   14.7s   tool bash: node /kit/rag.mjs entry web_element click select_option request inform ask sort provides search_web
   14.9s turn 3
   19.5s   model reply: in 4802 + cached 28435, out 74 (+46 reasoning)
   19.5s   tool bash: grep -n "web_element" /reference/glossary.md
   19.6s turn 4
   23.1s   model reply: in 4958 + cached 28418, out 89 (+66 reasoning)
   23.1s   tool bash: find /reference /doc_formats -type f
   23.2s turn 5
   26.1s   model reply: in 5161 + cached 28401, out 82 (+45 reasoning)
   26.1s   tool bash: grep -E "web_element|click" /reference/examples.jsonl | head -n 30
   26.2s turn 6
   29.1s   model reply: in 5264 + cached 28383, out 51 (+26 reasoning)
   29.1s   tool bash: head -n 5 /reference/examples.jsonl
   29.1s turn 7
   31.8s   model reply: in 2439 + cached 32429, out 60 (+36 reasoning)
   31.8s   tool bash: grep "RECORD" /reference/examples.jsonl
   31.8s turn 8
   34.7s   model reply: in 2712 + cached 32397, out 49 (+22 reasoning)
   34.7s   tool bash: grep -E '"id":' /reference/examples.jsonl
   34.7s turn 9
   44.6s   model reply: in 3939 + cached 32389, out 1529 (+1485 reasoning)
   44.6s   tool bash: node /kit/rag.mjs search "Show all the external solid state drives" "search products" "search_web" "user request"
   44.9s turn 10
   48.1s   model reply: in 6726 + cached 32398, out 109 (+81 reasoning)
   48.1s   tool bash: node /kit/rag.mjs entry request role_user ask activity
   48.2s turn 11
   52.0s   model reply: in 3600 + cached 36438, out 62 (+32 reasoning)
   52.0s   tool bash: grep -E "\| speech_act \|" /reference/glossary.md
   52.0s turn 12
   57.8s   model reply: in 4150 + cached 36424, out 718 (+690 reasoning)
   57.8s   tool bash: grep -E "\| constructor \|" /reference/glossary.md
   57.9s turn 13
   64.2s   model reply: in 2609 + cached 40479, out 848 (+778 reasoning)
   64.2s   tool bash: node /kit/rag.mjs widen "request to show products" --kind speech_act
node /kit/rag.mjs widen "display products" --kind action
node /kit/rag.mjs widen "sort by l
   64.7s turn 14
   69.9s   model reply: in 6720 + cached 40501, out 481 (+427 reasoning)
   69.9s   tool bash: grep -E "\| (ask|request|activity|search_web|sort|avail_in_stock|rank_price|dir_asc) \|" /reference/glossary.md
   70.0s turn 15
   74.6s   model reply: in 3640 + cached 44541, out 366 (+336 reasoning)
   74.6s   tool bash: grep -A 10 "CONVO" /reference/examples.jsonl
   74.6s turn 16
   77.9s   model reply: in 4652 + cached 44532, out 99 (+68 reasoning)
   77.9s   tool bash: grep -A 20 "CONVO" /reference/language-spec.md
   77.9s turn 17
   84.0s   model reply: in 2453 + cached 48580, out 473 (+449 reasoning)
   84.0s   tool bash: grep "activity" /reference/glossary.md
   84.1s turn 18
   88.2s   model reply: in 4601 + cached 48583, out 283 (+247 reasoning)
   88.2s   tool bash: node /kit/rag.mjs check --translation /attach/4-format-successful_translation.md
   88.3s turn 19
   97.6s   model reply: in 5293 + cached 48571, out 1416 (+1382 reasoning)
   97.6s   tool bash: grep -E "_event" /reference/language-spec.md /reference/examples.jsonl
   97.6s turn 20
  101.9s   model reply: in 3100 + cached 52619, out 178 (+149 reasoning)
  101.9s   tool bash: grep -A 20 "check" /kit/rag.mjs
  101.9s turn 21
  107.8s   model reply: in 3685 + cached 52605, out 602 (+561 reasoning)
  107.8s   tool bash: node /kit/rag.mjs entry object_label object_label::drive object_label::external_solid_state_drive
  107.9s turn 22
  111.5s   model reply: in 4669 + cached 52595, out 119 (+81 reasoning)
  111.5s   tool bash: node /kit/rag.mjs entry object_label::ssd object_label::drives object_label::drive
  111.6s turn 23
  118.2s   model reply: in 5159 + cached 52581, out 747 (+704 reasoning)
  118.2s   tool bash: grep -E "\| constructor \|" /reference/glossary.md | awk -F'|' '{print $2, $4}'
  118.2s turn 24
  125.3s   model reply: in 4016 + cached 56639, out 95 (+70 reasoning)
  125.3s   tool bash: node /kit/rag.mjs entry lexical_label
  125.4s turn 25
  131.7s   model reply: in 4594 + cached 56626, out 105 (+60 reasoning)
  131.7s   tool bash: grep -E "\| claim_relation \|" /reference/glossary.md | awk -F'|' '{print $2, $4}'
  131.7s turn 26
  139.6s   model reply: in 5956 + cached 56621, out 867 (+834 reasoning)
  139.6s   tool bash: node /kit/rag.mjs entry avail_in_stock rank_price dir_asc
  139.8s turn 27
  144.0s   model reply: in 0 + cached 0, out 0 (+0 reasoning)
  144.0s agent finished
  146.0s turn 28
  159.7s   model reply: in 0 + cached 0, out 0 (+0 reasoning)
  159.7s agent finished
  163.7s turn 29
  190.4s   model reply: in 0 + cached 0, out 0 (+0 reasoning)
  190.4s agent finished
  198.4s turn 30
  279.8s   model reply: in 2935 + cached 60657, out 3808 (+2821 reasoning)
  279.8s   tool write: /output/translation.md
  279.8s turn 31
  288.7s   model reply: in 6726 + cached 60678, out 54 (+24 reasoning)
  288.7s   tool bash: node /kit/rag.mjs check --translation /output/translation.md
  288.9s turn 32
  319.4s   model reply: in 3172 + cached 64708, out 4027 (+3012 reasoning)
  319.4s   tool write: /output/translation.md
  319.4s turn 33
  333.1s   model reply: in 48477 + cached 0, out 47 (+17 reasoning)
  333.1s   tool bash: node /kit/rag.mjs check --translation /output/translation.md
  333.3s turn 34
  341.2s   model reply: in 4370 + cached 44576, out 315 (+296 reasoning)
  341.2s   tool read: /output/translation.md
  341.2s turn 35
  345.0s   model reply: in 5682 + cached 44569, out 43 (+13 reasoning)
  345.0s   tool bash: node /kit/rag.mjs check --translation /output/translation.md
  345.1s turn 36
  350.3s   model reply: in 2111 + cached 48605, out 76 (+28 reasoning)
  350.3s agent finished
  350.3s agent finished
