    2.2s turn 1
   10.2s   model reply: in 25082 + cached 0, out 1104 (+1069 reasoning)
   10.2s   tool bash: node /kit/rag.mjs search "guitar tabs" "filter search results" "difficulty rating"
   10.4s turn 2
   15.4s   model reply: in 2698 + cached 24347, out 333 (+292 reasoning)
   15.4s   tool bash: node /kit/rag.mjs entry click web_element constraint_beginner song select_filter apply_filters request then ask sequence activity
   15.7s turn 3
   18.8s   model reply: in 4427 + cached 24342, out 136 (+115 reasoning)
   18.8s   tool bash: find /reference -maxdepth 2
   18.8s turn 4
   21.5s   model reply: in 4627 + cached 24325, out 83 (+49 reasoning)
   21.5s   tool bash: grep -i "web_element" /reference/examples.jsonl | head -n 5
   21.6s turn 5
   24.2s   model reply: in 4730 + cached 24308, out 64 (+32 reasoning)
   24.2s   tool bash: grep -i "click" /reference/examples.jsonl | head -n 5
   24.2s turn 6
   27.5s   model reply: in 4815 + cached 24290, out 48 (+23 reasoning)
   27.5s   tool bash: head -n 2 /reference/examples.jsonl
   27.5s turn 7
   30.2s   model reply: in 5407 + cached 24278, out 67 (+39 reasoning)
   30.2s   tool bash: grep -n "MODE TRACE" /reference/examples.jsonl
   30.3s turn 8
   33.0s   model reply: in 5727 + cached 24263, out 52 (+23 reasoning)
   33.0s   tool bash: grep -i "web_element" /reference/glossary.jsonl
   33.1s turn 9
   41.8s   model reply: in 5943 + cached 24213, out 1435 (+1408 reasoning)
   41.8s   tool bash: grep -i "holder" /reference/glossary.jsonl
   41.9s turn 10
   44.6s   model reply: in 3541 + cached 28251, out 47 (+20 reasoning)
   44.6s   tool bash: grep -i "speaker" /reference/glossary.jsonl
   44.7s turn 11
   47.8s   model reply: in 4422 + cached 28244, out 84 (+57 reasoning)
   47.8s   tool bash: grep "recipient-value" /reference/glossary.jsonl
   47.8s turn 12
   55.4s   model reply: in 2779 + cached 32291, out 1097 (+1062 reasoning)
   55.4s   tool bash: node /kit/rag.mjs search "guitar" "guitar tabs" "tabs" "difficulty"
   55.5s turn 13
   61.8s   model reply: in 4936 + cached 32300, out 771 (+740 reasoning)
   61.8s   tool bash: grep "v19/support/request" /reference/glossary.jsonl
   61.9s turn 14
   64.8s   model reply: in 5806 + cached 32267, out 78 (+48 reasoning)
   64.8s   tool bash: grep '"kind": "speech_act"' /reference/glossary.jsonl
   64.9s turn 15
   69.5s   model reply: in 3000 + cached 36297, out 502 (+478 reasoning)
   69.5s   tool bash: node /kit/rag.mjs check --help
   69.6s turn 16
   73.9s   model reply: in 0 + cached 0, out 0 (+0 reasoning)
   73.9s agent finished
   75.9s turn 17
  195.5s   model reply: in 39815 + cached 0, out 1229 (+1197 reasoning)
  195.5s   tool bash: node /kit/rag.mjs entry activity include sequence web_element constraint_beginner request
  195.6s turn 18
  215.2s   model reply: in 5765 + cached 36297, out 2446 (+1882 reasoning)
  215.2s   tool write: /output/translation.md
  215.2s turn 19
  238.5s   model reply: in 4171 + cached 40341, out 53 (+23 reasoning)
  238.5s   tool bash: node /kit/rag.mjs check --translation /output/translation.md
  238.7s turn 20
  246.0s   model reply: in 4449 + cached 40325, out 364 (+333 reasoning)
  246.0s   tool bash: node /kit/rag.mjs entry select_filter apply_filters search_web
  246.2s turn 21
  251.2s   model reply: in 5664 + cached 40322, out 93 (+60 reasoning)
  251.2s   tool bash: node /kit/rag.mjs search "filter" "filter search" "filter results"
  251.4s turn 22
  260.7s   model reply: in 2630 + cached 44348, out 302 (+272 reasoning)
  260.7s   tool bash: node /kit/rag.mjs widen "Filter search results" --kind action
  260.9s turn 23
  268.5s   model reply: in 4715 + cached 44359, out 757 (+736 reasoning)
  268.5s   tool bash: cat /kit/rag.mjs
  268.5s turn 24
  279.0s   model reply: in 2960 + cached 48404, out 911 (+872 reasoning)
  279.0s   tool bash: grep -E '"(filter|search|select_filter|apply_filters)"' /reference/glossary.jsonl
  279.0s turn 25
  287.0s   model reply: in 4114 + cached 48400, out 888 (+332 reasoning)
  287.0s   tool write: /output/translation.md
  287.0s turn 26
  291.3s   model reply: in 5017 + cached 48389, out 53 (+23 reasoning)
  291.3s   tool bash: node /kit/rag.mjs check --translation /output/translation.md
  291.4s turn 27
  301.8s   model reply: in 5312 + cached 48374, out 1498 (+998 reasoning)
  301.8s   tool write: /output/translation.md
  301.9s turn 28
  305.5s   model reply: in 2785 + cached 52403, out 53 (+23 reasoning)
  305.5s   tool bash: node /kit/rag.mjs check --translation /output/translation.md
  305.6s turn 29
  313.0s   model reply: in 3095 + cached 52387, out 831 (+796 reasoning)
  313.0s   tool bash: grep -A 2 -B 2 "select_filter" /reference/glossary.jsonl
  313.1s turn 30
  318.1s   model reply: in 4546 + cached 52389, out 326 (+291 reasoning)
  318.1s   tool bash: grep '"kind": "constructor"' /reference/glossary.jsonl | head -n 30
  318.2s turn 31
  323.9s   model reply: in 3149 + cached 56439, out 659 (+142 reasoning)
  323.9s   tool write: /output/translation.md
  323.9s turn 32
  327.6s   model reply: in 3826 + cached 56425, out 53 (+23 reasoning)
  327.6s   tool bash: node /kit/rag.mjs check --translation /output/translation.md
  327.7s turn 33
  340.4s   model reply: in 4127 + cached 56409, out 2054 (+2029 reasoning)
  340.4s   tool bash: node /kit/rag.mjs search "guitar"
  340.5s turn 34
  345.3s   model reply: in 2397 + cached 60454, out 292 (+262 reasoning)
  345.3s   tool bash: node /kit/rag.mjs check --translation /output/translation.md
  345.4s turn 35
  357.0s   model reply: in 2934 + cached 60441, out 2085 (+1564 reasoning)
  357.0s   tool write: /output/translation.md
  357.0s turn 36
  361.2s   model reply: in 5015 + cached 60449, out 59 (+29 reasoning)
  361.2s   tool bash: node /kit/rag.mjs check --translation /output/translation.md
  361.3s turn 37
  366.6s   model reply: in 5322 + cached 60433, out 586 (+49 reasoning)
  366.6s agent finished
  366.6s agent finished
