    1.9s turn 1
   23.2s   model reply: in 15040 + cached 0, out 3927 (+3904 reasoning)
   23.2s   tool bash: node /kit/rag.mjs entry activity
   23.5s turn 2
   26.4s   model reply: in 7457 + cached 12130, out 47 (+27 reasoning)
   26.4s   tool bash: ls -la /kit /workspace
   26.4s turn 3
   29.0s   model reply: in 3705 + cached 16159, out 46 (+27 reasoning)
   29.0s   tool read: /kit/README.md
   29.0s turn 4
   31.6s   model reply: in 4917 + cached 16155, out 42 (+25 reasoning)
   31.6s   tool bash: ls -la /
   31.7s turn 5
   34.1s   model reply: in 5749 + cached 16148, out 38 (+18 reasoning)
   34.1s   tool bash: ls -la /output /attach
   34.1s turn 6
   37.9s   model reply: in 6016 + cached 16134, out 29 (+12 reasoning)
   37.9s   tool read: /prompt.md
   37.9s turn 7
   63.6s   model reply: in 2487 + cached 20155, out 4594 (+4341 reasoning)
   63.6s   tool write: /output/reconstruction.md
   63.7s turn 8
   67.3s   model reply: in 7051 + cached 20190, out 62 (+42 reasoning)
   67.3s   tool read: /output/reconstruction.md
   67.3s turn 9
   73.6s   model reply: in 3317 + cached 24213, out 641 (+392 reasoning)
   73.6s   tool write: /output/reconstruction.md
   73.7s turn 10
   79.3s   model reply: in 3977 + cached 24199, out 40 (+20 reasoning)
   79.3s   tool read: /output/reconstruction.md
   79.3s turn 11
   82.2s   model reply: in 4255 + cached 24184, out 60 (+39 reasoning)
   82.2s agent finished
   82.2s agent finished
