    6.2s turn 1
   13.5s   model reply: in 3 + cached 0, out 578 (+349 reasoning)
   13.5s   tool bash: node /kit/rag.mjs widen "turn left and navigate to a black end table located on the wall across from the couch; spatially qualified destination" --kind constrai
   13.5s   tool bash: node /kit/rag.mjs widen "go through the living room to a purple ottoman; path through room and colored destination" --kind action
   13.5s   tool bash: node /kit/rag.mjs widen "place keys on the left side of the cell phone, on the ottoman; nested spatial placement relations" --kind constraint
   13.5s   tool bash: node /kit/rag.mjs search "spatially qualified destination landmark walk room route through" "left side of an object while on another surface" "color qualifier o
   15.0s turn 2
   17.8s   model reply: in 3 + cached 27705, out 68 (+28 reasoning)
   17.8s   tool bash: node /kit/rag.mjs entry spatial_constraint spatial_state walk turn place pick_up
   17.9s turn 3
   21.3s   model reply: in 3 + cached 34897, out 116 (+60 reasoning)
   21.3s   tool bash: node /kit/rag.mjs search "TERM description of an object with color modifier and identity, compose landmark object description" "object kind with color qualifier
   21.4s turn 4
   24.0s   model reply: in 3 + cached 35789, out 79 (+44 reasoning)
   24.0s   tool bash: node /kit/rag.mjs entry lexical_label spatial_constraint
   24.1s turn 5
   59.7s   model reply: in 3 + cached 36438, out 3490 (+3325 reasoning)
   59.7s   tool bash: node /kit/rag.mjs search "speech act instruct direct someone to carry out an action command imperative" "speech act user requests action place object destinatio
   59.7s   tool bash: node /kit/rag.mjs widen "agent gives a numbered sequence of imperative instructions but no actions or outcomes are observed" --kind speech_act
   59.7s   tool bash: node /kit/rag.mjs search "movement route through an intermediate room via location parameter walk" "modify object description color and spatial relations TERM c
   61.2s turn 6
   64.2s   model reply: in 3 + cached 37028, out 68 (+30 reasoning)
   64.2s   tool bash: node /kit/rag.mjs entry ask propose sequence obligation activity then request
   64.4s turn 7
  146.9s   model reply: in 3 + cached 43441, out 8804 (+6569 reasoning)
  146.9s   tool write: /output/translation.md
  146.9s turn 8
  166.4s   model reply: in 3 + cached 44545, out 2077 (+1057 reasoning)
  166.4s   tool write: /output/suggestions.md
  166.4s turn 9
  172.8s   model reply: in 3 + cached 53367, out 754 (+162 reasoning)
  172.8s   tool edit: /output/translation.md
  172.8s turn 10
  175.8s   model reply: in 3 + cached 55462, out 89 (+51 reasoning)
  175.8s   tool bash: node /kit/rag.mjs check --translation /output/translation.md
  175.9s turn 11
  195.9s   model reply: in 3 + cached 56240, out 1988 (+1703 reasoning)
  195.9s   tool edit: /output/translation.md
  195.9s turn 12
  202.0s   model reply: in 3 + cached 56971, out 506 (+0 reasoning)
  202.0s   tool edit: /output/suggestions.md
  202.0s turn 13
  207.0s   model reply: in 3 + cached 58983, out 64 (+26 reasoning)
  207.0s   tool bash: node /kit/rag.mjs check --translation /output/translation.md
  207.1s turn 14
  223.1s   model reply: in 3 + cached 59513, out 1320 (+1163 reasoning)
  223.1s   tool edit: /output/translation.md
  223.1s turn 15
  225.2s   model reply: in 3 + cached 60205, out 108 (+18 reasoning)
  225.3s agent finished
  225.3s agent finished
