    8.3s turn 1
   14.7s   model reply: in 30700 + cached 0, out 628 (+558 reasoning)
   14.7s   tool bash: node /kit/rag.mjs search "character_trait" "attribute_claim" "statement" "conditional" "conjunction" "property" "theory" "rough" "smart" "furry" "quiet" "kind" 
   15.7s turn 2
   19.1s   model reply: in 6176 + cached 28463, out 87 (+48 reasoning)
   19.1s   tool bash: node /kit/rag.mjs entry statement attribute_claim character_trait has_attribute property_question conditional conjunction ask respond
   19.5s turn 3
   23.4s   model reply: in 3219 + cached 32516, out 80 (+31 reasoning)
   23.4s   tool bash: node /kit/rag.mjs search "universal" "entity" "quantifier" "all" "generalization" "premise" "rule" "question"
   23.6s turn 4
   29.0s   model reply: in 5530 + cached 32513, out 128 (+33 reasoning)
   29.0s   tool bash: node -e '
const fs = require("fs");
const lines = fs.readFileSync("/reference/glossary.md", "utf-8").split("\n");
for (const line of lines) {
  if (line.include
   29.0s turn 5
   33.7s   model reply: in 3396 + cached 36571, out 329 (+80 reasoning)
   33.7s   tool bash: node -e '
const fs = require("fs");
const lines = fs.readFileSync("/reference/glossary.md", "utf-8").split("\n");
for (const line of lines) {
  const parts = li
   33.8s turn 6
   41.2s   model reply: in 4155 + cached 36556, out 816 (+702 reasoning)
   41.2s   tool bash: node -e '
const fs = require("fs");
const lines = fs.readFileSync("/reference/examples.jsonl", "utf-8").trim().split("\n");
for (const line of lines) {
  const 
   41.3s turn 7
   52.4s   model reply: in 5789 + cached 36549, out 45 (+26 reasoning)
   52.4s   tool bash: ls -la /reference /
   52.4s turn 8
   58.5s   model reply: in 2878 + cached 40599, out 341 (+317 reasoning)
   58.5s   tool bash: node /kit/rag.mjs check --help
   58.5s turn 9
   59.3s   model reply: in 0 + cached 0, out 0 (+0 reasoning)
   59.3s agent finished
   61.3s turn 10
   75.0s   model reply: in 0 + cached 0, out 0 (+0 reasoning)
   75.0s agent finished
   79.0s turn 11
   90.6s   model reply: in 0 + cached 0, out 0 (+0 reasoning)
   90.7s agent finished
   98.6s turn 12
  195.1s   model reply: in 43834 + cached 0, out 105 (+63 reasoning)
  195.1s   tool bash: node /kit/rag.mjs entry statement attribute_claim has_attribute character_trait conditional conjunction negation ask respond inform propose confirm requirement 
  195.2s turn 13
  212.2s   model reply: in 5128 + cached 40578, out 111 (+62 reasoning)
  212.2s   tool bash: node /kit/rag.mjs search "truth value" "evaluation" "logic" "reasoning" "proof" "premise" "rule" "inference"
  212.4s turn 14
  241.3s   model reply: in 3271 + cached 44634, out 865 (+713 reasoning)
  241.3s   tool bash: node /kit/rag.mjs widen "Dave is furry" --kind claim
node /kit/rag.mjs widen "If something is green and smart then it is quiet" --kind claim
node /kit/rag.mjs w
  242.6s turn 15
  268.7s   model reply: in 7639 + cached 44651, out 158 (+71 reasoning)
  268.7s   tool bash: node /kit/rag.mjs widen "Ask whether a statement is True, False, or Unknown" --kind speech_act
node /kit/rag.mjs widen "Base the answer only on the provided the
  269.3s turn 16
  307.9s   model reply: in 55664 + cached 0, out 62 (+35 reasoning)
  307.9s   tool bash: node /kit/rag.mjs entry constraint_single_choice
  310.3s turn 17
  316.8s   model reply: in 3116 + cached 52758, out 362 (+94 reasoning)
  316.8s   tool bash: node -e '
const fs = require("fs");
const lines = fs.readFileSync("/reference/glossary.md", "utf-8").split("\n");
for (const line of lines) {
  const parts = li
  318.4s turn 18
  324.2s   model reply: in 57956 + cached 0, out 160 (+32 reasoning)
  324.2s   tool bash: node -e '
const fs = require("fs");
const lines = fs.readFileSync("/reference/glossary.md", "utf-8").split("\n");
for (const line of lines) {
  const parts = li
  324.3s turn 19
  327.7s   model reply: in 3119 + cached 56811, out 145 (+26 reasoning)
  327.7s   tool bash: node -e '
const fs = require("fs");
const lines = fs.readFileSync("/reference/glossary.md", "utf-8").split("\n");
for (const line of lines) {
  const parts = li
  328.2s turn 20
  331.5s   model reply: in 5324 + cached 56810, out 100 (+75 reasoning)
  331.5s   tool bash: node /kit/rag.mjs entry lexical_label
  331.8s turn 21
  346.2s   model reply: in 5909 + cached 56795, out 2452 (+1838 reasoning)
  346.2s   tool bash: cat << 'EOF' > /output/translation.md
Status: success
Mode: REQUEST

## BrainCode

```braincode
MODE REQUEST
ENTRYPOINT Conversation
CONVO Conversation {
  TURN
  346.3s turn 22
  353.4s   model reply: in 4867 + cached 60858, out 816 (+791 reasoning)
  353.4s   tool bash: node /kit/rag.mjs entry role_user
  353.5s turn 23
  356.9s   model reply: in 5741 + cached 60846, out 172 (+142 reasoning)
  356.9s   tool bash: node /kit/rag.mjs search "user" "role_user"
  357.1s turn 24
  368.5s   model reply: in 2534 + cached 64889, out 1682 (+1645 reasoning)
  368.5s   tool bash: node /kit/rag.mjs search "character_trait" "has_attribute" "attribute_claim"
  368.7s turn 25
  376.4s   model reply: in 5318 + cached 64894, out 1026 (+976 reasoning)
  376.4s   tool bash: node /kit/rag.mjs search "character_trait" "requirement" "statement" "has_attribute" "attribute_claim" "conditional" "conjunction"
  376.6s turn 26
  387.9s   model reply: in 47026 + cached 0, out 70 (+43 reasoning)
  387.9s   tool bash: node /kit/rag.mjs entry constraint_single_choice
  388.0s turn 27
  394.7s   model reply: in 2595 + cached 44649, out 102 (+17 reasoning)
  394.7s   tool bash: node -e '
const fs = require("fs");
const lines = fs.readFileSync("/reference/glossary.md", "utf-8").split("\n");
for (const line of lines) {
  if (line.include
  394.8s turn 28
  409.1s   model reply: in 3706 + cached 44638, out 1862 (+1826 reasoning)
  409.1s   tool bash: node /kit/rag.mjs search "theory" "choice" "based only" "truth value"
  409.3s turn 29
  436.8s   model reply: in 6595 + cached 44643, out 4376 (+2405 reasoning)
  436.8s   tool bash: cat << 'EOF' > /output/translation.md
Status: success
Mode: REQUEST

## BrainCode

```braincode
MODE REQUEST
ENTRYPOINT Conversation
CONVO Conversation {
  TURN
  437.1s turn 30
  452.7s   model reply: in 7468 + cached 48721, out 2230 (+172 reasoning)
  452.7s   tool bash: cat << 'EOF' > /output/translation.md
Status: success
Mode: REQUEST

## BrainCode

```braincode
MODE REQUEST
ENTRYPOINT Conversation
CONVO Conversation {
  TURN
  452.9s turn 31
  462.2s   model reply: in 6210 + cached 52784, out 205 (+126 reasoning)
  462.2s   tool bash: node -e '
const fs = require("fs");
const content = fs.readFileSync("/kit/rag.mjs", "utf-8");
console.log(content.slice(content.indexOf("function cmdCheck"), co
  462.3s turn 32
  468.3s   model reply: in 2374 + cached 56825, out 69 (+30 reasoning)
  468.3s   tool bash: grep -n -C 10 "Needs covered by an open-group label only" /kit/rag.mjs
  468.9s turn 33
  475.2s   model reply: in 2473 + cached 56805, out 47 (+24 reasoning)
  475.2s   tool bash: grep -rn "Coverage check" /kit/
  475.7s turn 34
  486.3s   model reply: in 2550 + cached 56785, out 627 (+597 reasoning)
  486.3s   tool bash: node /kit/rag.mjs check --translation /output/translation.md
  486.6s turn 35
  500.2s   model reply: in 3762 + cached 56775, out 201 (+14 reasoning)
  500.2s agent finished
  500.2s agent finished
