    4.7s turn 1
   10.9s   model reply: in 33492 + cached 0, out 394 (+339 reasoning)
   10.9s   tool bash: node /kit/rag.mjs search "rough" "quiet" "smart" "green" "white" "blue" "cold" "Bob" "Erin" "Gary" "Harry"
   11.2s turn 2
   17.3s   model reply: in 4468 + cached 32544, out 101 (+53 reasoning)
   17.3s   tool bash: node /kit/rag.mjs search "property" "attribute" "entity" "rule" "universal" "premise" "theory" "truth value"
   17.5s turn 3
   23.5s   model reply: in 2718 + cached 36607, out 73 (+36 reasoning)
   23.5s   tool bash: node /kit/rag.mjs entry attribute_claim has_attribute property_question conditional statement has_state possesses
   23.6s turn 4
   32.4s   model reply: in 3842 + cached 36594, out 88 (+35 reasoning)
   32.4s   tool bash: node /kit/rag.mjs search "character_trait" "has_trait" "predicate" "all" "every" "universal_quantification" "rule" "inference"
   32.6s turn 5
   37.4s   model reply: in 6259 + cached 36590, out 42 (+16 reasoning)
   37.4s   tool bash: node /kit/rag.mjs entry character character_trait
   37.9s turn 6
   51.0s   model reply: in 2382 + cached 40636, out 101 (+55 reasoning)
   51.0s   tool bash: node /kit/rag.mjs search "lexical_label" "logic" "predicate" "theory" "proof" "syllogism"
   51.3s turn 7
   61.5s   model reply: in 4176 + cached 40629, out 38 (+13 reasoning)
   61.5s   tool bash: node /kit/rag.mjs entry lexical_label
   61.7s turn 8
   62.6s   model reply: in 0 + cached 0, out 0 (+0 reasoning)
   62.6s agent finished
   64.6s turn 9
   78.3s   model reply: in 0 + cached 0, out 0 (+0 reasoning)
   78.3s agent finished
   82.3s turn 10
  109.0s   model reply: in 0 + cached 0, out 0 (+0 reasoning)
  109.0s agent finished
  117.0s turn 11
  185.3s   model reply: in 45313 + cached 0, out 77 (+48 reasoning)
  185.3s   tool bash: grep -i "proofwriter" /reference/glossary.md || true
  185.3s turn 12
  205.4s   model reply: in 4798 + cached 40595, out 84 (+44 reasoning)
  205.4s   tool bash: node /kit/rag.mjs search "question" "evaluate" "statement" "true" "false" "unknown"
  205.7s turn 13
  214.7s   model reply: in 2447 + cached 44648, out 63 (+38 reasoning)
  214.7s   tool bash: grep "| constructor |" /reference/glossary.md
  214.8s turn 14
  222.3s   model reply: in 4311 + cached 44643, out 48 (+21 reasoning)
  222.3s   tool bash: grep "| claim_relation |" /reference/glossary.md
  222.4s turn 15
  239.9s   model reply: in 2237 + cached 48698, out 1054 (+952 reasoning)
  239.9s   tool bash: node /kit/rag.mjs widen "Bob is green" --kind claim
node /kit/rag.mjs widen "If something is white, then it is green" --kind reasoning
node /kit/rag.mjs widen "
  243.0s turn 16
  255.5s   model reply: in 55597 + cached 0, out 1657 (+1623 reasoning)
  255.5s   tool bash: grep -i -E "rough|quiet|smart" /reference/glossary.md || true
  255.6s turn 17
  272.9s   model reply: in 4918 + cached 52774, out 439 (+401 reasoning)
  272.9s   tool bash: grep -E "^\| [a-z0-9_]+ \| constructor \|" /reference/glossary.md
  273.0s turn 18
  276.9s   model reply: in 3096 + cached 56831, out 57 (+17 reasoning)
  276.9s   tool bash: grep -n -E "^\| [a-z0-9_]+ \| constructor \|" /reference/glossary.md
  277.0s turn 19
  284.3s   model reply: in 4945 + cached 56826, out 60 (+27 reasoning)
  284.3s   tool bash: sed -n '113,170p' /reference/glossary.md
  284.4s turn 20
  293.5s   model reply: in 2787 + cached 60881, out 49 (+16 reasoning)
  293.5s   tool bash: sed -n '171,230p' /reference/glossary.md
  293.9s turn 21
  300.8s   model reply: in 4787 + cached 60878, out 51 (+18 reasoning)
  300.8s   tool bash: sed -n '135,170p' /reference/glossary.md
  300.8s turn 22
  312.1s   model reply: in 2497 + cached 64931, out 473 (+434 reasoning)
  312.1s   tool bash: find / -maxdepth 3 -name "*.md" -o -name "*.jsonl" 2>/dev/null
  312.2s turn 23
  321.9s   model reply: in 2997 + cached 64914, out 36 (+18 reasoning)
  321.9s   tool bash: ls -la /reference
  321.9s turn 24
  328.2s   model reply: in 3255 + cached 64896, out 36 (+15 reasoning)
  328.2s   tool bash: cat /reference/examples.jsonl
  328.2s turn 25
  334.1s   model reply: in 4471 + cached 64886, out 106 (+37 reasoning)
  334.1s   tool bash: grep -E '("symbol":"conditional"|"symbol":"statement"|"symbol":"attribute_claim"|"symbol":"has_attribute"|"symbol":"property_question"|"symbol":"subject"|"symbo
  334.1s turn 26
  341.8s   model reply: in 4606 + cached 64867, out 41 (+15 reasoning)
  341.8s   tool bash: head -n 5 /reference/glossary.jsonl
  341.8s turn 27
  370.7s   model reply: in 44643 + cached 0, out 58 (+19 reasoning)
  370.7s   tool bash: node /kit/rag.mjs entry conditional statement attribute_claim has_attribute property_question subject conjunction negation ask respond inform
  370.9s turn 28
  375.3s   model reply: in 5592 + cached 40562, out 132 (+90 reasoning)
  375.3s   tool bash: node /kit/rag.mjs search "theory" "premise" "rule" "statement" "true false" "evaluate"
  375.6s turn 29
  390.1s   model reply: in 3274 + cached 44614, out 1978 (+1938 reasoning)
  390.1s   tool bash: node /kit/rag.mjs search "property" "trait" "attribute" "condition" "white" "green"
  391.1s turn 30
  402.9s   model reply: in 7028 + cached 44627, out 86 (+45 reasoning)
  402.9s   tool bash: node /kit/rag.mjs entry character character_trait requirement subject conditional statement attribute_claim has_attribute property_question conjunction negation
  403.2s turn 31
  415.5s   model reply: in 4721 + cached 48679, out 1447 (+1175 reasoning)
  415.5s   tool bash: cat << 'EOF' > /output/translation.md
Status: success
Mode: REQUEST

## BrainCode

```braincode
MODE REQUEST
ENTRYPOINT Conversation
CONVO Conversation {
  TURN
  415.6s turn 32
  456.1s   model reply: in 3173 + cached 52738, out 2447 (+900 reasoning)
  456.1s   tool bash: cat << 'EOF' > /output/translation.md
Status: success
Mode: REQUEST

## BrainCode

```braincode
MODE REQUEST
ENTRYPOINT Conversation
CONVO Conversation {
  TURN
  456.3s turn 33
  464.3s   model reply: in 59417 + cached 0, out 666 (+497 reasoning)
  464.3s   tool bash: node /kit/rag.mjs widen "Bob" --kind object
node /kit/rag.mjs widen "Erin" --kind object
node /kit/rag.mjs widen "Gary" --kind object
node /kit/rag.mjs widen "H
  465.6s turn 34
  477.7s   model reply: in 6675 + cached 56821, out 882 (+850 reasoning)
  477.7s   tool bash: grep -i -E "rough|smart|quiet" /reference/glossary.md
  477.8s turn 35
  501.7s   model reply: in 64816 + cached 0, out 3802 (+1472 reasoning)
  501.7s   tool bash: cat << 'EOF' > /output/translation.md
Status: success
Mode: REQUEST

## BrainCode

```braincode
MODE REQUEST
ENTRYPOINT Conversation
CONVO Conversation {
  TURN
  501.8s turn 36
  506.3s   model reply: in 8708 + cached 60890, out 128 (+102 reasoning)
  506.3s   tool bash: node /kit/rag.mjs entry role_user user
  506.6s turn 37
  530.3s   model reply: in 4866 + cached 64931, out 3687 (+1185 reasoning)
  530.3s   tool bash: cat << 'EOF' > /output/translation.md
Status: success
Mode: REQUEST

## BrainCode

```braincode
MODE REQUEST
ENTRYPOINT Conversation
CONVO Conversation {
  TURN
  530.4s turn 38
  547.5s   model reply: in 53168 + cached 0, out 483 (+257 reasoning)
  547.5s agent finished
  547.5s agent finished
