    1.8s turn 1
   12.5s   model reply: in 26176 + cached 0, out 1853 (+1804 reasoning)
   12.5s   tool bash: node /kit/rag.mjs search "compliment" "praise" "thank" "gratitude" "appreciation" "support" "attention to detail"
   12.7s turn 2
   19.6s   model reply: in 5656 + cached 24369, out 69 (+39 reasoning)
   19.6s   tool bash: node /kit/rag.mjs widen "write a compliment" --kind action
   19.7s turn 3
   22.7s   model reply: in 31557 + cached 0, out 60 (+18 reasoning)
   22.7s   tool bash: grep -E "^\| [a-zA-Z0-9_]+ \| speech_act \|" /reference/glossary.md
   22.7s turn 4
   25.7s   model reply: in 3683 + cached 28408, out 72 (+32 reasoning)
   25.7s   tool bash: grep -E "^\| [a-zA-Z0-9_]+ \| constructor \|" /reference/glossary.md
   25.8s turn 5
   29.7s   model reply: in 5555 + cached 28404, out 96 (+42 reasoning)
   29.7s   tool bash: grep -i -E "(compliment|gratitude|thank|appreciat|praise|commend|invaluable|support|dedication|contribut)" /reference/glossary.md
   29.8s turn 6
   32.9s   model reply: in 2359 + cached 32449, out 152 (+71 reasoning)
   32.9s   tool bash: grep -E "^\| [a-zA-Z0-9_]+ \| (claim_relation|constructor|speech_act) \|" /reference/glossary.md | grep -i -E "(sentiment|evaluat|feeling|emotion|express|praise
   33.0s turn 7
   39.4s   model reply: in 3569 + cached 32440, out 804 (+763 reasoning)
   39.4s   tool bash: node /kit/rag.mjs widen "praise Arun's ongoing support for the project as invaluable" --kind speech_act
   39.6s turn 8
   42.9s   model reply: in 6419 + cached 32445, out 83 (+57 reasoning)
   42.9s   tool bash: grep -E "art_" /reference/glossary.md
   43.0s turn 9
   48.7s   model reply: in 3565 + cached 36492, out 781 (+739 reasoning)
   48.7s   tool bash: grep -i -E "(compliment|praise|thank|gratitude|appreciat|commend)" /reference/glossary.md
   48.8s turn 10
   57.6s   model reply: in 4401 + cached 36480, out 1179 (+1147 reasoning)
   57.6s   tool bash: node /kit/rag.mjs entry well_wishes greeting acknowledge inform respond propose ask
   57.9s turn 11
   61.5s   model reply: in 6047 + cached 36476, out 79 (+37 reasoning)
   61.5s   tool bash: grep -E "^\| [a-zA-Z0-9_]+ \| claim_relation \|" /reference/glossary.md
   61.6s turn 12
   64.6s   model reply: in 4007 + cached 40528, out 113 (+90 reasoning)
   64.6s   tool bash: node /kit/rag.mjs entry attitude
   64.7s turn 13
   68.0s   model reply: in 4209 + cached 40510, out 80 (+41 reasoning)
   68.0s   tool bash: node /kit/rag.mjs widen "express gratitude for valuable contributions and lending a helping hand" --kind speech_act
   68.1s turn 14
   72.1s   model reply: in 5766 + cached 40506, out 190 (+154 reasoning)
   72.1s   tool bash: node /kit/rag.mjs check --translation /attach/4-format-successful_translation.md
   72.3s turn 15
   79.3s   model reply: in 2358 + cached 44543, out 943 (+900 reasoning)
   79.3s   tool bash: node /kit/rag.mjs search "ongoing" "support" "technical knowledge" "attention to detail" "project" "person"
   79.5s turn 16
   88.2s   model reply: in 5063 + cached 44551, out 1127 (+1085 reasoning)
   88.2s   tool bash: node /kit/rag.mjs entry address_form well_wishes greeting attitude attribute_claim important focus_of ongoing meets_needs
   88.3s turn 17
  132.6s   model reply: in 3271 + cached 48604, out 9004 (+7304 reasoning)
  132.6s   tool write: /output/translation.md
  132.6s turn 18
  135.9s   model reply: in 12219 + cached 48664, out 44 (+14 reasoning)
  135.9s   tool bash: node /kit/rag.mjs check --translation /output/translation.md
  136.0s turn 19
  144.9s   model reply: in 4628 + cached 56759, out 1260 (+306 reasoning)
  144.9s   tool write: /output/suggestions.md
  145.0s turn 20
  155.2s   model reply: in 5904 + cached 56747, out 1715 (+21 reasoning)
  155.2s   tool write: /output/translation.md
  155.2s turn 21
  159.1s   model reply: in 3576 + cached 60794, out 42 (+12 reasoning)
  159.1s   tool bash: node /kit/rag.mjs check --translation /output/translation.md
  159.3s turn 22
  165.5s   model reply: in 4078 + cached 60778, out 572 (+341 reasoning)
  165.5s agent finished
  165.5s agent finished
