    1.8s turn 1
   12.5s   model reply: in 30716 + cached 0, out 1045 (+998 reasoning)
   12.5s   tool bash: node /kit/rag.mjs search "mow" "lawn" "grass" "blade" "debris" "trim" "safety" "efficient"
   12.7s turn 2
   25.4s   model reply: in 33916 + cached 0, out 2059 (+1990 reasoning)
   25.4s   tool bash: node /kit/rag.mjs entry activity requirement subject ask respond offer inform propose enables recommended designed_to_be important motivated_by supports rejects
   25.6s turn 3
   32.3s   model reply: in 5547 + cached 32532, out 127 (+76 reasoning)
   32.3s   tool bash: node /kit/rag.mjs entry supports revises offer_help negation exclude at_most at_least measure prep_time user_practice constrained_by role_agent obligation decis
   32.4s turn 4
   44.4s   model reply: in 3468 + cached 36591, out 1502 (+1450 reasoning)
   44.4s   tool bash: node /kit/rag.mjs search "temporal" "sequence" "before" "after" "step" "gear" "wear" "instructions" "trim" "edge"
   44.5s turn 5
   47.7s   model reply: in 7675 + cached 36599, out 72 (+36 reasoning)
   47.7s   tool bash: node /kit/rag.mjs entry sequence then temporal_context occurred occurred_recently format_numbered_list
   47.8s turn 6
   51.3s   model reply: in 4318 + cached 40650, out 166 (+114 reasoning)
   51.3s   tool bash: node /kit/rag.mjs search "better" "comparison" "advantage" "suitable" "appropriate" "efficient" "practical" "small" "large" "patch"
   51.5s turn 7
   54.6s   model reply: in 3223 + cached 44716, out 79 (+49 reasoning)
   54.6s   tool bash: node /kit/rag.mjs entry outshines contrast similarity reason_for
   54.7s turn 8
   63.5s   model reply: in 3714 + cached 44699, out 1006 (+981 reasoning)
   63.5s   tool bash: node /kit/rag.mjs entry object_label
   63.6s turn 9
   67.2s   model reply: in 4841 + cached 44687, out 161 (+94 reasoning)
   67.2s   tool bash: node /kit/rag.mjs entry object_label::mower object_label::lawn_mower object_label::gloves object_label::eyewear object_label::trimmer object_label::edger object
   67.4s turn 10
   72.7s   model reply: in 5946 + cached 44676, out 343 (+289 reasoning)
   72.7s   tool bash: node /kit/rag.mjs search "procedure" "process" "guide" "guidance" "gardening" "care" "gear" "tool" "pace" "speed"
   72.9s turn 11
   76.2s   model reply: in 4884 + cached 48741, out 80 (+50 reasoning)
   76.2s   tool bash: node /kit/rag.mjs entry include rate focus_of role_user
   76.3s turn 12
   84.0s   model reply: in 5309 + cached 48724, out 893 (+851 reasoning)
   84.0s   tool bash: node /kit/rag.mjs search "require" "need" "prerequisite" "condition" "equipment" "necessity"
   84.1s turn 13
   87.5s   model reply: in 3769 + cached 52785, out 61 (+35 reasoning)
   87.5s   tool bash: node /kit/rag.mjs entry meets_needs provides
   87.6s turn 14
   91.2s   model reply: in 4305 + cached 52769, out 118 (+75 reasoning)
   91.2s   tool bash: grep -E "\| (constructor|claim_relation|link) \|" /reference/glossary.md | head -n 40
   91.2s turn 15
   95.3s   model reply: in 2165 + cached 56823, out 69 (+35 reasoning)
   95.3s   tool bash: grep -E "\| (claim_relation|link) \|" /reference/glossary.md
   95.3s turn 16
   98.1s   model reply: in 4177 + cached 56820, out 62 (+21 reasoning)
   98.1s   tool bash: grep -E "\| (claim_relation|link) \|" /reference/glossary.md | tail -n 35
   98.1s turn 17
  101.0s   model reply: in 2056 + cached 60875, out 73 (+39 reasoning)
  101.0s   tool bash: node /kit/rag.mjs entry statement attribute_claim leads_to causes has_attribute possesses
  101.2s turn 18
  104.0s   model reply: in 2970 + cached 60862, out 64 (+36 reasoning)
  104.0s   tool bash: grep -E "\| constructor \|" /reference/glossary.md
  104.0s turn 19
  107.0s   model reply: in 4834 + cached 60858, out 55 (+20 reasoning)
  107.0s   tool bash: grep -E "\| constructor \|" /reference/glossary.md | tail -n 45
  107.0s turn 20
  110.0s   model reply: in 2623 + cached 64911, out 65 (+25 reasoning)
  110.0s   tool bash: grep -E "\| constructor \|" /reference/glossary.md | sed -n '25,60p'
  110.1s turn 21
  113.1s   model reply: in 4529 + cached 64907, out 55 (+14 reasoning)
  113.1s   tool bash: grep -E "\| constructor \|" /reference/glossary.md | sed -n '61,100p'
  113.1s turn 22
  125.4s   model reply: in 41755 + cached 0, out 180 (+132 reasoning)
  125.4s   tool bash: node /kit/rag.mjs entry requirement sequence temporal_context conjunction negation obligation property_question activity subject at_least at_most measure lexica
  125.6s turn 23
  128.3s   model reply: in 3374 + cached 40603, out 88 (+53 reasoning)
  128.3s   tool bash: node /kit/rag.mjs entry role_agent role_user role_manager role_colleague
  128.5s turn 24
  132.4s   model reply: in 44260 + cached 0, out 150 (+123 reasoning)
  132.4s   tool bash: node /kit/rag.mjs entry contrast revises supports rejects
  132.5s turn 25
  135.7s   model reply: in 4058 + cached 40569, out 45 (+17 reasoning)
  135.7s   tool bash: grep -E "\| link \|" /reference/glossary.md
  135.7s turn 26
  152.8s   model reply: in 4340 + cached 40551, out 2675 (+2631 reasoning)
  152.8s   tool bash: node /kit/rag.mjs entry designed_to_be recommended important enables motivated_by reason_for statement attribute_claim possesses meets_needs
  153.0s turn 27
  156.0s   model reply: in 4229 + cached 44623, out 85 (+48 reasoning)
  156.0s   tool bash: grep -E "\| claim_relation \|" /reference/glossary.md | head -n 35
  156.1s turn 28
  158.9s   model reply: in 2192 + cached 48677, out 71 (+29 reasoning)
  158.9s   tool bash: grep -E "\| claim_relation \|" /reference/glossary.md | sed -n '35,70p'
  159.0s turn 29
  164.0s   model reply: in 3933 + cached 48672, out 303 (+278 reasoning)
  164.0s   tool bash: node /kit/rag.mjs entry unit_minute
  164.1s turn 30
  167.2s   model reply: in 4303 + cached 48655, out 57 (+27 reasoning)
  167.2s   tool bash: grep -E "\| speech_act \|" /reference/glossary.md
  167.2s turn 31
  177.5s   model reply: in 4849 + cached 48640, out 787 (+762 reasoning)
  177.5s   tool bash: node /kit/rag.mjs entry lexical_label
  177.8s turn 32
  195.9s   model reply: in 2061 + cached 52685, out 2692 (+2654 reasoning)
  195.9s   tool bash: grep -E "\| (unit-value|duration-unit-value) \|" /reference/glossary.md
  196.0s turn 33
  203.2s   model reply: in 5441 + cached 52698, out 680 (+656 reasoning)
  203.2s   tool bash: node /kit/rag.mjs entry exclude negation
  203.3s turn 34
  209.5s   model reply: in 2216 + cached 56739, out 630 (+604 reasoning)
  209.5s   tool bash: node /kit/rag.mjs entry offer offer_help
  209.6s turn 35
  230.0s   model reply: in 2990 + cached 56726, out 3480 (+1451 reasoning)
  230.0s   tool write: /output/translation.md
  230.0s turn 36
  233.7s   model reply: in 6463 + cached 56737, out 53 (+23 reasoning)
  233.7s   tool bash: node /kit/rag.mjs check --translation /output/translation.md
  233.8s turn 37
  273.5s   model reply: in 3094 + cached 60775, out 7249 (+5242 reasoning)
  273.5s   tool write: /output/translation.md
  273.5s turn 38
  284.4s   model reply: in 51968 + cached 0, out 53 (+23 reasoning)
  284.4s   tool bash: node /kit/rag.mjs check --translation /output/translation.md
  284.5s turn 39
  289.6s   model reply: in 3932 + cached 48705, out 259 (+151 reasoning)
  289.6s agent finished
  289.6s agent finished
