    7.9s turn 1
   31.6s   model reply: in 3 + cached 0, out 2045 (+1852 reasoning)
   31.6s   tool bash: node /kit/rag.mjs widen "IT jobs as the target object or domain of a job-posting search" --kind object
   31.6s   tool bash: node /kit/rag.mjs widen "filter job postings by the Security clearance certificate credential" --kind constraint
   31.6s   tool bash: node /kit/rag.mjs search "job posting employment vacancy occupational category information technology jobs" "security clearance credential filter certificate qu
   31.6s   tool bash: node /kit/rag.mjs entry request activity requirement web_element type_text click
   33.8s turn 2
   61.0s   model reply: in 3 + cached 26217, out 2880 (+1931 reasoning)
   61.0s   tool write: /output/translation.md
   61.1s turn 3
   62.7s   model reply: in 3 + cached 33947, out 36 (+0 reasoning)
   62.7s   tool bash: node /kit/rag.mjs check --translation /output/translation.md
   63.3s turn 4
   75.0s   model reply: in 3 + cached 36845, out 1151 (+884 reasoning)
   75.0s   tool bash: node /kit/rag.mjs widen "Browse or search job listings in a user request represented in TRACE, without claiming search was executed" --kind action
   75.0s   tool bash: node /kit/rag.mjs widen "Filter job search results in the user's requested behavior, not as a falsely recorded completed operation" --kind action
   75.0s   tool bash: node /kit/rag.mjs widen "A requested Security clearance certificate filter criterion for job postings" --kind constraint
   75.0s   tool bash: node /kit/rag.mjs widen "Filters link UI element identified by its label" --kind object
   75.0s   tool bash: node /kit/rag.mjs widen "Certificates filter category link UI element" --kind object
   75.0s   tool bash: node /kit/rag.mjs widen "Security clearance option link UI element" --kind object
   83.1s turn 5
   91.5s   model reply: in 3 + cached 37212, out 503 (+462 reasoning)
   91.5s   tool bash: node /kit/rag.mjs entry lexical_label search_web select_filter apply_filters activity requirement
   91.9s turn 6
  146.4s   model reply: in 3 + cached 50199, out 5563 (+4277 reasoning)
  146.4s   tool write: /output/translation.md
  146.4s turn 7
  152.4s   model reply: in 3 + cached 52635, out 653 (+0 reasoning)
  152.4s   tool write: /output/suggestions.md
  152.5s turn 8
  154.4s   model reply: in 3 + cached 58214, out 51 (+13 reasoning)
  154.4s   tool bash: node /kit/rag.mjs check --translation /output/translation.md
  154.7s turn 9
  162.9s   model reply: in 3 + cached 58885, out 602 (+408 reasoning)
  162.9s   tool edit: /output/translation.md
  163.0s turn 10
  165.7s   model reply: in 3 + cached 59292, out 102 (+25 reasoning)
  165.7s agent finished
  165.7s agent finished
