    2.6s turn 1
    8.6s   model reply: in 25466 + cached 0, out 768 (+740 reasoning)
    8.6s   tool bash: node /kit/rag.mjs search "cool" "chill"
    8.9s turn 2
   11.6s   model reply: in 2520 + cached 24345, out 46 (+14 reasoning)
   11.6s   tool bash: node /kit/rag.mjs entry chill walk turn face pick_up slice place remove
   11.8s turn 3
   20.4s   model reply: in 3715 + cached 24336, out 1651 (+1624 reasoning)
   20.4s   tool bash: find / -name "*alfred*" 2>/dev/null
   20.5s turn 4
   23.3s   model reply: in 5381 + cached 24331, out 42 (+19 reasoning)
   23.3s   tool bash: ls -la / /reference /doc_formats
   23.3s turn 5
   26.0s   model reply: in 2687 + cached 28379, out 46 (+20 reasoning)
   26.0s   tool bash: head -n 20 /reference/examples.jsonl
   26.0s turn 6
   28.6s   model reply: in 3911 + cached 28371, out 42 (+17 reasoning)
   28.6s   tool bash: tail -n +6 /reference/examples.jsonl
   28.6s turn 7
   33.5s   model reply: in 3975 + cached 28352, out 518 (+498 reasoning)
   33.5s   tool bash: cat /item_raw.txt
   33.5s turn 8
   36.6s   model reply: in 33031 + cached 0, out 70 (+46 reasoning)
   36.6s   tool bash: node /kit/rag.mjs check --help
   36.7s turn 9
   39.7s   model reply: in 4794 + cached 28323, out 63 (+33 reasoning)
   39.7s   tool bash: node -e 'console.log("rag.mjs exists and works")'
   39.7s turn 10
   55.3s   model reply: in 4882 + cached 28305, out 2923 (+2878 reasoning)
   55.3s   tool bash: node /kit/rag.mjs search "walk_across" "step_forward" "cool" "turn_left" "right_of"
   55.6s turn 11
   58.7s   model reply: in 9287 + cached 28331, out 128 (+89 reasoning)
   58.7s   tool bash: node /kit/rag.mjs entry left_of right_of on behind in_front_of next_to between
   58.9s turn 12
   62.0s   model reply: in 5721 + cached 32365, out 135 (+104 reasoning)
   62.0s   tool bash: node /kit/rag.mjs search "left" "right" "around"
   62.2s turn 13
   65.0s   model reply: in 2631 + cached 36401, out 99 (+57 reasoning)
   65.0s   tool bash: grep -E "turn|walk|face|pick_up|slice|place|chill|remove" /reference/glossary.md
   65.0s turn 14
   78.8s   model reply: in 4607 + cached 36404, out 1811 (+1786 reasoning)
   78.8s   tool bash: node /kit/rag.mjs search "face"
   79.1s turn 15
   90.3s   model reply: in 43114 + cached 0, out 1794 (+831 reasoning)
   90.3s   tool bash: cat << 'EOF' > /output/translation.md
Status: success
Mode: REQUEST

## BrainCode

```braincode
MODE REQUEST
ENTRYPOINT ObjectLabelLettuce
TASK ObjectLabelLettu
   90.4s turn 16
  106.5s   model reply: in 5005 + cached 40459, out 2834 (+1858 reasoning)
  106.5s   tool bash: cat << 'EOF' > /output/translation.md
Status: success
Mode: REQUEST

## BrainCode

```braincode
MODE REQUEST
ENTRYPOINT ObjectLabelSink
TASK ObjectLabelSink {
 
  106.7s turn 17
  120.6s   model reply: in 48854 + cached 0, out 2420 (+1420 reasoning)
  120.6s   tool bash: cat << 'EOF' > /output/translation.md
Status: success
Mode: REQUEST

## BrainCode

```braincode
MODE REQUEST
ENTRYPOINT ObjectLabelSink
TASK ObjectLabelSink {
 
  120.8s turn 18
  124.6s   model reply: in 3274 + cached 48584, out 148 (+118 reasoning)
  124.6s   tool bash: node /kit/rag.mjs check --translation /output/translation.md
  124.7s turn 19
  127.9s   model reply: in 4019 + cached 48571, out 53 (+15 reasoning)
  127.9s agent finished
  127.9s agent finished
