    2.5s turn 1
    9.6s   model reply: in 26079 + cached 0, out 679 (+648 reasoning)
    9.6s   tool bash: node /kit/rag.mjs entry web_element click open_page request ask
    9.7s turn 2
   13.1s   model reply: in 2771 + cached 24347, out 99 (+57 reasoning)
   13.1s   tool bash: node /kit/rag.mjs search "report scam fraud" "scam" "fraud" "complaint" "user request"
   13.3s turn 3
   16.5s   model reply: in 4348 + cached 24341, out 54 (+29 reasoning)
   16.5s   tool bash: node /kit/rag.mjs entry country::US
   16.7s turn 4
   20.3s   model reply: in 4595 + cached 24325, out 88 (+50 reasoning)
   20.3s   tool bash: node /kit/rag.mjs search "web_element" "click" "activity" "open_page"
   20.5s turn 5
   25.4s   model reply: in 5970 + cached 24319, out 320 (+288 reasoning)
   25.4s   tool bash: grep -n -C 5 "web_element" /reference/glossary.md
   25.5s turn 6
   29.6s   model reply: in 2844 + cached 28361, out 239 (+209 reasoning)
   29.6s   tool bash: node /kit/rag.mjs entry activity request role_user role_agent
   29.7s turn 7
   33.5s   model reply: in 3872 + cached 28351, out 178 (+139 reasoning)
   33.5s   tool bash: node /kit/rag.mjs search "purpose" "report" "scam" "fraud" "complaint"
   33.6s turn 8
   36.7s   model reply: in 5458 + cached 28348, out 50 (+23 reasoning)
   36.7s   tool bash: grep -n "| constructor |" /reference/glossary.md
   36.7s turn 9
   53.6s   model reply: in 3246 + cached 32397, out 2627 (+1975 reasoning)
   53.6s   tool write: /output/translation.md
   53.6s turn 10
   57.1s   model reply: in 5874 + cached 32400, out 53 (+23 reasoning)
   57.1s   tool bash: node /kit/rag.mjs check --translation /output/translation.md
   57.2s turn 11
   60.9s   model reply: in 2196 + cached 36433, out 243 (+212 reasoning)
   60.9s   tool bash: node /kit/rag.mjs widen "report scam or fraud" --kind object
   61.2s turn 12
   66.6s   model reply: in 4549 + cached 36439, out 490 (+467 reasoning)
   66.6s   tool bash: node /kit/rag.mjs entry criminality
   66.7s turn 13
   79.3s   model reply: in 5102 + cached 36425, out 2220 (+1568 reasoning)
   79.3s   tool write: /output/translation.md
   79.3s turn 14
   82.3s   model reply: in 3278 + cached 40473, out 53 (+23 reasoning)
   82.3s   tool bash: node /kit/rag.mjs check --translation /output/translation.md
   82.5s turn 15
   87.3s   model reply: in 3649 + cached 40457, out 149 (+10 reasoning)
   87.3s agent finished
   87.3s agent finished
