    9.1s turn 1
   10.5s   model reply: in 0 + cached 0, out 0 (+0 reasoning)
   10.5s agent finished
   12.5s turn 2
   26.0s   model reply: in 0 + cached 0, out 0 (+0 reasoning)
   26.0s agent finished
   30.0s turn 3
   56.4s   model reply: in 0 + cached 0, out 0 (+0 reasoning)
   56.4s agent finished
   64.4s turn 4
  130.9s   model reply: in 12504 + cached 0, out 1139 (+1121 reasoning)
  130.9s   tool bash: ls -la /workspace
  130.9s turn 5
  135.6s   model reply: in 5655 + cached 8042, out 57 (+32 reasoning)
  135.6s   tool bash: node /kit/rag.mjs entry lexical_label
  135.7s turn 6
  150.9s   model reply: in 2170 + cached 12054, out 2134 (+2116 reasoning)
  150.9s   tool bash: ls -la /kit
  150.9s turn 7
  155.5s   model reply: in 4455 + cached 12070, out 47 (+28 reasoning)
  155.5s   tool read: /kit/README.md
  155.6s turn 8
  180.6s   model reply: in 5664 + cached 12070, out 43 (+26 reasoning)
  180.6s   tool bash: ls -la /
  180.7s turn 9
  185.6s   model reply: in 2473 + cached 16087, out 44 (+27 reasoning)
  185.6s   tool read: /prompt.md
  185.6s turn 10
  199.6s   model reply: in 2991 + cached 16077, out 39 (+21 reasoning)
  199.6s   tool bash: ls -la /reference
  199.7s turn 11
  206.4s   model reply: in 3249 + cached 16062, out 52 (+32 reasoning)
  206.4s   tool read: /reference/examples.jsonl
  206.4s turn 12
  209.3s   model reply: in 4468 + cached 16064, out 101 (+66 reasoning)
  209.3s   tool bash: node /kit/rag.mjs entry walk turn pick_up place face spatial_constraint lexical_label
  209.6s turn 13
  212.3s   model reply: in 5973 + cached 16070, out 87 (+44 reasoning)
  212.3s   tool bash: grep -i "alfred" /reference/glossary.md /reference/glossary.jsonl /reference/language-spec.md
  212.4s turn 14
  215.5s   model reply: in 2070 + cached 20070, out 72 (+44 reasoning)
  215.5s   tool bash: grep -i "spatial_constraint" /reference/glossary.md
  215.6s turn 15
  218.1s   model reply: in 2217 + cached 20053, out 63 (+32 reasoning)
  218.1s   tool bash: grep -i "rule_operations_general" /reference/glossary.jsonl
  218.2s turn 16
  221.5s   model reply: in 2397 + cached 20020, out 49 (+21 reasoning)
  221.5s   tool bash: grep '"kind": "rule"' /reference/glossary.jsonl
  221.6s turn 17
  224.6s   model reply: in 4436 + cached 20041, out 63 (+33 reasoning)
  224.6s   tool bash: node /kit/rag.mjs entry in left_of next_to on
  224.8s turn 18
  227.5s   model reply: in 4686 + cached 20027, out 49 (+16 reasoning)
  227.5s   tool bash: grep -i "rule_category_spatial_relation" /reference/glossary.jsonl
  227.5s turn 19
  230.6s   model reply: in 4858 + cached 19990, out 47 (+15 reasoning)
  230.6s   tool bash: grep -i "rule_lexical_groups" /reference/glossary.jsonl
  230.7s turn 20
  245.2s   model reply: in 5054 + cached 19960, out 2373 (+2346 reasoning)
  245.2s   tool bash: find / -name "*alfred*" 2>/dev/null
  245.3s turn 21
  251.1s   model reply: in 3411 + cached 23986, out 59 (+38 reasoning)
  251.1s   tool read: /kit/needs_prompt.md
  251.1s turn 22
  255.8s   model reply: in 4151 + cached 23983, out 149 (+129 reasoning)
  255.8s   tool bash: ls -la /attach /session
  255.9s turn 23
  258.9s   model reply: in 4643 + cached 23975, out 58 (+34 reasoning)
  258.9s   tool read: /attach/2-glossary-entries.md
  258.9s turn 24
  275.3s   model reply: in 2641 + cached 27996, out 3050 (+3024 reasoning)
  275.3s   tool bash: grep -rn "reconstruction" /kit /attach /reference
  275.4s turn 25
  302.5s   model reply: in 5924 + cached 28043, out 4475 (+4437 reasoning)
  302.5s   tool bash: ls -la /rag_context.md /needs.json /item_raw.txt 2>/dev/null
  302.5s turn 26
  305.7s   model reply: in 6338 + cached 32114, out 64 (+37 reasoning)
  305.7s   tool bash: find / -name "*reconstruction*" 2>/dev/null
  305.8s turn 27
  313.6s   model reply: in 2417 + cached 36109, out 1113 (+1018 reasoning)
  313.6s   tool write: /output/reconstruction.md
  313.6s turn 28
  316.9s   model reply: in 3537 + cached 36107, out 39 (+19 reasoning)
  316.9s   tool read: /output/reconstruction.md
  316.9s turn 29
  320.3s   model reply: in 3663 + cached 36089, out 121 (+95 reasoning)
  320.3s agent finished
  320.3s agent finished
