    7.1s turn 1
   16.8s   model reply: in 3 + cached 0, out 764 (+413 reasoning)
   16.8s   tool bash: node /kit/rag.mjs widen "one-way flight constraint" --kind constraint && node /kit/rag.mjs widen "nonstop flight no stops" --kind constraint && node /kit/rag.mj
   16.8s   tool bash: node /kit/rag.mjs widen "airline United Airlines flight constraint" --kind constraint && node /kit/rag.mjs widen "two adult passengers and one senior passenger 
   16.8s   tool bash: node /kit/rag.mjs entry search_travel search_transit click type_text select_option web_element time_point group_size role_adults daytime
   16.8s   tool bash: node /kit/rag.mjs search "one-way versus round-trip itinerary requirement" "nonstop direct flight stop count" "airline carrier constraint United" "flight origin
   26.6s turn 2
   44.1s   model reply: in 3 + cached 28790, out 1261 (+1034 reasoning)
   44.1s   tool bash: node /kit/rag.mjs widen "senior passenger traveler role" --kind object && node /kit/rag.mjs widen "airline carrier identifier requirement value" --kind constrai
   44.1s   tool bash: node /kit/rag.mjs entry requirement location_spec group_size activity ask search_travel click type_text select_option web_element subject user_preference
   44.1s   tool bash: node /kit/rag.mjs search "flight passenger senior role group" "flight class one way trip type" "number of flight stops zero nonstop" "city location origin desti
   49.9s turn 3
   61.0s   model reply: in 3 + cached 37537, out 781 (+715 reasoning)
   61.0s   tool bash: node /kit/rag.mjs search "speech act user instructs assistant to find flights" "requesting an agent to perform an action utterance" "request speech act imperati
   62.2s turn 4
  103.7s   model reply: in 3 + cached 44432, out 4709 (+2539 reasoning)
  103.7s   tool write: /output/translation.md
  103.8s turn 5
  105.5s   model reply: in 3 + cached 46295, out 45 (+7 reasoning)
  105.5s   tool bash: node /kit/rag.mjs check --translation /output/translation.md
  106.9s turn 6
  113.0s   model reply: in 3 + cached 51022, out 549 (+330 reasoning)
  113.0s   tool bash: node /kit/rag.mjs widen "search for flights travel options request" --kind action && node /kit/rag.mjs widen "nonstop flight constraint no stops" --kind constra
  113.0s   tool bash: node /kit/rag.mjs widen "morning departure flight time period" --kind constraint && node /kit/rag.mjs widen "select departure date July 1 2023 click date option
  123.3s turn 7
  153.9s   model reply: in 3 + cached 51462, out 3091 (+2730 reasoning)
  153.9s   tool write: /output/suggestions.md
  154.0s turn 8
  160.8s   model reply: in 3 + cached 57227, out 660 (+187 reasoning)
  160.8s   tool edit: /output/translation.md
  161.0s turn 9
  164.5s   model reply: in 3 + cached 60336, out 80 (+42 reasoning)
  164.5s   tool bash: node /kit/rag.mjs check --translation /output/translation.md
  166.3s turn 10
  170.6s   model reply: in 3 + cached 61020, out 119 (+62 reasoning)
  170.7s agent finished
  170.7s agent finished
