    2.8s turn 1
    9.3s   model reply: in 25466 + cached 0, out 817 (+783 reasoning)
    9.3s   tool bash: node /kit/rag.mjs search "chill" "cool" "turn" "walk"
    9.5s turn 2
   12.2s   model reply: in 3186 + cached 24351, out 79 (+47 reasoning)
   12.2s   tool bash: node /kit/rag.mjs entry chill turn walk face pick_up place slice remove
   12.4s turn 3
   15.2s   model reply: in 4414 + cached 24342, out 124 (+87 reasoning)
   15.2s   tool bash: node /kit/rag.mjs search "left" "right" "around" "forward" "straight"
   15.4s turn 4
   21.2s   model reply: in 5891 + cached 24336, out 130 (+102 reasoning)
   21.2s   tool bash: node /kit/rag.mjs search "direction" "turn"
   21.4s turn 5
   23.9s   model reply: in 2557 + cached 28378, out 67 (+39 reasoning)
   23.9s   tool bash: grep -E "\| turn \|" /reference/glossary.md
   24.0s turn 6
   26.5s   model reply: in 2686 + cached 28359, out 63 (+35 reasoning)
   26.5s   tool bash: grep -E "\| operation \|" /reference/glossary.md
   26.5s turn 7
   29.1s   model reply: in 4807 + cached 28360, out 59 (+32 reasoning)
   29.1s   tool bash: grep -E "\| walk" /reference/glossary.md
   29.2s turn 8
   32.0s   model reply: in 33342 + cached 0, out 44 (+18 reasoning)
   32.0s   tool bash: tail -n 30 /reference/glossary.md
   32.1s turn 9
   41.7s   model reply: in 2474 + cached 32388, out 1689 (+1665 reasoning)
   41.7s   tool bash: node /kit/rag.mjs check --help
   41.7s turn 10
   48.0s   model reply: in 4180 + cached 32387, out 885 (+842 reasoning)
   48.0s   tool bash: node /kit/rag.mjs entry chill slice remove place pick_up walk face turn right_of state_sliced counter sink knife lettuce fridge
   48.1s turn 11
   51.3s   model reply: in 2513 + cached 36441, out 201 (+173 reasoning)
   51.3s   tool bash: node /kit/rag.mjs entry object_label food_label
   51.4s turn 12
   58.6s   model reply: in 2955 + cached 36425, out 929 (+903 reasoning)
   58.6s   tool bash: grep -i "turn" /reference/glossary.md
   58.7s turn 13
   71.0s   model reply: in 0 + cached 0, out 0 (+0 reasoning)
   71.1s agent finished
   73.0s turn 14
  102.3s   model reply: in 0 + cached 0, out 0 (+0 reasoning)
  102.3s agent finished
  106.3s turn 15
  207.0s   model reply: in 42123 + cached 0, out 1255 (+129 reasoning)
  207.0s   tool write: /output/translation.md
  207.0s turn 16
  262.2s   model reply: in 2909 + cached 40473, out 53 (+23 reasoning)
  262.2s   tool bash: node /kit/rag.mjs check --translation /output/translation.md
  262.3s turn 17
  302.6s   model reply: in 3560 + cached 40459, out 4403 (+4376 reasoning)
  302.6s   tool bash: node /kit/rag.mjs entry face slice lexical_label
  302.7s turn 18
  320.3s   model reply: in 8607 + cached 40493, out 635 (+606 reasoning)
  320.3s   tool bash: grep -E "lexical_label" /reference/glossary.md
  320.4s turn 19
  341.8s   model reply: in 5335 + cached 44530, out 1338 (+1313 reasoning)
  341.8s   tool bash: node /kit/rag.mjs search "slice"
  341.9s turn 20
  346.8s   model reply: in 2958 + cached 48577, out 123 (+93 reasoning)
  346.8s   tool bash: node /kit/rag.mjs check --translation /output/translation.md
  346.9s turn 21
  375.0s   model reply: in 3678 + cached 48564, out 3011 (+2988 reasoning)
  375.0s   tool bash: node /kit/rag.mjs entry remove
  375.1s turn 22
  384.2s   model reply: in 6754 + cached 48577, out 605 (+580 reasoning)
  384.2s   tool bash: node /kit/rag.mjs search "remove"
  384.3s turn 23
  402.1s   model reply: in 3647 + cached 52615, out 3026 (+1822 reasoning)
  402.1s   tool write: /output/translation.md
  402.1s turn 24
  408.6s   model reply: in 6668 + cached 52624, out 53 (+23 reasoning)
  408.6s   tool bash: node /kit/rag.mjs check --translation /output/translation.md
  408.7s turn 25
  428.6s   model reply: in 3270 + cached 56659, out 2604 (+2574 reasoning)
  428.6s   tool bash: node /kit/rag.mjs check --translation /output/translation.md
  428.8s turn 26
  439.8s   model reply: in 6443 + cached 56674, out 1257 (+37 reasoning)
  439.8s agent finished
  439.8s agent finished
