    1.8s turn 1
   13.6s   model reply: in 29645 + cached 0, out 1639 (+1586 reasoning)
   13.6s   tool bash: node /kit/rag.mjs search "web_element" "click" "type_text" "senior" "flight" "nonstop" "airline" "one-way"
   13.8s turn 2
   16.6s   model reply: in 5226 + cached 28457, out 120 (+73 reasoning)
   16.6s   tool bash: node /kit/rag.mjs entry web_element click type_text search_travel search_transit location_spec time_point group_size requirement activity propose
   16.7s turn 3
   19.8s   model reply: in 3153 + cached 32516, out 59 (+19 reasoning)
   19.8s   tool bash: node /kit/rag.mjs search "ask" "propose" "utter" "request" --kind speech_act
   20.1s turn 4
   23.0s   model reply: in 4429 + cached 32505, out 39 (+14 reasoning)
   23.0s   tool bash: node /kit/rag.mjs entry ask inform request
   23.1s turn 5
   26.2s   model reply: in 4676 + cached 32488, out 90 (+43 reasoning)
   26.2s   tool bash: node /kit/rag.mjs search "passenger" "traveler" "airline" "flight" "senior" "transit" "view" "deal"
   26.4s turn 6
   29.7s   model reply: in 2909 + cached 36547, out 146 (+88 reasoning)
   29.7s   tool bash: grep -E "(travel|transit|flight|airline|passenger|senior|adult|date|time_point|group_size|requirement|location_spec|web_element)" /reference/glossary.md
   29.8s turn 7
   32.7s   model reply: in 4844 + cached 36542, out 64 (+36 reasoning)
   32.7s   tool bash: grep -E "\| constructor \|" /reference/glossary.md
   32.7s turn 8
   35.3s   model reply: in 2649 + cached 40597, out 73 (+43 reasoning)
   35.3s   tool bash: grep -E "\| claim_relation \|" /reference/glossary.md
   35.4s turn 9
   38.3s   model reply: in 4658 + cached 40594, out 66 (+38 reasoning)
   38.3s   tool bash: grep -E "\| operation \|" /reference/glossary.md
   38.3s turn 10
   45.4s   model reply: in 2727 + cached 44650, out 834 (+806 reasoning)
   45.4s   tool bash: grep -E "\| example \|" /reference/glossary.md
   45.5s turn 11
   56.2s   model reply: in 4595 + cached 44646, out 1504 (+1466 reasoning)
   56.2s   tool bash: node /kit/rag.mjs search "nonstop" "airline" "senior" "flight" "deal"
   56.4s turn 12
   59.8s   model reply: in 3425 + cached 48709, out 92 (+62 reasoning)
   59.8s   tool bash: node /kit/rag.mjs widen "nonstop flight" --kind constraint
   59.9s turn 13
   63.3s   model reply: in 5445 + cached 48705, out 101 (+58 reasoning)
   63.3s   tool bash: grep -E "\| constructor \|" /reference/glossary.md | awk -F'|' '{print $2, $4}'
   63.3s turn 14
   66.2s   model reply: in 3656 + cached 52763, out 61 (+18 reasoning)
   66.2s   tool bash: grep -E "\| composite \|" /reference/glossary.md | awk -F'|' '{print $2, $4}'
   66.3s turn 15
   75.6s   model reply: in 4357 + cached 52749, out 1109 (+1085 reasoning)
   75.6s   tool bash: node /kit/rag.mjs check --help
   75.7s turn 16
   79.2s   model reply: in 5492 + cached 52739, out 156 (+102 reasoning)
   79.2s   tool bash: node -e 'const fs = require("fs"); console.log(fs.readFileSync("/kit/rag.mjs", "utf8").slice(0, 3000));'
   79.3s turn 17
   82.0s   model reply: in 2531 + cached 56784, out 71 (+14 reasoning)
   82.0s   tool bash: node -e 'const fs = require("fs"); console.log(fs.readFileSync("/kit/rag.mjs", "utf8").slice(3000, 6000));'
   82.0s turn 18
   97.9s   model reply: in 3222 + cached 56770, out 2323 (+2297 reasoning)
   97.9s   tool bash: grep -i "senior" /reference/glossary.md
   98.0s turn 19
  101.0s   model reply: in 5554 + cached 56771, out 53 (+23 reasoning)
  101.0s   tool bash: grep -E "\| recipient-value \|" /reference/glossary.md
  101.1s turn 20
  105.9s   model reply: in 2233 + cached 60813, out 367 (+340 reasoning)
  105.9s   tool bash: node /kit/rag.mjs entry maximum_between_stops
  106.0s turn 21
  120.0s   model reply: in 0 + cached 0, out 0 (+0 reasoning)
  120.1s agent finished
  122.1s turn 22
  135.7s   model reply: in 0 + cached 0, out 0 (+0 reasoning)
  135.7s agent finished
  139.8s turn 23
  227.3s   model reply: in 0 + cached 0, out 0 (+0 reasoning)
  227.3s agent finished
  235.3s turn 24
  394.7s   model reply: in 63599 + cached 0, out 4298 (+2315 reasoning)
  394.7s   tool write: /output/translation.md
  394.7s turn 25
  406.2s   model reply: in 7087 + cached 60814, out 54 (+24 reasoning)
  406.2s   tool bash: node /kit/rag.mjs check --translation /output/translation.md
  406.7s turn 26
  464.5s   model reply: in 3505 + cached 64852, out 7253 (+7223 reasoning)
  464.5s   tool bash: node /kit/rag.mjs check --translation /output/translation.md
  464.7s turn 27
  486.5s   model reply: in 54189 + cached 0, out 91 (+72 reasoning)
  486.5s   tool read: /output/translation.md
  486.6s turn 28
  498.2s   model reply: in 3480 + cached 52758, out 258 (+45 reasoning)
  498.2s agent finished
  498.2s agent finished
