    6.7s turn 1
   14.6s   model reply: in 31771 + cached 0, out 951 (+908 reasoning)
   14.6s   tool bash: node /kit/rag.mjs search "intelligence" "brain" "camouflage" "predator" "cannibalism" "toy"
   14.8s turn 2
   21.2s   model reply: in 5872 + cached 28461, out 732 (+678 reasoning)
   21.2s   tool bash: node /kit/rag.mjs search "property_question" "attribute_claim" "comparison" "ratio" "escape" "behavior" "enrichment" "benefit" "recommend"
   23.0s turn 3
   27.2s   model reply: in 5212 + cached 32530, out 148 (+98 reasoning)
   27.2s   tool bash: node /kit/rag.mjs entry property_question attribute_claim has_attribute similarity meets_needs causes enables leads_to opposes contrast supports negation exclud
   28.2s turn 4
   32.1s   model reply: in 3298 + cached 36590, out 110 (+78 reasoning)
   32.1s   tool bash: node /kit/rag.mjs entry rate measure requirement recommended important safe comfortable focus_of
   32.7s turn 5
   37.0s   model reply: in 4433 + cached 36578, out 251 (+203 reasoning)
   37.0s   tool bash: node /kit/rag.mjs search "capable" "ability" "expert" "consult" "eat" "predator" "safe" "solitary"
   37.3s turn 6
   40.5s   model reply: in 2808 + cached 40640, out 97 (+55 reasoning)
   40.5s   tool bash: node /kit/rag.mjs entry possesses has_goal test_condition self_protection training_program offer_help user_practice considered
   40.7s turn 7
   44.5s   model reply: in 3807 + cached 40627, out 209 (+157 reasoning)
   44.5s   tool bash: grep -E "^\| [a-zA-Z0-9_]+ \| (constructor|claim_relation|speech_act|link) \|" /reference/glossary.md
   44.7s turn 8
   50.6s   model reply: in 5867 + cached 40622, out 512 (+487 reasoning)
   50.6s   tool bash: node /kit/rag.mjs entry lexical_label
   52.0s turn 9
   57.8s   model reply: in 2799 + cached 44672, out 580 (+542 reasoning)
   57.8s   tool bash: node /kit/rag.mjs search "brain" "ratio" "mammal" "similarity" "body"
   58.3s turn 10
   62.7s   model reply: in 4774 + cached 44667, out 278 (+238 reasoning)
   62.7s   tool bash: node /kit/rag.mjs search "learn" "remember" "memory" "solve" "maze" "jar"
   63.2s turn 11
   69.0s   model reply: in 2629 + cached 48723, out 573 (+520 reasoning)
   69.0s   tool bash: grep -E "^\| [a-zA-Z0-9_]+ \| (claim_relation|constructor) \|" /reference/glossary.md | head -n 40
   69.3s turn 12
   73.0s   model reply: in 4999 + cached 48722, out 58 (+16 reasoning)
   73.0s   tool bash: grep -E "^\| [a-zA-Z0-9_]+ \| claim_relation \|" /reference/glossary.md
   73.1s turn 13
   76.2s   model reply: in 2934 + cached 52778, out 59 (+10 reasoning)
   76.2s   tool bash: grep -E "^\| [a-zA-Z0-9_]+ \| claim_relation \|" /reference/glossary.md | tail -n +31
   76.3s turn 14
   79.3s   model reply: in 4896 + cached 52773, out 55 (+15 reasoning)
   79.3s   tool bash: grep -E "^\| [a-zA-Z0-9_]+ \| constructor \|" /reference/glossary.md
   79.4s turn 15
   88.3s   model reply: in 2692 + cached 56828, out 1329 (+1301 reasoning)
   88.3s   tool bash: node /kit/rag.mjs entry role_agent role_user
   88.4s turn 16
   92.6s   model reply: in 4122 + cached 56820, out 321 (+194 reasoning)
   92.6s   tool bash: node /kit/rag.mjs widen "octopus has large brain-to-body ratio comparable to mammals" --kind claim
node /kit/rag.mjs widen "octopuses can learn and remember com
   93.6s turn 17
   97.2s   model reply: in 3674 + cached 60889, out 261 (+103 reasoning)
   97.2s   tool bash: node /kit/rag.mjs widen "enrichment toy" --kind object
node /kit/rag.mjs widen "captive octopus likes to escape tank nightly" --kind claim
node /kit/rag.mjs wid
   98.6s turn 18
  102.5s   model reply: in 7318 + cached 60899, out 166 (+19 reasoning)
  102.5s   tool bash: node /kit/rag.mjs widen "octopuses are solitary animals that do not benefit from tank mates" --kind claim
node /kit/rag.mjs widen "introducing another octopus c
  103.7s turn 19
  115.6s   model reply: in 0 + cached 0, out 0 (+0 reasoning)
  115.6s agent finished
  117.6s turn 20
  131.3s   model reply: in 0 + cached 0, out 0 (+0 reasoning)
  131.3s agent finished
  135.3s turn 21
  147.1s   model reply: in 0 + cached 0, out 0 (+0 reasoning)
  147.1s agent finished
  155.1s turn 22
  266.1s   model reply: in 49017 + cached 0, out 142 (+81 reasoning)
  266.2s   tool bash: node /kit/rag.mjs widen "advises against adding another octopus, recommending focused solitary enrichment instead" --kind reasoning
node /kit/rag.mjs widen "avo
  267.9s turn 23
  273.8s   model reply: in 3737 + cached 48793, out 265 (+203 reasoning)
  273.8s   tool bash: node /kit/rag.mjs entry subject property_question attribute_claim rate activity possesses similarity enables causes leads_to important meets_needs safe recommen
  274.2s turn 24
  280.0s   model reply: in 54835 + cached 0, out 128 (+79 reasoning)
  280.0s   tool bash: node /kit/rag.mjs entry leads_to important meets_needs safe recommended user_practice user_preference supports opposes contrast rejects exclude negation duratio
  280.2s turn 25
  292.8s   model reply: in 3774 + cached 52846, out 124 (+89 reasoning)
  292.8s   tool bash: node /kit/rag.mjs search "safe" "safety" "secure" "harms"
  293.0s turn 26
  308.8s   model reply: in 5058 + cached 52835, out 55 (+30 reasoning)
  308.8s   tool bash: node /kit/rag.mjs entry self_protection
  309.4s turn 27
  324.1s   model reply: in 5244 + cached 52816, out 560 (+535 reasoning)
  324.1s   tool bash: node /kit/rag.mjs entry lexical_label
  324.2s turn 28
  387.2s   model reply: in 59090 + cached 0, out 10347 (+7338 reasoning)
  387.2s   tool write: /output/translation.md
  387.2s turn 29
  390.9s   model reply: in 12525 + cached 56916, out 53 (+23 reasoning)
  390.9s   tool bash: node /kit/rag.mjs check --translation /output/translation.md
  391.0s turn 30
  408.2s   model reply: in 50575 + cached 0, out 232 (+203 reasoning)
  408.2s   tool bash: node /kit/rag.mjs search "toy" "enrichment"
  408.6s turn 31
  413.0s   model reply: in 2615 + cached 48760, out 198 (+168 reasoning)
  413.0s   tool bash: node /kit/rag.mjs widen "enrichment toy" --kind object
  413.2s turn 32
  419.0s   model reply: in 4555 + cached 48755, out 567 (+302 reasoning)
  419.0s   tool edit: /output/translation.md
  419.0s turn 33
  422.1s   model reply: in 5151 + cached 48723, out 55 (+25 reasoning)
  422.1s   tool bash: node /kit/rag.mjs check --translation /output/translation.md
  422.6s turn 34
  433.3s   model reply: in 54628 + cached 0, out 603 (+573 reasoning)
  433.3s   tool bash: node /kit/rag.mjs widen "enrichment toy" --kind object
  433.5s turn 35
  444.3s   model reply: in 4200 + cached 52768, out 1218 (+1188 reasoning)
  444.4s   tool bash: node /kit/rag.mjs entry role_agent role_user user agent
  444.5s turn 36
  482.2s   model reply: in 5571 + cached 52759, out 6672 (+3613 reasoning)
  482.2s   tool write: /output/translation.md
  482.2s turn 37
  485.9s   model reply: in 8157 + cached 56849, out 53 (+23 reasoning)
  485.9s   tool bash: node /kit/rag.mjs check --translation /output/translation.md
  486.1s turn 38
  494.0s   model reply: in 65758 + cached 0, out 279 (+158 reasoning)
  494.0s agent finished
  494.0s agent finished
