   17.0s turn 1
   24.6s   model reply: in 33296 + cached 0, out 633 (+583 reasoning)
   24.6s   tool bash: node /kit/rag.mjs search "rule" "implication" "conditional" "young" "nice" "see" "visit" "eat" "statement"
   26.7s turn 2
   30.9s   model reply: in 3876 + cached 32541, out 71 (+39 reasoning)
   30.9s   tool bash: node /kit/rag.mjs entry conditional activity statement conjunction negation attribute_claim possesses subject
   32.4s turn 3
   36.1s   model reply: in 5706 + cached 32533, out 86 (+46 reasoning)
   36.1s   tool bash: node /kit/rag.mjs search "property" "trait" "attribute" "entity" "predicate" "theory"
   38.5s turn 4
   41.9s   model reply: in 3448 + cached 36591, out 52 (+21 reasoning)
   41.9s   tool bash: node /kit/rag.mjs entry character_trait has_attribute property_question
   42.4s turn 5
   45.9s   model reply: in 3849 + cached 36574, out 57 (+32 reasoning)
   45.9s   tool bash: grep "| constructor |" /reference/glossary.md
   46.2s turn 6
   56.3s   model reply: in 42276 + cached 0, out 1082 (+1034 reasoning)
   56.3s   tool bash: node /kit/rag.mjs search "character_trait" "has_attribute" "activity" "conditional" "statement" "negation" "subject"
   56.7s turn 7
   60.8s   model reply: in 5005 + cached 40635, out 99 (+66 reasoning)
   60.8s   tool bash: node /kit/rag.mjs entry has_attribute character_trait conditional statement activity conjunction negation
   61.9s turn 8
   65.8s   model reply: in 10269 + cached 36562, out 99 (+58 reasoning)
   65.8s   tool bash: node /kit/rag.mjs search "question" "evaluate" "theory" "truth_value" "true_false"
   68.2s turn 9
   71.9s   model reply: in 3576 + cached 44678, out 60 (+33 reasoning)
   71.9s   tool bash: grep "| speech_act |" /reference/glossary.md
   72.3s turn 10
   82.1s   model reply: in 4126 + cached 44662, out 1080 (+1049 reasoning)
   82.1s   tool bash: grep -r "proofwriter" /reference/ 2>/dev/null || true
   82.6s turn 11
   90.9s   model reply: in 5220 + cached 44651, out 37 (+15 reasoning)
   90.9s   tool bash: ls -la /reference/ /kit/
   90.9s turn 12
   98.3s   model reply: in 5653 + cached 44635, out 207 (+64 reasoning)
   98.3s   tool bash: node -e '
const fs = require("fs");
const lines = fs.readFileSync("/reference/glossary.jsonl", "utf8").trim().split("\n");
for (const line of lines) {
  const o
   98.5s turn 13
  122.0s   model reply: in 3428 + cached 48688, out 176 (+43 reasoning)
  122.0s   tool bash: node -e '
const fs = require("fs");
const lines = fs.readFileSync("/reference/glossary.jsonl", "utf8").trim().split("\n");
for (const line of lines) {
  const o
  122.1s turn 14
  132.4s   model reply: in 3626 + cached 48669, out 207 (+101 reasoning)
  132.4s   tool bash: node -e '
const fs = require("fs");
const lines = fs.readFileSync("/reference/glossary.jsonl", "utf8").trim().split("\n");
for (const line of lines) {
  const o
  132.5s turn 15
  141.0s   model reply: in 5891 + cached 48670, out 119 (+11 reasoning)
  141.0s   tool bash: node -e '
const fs = require("fs");
const lines = fs.readFileSync("/reference/glossary.jsonl", "utf8").trim().split("\n");
for (const line of lines) {
  const o
  141.0s turn 16
  150.3s   model reply: in 3170 + cached 52717, out 738 (+588 reasoning)
  150.3s   tool bash: node -e '
const fs = require("fs");
const lines = fs.readFileSync("/reference/glossary.jsonl", "utf8").trim().split("\n");
for (const line of lines) {
  const o
  150.4s turn 17
  168.0s   model reply: in 5592 + cached 52719, out 1961 (+1837 reasoning)
  168.0s   tool bash: node -e '
const fs = require("fs");
const lines = fs.readFileSync("/reference/glossary.jsonl", "utf8").trim().split("\n");
for (const line of lines) {
  const o
  168.1s turn 18
  174.5s   model reply: in 5592 + cached 56792, out 184 (+53 reasoning)
  174.5s   tool bash: node -e '
const fs = require("fs");
const lines = fs.readFileSync("/reference/glossary.jsonl", "utf8").trim().split("\n");
for (const line of lines) {
  const o
  174.6s turn 19
  188.0s   model reply: in 2495 + cached 60836, out 1769 (+1622 reasoning)
  188.0s   tool bash: node -e '
const fs = require("fs");
const lines = fs.readFileSync("/reference/glossary.jsonl", "utf8").trim().split("\n");
for (const line of lines) {
  const o
  188.1s turn 20
  195.8s   model reply: in 65473 + cached 0, out 597 (+564 reasoning)
  195.8s   tool bash: find / -name "*rag*" -o -name "*check*" 2>/dev/null
  195.9s turn 21
  201.7s   model reply: in 5259 + cached 60821, out 73 (+36 reasoning)
  201.7s   tool bash: node -e 'console.log(fs.readFileSync("/kit/rag.mjs", "utf8"))'
  202.3s turn 22
  207.5s   model reply: in 2816 + cached 64870, out 309 (+160 reasoning)
  207.5s   tool bash: node /kit/rag.mjs widen "introduce a set of premises or theory" --kind speech_act
node /kit/rag.mjs widen "the bald eagle is young" --kind claim
node /kit/rag.m
  210.5s turn 23
  230.5s   model reply: in 50693 + cached 0, out 1342 (+1288 reasoning)
  230.5s   tool bash: node /kit/rag.mjs entry animal_label::bald_eagle animal_label::bear animal_label::mouse animal_label::squirrel color_label::blue color_label::green
  230.6s turn 24
  237.4s   model reply: in 3927 + cached 48754, out 194 (+160 reasoning)
  237.4s   tool bash: node /kit/rag.mjs entry animal_label::eagle animal_label::baldeagle
  237.6s turn 25
  258.1s   model reply: in 4344 + cached 48736, out 1734 (+1539 reasoning)
  258.1s   tool bash: node -e '
const fs = require("fs");
const lines = fs.readFileSync("/reference/glossary.jsonl", "utf8").trim().split("\n");
for (const line of lines) {
  const o
  258.4s turn 26
  290.1s   model reply: in 2988 + cached 52799, out 156 (+36 reasoning)
  290.1s   tool bash: node -e '
const fs = require("fs");
const lines = fs.readFileSync("/reference/examples.jsonl", "utf8").trim().split("\n");
for (const line of lines) {
  const o
  290.2s turn 27
  306.3s   model reply: in 4008 + cached 52786, out 2118 (+1945 reasoning)
  306.3s   tool write: /output/translation.md
  306.3s turn 28
  309.8s   model reply: in 6136 + cached 52780, out 50 (+20 reasoning)
  309.8s   tool bash: node /kit/rag.mjs check --translation /output/translation.md
  310.0s turn 29
  318.3s   model reply: in 3028 + cached 56827, out 928 (+641 reasoning)
  318.3s   tool write: /output/translation.md
  318.3s turn 30
  321.8s   model reply: in 3976 + cached 56811, out 63 (+33 reasoning)
  321.8s   tool bash: node /kit/rag.mjs check --translation /output/translation.md
  323.7s turn 31
  331.1s   model reply: in 4968 + cached 56799, out 409 (+356 reasoning)
  331.1s   tool bash: node /kit/rag.mjs search "young" "nice" "visit" "eat" "based only on the provided theory" "answer must be True, False, or Unknown"
  332.6s turn 32
  355.1s   model reply: in 2984 + cached 60854, out 3463 (+3334 reasoning)
  355.1s   tool bash: node -e '
const fs = require("fs");
const lines = fs.readFileSync("/reference/glossary.jsonl", "utf8").trim().split("\n");
const constructors = [];
for (const l
  355.2s turn 33
  379.1s   model reply: in 8165 + cached 60879, out 3871 (+1128 reasoning)
  379.1s   tool write: /output/translation.md
  379.2s turn 34
  388.4s   model reply: in 54355 + cached 0, out 51 (+21 reasoning)
  388.4s   tool bash: node /kit/rag.mjs check --translation /output/translation.md
  388.5s turn 35
  399.3s   model reply: in 2488 + cached 52783, out 915 (+892 reasoning)
  399.3s   tool bash: node /kit/rag.mjs entry conditional
  399.6s turn 36
  405.1s   model reply: in 56249 + cached 0, out 100 (+68 reasoning)
  405.1s   tool bash: node /kit/rag.mjs widen "the squirrel visits the mouse" --kind claim
  408.2s turn 37
  415.2s   model reply: in 5210 + cached 52765, out 417 (+391 reasoning)
  415.2s   tool bash: node /kit/rag.mjs entry user role_user
  415.3s turn 38
  460.6s   model reply: in 5714 + cached 52749, out 7298 (+4250 reasoning)
  460.6s   tool write: /output/translation.md
  460.6s turn 39
  464.1s   model reply: in 8921 + cached 56844, out 50 (+20 reasoning)
  464.1s   tool bash: node /kit/rag.mjs check --translation /output/translation.md
  464.3s turn 40
  487.6s   model reply: in 5788 + cached 60892, out 3505 (+435 reasoning)
  487.6s   tool write: /output/translation.md
  487.6s turn 41
  500.5s   model reply: in 53997 + cached 0, out 60 (+30 reasoning)
  500.5s   tool bash: node /kit/rag.mjs check --translation /output/translation.md
  500.7s turn 42
  505.9s   model reply: in 2100 + cached 52822, out 119 (+38 reasoning)
  506.0s agent finished
  506.0s agent finished
