    3.5s turn 1
   12.7s   model reply: in 30180 + cached 0, out 971 (+928 reasoning)
   12.7s   tool bash: node /kit/rag.mjs search "character_trait" "conditional" "statement" "attribute_claim" "has_attribute"
   12.9s turn 2
   16.8s   model reply: in 4404 + cached 28452, out 85 (+48 reasoning)
   16.8s   tool bash: node /kit/rag.mjs entry character character_trait attribute_claim has_attribute conditional conjunction negation subject statement
   17.0s turn 3
   21.5s   model reply: in 5758 + cached 28442, out 82 (+37 reasoning)
   21.5s   tool bash: node /kit/rag.mjs search "universal" "premise" "theory" "proof" "evaluation" "true false" "someone"
   21.8s turn 4
   25.5s   model reply: in 3625 + cached 32499, out 152 (+118 reasoning)
   25.5s   tool bash: grep -E "constructor|claim_relation|speech_act" /reference/glossary.md
   25.5s turn 5
   31.4s   model reply: in 5659 + cached 32495, out 99 (+49 reasoning)
   31.4s   tool bash: node /kit/rag.mjs search "is rough" "is nice" "is green" "is blue" "is big" "is round" "is kind"
   31.7s turn 6
   37.1s   model reply: in 3703 + cached 36553, out 93 (+44 reasoning)
   37.1s   tool bash: grep -E "property|attribute|trait|predicate|entity|person|character" /reference/glossary.md | grep -E "constructor|claim_relation"
   37.2s turn 7
   40.7s   model reply: in 5635 + cached 36548, out 74 (+36 reasoning)
   40.7s   tool bash: grep "\| constructor \|" /reference/glossary.md | cut -d'|' -f2,4
   40.7s turn 8
   58.2s   model reply: in 3524 + cached 40604, out 849 (+807 reasoning)
   58.2s   tool bash: node /kit/rag.mjs entry statement attribute_claim has_attribute character_trait conditional conjunction negation subject property_question ask inform respond
   58.3s turn 9
   61.7s   model reply: in 5890 + cached 40603, out 97 (+61 reasoning)
   61.7s   tool bash: grep "constructor" /reference/glossary.md | cut -d'|' -f2,4
   61.7s turn 10
   66.9s   model reply: in 48712 + cached 0, out 84 (+59 reasoning)
   66.9s   tool bash: node /kit/rag.mjs entry lexical_label
   67.1s turn 11
   74.2s   model reply: in 4620 + cached 44646, out 554 (+508 reasoning)
   74.2s   tool bash: grep -E "conditional|conjunction|negation|statement|attribute_claim|has_attribute|character_trait" /reference/glossary.md
   74.2s turn 12
   77.5s   model reply: in 0 + cached 0, out 0 (+0 reasoning)
   77.5s agent finished
   79.5s turn 13
   93.2s   model reply: in 0 + cached 0, out 0 (+0 reasoning)
   93.2s agent finished
   97.2s turn 14
  123.9s   model reply: in 0 + cached 0, out 0 (+0 reasoning)
  123.9s agent finished
  131.9s turn 15
  201.6s   model reply: in 51032 + cached 0, out 1092 (+1062 reasoning)
  201.6s   tool bash: node /kit/rag.mjs widen "Dave is rough" --kind claim
  201.8s turn 16
  208.8s   model reply: in 5097 + cached 48702, out 112 (+72 reasoning)
  208.8s   tool bash: node /kit/rag.mjs search "proofwriter" "theory" "truth_value" "attribute" "rule"
  209.0s turn 17
  220.6s   model reply: in 2556 + cached 52753, out 64 (+36 reasoning)
  220.6s   tool bash: grep "\| claim_relation \|" /reference/glossary.md
  220.6s turn 18
  236.1s   model reply: in 4646 + cached 52751, out 88 (+48 reasoning)
  236.1s   tool bash: grep -E "^\| [a-z0-9_]+ \| claim_relation \|" /reference/glossary.md
  236.1s turn 19
  265.6s   model reply: in 2612 + cached 56806, out 4451 (+4400 reasoning)
  265.6s   tool bash: node /kit/rag.mjs search "character_trait" "has_attribute" "attribute_claim" "statement" "conditional" "conjunction" "negation"
  265.7s turn 20
  283.5s   model reply: in 66183 + cached 0, out 318 (+275 reasoning)
  283.5s   tool bash: node /kit/rag.mjs search "single choice" "options" "constraint" "truth" "theory" "based only on"
  283.7s turn 21
  291.6s   model reply: in 3207 + cached 64958, out 64 (+40 reasoning)
  291.6s   tool bash: grep "constraint_" /reference/glossary.md
  291.7s turn 22
  311.2s   model reply: in 4281 + cached 64946, out 2533 (+2507 reasoning)
  311.2s   tool bash: node /kit/rag.mjs check --help || true
  311.3s turn 23
  332.2s   model reply: in 51602 + cached 0, out 2045 (+2005 reasoning)
  332.2s   tool bash: node /kit/rag.mjs entry character character_trait subject lexical_label statement has_attribute attribute_claim conditional conjunction negation
  332.3s turn 24
  348.4s   model reply: in 6604 + cached 48773, out 404 (+366 reasoning)
  348.4s   tool bash: node /kit/rag.mjs entry ask inform confirm respond constraint_single_choice requirement shape_round size_large
  348.6s turn 25
  374.5s   model reply: in 3718 + cached 52825, out 3262 (+1473 reasoning)
  374.5s   tool write: /output/translation.md
  374.5s turn 26
  378.8s   model reply: in 6984 + cached 52825, out 59 (+29 reasoning)
  378.8s   tool bash: node /kit/rag.mjs check --translation /output/translation.md
  378.9s turn 27
  405.7s   model reply: in 3648 + cached 56874, out 4404 (+2623 reasoning)
  405.7s   tool write: /output/translation.md
  405.7s turn 28
  415.1s   model reply: in 8047 + cached 56883, out 53 (+23 reasoning)
  415.1s   tool bash: node /kit/rag.mjs check --translation /output/translation.md
  415.3s turn 29
  427.0s   model reply: in 4706 + cached 60931, out 1373 (+1343 reasoning)
  427.0s   tool bash: node /kit/rag.mjs check --translation /output/translation.md
  427.2s turn 30
  432.1s   model reply: in 2676 + cached 64988, out 108 (+16 reasoning)
  432.1s agent finished
  432.1s agent finished
