    6.2s turn 1
   13.0s   model reply: in 26862 + cached 0, out 743 (+695 reasoning)
   13.0s   tool bash: node /kit/rag.mjs search "web_element" "type_text" "click" "request" "search_web" "select_filter"
   15.4s turn 2
   19.1s   model reply: in 5210 + cached 24366, out 133 (+96 reasoning)
   19.1s   tool bash: node /kit/rag.mjs entry web_element click type_text request select_filter apply_filters ask
   19.2s turn 3
   23.1s   model reply: in 5880 + cached 24353, out 224 (+196 reasoning)
   23.1s   tool bash: grep -E "web_element" /reference/glossary.md
   23.1s turn 4
   29.9s   model reply: in 2125 + cached 28394, out 450 (+415 reasoning)
   29.9s   tool bash: node /kit/rag.mjs search "job" "clearance" "certificate" "browse"
   30.1s turn 5
   33.2s   model reply: in 3677 + cached 28388, out 72 (+42 reasoning)
   33.2s   tool bash: grep -E "\| speech_act \|" /reference/glossary.md
   33.2s turn 6
   37.5s   model reply: in 4237 + cached 28374, out 350 (+316 reasoning)
   37.5s   tool bash: grep -E "\| (claim_relation|constructor) \|" /reference/glossary.md
   37.6s turn 7
   41.5s   model reply: in 2329 + cached 32428, out 188 (+154 reasoning)
   41.5s   tool bash: node /kit/rag.mjs search "browse IT jobs" "filter by Security clearance certificate"
   41.6s turn 8
   53.3s   model reply: in 3113 + cached 32415, out 1881 (+1855 reasoning)
   53.3s   tool bash: node /kit/rag.mjs check --help || true
   53.4s turn 9
   56.9s   model reply: in 5005 + cached 32414, out 124 (+98 reasoning)
   56.9s   tool bash: head -n 50 /kit/rag.mjs
   56.9s turn 10
   60.0s   model reply: in 5883 + cached 32404, out 109 (+84 reasoning)
   60.0s   tool bash: node /kit/rag.mjs entry activity subject requirement
   60.1s turn 11
   66.0s   model reply: in 3209 + cached 36448, out 673 (+635 reasoning)
   66.0s   tool bash: node /kit/rag.mjs search "job" "filter" "browse" "search" "clearance"
   66.2s turn 12
   81.2s   model reply: in 5320 + cached 36450, out 2714 (+1802 reasoning)
   81.2s   tool write: /output/translation.md
   81.2s turn 13
   84.1s   model reply: in 3984 + cached 40504, out 53 (+23 reasoning)
   84.1s   tool bash: node /kit/rag.mjs check --translation /output/translation.md
   84.2s turn 14
   90.5s   model reply: in 4389 + cached 40489, out 784 (+752 reasoning)
   90.5s   tool bash: node /kit/rag.mjs check --translation /output/translation.md --json
   90.6s turn 15
   95.5s   model reply: in 5952 + cached 40114, out 286 (+162 reasoning)
   95.5s   tool bash: node /kit/rag.mjs widen "Browse or search job listings" --kind action
node /kit/rag.mjs widen "Filter job search results" --kind action
node /kit/rag.mjs widen 
  108.5s turn 16
  112.7s   model reply: in 5365 + cached 44170, out 173 (+108 reasoning)
  112.7s   tool bash: node /kit/rag.mjs widen "Filters link" --kind object
node /kit/rag.mjs widen "Certificates link" --kind object
node /kit/rag.mjs widen "Security clearance link"
  113.2s turn 17
  123.2s   model reply: in 4766 + cached 48228, out 1136 (+1104 reasoning)
  123.2s   tool bash: node /kit/rag.mjs check --translation /output/translation.md --json
  123.4s turn 18
  152.0s   model reply: in 2679 + cached 51855, out 4387 (+3437 reasoning)
  152.0s   tool write: /output/translation.md
  152.1s turn 19
  156.2s   model reply: in 6991 + cached 51934, out 55 (+25 reasoning)
  156.2s   tool bash: node /kit/rag.mjs check --translation /output/translation.md
  156.3s turn 20
  161.8s   model reply: in 3399 + cached 55918, out 56 (+24 reasoning)
  161.8s   tool bash: node /kit/rag.mjs check --translation /output/translation.md --json
  161.9s turn 21
  167.0s   model reply: in 4255 + cached 55522, out 238 (+109 reasoning)
  167.0s agent finished
  167.0s agent finished
