    2.7s turn 1
    9.6s   model reply: in 32579 + cached 0, out 570 (+528 reasoning)
    9.6s   tool bash: node /kit/rag.mjs search "reconcile" "accounts receivable" "deferred revenue" "report" "balance sheet"
   10.5s turn 2
   13.3s   model reply: in 2075 + cached 32529, out 74 (+51 reasoning)
   13.3s   tool bash: wc -l /reference/glossary.md
   13.5s turn 3
   17.5s   model reply: in 2179 + cached 32509, out 106 (+57 reasoning)
   17.5s   tool bash: grep -iE "account|finance|financial|invoice|revenue|schedule|custom|column|filter|sync|reconcil" /reference/glossary.md
   17.6s turn 4
   20.6s   model reply: in 3550 + cached 32499, out 90 (+48 reasoning)
   20.6s   tool bash: grep -E "\| (constructor|composite|claim_relation|speech_act|operation) \|" /reference/glossary.md
   20.7s turn 5
   27.6s   model reply: in 5588 + cached 32494, out 704 (+669 reasoning)
   27.6s   tool bash: node /kit/rag.mjs widen "reconcile accounts receivable balance sheet accounts" --kind action
   27.9s turn 6
   31.5s   model reply: in 4741 + cached 36561, out 113 (+67 reasoning)
   31.5s   tool bash: grep -E "^\| [a-z0-9_]+ \| (constructor|composite|claim_relation) \|" /reference/glossary.md
   31.8s turn 7
   45.0s   model reply: in 2594 + cached 40617, out 1959 (+1888 reasoning)
   45.0s   tool bash: node /kit/rag.mjs entry activity ask inform statement attribute_claim provides leads_to enables ongoing occurred temporal_context document_section sequence conj
   45.2s turn 8
   48.6s   model reply: in 6515 + cached 40627, out 151 (+79 reasoning)
   48.6s   tool bash: node /kit/rag.mjs entry temporal_context document_section sequence conjunction include requirement time_point duration format_structured_report art_structured_r
   48.9s turn 9
   52.2s   model reply: in 4193 + cached 44683, out 111 (+75 reasoning)
   52.2s   tool bash: node /kit/rag.mjs entry user_practice request reconcile_code similarity calculation involves outcome meets_needs
   52.5s turn 10
   57.7s   model reply: in 5166 + cached 44670, out 121 (+79 reasoning)
   57.7s   tool bash: node /kit/rag.mjs search "accounting" "data source" "column" "field" "schedule" "parent hierarchy"
   57.9s turn 11
   61.1s   model reply: in 2892 + cached 48725, out 74 (+36 reasoning)
   61.1s   tool bash: grep -E "^\| [a-z0-9_]+ \| constructor \|" /reference/glossary.md
   61.2s turn 12
   64.1s   model reply: in 4767 + cached 48720, out 61 (+12 reasoning)
   64.1s   tool bash: grep -E "^\| [a-z0-9_]+ \| constructor \|" /reference/glossary.md | awk -F '|' '{print $2}'
   64.2s turn 13
   67.1s   model reply: in 5219 + cached 48704, out 68 (+17 reasoning)
   67.1s   tool bash: grep -E "^\| [a-z0-9_]+ \| claim_relation \|" /reference/glossary.md | awk -F '|' '{print $2}'
   67.2s turn 14
   70.2s   model reply: in 5574 + cached 48687, out 61 (+12 reasoning)
   70.2s   tool bash: grep -E "^\| [a-z0-9_]+ \| link \|" /reference/glossary.md | awk -F '|' '{print $2}'
   70.3s turn 15
   73.3s   model reply: in 5669 + cached 48668, out 59 (+10 reasoning)
   73.3s   tool bash: grep -E "^\| [a-z0-9_]+ \| operation \|" /reference/glossary.md | awk -F '|' '{print $2}'
   73.4s turn 16
   77.0s   model reply: in 5901 + cached 48650, out 62 (+11 reasoning)
   77.0s   tool bash: grep -E "^\| [a-z0-9_]+ \| speech_act \|" /reference/glossary.md | awk -F '|' '{print $2}'
   77.1s turn 17
   80.0s   model reply: in 6015 + cached 48632, out 64 (+11 reasoning)
   80.0s   tool bash: grep -E "^\| [a-z0-9_]+ \| value \|" /reference/glossary.md | awk -F '|' '{print $4}' | sort -u
   80.1s turn 18
   95.9s   model reply: in 2183 + cached 52666, out 2031 (+1990 reasoning)
   95.9s   tool bash: node /kit/rag.mjs entry property_question subject activity temporal_context ongoing request statement leads_to enables provides attribute_claim
   96.1s turn 19
  100.0s   model reply: in 6119 + cached 52685, out 109 (+66 reasoning)
  100.0s   tool bash: node /kit/rag.mjs search "columns" "schedule recurring" "parent hierarchy" "discrepancies" "aging report"
  100.2s turn 20
  117.9s   model reply: in 3661 + cached 56733, out 2739 (+2715 reasoning)
  117.9s   tool bash: node /kit/rag.mjs check --help
  118.0s turn 21
  145.3s   model reply: in 6409 + cached 56740, out 599 (+53 reasoning)
  145.3s   tool write: /output/translation.md
  145.3s turn 22
  150.7s   model reply: in 2978 + cached 60774, out 54 (+24 reasoning)
  150.7s   tool bash: node /kit/rag.mjs check --translation /output/translation.md
  150.8s turn 23
  167.2s   model reply: in 3621 + cached 60760, out 2265 (+2228 reasoning)
  167.2s   tool bash: node /kit/rag.mjs entry statement involves leads_to enables ongoing user_practice provides attribute_claim request
  167.3s turn 24
  175.7s   model reply: in 7219 + cached 60776, out 142 (+106 reasoning)
  175.7s   tool bash: node /kit/rag.mjs entry config_setting code_entity measure time_horizon requirement sequence conjunction distinguish
  175.9s turn 25
  195.0s   model reply: in 4724 + cached 64823, out 346 (+308 reasoning)
  195.0s   tool bash: node /kit/rag.mjs entry web_element performance_tracking test_condition indicator presentation_slide document_section
  195.2s turn 26
  214.7s   model reply: in 50440 + cached 0, out 401 (+355 reasoning)
  214.7s   tool bash: node /kit/rag.mjs entry has_goal has_attribute focus_of associated_with exists_in important recommended causes reason_for motivated_by
  214.8s turn 27
  219.0s   model reply: in 3305 + cached 48622, out 64 (+22 reasoning)
  219.0s   tool bash: grep -E "^\| [a-z0-9_]+ \| value \| recipient-value \|" /reference/glossary.md
  219.2s turn 28
  223.7s   model reply: in 3996 + cached 48608, out 192 (+164 reasoning)
  223.7s   tool bash: node /kit/rag.mjs entry role_user role_agent
  223.9s turn 29
  279.0s   model reply: in 4298 + cached 48591, out 9481 (+7524 reasoning)
  279.0s   tool write: /output/translation.md
  279.1s turn 30
  282.8s   model reply: in 9664 + cached 52710, out 53 (+23 reasoning)
  282.8s   tool bash: node /kit/rag.mjs check --translation /output/translation.md
  283.1s turn 31
  290.2s   model reply: in 2231 + cached 60805, out 534 (+499 reasoning)
  290.2s   tool bash: node /kit/rag.mjs widen "reconcile accounts receivable balance sheet accounts" --kind action
  290.4s turn 32
  291.8s   model reply: in 0 + cached 0, out 0 (+0 reasoning)
  291.8s agent finished
  293.8s turn 33
  307.5s   model reply: in 0 + cached 0, out 0 (+0 reasoning)
  307.5s agent finished
  311.5s turn 34
  323.2s   model reply: in 0 + cached 0, out 0 (+0 reasoning)
  323.2s agent finished
  331.2s turn 35
  353.7s   model reply: in 0 + cached 0, out 0 (+0 reasoning)
  353.7s agent finished
  369.7s turn 36
  440.0s   model reply: in 66086 + cached 0, out 3974 (+2001 reasoning)
  440.0s   tool write: /output/translation.md
  440.0s turn 37
  474.1s   model reply: in 54508 + cached 0, out 53 (+23 reasoning)
  474.1s   tool bash: node /kit/rag.mjs check --translation /output/translation.md
  474.2s turn 38
  486.2s   model reply: in 2370 + cached 52828, out 1122 (+1090 reasoning)
  486.2s   tool bash: node /kit/rag.mjs widen "school entity with parent hierarchy" --kind object
  486.4s turn 39
  493.1s   model reply: in 5449 + cached 52831, out 75 (+20 reasoning)
  493.1s   tool bash: node /kit/rag.mjs widen "invoice number and amount columns" --kind object
node /kit/rag.mjs widen "Invoice and Payment data source in Zuora" --kind object
  493.4s turn 40
  523.1s   model reply: in 4795 + cached 56899, out 1507 (+1480 reasoning)
  523.1s   tool bash: node /kit/rag.mjs entry non_existent_symbol
  523.2s turn 41
  539.5s   model reply: in 2258 + cached 60954, out 2484 (+468 reasoning)
  539.5s   tool write: /output/translation.md
  539.5s turn 42
  546.3s   model reply: in 4752 + cached 60948, out 53 (+23 reasoning)
  546.3s   tool bash: node /kit/rag.mjs check --translation /output/translation.md
  546.4s turn 43
  584.1s   model reply: in 5547 + cached 60934, out 7360 (+5170 reasoning)
  584.1s   tool write: /output/translation.md
  584.2s turn 44
  600.5s   model reply: in 57131 + cached 0, out 53 (+23 reasoning)
  600.5s   tool bash: node /kit/rag.mjs check --translation /output/translation.md
  600.7s turn 45
  616.9s   model reply: in 57931 + cached 0, out 2635 (+564 reasoning)
  616.9s   tool write: /output/translation.md
  616.9s turn 46
  621.5s   model reply: in 3666 + cached 56904, out 53 (+23 reasoning)
  621.5s   tool bash: node /kit/rag.mjs check --translation /output/translation.md
  622.5s turn 47
  630.2s   model reply: in 4458 + cached 56889, out 755 (+510 reasoning)
  630.3s agent finished
  630.3s agent finished
