    2.8s turn 1
   11.3s   model reply: in 14725 + cached 0, out 1398 (+1382 reasoning)
   11.3s   tool bash: ls -la
   11.4s turn 2
   14.6s   model reply: in 4079 + cached 12098, out 49 (+23 reasoning)
   14.6s   tool bash: ls -la /kit /output 2>/dev/null
   14.6s turn 3
   17.6s   model reply: in 4370 + cached 12085, out 43 (+24 reasoning)
   17.6s   tool read: /kit/README.md
   17.7s turn 4
   21.3s   model reply: in 17660 + cached 0, out 61 (+38 reasoning)
   21.3s   tool bash: ls -la / 2>/dev/null
   21.3s turn 5
   24.0s   model reply: in 2399 + cached 16105, out 34 (+16 reasoning)
   24.0s   tool bash: cat /prompt.md
   24.0s turn 6
   27.4s   model reply: in 2907 + cached 16094, out 28 (+10 reasoning)
   27.4s   tool bash: ls -la /reference
   27.4s turn 7
   31.0s   model reply: in 3154 + cached 16079, out 63 (+43 reasoning)
   31.0s   tool read: /reference/examples.jsonl
   31.1s turn 8
   34.4s   model reply: in 4386 + cached 16080, out 113 (+54 reasoning)
   34.4s   tool bash: node /kit/rag.mjs entry provides statement opposes enables has_goal substitute temporal_context time_horizon self_protection decision obligation activity aesthe
   34.6s turn 9
   48.2s   model reply: in 2438 + cached 20116, out 2011 (+1982 reasoning)
   48.2s   tool bash: grep -rn "paths" /reference /kit 2>/dev/null
   48.3s turn 10
   67.5s   model reply: in 4448 + cached 20127, out 44 (+22 reasoning)
   67.5s   tool bash: ls -la /session /attach /reference
   67.5s turn 11
   77.5s   model reply: in 5049 + cached 20118, out 1296 (+1256 reasoning)
   77.5s   tool bash: find / -name "*rag*" -o -name "*paths*" -o -name "*eval*" 2>/dev/null
   77.6s turn 12
   81.3s   model reply: in 2330 + cached 24143, out 35 (+15 reasoning)
   81.3s   tool read: /kit/rag.mjs
   81.3s turn 13
   84.4s   model reply: in 3893 + cached 24148, out 57 (+22 reasoning)
   84.4s   tool bash: node /kit/rag.mjs entry cat_game art_story style_narrative role_agent
   84.8s turn 14
   88.2s   model reply: in 4153 + cached 24134, out 83 (+48 reasoning)
   88.2s   tool bash: grep -A 10 "rule_trace_relations_general" /reference/glossary.md
   88.3s turn 15
  114.9s   model reply: in 5138 + cached 24130, out 4565 (+4532 reasoning)
  114.9s   tool bash: find / -name "*.md" -o -name "*.json" 2>/dev/null
  114.9s turn 16
  128.6s   model reply: in 5640 + cached 28203, out 73 (+41 reasoning)
  128.6s   tool bash: grep -A 30 "Back-translation" /reference/language-spec.md
  128.7s turn 17
  190.7s   model reply: in 5740 + cached 28186, out 11536 (+11337 reasoning)
  190.7s   tool write: /output/reconstruction.md
  190.7s turn 18
  194.8s   model reply: in 13133 + cached 32334, out 51 (+31 reasoning)
  194.8s   tool read: /output/reconstruction.md
  194.9s turn 19
  198.8s   model reply: in 5290 + cached 40401, out 140 (+126 reasoning)
  198.8s agent finished
  198.8s agent finished
