    6.6s turn 1
   23.8s   model reply: in 1729 + cached 0, out 2599 (+2582 reasoning)
   23.8s   tool read: /trajectory.txt
   23.9s turn 2
   27.5s   model reply: in 4437 + cached 0, out 356 (+337 reasoning)
   27.5s   tool bash: xxd /trajectory.txt
   27.5s turn 3
   29.9s   model reply: in 4816 + cached 0, out 49 (+18 reasoning)
   29.9s   tool bash: python3 -c "print(repr(open('/trajectory.txt').read()))"
   30.0s turn 4
   32.5s   model reply: in 4888 + cached 0, out 51 (+11 reasoning)
   32.5s   tool bash: node -e "console.log(JSON.stringify(require('fs').readFileSync('/trajectory.txt', 'utf8')))"
   32.5s turn 5
   69.7s   model reply: in 5062 + cached 0, out 5434 (+5404 reasoning)
   69.7s   tool bash: node -e "console.log(require('fs').existsSync('/output'))"
   69.7s turn 6
   78.0s   model reply: in 0 + cached 0, out 0 (+0 reasoning)
   78.0s agent finished
   80.0s turn 7
   94.1s   model reply: in 0 + cached 0, out 0 (+0 reasoning)
   94.1s agent finished
   98.1s turn 8
  124.2s   model reply: in 0 + cached 0, out 0 (+0 reasoning)
  124.2s agent finished
  132.2s turn 9
  201.0s   model reply: in 10497 + cached 0, out 441 (+296 reasoning)
  201.0s   tool write: /output/translation.md
  201.1s turn 10
  205.2s   model reply: in 3017 + cached 7925, out 38 (+19 reasoning)
  205.2s   tool read: /output/translation.md
  205.2s turn 11
  223.4s   model reply: in 3187 + cached 7913, out 37 (+24 reasoning)
  223.4s agent finished
  223.4s agent finished
