    3.4s turn 1
    6.2s   model reply: in 1677 + cached 0, out 112 (+95 reasoning)
    6.2s   tool read: /trajectory.txt
    6.2s turn 2
    7.9s   model reply: in 1860 + cached 0, out 45 (+21 reasoning)
    7.9s   tool read: /attach/1-format-reconstruction.md
    8.0s turn 3
   20.2s   model reply: in 2072 + cached 0, out 2038 (+1989 reasoning)
   20.2s   tool bash: python3 -c '
with open("/trajectory.txt", "rb") as f:
    data = f.read()
print(repr(data))
'
   20.3s turn 4
   22.5s   model reply: in 4133 + cached 0, out 71 (+23 reasoning)
   22.5s   tool bash: node -e '
const fs = require("fs");
console.log(JSON.stringify(fs.readFileSync("/trajectory.txt", "utf8")));
'
   22.6s turn 5
   38.4s   model reply: in 4281 + cached 0, out 2714 (+2634 reasoning)
   38.4s   tool bash: node -e '
const fs = require("fs");
console.log("traj:", JSON.stringify(fs.readFileSync("/trajectory.txt", "utf8")));
console.log("format:", JSON.stringify(fs.r
   38.5s turn 6
   55.7s   model reply: in 7259 + cached 0, out 970 (+932 reasoning)
   55.7s   tool bash: node -e '
const fs = require("fs");
console.log(fs.existsSync("/output"));
'
   55.9s turn 7
  293.1s   model reply: in 8230 + cached 0, out 1585 (+1506 reasoning)
  293.1s   tool write: /output/reconstruction.md
  293.2s turn 8
  297.2s   model reply: in 5881 + cached 3939, out 50 (+30 reasoning)
  297.2s   tool read: /output/reconstruction.md
  297.3s turn 9
  302.4s   model reply: in 2058 + cached 7865, out 223 (+203 reasoning)
  302.5s agent finished
  302.5s agent finished
