    1.8s turn 1
    8.2s   model reply: in 27820 + cached 0, out 833 (+793 reasoning)
    8.2s   tool bash: node /kit/rag.mjs search "user profile" "birthday" "allergy" "bio" "web element"
    8.5s turn 2
   11.8s   model reply: in 5698 + cached 24370, out 139 (+100 reasoning)
   11.8s   tool bash: node /kit/rag.mjs entry request user_preference web_element select_option type_text click time_point
   11.9s turn 3
   15.3s   model reply: in 30750 + cached 0, out 92 (+50 reasoning)
   15.3s   tool bash: node /kit/rag.mjs search "profile" "allergy" "dietary" "birthday" "preference" "save"
   15.5s turn 4
   18.4s   model reply: in 4090 + cached 28411, out 125 (+90 reasoning)
   18.4s   tool bash: node /kit/rag.mjs entry user_practice activity attribute_claim change_property lexical_label
   18.5s turn 5
   38.5s   model reply: in 0 + cached 0, out 0 (+0 reasoning)
   38.6s agent finished
   40.5s turn 6
   54.2s   model reply: in 0 + cached 0, out 0 (+0 reasoning)
   54.2s agent finished
   58.2s turn 7
   69.7s   model reply: in 0 + cached 0, out 0 (+0 reasoning)
   69.7s agent finished
   77.7s turn 8
  181.1s   model reply: in 34313 + cached 0, out 304 (+276 reasoning)
  181.1s   tool bash: grep -n "web_element" /reference/glossary.md
  181.1s turn 9
  205.5s   model reply: in 2234 + cached 32448, out 141 (+99 reasoning)
  205.5s   tool bash: node /kit/rag.mjs search "web_element" "select_option" "type_text" "user_preference"
  205.6s turn 10
  240.0s   model reply: in 3728 + cached 32441, out 1685 (+1645 reasoning)
  240.0s   tool bash: node /kit/rag.mjs entry ask request user_preference time_point web_element click select_option type_text
  240.1s turn 11
  246.6s   model reply: in 6028 + cached 32442, out 132 (+73 reasoning)
  246.6s   tool bash: grep -E "^\s*\|\s*[a-z0-9_]+\s*\|\s*(constructor|composite|claim_relation|speech_act)\s*\|" /reference/glossary.md
  246.7s turn 12
  261.1s   model reply: in 3953 + cached 36495, out 388 (+345 reasoning)
  261.1s   tool bash: node /kit/rag.mjs entry requirement property_value food_label::dairy food_label::peanuts food_label::ramen
  261.2s turn 13
  268.6s   model reply: in 5006 + cached 36485, out 136 (+98 reasoning)
  268.6s   tool bash: node /kit/rag.mjs entry food_label::peanut food_label::peanuts food_label::dairy
  268.8s turn 14
  284.2s   model reply: in 5531 + cached 36471, out 662 (+611 reasoning)
  284.2s   tool bash: grep -E "^\s*\|\s*[a-z0-9_]+\s*\|\s*claim_relation\s*\|" /reference/glossary.md
  284.2s turn 15
  294.8s   model reply: in 4068 + cached 40529, out 1324 (+1278 reasoning)
  294.8s   tool bash: node /kit/rag.mjs search "user_preference" "preference" "allergy" "profile" "bio" "birthday" "save"
  294.9s turn 16
  320.3s   model reply: in 3295 + cached 44594, out 3442 (+2016 reasoning)
  320.3s   tool write: /output/translation.md
  320.3s turn 17
  325.2s   model reply: in 6733 + cached 44602, out 53 (+23 reasoning)
  325.2s   tool bash: node /kit/rag.mjs check --translation /output/translation.md
  325.3s turn 18
  331.5s   model reply: in 3166 + cached 48641, out 361 (+329 reasoning)
  331.5s   tool bash: node /kit/rag.mjs widen "add allergy information to profile" --kind action
  331.6s turn 19
  335.5s   model reply: in 5645 + cached 48644, out 134 (+102 reasoning)
  335.5s   tool bash: node /kit/rag.mjs entry medical_condition user_preference indicator character_trait
  335.6s turn 20
  340.2s   model reply: in 2067 + cached 52682, out 273 (+249 reasoning)
  340.2s   tool bash: node /kit/rag.mjs entry exclude include
  340.3s turn 21
  351.8s   model reply: in 2471 + cached 52665, out 747 (+724 reasoning)
  351.8s   tool bash: node /kit/rag.mjs --help
  351.8s turn 22
  356.7s   model reply: in 3269 + cached 52652, out 40 (+18 reasoning)
  356.7s   tool bash: node /kit/rag.mjs needs
  364.3s turn 23
  393.9s   model reply: in 5602 + cached 52656, out 4751 (+4721 reasoning)
  393.9s   tool bash: node /kit/rag.mjs check --translation /output/translation.md
  394.2s turn 24
  400.0s   model reply: in 6689 + cached 56739, out 365 (+58 reasoning)
  400.0s agent finished
  400.0s agent finished
