    1.7s turn 1
   12.7s   model reply: in 14889 + cached 0, out 1841 (+1823 reasoning)
   12.7s   tool bash: ls -la /kit
   12.8s turn 2
   15.8s   model reply: in 16897 + cached 0, out 57 (+32 reasoning)
   15.8s   tool bash: node /kit/rag.mjs entry interpersonal_stance
   15.9s turn 3
   18.8s   model reply: in 4975 + cached 12092, out 34 (+14 reasoning)
   18.8s   tool bash: cat /kit/README.md
   18.8s turn 4
   21.5s   model reply: in 2143 + cached 16120, out 52 (+35 reasoning)
   21.5s   tool bash: ls -la /
   21.5s turn 5
   24.1s   model reply: in 2985 + cached 16113, out 44 (+22 reasoning)
   24.1s   tool bash: ls -la /attach /reference /output
   24.1s turn 6
   26.9s   model reply: in 3464 + cached 16102, out 54 (+33 reasoning)
   26.9s   tool bash: cat /reference/examples.jsonl
   26.9s turn 7
   29.6s   model reply: in 4688 + cached 16102, out 41 (+23 reasoning)
   29.6s   tool bash: cat /prompt.md
   29.6s turn 8
   47.7s   model reply: in 5202 + cached 16092, out 1532 (+1499 reasoning)
   47.7s   tool bash: grep -i "back-translator" /reference/* /kit/* 2>/dev/null
   47.8s turn 9
   58.2s   model reply: in 0 + cached 0, out 0 (+0 reasoning)
   58.2s agent finished
   60.2s turn 10
   64.6s   model reply: in 2716 + cached 20120, out 47 (+25 reasoning)
   64.6s   tool bash: cat /kit/needs_prompt.md
   64.6s turn 11
   93.1s   model reply: in 3449 + cached 20112, out 5255 (+5222 reasoning)
   93.1s   tool bash: grep -n -C 5 "quoted" /attach/1-language-spec.md
   93.2s turn 12
   96.6s   model reply: in 8882 + cached 20166, out 57 (+21 reasoning)
   96.6s   tool bash: sed -n '280,330p' /attach/1-language-spec.md
   96.6s turn 13
  100.1s   model reply: in 5728 + cached 24192, out 58 (+22 reasoning)
  100.1s   tool bash: sed -n '331,390p' /attach/1-language-spec.md
  100.1s turn 14
  113.8s   model reply: in 3226 + cached 28226, out 2465 (+2434 reasoning)
  113.8s   tool bash: grep -C 3 "self_protection" /reference/glossary.jsonl
  113.9s turn 15
  117.2s   model reply: in 6664 + cached 28252, out 111 (+60 reasoning)
  117.2s   tool bash: grep -E "argues_for|focus_of|varies_with|role_friend|role_mother|personal_values" /reference/glossary.jsonl
  117.3s turn 16
  121.0s   model reply: in 3647 + cached 32282, out 123 (+59 reasoning)
  121.0s   tool bash: grep -E "rule_speech_acts_general|rule_trace_relations_general|rule_support_primitives_general" /reference/glossary.md /reference/glossary.jsonl | head -n 30
  121.1s turn 17
  152.0s   model reply: in 4370 + cached 32273, out 5613 (+5586 reasoning)
  152.0s   tool bash: find / -name "*reconstruction*" 2>/dev/null
  152.0s turn 18
  155.0s   model reply: in 5905 + cached 36361, out 48 (+24 reasoning)
  155.0s   tool bash: ls -la /workspace /reference /kit /attach
  155.0s turn 19
  157.9s   model reply: in 2522 + cached 40389, out 36 (+15 reasoning)
  157.9s   tool bash: cat /kit/rag.mjs
  157.9s turn 20
  159.2s   model reply: in 0 + cached 0, out 0 (+0 reasoning)
  159.3s agent finished
  161.2s turn 21
  175.0s   model reply: in 0 + cached 0, out 0 (+0 reasoning)
  175.0s agent finished
  179.0s turn 22
  190.5s   model reply: in 0 + cached 0, out 0 (+0 reasoning)
  190.5s agent finished
  198.5s turn 23
  221.0s   model reply: in 0 + cached 0, out 0 (+0 reasoning)
  221.0s agent finished
  237.0s turn 24
  344.8s   model reply: in 44480 + cached 0, out 6731 (+6702 reasoning)
  344.8s   tool bash: grep -C 3 "recommended" /reference/glossary.jsonl
  344.9s turn 25
  390.3s   model reply: in 7567 + cached 44500, out 2856 (+2566 reasoning)
  390.3s   tool write: /output/reconstruction.md
  390.3s turn 26
  410.9s   model reply: in 6374 + cached 48554, out 39 (+19 reasoning)
  410.9s   tool read: /output/reconstruction.md
  410.9s turn 27
  433.5s   model reply: in 2648 + cached 52583, out 123 (+101 reasoning)
  433.5s agent finished
  433.5s agent finished
