    2.8s turn 1
   11.9s   model reply: in 13987 + cached 0, out 1251 (+1231 reasoning)
   11.9s   tool bash: ls -la /kit || true
   12.2s turn 2
   15.2s   model reply: in 3317 + cached 12088, out 40 (+21 reasoning)
   15.2s   tool read: /kit/README.md
   15.4s turn 3
   18.7s   model reply: in 16607 + cached 0, out 42 (+23 reasoning)
   18.7s   tool bash: ls -la / || true
   18.8s turn 4
   22.0s   model reply: in 5351 + cached 12081, out 39 (+22 reasoning)
   22.0s   tool read: /prompt.md
   22.0s turn 5
   59.9s   model reply: in 5863 + cached 12072, out 6602 (+6425 reasoning)
   59.9s   tool write: /output/reconstruction.md
   60.0s turn 6
   63.9s   model reply: in 8386 + cached 16156, out 39 (+19 reasoning)
   63.9s   tool read: /output/reconstruction.md
   64.1s turn 7
   68.1s   model reply: in 4553 + cached 20179, out 111 (+89 reasoning)
   68.1s agent finished
   68.1s agent finished
