    2.8s turn 1
   17.2s   model reply: in 1731 + cached 0, out 281 (+264 reasoning)
   17.2s   tool read: /trajectory.txt
   17.2s turn 2
   23.8s   model reply: in 2124 + cached 0, out 553 (+513 reasoning)
   23.8s   tool bash: python3 -c "with open('/trajectory.txt', 'rb') as f: print(repr(f.read()))"
   23.9s turn 3
   58.8s   model reply: in 2700 + cached 0, out 31 (+11 reasoning)
   58.8s   tool bash: od -c /trajectory.txt
   58.8s turn 4
   70.0s   model reply: in 3772 + cached 0, out 41 (+25 reasoning)
   70.0s   tool bash: node -v
   70.0s turn 5
   89.0s   model reply: in 3821 + cached 0, out 1912 (+1891 reasoning)
   89.0s   tool bash: ls -la / /attach /workspace
   89.1s turn 6
  101.7s   model reply: in 6627 + cached 0, out 34 (+16 reasoning)
  101.7s   tool bash: cat /prompt.md
  101.8s turn 7
  113.4s   model reply: in 3076 + cached 3892, out 28 (+10 reasoning)
  113.4s   tool bash: ls -la /reference
  113.4s turn 8
  217.2s   model reply: in 3166 + cached 3883, out 13787 (+13769 reasoning)
  217.2s   tool bash: ls -ld /output
  217.3s turn 9
  226.0s   model reply: in 20860 + cached 0, out 478 (+245 reasoning)
  226.0s   tool write: /output/translation.md
  226.1s turn 10
  228.8s   model reply: in 5285 + cached 16057, out 38 (+19 reasoning)
  228.8s   tool read: /output/translation.md
  228.8s turn 11
  232.5s   model reply: in 5543 + cached 16045, out 53 (+13 reasoning)
  232.5s   tool bash: node -e 'console.log(JSON.stringify(fs.readFileSync("/output/translation.md", "utf8")))'
  232.6s turn 12
  235.9s   model reply: in 5823 + cached 16033, out 84 (+67 reasoning)
  235.9s agent finished
  235.9s agent finished
