    2.1s turn 1
   11.3s   model reply: in 29645 + cached 0, out 1419 (+1371 reasoning)
   11.3s   tool bash: node /kit/rag.mjs search "web_element" "click" "type_text" "senior" "airline" "nonstop" "flights"
   11.5s turn 2
   15.0s   model reply: in 33182 + cached 0, out 120 (+78 reasoning)
   15.0s   tool bash: node /kit/rag.mjs entry click type_text web_element search_travel search_transit group_size time_point requirement
   15.2s turn 3
   18.2s   model reply: in 5952 + cached 28443, out 102 (+54 reasoning)
   18.2s   tool bash: node /kit/rag.mjs search "speech_act" "ask" "request" "deal" "view" "senior" "morning" "flight"
   18.5s turn 4
   21.5s   model reply: in 4268 + cached 32504, out 70 (+43 reasoning)
   21.5s   tool bash: node /kit/rag.mjs entry ask propose offer inform request
   21.6s turn 5
   34.8s   model reply: in 4675 + cached 32488, out 2504 (+2477 reasoning)
   34.8s   tool bash: node /kit/rag.mjs widen "web_element"
   35.0s turn 6
   39.1s   model reply: in 4937 + cached 36562, out 377 (+319 reasoning)
   39.1s   tool bash: node /kit/rag.mjs search "flight" "travel" "passenger" "one-way" "nonstop" "airline" "senior" "morning" "origin" "destination" "date"
   39.4s turn 7
   42.2s   model reply: in 4327 + cached 40631, out 99 (+61 reasoning)
   42.2s   tool bash: node /kit/rag.mjs entry location_spec requirement group_size time_point activity search_travel ask propose
   42.3s turn 8
   45.6s   model reply: in 5945 + cached 40623, out 105 (+55 reasoning)
   45.6s   tool bash: grep -E "^\| [a-zA-Z0-9_]+ \| (constructor|claim_relation|speech_act) \|" /reference/glossary.md
   45.7s turn 9
   50.9s   model reply: in 3839 + cached 44680, out 119 (+73 reasoning)
   50.9s   tool bash: node /kit/rag.mjs search "one-way" "nonstop" "senior" "airline" "deal" "view" "adult"
   51.1s turn 10
   54.3s   model reply: in 5967 + cached 44676, out 120 (+80 reasoning)
   54.3s   tool bash: node /kit/rag.mjs entry measure subject request constraint_single_choice minimum_per_period maximum_between_stops
   54.5s turn 11
   61.5s   model reply: in 3144 + cached 48727, out 890 (+858 reasoning)
   61.5s   tool bash: grep -A 20 "MODE TRACE" /reference/language-spec.md
   61.6s turn 12
   64.6s   model reply: in 4349 + cached 48716, out 78 (+48 reasoning)
   64.6s   tool bash: grep -E "UTTER|RECORD ACTION" /reference/glossary.md
   64.6s turn 13
   70.3s   model reply: in 0 + cached 0, out 0 (+0 reasoning)
   70.4s agent finished
   72.4s turn 14
   86.1s   model reply: in 0 + cached 0, out 0 (+0 reasoning)
   86.1s agent finished
   90.1s turn 15
  116.6s   model reply: in 0 + cached 0, out 0 (+0 reasoning)
  116.6s agent finished
  124.6s turn 16
  177.6s   model reply: in 0 + cached 0, out 0 (+0 reasoning)
  177.6s agent finished
  193.6s turn 17
  311.0s   model reply: in 54113 + cached 0, out 1031 (+991 reasoning)
  311.0s   tool bash: grep -E "^\| [a-zA-Z0-9_]+ \| constructor \|" /reference/glossary.md
  311.1s turn 18
  316.5s   model reply: in 4173 + cached 52767, out 72 (+28 reasoning)
  316.5s   tool bash: grep -E "^\| [e-z][a-zA-Z0-9_]+ \| constructor \|" /reference/glossary.md
  316.6s turn 19
  324.2s   model reply: in 6016 + cached 52763, out 57 (+13 reasoning)
  324.2s   tool bash: grep -E "^\| [p-z][a-zA-Z0-9_]+ \| constructor \|" /reference/glossary.md
  324.2s turn 20
  333.5s   model reply: in 3730 + cached 56816, out 67 (+23 reasoning)
  333.5s   tool bash: grep -E "^\| [u-z][a-zA-Z0-9_]+ \| constructor \|" /reference/glossary.md
  333.6s turn 21
  369.0s   model reply: in 4241 + cached 56800, out 63 (+21 reasoning)
  369.0s   tool bash: grep -E "^\| [a-zA-Z0-9_]+ \| claim_relation \|" /reference/glossary.md
  369.1s turn 22
  378.1s   model reply: in 2183 + cached 60854, out 60 (+14 reasoning)
  378.1s   tool bash: grep -E "^\| [n-z][a-zA-Z0-9_]+ \| claim_relation \|" /reference/glossary.md
  378.2s turn 23
  411.7s   model reply: in 3960 + cached 60850, out 5086 (+5060 reasoning)
  411.7s   tool bash: grep -i "senior" /reference/glossary.md
  411.8s turn 24
  417.5s   model reply: in 9033 + cached 60873, out 71 (+41 reasoning)
  417.5s   tool bash: grep -E "\| recipient-value \|" /reference/glossary.md
  417.5s turn 25
  436.9s   model reply: in 43999 + cached 0, out 149 (+124 reasoning)
  436.9s   tool bash: node /kit/rag.mjs entry group_size
  437.0s turn 26
  444.8s   model reply: in 3672 + cached 40585, out 119 (+94 reasoning)
  444.8s   tool bash: node /kit/rag.mjs widen "senior"
  444.9s turn 27
  455.5s   model reply: in 4998 + cached 40577, out 263 (+238 reasoning)
  455.5s   tool bash: node /kit/rag.mjs entry search_travel
  455.6s turn 28
  465.9s   model reply: in 5472 + cached 40561, out 321 (+291 reasoning)
  465.9s   tool bash: grep -E "\| speech_act \|" /reference/glossary.md
  466.0s turn 29
  493.2s   model reply: in 2224 + cached 44604, out 3972 (+2041 reasoning)
  493.2s   tool write: /output/translation.md
  493.2s turn 30
  498.7s   model reply: in 6188 + cached 44616, out 53 (+23 reasoning)
  498.7s   tool bash: node /kit/rag.mjs check --translation /output/translation.md
  498.8s turn 31
  506.2s   model reply: in 2603 + cached 48656, out 660 (+629 reasoning)
  506.2s   tool bash: grep -n -C 10 "DECL" /kit/rag.mjs
  506.2s turn 32
  509.5s   model reply: in 3287 + cached 48642, out 66 (+34 reasoning)
  509.5s   tool bash: grep -n -C 20 "Coverage check" /kit/rag.mjs
  509.5s turn 33
  512.5s   model reply: in 3383 + cached 48622, out 41 (+15 reasoning)
  512.5s   tool bash: grep -n "check" /kit/rag.mjs
  512.5s turn 34
  534.9s   model reply: in 3563 + cached 48604, out 3675 (+3648 reasoning)
  534.9s   tool bash: node /kit/rag.mjs entry fake_symbol_test
  535.0s turn 35
  547.8s   model reply: in 7233 + cached 48620, out 1615 (+1587 reasoning)
  547.8s   tool bash: node /kit/rag.mjs search "flight" "flights"
  548.0s turn 36
  564.8s   model reply: in 5356 + cached 52674, out 2925 (+893 reasoning)
  564.8s   tool write: /output/translation.md
  564.8s turn 37
  568.1s   model reply: in 4228 + cached 56731, out 40 (+10 reasoning)
  568.1s   tool bash: node /kit/rag.mjs check --translation /output/translation.md
  568.3s turn 38
  602.5s   model reply: in 4686 + cached 56715, out 6290 (+4254 reasoning)
  602.5s   tool write: /output/translation.md
  602.6s turn 39
  606.2s   model reply: in 6890 + cached 60805, out 53 (+23 reasoning)
  606.2s   tool bash: node /kit/rag.mjs check --translation /output/translation.md
  606.3s turn 40
  610.4s   model reply: in 3307 + cached 64843, out 107 (+69 reasoning)
  610.4s agent finished
  610.4s agent finished
