   12.6s turn 1
   23.6s   model reply: in 30859 + cached 0, out 1612 (+1544 reasoning)
   23.6s   tool bash: node /kit/rag.mjs search "Justin Bieber behavior" "challenges in recent years" "avoid judging" "deserves compassion" "clothing appropriate" "celebrity fashion" 
   25.5s turn 2
   30.0s   model reply: in 6896 + cached 28467, out 174 (+79 reasoning)
   30.0s   tool bash: node /kit/rag.mjs entry ask inform property_question attribute_claim subject activity requirement attitude controversial enables important leads_to motivated_by
   30.3s turn 3
   34.2s   model reply: in 37610 + cached 0, out 167 (+114 reasoning)
   34.2s   tool bash: node /kit/rag.mjs entry enables important leads_to motivated_by occurred occurred_recently ongoing perceived_as possesses reason_for recommended stereotype unaw
   35.6s turn 4
   38.8s   model reply: in 6691 + cached 32520, out 121 (+61 reasoning)
   38.8s   tool bash: node /kit/rag.mjs entry supports contrast revises interpersonal_stance audience_targeting character_trait well_wishes causes distracts_from meets_needs argues_f
   39.6s turn 5
   43.7s   model reply: in 4160 + cached 36576, out 177 (+118 reasoning)
   43.7s   tool bash: node /kit/rag.mjs search "deserve" "earn" "wealth" "luxury" "poverty" "singer songwriter" "social media" "work ethic" "dedication" "follow dreams"
   44.8s turn 6
   48.7s   model reply: in 7117 + cached 36577, out 205 (+141 reasoning)
   48.7s   tool bash: node /kit/rag.mjs entry topic_current_events topic_politics genre_pop_rock beliefs personal_values metric_socio_economic_status role_user role_agent unit_year c
   49.6s turn 7
   52.5s   model reply: in 4067 + cached 40629, out 88 (+48 reasoning)
   52.5s   tool bash: grep -E "\| (constructor|claim_relation|link|speech_act) \|" /reference/glossary.md
   52.8s turn 8
   56.6s   model reply: in 6007 + cached 40623, out 81 (+41 reasoning)
   56.6s   tool bash: grep -E "^\| [a-z0-9_]+ \| claim_relation \|" /reference/glossary.md
   56.7s turn 9
   59.7s   model reply: in 3963 + cached 44681, out 76 (+38 reasoning)
   59.7s   tool bash: grep -E "^\| [a-z0-9_]+ \| constructor \|" /reference/glossary.md
   59.8s turn 10
   65.0s   model reply: in 5841 + cached 44675, out 91 (+46 reasoning)
   65.0s   tool bash: grep -E "^\| [a-z0-9_]+ \| constructor \|" /reference/glossary.md | tail -n +25
   65.8s turn 11
   69.3s   model reply: in 28079 + cached 24365, out 58 (+13 reasoning)
   69.3s   tool bash: grep -E "^\| [a-z0-9_]+ \| constructor \|" /reference/glossary.md | tail -n +50
   69.6s turn 12
   72.5s   model reply: in 5524 + cached 48726, out 58 (+13 reasoning)
   72.5s   tool bash: grep -E "^\| [a-z0-9_]+ \| constructor \|" /reference/glossary.md | tail -n +75
   72.9s turn 13
   76.1s   model reply: in 2216 + cached 52771, out 72 (+34 reasoning)
   76.1s   tool bash: grep -E "^\| [a-z0-9_]+ \| link \|" /reference/glossary.md
   76.8s turn 14
   80.6s   model reply: in 2525 + cached 52753, out 129 (+82 reasoning)
   80.6s   tool bash: grep -E "^\| [a-z0-9_]+ \| claim_relation \|" /reference/glossary.md | tail -n +30
   81.0s turn 15
  112.1s   model reply: in 4603 + cached 52751, out 5112 (+5086 reasoning)
  112.1s   tool bash: node /kit/rag.mjs check --help || true
  112.4s turn 16
  193.5s   model reply: in 5644 + cached 56832, out 14229 (+11659 reasoning)
  193.5s   tool bash: cat << 'EOF' > /output/translation.md
Status: success
Mode: TRACE

## BrainCode

```braincode
MODE TRACE
ENTRYPOINT Conversation
CONVO Conversation {
  TURN t1 
  195.5s turn 17
  208.9s   model reply: in 55202 + cached 0, out 184 (+155 reasoning)
  208.9s   tool bash: node /kit/rag.mjs widen "Justin Bieber's behavior"
  209.6s turn 18
  228.9s   model reply: in 3958 + cached 52909, out 2939 (+361 reasoning)
  228.9s   tool bash: cat << 'EOF' > /output/translation.md
Status: success
Mode: TRACE

## BrainCode

```braincode
MODE TRACE
ENTRYPOINT Conversation
CONVO Conversation {
  TURN t1 
  229.2s turn 19
  248.0s   model reply: in 7950 + cached 52912, out 2895 (+311 reasoning)
  248.0s   tool bash: cat << 'EOF' > /output/translation.md
Status: success
Mode: TRACE

## BrainCode

```braincode
MODE TRACE
ENTRYPOINT Conversation
CONVO Conversation {
  TURN t1 
  248.2s turn 20
  296.7s   model reply: in 7833 + cached 56985, out 8388 (+5826 reasoning)
  296.7s   tool write: /output/translation.md
  296.7s turn 21
  326.3s   model reply: in 52433 + cached 0, out 53 (+23 reasoning)
  326.3s   tool bash: node /kit/rag.mjs check --translation /output/translation.md
  327.3s turn 22
  366.9s   model reply: in 53547 + cached 0, out 74 (+56 reasoning)
  366.9s   tool bash: ls -la /output
  366.9s turn 23
  419.2s   model reply: in 4887 + cached 48817, out 131 (+29 reasoning)
  419.3s agent finished
  419.3s agent finished
