    2.1s turn 1
   16.7s   model reply: in 30098 + cached 0, out 1055 (+1031 reasoning)
   16.7s   tool bash: node /kit/rag.mjs check --help
   16.8s turn 2
   19.9s   model reply: in 2729 + cached 28440, out 46 (+29 reasoning)
   19.9s   tool bash: ls -la /
   20.0s turn 3
   22.5s   model reply: in 3685 + cached 28427, out 38 (+16 reasoning)
   22.5s   tool bash: ls -la /reference /doc_formats
   22.6s turn 4
   25.4s   model reply: in 4151 + cached 28411, out 43 (+22 reasoning)
   25.4s   tool bash: cat /reference/examples.jsonl
   25.4s turn 5
   40.8s   model reply: in 5373 + cached 28402, out 2054 (+1997 reasoning)
   40.8s   tool bash: node -e '
const fs = require("fs");
console.log(fs.readFileSync("/kit/rag.mjs", "utf8").slice(0, 2000));
'
   40.9s turn 6
   43.6s   model reply: in 3963 + cached 32463, out 81 (+21 reasoning)
   43.6s   tool bash: node -e '
const fs = require("fs");
console.log(fs.readFileSync("/kit/rag.mjs", "utf8").slice(2000, 5000));
'
   43.6s turn 7
   46.7s   model reply: in 4979 + cached 32452, out 45 (+23 reasoning)
   46.7s   tool bash: node /kit/rag.mjs health
   46.8s turn 8
   53.6s   model reply: in 5139 + cached 32426, out 690 (+655 reasoning)
   53.6s   tool bash: node /kit/rag.mjs entry turn walk face pick_up open close heat place drop remove wait
   53.7s turn 9
   57.3s   model reply: in 3197 + cached 36479, out 116 (+72 reasoning)
   57.3s   tool bash: node /kit/rag.mjs search "cook" "turn" "kitchen" "between" "next to" "corner" "around"
   57.5s turn 10
   60.6s   model reply: in 5313 + cached 36479, out 83 (+51 reasoning)
   60.6s   tool bash: node /kit/rag.mjs entry heat state_microwaved state_cooked cook
   60.7s turn 11
   64.8s   model reply: in 5617 + cached 36463, out 69 (+41 reasoning)
   64.8s   tool bash: node /kit/rag.mjs widen "cook" --kind action
   64.9s turn 12
   72.2s   model reply: in 3230 + cached 40511, out 771 (+723 reasoning)
   72.2s   tool bash: node /kit/rag.mjs search "cook apple in microwave" "cook apple" "open microwave" "close microwave" "turn left" "turn around"
   72.4s turn 13
   76.3s   model reply: in 5946 + cached 40518, out 128 (+90 reasoning)
   76.3s   tool bash: grep -E "^\| [a-z0-9_]+ \| operation \|" /reference/glossary.md
   76.4s turn 14
   79.6s   model reply: in 4079 + cached 44572, out 65 (+34 reasoning)
   79.6s   tool bash: node /kit/rag.mjs entry wait walk walk_backward type_text scroll
   79.9s turn 15
  100.6s   model reply: in 4592 + cached 44557, out 3541 (+3382 reasoning)
  100.6s   tool write: /output/translation.md
  100.6s turn 16
  105.2s   model reply: in 4074 + cached 48620, out 44 (+22 reasoning)
  105.2s   tool bash: node /kit/rag.mjs check
  105.4s turn 17
  114.8s   model reply: in 4813 + cached 48607, out 1060 (+1023 reasoning)
  114.8s   tool bash: node /kit/rag.mjs search "walk down kitchen" "walk down" "kitchen" "walk"
  115.0s turn 18
  121.4s   model reply: in 3026 + cached 52661, out 672 (+634 reasoning)
  121.4s   tool bash: grep -E "^\| [a-z0-9_]+ \| constructor \|" /reference/glossary.md
  121.4s turn 19
  125.4s   model reply: in 5489 + cached 52666, out 141 (+99 reasoning)
  125.4s   tool bash: node /kit/rag.mjs entry between next_to corner left_of on in face walk turn pick_up place heat open close
  125.5s turn 20
  132.6s   model reply: in 0 + cached 0, out 0 (+0 reasoning)
  132.7s agent finished
  134.7s turn 21
  148.7s   model reply: in 0 + cached 0, out 0 (+0 reasoning)
  148.7s agent finished
  152.7s turn 22
  164.0s   model reply: in 0 + cached 0, out 0 (+0 reasoning)
  164.0s agent finished
  172.0s turn 23
  269.4s   model reply: in 59732 + cached 0, out 190 (+161 reasoning)
  269.4s   tool bash: node /kit/rag.mjs entry microwave apple stove sink counter table shelf
  269.5s turn 24
  309.1s   model reply: in 3599 + cached 56698, out 1427 (+1389 reasoning)
  309.1s   tool bash: node /kit/rag.mjs search "entity" "wrap atom" "lexical_label" "door"
  309.2s turn 25
  318.2s   model reply: in 6225 + cached 56706, out 50 (+22 reasoning)
  318.2s   tool bash: node /kit/rag.mjs entry lexical_label door open close
  318.3s turn 26
  337.2s   model reply: in 2922 + cached 60743, out 1394 (+1361 reasoning)
  337.2s   tool bash: node /kit/rag.mjs search "between" "spatial relation" "located between"
  337.3s turn 27
  376.9s   model reply: in 5254 + cached 60747, out 54 (+20 reasoning)
  376.9s   tool bash: node /kit/rag.mjs entry spatial_constraint location_spec spatial_state exists_in
  377.0s turn 28
  401.5s   model reply: in 5717 + cached 60732, out 2561 (+1462 reasoning)
  401.5s   tool bash: cat << 'EOF' > /output/translation.md
Status: success
Mode: REQUEST

## BrainCode

```braincode
MODE REQUEST
ENTRYPOINT Apple
TASK Apple {
  ACTION turn(directi
  401.6s turn 29
  416.0s   model reply: in 5103 + cached 64798, out 519 (+479 reasoning)
  416.0s   tool bash: node /kit/rag.mjs search "spatial_constraint" "activity" "subject" "requirement" "conjunction"
  416.1s turn 30
  446.0s   model reply: in 49794 + cached 0, out 80 (+42 reasoning)
  446.0s   tool bash: grep -E "^\| [a-z0-9_]+ \| constructor \|" /reference/glossary.md
  446.1s turn 31
  453.0s   model reply: in 51670 + cached 0, out 78 (+25 reasoning)
  453.0s   tool bash: grep -E "^\| (entity|object|spatial|location|target|item|place|thing|receptacle|food|color|qualified) " /reference/glossary.md
  453.0s turn 32
  459.3s   model reply: in 3155 + cached 48686, out 86 (+36 reasoning)
  459.3s   tool bash: grep -E "^\| [a-z0-9_]+ \| constructor \|" /reference/glossary.md | awk -F'|' '{print $2}'
  459.4s turn 33
  465.4s   model reply: in 3633 + cached 48669, out 618 (+584 reasoning)
  465.4s   tool bash: node /kit/rag.mjs search "corner" "left" "egg" "brown"
  465.5s turn 34
  471.9s   model reply: in 5395 + cached 48665, out 151 (+88 reasoning)
  471.9s   tool bash: node -e '
const fs = require("fs");
const rag = fs.readFileSync("/kit/rag.mjs", "utf8");
console.log(rag.slice(0, 2000));
'
  471.9s turn 35
  475.7s   model reply: in 2101 + cached 52707, out 58 (+26 reasoning)
  475.7s   tool bash: node /kit/rag.mjs check --translation /output/translation.md --json
  475.8s turn 36
  502.6s   model reply: in 3993 + cached 51715, out 2325 (+1195 reasoning)
  502.6s   tool bash: cat << 'EOF' > /output/translation.md
Status: success
Mode: REQUEST

## BrainCode

```braincode
MODE REQUEST
ENTRYPOINT Apple
TASK Apple {
  ACTION turn(directi
  502.8s turn 37
  520.5s   model reply: in 3188 + cached 55761, out 1607 (+459 reasoning)
  520.5s   tool bash: cat << 'EOF' > /output/translation.md
Status: success
Mode: REQUEST

## BrainCode

```braincode
MODE REQUEST
ENTRYPOINT Apple
TASK Apple {
  ACTION turn(directi
  520.7s turn 38
  529.5s   model reply: in 5657 + cached 55804, out 139 (+107 reasoning)
  529.5s   tool bash: node /kit/rag.mjs check --translation /output/translation.md --json
  529.6s turn 39
  563.4s   model reply: in 3708 + cached 58743, out 4984 (+3885 reasoning)
  563.4s   tool bash: cat << 'EOF' > /output/translation.md
Status: success
Mode: REQUEST

## BrainCode

```braincode
MODE REQUEST
ENTRYPOINT Apple
TASK Apple {
  TERM lexical_label(
  563.5s turn 40
  568.8s   model reply: in 9371 + cached 58947, out 332 (+296 reasoning)
  568.8s   tool bash: node /kit/rag.mjs search "cooked" "state_cooked" "cooking" "heat"
  568.9s turn 41
  586.9s   model reply: in 2938 + cached 66843, out 2596 (+1435 reasoning)
  586.9s   tool bash: cat << 'EOF' > /output/translation.md
Status: success
Mode: REQUEST

## BrainCode

```braincode
MODE REQUEST
ENTRYPOINT Apple
TASK Apple {
  TERM lexical_label(
  587.0s turn 42
  604.7s   model reply: in 49651 + cached 0, out 100 (+68 reasoning)
  604.7s   tool bash: node /kit/rag.mjs check --translation /output/translation.md --json
  604.8s turn 43
  621.0s   model reply: in 3934 + cached 46672, out 2769 (+1592 reasoning)
  621.0s   tool bash: cat << 'EOF' > /output/translation.md
Status: success
Mode: REQUEST

## BrainCode

```braincode
MODE REQUEST
ENTRYPOINT Sink
TASK Sink {
  TERM lexical_label(va
  621.1s turn 44
  624.8s   model reply: in 3565 + cached 50715, out 41 (+9 reasoning)
  624.8s   tool bash: node /kit/rag.mjs check --translation /output/translation.md --json
  624.9s turn 45
  628.9s   model reply: in 5432 + cached 49744, out 245 (+153 reasoning)
  628.9s agent finished
  628.9s agent finished
