    1.8s turn 1
    8.4s   model reply: in 27547 + cached 0, out 625 (+584 reasoning)
    8.4s   tool bash: node /kit/rag.mjs search "compliment" "thank" "praise" "gratitude" "appreciation"
    8.6s turn 2
   22.6s   model reply: in 5174 + cached 24366, out 2182 (+2151 reasoning)
   22.6s   tool bash: node /kit/rag.mjs search "compliment" --kind speech_act
   22.7s turn 3
   26.0s   model reply: in 3565 + cached 28426, out 68 (+31 reasoning)
   26.0s   tool bash: grep -E "^\| [a-z_]+ \| speech_act \|" /reference/glossary.md
   26.0s turn 4
   29.5s   model reply: in 4122 + cached 28411, out 74 (+29 reasoning)
   29.5s   tool bash: grep -E "^\| [a-z_]+ \| (constructor|composite|claim_relation|link) \|" /reference/glossary.md
   29.6s turn 5
   32.8s   model reply: in 5996 + cached 28407, out 59 (+22 reasoning)
   32.8s   tool bash: grep -E "^\| [a-z_]+ \| claim_relation \|" /reference/glossary.md
   32.9s turn 6
   36.2s   model reply: in 3933 + cached 32462, out 69 (+25 reasoning)
   36.2s   tool bash: grep -E "^\| [a-z_]+ \| claim_relation \|" /reference/glossary.md | tail -n +30
   36.2s turn 7
   51.5s   model reply: in 5951 + cached 32460, out 48 (+13 reasoning)
   51.5s   tool bash: grep -E "^\| [a-z_]+ \| link \|" /reference/glossary.md
   51.5s turn 8
   55.3s   model reply: in 2179 + cached 36499, out 101 (+61 reasoning)
   55.3s   tool bash: node /kit/rag.mjs search "project" "support" "technical knowledge" "attention to detail" "contribution"
   55.5s turn 9
   61.0s   model reply: in 3738 + cached 36493, out 512 (+482 reasoning)
   61.0s   tool bash: node /kit/rag.mjs widen "write a compliment" --kind action
   61.1s turn 10
   69.4s   model reply: in 5714 + cached 36492, out 695 (+661 reasoning)
   69.4s   tool bash: node /kit/rag.mjs entry ask propose respond acknowledge inform offer confirm apologize decline express_interest
   69.5s turn 11
   73.9s   model reply: in 3003 + cached 40539, out 196 (+149 reasoning)
   73.9s   tool bash: node /kit/rag.mjs entry well_wishes greeting activity subject requirement conjunction important ongoing provides focus_of involves role identity statement has_a
   74.0s turn 12
   78.2s   model reply: in 5258 + cached 40540, out 133 (+81 reasoning)
   78.2s   tool bash: node /kit/rag.mjs entry offer_help meets_needs character character_trait address_form identity role statement has_attribute attribute_claim argues_for designed_
   78.4s turn 13
   82.8s   model reply: in 2925 + cached 44590, out 126 (+86 reasoning)
   82.8s   tool bash: node /kit/rag.mjs search "praise" "gratitude" "dedication" "assistance" "impact"
   83.0s turn 14
   89.8s   model reply: in 4405 + cached 44584, out 109 (+67 reasoning)
   89.8s   tool bash: node /kit/rag.mjs widen "compliment" "praise" "thank you" "express gratitude" "team player"
   90.0s turn 15
  107.6s   model reply: in 2359 + cached 48636, out 2467 (+2426 reasoning)
  107.6s   tool bash: node /kit/rag.mjs search "compliment" "praise" "encouragement" "feedback" "acclaim"
  107.8s turn 16
  138.0s   model reply: in 6190 + cached 48653, out 2184 (+2162 reasoning)
  138.0s   tool bash: node /kit/rag.mjs check
  138.1s turn 17
  144.1s   model reply: in 4335 + cached 52708, out 453 (+55 reasoning)
  144.1s   tool write: /output/translation.md
  144.1s turn 18
  147.5s   model reply: in 4811 + cached 52689, out 37 (+15 reasoning)
  147.5s   tool bash: node /kit/rag.mjs check
  147.7s turn 19
  191.3s   model reply: in 5211 + cached 52672, out 6634 (+5177 reasoning)
  191.3s   tool write: /output/translation.md
  191.3s turn 20
  194.7s   model reply: in 7756 + cached 56765, out 37 (+15 reasoning)
  194.7s   tool bash: node /kit/rag.mjs check
  194.8s turn 21
  229.2s   model reply: in 4293 + cached 60804, out 5260 (+3678 reasoning)
  229.2s   tool write: /output/translation.md
  229.2s turn 22
  272.2s   model reply: in 51186 + cached 0, out 37 (+15 reasoning)
  272.2s   tool bash: node /kit/rag.mjs check
  272.4s turn 23
  309.5s   model reply: in 3047 + cached 48715, out 1459 (+1437 reasoning)
  309.5s   tool bash: node /kit/rag.mjs check
  310.3s turn 24
  333.1s   model reply: in 5049 + cached 48711, out 200 (+44 reasoning)
  333.2s agent finished
  333.2s agent finished
