    1.5s turn 1
    7.2s   model reply: in 13007 + cached 0, out 723 (+706 reasoning)
    7.2s   tool bash: ls -la /
    7.2s turn 2
   10.7s   model reply: in 2437 + cached 12076, out 48 (+26 reasoning)
   10.7s   tool bash: ls -la /kit /reference /attach
   10.7s turn 3
   14.4s   model reply: in 3031 + cached 12067, out 57 (+27 reasoning)
   14.4s   tool read: /reference/examples.jsonl
   14.4s turn 4
   20.1s   model reply: in 4257 + cached 12064, out 564 (+537 reasoning)
   20.1s   tool bash: node /kit/rag.mjs search "cat_game"
   20.3s turn 5
   25.4s   model reply: in 5199 + cached 12061, out 46 (+21 reasoning)
   25.4s   tool bash: node /kit/rag.mjs entry cat_game
   25.6s turn 6
   29.0s   model reply: in 5300 + cached 12047, out 87 (+54 reasoning)
   29.0s   tool bash: grep -i -C 3 "offer_help" /reference/glossary.jsonl
   29.0s turn 7
   32.3s   model reply: in 2074 + cached 16058, out 108 (+57 reasoning)
   32.3s   tool bash: grep -E '"symbol":\s*"(express_interest|indicator|property_question|attitude|enables|confirm|statement)"' /reference/glossary.jsonl
   32.4s turn 8
   35.6s   model reply: in 3038 + cached 16056, out 78 (+51 reasoning)
   35.6s   tool bash: grep -rn "cat_game" /reference /attach /kit
   35.7s turn 9
   39.9s   model reply: in 3300 + cached 16042, out 63 (+33 reasoning)
   39.9s   tool bash: grep '"category": "search-value"' /reference/glossary.jsonl
   39.9s turn 10
   52.6s   model reply: in 4548 + cached 16045, out 1850 (+1823 reasoning)
   52.6s   tool bash: grep -rn "offer_help" /reference /attach /kit
   52.7s turn 11
   56.8s   model reply: in 2592 + cached 20076, out 86 (+63 reasoning)
   56.8s   tool bash: find /reference /kit /attach -type f
   56.8s turn 12
   60.1s   model reply: in 2806 + cached 20060, out 41 (+21 reasoning)
   60.1s   tool bash: ls -la /output /session
   60.1s turn 13
   63.7s   model reply: in 3069 + cached 20046, out 63 (+34 reasoning)
   63.7s   tool read: /kit/README.md
   63.7s turn 14
   71.2s   model reply: in 4290 + cached 20046, out 416 (+395 reasoning)
   71.2s   tool bash: git status 2>&1 || true
   71.3s turn 15
   74.1s   model reply: in 4730 + cached 20036, out 39 (+12 reasoning)
   74.1s   tool read: /prompt.md
   74.1s turn 16
   76.9s   model reply: in 5240 + cached 20025, out 47 (+16 reasoning)
   76.9s   tool read: /kit/needs_prompt.md
   76.9s turn 17
   80.6s   model reply: in 5969 + cached 20017, out 96 (+66 reasoning)
   80.6s   tool read: /kit/rag.mjs
   80.7s turn 18
  100.6s   model reply: in 3580 + cached 24031, out 3161 (+3130 reasoning)
  100.6s   tool bash: grep -rn -i "glitch" / 2>/dev/null || true
  100.6s turn 19
  106.5s   model reply: in 6706 + cached 24069, out 94 (+71 reasoning)
  106.5s   tool bash: grep -rn "express_interest" /reference
  106.5s turn 20
  109.9s   model reply: in 2994 + cached 28066, out 61 (+34 reasoning)
  109.9s   tool bash: grep -rn "rule_speech_acts_general" /reference
  110.0s turn 21
  113.4s   model reply: in 3232 + cached 28051, out 62 (+28 reasoning)
  113.4s   tool bash: grep -rn -E "rule_(trace_relations|support_primitives)_general" /reference
  113.5s turn 22
  116.3s   model reply: in 3746 + cached 28042, out 54 (+26 reasoning)
  116.3s   tool bash: grep '"kind": "rule"' /reference/glossary.jsonl
  116.4s turn 23
  166.8s   model reply: in 5792 + cached 28061, out 9269 (+9174 reasoning)
  166.8s   tool write: /output/reconstruction.md
  166.8s turn 24
  170.1s   model reply: in 10928 + cached 32199, out 64 (+35 reasoning)
  170.1s   tool read: /output/reconstruction.md
  170.1s turn 25
  178.3s   model reply: in 3029 + cached 40227, out 109 (+97 reasoning)
  178.3s agent finished
  178.3s agent finished
