    8.4s turn 1
   24.5s   model reply: in 0 + cached 0, out 0 (+0 reasoning)
   24.5s agent finished
   26.5s turn 2
   54.9s   model reply: in 0 + cached 0, out 0 (+0 reasoning)
   54.9s agent finished
   58.9s turn 3
  126.7s   model reply: in 12682 + cached 0, out 717 (+691 reasoning)
  126.7s   tool bash: ls -la /kit /output 2>/dev/null
  126.7s turn 4
  150.8s   model reply: in 13628 + cached 0, out 43 (+24 reasoning)
  150.8s   tool read: /kit/README.md
  150.8s turn 5
  181.1s   model reply: in 2770 + cached 12063, out 54 (+31 reasoning)
  181.2s   tool bash: ls -la / 2>/dev/null
  181.2s turn 6
  230.7s   model reply: in 3612 + cached 12058, out 40 (+16 reasoning)
  230.7s   tool bash: ls -la /reference 2>/dev/null
  230.7s turn 7
  233.2s   model reply: in 15914 + cached 0, out 51 (+31 reasoning)
  233.2s   tool read: /reference/examples.jsonl
  233.2s turn 8
  235.8s   model reply: in 17135 + cached 0, out 29 (+12 reasoning)
  235.8s   tool read: /prompt.md
  235.8s turn 9
  241.6s   model reply: in 17628 + cached 0, out 604 (+575 reasoning)
  241.6s   tool bash: grep -i "alfred" /reference/* 2>/dev/null
  241.7s turn 10
  244.6s   model reply: in 18242 + cached 0, out 93 (+52 reasoning)
  244.6s   tool bash: grep -n -C 5 "rule_operations_general" /reference/glossary.md | head -n 40
  244.6s turn 11
  248.3s   model reply: in 19342 + cached 0, out 129 (+79 reasoning)
  248.3s   tool bash: grep -E '"id":\s*"(walk|turn|face|pick_up|place|heat|open|close)"' /reference/glossary.jsonl
  248.4s turn 12
  294.7s   model reply: in 7459 + cached 12022, out 80 (+30 reasoning)
  294.7s   tool bash: grep -E '"symbol":\s*"(walk|turn|face|pick_up|place|heat|open|close)"' /reference/glossary.jsonl
  294.7s turn 13
  355.5s   model reply: in 20766 + cached 0, out 79 (+44 reasoning)
  355.5s   tool bash: node /kit/rag.mjs entry walk turn face pick_up place heat open close lexical_label
  355.6s turn 14
  412.8s   model reply: in 2414 + cached 20056, out 2197 (+2135 reasoning)
  412.8s   tool bash: find / -name "*.json" -o -name "*.jsonl" -o -name "*.md" 2>/dev/null | grep -v "/proc" | grep -v "/sys" | grep -v "/usr"
  412.9s turn 15
  416.5s   model reply: in 24677 + cached 0, out 35 (+13 reasoning)
  416.5s   tool bash: ls -la /reference /attach /kit
  416.6s turn 16
  419.3s   model reply: in 5181 + cached 20068, out 37 (+16 reasoning)
  419.3s   tool read: /kit/needs_prompt.md
  419.4s turn 17
  422.5s   model reply: in 25964 + cached 0, out 45 (+15 reasoning)
  422.5s   tool read: /kit/rag.mjs
  422.5s turn 18
  475.2s   model reply: in 3405 + cached 24080, out 10394 (+10275 reasoning)
  475.2s   tool write: /output/reconstruction.md
  475.2s turn 19
  479.0s   model reply: in 37884 + cached 0, out 39 (+19 reasoning)
  479.0s   tool read: /output/reconstruction.md
  479.0s turn 20
  485.8s   model reply: in 5769 + cached 32247, out 186 (+93 reasoning)
  485.8s agent finished
  485.8s agent finished
