    1.8s turn 1
   14.1s   model reply: in 27820 + cached 0, out 1973 (+1935 reasoning)
   14.1s   tool bash: node /kit/rag.mjs entry web_element click select_option type_text time_point lexical_label
   14.2s turn 2
   25.8s   model reply: in 6302 + cached 24374, out 400 (+351 reasoning)
   25.8s   tool bash: node /kit/rag.mjs search "user profile" "birthday" "allergy" "bio" "save profile" "stated preference" "dietary requirement"
   25.9s turn 3
   31.5s   model reply: in 4701 + cached 28435, out 88 (+56 reasoning)
   31.5s   tool bash: node /kit/rag.mjs entry user_preference requirement attribute_claim request inform ask
   31.6s turn 4
   39.8s   model reply: in 5678 + cached 28423, out 80 (+46 reasoning)
   39.8s   tool bash: node /kit/rag.mjs search "request" "command" "instruction" "instruct"
   39.9s turn 5
   49.8s   model reply: in 35270 + cached 0, out 64 (+27 reasoning)
   49.8s   tool bash: node /kit/rag.mjs search "speech act" "utter" "command" --kind speech_act
   49.9s turn 6
   58.5s   model reply: in 3718 + cached 32461, out 108 (+76 reasoning)
   58.5s   tool bash: node /kit/rag.mjs entry ask inform propose request user_preference user_practice
   58.6s turn 7
   71.4s   model reply: in 4332 + cached 32446, out 1701 (+1661 reasoning)
   71.4s   tool bash: node /kit/rag.mjs search "web_element" "profile" "birthday" "allergy" "save"
   71.6s turn 8
   79.4s   model reply: in 3380 + cached 36510, out 66 (+40 reasoning)
   79.4s   tool bash: grep -i "preference" /reference/glossary.md
   79.4s turn 9
   84.1s   model reply: in 3512 + cached 36491, out 127 (+81 reasoning)
   84.1s   tool bash: grep -E "^\| [a-z0-9_]+ \| (constructor|claim_relation|composite) \|" /reference/glossary.md
   84.2s turn 10
   90.6s   model reply: in 5437 + cached 36489, out 743 (+707 reasoning)
   90.6s   tool bash: node /kit/rag.mjs entry time_point lexical_label user_preference request requirement attribute_claim
   90.9s turn 11
   94.6s   model reply: in 3438 + cached 40543, out 105 (+68 reasoning)
   94.6s   tool bash: grep -E "profile|allergy|diet|birthday|bio|preference" /reference/glossary.md
   94.7s turn 12
  107.0s   model reply: in 4262 + cached 40531, out 1707 (+1663 reasoning)
  107.0s   tool bash: node /kit/rag.mjs entry food_label::dairy food_label::peanut food_label::peanuts food_label::ramen
  107.2s turn 13
  113.8s   model reply: in 2416 + cached 44585, out 818 (+792 reasoning)
  113.8s   tool bash: node /kit/rag.mjs widen "allergy"
  113.9s turn 14
  124.6s   model reply: in 4653 + cached 44586, out 1863 (+1839 reasoning)
  124.6s   tool bash: node /kit/rag.mjs check --help
  124.6s turn 15
  132.0s   model reply: in 2480 + cached 48638, out 858 (+833 reasoning)
  132.0s   tool bash: node /kit/rag.mjs entry role_user
  132.1s turn 16
  135.8s   model reply: in 3396 + cached 48626, out 169 (+143 reasoning)
  135.8s   tool bash: node /kit/rag.mjs entry agent role_agent
  135.9s turn 17
  141.0s   model reply: in 3655 + cached 48608, out 359 (+318 reasoning)
  141.0s   tool bash: node /kit/rag.mjs search "date" "birthday" "allergy" "bio" "profile" "save"
  141.1s turn 18
  153.5s   model reply: in 5641 + cached 48609, out 1752 (+301 reasoning)
  153.5s   tool bash: cat << 'EOF' > /output/translation.md
Status: success
Mode: TRACE

## BrainCode

```braincode
MODE TRACE
ENTRYPOINT Conversation
CONVO Conversation {
  TURN t1 
  153.7s turn 19
  158.0s   model reply: in 3768 + cached 52661, out 251 (+188 reasoning)
  158.0s   tool bash: node -e '
const fs = require("fs");
const rag = fs.readFileSync("/kit/rag.mjs", "utf8");
console.log(rag.slice(0, 2000));
'
  158.1s turn 20
  161.7s   model reply: in 4627 + cached 52650, out 66 (+34 reasoning)
  161.7s   tool bash: node /kit/rag.mjs widen "add allergy information to profile" --kind action
  161.9s turn 21
  172.6s   model reply: in 2761 + cached 56703, out 1724 (+245 reasoning)
  172.6s   tool bash: cat << 'EOF' > /output/translation.md
Status: success
Mode: TRACE

## BrainCode

```braincode
MODE TRACE
ENTRYPOINT Conversation
CONVO Conversation {
  TURN t1 
  172.8s turn 22
  175.9s   model reply: in 4914 + cached 56705, out 76 (+44 reasoning)
  175.9s   tool bash: node /kit/rag.mjs check --translation /output/translation.md --json
  176.1s turn 23
  191.7s   model reply: in 5912 + cached 56262, out 2286 (+2258 reasoning)
  191.7s   tool bash: grep -i "time_point" /reference/glossary.md
  191.8s turn 24
  207.6s   model reply: in 4379 + cached 60305, out 2641 (+2606 reasoning)
  207.6s   tool bash: node /kit/rag.mjs entry click_event select_option_event type_text_event
  207.8s turn 25
  224.3s   model reply: in 3006 + cached 64352, out 3195 (+1718 reasoning)
  224.3s   tool bash: cat << 'EOF' > /output/translation.md
Status: success
Mode: TRACE

## BrainCode

```braincode
MODE TRACE
ENTRYPOINT Conversation
CONVO Conversation {
  TURN t1 
  224.5s turn 26
  238.2s   model reply: in 50505 + cached 0, out 49 (+17 reasoning)
  238.2s   tool bash: node /kit/rag.mjs check --translation /output/translation.md --json
  238.4s turn 27
  245.7s   model reply: in 0 + cached 0, out 0 (+0 reasoning)
  245.8s agent finished
  247.8s turn 28
  364.2s   model reply: in 51033 + cached 0, out 1922 (+467 reasoning)
  364.2s   tool write: /output/translation.md
  364.2s turn 29
  370.4s   model reply: in 5163 + cached 47796, out 44 (+14 reasoning)
  370.4s   tool bash: node /kit/rag.mjs check --translation /output/translation.md
  370.5s turn 30
  375.4s   model reply: in 53434 + cached 0, out 166 (+12 reasoning)
  375.4s agent finished
  375.4s agent finished
