    1.7s turn 1
    5.1s   model reply: in 14984 + cached 0, out 135 (+117 reasoning)
    5.1s   tool bash: ls -la /output
    5.1s turn 2
   19.4s   model reply: in 3087 + cached 12085, out 80 (+62 reasoning)
   19.4s   tool bash: ls -la /kit
   19.4s turn 3
   41.2s   model reply: in 3348 + cached 12071, out 3812 (+3789 reasoning)
   41.2s   tool bash: node /kit/rag.mjs --help
   41.3s turn 4
   44.6s   model reply: in 7169 + cached 12100, out 52 (+22 reasoning)
   44.6s   tool read: /kit/rag.mjs
   44.6s turn 5
   48.0s   model reply: in 4665 + cached 16132, out 45 (+23 reasoning)
   48.0s   tool bash: node /kit/rag.mjs health
   48.1s turn 6
   51.2s   model reply: in 4822 + cached 16109, out 60 (+31 reasoning)
   51.2s   tool read: /kit/README.md
   51.3s turn 7
   54.4s   model reply: in 2017 + cached 20132, out 78 (+61 reasoning)
   54.4s   tool bash: ls -la /
   54.4s turn 8
   58.7s   model reply: in 2884 + cached 20126, out 28 (+10 reasoning)
   58.7s   tool bash: ls -la /reference
   58.7s turn 9
   61.9s   model reply: in 3131 + cached 20111, out 61 (+31 reasoning)
   61.9s   tool read: /reference/examples.jsonl
   62.0s turn 10
   65.4s   model reply: in 4361 + cached 20108, out 112 (+71 reasoning)
   65.4s   tool bash: grep -n "propose_menu\|user_preference\|menu_works\|offer_help" /reference/glossary.md
   65.4s turn 11
   68.5s   model reply: in 4678 + cached 20095, out 60 (+18 reasoning)
   68.5s   tool bash: grep -E "propose_menu|user_preference|menu_works|offer_help" /reference/glossary.jsonl
   68.5s turn 12
   71.3s   model reply: in 5153 + cached 20085, out 79 (+35 reasoning)
   71.3s   tool bash: find / -name "*thoughttrace*" -o -name "*item_raw*" -o -name "*reconstruction*" 2>/dev/null
   71.4s turn 13
   74.5s   model reply: in 5258 + cached 20069, out 49 (+22 reasoning)
   74.5s   tool read: /prompt.md
   74.5s turn 14
   89.2s   model reply: in 5779 + cached 20057, out 2163 (+2131 reasoning)
   89.2s   tool bash: grep -i "back-translation\|reconstruct" /reference/language-spec.md
   89.3s turn 15
  104.6s   model reply: in 4113 + cached 24092, out 2043 (+2008 reasoning)
  104.6s   tool bash: grep -A 10 "rule_speech_acts_general" /reference/glossary.md
  104.6s turn 16
  202.7s   model reply: in 3138 + cached 28142, out 16653 (+16457 reasoning)
  202.7s   tool write: /output/reconstruction.md
  202.7s turn 17
  206.8s   model reply: in 19629 + cached 28309, out 62 (+32 reasoning)
  206.8s   tool read: /output/reconstruction.md
  206.8s turn 18
  211.9s   model reply: in 3701 + cached 44465, out 108 (+83 reasoning)
  211.9s agent finished
  211.9s agent finished
