    1.9s turn 1
   10.8s   model reply: in 3819 + cached 24375, out 542 (+519 reasoning)
   10.8s   tool bash: node /kit/rag.mjs --help
   10.8s turn 2
   29.0s   model reply: in 4414 + cached 24360, out 753 (+718 reasoning)
   29.0s   tool bash: node /kit/rag.mjs search "alfred" "spatial" "turn" "walk"
   29.3s turn 3
   37.6s   model reply: in 2289 + cached 28416, out 633 (+596 reasoning)
   37.6s   tool bash: node /kit/rag.mjs search "MODE REQUEST" "ENTRYPOINT" "alfred" "TASK"
   37.7s turn 4
   42.1s   model reply: in 4049 + cached 28411, out 65 (+38 reasoning)
   42.1s   tool bash: grep -E "^\| example_" /reference/glossary.md
   42.2s turn 5
   59.3s   model reply: in 5215 + cached 28401, out 1812 (+1766 reasoning)
   59.3s   tool bash: grep -n -C 10 "function check" /kit/rag.mjs || head -n 50 /kit/rag.mjs
   59.3s turn 6
   63.2s   model reply: in 3711 + cached 32461, out 40 (+18 reasoning)
   63.2s   tool bash: node /kit/rag.mjs health
   63.3s turn 7
   66.5s   model reply: in 3868 + cached 32433, out 148 (+120 reasoning)
   66.5s   tool bash: node /kit/rag.mjs entry turn walk pick_up place
   66.6s turn 8
   71.1s   model reply: in 4753 + cached 32422, out 125 (+81 reasoning)
   71.1s   tool bash: node /kit/rag.mjs entry keys chair living_room vase phone table wall behind left_of on in_front_of next_to
   71.2s turn 9
   74.7s   model reply: in 5576 + cached 32411, out 66 (+25 reasoning)
   74.7s   tool bash: node /kit/rag.mjs search "ottoman" "end table" "couch" "across from" "left side"
   74.9s turn 10
   85.4s   model reply: in 2984 + cached 36457, out 1593 (+1559 reasoning)
   85.4s   tool bash: grep -E "\| (spatial-relation|operation) \|" /reference/glossary.md
   85.4s turn 11
   88.1s   model reply: in 6622 + cached 36472, out 63 (+33 reasoning)
   88.1s   tool bash: grep -E "\| spatial-relation \|" /reference/glossary.md
   88.2s turn 12
   91.5s   model reply: in 3000 + cached 40509, out 47 (+17 reasoning)
   91.5s   tool bash: grep -E "\| location-name \|" /reference/glossary.md
   91.5s turn 13
   94.2s   model reply: in 3700 + cached 40496, out 47 (+17 reasoning)
   94.2s   tool bash: grep -E "\| entity-name \|" /reference/glossary.md
   94.2s turn 14
  103.1s   model reply: in 5740 + cached 40497, out 1173 (+1147 reasoning)
  103.1s   tool bash: node /kit/rag.mjs check --help || true
  103.2s turn 15
  110.0s   model reply: in 2881 + cached 44539, out 977 (+944 reasoning)
  110.0s   tool bash: node /kit/rag.mjs search "left" "left_of" "direction"
  110.2s turn 16
  113.5s   model reply: in 4730 + cached 44538, out 122 (+91 reasoning)
  113.5s   tool bash: grep -i -C 3 "Rotate agent" /reference/glossary.md
  113.6s turn 17
  124.4s   model reply: in 5220 + cached 44524, out 1651 (+1623 reasoning)
  124.4s   tool bash: grep -E "\| constructor \|" /reference/glossary.md
  124.5s turn 18
  131.6s   model reply: in 4602 + cached 48589, out 816 (+779 reasoning)
  131.6s   tool bash: node /kit/rag.mjs search "entity" "description" "spatial" "location" "relative"
  131.8s turn 19
  134.8s   model reply: in 2781 + cached 52642, out 89 (+49 reasoning)
  134.8s   tool bash: grep -E "\| constructor \|" /reference/glossary.md | awk -F'|' '{print $2}'
  134.8s turn 20
  137.8s   model reply: in 3261 + cached 52626, out 73 (+43 reasoning)
  137.8s   tool bash: node /kit/rag.mjs entry spatial_constraint lexical_label activity requirement
  138.0s turn 21
  141.8s   model reply: in 4776 + cached 52622, out 104 (+72 reasoning)
  141.8s   tool bash: grep -E -A 10 "MODE REQUEST" /reference/glossary.md
  141.8s turn 22
  157.9s   model reply: in 2069 + cached 56664, out 3025 (+2195 reasoning)
  157.9s   tool bash: cat << 'EOF' > /output/translation.md
Status: success
Mode: REQUEST

## BrainCode

```braincode
MODE REQUEST
ENTRYPOINT Keys
TASK Keys {
  ACTION turn(direction
  158.2s turn 23
  163.7s   model reply: in 5651 + cached 56683, out 589 (+556 reasoning)
  163.7s   tool bash: node /kit/rag.mjs entry spatial_constraint lexical_label requirement location_spec activity
  163.9s turn 24
  178.9s   model reply: in 3720 + cached 60735, out 2543 (+2513 reasoning)
  178.9s   tool bash: grep -n -C 5 "example_" /reference/glossary.md
  179.0s turn 25
  191.2s   model reply: in 8077 + cached 60760, out 2156 (+1337 reasoning)
  191.2s   tool bash: cat << 'EOF' > /output/translation.md
Status: success
Mode: REQUEST

## BrainCode

```braincode
MODE REQUEST
ENTRYPOINT Keys
TASK Keys {
  ACTION turn(direction
  191.4s turn 26
  201.0s   model reply: in 47348 + cached 0, out 99 (+60 reasoning)
  201.0s   tool bash: node -e 'console.log(require("fs").readFileSync("/kit/rag.mjs", "utf8"))'
  201.1s turn 27
  214.2s   model reply: in 4317 + cached 44663, out 2441 (+1426 reasoning)
  214.2s   tool bash: cat << 'EOF' > /output/translation.md
Status: success
Mode: REQUEST

## BrainCode

```braincode
MODE REQUEST
ENTRYPOINT Keys
TASK Keys {
  ACTION turn(direction
  214.4s turn 28
  225.8s   model reply: in 3320 + cached 48728, out 2062 (+756 reasoning)
  225.8s   tool bash: cat << 'EOF' > /output/translation.md
Status: success
Mode: REQUEST

## BrainCode

```braincode
MODE REQUEST
ENTRYPOINT Keys
TASK Keys {
  ACTION turn(direction
  226.0s turn 29
  239.2s   model reply: in 6024 + cached 48730, out 2255 (+937 reasoning)
  239.2s   tool bash: cat << 'EOF' > /output/translation.md
Status: success
Mode: REQUEST

## BrainCode

```braincode
MODE REQUEST
ENTRYPOINT ObjectLabelKeys
TASK ObjectLabelKeys {
 
  239.4s turn 30
  240.6s   model reply: in 0 + cached 0, out 0 (+0 reasoning)
  240.6s agent finished
  242.6s turn 31
  256.2s   model reply: in 0 + cached 0, out 0 (+0 reasoning)
  256.2s agent finished
  260.2s turn 32
  398.3s   model reply: in 4860 + cached 52793, out 2807 (+1489 reasoning)
  398.3s   tool bash: cat << 'EOF' > /output/translation.md
Status: success
Mode: REQUEST

## BrainCode

```braincode
MODE REQUEST
ENTRYPOINT ObjectLabelKeys
TASK ObjectLabelKeys {
 
  398.4s turn 33
  438.0s   model reply: in 4243 + cached 56861, out 932 (+902 reasoning)
  438.0s   tool bash: node /kit/rag.mjs check --translation /output/translation.md
  438.2s turn 34
  445.6s   model reply: in 5826 + cached 56854, out 138 (+51 reasoning)
  445.6s agent finished
  445.6s agent finished
