    2.2s turn 1
   29.8s   model reply: in 14240 + cached 0, out 4542 (+4519 reasoning)
   29.8s   tool bash: node /kit/rag.mjs entry activity
   29.9s turn 2
   74.7s   model reply: in 7273 + cached 12129, out 55 (+25 reasoning)
   74.7s   tool bash: node /kit/rag.mjs rule rule_support_primitives_general
   74.8s turn 3
   83.1s   model reply: in 3340 + cached 16155, out 56 (+33 reasoning)
   83.1s   tool bash: node /kit/rag.mjs --help
   83.2s turn 4
  151.5s   model reply: in 3451 + cached 16138, out 11372 (+11354 reasoning)
  151.5s   tool bash: ls -la /output
  151.5s turn 5
  168.4s   model reply: in 14798 + cached 16216, out 1337 (+1136 reasoning)
  168.4s   tool write: /output/reconstruction.md
  168.4s turn 6
  171.6s   model reply: in 3988 + cached 28368, out 39 (+19 reasoning)
  171.6s   tool read: /output/reconstruction.md
  171.7s turn 7
  177.8s   model reply: in 4219 + cached 28351, out 39 (+16 reasoning)
  177.8s agent finished
  177.8s agent finished
