    2.0s turn 1
   16.1s   model reply: in 26862 + cached 0, out 2710 (+2672 reasoning)
   16.1s   tool bash: node /kit/rag.mjs search "job" "filter" "browse" "certificate" "clearance"
   16.6s turn 2
   20.4s   model reply: in 6600 + cached 24376, out 94 (+63 reasoning)
   20.4s   tool bash: node /kit/rag.mjs entry request ask web_element type_text click
   20.5s turn 3
   23.7s   model reply: in 3020 + cached 28422, out 81 (+51 reasoning)
   23.7s   tool bash: grep -E "\| speech_act \|" /reference/glossary.md
   23.7s turn 4
   26.6s   model reply: in 3590 + cached 28407, out 47 (+17 reasoning)
   26.6s   tool bash: grep -E "\| claim_relation \|" /reference/glossary.md
   26.7s turn 5
   29.5s   model reply: in 5573 + cached 28404, out 89 (+55 reasoning)
   29.5s   tool bash: node /kit/rag.mjs entry activity requirement subject search_web select_filter apply_filters
   29.7s turn 6
   40.9s   model reply: in 3711 + cached 32461, out 1949 (+1917 reasoning)
   40.9s   tool bash: grep -n -C 5 "web_element" /reference/glossary.md
   41.0s turn 7
   44.2s   model reply: in 6255 + cached 32462, out 92 (+55 reasoning)
   44.2s   tool bash: grep -i -E "job|career|clearance|certificate|security" /reference/glossary.md
   44.2s turn 8
   47.2s   model reply: in 2397 + cached 36501, out 77 (+49 reasoning)
   47.2s   tool bash: grep -E "\| constructor \|" /reference/glossary.md
   47.2s turn 9
   48.5s   model reply: in 0 + cached 0, out 0 (+0 reasoning)
   48.5s agent finished
   50.5s turn 10
   64.1s   model reply: in 0 + cached 0, out 0 (+0 reasoning)
   64.1s agent finished
   68.1s turn 11
  293.1s   model reply: in 40771 + cached 0, out 99 (+46 reasoning)
  293.1s   tool bash: grep -E "\| constructor \|" /reference/glossary.md | grep -i -E "search|query|filter|find|browse|item|action|criterion|criteria"
  293.2s turn 12
  322.7s   model reply: in 5405 + cached 36489, out 59 (+24 reasoning)
  322.7s   tool bash: grep -E "\| constructor \|" /reference/glossary.md | tail -n 30
  322.8s turn 13
  331.0s   model reply: in 3114 + cached 40540, out 44 (+16 reasoning)
  331.0s   tool bash: grep -E "\| composite \|" /reference/glossary.md
  331.1s turn 14
  353.2s   model reply: in 4870 + cached 40536, out 2637 (+2616 reasoning)
  353.2s   tool bash: cat /kit/rag.mjs
  353.2s turn 15
  359.6s   model reply: in 4967 + cached 44609, out 44 (+22 reasoning)
  359.6s   tool bash: node /kit/rag.mjs health
  359.7s turn 16
  375.7s   model reply: in 5127 + cached 44582, out 1521 (+1476 reasoning)
  375.7s   tool bash: node /kit/rag.mjs search "browse IT jobs" "filter by security clearance certificate" "search and filter job postings" "security clearance"
  375.9s turn 17
  389.3s   model reply: in 3756 + cached 48641, out 1143 (+1107 reasoning)
  389.3s   tool bash: find / -name "*.braincode" -o -name "*mind2web*" 2>/dev/null
  389.3s turn 18
  397.9s   model reply: in 4918 + cached 48632, out 38 (+17 reasoning)
  397.9s   tool bash: ls -la / /reference /kit
  397.9s turn 19
  406.2s   model reply: in 2190 + cached 52677, out 43 (+22 reasoning)
  406.3s   tool bash: cat /reference/examples.jsonl
  406.3s turn 20
  429.6s   model reply: in 56080 + cached 0, out 1956 (+1893 reasoning)
  429.6s   tool bash: node -e '
import { readFileSync } from "fs";
const needs = JSON.parse(readFileSync("/needs.json", "utf8"));
console.log(JSON.stringify(needs, null, 2));
'
  429.9s turn 21
  447.8s   model reply: in 7853 + cached 52692, out 2076 (+1177 reasoning)
  447.8s   tool bash: cat << 'EOF' > /output/translation.md
Status: success
Mode: TRACE

## BrainCode

```braincode
MODE TRACE
ENTRYPOINT Conversation
CONVO Conversation {
  TURN t1 
  448.0s turn 22
  456.7s   model reply: in 6211 + cached 56749, out 979 (+855 reasoning)
  456.7s   tool bash: node /kit/rag.mjs widen "Browse or search job listings" --kind action
node /kit/rag.mjs widen "Filter job search results" --kind action
node /kit/rag.mjs widen 
  458.3s turn 23
  463.9s   model reply: in 67122 + cached 0, out 97 (+32 reasoning)
  463.9s   tool bash: node /kit/rag.mjs widen "Filters link" --kind object
node /kit/rag.mjs widen "Certificates link" --kind object
node /kit/rag.mjs widen "Security clearance link"
  464.6s turn 24
  499.9s   model reply: in 5617 + cached 64888, out 4944 (+4866 reasoning)
  499.9s   tool bash: node -e '
import { readFileSync } from "fs";
const traj = readFileSync("/trajectory.txt", "utf8");
console.log(traj);
for (let line of traj.split("\n")) {
  con
  499.9s turn 25
  527.3s   model reply: in 51068 + cached 0, out 3040 (+2099 reasoning)
  527.3s   tool bash: cat << 'EOF' > /output/translation.md
Status: success
Mode: TRACE

## BrainCode

```braincode
MODE TRACE
ENTRYPOINT Conversation
CONVO Conversation {
  TURN t1 
  527.6s turn 26
  540.0s   model reply: in 5681 + cached 48766, out 2023 (+2003 reasoning)
  540.0s   tool bash: cat /output/translation.md
  540.1s turn 27
  545.4s   model reply: in 4534 + cached 52831, out 61 (+31 reasoning)
  545.4s   tool bash: node /kit/rag.mjs check --translation /output/translation.md
  545.5s turn 28
  549.9s   model reply: in 4951 + cached 52814, out 223 (+39 reasoning)
  549.9s agent finished
  549.9s agent finished
