    2.2s turn 1
   15.5s   model reply: in 18774 + cached 8121, out 2049 (+2000 reasoning)
   15.5s   tool bash: node /kit/rag.mjs entry web_element type_text click select_option search_web rank_price dir_asc at_least measure unit_watt watt
   15.9s turn 2
   20.4s   model reply: in 6206 + cached 24373, out 50 (+19 reasoning)
   20.4s   tool bash: node /kit/rag.mjs search "watt" "power" "unit"
   20.5s turn 3
   26.6s   model reply: in 3065 + cached 28422, out 55 (+28 reasoning)
   26.6s   tool bash: grep -E "^\| unit_" /reference/glossary.md
   26.6s turn 4
   29.6s   model reply: in 3762 + cached 28408, out 55 (+17 reasoning)
   29.6s   tool bash: grep -E "\| (unit-value|capacity-unit-value) \|" /reference/glossary.md
   29.7s turn 5
   35.8s   model reply: in 4248 + cached 28393, out 580 (+550 reasoning)
   35.8s   tool bash: grep -E "\| speech_act \|" /reference/glossary.md
   35.8s turn 6
   39.2s   model reply: in 5312 + cached 28383, out 103 (+72 reasoning)
   39.2s   tool bash: node /kit/rag.mjs search "request" "command" "instruct"
   39.3s turn 7
   42.8s   model reply: in 2204 + cached 32427, out 47 (+22 reasoning)
   42.8s   tool bash: node /kit/rag.mjs entry request ask propose
   43.0s turn 8
   53.1s   model reply: in 2464 + cached 32409, out 1567 (+1543 reasoning)
   53.1s   tool bash: ls -la /doc_formats/ /reference/
   53.1s turn 9
   59.4s   model reply: in 4443 + cached 32409, out 37 (+16 reasoning)
   59.4s   tool bash: read /reference/examples.jsonl
   59.4s turn 10
   62.4s   model reply: in 4528 + cached 32390, out 39 (+19 reasoning)
   62.4s   tool read: /reference/examples.jsonl
   62.5s turn 11
   70.0s   model reply: in 5743 + cached 32384, out 914 (+877 reasoning)
   70.0s   tool bash: node /kit/rag.mjs search "web_element" "ui_element" "dom_element"
   70.2s turn 12
   75.2s   model reply: in 3553 + cached 36432, out 548 (+498 reasoning)
   75.2s   tool bash: node /kit/rag.mjs entry "object_label::power_supply_unit" "object_label::psu" "object_label::power_supply"
   75.5s turn 13
   78.8s   model reply: in 4506 + cached 36422, out 162 (+125 reasoning)
   78.8s   tool bash: node /kit/rag.mjs entry "object_label::psu" "object_label::supply"
   79.0s turn 14
   85.1s   model reply: in 4921 + cached 36407, out 587 (+559 reasoning)
   85.1s   tool bash: grep -E "\| constructor \|" /reference/glossary.md
   85.2s turn 15
   96.4s   model reply: in 3251 + cached 40460, out 92 (+55 reasoning)
   96.4s   tool bash: node /kit/rag.mjs entry activity requirement at_least measure rank_price dir_asc search_web
   96.5s turn 16
   99.7s   model reply: in 5479 + cached 40465, out 70 (+34 reasoning)
   99.7s   tool bash: node /kit/rag.mjs widen "At least 600W power output" --kind constraint
   99.9s turn 17
  106.2s   model reply: in 3324 + cached 44512, out 370 (+346 reasoning)
  106.2s   tool bash: node /kit/rag.mjs check --help
  106.2s turn 18
  114.0s   model reply: in 3726 + cached 44496, out 1084 (+1053 reasoning)
  114.0s   tool bash: node /kit/rag.mjs search "search" "find" "query"
  114.1s turn 19
  119.4s   model reply: in 0 + cached 0, out 0 (+0 reasoning)
  119.4s agent finished
  121.4s turn 20
  135.0s   model reply: in 0 + cached 0, out 0 (+0 reasoning)
  135.0s agent finished
  139.0s turn 21
  370.6s   model reply: in 50204 + cached 0, out 79 (+45 reasoning)
  370.6s   tool bash: node /kit/rag.mjs search "cheapest" "lowest price" "power supply"
  370.7s turn 22
  393.2s   model reply: in 2735 + cached 48536, out 921 (+53 reasoning)
  393.2s   tool write: /output/translation.md
  393.2s turn 23
  402.1s   model reply: in 3673 + cached 48523, out 54 (+24 reasoning)
  402.1s   tool bash: node /kit/rag.mjs check --translation /output/translation.md
  402.2s turn 24
  421.0s   model reply: in 4150 + cached 48509, out 1596 (+1565 reasoning)
  421.0s   tool bash: node /kit/rag.mjs search "sort" "ranking" "lowest"
  421.1s turn 25
  435.7s   model reply: in 2611 + cached 52562, out 293 (+264 reasoning)
  435.8s   tool bash: node /kit/rag.mjs entry rule_search_web_attributes
  435.9s turn 26
  454.9s   model reply: in 3058 + cached 52546, out 609 (+582 reasoning)
  454.9s   tool bash: grep -E "activity\(" /reference/glossary.md
  454.9s turn 27
  473.3s   model reply: in 4146 + cached 52539, out 2438 (+1535 reasoning)
  473.3s   tool write: /output/translation.md
  473.3s turn 28
  479.4s   model reply: in 2540 + cached 56587, out 53 (+23 reasoning)
  479.4s   tool bash: node /kit/rag.mjs check --translation /output/translation.md
  479.5s turn 29
  508.0s   model reply: in 3035 + cached 56573, out 4711 (+3792 reasoning)
  508.0s   tool write: /output/translation.md
  508.0s turn 30
  511.9s   model reply: in 7717 + cached 56606, out 53 (+23 reasoning)
  511.9s   tool bash: node /kit/rag.mjs check --translation /output/translation.md
  512.0s turn 31
  519.4s   model reply: in 4169 + cached 60635, out 1077 (+136 reasoning)
  519.4s agent finished
  519.4s agent finished
