   19.0s turn 1
   36.7s   model reply: in 2741 + cached 0, out 2063 (+2046 reasoning)
   36.8s   tool read: /trajectory.txt
   41.5s turn 2
  149.4s   model reply: in 5942 + cached 0, out 18252 (+18197 reasoning)
  149.5s   tool bash: python3 -c "
with open('/trajectory.txt', 'r', encoding='utf-8') as f:
    text = f.read()
print(repr(text))
"
  150.7s turn 3
  154.0s   model reply: in 24217 + cached 0, out 72 (+18 reasoning)
  154.0s   tool bash: node -e "
const fs = require('fs');
const content = fs.readFileSync('/trajectory.txt', 'utf8');
console.log(JSON.stringify(content));
"
  154.5s turn 4
  194.3s   model reply: in 5262 + cached 20243, out 4542 (+4500 reasoning)
  194.3s   tool bash: node -e "
const fs = require('fs');
console.log('Output dir exists:', fs.existsSync('/output'));
"
  194.5s turn 5
  215.6s   model reply: in 30052 + cached 0, out 2112 (+1416 reasoning)
  215.6s   tool write: /output/reconstruction.md
  216.1s turn 6
  220.1s   model reply: in 32169 + cached 0, out 44 (+24 reasoning)
  220.1s   tool read: /output/reconstruction.md
  220.2s turn 7
  223.4s   model reply: in 4529 + cached 28354, out 45 (+27 reasoning)
  223.5s agent finished
  223.5s agent finished
