    3.8s turn 1
   16.6s   model reply: in 27759 + cached 0, out 1467 (+1419 reasoning)
   16.6s   tool bash: node /kit/rag.mjs search "work hours" "flexible working" "job" "stress" "work-life balance" "morale" "productivity"
   17.0s turn 2
   22.5s   model reply: in 6834 + cached 24377, out 97 (+56 reasoning)
   22.5s   tool bash: grep -E "constructor|claim_relation|link|composite" /reference/glossary.md | head -n 40
   22.5s turn 3
   33.8s   model reply: in 4646 + cached 28434, out 995 (+917 reasoning)
   33.8s   tool bash: node /kit/rag.mjs search "ask" "confirm" "subject" "activity" "conjunction" "requirement" "at_least" "occurred_recently" "enables" "leads_to" "causes" "supports
   34.1s turn 4
   40.0s   model reply: in 4837 + cached 32508, out 165 (+104 reasoning)
   40.0s   tool bash: node /kit/rag.mjs entry property_question reason_for request focus_of ongoing occurred provides allowed_to_enter prohibited contrast supports then user_practice
   40.1s turn 5
   44.8s   model reply: in 2936 + cached 36567, out 144 (+92 reasoning)
   44.8s   tool bash: node /kit/rag.mjs search "problem" "issue" "hobby" "leisure" "part-time" "employee" "company" "business" "balance"
   45.0s turn 6
   51.5s   model reply: in 5610 + cached 36567, out 47 (+22 reasoning)
   51.5s   tool bash: grep "| constructor |" /reference/glossary.md
   51.5s turn 7
   57.4s   model reply: in 3396 + cached 40624, out 79 (+37 reasoning)
   57.4s   tool bash: grep "| constructor |" /reference/glossary.md | awk -F '|' '{print $2}' | tr -d ' '
   57.4s turn 8
   60.5s   model reply: in 3798 + cached 40607, out 57 (+13 reasoning)
   60.5s   tool bash: grep "| claim_relation |" /reference/glossary.md | awk -F '|' '{print $2}' | tr -d ' '
   60.5s turn 9
   63.9s   model reply: in 4098 + cached 40589, out 60 (+12 reasoning)
   63.9s   tool bash: grep -E "\| (link|speech_act) \|" /reference/glossary.md | awk -F '|' '{print $2, $3}'
   64.0s turn 10
   69.4s   model reply: in 4280 + cached 40571, out 361 (+298 reasoning)
   69.4s   tool bash: node /kit/rag.mjs entry group_size property_question negation conditional temporal_context time_horizon has_goal motivated_by involves has_attribute associated_
   69.5s turn 11
   73.1s   model reply: in 2517 + cached 44628, out 79 (+14 reasoning)
   73.1s   tool bash: node /kit/rag.mjs entry attribute_claim stereotype varies_by_location varies_with warning works_best allows_to_enter causes enables leads_to meets_needs ongoing
   73.2s turn 12
   79.5s   model reply: in 4336 + cached 44623, out 526 (+498 reasoning)
   79.5s   tool bash: node /kit/rag.mjs search "user" "agent"
   79.6s turn 13
  105.5s   model reply: in 5439 + cached 44613, out 57 (+29 reasoning)
  105.5s   tool bash: node /kit/rag.mjs entry role_user role_agent
  105.6s turn 14
  111.6s   model reply: in 5607 + cached 44595, out 237 (+213 reasoning)
  111.6s   tool bash: node /kit/rag.mjs check --help
  111.6s turn 15
  127.8s   model reply: in 5877 + cached 44578, out 2582 (+2077 reasoning)
  127.8s   tool write: /output/translation.md
  127.8s turn 16
  131.0s   model reply: in 4408 + cached 48633, out 59 (+29 reasoning)
  131.0s   tool bash: node /kit/rag.mjs check --translation /output/translation.md
  131.1s turn 17
  145.5s   model reply: in 4965 + cached 48618, out 2052 (+2001 reasoning)
  145.5s   tool bash: grep -n -C 10 "function check" /kit/rag.mjs || grep -n -C 10 "check" /kit/rag.mjs
  145.6s turn 18
  163.0s   model reply: in 3660 + cached 52677, out 2867 (+2753 reasoning)
  163.0s   tool bash: node /kit/rag.mjs widen "work and working hours" --kind object
node /kit/rag.mjs widen "leisure time and personal hobbies" --kind object
node /kit/rag.mjs widen
  163.9s turn 19
  185.8s   model reply: in 9861 + cached 52715, out 3159 (+3129 reasoning)
  185.8s   tool bash: grep -C 5 "at_least" /reference/glossary.md
  185.8s turn 20
  209.3s   model reply: in 5635 + cached 60841, out 3874 (+2449 reasoning)
  209.3s   tool write: /output/translation.md
  209.4s turn 21
  232.3s   model reply: in 52257 + cached 0, out 59 (+29 reasoning)
  232.3s   tool bash: node /kit/rag.mjs check --translation /output/translation.md
  232.5s turn 22
  246.3s   model reply: in 4186 + cached 48708, out 1647 (+1620 reasoning)
  246.3s   tool bash: node /kit/rag.mjs entry supports contrast rejects revises
  246.4s turn 23
  276.1s   model reply: in 6055 + cached 48703, out 5212 (+3729 reasoning)
  276.1s   tool write: /output/translation.md
  276.1s turn 24
  280.0s   model reply: in 7193 + cached 52781, out 54 (+24 reasoning)
  280.0s   tool bash: node /kit/rag.mjs check --translation /output/translation.md
  280.2s turn 25
  285.8s   model reply: in 3778 + cached 56826, out 391 (+307 reasoning)
  285.8s agent finished
  285.8s agent finished
