    3.2s turn 1
    7.0s   model reply: in 0 + cached 0, out 0 (+0 reasoning)
    7.0s agent finished
    9.0s turn 2
   22.6s   model reply: in 0 + cached 0, out 0 (+0 reasoning)
   22.6s agent finished
   26.6s turn 3
   38.6s   model reply: in 0 + cached 0, out 0 (+0 reasoning)
   38.6s agent finished
   46.6s turn 4
  140.9s   model reply: in 31053 + cached 0, out 465 (+421 reasoning)
  140.9s   tool bash: node /kit/rag.mjs entry statement attribute_claim character_trait conditional negation requirement size_large size_small shape_round color_label
  141.0s turn 5
  158.8s   model reply: in 4220 + cached 28450, out 96 (+51 reasoning)
  158.8s   tool bash: node /kit/rag.mjs search "proofwriter" "conjunction" "and" "logic" "property" "predicate" "entity"
  159.2s turn 6
  183.9s   model reply: in 2204 + cached 32509, out 58 (+27 reasoning)
  183.9s   tool bash: node /kit/rag.mjs entry conjunction possesses property_question attribute_claim subject
  184.0s turn 7
  191.2s   model reply: in 3318 + cached 32497, out 113 (+69 reasoning)
  191.2s   tool bash: node /kit/rag.mjs search "universal" "all" "for all" "truth" "unknown" "evaluation" "rule"
  191.5s turn 8
  224.3s   model reply: in 5320 + cached 32493, out 1673 (+1642 reasoning)
  224.3s   tool bash: node /kit/rag.mjs entry block_evaluation constrained_by lexical_label
  224.5s turn 9
  237.1s   model reply: in 40251 + cached 0, out 251 (+208 reasoning)
  237.1s   tool bash: node /kit/rag.mjs search "smart" "young" "nice" "big" "round" "personality" "trait"
  238.1s turn 10
  242.3s   model reply: in 5977 + cached 36551, out 52 (+23 reasoning)
  242.3s   tool bash: node /kit/rag.mjs entry has_attribute attitude interpersonal_stance
  243.0s turn 11
  267.7s   model reply: in 2310 + cached 40594, out 125 (+81 reasoning)
  267.7s   tool bash: node /kit/rag.mjs search "predicate" "attribute" "property" "holds" "evaluates" "true" "question"
  268.8s turn 12
  275.1s   model reply: in 4348 + cached 40591, out 64 (+36 reasoning)
  275.1s   tool bash: grep -E "\| constructor \|" /reference/glossary.md
  275.6s turn 13
  279.8s   model reply: in 2154 + cached 44645, out 72 (+40 reasoning)
  279.8s   tool bash: grep -E "\| (claim_relation) \|" /reference/glossary.md
  280.0s turn 14
  290.5s   model reply: in 4162 + cached 44642, out 43 (+9 reasoning)
  290.5s   tool bash: node /kit/rag.mjs search "claim_relation" "statement" "attribut"
  291.1s turn 15
  299.6s   model reply: in 5083 + cached 44630, out 568 (+526 reasoning)
  299.7s   tool bash: node /kit/rag.mjs search "character_trait" "property" "attribute" "trait" "feature" "subject"
  300.1s turn 16
  312.3s   model reply: in 3518 + cached 48689, out 1238 (+1208 reasoning)
  312.4s   tool bash: node /kit/rag.mjs widen "Bob is big" --kind claim
  314.7s turn 17
  321.4s   model reply: in 6246 + cached 48692, out 284 (+247 reasoning)
  321.4s   tool bash: grep -A 20 "v19/support/attribute_claim" /reference/glossary.md
  321.4s turn 18
  325.0s   model reply: in 2500 + cached 52732, out 46 (+18 reasoning)
  325.0s   tool bash: grep -E "attribute_claim" /reference/glossary.md
  325.5s turn 19
  330.3s   model reply: in 2797 + cached 52714, out 169 (+141 reasoning)
  330.3s   tool bash: grep -E "character_trait" /reference/glossary.md
  331.5s turn 20
  339.7s   model reply: in 3325 + cached 52698, out 114 (+86 reasoning)
  339.7s   tool bash: grep -E "constructor.*subject" /reference/glossary.md
  340.1s turn 21
  344.0s   model reply: in 3699 + cached 52681, out 64 (+26 reasoning)
  344.0s   tool bash: grep -E "^\| [a-z0-9_]+ \| constructor \|" /reference/glossary.md
  344.8s turn 22
  348.6s   model reply: in 5561 + cached 52679, out 73 (+31 reasoning)
  348.6s   tool bash: grep -E "^\| [e-z][a-z0-9_]+ \| constructor \|" /reference/glossary.md
  349.1s turn 23
  352.7s   model reply: in 3350 + cached 56730, out 56 (+14 reasoning)
  352.7s   tool bash: grep -E "^\| [p-z][a-z0-9_]+ \| constructor \|" /reference/glossary.md
  353.1s turn 24
  371.2s   model reply: in 5119 + cached 56727, out 2830 (+2789 reasoning)
  371.2s   tool bash: node /kit/rag.mjs search "proofwriter" "logic" "rule" "fact" "theory" "proposition"
  372.8s turn 25
  385.1s   model reply: in 5485 + cached 60803, out 1468 (+1432 reasoning)
  385.1s   tool bash: node /kit/rag.mjs entry character_trait subject requirement test_condition negation conditional conjunction lexical_label
  386.4s turn 26
  400.8s   model reply: in 4331 + cached 64864, out 2169 (+2145 reasoning)
  400.9s   tool bash: node /kit/rag.mjs check --help
  401.5s turn 27
  412.9s   model reply: in 48047 + cached 0, out 112 (+80 reasoning)
  412.9s   tool bash: grep -rn "proofwriter" /kit/ /reference/ 2>/dev/null
  413.5s turn 28
  420.2s   model reply: in 3553 + cached 44616, out 155 (+51 reasoning)
  420.2s   tool bash: node /kit/rag.mjs widen "Introduce a set of logical statements or theory" --kind speech_act
node /kit/rag.mjs widen "If someone is round then they are young" --
  424.5s turn 29
  435.8s   model reply: in 6970 + cached 44626, out 1150 (+1107 reasoning)
  435.8s   tool bash: node /kit/rag.mjs entry statement attribute_claim character_trait requirement subject test_condition negation conditional conjunction lexical_label considered a
  436.2s turn 30
  455.1s   model reply: in 6054 + cached 48691, out 68 (+28 reasoning)
  455.1s   tool bash: grep -E "^\| [a-z0-9_]+ \| claim_relation \|" /reference/glossary.md
  455.3s turn 31
  469.2s   model reply: in 4000 + cached 52746, out 1517 (+1476 reasoning)
  469.2s   tool bash: node /kit/rag.mjs search "smart" "intelligence" "nice" "young" "kind" "polite"
  469.9s turn 32
  494.1s   model reply: in 59942 + cached 0, out 3381 (+1010 reasoning)
  494.1s   tool write: /output/translation.md
  494.1s turn 33
  501.6s   model reply: in 6511 + cached 56816, out 53 (+23 reasoning)
  501.6s   tool bash: node /kit/rag.mjs check --translation /output/translation.md
  502.0s turn 34
  514.5s   model reply: in 3354 + cached 60861, out 563 (+454 reasoning)
  514.5s   tool bash: node /kit/rag.mjs widen "Charlie is not nice" --kind claim
node /kit/rag.mjs widen "If Erin is blue and Erin is young then Erin is smart" --kind claim
node /kit
  518.7s turn 35
  525.2s   model reply: in 15324 + cached 52758, out 393 (+335 reasoning)
  525.2s   tool bash: node /kit/rag.mjs widen "Answer must be True, False, or Unknown" --kind constraint
node /kit/rag.mjs search "true false unknown" "boolean" "ternary"
  528.0s turn 36
  541.8s   model reply: in 5842 + cached 64935, out 51 (+24 reasoning)
  541.8s   tool bash: node /kit/rag.mjs entry constraint_single_choice
  542.7s turn 37
  589.9s   model reply: in 47961 + cached 0, out 698 (+662 reasoning)
  589.9s   tool bash: node /kit/rag.mjs entry character_trait enables leads_to negation conditional conjunction requirement subject statement ask
  590.5s turn 38
  606.1s   model reply: in 5195 + cached 44686, out 147 (+122 reasoning)
  606.1s   tool bash: node /kit/rag.mjs entry lexical_label
  606.5s turn 39
  623.1s   model reply: in 5826 + cached 44672, out 2718 (+300 reasoning)
  623.1s   tool write: /output/translation.md
  623.1s turn 40
  628.1s   model reply: in 4490 + cached 48730, out 53 (+23 reasoning)
  628.1s   tool bash: node /kit/rag.mjs check --translation /output/translation.md
  629.3s turn 41
  648.0s   model reply: in 5412 + cached 48718, out 2827 (+453 reasoning)
  648.0s   tool write: /output/translation.md
  648.0s turn 42
  652.9s   model reply: in 4184 + cached 52777, out 53 (+23 reasoning)
  652.9s   tool bash: node /kit/rag.mjs check --translation /output/translation.md
  653.4s turn 43
  677.8s   model reply: in 5167 + cached 52765, out 3721 (+1347 reasoning)
  677.8s   tool write: /output/translation.md
  677.9s turn 44
  683.6s   model reply: in 4826 + cached 56831, out 53 (+23 reasoning)
  683.6s   tool bash: node /kit/rag.mjs check --translation /output/translation.md
  684.1s turn 45
  690.9s   model reply: in 5809 + cached 56819, out 78 (+32 reasoning)
  691.1s agent finished
  691.1s agent finished
