    2.2s turn 1
   13.5s   model reply: in 31360 + cached 0, out 1372 (+1318 reasoning)
   13.5s   tool bash: node /kit/rag.mjs search "anonymity" "accountability" "cyberbullying" "fraud" "identity theft" "password" "two-factor authentication" "infrastructure"
   13.7s turn 2
   29.3s   model reply: in 6479 + cached 28465, out 2301 (+2192 reasoning)
   29.3s   tool bash: node /kit/rag.mjs entry statement considered enables important involves opposes provides recommended user_practice user_preference attribute_claim controversial
   29.4s turn 3
   33.4s   model reply: in 6699 + cached 32539, out 142 (+92 reasoning)
   33.4s   tool bash: node /kit/rag.mjs entry obligation requirement negation driver_license criminality potential_harms personal_values constitutional_ai contrast supports rejects r
   33.5s turn 4
   73.8s   model reply: in 4216 + cached 36596, out 141 (+94 reasoning)
   73.8s   tool bash: node /kit/rag.mjs search "privacy" "security" "accessibility" "verification" "account" "database" "marginalized" "proxy"
   74.0s turn 5
  181.8s   model reply: in 43196 + cached 0, out 137 (+87 reasoning)
  181.8s   tool bash: node /kit/rag.mjs search "risk" "harm" "prevent" "cost" "benefit" "trade-off" "law enforcement" "investigation"
  182.0s turn 6
  187.2s   model reply: in 4910 + cached 40654, out 103 (+53 reasoning)
  187.2s   tool bash: grep -E "^\| [a-zA-Z0-9_]+ \| (constructor|claim_relation|link|speech_act)" /reference/glossary.md
  187.2s turn 7
  191.3s   model reply: in 47513 + cached 0, out 64 (+20 reasoning)
  191.3s   tool bash: grep -E "^\| [a-zA-Z0-9_]+ \| (claim_relation|link)" /reference/glossary.md
  191.4s turn 8
  194.8s   model reply: in 4810 + cached 44707, out 64 (+16 reasoning)
  194.8s   tool bash: grep -E "^\| [a-zA-Z0-9_]+ \| claim_relation" /reference/glossary.md | tail -n +30
  194.8s turn 9
  198.2s   model reply: in 2763 + cached 48765, out 62 (+23 reasoning)
  198.2s   tool bash: grep -E "^\| [a-zA-Z0-9_]+ \| link" /reference/glossary.md
  198.2s turn 10
  201.5s   model reply: in 3062 + cached 48747, out 56 (+17 reasoning)
  201.5s   tool bash: grep -E "^\| [a-zA-Z0-9_]+ \| constructor" /reference/glossary.md
  201.6s turn 11
  206.4s   model reply: in 4920 + cached 48741, out 59 (+13 reasoning)
  206.4s   tool bash: grep -E "^\| [a-zA-Z0-9_]+ \| constructor" /reference/glossary.md | tail -n +25
  206.5s turn 12
  210.4s   model reply: in 2760 + cached 52797, out 59 (+13 reasoning)
  210.4s   tool bash: grep -E "^\| [a-zA-Z0-9_]+ \| constructor" /reference/glossary.md | tail -n +50
  210.4s turn 13
  213.7s   model reply: in 4573 + cached 52791, out 61 (+15 reasoning)
  213.7s   tool bash: grep -E "^\| [a-zA-Z0-9_]+ \| constructor" /reference/glossary.md | tail -n +75
  213.8s turn 14
  336.6s   model reply: in 0 + cached 0, out 0 (+0 reasoning)
  336.6s agent finished
  338.6s turn 15
  352.3s   model reply: in 0 + cached 0, out 0 (+0 reasoning)
  352.3s agent finished
  356.3s turn 16
  368.0s   model reply: in 0 + cached 0, out 0 (+0 reasoning)
  368.0s agent finished
  376.0s turn 17
  477.4s   model reply: in 58104 + cached 0, out 2245 (+2212 reasoning)
  477.4s   tool bash: node /kit/rag.mjs widen "social security numbers or unique identification" --kind object
  477.6s turn 18
  489.5s   model reply: in 5605 + cached 56852, out 1152 (+1099 reasoning)
  489.5s   tool bash: grep -i -E "identity|anonym|privacy|security|fraud|account|password|database|infrastructure|bully|authenticat|marginal" /reference/glossary.md
  489.6s turn 19
  507.9s   model reply: in 3721 + cached 60910, out 66 (+27 reasoning)
  507.9s   tool bash: grep -E "^\| [a-zA-Z0-9_]+ \| value" /reference/glossary.md
  508.0s turn 20
  535.4s   model reply: in 5879 + cached 60907, out 79 (+27 reasoning)
  535.4s   tool bash: grep -E "^\| [a-zA-Z0-9_]+ \| value \| (recipient-value|topic-value|tone-value)" /reference/glossary.md
  535.5s turn 21
  547.7s   model reply: in 3092 + cached 64957, out 67 (+18 reasoning)
  547.7s   tool bash: grep -E "^\| [a-zA-Z0-9_]+ \| value \| (metric-value|descriptive-value)" /reference/glossary.md
  547.7s turn 22
  567.6s   model reply: in 3873 + cached 64943, out 51 (+12 reasoning)
  567.6s   tool bash: grep -E "^\| [a-zA-Z0-9_]+ \| composite" /reference/glossary.md
  567.7s turn 23
  585.6s   model reply: in 47330 + cached 0, out 373 (+341 reasoning)
  585.6s   tool bash: grep -E "MODE (REQUEST|TRACE)" /attach/7-examples.jsonl
  585.6s turn 24
  603.8s   model reply: in 4210 + cached 44663, out 1531 (+1459 reasoning)
  603.8s   tool bash: node /kit/rag.mjs entry subject requirement activity obligation negation conditional conjunction statement considered enables important opposes provides recomme
  604.0s turn 25
  621.5s   model reply: in 3692 + cached 48731, out 132 (+70 reasoning)
  621.5s   tool bash: node /kit/rag.mjs entry important opposes provides recommended controversial user_practice user_preference attribute_claim involves identity allowed_to_enter ex
  621.7s turn 26
  629.2s   model reply: in 5817 + cached 48728, out 79 (+45 reasoning)
  629.2s   tool bash: node /kit/rag.mjs entry supports rejects contrast revises ask inform confirm respond acknowledge propose decline
  629.4s turn 27
  635.3s   model reply: in 2488 + cached 52774, out 87 (+45 reasoning)
  635.3s   tool bash: grep -E "^\| [a-zA-Z0-9_]+ \| claim_relation \|" /reference/glossary.md
  635.4s turn 28
  644.8s   model reply: in 4512 + cached 52770, out 65 (+16 reasoning)
  644.8s   tool bash: grep -E "^\| [a-zA-Z0-9_]+ \| claim_relation \|" /reference/glossary.md | tail -n +35
  644.8s turn 29
  649.2s   model reply: in 2188 + cached 56824, out 66 (+26 reasoning)
  649.2s   tool bash: grep -E "^\| [a-zA-Z0-9_]+ \| link \|" /reference/glossary.md
  649.2s turn 30
  660.4s   model reply: in 2492 + cached 56805, out 71 (+29 reasoning)
  660.4s   tool bash: grep -E "^\| [a-zA-Z0-9_]+ \| speech_act \|" /reference/glossary.md
  660.5s turn 31
  693.3s   model reply: in 3053 + cached 56789, out 6073 (+5682 reasoning)
  693.3s   tool bash: cat << 'EOF' > /output/translation.md
Status: success
Mode: TRACE

## BrainCode

```braincode
MODE TRACE
ENTRYPOINT Conversation
CONVO Conversation {
  TURN t1 
  693.6s turn 32
  698.9s   model reply: in 9698 + cached 56826, out 381 (+351 reasoning)
  698.9s   tool bash: node /kit/rag.mjs widen "social security numbers or unique identification"
  699.1s turn 33
  704.1s   model reply: in 4028 + cached 64944, out 356 (+304 reasoning)
  704.1s   tool bash: node /kit/rag.mjs search "database infrastructure investment" "privacy concerns sensitive personal information" "circumvent identity checks proxy vpn" "balance 
  704.2s turn 34
  726.8s   model reply: in 49130 + cached 0, out 82 (+38 reasoning)
  726.8s   tool bash: grep -E "^\| [a-zA-Z0-9_]+ \| (constructor|composite) \|" /reference/glossary.md
  726.9s turn 35
  730.8s   model reply: in 2267 + cached 48741, out 69 (+18 reasoning)
  730.8s   tool bash: grep -E "^\| [a-zA-Z0-9_]+ \| (constructor|composite) \|" /reference/glossary.md | tail -n +26
  730.9s turn 36
  733.8s   model reply: in 4150 + cached 48735, out 69 (+18 reasoning)
  733.8s   tool bash: grep -E "^\| [a-zA-Z0-9_]+ \| (constructor|composite) \|" /reference/glossary.md | tail -n +51
  733.8s turn 37
  736.7s   model reply: in 5932 + cached 48729, out 54 (+14 reasoning)
  736.7s   tool bash: grep -E "^\| [a-zA-Z0-9_]+ \| composite \|" /reference/glossary.md
  736.7s turn 38
  742.9s   model reply: in 3640 + cached 52783, out 87 (+40 reasoning)
  742.9s   tool bash: grep -E "^\| [a-zA-Z0-9_]+ \| value \|" /reference/glossary.md | head -n 40
  743.0s turn 39
  746.7s   model reply: in 5188 + cached 52776, out 67 (+20 reasoning)
  746.7s   tool bash: grep -E "^\| [a-zA-Z0-9_]+ \| value \|" /reference/glossary.md | tail -n +41
  746.8s turn 40
  790.2s   model reply: in 3192 + cached 56832, out 8082 (+5713 reasoning)
  790.2s   tool bash: cat << 'EOF' > /output/translation.md
Status: success
Mode: TRACE

## BrainCode

```braincode
MODE TRACE
ENTRYPOINT Conversation
CONVO Conversation {
  TURN t1 
  790.3s turn 41
  821.8s   model reply: in 11881 + cached 56879, out 5502 (+3105 reasoning)
  821.8s   tool bash: cat << 'EOF' > /output/translation.md
Status: success
Mode: TRACE

## BrainCode

```braincode
MODE TRACE
ENTRYPOINT Conversation
CONVO Conversation {
  TURN t1 
  822.1s turn 42
  870.3s   model reply: in 52058 + cached 0, out 4027 (+3997 reasoning)
  870.3s   tool bash: node /kit/rag.mjs check --translation /output/translation.md
  870.4s turn 43
  876.7s   model reply: in 7944 + cached 48857, out 119 (+100 reasoning)
  876.7s   tool read: /output/translation.md
  876.8s turn 44
  882.1s   model reply: in 6350 + cached 52922, out 131 (+23 reasoning)
  882.2s agent finished
  882.2s agent finished
