   11.6s turn 1
   19.9s   model reply: in 1710 + cached 0, out 665 (+648 reasoning)
   19.9s   tool read: /trajectory.txt
   20.0s turn 2
   26.0s   model reply: in 2466 + cached 0, out 581 (+550 reasoning)
   26.0s   tool bash: python3 -c "print(repr(open('/trajectory.txt').read()))"
   26.0s turn 3
   28.4s   model reply: in 3070 + cached 0, out 54 (+14 reasoning)
   28.4s   tool bash: node -e "console.log(JSON.stringify(require('fs').readFileSync('/trajectory.txt', 'utf8')))"
   28.5s turn 4
   31.3s   model reply: in 3222 + cached 0, out 152 (+134 reasoning)
   31.3s   tool bash: ls -la /attach
   31.5s turn 5
   91.8s   model reply: in 3458 + cached 0, out 9033 (+9015 reasoning)
   91.8s   tool bash: mkdir -p /output
   91.9s turn 6
  105.9s   model reply: in 12494 + cached 0, out 204 (+48 reasoning)
  105.9s   tool write: /output/translation.md
  105.9s turn 7
  109.7s   model reply: in 4741 + cached 7961, out 37 (+18 reasoning)
  109.7s   tool read: /output/translation.md
  109.8s turn 8
  118.3s   model reply: in 4919 + cached 7951, out 256 (+242 reasoning)
  118.3s agent finished
  118.3s agent finished
