    2.3s turn 1
   14.7s   model reply: in 16640 + cached 0, out 1812 (+1781 reasoning)
   14.7s   tool bash: node /kit/rag.mjs entry greeting 2>/dev/null || true
   14.9s turn 2
   17.8s   model reply: in 2344 + cached 16162, out 41 (+15 reasoning)
   17.8s   tool bash: ls -la /kit 2>/dev/null || true
   17.8s turn 3
   21.1s   model reply: in 2569 + cached 16145, out 43 (+24 reasoning)
   21.1s   tool read: /kit/README.md
   21.2s turn 4
   25.0s   model reply: in 3777 + cached 16142, out 69 (+46 reasoning)
   25.0s   tool bash: ls -la / 2>/dev/null
   25.0s turn 5
   79.5s   model reply: in 4636 + cached 16135, out 9573 (+9269 reasoning)
   79.5s   tool write: /output/reconstruction.md
   79.5s turn 6
   83.7s   model reply: in 10100 + cached 20249, out 59 (+39 reasoning)
   83.7s   tool read: /output/reconstruction.md
   83.7s turn 7
   87.6s   model reply: in 2354 + cached 28332, out 43 (+17 reasoning)
   87.6s agent finished
   87.6s agent finished
