    2.2s turn 1
    8.2s   model reply: in 3 + cached 0, out 75 (+0 reasoning)
    8.2s   tool bash: node /kit/rag.mjs search "describe requested search action with price sorting and constraints" "watt power unit" "speech act request" "ranking ordering descript
    9.3s turn 2
   14.6s   model reply: in 3 + cached 26361, out 111 (+23 reasoning)
   14.6s   tool bash: node /kit/rag.mjs entry request role_user role_agent web_element; node /kit/rag.mjs widen "At least 600W power output" --kind constraint; node /kit/rag.mjs sear
   16.9s turn 3
   24.2s   model reply: in 3 + cached 28703, out 180 (+74 reasoning)
   24.2s   tool bash: node /kit/rag.mjs widen "Find or search for a product" --kind action; node /kit/rag.mjs widen "Cheapest / lowest price" --kind constraint; node /kit/rag.mjs sea
   25.0s turn 4
   38.5s   model reply: in 3 + cached 31311, out 321 (+267 reasoning)
   38.5s   tool bash: node /kit/rag.mjs search "search action description query term" "sort description selection minimum"; node /kit/rag.mjs entry decision
   38.7s turn 5
   65.2s   model reply: in 3 + cached 34148, out 1530 (+0 reasoning)
   65.2s   tool write: /output/translation.md
   65.2s turn 6
   69.4s   model reply: in 3 + cached 35157, out 36 (+0 reasoning)
   69.4s   tool bash: node /kit/rag.mjs check --translation /output/translation.md
   69.5s turn 7
   89.0s   model reply: in 3 + cached 36705, out 896 (+24 reasoning)
   89.0s   tool write: /output/suggestions.md
   89.0s turn 8
   94.6s   model reply: in 3 + cached 37174, out 130 (+0 reasoning)
   94.6s   tool edit: /output/translation.md
   94.6s turn 9
   98.3s   model reply: in 3 + cached 38088, out 53 (+0 reasoning)
   98.3s agent finished
   98.3s agent finished
