    8.4s turn 1
   16.6s   model reply: in 11221 + cached 0, out 1129 (+1112 reasoning)
   16.6s   tool bash: ls -la /
   16.7s turn 2
   19.0s   model reply: in 5083 + cached 8036, out 37 (+17 reasoning)
   19.0s   tool bash: ls -la /kit /reference
   19.4s turn 3
   22.2s   model reply: in 5508 + cached 8028, out 48 (+28 reasoning)
   22.2s   tool read: /reference/examples.jsonl
   22.4s turn 4
   34.6s   model reply: in 2710 + cached 12044, out 1303 (+1285 reasoning)
   34.6s   tool bash: ls -la /output
   35.0s turn 5
   37.6s   model reply: in 4062 + cached 12048, out 78 (+12 reasoning)
   37.6s   tool write: /output/reconstruction.md
   37.7s turn 6
   40.4s   model reply: in 4163 + cached 12030, out 44 (+24 reasoning)
   40.4s   tool read: /output/reconstruction.md
   40.5s turn 7
   43.1s   model reply: in 4261 + cached 12016, out 67 (+51 reasoning)
   43.1s agent finished
   43.1s agent finished
