    2.0s turn 1
    8.4s   model reply: in 26862 + cached 0, out 1076 (+1040 reasoning)
    8.4s   tool bash: node /kit/rag.mjs entry web_element click type_text select_filter request activity requirement subject
    8.5s turn 2
   11.4s   model reply: in 5210 + cached 24366, out 68 (+33 reasoning)
   11.4s   tool bash: node /kit/rag.mjs search "job" "security clearance" "certificate" "browse"
   11.5s turn 3
   15.0s   model reply: in 2320 + cached 28416, out 304 (+275 reasoning)
   15.0s   tool bash: node /kit/rag.mjs widen "browse jobs" --kind action
   15.2s turn 4
   17.7s   model reply: in 4279 + cached 28412, out 88 (+50 reasoning)
   17.7s   tool bash: grep -E "^\| [a-z0-9_]+ \| constructor \|" /reference/glossary.md
   17.8s turn 5
   21.6s   model reply: in 2108 + cached 32467, out 414 (+378 reasoning)
   21.6s   tool bash: node /kit/rag.mjs entry request ask select_filter search_web apply_filters web_element
   21.7s turn 6
   23.5s   model reply: in 0 + cached 0, out 0 (+0 reasoning)
   23.5s agent finished
   25.5s turn 7
   39.1s   model reply: in 0 + cached 0, out 0 (+0 reasoning)
   39.1s agent finished
   43.1s turn 8
   69.7s   model reply: in 0 + cached 0, out 0 (+0 reasoning)
   69.7s agent finished
   77.7s turn 9
  290.7s   model reply: in 36057 + cached 0, out 306 (+266 reasoning)
  290.7s   tool bash: grep -E "^\| [a-z0-9_]+ \| speech_act \|" /reference/glossary.md
  290.8s turn 10
  307.9s   model reply: in 4390 + cached 32447, out 193 (+165 reasoning)
  307.9s   tool bash: grep -E "^\| request \|" /reference/glossary.md
  308.0s turn 11
  315.2s   model reply: in 4648 + cached 32430, out 105 (+75 reasoning)
  315.2s   tool bash: grep -E "^\| role_user \|" /reference/glossary.md
  315.4s turn 12
  326.3s   model reply: in 4795 + cached 32412, out 313 (+275 reasoning)
  326.3s   tool bash: node /kit/rag.mjs search "filter" "certificate" "clearance" "browse" "search"
  326.5s turn 13
  337.5s   model reply: in 2512 + cached 36461, out 108 (+53 reasoning)
  337.6s   tool bash: grep -E "^\| (activity|requirement|subject|conjunction|search_web|web_element|request|select_filter|apply_filters) \|" /reference/glossary.md
  337.6s turn 14
  367.0s   model reply: in 3251 + cached 36449, out 133 (+95 reasoning)
  367.0s   tool bash: grep -E "^\| [a-z0-9_]+ \| operation \|" /reference/glossary.md
  367.1s turn 15
  374.9s   model reply: in 5441 + cached 36451, out 464 (+434 reasoning)
  374.9s   tool bash: grep -C 5 "web_element" /reference/glossary.md
  374.9s turn 16
  395.3s   model reply: in 2422 + cached 40491, out 418 (+394 reasoning)
  395.3s   tool bash: grep -rn "web_element" /reference/
  395.5s turn 17
  412.8s   model reply: in 3101 + cached 40478, out 3087 (+3049 reasoning)
  412.8s   tool bash: node /kit/rag.mjs search "web_element" "Filters" "Certificates" "Display Results"
  413.0s turn 18
  419.6s   model reply: in 7320 + cached 40502, out 73 (+49 reasoning)
  419.6s   tool bash: node /kit/rag.mjs check --help
  419.6s turn 19
  425.9s   model reply: in 3378 + cached 44533, out 95 (+64 reasoning)
  425.9s   tool bash: grep -A 30 "async function check" /kit/rag.mjs
  426.0s turn 20
  429.8s   model reply: in 3502 + cached 44514, out 42 (+16 reasoning)
  429.8s   tool bash: grep -n "function " /kit/rag.mjs
  429.9s turn 21
  434.5s   model reply: in 3617 + cached 44495, out 78 (+48 reasoning)
  434.5s   tool read: /kit/rag.mjs
  434.5s turn 22
  445.6s   model reply: in 5177 + cached 44489, out 1909 (+1880 reasoning)
  445.6s   tool bash: node /kit/rag.mjs widen "IT jobs" --kind object
  445.8s turn 23
  449.7s   model reply: in 4447 + cached 48552, out 62 (+31 reasoning)
  449.7s   tool bash: node /kit/rag.mjs widen "Filter job search results" --kind action
  449.9s turn 24
  454.1s   model reply: in 2413 + cached 52601, out 39 (+7 reasoning)
  454.1s   tool bash: node /kit/rag.mjs widen "Filter by Security clearance certificate" --kind constraint
  454.3s turn 25
  464.1s   model reply: in 4453 + cached 52604, out 1807 (+947 reasoning)
  464.1s   tool write: /output/translation.md
  464.1s turn 26
  466.9s   model reply: in 2221 + cached 56647, out 53 (+23 reasoning)
  466.9s   tool bash: node /kit/rag.mjs check --translation /output/translation.md
  467.2s turn 27
  476.8s   model reply: in 2627 + cached 56631, out 1795 (+1759 reasoning)
  476.8s   tool bash: node /kit/rag.mjs search "Filters link" "Certificates link" "Security clearance link"
  477.0s turn 28
  485.5s   model reply: in 5305 + cached 56641, out 666 (+634 reasoning)
  485.5s   tool bash: node /kit/rag.mjs check --translation /output/translation.md --json
  485.7s turn 29
  500.1s   model reply: in 2741 + cached 60275, out 3009 (+2980 reasoning)
  500.1s   tool bash: node /kit/rag.mjs search "Filters" "Certificates"
  500.4s turn 30
  509.2s   model reply: in 6285 + cached 60317, out 1669 (+767 reasoning)
  509.2s   tool write: /output/translation.md
  509.3s turn 31
  512.3s   model reply: in 3932 + cached 64343, out 53 (+23 reasoning)
  512.3s   tool bash: node /kit/rag.mjs check --translation /output/translation.md
  512.6s turn 32
  516.1s   model reply: in 4335 + cached 64330, out 77 (+45 reasoning)
  516.1s   tool bash: node /kit/rag.mjs check --translation /output/translation.md --json
  516.2s turn 33
  524.5s   model reply: in 5216 + cached 63930, out 1336 (+1165 reasoning)
  524.5s agent finished
  524.5s agent finished
