    1.7s turn 1
    7.9s   model reply: in 30982 + cached 0, out 630 (+599 reasoning)
    7.9s   tool bash: node /kit/rag.mjs entry place pick_up walk turn face drop remove
    8.0s turn 2
   11.2s   model reply: in 4187 + cached 28450, out 97 (+51 reasoning)
   11.2s   tool bash: node /kit/rag.mjs search "walk forward" "turn left" "stove top" "burner" "safe" "closest" "above"
   11.4s turn 3
   21.1s   model reply: in 2289 + cached 32510, out 1346 (+1306 reasoning)
   21.1s   tool bash: node /kit/rag.mjs widen "command to place a pan with a knife onto a table" --kind speech_act
   21.3s turn 4
   24.0s   model reply: in 5482 + cached 32512, out 39 (+12 reasoning)
   24.0s   tool bash: node /kit/rag.mjs search "speech_act"
   24.1s turn 5
   34.8s   model reply: in 38326 + cached 0, out 1522 (+1491 reasoning)
   34.8s   tool bash: node /kit/rag.mjs entry walk turn face pick_up place drop remove
   34.9s turn 6
   38.8s   model reply: in 4315 + cached 36558, out 205 (+166 reasoning)
   38.8s   tool bash: node /kit/rag.mjs search "walk forward" "turn around" "face" "above" "burner"
   39.0s turn 7
   46.7s   model reply: in 0 + cached 0, out 0 (+0 reasoning)
   46.8s agent finished
   48.7s turn 8
   62.4s   model reply: in 0 + cached 0, out 0 (+0 reasoning)
   62.4s agent finished
   66.4s turn 9
   93.0s   model reply: in 0 + cached 0, out 0 (+0 reasoning)
   93.0s agent finished
  101.1s turn 10
  153.5s   model reply: in 0 + cached 0, out 0 (+0 reasoning)
  153.5s agent finished
  169.5s turn 11
  282.2s   model reply: in 42515 + cached 0, out 73 (+41 reasoning)
  282.2s   tool bash: grep -E "spatial-relation|operation-vocabulary" /reference/glossary.md
  282.3s turn 12
  301.3s   model reply: in 2350 + cached 40595, out 42 (+10 reasoning)
  301.3s   tool bash: grep -A 25 "### operation-vocabulary" /reference/glossary.md
  301.4s turn 13
  317.1s   model reply: in 2423 + cached 40574, out 42 (+16 reasoning)
  317.1s   tool bash: grep -E "^### " /reference/glossary.md
  317.2s turn 14
  342.8s   model reply: in 2643 + cached 40556, out 50 (+24 reasoning)
  342.8s   tool bash: grep -E "^## " /reference/glossary.md
  342.9s turn 15
  350.7s   model reply: in 2760 + cached 40536, out 50 (+20 reasoning)
  350.7s   tool bash: grep -A 35 "^## Operations" /reference/glossary.md
  350.7s turn 16
  357.9s   model reply: in 4731 + cached 40535, out 42 (+11 reasoning)
  357.9s   tool bash: grep -A 15 "stand_up" /reference/glossary.md
  358.0s turn 17
  366.7s   model reply: in 5644 + cached 40524, out 44 (+13 reasoning)
  366.7s   tool bash: grep -A 25 "^## Speech acts" /reference/glossary.md
  366.7s turn 18
  372.4s   model reply: in 2652 + cached 44567, out 45 (+15 reasoning)
  372.4s   tool bash: grep -A 40 "^## Constructors" /reference/glossary.md
  372.4s turn 19
  403.8s   model reply: in 4456 + cached 44565, out 3784 (+2945 reasoning)
  403.8s   tool write: /output/translation.md
  403.8s turn 20
  410.0s   model reply: in 4179 + cached 48630, out 45 (+15 reasoning)
  410.0s   tool bash: node /kit/rag.mjs check --translation /output/translation.md
  410.2s turn 21
  415.8s   model reply: in 5099 + cached 48619, out 472 (+433 reasoning)
  415.8s   tool bash: node /kit/rag.mjs search "walk" "turn" "face" "pick_up" "place"
  416.0s turn 22
  422.5s   model reply: in 3053 + cached 52671, out 512 (+481 reasoning)
  422.5s   tool bash: node /kit/rag.mjs search "forward" "straight" "front"
  422.6s turn 23
  426.5s   model reply: in 4379 + cached 52664, out 56 (+31 reasoning)
  426.5s   tool bash: node /kit/rag.mjs entry location_spec
  426.6s turn 24
  432.6s   model reply: in 4547 + cached 52645, out 67 (+36 reasoning)
  432.6s   tool bash: node /kit/rag.mjs search "spatial" "entity" "relation"
  432.7s turn 25
  444.1s   model reply: in 5507 + cached 52636, out 1225 (+1192 reasoning)
  444.1s   tool bash: grep "^| [a-z]" /reference/glossary.md | grep "constructor"
  444.2s turn 26
  470.6s   model reply: in 4428 + cached 56696, out 4744 (+3680 reasoning)
  470.6s   tool write: /output/translation.md
  470.7s turn 27
  473.4s   model reply: in 5100 + cached 60772, out 45 (+15 reasoning)
  473.4s   tool bash: node /kit/rag.mjs check --translation /output/translation.md
  473.6s turn 28
  482.8s   model reply: in 5937 + cached 60760, out 1070 (+1049 reasoning)
  482.8s   tool bash: cat /kit/rag.mjs
  482.8s turn 29
  506.5s   model reply: in 4483 + cached 64817, out 4089 (+2989 reasoning)
  506.5s   tool write: /output/translation.md
  506.5s turn 30
  515.7s   model reply: in 56096 + cached 0, out 48 (+18 reasoning)
  515.7s   tool bash: node /kit/rag.mjs check --translation /output/translation.md
  515.9s turn 31
  518.8s   model reply: in 4147 + cached 52777, out 70 (+23 reasoning)
  518.8s agent finished
  518.8s agent finished
