    1.9s turn 1
   14.9s   model reply: in 25899 + cached 0, out 1561 (+1513 reasoning)
   14.9s   tool bash: node /kit/rag.mjs search "dinner suggestion" "delicious" "easy to prepare" "taco" "vegetarian" "filling" "baked pasta"
   15.1s turn 2
   22.3s   model reply: in 5012 + cached 24365, out 120 (+76 reasoning)
   22.3s   tool bash: node /kit/rag.mjs entry propose_menu menu_works prep_time user_preference enables include requirement offer_help offer propose ask respond
   22.4s turn 3
   29.2s   model reply: in 2102 + cached 28415, out 110 (+72 reasoning)
   29.2s   tool bash: node /kit/rag.mjs search "recipe" "cook" "prep" "assemble" "shopping list"
   29.4s turn 4
   36.7s   model reply: in 3613 + cached 28407, out 163 (+105 reasoning)
   36.7s   tool bash: node /kit/rag.mjs entry entity_grocery_list entity_condensed_grocery_list entity_assembly_tips entity_recipes entity_sides entity_desserts entity_appetizers rol
   36.8s turn 5
   43.8s   model reply: in 4263 + cached 28393, out 63 (+36 reasoning)
   43.8s   tool bash: grep -E "^\| entity_" /reference/glossary.md
   43.9s turn 6
   49.7s   model reply: in 4907 + cached 28380, out 43 (+15 reasoning)
   49.7s   tool bash: grep -E "\| constructor \|" /reference/glossary.md
   49.8s turn 7
   58.1s   model reply: in 2695 + cached 32431, out 42 (+12 reasoning)
   58.1s   tool bash: grep -E "\| claim_relation \|" /reference/glossary.md
   58.1s turn 8
   66.5s   model reply: in 4671 + cached 32430, out 708 (+669 reasoning)
   66.5s   tool bash: node /kit/rag.mjs entry menu_works prep_time user_preference propose_menu attribute_claim activity include
   66.6s turn 9
   70.6s   model reply: in 2614 + cached 36483, out 128 (+90 reasoning)
   70.6s   tool bash: grep -i -E "menu|food|meal|dinner|dish|recipe" /reference/glossary.md
   70.7s turn 10
   73.5s   model reply: in 4833 + cached 36484, out 116 (+91 reasoning)
   73.5s   tool bash: node /kit/rag.mjs entry lexical_label
   73.6s turn 11
   84.8s   model reply: in 5433 + cached 36470, out 1935 (+1892 reasoning)
   84.8s   tool bash: node /kit/rag.mjs search "propose_menu" "user_preference" "menu_works" "prep_time"
   85.0s turn 12
   88.4s   model reply: in 4691 + cached 40535, out 122 (+62 reasoning)
   88.4s   tool bash: grep -E "\| constructor \|" /reference/glossary.md | grep -i -E "food|meal|dinner|dish|menu|recipe|plan|propos|option|suggest|diet|cook"
   88.5s turn 13
   91.7s   model reply: in 6045 + cached 40528, out 79 (+34 reasoning)
   91.7s   tool bash: grep -E "\| constructor \|" /reference/glossary.md | awk -F'|' '{print $2, "|", $4}'
   91.7s turn 14
   94.5s   model reply: in 4352 + cached 44584, out 71 (+24 reasoning)
   94.5s   tool bash: grep -E "\| claim_relation \|" /reference/glossary.md | awk -F'|' '{print $2, "|", $4}'
   94.5s turn 15
   98.9s   model reply: in 50385 + cached 0, out 56 (+11 reasoning)
   98.9s   tool bash: grep -E "\| link \|" /reference/glossary.md | awk -F'|' '{print $2, "|", $4}'
   98.9s turn 16
  101.9s   model reply: in 5967 + cached 44560, out 59 (+12 reasoning)
  101.9s   tool bash: grep -E "\| speech_act \|" /reference/glossary.md | awk -F'|' '{print $2, "|", $4}'
  102.0s turn 17
  113.3s   model reply: in 2171 + cached 48592, out 1742 (+1671 reasoning)
  113.3s   tool bash: node /kit/rag.mjs entry include activity lexical_label user_preference propose_menu menu_works prep_time requirement conjunction role_friend entity_sides entity
  113.4s turn 18
  117.0s   model reply: in 6032 + cached 48612, out 80 (+48 reasoning)
  117.0s   tool bash: node /kit/rag.mjs entry meat bread cheese lettuce ice_cream fruit_juice
  117.3s turn 19
  129.2s   model reply: in 2449 + cached 52647, out 1918 (+1894 reasoning)
  129.2s   tool bash: node /kit/rag.mjs entry user agent
  129.4s turn 20
  132.5s   model reply: in 4416 + cached 52648, out 86 (+54 reasoning)
  132.5s   tool bash: grep -E "claim-holder|recipient-value" /reference/glossary.md
  132.6s turn 21
  143.4s   model reply: in 5187 + cached 52636, out 1591 (+888 reasoning)
  143.4s   tool bash: cat << 'EOF' > /output/translation.md
Status: success
Mode: TRACE

## BrainCode

```braincode
MODE TRACE
ENTRYPOINT Conversation
CONVO Conversation {
  TURN t1 
  143.5s turn 22
  152.7s   model reply: in 3382 + cached 56689, out 1320 (+1296 reasoning)
  152.7s   tool bash: grep -rn "menu_works" /reference/
  152.8s turn 23
  156.2s   model reply: in 4881 + cached 56684, out 59 (+38 reasoning)
  156.2s   tool bash: find /reference /kit -type f
  156.2s turn 24
  159.7s   model reply: in 5035 + cached 56666, out 88 (+47 reasoning)
  159.7s   tool bash: grep -E "menu_works|propose_menu|food_label|user_preference" /reference/examples.jsonl
  159.7s turn 25
  162.6s   model reply: in 5152 + cached 56647, out 48 (+23 reasoning)
  162.6s   tool bash: head -n 5 /reference/examples.jsonl
  162.6s turn 26
  166.1s   model reply: in 2331 + cached 60686, out 144 (+119 reasoning)
  166.1s   tool bash: tail -n +6 /reference/examples.jsonl
  166.2s turn 27
  194.8s   model reply: in 2497 + cached 60667, out 5574 (+3694 reasoning)
  194.8s   tool bash: cat << 'EOF' > /output/translation.md
Status: success
Mode: TRACE

## BrainCode

```braincode
MODE TRACE
ENTRYPOINT Conversation
CONVO Conversation {
  TURN t1 
  194.9s turn 28
  214.2s   model reply: in 8656 + cached 60717, out 3755 (+1848 reasoning)
  214.2s   tool write: /output/translation.md
  214.2s turn 29
  223.5s   model reply: in 49062 + cached 0, out 53 (+23 reasoning)
  223.5s   tool bash: node /kit/rag.mjs check --translation /output/translation.md
  223.6s turn 30
  229.5s   model reply: in 5162 + cached 44588, out 82 (+14 reasoning)
  229.5s agent finished
  229.5s agent finished
