    1.8s turn 1
    9.5s   model reply: in 27296 + cached 0, out 1158 (+1116 reasoning)
    9.5s   tool bash: node /kit/rag.mjs search "discussion question" "documentary" "social media" "misinformation" "group discussion"
    9.7s turn 2
   12.4s   model reply: in 5475 + cached 24368, out 75 (+33 reasoning)
   12.4s   tool bash: node /kit/rag.mjs search "question" "open ended" "discussion" "ethical" "mental health" "bias"
   12.6s turn 3
   15.8s   model reply: in 3194 + cached 28423, out 110 (+44 reasoning)
   15.8s   tool bash: grep -E "^\| (property_question|subject|requirement|activity|controversial|statement|causes|leads_to|enables|opposes|provides|role|attribute_claim|involves) " /
   15.9s turn 4
   18.5s   model reply: in 4188 + cached 28412, out 50 (+13 reasoning)
   18.5s   tool bash: grep -E "^\| [a-z_]+ \| speech_act \|" /reference/glossary.md
   18.6s turn 5
   21.5s   model reply: in 4727 + cached 28397, out 58 (+23 reasoning)
   21.5s   tool bash: grep -E "^\| [a-z_]+ \| constructor \|" /reference/glossary.md
   21.6s turn 6
   24.4s   model reply: in 2528 + cached 32450, out 49 (+12 reasoning)
   24.4s   tool bash: grep -E "^\| [a-z_]+ \| claim_relation \|" /reference/glossary.md
   24.5s turn 7
   27.3s   model reply: in 4512 + cached 32448, out 46 (+11 reasoning)
   27.3s   tool bash: grep -E "^\| [a-z_]+ \| link \|" /reference/glossary.md
   27.3s turn 8
   34.3s   model reply: in 4794 + cached 32431, out 820 (+720 reasoning)
   34.3s   tool bash: node /kit/rag.mjs entry property_question subject requirement dialogue activity obligation self_protection art_social_post personal_values potential_harms belie
   34.5s turn 9
   38.5s   model reply: in 3619 + cached 36492, out 159 (+106 reasoning)
   38.5s   tool bash: node /kit/rag.mjs entry statement controversial causes enables leads_to opposes provides role attribute_claim involves distracts_from unaware user_practice user
   38.6s turn 10
   41.5s   model reply: in 5769 + cached 36492, out 52 (+29 reasoning)
   41.5s   tool bash: node /kit/rag.mjs entry request
   41.6s turn 11
   53.8s   model reply: in 5903 + cached 36474, out 1353 (+1328 reasoning)
   53.8s   tool bash: node /kit/rag.mjs entry lexical_label
   53.9s turn 12
   59.1s   model reply: in 3675 + cached 40525, out 355 (+312 reasoning)
   59.1s   tool bash: node /kit/rag.mjs search "discussion" "group discussion" "open ended" "definitive answer" "no correct answer"
   59.2s turn 13
   63.5s   model reply: in 5535 + cached 40523, out 72 (+25 reasoning)
   63.5s   tool bash: grep -E "^\| [a-z_]+ \| constructor \|" /reference/glossary.md | cut -d'|' -f2,4
   63.5s turn 14
   66.5s   model reply: in 3721 + cached 44577, out 45 (+10 reasoning)
   66.5s   tool bash: grep -E "^\| [a-z_]+ \| composite \|" /reference/glossary.md
   66.6s turn 15
   69.8s   model reply: in 5246 + cached 44572, out 59 (+10 reasoning)
   69.8s   tool bash: grep -E "^\| [a-z_]+ \| value \|" /reference/glossary.md | cut -d'|' -f2,3,4
   69.8s turn 16
   73.1s   model reply: in 3683 + cached 48629, out 69 (+18 reasoning)
   73.1s   tool bash: grep -E "^\| [a-z_]+ \| (topic-value|recipient-value|tone-value|style-value) \|" /reference/glossary.md
   73.2s turn 17
   76.4s   model reply: in 3781 + cached 48610, out 80 (+27 reasoning)
   76.4s   tool bash: grep -E "^\| [a-z_]+ \| value \| (topic-value|recipient-value|tone-value|style-value) \|" /reference/glossary.md
   76.5s turn 18
   80.9s   model reply: in 5089 + cached 48603, out 209 (+179 reasoning)
   80.9s   tool bash: node /kit/rag.mjs entry user agent role_user role_agent
   81.0s turn 19
   84.6s   model reply: in 5458 + cached 48587, out 96 (+61 reasoning)
   84.6s   tool bash: grep -i "BY role_" /reference/language-spec.md /reference/glossary.md
   84.7s turn 20
  105.3s   model reply: in 5777 + cached 48571, out 3798 (+3175 reasoning)
  105.3s   tool bash: cat << 'EOF' > /output/translation.md
Status: success
Mode: TRACE

## BrainCode

```braincode
MODE TRACE
ENTRYPOINT Conversation
CONVO Conversation {
  TURN t1 
  105.4s turn 21
  115.4s   model reply: in 6090 + cached 52645, out 390 (+277 reasoning)
  115.4s   tool bash: node /kit/rag.mjs search "ethical concerns and consequences of social media usage" "balancing social media utility against negative mental health impacts" "coop
  115.6s turn 22
  130.2s   model reply: in 4559 + cached 56701, out 2268 (+816 reasoning)
  130.2s   tool bash: cat << 'EOF' > /output/translation.md
Status: success
Mode: TRACE

## BrainCode

```braincode
MODE TRACE
ENTRYPOINT Conversation
CONVO Conversation {
  TURN t1 
  130.4s turn 23
  155.3s   model reply: in 3406 + cached 60761, out 3528 (+2054 reasoning)
  155.3s   tool bash: cat << 'EOF' > /output/translation.md
Status: success
Mode: TRACE

## BrainCode

```braincode
MODE TRACE
ENTRYPOINT Conversation
CONVO Conversation {
  TURN t1 
  155.4s turn 24
  162.2s   model reply: in 7551 + cached 60783, out 474 (+444 reasoning)
  162.2s   tool bash: node /kit/rag.mjs check --translation /output/translation.md
  162.3s turn 25
  165.8s   model reply: in 4621 + cached 64826, out 55 (+36 reasoning)
  165.8s   tool read: /output/translation.md
  165.8s turn 26
  177.0s   model reply: in 45311 + cached 0, out 192 (+13 reasoning)
  177.1s agent finished
  177.1s agent finished
