    2.2s turn 1
   13.7s   model reply: in 30859 + cached 0, out 1525 (+1485 reasoning)
   13.7s   tool bash: node /kit/rag.mjs search "behavior" "clothing" "admiration" "possession" "wealth"
   13.9s turn 2
   17.8s   model reply: in 33819 + cached 0, out 177 (+52 reasoning)
   17.8s   tool bash: node /kit/rag.mjs entry property_question subject requirement interpersonal_stance character_trait activity temporal_context well_wishes ask inform confirm atti
   18.0s turn 3
   21.2s   model reply: in 3506 + cached 32518, out 109 (+21 reasoning)
   21.2s   tool bash: node /kit/rag.mjs entry inform confirm attitude attribute_claim argues_for causes controversial distracts_from enables has_attribute has_goal has_style importan
   21.3s turn 4
   25.1s   model reply: in 5633 + cached 32513, out 120 (+58 reasoning)
   25.1s   tool bash: node /kit/rag.mjs entry possesses reason_for recommended stereotype unaware user_preference varies_by_location varies_with contrast rejects revises supports met
   25.2s turn 5
   48.2s   model reply: in 39611 + cached 0, out 758 (+710 reasoning)
   48.2s   tool bash: node /kit/rag.mjs search "Justin Bieber" "compassion" "mistakes" "positive influences" "conservative" "luxury" "poverty"
   48.4s turn 6
   52.9s   model reply: in 5727 + cached 36568, out 305 (+267 reasoning)
   52.9s   tool bash: node /kit/rag.mjs search "ask opinion" "behavior" "action" "recent" "conduct"
   53.0s turn 7
   59.4s   model reply: in 3358 + cached 40623, out 98 (+65 reasoning)
   59.4s   tool bash: node /kit/rag.mjs entry topic_current_events obligation conjunction considered user_practice
   59.5s turn 8
   62.9s   model reply: in 44675 + cached 0, out 72 (+44 reasoning)
   62.9s   tool bash: grep -E "\| constructor \|" /reference/glossary.md
   63.0s turn 9
   67.2s   model reply: in 46543 + cached 0, out 96 (+32 reasoning)
   67.2s   tool bash: grep -E "^\| [a-z0-9_]+ \| (constructor|claim_relation|link|speech_act) \|" /reference/glossary.md | cut -d'|' -f2,3,4
   67.3s turn 10
   70.1s   model reply: in 4052 + cached 44661, out 66 (+12 reasoning)
   70.1s   tool bash: grep -E "^\| [a-z0-9_]+ \| claim_relation \|" /reference/glossary.md | cut -d'|' -f2,3,4
   70.2s turn 11
   74.2s   model reply: in 5629 + cached 44654, out 62 (+10 reasoning)
   74.2s   tool bash: grep -E "^\| [a-z0-9_]+ \| link \|" /reference/glossary.md | cut -d'|' -f2,3,4
   74.2s turn 12
  172.8s   model reply: in 0 + cached 0, out 0 (+0 reasoning)
  172.8s agent finished
  174.9s turn 13
  189.0s   model reply: in 0 + cached 0, out 0 (+0 reasoning)
  189.0s agent finished
  193.0s turn 14
  219.9s   model reply: in 0 + cached 0, out 0 (+0 reasoning)
  219.9s agent finished
  227.9s turn 15
  293.1s   model reply: in 50431 + cached 0, out 774 (+750 reasoning)
  293.1s   tool bash: node /kit/rag.mjs check --help
  293.2s turn 16
  311.3s   model reply: in 51221 + cached 0, out 2399 (+2360 reasoning)
  311.3s   tool bash: node /kit/rag.mjs search "faced challenges" "challenges" "difficulties" "experience" "years"
  313.2s turn 17
  335.4s   model reply: in 55015 + cached 0, out 3942 (+3864 reasoning)
  335.4s   tool bash: node /kit/rag.mjs entry property_question subject activity interpersonal_stance audience_targeting requirement temporal_context duration well_wishes controversi
  336.8s turn 18
  343.3s   model reply: in 8224 + cached 52780, out 86 (+28 reasoning)
  343.3s   tool bash: node /kit/rag.mjs entry controversial ongoing occurred_recently attitude recommended important possesses has_attribute has_style has_goal enables leads_to varie
  344.2s turn 19
  350.3s   model reply: in 5999 + cached 56835, out 143 (+105 reasoning)
  350.3s   tool bash: node /kit/rag.mjs search "music" "fan" "fashion" "teen" "work ethic"
  352.1s turn 20
  391.2s   model reply: in 3455 + cached 60887, out 7088 (+5024 reasoning)
  391.2s   tool write: /output/translation.md
  391.2s turn 21
  409.7s   model reply: in 52935 + cached 0, out 63 (+33 reasoning)
  409.7s   tool bash: node /kit/rag.mjs check --translation /output/translation.md
  410.7s turn 22
  415.3s   model reply: in 5162 + cached 48779, out 289 (+266 reasoning)
  415.3s   tool bash: node /kit/rag.mjs entry decision
  416.7s turn 23
  421.2s   model reply: in 5632 + cached 48762, out 341 (+110 reasoning)
  421.2s   tool edit: /output/translation.md
  421.4s turn 24
  429.6s   model reply: in 6003 + cached 48729, out 53 (+23 reasoning)
  429.6s   tool bash: node /kit/rag.mjs check --translation /output/translation.md
  430.9s turn 25
  466.8s   model reply: in 55733 + cached 0, out 6348 (+4268 reasoning)
  466.9s   tool write: /output/translation.md
  466.9s turn 26
  470.8s   model reply: in 9281 + cached 52804, out 49 (+19 reasoning)
  470.8s   tool bash: node /kit/rag.mjs check --translation /output/translation.md
  471.7s turn 27
  478.0s   model reply: in 2168 + cached 60914, out 326 (+276 reasoning)
  478.1s agent finished
  478.1s agent finished
