    4.7s turn 1
   11.8s   model reply: in 3 + cached 0, out 603 (+358 reasoning)
   11.8s   tool bash: node /kit/rag.mjs widen "power supply unit with at least 600W power output" --kind constraint
   11.8s   tool bash: node /kit/rag.mjs widen "type search text into a UI search box and record it in a trace" --kind action
   11.8s   tool bash: node /kit/rag.mjs widen "click a search button and click a product listing in browser trace" --kind action
   11.8s   tool bash: node /kit/rag.mjs widen "select lowest price sort option in a dropdown" --kind action
   11.8s   tool bash: node /kit/rag.mjs search "watt power output unit" "power supply unit product" "UI search box element reference" "recorded browser click event" "price ascending 
   13.8s turn 2
   22.0s   model reply: in 3 + cached 26361, out 657 (+444 reasoning)
   22.0s   tool bash: node /kit/rag.mjs search "minimum product power output wattage" "product attribute power output requirement" "search product by power output watts" "question or
   22.0s   tool bash: node /kit/rag.mjs entry type_text click select_option web_element at_least measure requirement rank_price dir_asc sort request ask
   22.0s   tool bash: node /kit/rag.mjs widen "find a product matching a minimum wattage output requirement" --kind constraint
   22.0s   tool bash: node /kit/rag.mjs widen "request search for lowest-priced matching product" --kind speech_act
   22.9s turn 3
   36.9s   model reply: in 3 + cached 35863, out 1139 (+945 reasoning)
   36.9s   tool bash: node /kit/rag.mjs search "TERM description of searching for a product with selection criteria and cheapest ranking" "TERM describes action search product" "find
   36.9s   tool bash: node /kit/rag.mjs entry activity obligation action_description search_web request requirement attribute_claim
   36.9s   tool bash: node /kit/rag.mjs widen "watt as a unit in a measured power output constraint" --kind constraint
   36.9s   tool bash: node /kit/rag.mjs widen "a TERM describing a requested product search with criteria" --kind speech_act
   37.8s turn 4
   48.2s   model reply: in 3 + cached 43427, out 743 (+628 reasoning)
   48.2s   tool bash: node /kit/rag.mjs search "conjunction combination list of constraints TERM all requirements" "rank lowest price requested preference as TERM" "ordering criterio
   48.2s   tool bash: node /kit/rag.mjs widen "represent cheapest price as a required selection or ordering criterion" --kind constraint
   49.2s turn 5
   53.7s   model reply: in 3 + cached 50561, out 198 (+166 reasoning)
   53.7s   tool bash: node /kit/rag.mjs entry conjunction
   53.7s turn 6
  108.1s   model reply: in 3 + cached 53721, out 5403 (+4198 reasoning)
  108.1s   tool write: /output/translation.md
  108.1s turn 7
  110.9s   model reply: in 3 + cached 53975, out 55 (+17 reasoning)
  110.9s   tool bash: node /kit/rag.mjs check --translation /output/translation.md
  111.0s turn 8
  136.5s   model reply: in 3 + cached 59396, out 2299 (+2187 reasoning)
  136.5s   tool bash: node /kit/rag.mjs widen "combobox or dropdown identified by visible label Featured Items" --kind object
  136.5s   tool bash: node /kit/rag.mjs widen "product listing image identified by visible title Hercules DUAL FAN 600w-Max ATX Power Supply SATA" --kind object
  137.0s turn 9
  143.6s   model reply: in 3 + cached 59840, out 580 (+340 reasoning)
  143.6s   tool edit: /output/translation.md
  143.7s turn 10
  150.0s   model reply: in 3 + cached 66105, out 695 (+0 reasoning)
  150.0s   tool write: /output/suggestions.md
  150.0s turn 11
  152.0s   model reply: in 3 + cached 66709, out 50 (+12 reasoning)
  152.0s   tool bash: node /kit/rag.mjs check --translation /output/translation.md
  152.1s turn 12
  159.7s   model reply: in 3 + cached 67422, out 634 (+548 reasoning)
  159.7s agent finished
  159.7s agent finished
