    1.7s turn 1
    7.9s   model reply: in 26079 + cached 0, out 650 (+617 reasoning)
    7.9s   tool bash: node /kit/rag.mjs entry click web_element open_page request country::US
    8.1s turn 2
   11.5s   model reply: in 2846 + cached 24348, out 68 (+29 reasoning)
   11.5s   tool bash: node /kit/rag.mjs search "scam or fraud" "report" "navigate to page" "activity"
   11.7s turn 3
   17.3s   model reply: in 28483 + cached 0, out 336 (+313 reasoning)
   17.3s   tool bash: node /kit/rag.mjs entry activity
   17.4s turn 4
   21.7s   model reply: in 5110 + cached 24329, out 213 (+188 reasoning)
   21.7s   tool bash: node /kit/rag.mjs entry request ask propose
   21.8s turn 5
   25.4s   model reply: in 5532 + cached 24315, out 44 (+13 reasoning)
   25.4s   tool bash: node /kit/rag.mjs search "speech act" --kind speech_act
   25.6s turn 6
   31.8s   model reply: in 5885 + cached 24300, out 188 (+159 reasoning)
   31.8s   tool bash: node /kit/rag.mjs search "user agent" --kind claim
   32.0s turn 7
   36.5s   model reply: in 2311 + cached 28335, out 41 (+13 reasoning)
   36.5s   tool bash: node /kit/rag.mjs entry role_user role_agent
   36.6s turn 8
   40.9s   model reply: in 2464 + cached 28316, out 83 (+53 reasoning)
   40.9s   tool bash: node /kit/rag.mjs search "web_element" "click"
   41.0s turn 9
   53.2s   model reply: in 3173 + cached 28305, out 1378 (+1340 reasoning)
   53.2s   tool bash: node /kit/rag.mjs search "web_page" "open_page" "activity" "report"
   53.3s turn 10
   59.0s   model reply: in 5816 + cached 28315, out 90 (+51 reasoning)
   59.0s   tool bash: node /kit/rag.mjs search "report scam or fraud" "navigate" "purpose" "go to page"
   59.1s turn 11
   71.8s   model reply: in 3110 + cached 32355, out 1613 (+960 reasoning)
   71.8s   tool write: /output/translation.md
   71.8s turn 12
   75.3s   model reply: in 4732 + cached 32350, out 53 (+23 reasoning)
   75.3s   tool bash: node /kit/rag.mjs check --translation /output/translation.md
   75.4s turn 13
   80.1s   model reply: in 5101 + cached 32336, out 213 (+182 reasoning)
   80.1s   tool bash: node /kit/rag.mjs widen "report scam or fraud" --kind object
   80.3s turn 14
   83.3s   model reply: in 3380 + cached 36386, out 38 (+15 reasoning)
   83.3s   tool bash: node /kit/rag.mjs entry criminality
   83.4s turn 15
   87.0s   model reply: in 3486 + cached 36367, out 56 (+27 reasoning)
   87.0s   tool bash: node /kit/rag.mjs search "scam" "fraud"
   87.2s turn 16
   93.0s   model reply: in 4105 + cached 36355, out 383 (+341 reasoning)
   93.0s   tool bash: node /kit/rag.mjs search "crime" "illegal" "deception" "complaint" "warn" "victim"
   93.1s turn 17
  100.5s   model reply: in 2108 + cached 40401, out 690 (+660 reasoning)
  100.5s   tool bash: node /kit/rag.mjs check --translation /output/translation.md
  100.6s turn 18
  105.7s   model reply: in 3108 + cached 40393, out 352 (+321 reasoning)
  105.7s   tool bash: grep -i -E "scam|fraud" /reference/glossary.md
  105.7s turn 19
  109.1s   model reply: in 3485 + cached 40378, out 76 (+43 reasoning)
  109.1s   tool bash: grep -i -E "criminal|complaint|crime" /reference/glossary.md
  109.1s turn 20
  114.4s   model reply: in 3606 + cached 40359, out 199 (+90 reasoning)
  114.4s   tool edit: /output/translation.md
  114.5s turn 21
  117.8s   model reply: in 3835 + cached 40326, out 53 (+23 reasoning)
  117.8s   tool bash: node /kit/rag.mjs check --translation /output/translation.md
  117.9s turn 22
  122.8s   model reply: in 4205 + cached 40311, out 91 (+68 reasoning)
  122.8s   tool bash: node /kit/rag.mjs --help
  122.9s turn 23
  126.9s   model reply: in 4352 + cached 40293, out 40 (+18 reasoning)
  126.9s   tool bash: node /kit/rag.mjs needs
  137.9s turn 24
  147.5s   model reply: in 5692 + cached 40294, out 1063 (+1035 reasoning)
  147.5s   tool bash: grep -C 3 "activity(" /reference/glossary.md
  147.5s turn 25
  151.6s   model reply: in 3878 + cached 44336, out 233 (+202 reasoning)
  151.6s   tool bash: node /kit/rag.mjs widen "scam or fraud" --kind object
  151.7s turn 26
  160.3s   model reply: in 5553 + cached 44341, out 672 (+640 reasoning)
  160.3s   tool bash: node /kit/rag.mjs widen "report a scam or fraud" --kind action
  160.5s turn 27
  176.2s   model reply: in 0 + cached 0, out 0 (+0 reasoning)
  176.2s agent finished
  178.2s turn 28
  191.9s   model reply: in 0 + cached 0, out 0 (+0 reasoning)
  191.9s agent finished
  195.9s turn 29
  317.3s   model reply: in 52150 + cached 0, out 62 (+36 reasoning)
  317.3s   tool bash: node /kit/rag.mjs entry subject statement inform issue
  317.4s turn 30
  335.2s   model reply: in 4579 + cached 48377, out 661 (+637 reasoning)
  335.2s   tool bash: node /kit/rag.mjs entry subject activity
  335.3s turn 31
  350.0s   model reply: in 2197 + cached 52412, out 517 (+495 reasoning)
  350.0s   tool bash: node /kit/rag.mjs health
  350.1s turn 32
  367.7s   model reply: in 2823 + cached 52392, out 270 (+213 reasoning)
  367.7s   tool edit: /output/translation.md
  367.7s turn 33
  385.4s   model reply: in 3124 + cached 52366, out 53 (+23 reasoning)
  385.4s   tool bash: node /kit/rag.mjs check --translation /output/translation.md
  385.5s turn 34
  393.2s   model reply: in 3494 + cached 52351, out 86 (+31 reasoning)
  393.2s   tool edit: /output/translation.md
  393.2s turn 35
  400.7s   model reply: in 3613 + cached 52323, out 53 (+23 reasoning)
  400.7s   tool bash: node /kit/rag.mjs check --translation /output/translation.md
  400.9s turn 36
  447.8s   model reply: in 56307 + cached 0, out 6201 (+5548 reasoning)
  447.8s   tool write: /output/translation.md
  447.8s turn 37
  456.1s   model reply: in 10133 + cached 52379, out 53 (+23 reasoning)
  456.1s   tool bash: node /kit/rag.mjs check --translation /output/translation.md
  456.2s turn 38
  464.7s   model reply: in 2444 + cached 60423, out 384 (+167 reasoning)
  464.7s agent finished
  464.7s agent finished
