    8.8s turn 1
   25.5s   model reply: in 29350 + cached 0, out 1040 (+980 reasoning)
   25.5s   tool bash: node /kit/rag.mjs search "theory" "rough" "furry" "young" "cold" "kind" "big" "red" "Bob is not furry" "is the following statement True"
   25.8s turn 2
   32.0s   model reply: in 4738 + cached 28454, out 88 (+32 reasoning)
   32.0s   tool bash: node /kit/rag.mjs search "attribute_claim" "has_property" "property" "conditional" "conjunction" "disjunction" "implication" "universal" "rule"
   34.4s turn 3
   39.8s   model reply: in 3405 + cached 32518, out 82 (+45 reasoning)
   39.8s   tool bash: node /kit/rag.mjs entry attribute_claim statement conditional conjunction negation has_attribute property_question ask respond
   40.3s turn 4
   50.2s   model reply: in 4526 + cached 32506, out 124 (+78 reasoning)
   50.2s   tool bash: node /kit/rag.mjs search "rule" "quantifier" "universal" "entity" "property" "truth_value" "evaluate"
   50.4s turn 5
   69.3s   model reply: in 2504 + cached 36564, out 71 (+39 reasoning)
   69.3s   tool bash: grep -E "\| (constructor|composite) \|" /reference/glossary.md
   69.4s turn 6
   80.5s   model reply: in 4377 + cached 36558, out 587 (+554 reasoning)
   80.5s   tool bash: node /kit/rag.mjs widen "introduce a logical theory" --kind speech_act
   80.7s turn 7
   89.8s   model reply: in 2345 + cached 40615, out 99 (+69 reasoning)
   89.8s   tool bash: grep -E "\| speech_act \|" /reference/glossary.md
   89.8s turn 8
   94.6s   model reply: in 2933 + cached 40600, out 44 (+14 reasoning)
   94.6s   tool bash: grep -E "\| claim_relation \|" /reference/glossary.md
   94.6s turn 9
   99.7s   model reply: in 4914 + cached 40596, out 61 (+16 reasoning)
   99.7s   tool bash: node /kit/rag.mjs search "statement" "rule" "premise" "conclusion" "reasoning" "supports" "theory"
   99.8s turn 10
  104.0s   model reply: in 2874 + cached 44651, out 115 (+71 reasoning)
  104.0s   tool bash: node /kit/rag.mjs search "character_trait" "character" "subject" "requirement" "test_condition" "statement"
  104.1s turn 11
  108.2s   model reply: in 5158 + cached 44650, out 66 (+39 reasoning)
  108.2s   tool bash: node /kit/rag.mjs entry constraint_single_choice
  108.5s turn 12
  113.0s   model reply: in 5389 + cached 44633, out 70 (+26 reasoning)
  113.0s   tool bash: grep -E "\| (constructor) \|" /reference/glossary.md | cut -d'|' -f2,3,4
  113.1s turn 13
  119.5s   model reply: in 52138 + cached 0, out 56 (+15 reasoning)
  119.5s   tool bash: node /kit/rag.mjs search "lexical_label" "character_trait" "attribute_claim" "statement"
  119.6s turn 14
  124.4s   model reply: in 4951 + cached 48681, out 102 (+77 reasoning)
  124.4s   tool bash: node /kit/rag.mjs entry lexical_label
  124.5s turn 15
  136.8s   model reply: in 5537 + cached 48667, out 1107 (+1075 reasoning)
  136.8s   tool bash: node /kit/rag.mjs entry has_state character_trait character statement subject requirement
  137.0s turn 16
  140.2s   model reply: in 0 + cached 0, out 0 (+0 reasoning)
  140.2s agent finished
  142.2s turn 17
  155.9s   model reply: in 0 + cached 0, out 0 (+0 reasoning)
  155.9s agent finished
  159.9s turn 18
  186.5s   model reply: in 0 + cached 0, out 0 (+0 reasoning)
  186.5s agent finished
  194.6s turn 19
  258.3s   model reply: in 56295 + cached 0, out 265 (+228 reasoning)
  258.3s   tool bash: node /kit/rag.mjs search "subject" "property" "trait" "attribute" "entity"
  258.5s turn 20
  262.7s   model reply: in 5357 + cached 52717, out 75 (+25 reasoning)
  262.7s   tool bash: grep -E "^\| [a-z0-9_]+ \| constructor \|" /reference/glossary.md | cut -d'|' -f2,4
  262.8s turn 21
  274.5s   model reply: in 3544 + cached 56773, out 1040 (+1008 reasoning)
  274.5s   tool bash: grep -i "proofwriter" /reference/* /attach/* 2>/dev/null
  274.6s turn 22
  279.1s   model reply: in 4604 + cached 56763, out 151 (+28 reasoning)
  279.1s   tool bash: node -e '
const fs = require("fs");
const lines = fs.readFileSync("/attach/7-examples.jsonl", "utf8").trim().split("\n");
for (const line of lines) {
  const ob
  279.2s turn 23
  286.0s   model reply: in 5602 + cached 56752, out 83 (+47 reasoning)
  286.0s   tool bash: node /kit/rag.mjs check --translation /attach/4-format-successful_translation.md
  286.1s turn 24
  309.0s   model reply: in 2150 + cached 60790, out 876 (+752 reasoning)
  309.0s   tool bash: node /kit/rag.mjs widen "ask to evaluate the truth value of a statement" --kind speech_act
node /kit/rag.mjs widen "rely only on the provided theory" --kind con
  312.0s turn 25
  323.7s   model reply: in 6155 + cached 60809, out 1273 (+1226 reasoning)
  323.7s   tool bash: node /kit/rag.mjs search "character_trait" "attribute_claim" "has_attribute" "statement" "conditional" "conjunction"
  324.0s turn 26
  340.9s   model reply: in 5368 + cached 64874, out 2251 (+2204 reasoning)
  340.9s   tool bash: node /kit/rag.mjs search "character_trait" "requirement" "subject" "lexical_label" "test_condition" "similarity"
  341.4s turn 27
  354.3s   model reply: in 50448 + cached 0, out 353 (+317 reasoning)
  354.3s   tool bash: node /kit/rag.mjs entry conditional conjunction negation character_trait subject attribute_claim has_attribute statement
  354.5s turn 28
  359.7s   model reply: in 3267 + cached 48728, out 338 (+293 reasoning)
  359.7s   tool bash: grep -E "\| constructor \|.*(subject|property)" /reference/glossary.md | cut -d'|' -f2,4
  359.8s turn 29
  367.7s   model reply: in 52497 + cached 0, out 570 (+540 reasoning)
  367.7s   tool bash: node /kit/rag.mjs entry role_user user role_agent agent
  368.2s turn 30
  389.5s   model reply: in 4513 + cached 48698, out 1704 (+1663 reasoning)
  389.5s   tool bash: node /kit/rag.mjs search "constraint_single_choice" "truth" "evaluation" "theory" "choice"
  390.2s turn 31
  396.1s   model reply: in 3591 + cached 52763, out 63 (+36 reasoning)
  396.1s   tool bash: node /kit/rag.mjs entry constraint_single_choice
  396.2s turn 32
  399.8s   model reply: in 3821 + cached 52744, out 68 (+26 reasoning)
  399.8s   tool bash: grep "\| constraint-value \|" /reference/glossary.md | cut -d'|' -f2,3,4
  399.9s turn 33
  418.2s   model reply: in 5734 + cached 52741, out 2359 (+433 reasoning)
  418.2s   tool write: /output/translation.md
  418.2s turn 34
  435.6s   model reply: in 4043 + cached 56795, out 50 (+20 reasoning)
  435.6s   tool bash: node /kit/rag.mjs check --translation /output/translation.md
  436.2s turn 35
  456.8s   model reply: in 4626 + cached 56779, out 2835 (+2800 reasoning)
  456.8s   tool bash: node /kit/rag.mjs entry propose constraint_single_choice requirement has_state state_cold
  457.1s turn 36
  478.8s   model reply: in 4060 + cached 60847, out 3805 (+1862 reasoning)
  478.8s   tool write: /output/translation.md
  478.8s turn 37
  482.1s   model reply: in 3802 + cached 64914, out 55 (+25 reasoning)
  482.1s   tool bash: node /kit/rag.mjs check --translation /output/translation.md
  482.6s turn 38
  493.9s   model reply: in 4389 + cached 64899, out 448 (+385 reasoning)
  494.0s agent finished
  494.0s agent finished
