    1.8s turn 1
    7.5s   model reply: in 27820 + cached 0, out 595 (+554 reasoning)
    7.5s   tool bash: node /kit/rag.mjs entry click select_option type_text web_element time_point lexical_label food_label
    7.6s turn 2
   12.5s   model reply: in 5049 + cached 24365, out 487 (+439 reasoning)
   12.5s   tool bash: node /kit/rag.mjs search "user profile" "birthday" "allergy" "bio" "save profile" "request" "user_preference"
   12.6s turn 3
   15.2s   model reply: in 3530 + cached 28426, out 93 (+61 reasoning)
   15.2s   tool bash: node /kit/rag.mjs entry user_preference user_practice request role_user
   15.4s turn 4
   18.2s   model reply: in 3992 + cached 28410, out 111 (+67 reasoning)
   18.2s   tool bash: node /kit/rag.mjs search "instruct" "tell" "add" "save" "bio" "birthday" "allergy"
   18.4s turn 5
   21.3s   model reply: in 5954 + cached 28407, out 60 (+32 reasoning)
   21.3s   tool bash: node /kit/rag.mjs entry inform propose ask confirm acknowledge respond
   21.4s turn 6
   24.2s   model reply: in 2334 + cached 32448, out 71 (+31 reasoning)
   24.2s   tool bash: grep -E "^\| [a-z0-9_]+ \| speech_act \|" /reference/glossary.md
   24.2s turn 7
   28.0s   model reply: in 2894 + cached 32433, out 270 (+208 reasoning)
   28.0s   tool bash: grep -E "^\| (time_point|attribute_claim|user_preference|user_practice|request|character_trait|change_property|requirement|preference|activity|subject) \|" /ref
   28.0s turn 8
   31.6s   model reply: in 3827 + cached 32422, out 77 (+51 reasoning)
   31.6s   tool bash: grep -i "profile" /reference/glossary.md
   31.6s turn 9
   34.9s   model reply: in 4386 + cached 32408, out 89 (+51 reasoning)
   34.9s   tool bash: grep -E "^\| [a-z0-9_]+ \| operation \|" /reference/glossary.md
   34.9s turn 10
   52.3s   model reply: in 2481 + cached 36461, out 2586 (+2544 reasoning)
   52.3s   tool bash: node /kit/rag.mjs search "user profile" "birthday" "allergy" "bio" "preference" "request"
   52.5s turn 11
   55.5s   model reply: in 6745 + cached 36482, out 67 (+29 reasoning)
   55.5s   tool bash: grep -E "^\| [a-z0-9_]+ \| constructor \|" /reference/glossary.md
   55.6s turn 12
   59.0s   model reply: in 4557 + cached 40533, out 115 (+82 reasoning)
   59.0s   tool bash: node /kit/rag.mjs widen "add birthday detail to user profile" --kind action
   59.2s turn 13
   65.4s   model reply: in 2716 + cached 44588, out 516 (+476 reasoning)
   65.4s   tool bash: grep -E "^\| [a-z0-9_]+ \| claim_relation \|" /reference/glossary.md
   65.5s turn 14
   68.4s   model reply: in 5162 + cached 44591, out 72 (+25 reasoning)
   68.4s   tool bash: grep -E "^\| [a-z0-9_]+ \| claim_relation \|" /reference/glossary.md | tail -n 25
   68.5s turn 15
   77.2s   model reply: in 2650 + cached 48639, out 1396 (+1358 reasoning)
   77.2s   tool bash: node /kit/rag.mjs search "birthday" "profile" "allergy" "bio" "save"
   77.4s turn 16
   83.2s   model reply: in 5387 + cached 48646, out 687 (+662 reasoning)
   83.2s   tool bash: node /kit/rag.mjs entry time_point
   83.3s turn 17
   86.8s   model reply: in 2124 + cached 52686, out 143 (+113 reasoning)
   86.8s   tool bash: grep -C 3 "time_point" /reference/glossary.md
   86.8s turn 18
   94.4s   model reply: in 2932 + cached 52673, out 1005 (+975 reasoning)
   94.4s   tool bash: grep -C 5 "user_preference" /reference/glossary.md
   94.5s turn 19
   97.9s   model reply: in 4591 + cached 52670, out 112 (+90 reasoning)
   97.9s   tool bash: node /kit/rag.mjs check
   97.9s turn 20
  113.5s   model reply: in 4738 + cached 52651, out 2725 (+2673 reasoning)
  113.5s   tool bash: node /kit/rag.mjs search "user_preference" "user_practice" "activity" "requirement" "attribute_claim" "request" "lexical_label"
  113.7s turn 21
  123.6s   model reply: in 5716 + cached 56733, out 1723 (+334 reasoning)
  123.6s   tool write: /output/translation.md
  123.6s turn 22
  128.1s   model reply: in 3397 + cached 60778, out 53 (+23 reasoning)
  128.1s   tool bash: node /kit/rag.mjs check --translation /output/translation.md
  128.5s turn 23
  132.5s   model reply: in 3892 + cached 60763, out 194 (+162 reasoning)
  132.5s   tool bash: node /kit/rag.mjs widen "add allergy information to profile" --kind action
  132.7s turn 24
  136.3s   model reply: in 6204 + cached 60766, out 188 (+163 reasoning)
  136.3s   tool bash: node /kit/rag.mjs entry medical_condition
  136.4s turn 25
  143.9s   model reply: in 0 + cached 0, out 0 (+0 reasoning)
  143.9s agent finished
  145.9s turn 26
  256.6s   model reply: in 2453 + cached 64799, out 1686 (+261 reasoning)
  256.6s   tool write: /output/translation.md
  256.6s turn 27
  262.1s   model reply: in 4149 + cached 64793, out 53 (+23 reasoning)
  262.1s   tool bash: node /kit/rag.mjs check --translation /output/translation.md
  262.2s turn 28
  274.8s   model reply: in 4648 + cached 64778, out 1891 (+464 reasoning)
  274.8s   tool write: /output/translation.md
  274.9s turn 29
  296.0s   model reply: in 48845 + cached 0, out 53 (+23 reasoning)
  296.0s   tool bash: node /kit/rag.mjs check --translation /output/translation.md
  296.2s turn 30
  323.1s   model reply: in 49338 + cached 0, out 5094 (+3629 reasoning)
  323.1s   tool write: /output/translation.md
  323.2s turn 31
  326.6s   model reply: in 5801 + cached 48635, out 53 (+23 reasoning)
  326.6s   tool bash: node /kit/rag.mjs check --translation /output/translation.md
  326.7s turn 32
  332.0s   model reply: in 2257 + cached 52672, out 307 (+182 reasoning)
  332.0s agent finished
  332.0s agent finished
