    2.0s turn 1
    9.4s   model reply: in 27569 + cached 0, out 771 (+730 reasoning)
    9.4s   tool bash: node /kit/rag.mjs search "read a book" "sitting on the bed" "titled" "in front of"
    9.5s turn 2
   13.0s   model reply: in 5213 + cached 24366, out 82 (+48 reasoning)
   13.0s   tool bash: grep -i "alfred" /reference/glossary.md | head -n 30
   13.0s turn 3
   15.8s   model reply: in 5315 + cached 24349, out 57 (+19 reasoning)
   15.8s   tool bash: find / -maxdepth 3 -name "*.md" -o -name "*.json" 2>/dev/null
   15.8s turn 4
   18.6s   model reply: in 5399 + cached 24332, out 50 (+30 reasoning)
   18.6s   tool bash: ls -la /reference /kit
   18.7s turn 5
   21.6s   model reply: in 5844 + cached 24317, out 43 (+23 reasoning)
   21.6s   tool read: /reference/examples.jsonl
   21.6s turn 6
   24.9s   model reply: in 3012 + cached 28362, out 59 (+35 reasoning)
   24.9s   tool bash: node /kit/rag.mjs check --help
   25.0s turn 7
   30.3s   model reply: in 3106 + cached 28343, out 84 (+41 reasoning)
   30.3s   tool bash: node /kit/rag.mjs entry walk turn pick_up turn_on face in_front_of on bed night_stand textbook lamp
   30.4s turn 8
   47.6s   model reply: in 4343 + cached 28337, out 3066 (+3033 reasoning)
   47.6s   tool bash: grep -i "alfred" /reference/*.md /reference/*.jsonl /kit/*.md
   47.6s turn 9
   50.4s   model reply: in 3358 + cached 32398, out 98 (+57 reasoning)
   50.4s   tool bash: node /kit/rag.mjs search "propose" "sequence" "request" "turn right" "Probabilistic Robotics"
   50.6s turn 10
   53.5s   model reply: in 4956 + cached 32395, out 96 (+67 reasoning)
   53.5s   tool bash: node /kit/rag.mjs entry sequence then activity requirement ask propose request
   53.7s turn 11
   56.7s   model reply: in 2216 + cached 36437, out 96 (+55 reasoning)
   56.7s   tool bash: node /kit/rag.mjs search "title" "named" "located at" "spatial" "step" "turn"
   56.9s turn 12
   59.5s   model reply: in 4033 + cached 36437, out 93 (+51 reasoning)
   59.5s   tool bash: node /kit/rag.mjs entry spatial_state lexical_label document_section naming_pattern location_spec format_numbered_list
   59.6s turn 13
   71.4s   model reply: in 4996 + cached 36427, out 1863 (+1842 reasoning)
   71.4s   tool bash: cat /kit/rag.mjs
   71.4s turn 14
   75.7s   model reply: in 0 + cached 0, out 0 (+0 reasoning)
   75.7s agent finished
   77.8s turn 15
   91.4s   model reply: in 0 + cached 0, out 0 (+0 reasoning)
   91.4s agent finished
   95.4s turn 16
  121.9s   model reply: in 0 + cached 0, out 0 (+0 reasoning)
  121.9s agent finished
  129.9s turn 17
  349.2s   model reply: in 44819 + cached 0, out 34 (+12 reasoning)
  349.2s   tool bash: node /kit/rag.mjs health
  349.3s turn 18
  382.3s   model reply: in 4478 + cached 40464, out 5032 (+5003 reasoning)
  382.3s   tool bash: node -e '
console.log("Checking rag check behavior");
'
  382.4s turn 19
  405.0s   model reply: in 5432 + cached 44546, out 316 (+284 reasoning)
  405.0s   tool bash: node /kit/rag.mjs search "read" "reading" "read book"
  405.1s turn 20
  415.5s   model reply: in 2604 + cached 48588, out 905 (+872 reasoning)
  415.5s   tool bash.execute: node /kit/rag.mjs entry night_stand object_label color_label
  415.5s turn 21
  423.6s   model reply: in 3519 + cached 48577, out 41 (+10 reasoning)
  423.6s   tool bash: node /kit/rag.mjs entry night_stand object_label color_label
  423.7s turn 22
  435.7s   model reply: in 3862 + cached 48561, out 685 (+660 reasoning)
  435.7s   tool bash: node /kit/rag.mjs entry turn_on
  435.8s turn 23
  441.0s   model reply: in 4641 + cached 48549, out 103 (+66 reasoning)
  441.0s   tool bash: node /kit/rag.mjs search "lamp" "device" "turn on lamp" "sitting on"
  441.2s turn 24
  446.9s   model reply: in 5962 + cached 48544, out 66 (+35 reasoning)
  446.9s   tool bash: node /kit/rag.mjs widen "device or object representation" --kind constructor
  447.0s turn 25
  467.1s   model reply: in 3398 + cached 52586, out 1641 (+1599 reasoning)
  467.1s   tool bash: node /kit/rag.mjs entry in_front_of on color_label object_label walk turn pick_up turn_on
  467.2s turn 26
  473.6s   model reply: in 5992 + cached 52596, out 238 (+204 reasoning)
  473.6s   tool bash: node /kit/rag.mjs search "turn direction" "direction right" "turn right"
  473.8s turn 27
  480.2s   model reply: in 3084 + cached 56634, out 158 (+132 reasoning)
  480.2s   tool bash: grep -i "right" /reference/glossary.md
  480.3s turn 28
  487.8s   model reply: in 3654 + cached 56620, out 381 (+358 reasoning)
  487.8s   tool bash: node /kit/rag.mjs entry subject
  488.0s turn 29
  497.3s   model reply: in 4417 + cached 56609, out 770 (+56 reasoning)
  497.3s   tool bash: cat << 'EOF' > /output/translation.md
Status: success
Mode: REQUEST

## BrainCode

```braincode
MODE REQUEST
ENTRYPOINT ObjectLabelBook
TASK ObjectLabelBook {
 
  497.4s turn 30
  506.9s   model reply: in 5624 + cached 56603, out 597 (+564 reasoning)
  506.9s   tool bash: node /kit/rag.mjs widen "Titled 'Probabilistic Robotics'" --kind constraint
  507.0s turn 31
  516.5s   model reply: in 4298 + cached 60659, out 946 (+215 reasoning)
  516.5s   tool bash: cat << 'EOF' > /output/translation.md
Status: success
Mode: REQUEST

## BrainCode

```braincode
MODE REQUEST
ENTRYPOINT ObjectLabelBook
TASK ObjectLabelBook {
 
  516.7s turn 32
  522.6s   model reply: in 5679 + cached 60655, out 419 (+376 reasoning)
  522.6s   tool bash: node /kit/rag.mjs search "the book that says Probabilistic Robotics" "the book that says" "says" "titled"
  522.8s turn 33
  541.1s   model reply: in 3265 + cached 64698, out 879 (+355 reasoning)
  541.1s   tool bash: cat << 'EOF' > /output/translation.md
Status: success
Mode: REQUEST

## BrainCode

```braincode
MODE REQUEST
ENTRYPOINT Textbook
TASK Textbook {
  ACTION walk(d
  541.3s turn 34
  545.0s   model reply: in 4599 + cached 64693, out 193 (+167 reasoning)
  545.0s   tool bash: node /kit/rag.mjs entry turn_on lamp
  545.1s turn 35
  550.3s   model reply: in 4947 + cached 64677, out 606 (+85 reasoning)
  550.3s   tool bash: cat << 'EOF' > /output/translation.md
Status: success
Mode: REQUEST

## BrainCode

```braincode
MODE REQUEST
ENTRYPOINT Textbook
TASK Textbook {
  ACTION walk(d
  550.5s turn 36
  562.1s   model reply: in 49174 + cached 0, out 309 (+273 reasoning)
  562.1s   tool bash: grep -i -E "title|name|label|text|book" /reference/glossary.md
  562.2s turn 37
  567.0s   model reply: in 51441 + cached 0, out 105 (+54 reasoning)
  567.0s   tool bash: grep -n -C 10 "function check" /kit/rag.mjs || grep -n -C 10 "check(" /kit/rag.mjs
  567.1s turn 38
  570.3s   model reply: in 3016 + cached 48540, out 57 (+27 reasoning)
  570.3s   tool read: /kit/rag.mjs
  570.4s turn 39
  574.4s   model reply: in 4555 + cached 48534, out 87 (+63 reasoning)
  574.4s   tool bash: node /kit/rag.mjs check --json
  574.5s turn 40
  580.5s   model reply: in 5594 + cached 48059, out 580 (+534 reasoning)
  580.5s   tool bash: node /kit/rag.mjs search "title" "book title" "text on object" "says" "label" "named" "inscription"
  580.6s turn 41
  585.4s   model reply: in 4195 + cached 52098, out 380 (+351 reasoning)
  585.4s   tool bash: node /kit/rag.mjs widen "book title" --kind constraint
  585.6s turn 42
  591.1s   model reply: in 2403 + cached 56131, out 543 (+515 reasoning)
  591.1s   tool bash: grep -E "\| constructor \|" /reference/glossary.md
  591.1s turn 43
  594.3s   model reply: in 4716 + cached 56157, out 84 (+41 reasoning)
  594.3s   tool bash: grep -E "\| constructor \|" /reference/glossary.md | grep -E "title|text|name|label|book"
  594.4s turn 44
  597.5s   model reply: in 2561 + cached 60185, out 77 (+28 reasoning)
  597.5s   tool bash: grep -E "\| constructor \|" /reference/glossary.md | grep -E "title|text|name|label|book" | tail -n 5
  597.5s turn 45
  605.2s   model reply: in 2994 + cached 60173, out 585 (+550 reasoning)
  605.2s   tool bash: grep -i "alfred" /reference/* || grep -i "pick_up" /reference/*
  605.4s turn 46
  609.3s   model reply: in 4955 + cached 60190, out 200 (+172 reasoning)
  609.3s   tool bash: node /kit/rag.mjs entry bed night_stand textbook lamp
  609.5s turn 47
  615.4s   model reply: in 5426 + cached 60179, out 77 (+52 reasoning)
  615.4s   tool bash: node /kit/rag.mjs entry pillow sofa armchair
  615.5s turn 48
  628.7s   model reply: in 5544 + cached 60161, out 2215 (+2187 reasoning)
  628.7s   tool bash: grep -E "\| attribute \|" /reference/glossary.md
  628.8s turn 49
  641.3s   model reply: in 3922 + cached 64199, out 2098 (+1419 reasoning)
  641.3s   tool bash: cat << 'EOF' > /output/translation.md
Status: failed
Mode: REQUEST

## Suggested translation

```braincode
MODE REQUEST
ENTRYPOINT Textbook
TASK Textbook {
  AC
  641.4s turn 50
  668.9s   model reply: in 46020 + cached 0, out 1468 (+1443 reasoning)
  668.9s   tool bash: node /kit/rag.mjs entry turn_on
  669.0s turn 51
  672.9s   model reply: in 2959 + cached 44611, out 295 (+271 reasoning)
  672.9s   tool bash: node /kit/rag.mjs check --json
  673.1s turn 52
  679.3s   model reply: in 4216 + cached 44126, out 667 (+222 reasoning)
  679.3s   tool write: /output/suggestions.md
  679.3s turn 53
  681.2s   model reply: in 0 + cached 0, out 0 (+0 reasoning)
  681.2s agent finished
  683.2s turn 54
  696.8s   model reply: in 0 + cached 0, out 0 (+0 reasoning)
  696.8s agent finished
  700.8s turn 55
  712.5s   model reply: in 0 + cached 0, out 0 (+0 reasoning)
  712.5s agent finished
  720.5s turn 56
  818.0s   model reply: in 49013 + cached 0, out 1324 (+659 reasoning)
  818.0s   tool write: /output/translation.md
  818.0s turn 57
  857.1s   model reply: in 2212 + cached 48129, out 48 (+18 reasoning)
  857.1s   tool bash: node /kit/rag.mjs check --translation /output/translation.md
  857.2s turn 58
  893.7s   model reply: in 2716 + cached 48118, out 69 (+36 reasoning)
  893.7s   tool bash: cat /output/translation.md && echo "---" && cat /output/suggestions.md
  893.7s turn 59
  918.9s   model reply: in 3846 + cached 48120, out 302 (+16 reasoning)
  918.9s agent finished
  918.9s agent finished
