    3.5s turn 1
   16.0s   model reply: in 31588 + cached 0, out 1130 (+1096 reasoning)
   16.0s   tool bash: node /kit/rag.mjs entry statement attribute_claim conditional negation ask inform respond requirement subject activity
   16.1s turn 2
   19.8s   model reply: in 6169 + cached 28463, out 86 (+44 reasoning)
   19.8s   tool bash: node /kit/rag.mjs search "conjunction" "property" "truth value" "evaluation" "logic" "rule"
   20.0s turn 3
   23.9s   model reply: in 36362 + cached 0, out 63 (+29 reasoning)
   23.9s   tool bash: node /kit/rag.mjs entry conjunction property_question constrained_by possesses statement attribute_claim
   24.0s turn 4
   28.1s   model reply: in 4844 + cached 32508, out 96 (+54 reasoning)
   28.1s   tool bash: node /kit/rag.mjs search "is_a" "entity" "trait" "predicate" "attribute" "question"
   28.3s turn 5
   34.9s   model reply: in 2603 + cached 36565, out 65 (+37 reasoning)
   34.9s   tool bash: node /kit/rag.mjs entry has_attribute character stereotype identity
   35.0s turn 6
   39.2s   model reply: in 3101 + cached 36548, out 113 (+64 reasoning)
   39.2s   tool bash: grep -E "^\s*\| [a-z0-9_]+ \| (constructor|claim_relation|speech_act)" /reference/glossary.md
   39.2s turn 7
   66.9s   model reply: in 5064 + cached 36544, out 84 (+25 reasoning)
   66.9s   tool bash: grep -E "^\s*\| [a-z0-9_]+ \| (constructor|claim_relation)" /reference/glossary.md | cut -d '|' -f 2,3,4
   67.0s turn 8
   76.6s   model reply: in 3138 + cached 40601, out 69 (+13 reasoning)
   76.6s   tool bash: grep -E "^\s*\| [a-z0-9_]+ \| claim_relation" /reference/glossary.md | cut -d '|' -f 2,3,4
   76.6s turn 9
   91.6s   model reply: in 4718 + cached 40594, out 78 (+17 reasoning)
   91.6s   tool bash: grep -E "^\s*\| [a-z0-9_]+ \| constructor" /reference/glossary.md | tail -n 25 | cut -d '|' -f 2,3,4
   91.7s turn 10
  107.2s   model reply: in 5483 + cached 40581, out 2059 (+2022 reasoning)
  107.2s   tool bash: node /kit/rag.mjs entry lexical_label requirement subject conditional conjunction negation statement attribute_claim has_attribute
  107.5s turn 11
  121.0s   model reply: in 49994 + cached 0, out 243 (+197 reasoning)
  121.0s   tool bash: node /kit/rag.mjs search "is young" "is nice" "is quiet" "is red" "all things" "something is"
  123.1s turn 12
  142.7s   model reply: in 3157 + cached 48706, out 1098 (+1056 reasoning)
  142.7s   tool bash: node /kit/rag.mjs search "rule" "premise" "consequence" "hypothesis" "theorem" "theory"
  143.0s turn 13
  151.1s   model reply: in 5831 + cached 48709, out 967 (+930 reasoning)
  151.1s   tool bash: node /kit/rag.mjs widen "Introduce a set of theoretical rules and facts" --kind speech_act
  151.5s turn 14
  227.4s   model reply: in 57051 + cached 0, out 111 (+26 reasoning)
  227.4s   tool bash: node /kit/rag.mjs widen "Determine if a statement is True, False, or Unknown" --kind action
node /kit/rag.mjs widen "Base the evaluation only on the provided th
  227.9s turn 15
  232.0s   model reply: in 3481 + cached 56835, out 65 (+38 reasoning)
  232.0s   tool bash: node /kit/rag.mjs entry constraint_single_choice
  232.2s turn 16
  243.8s   model reply: in 3713 + cached 56816, out 780 (+750 reasoning)
  243.8s   tool bash: grep -C 5 "attribute_claim" /reference/glossary.md
  243.9s turn 17
  251.3s   model reply: in 6318 + cached 56818, out 88 (+63 reasoning)
  251.3s   tool bash: grep -rn "conditional" /reference/ /attach/
  251.5s turn 18
  276.9s   model reply: in 4219 + cached 60873, out 2287 (+2252 reasoning)
  276.9s   tool bash: grep -E "TERM [a-z0-9_]+\(" /reference/glossary.md
  276.9s turn 19
  289.2s   model reply: in 4229 + cached 64946, out 1311 (+1283 reasoning)
  289.2s   tool bash: node -e '
console.log(process.cwd());
'
  289.3s turn 20
  296.0s   model reply: in 0 + cached 0, out 0 (+0 reasoning)
  296.0s agent finished
  298.0s turn 21
  328.0s   model reply: in 50858 + cached 0, out 2209 (+51 reasoning)
  328.0s   tool write: /output/translation.md
  328.0s turn 22
  332.4s   model reply: in 4318 + cached 48753, out 53 (+23 reasoning)
  332.4s   tool bash: node /kit/rag.mjs check --translation /output/translation.md
  332.5s turn 23
  339.4s   model reply: in 5063 + cached 48738, out 585 (+555 reasoning)
  339.4s   tool bash: node /kit/rag.mjs search "user" "role_user"
  339.9s turn 24
  345.3s   model reply: in 2261 + cached 52789, out 75 (+50 reasoning)
  345.3s   tool bash: node /kit/rag.mjs entry role_user
  345.6s turn 25
  368.9s   model reply: in 2402 + cached 52769, out 3618 (+1371 reasoning)
  368.9s   tool write: /output/translation.md
  368.9s turn 26
  372.8s   model reply: in 6018 + cached 52775, out 53 (+23 reasoning)
  372.8s   tool bash: node /kit/rag.mjs check --translation /output/translation.md
  373.3s turn 27
  391.4s   model reply: in 2703 + cached 56820, out 2777 (+380 reasoning)
  391.4s   tool write: /output/translation.md
  391.4s turn 28
  398.0s   model reply: in 5484 + cached 56820, out 53 (+23 reasoning)
  398.0s   tool bash: node /kit/rag.mjs check --translation /output/translation.md
  398.2s turn 29
  405.4s   model reply: in 2170 + cached 60864, out 167 (+100 reasoning)
  405.4s agent finished
  405.4s agent finished
