    2.2s turn 1
    9.2s   model reply: in 12362 + cached 0, out 836 (+819 reasoning)
    9.2s   tool bash: ls -la /
    9.2s turn 2
   11.8s   model reply: in 5936 + cached 8045, out 35 (+17 reasoning)
   11.8s   tool bash: ls -la /reference
   11.8s turn 3
   14.5s   model reply: in 2166 + cached 12054, out 54 (+33 reasoning)
   14.5s   tool bash: cat /reference/examples.jsonl
   14.5s turn 4
   18.6s   model reply: in 3389 + cached 12055, out 28 (+10 reasoning)
   18.6s   tool bash: ls -la /kit
   18.6s turn 5
   27.6s   model reply: in 3598 + cached 12041, out 1172 (+1142 reasoning)
   27.6s   tool bash: grep -n -C 5 "activity" /reference/glossary.md
   27.7s turn 6
   31.0s   model reply: in 6515 + cached 12065, out 68 (+41 reasoning)
   31.0s   tool bash: grep -rn "web_element" /reference /attach /kit
   31.1s turn 7
   34.1s   model reply: in 2905 + cached 16075, out 48 (+20 reasoning)
   34.1s   tool bash: grep -rn "mind2web" / 2>/dev/null
   34.1s turn 8
   40.0s   model reply: in 2980 + cached 16058, out 36 (+18 reasoning)
   40.0s   tool bash: cat /prompt.md
   40.0s turn 9
   55.1s   model reply: in 0 + cached 0, out 0 (+0 reasoning)
   55.1s agent finished
   57.1s turn 10
   70.7s   model reply: in 0 + cached 0, out 0 (+0 reasoning)
   70.7s agent finished
   74.7s turn 11
   86.3s   model reply: in 0 + cached 0, out 0 (+0 reasoning)
   86.3s agent finished
   94.3s turn 12
  116.9s   model reply: in 0 + cached 0, out 0 (+0 reasoning)
  116.9s agent finished
  132.9s turn 13
  200.8s   model reply: in 19539 + cached 0, out 2519 (+2491 reasoning)
  200.8s   tool bash: grep -rn "<|user|>" / 2>/dev/null
  200.9s turn 14
  208.2s   model reply: in 22068 + cached 0, out 64 (+32 reasoning)
  208.2s   tool bash: grep -rn "reconstruction" /reference /kit /attach 2>/dev/null
  208.3s turn 15
  274.3s   model reply: in 22411 + cached 0, out 58 (+38 reasoning)
  274.3s   tool bash: cat /kit/README.md
  274.3s turn 16
  289.0s   model reply: in 23631 + cached 0, out 38 (+16 reasoning)
  289.0s   tool bash: cat /kit/needs_prompt.md
  289.0s turn 17
  395.7s   model reply: in 24347 + cached 0, out 7142 (+7046 reasoning)
  395.7s   tool write: /output/reconstruction.md
  395.7s turn 18
  399.0s   model reply: in 7319 + cached 24175, out 39 (+19 reasoning)
  399.0s   tool read: /output/reconstruction.md
  399.0s turn 19
  410.4s   model reply: in 3417 + cached 28186, out 99 (+74 reasoning)
  410.4s agent finished
  410.4s agent finished
