    4.6s turn 1
   10.8s   model reply: in 2106 + cached 0, out 1005 (+988 reasoning)
   10.8s   tool read: /trajectory.txt
   10.9s turn 2
   15.2s   model reply: in 3598 + cached 0, out 324 (+288 reasoning)
   15.2s   tool bash: python3 -c "print(repr(open('/trajectory.txt').read()[:200]))"
   15.3s turn 3
   17.3s   model reply: in 3945 + cached 0, out 60 (+13 reasoning)
   17.3s   tool bash: node -e "console.log(JSON.stringify(fs.readFileSync('/trajectory.txt', 'utf8').slice(0, 250)))"
   17.4s turn 4
   25.2s   model reply: in 4070 + cached 0, out 1367 (+1249 reasoning)
   25.2s   tool bash: node -e "
const fs = require('fs');
const content = fs.readFileSync('/trajectory.txt', 'utf8');
console.log('Total length:', content.length);
console.log('Line 
   25.2s turn 5
   70.0s   model reply: in 6127 + cached 0, out 9317 (+9174 reasoning)
   70.2s   tool bash: node -e "
const fs = require('fs');
const text = fs.readFileSync('/trajectory.txt', 'utf8');
for (let i = 0; i < text.length; i++) {
  const code = text.charCod
   70.5s turn 6
  103.3s   model reply: in 11608 + cached 4008, out 7796 (+6923 reasoning)
  103.3s   tool write: /output/translation.md
  103.3s turn 7
  106.9s   model reply: in 11319 + cached 12097, out 207 (+19 reasoning)
  106.9s   tool bash: node -e "
const fs = require('fs');
const orig = fs.readFileSync('/trajectory.txt', 'utf8').split(/\r?\n/);
const trans = fs.readFileSync('/output/translation.m
  107.1s turn 8
  110.6s   model reply: in 5425 + cached 20172, out 227 (+203 reasoning)
  110.7s agent finished
  110.7s agent finished
