    1.8s turn 1
    7.9s   model reply: in 30509 + cached 0, out 456 (+400 reasoning)
    7.9s   tool bash: node /kit/rag.mjs search "proofwriter" "theory" "rough" "furry" "quiet" "round" "blue" "green" "cold" "true false unknown"
    8.1s turn 2
   11.4s   model reply: in 5315 + cached 28457, out 78 (+28 reasoning)
   11.4s   tool bash: node /kit/rag.mjs search "attribute" "trait" "property" "person" "predicate" "logic" "rule" "premise" "question"
   11.6s turn 3
   14.7s   model reply: in 3836 + cached 32521, out 99 (+58 reasoning)
   14.7s   tool bash: node /kit/rag.mjs entry has_attribute attribute_claim has_state statement conditional conjunction negation character_trait property_question
   14.8s turn 4
   18.2s   model reply: in 5043 + cached 32510, out 103 (+67 reasoning)
   18.2s   tool bash: grep -i "proofwriter" /reference/examples.jsonl || echo "no proofwriter in examples"
   18.2s turn 5
   21.3s   model reply: in 5170 + cached 32491, out 65 (+37 reasoning)
   21.3s   tool bash: grep -E "\| constructor \|" /reference/glossary.md
   21.4s turn 6
   25.7s   model reply: in 39522 + cached 0, out 117 (+51 reasoning)
   25.7s   tool bash: grep -E "^\| (entity|individual|person|universal|quantifier|property|has_attribute|attribute_claim|statement|evaluate|verify|question|answer|propose|respond|ask
   25.8s turn 7
   35.0s   model reply: in 3450 + cached 36531, out 65 (+21 reasoning)
   35.0s   tool bash: grep -E "^\| [a-z0-9_]+ \| (claim_relation|constructor) \|" /reference/glossary.md
   35.0s turn 8
   41.9s   model reply: in 5315 + cached 36527, out 725 (+677 reasoning)
   41.9s   tool bash: node /kit/rag.mjs search "character_trait" "has_attribute" "attribute_claim" "has_state" "subject" "statement"
   42.1s turn 9
   47.2s   model reply: in 4047 + cached 40588, out 115 (+68 reasoning)
   47.2s   tool bash: grep -E "\| (lexical_label|attribute|property|evaluation|question|logic|rule|condition) \|" /reference/glossary.md
   47.2s turn 10
   51.0s   model reply: in 5857 + cached 40584, out 64 (+24 reasoning)
   51.0s   tool bash: grep -E "\| constructor \|" /reference/glossary.md | awk -F'|' '{print $2}'
   51.1s turn 11
   54.4s   model reply: in 2255 + cached 44625, out 72 (+30 reasoning)
   54.4s   tool bash: grep -E "\| claim_relation \|" /reference/glossary.md | awk -F'|' '{print $2}'
   54.4s turn 12
   57.6s   model reply: in 2614 + cached 44608, out 61 (+12 reasoning)
   57.6s   tool bash: grep -E "\| (speech_act|link) \|" /reference/glossary.md | awk -F'|' '{print $2, $3}'
   57.6s turn 13
   61.5s   model reply: in 2798 + cached 44589, out 163 (+106 reasoning)
   61.5s   tool bash: node /kit/rag.mjs entry has_attribute has_state statement attribute_claim character_trait conditional conjunction negation state_cold shape_round lexical_label 
   61.6s turn 14
   68.8s   model reply: in 4911 + cached 44589, out 800 (+666 reasoning)
   68.8s   tool bash: node /kit/rag.mjs widen "Introduce a logical theory or set of premises" --kind speech_act
node /kit/rag.mjs widen "Determine if a statement is True, False, or U
   69.9s turn 15
   89.7s   model reply: in 4832 + cached 48660, out 1349 (+1310 reasoning)
   89.7s   tool bash: node /kit/rag.mjs entry has_attribute attribute_claim has_state statement character_trait lexical_label subject
   89.9s turn 16
   93.7s   model reply: in 3729 + cached 52723, out 77 (+51 reasoning)
   93.7s   tool bash: grep -rn "has_attribute" /reference/ || true
   93.8s turn 17
   97.3s   model reply: in 4249 + cached 52707, out 49 (+31 reasoning)
   97.3s   tool bash: ls -la /reference
   97.4s turn 18
  106.9s   model reply: in 4520 + cached 52689, out 938 (+916 reasoning)
  106.9s   tool bash: grep -rn "BY " /reference/
  107.0s turn 19
  110.5s   model reply: in 2847 + cached 56745, out 72 (+44 reasoning)
  110.5s   tool bash: node /kit/rag.mjs entry role_user role_agent
  110.7s turn 20
  115.8s   model reply: in 3031 + cached 56726, out 330 (+295 reasoning)
  115.8s   tool bash: grep -i -E "furry|rough|quiet" /reference/glossary.md || true
  115.9s turn 21
  121.3s   model reply: in 3755 + cached 56713, out 294 (+262 reasoning)
  121.3s   tool bash: node /kit/rag.mjs entry has_attribute attribute_claim statement conditional conjunction negation
  121.5s turn 22
  139.9s   model reply: in 4817 + cached 56704, out 2515 (+2489 reasoning)
  139.9s   tool bash: node /kit/rag.mjs check --help || true
  140.0s turn 23
  151.5s   model reply: in 3286 + cached 60760, out 1357 (+1315 reasoning)
  151.5s   tool bash: node /kit/rag.mjs search "predicate" "proposition" "property_question" "evaluate" "statement" "logical"
  151.8s turn 24
  180.4s   model reply: in 6301 + cached 60771, out 3980 (+2215 reasoning)
  180.4s   tool bash: cat << 'EOF' > /output/translation.md
Status: success
Mode: REQUEST

## BrainCode

```braincode
MODE REQUEST
ENTRYPOINT Conversation
CONVO Conversation {
  TURN
  180.6s turn 25
  200.9s   model reply: in 49505 + cached 0, out 494 (+464 reasoning)
  200.9s   tool bash: node /kit/rag.mjs widen "Charlie is rough" --kind claim
  201.2s turn 26
  214.9s   model reply: in 3145 + cached 48706, out 2021 (+202 reasoning)
  214.9s   tool bash: cat << 'EOF' > /output/translation.md
Status: success
Mode: REQUEST

## BrainCode

```braincode
MODE REQUEST
ENTRYPOINT Conversation
CONVO Conversation {
  TURN
  215.2s turn 27
  239.2s   model reply: in 54524 + cached 0, out 3730 (+1889 reasoning)
  239.2s   tool bash: cat << 'EOF' > /output/translation.md
Status: success
Mode: REQUEST

## BrainCode

```braincode
MODE REQUEST
ENTRYPOINT Conversation
CONVO Conversation {
  TURN
  239.6s turn 28
  252.8s   model reply: in 6123 + cached 52783, out 137 (+70 reasoning)
  252.9s agent finished
  252.9s agent finished
