    2.0s turn 1
    8.7s   model reply: in 21122 + cached 8127, out 838 (+793 reasoning)
    8.7s   tool bash: node /kit/rag.mjs search "story" "plot" "narrative" "movie" "character" "inquire" "rewrite"
    8.9s turn 2
   12.1s   model reply: in 3733 + cached 28447, out 70 (+28 reasoning)
   12.1s   tool bash: node /kit/rag.mjs entry ask propose inform respond provides aesthetic character character_trait activity sequence conjunction obligation enables opposes has_goa
   12.3s turn 3
   15.2s   model reply: in 5858 + cached 28443, out 83 (+46 reasoning)
   15.2s   tool bash: node /kit/rag.mjs search "title" "setting" "adaptation" "role" "team"
   15.3s turn 4
   18.1s   model reply: in 3327 + cached 32497, out 56 (+25 reasoning)
   18.1s   tool bash: node /kit/rag.mjs entry role instantiates group_size document_section
   18.2s turn 5
   24.2s   model reply: in 3825 + cached 32481, out 761 (+721 reasoning)
   24.2s   tool bash: node /kit/rag.mjs search "fictional" "fantasy" "lore" "narrative" "adapt"
   24.4s turn 6
   27.0s   model reply: in 6012 + cached 32479, out 84 (+49 reasoning)
   27.0s   tool bash: node /kit/rag.mjs entry cat_game genre_label art_story style_narrative
   27.1s turn 7
   38.5s   model reply: in 2274 + cached 36521, out 1959 (+1909 reasoning)
   38.5s   tool bash: node /kit/rag.mjs search "character" "narrative" "adaptation" "story" "genre" "setting" "dream" "movie" "film"
   38.7s turn 8
   41.2s   model reply: in 6865 + cached 36539, out 55 (+30 reasoning)
   41.2s   tool bash: node /kit/rag.mjs entry has_style
   41.4s turn 9
   44.5s   model reply: in 2956 + cached 40579, out 106 (+64 reasoning)
   44.5s   tool bash: node /kit/rag.mjs search "mentions" "character" "story" "adaptation" "replaces" "revision"
   44.8s turn 10
   47.6s   model reply: in 4849 + cached 40575, out 70 (+39 reasoning)
   47.6s   tool bash: node /kit/rag.mjs entry focus_of subject substitute character character_trait
   47.8s turn 11
   51.1s   model reply: in 5661 + cached 40563, out 88 (+58 reasoning)
   51.1s   tool bash: grep -E "\| speech_act \|" /reference/glossary.md
   51.2s turn 12
   54.5s   model reply: in 2182 + cached 44604, out 44 (+14 reasoning)
   54.5s   tool bash: grep -E "\| claim_relation \|" /reference/glossary.md
   54.6s turn 13
   57.1s   model reply: in 4161 + cached 44602, out 53 (+16 reasoning)
   57.1s   tool bash: grep -E "\| claim_relation \|" /reference/glossary.md | tail -n +31
   57.2s turn 14
   60.1s   model reply: in 2059 + cached 48655, out 120 (+84 reasoning)
   60.1s   tool bash: node /kit/rag.mjs entry statement request focus_of aesthetic character character_trait activity sequence conjunction obligation
   60.2s turn 15
   62.6s   model reply: in 3552 + cached 48648, out 43 (+15 reasoning)
   62.6s   tool bash: grep -E "\| constructor \|" /reference/glossary.md
   62.7s turn 16
   65.6s   model reply: in 5393 + cached 48646, out 55 (+20 reasoning)
   65.6s   tool bash: grep -E "\| constructor \|" /reference/glossary.md | tail -n +25
   65.7s turn 17
   68.5s   model reply: in 3234 + cached 52697, out 55 (+20 reasoning)
   68.5s   tool bash: grep -E "\| constructor \|" /reference/glossary.md | tail -n +50
   68.6s turn 18
   71.3s   model reply: in 5040 + cached 52694, out 54 (+19 reasoning)
   71.3s   tool bash: grep -E "\| constructor \|" /reference/glossary.md | tail -n +75
   71.3s turn 19
   82.2s   model reply: in 5785 + cached 52682, out 43 (+15 reasoning)
   82.2s   tool bash: grep -E "\| link \|" /reference/glossary.md
   82.3s turn 20
   85.9s   model reply: in 6064 + cached 52665, out 101 (+57 reasoning)
   85.9s   tool bash: grep -E "\| (topic-value|artifact-value|style-value|recipient-value) \|" /reference/glossary.md
   86.0s turn 21
   93.8s   model reply: in 0 + cached 0, out 0 (+0 reasoning)
   93.8s agent finished
   95.8s turn 22
  212.7s   model reply: in 60432 + cached 0, out 3087 (+3063 reasoning)
  212.7s   tool bash: node /kit/rag.mjs check --help
  212.8s turn 23
  255.5s   model reply: in 6811 + cached 56724, out 8235 (+6190 reasoning)
  255.5s   tool write: /output/translation.md
  255.5s turn 24
  264.9s   model reply: in 47757 + cached 0, out 53 (+23 reasoning)
  264.9s   tool bash: node /kit/rag.mjs check --translation /output/translation.md
  265.0s turn 25
  269.7s   model reply: in 3763 + cached 44675, out 273 (+248 reasoning)
  269.7s   tool bash: node /kit/rag.mjs entry cat_game
  269.8s turn 26
  276.1s   model reply: in 4094 + cached 44658, out 466 (+260 reasoning)
  276.1s   tool edit: /output/translation.md
  276.1s turn 27
  279.7s   model reply: in 49215 + cached 0, out 53 (+23 reasoning)
  279.7s   tool bash: node /kit/rag.mjs check --translation /output/translation.md
  279.8s turn 28
  288.8s   model reply: in 5293 + cached 44612, out 1121 (+1098 reasoning)
  288.8s   tool bash: node /kit/rag.mjs entry statement
  289.0s turn 29
  293.9s   model reply: in 2439 + cached 48658, out 131 (+82 reasoning)
  293.9s   tool bash: node /kit/rag.mjs entry aesthetic activity propose provides inform character obligation conjunction temporal_context substitute requirement opposes time_horizon
  294.0s turn 30
  297.0s   model reply: in 4455 + cached 48657, out 61 (+25 reasoning)
  297.0s   tool bash: node /kit/rag.mjs entry opposes time_horizon art_story dog cat_game role_agent
  297.2s turn 31
  309.9s   model reply: in 4968 + cached 48642, out 219 (+80 reasoning)
  309.9s   tool edit: /output/translation.md
  309.9s turn 32
  313.0s   model reply: in 5218 + cached 48608, out 53 (+23 reasoning)
  313.0s   tool bash: node /kit/rag.mjs check --translation /output/translation.md
  313.1s turn 33
  318.4s   model reply: in 5921 + cached 48595, out 402 (+223 reasoning)
  318.5s agent finished
  318.5s agent finished
