    3.5s turn 1
    8.6s   model reply: in 3 + cached 0, out 63 (+0 reasoning)
    8.6s   tool bash: node /kit/rag.mjs search "describe requested placement with destination spatial relations" "object description with color and spatial qualifiers" "action sequen
    9.0s turn 2
   13.9s   model reply: in 3 + cached 27705, out 47 (+0 reasoning)
   13.9s   tool bash: node /kit/rag.mjs entry spatial_constraint request spatial_state sequence ask lexical_label subject requirement attribute_claim role_user role_agent activity
   14.0s turn 3
   19.5s   model reply: in 3 + cached 28914, out 120 (+40 reasoning)
   19.5s   tool bash: node /kit/rag.mjs search "described action operation arguments destination direction route" "entity description color modifiers reference identity" "left direct
   19.8s turn 4
   36.0s   model reply: in 3 + cached 30762, out 446 (+293 reasoning)
   36.0s   tool bash: node /kit/rag.mjs widen "describe place keys on ottoman; turn left; walk to end table; pick up keys; turn around; walk through living room; place keys left of c
   36.7s turn 5
   52.7s   model reply: in 3 + cached 31920, out 539 (+391 reasoning)
   52.7s   tool bash: node /kit/rag.mjs widen "across from the couch" --kind constraint > /output/search-across.txt; node /kit/rag.mjs widen "attach color and location restrictions t
   53.6s turn 6
   59.1s   model reply: in 3 + cached 35138, out 158 (+59 reasoning)
   59.1s   tool read: /output/search-across.txt
   59.1s   tool read: /output/search-description.txt
   59.1s   tool read: /output/search-activity.txt
   59.1s turn 7
  112.3s   model reply: in 3 + cached 36969, out 2820 (+481 reasoning)
  112.3s   tool write: /output/translation.md
  112.3s turn 8
  131.2s   model reply: in 3 + cached 41689, out 964 (+10 reasoning)
  131.2s   tool write: /output/suggestions.md
  131.2s turn 9
  133.1s   model reply: in 3 + cached 44527, out 36 (+0 reasoning)
  133.1s   tool bash: node /kit/rag.mjs check --translation /output/translation.md
  133.2s turn 10
  143.6s   model reply: in 3 + cached 45509, out 346 (+180 reasoning)
  143.6s   tool edit: /output/translation.md
  143.6s turn 11
  146.0s   model reply: in 3 + cached 46144, out 36 (+0 reasoning)
  146.0s   tool bash: node /kit/rag.mjs check --translation /output/translation.md
  146.2s turn 12
  150.6s   model reply: in 3 + cached 46514, out 63 (+0 reasoning)
  150.6s agent finished
  150.6s agent finished
