    2.8s turn 1
    8.8s   model reply: in 25466 + cached 0, out 728 (+695 reasoning)
    8.8s   tool bash: node /kit/rag.mjs entry chill cool slice pick_up place walk face turn remove
    8.9s turn 2
   20.2s   model reply: in 2993 + cached 24349, out 2114 (+2080 reasoning)
   20.2s   tool bash: node /kit/rag.mjs search "left" "right" "around" "step"
   20.4s turn 3
   25.2s   model reply: in 6180 + cached 24355, out 65 (+23 reasoning)
   25.2s   tool bash: node /kit/rag.mjs search "step forward" "turn left" "turn around" "cool" "take a step"
   25.5s turn 4
   28.4s   model reply: in 3648 + cached 28407, out 84 (+44 reasoning)
   28.4s   tool bash: node /kit/rag.mjs search "left" "right" "around" "forward" "backward" "walk"
   28.5s turn 5
   31.2s   model reply: in 5407 + cached 28403, out 81 (+32 reasoning)
   31.2s   tool bash: grep -E "\| direction \|" /reference/glossary.md || grep -i "direction" /reference/glossary.md | head -n 30
   31.3s turn 6
   34.2s   model reply: in 5921 + cached 28389, out 63 (+35 reasoning)
   34.2s   tool bash: grep -E "spatial-relation" /reference/glossary.md
   34.2s turn 7
   36.7s   model reply: in 2302 + cached 32428, out 82 (+47 reasoning)
   36.7s   tool bash: node /kit/rag.mjs entry turn walk face walk_backward chill pick_up place remove slice
   36.8s turn 8
   49.4s   model reply: in 3616 + cached 32420, out 56 (+28 reasoning)
   49.4s   tool bash: grep -E "\| operation \|" /reference/glossary.md
   49.5s turn 9
   61.0s   model reply: in 5730 + cached 32421, out 2155 (+2118 reasoning)
   61.0s   tool bash: node /kit/rag.mjs search "left" "right" "around" "forward" --kind value
   61.2s turn 10
   65.3s   model reply: in 4901 + cached 36484, out 252 (+225 reasoning)
   65.3s   tool bash: node /kit/rag.mjs entry left right around forward backward
   65.4s turn 11
   71.4s   model reply: in 5208 + cached 36468, out 637 (+599 reasoning)
   71.4s   tool bash: grep -rn "alfred" /reference/ || grep -rn "alfred" /doc_formats/ || true
   71.6s turn 12
   72.5s   model reply: in 0 + cached 0, out 0 (+0 reasoning)
   72.5s agent finished
   74.5s turn 13
   88.2s   model reply: in 0 + cached 0, out 0 (+0 reasoning)
   88.2s agent finished
   92.2s turn 14
  103.8s   model reply: in 0 + cached 0, out 0 (+0 reasoning)
  103.8s agent finished
  111.8s turn 15
  134.5s   model reply: in 0 + cached 0, out 0 (+0 reasoning)
  134.5s agent finished
  150.5s turn 16
  215.7s   model reply: in 42379 + cached 0, out 2940 (+2914 reasoning)
  215.7s   tool bash: node /kit/rag.mjs check --help || true
  215.8s turn 17
  248.2s   model reply: in 4813 + cached 40516, out 2786 (+2763 reasoning)
  248.2s   tool bash: node /kit/rag.mjs entry face
  248.4s turn 18
  270.0s   model reply: in 48249 + cached 0, out 597 (+550 reasoning)
  270.0s   tool bash: grep -rn "ACTION turn" /reference/ || grep -rn "ACTION walk" /reference/ || grep -rn "ACTION face" /reference/ || true
  270.3s turn 19
  308.2s   model reply: in 4286 + cached 44563, out 46 (+16 reasoning)
  308.3s   tool bash: grep -E "\| example \|" /reference/glossary.md || true
  308.3s turn 20
  332.6s   model reply: in 5371 + cached 44554, out 2032 (+2009 reasoning)
  332.6s   tool bash: node /kit/rag.mjs entry slice
  332.7s turn 21
  360.0s   model reply: in 3423 + cached 48606, out 451 (+412 reasoning)
  360.0s   tool bash: node /kit/rag.mjs search "lettuce" "slice" "food" "item" --kind constructor
  360.1s turn 22
  368.2s   model reply: in 5107 + cached 48603, out 60 (+34 reasoning)
  368.2s   tool bash: node /kit/rag.mjs entry lettuce state_sliced
  368.3s turn 23
  386.5s   model reply: in 5324 + cached 48586, out 1041 (+1004 reasoning)
  386.5s   tool bash: node /kit/rag.mjs search "entity" "object" "location" "food" --kind constructor
  386.7s turn 24
  397.4s   model reply: in 3413 + cached 52637, out 47 (+22 reasoning)
  397.4s   tool bash: node /kit/rag.mjs entry location_spec
  397.6s turn 25
  403.8s   model reply: in 3572 + cached 52618, out 55 (+27 reasoning)
  403.8s   tool bash: grep -E "\| constructor \|" /reference/glossary.md
  403.8s turn 26
  415.8s   model reply: in 5423 + cached 52618, out 534 (+496 reasoning)
  415.8s   tool bash: node /kit/rag.mjs search "wrap" "item" "label" "lexical" --kind constructor
  415.9s turn 27
  423.0s   model reply: in 3096 + cached 56665, out 53 (+28 reasoning)
  423.0s   tool bash: node /kit/rag.mjs entry lexical_label
  423.1s turn 28
  435.1s   model reply: in 3634 + cached 56650, out 1148 (+1125 reasoning)
  435.1s   tool bash: node /kit/rag.mjs entry remove
  435.2s turn 29
  453.4s   model reply: in 4866 + cached 56644, out 2535 (+1427 reasoning)
  453.4s   tool write: /output/translation.md
  453.4s turn 30
  456.9s   model reply: in 3354 + cached 60695, out 63 (+33 reasoning)
  456.9s   tool bash: node /kit/rag.mjs check --translation /output/translation.md
  457.0s turn 31
  496.9s   model reply: in 4014 + cached 60682, out 6150 (+5040 reasoning)
  496.9s   tool write: /output/translation.md
  496.9s turn 32
  508.0s   model reply: in 51940 + cached 0, out 54 (+24 reasoning)
  508.0s   tool bash: node /kit/rag.mjs check --translation /output/translation.md
  508.2s turn 33
  517.3s   model reply: in 3974 + cached 48604, out 1374 (+230 reasoning)
  517.3s agent finished
  517.3s agent finished
