    1.7s turn 1
   16.4s   model reply: in 12157 + cached 0, out 2008 (+1985 reasoning)
   16.4s   tool bash: node -e "console.log('test')"
   16.5s turn 2
   19.6s   model reply: in 2095 + cached 12071, out 53 (+28 reasoning)
   19.6s   tool bash: node /kit/rag.mjs --help || true
   19.6s turn 3
   22.4s   model reply: in 2197 + cached 12054, out 52 (+14 reasoning)
   22.4s   tool bash: node /kit/rag.mjs entry turn walk face pick_up place slice chill remove right_of state_sliced
   22.5s turn 4
   45.5s   model reply: in 3498 + cached 12057, out 3287 (+3269 reasoning)
   45.5s   tool bash: mkdir -p /output
   45.5s turn 5
   70.8s   model reply: in 6763 + cached 12082, out 288 (+161 reasoning)
   70.8s   tool write: /output/reconstruction.md
   70.9s turn 6
   73.3s   model reply: in 3045 + cached 16093, out 31 (+11 reasoning)
   73.3s   tool read: /output/reconstruction.md
   73.3s turn 7
   78.6s   model reply: in 3194 + cached 16076, out 38 (+20 reasoning)
   78.6s agent finished
   78.6s agent finished
