    2.5s turn 1
    7.0s   model reply: in 11208 + cached 0, out 155 (+126 reasoning)
    7.0s   tool bash: ls -la /
ls -la /attach
ls -la /output
    7.0s turn 2
   10.6s   model reply: in 4326 + cached 8026, out 55 (+31 reasoning)
   10.6s   tool bash: ls -la /kit
ls -la /reference
   10.6s turn 3
   16.3s   model reply: in 4761 + cached 8018, out 56 (+35 reasoning)
   16.3s   tool bash: cat /reference/examples.jsonl
   16.3s turn 4
   22.6s   model reply: in 5984 + cached 8021, out 53 (+33 reasoning)
   22.6s   tool bash: cat /kit/README.md
   22.6s turn 5
   28.5s   model reply: in 3186 + cached 12034, out 33 (+15 reasoning)
   28.5s   tool bash: cat /prompt.md
   28.5s turn 6
   40.8s   model reply: in 3692 + cached 12026, out 1458 (+1422 reasoning)
   40.8s   tool bash: node /kit/rag.mjs entry ask click constraint_beginner request select_filter song then web_element
   40.9s turn 7
   44.8s   model reply: in 5778 + cached 12042, out 126 (+40 reasoning)
   44.8s   tool bash: grep -A 10 "rule_speech_acts_general" /reference/glossary.md || true
grep -A 10 "rule_recording_signatures" /reference/glossary.md || true
grep -A 10 "rule_supp
   45.3s turn 8
   48.4s   model reply: in 3581 + cached 16068, out 107 (+80 reasoning)
   48.4s   tool bash: grep -ri "mind2web" /reference /kit || true
   48.7s turn 9
   60.1s   model reply: in 3707 + cached 16052, out 1518 (+1428 reasoning)
   60.1s   tool bash: grep -i "constraint_beginner" /reference/glossary.md /reference/glossary.jsonl || true
grep -i "select_filter" /reference/glossary.md /reference/glossary.jsonl 
   60.2s turn 10
   64.0s   model reply: in 5824 + cached 16068, out 86 (+29 reasoning)
   64.0s   tool bash: grep -C 5 "UTTER ask" /attach/1-language-spec.md || true
grep -C 5 "UTTER" /attach/1-language-spec.md || true
   64.1s turn 11
   70.2s   model reply: in 2855 + cached 20084, out 391 (+362 reasoning)
   70.2s   tool bash: grep -i "mind2web" /kit/* /reference/* || true
   70.3s turn 12
   74.2s   model reply: in 3261 + cached 20072, out 100 (+62 reasoning)
   74.2s   tool bash: grep -i "web_element" /reference/glossary.jsonl /reference/glossary.md || true
   74.5s turn 13
   78.1s   model reply: in 3614 + cached 20059, out 72 (+39 reasoning)
   78.1s   tool bash: node /kit/rag.mjs entry click select_filter request then song ask constraint_beginner
   78.2s turn 14
   98.5s   model reply: in 4255 + cached 20052, out 2821 (+2722 reasoning)
   98.5s   tool bash: find / -name "*braincode*" 2>/dev/null || true
find / -name "*mind2web*" 2>/dev/null || true
find / -name "*.json" -o -name "*.jsonl" 2>/dev/null | grep -v "/pr
   98.9s turn 15
  113.5s   model reply: in 3035 + cached 24096, out 57 (+36 reasoning)
  113.5s   tool bash: cat /kit/rag.mjs
  113.5s turn 16
  121.3s   model reply: in 4617 + cached 24104, out 48 (+24 reasoning)
  121.3s   tool bash: node /kit/rag.mjs health || true
  121.5s turn 17
  129.5s   model reply: in 4778 + cached 24080, out 113 (+78 reasoning)
  129.5s   tool bash: node /kit/rag.mjs search "click" "select filter" "song" "beginner"
  129.6s turn 18
  151.0s   model reply: in 2095 + cached 28098, out 3143 (+3112 reasoning)
  151.0s   tool bash: grep -C 5 "SOURCE" /attach/1-language-spec.md
  151.1s turn 19
  157.4s   model reply: in 6080 + cached 28147, out 566 (+526 reasoning)
  157.4s   tool bash: ls -la /item_raw.txt /needs.json /rag_context.md 2>/dev/null || true
  157.4s turn 20
  177.2s   model reply: in 2638 + cached 32158, out 2916 (+2787 reasoning)
  177.2s   tool bash: node -e '
async function test() {
  const res = await fetch("http://host.docker.internal:8765/needs", {
    method: "POST",
    headers: {"Content-Type": "appli
  177.5s turn 21
  180.9s   model reply: in 5838 + cached 32190, out 67 (+46 reasoning)
  180.9s   tool bash: env | grep -i rag || true
  181.1s turn 22
  185.2s   model reply: in 5931 + cached 32173, out 185 (+39 reasoning)
  185.2s   tool bash: node -e '
async function test() {
  const port = process.env.RAG_PORT || 8775;
  const res = await fetch(`http://host.docker.internal:${port}/needs`, {
    meth
  195.5s turn 23
  201.3s   model reply: in 2619 + cached 35995, out 474 (+174 reasoning)
  201.3s   tool bash: node -e '
async function test(text) {
  const port = process.env.RAG_PORT || 8775;
  const res = await fetch(`http://host.docker.internal:${port}/needs`, {
    
  248.1s turn 24
  257.7s   model reply: in 3455 + cached 35993, out 468 (+214 reasoning)
  257.7s   tool bash: node -e '
async function test(text) {
  const port = process.env.RAG_PORT || 8775;
  const res = await fetch(`http://host.docker.internal:${port}/needs`, {
    
  285.0s turn 25
  297.1s   model reply: in 5663 + cached 36020, out 730 (+425 reasoning)
  297.1s   tool bash: node -e '
async function test(text) {
  const port = process.env.RAG_PORT || 8775;
  const res = await fetch(`http://host.docker.internal:${port}/needs`, {
    
  337.0s turn 26
  350.9s   model reply: in 2809 + cached 40027, out 438 (+167 reasoning)
  350.9s   tool bash: node -e '
async function test(text) {
  const port = process.env.RAG_PORT || 8775;
  const res = await fetch(`http://host.docker.internal:${port}/needs`, {
    
  379.1s turn 27
  427.6s   model reply: in 3581 + cached 40023, out 300 (+70 reasoning)
  427.6s   tool bash: node -e '
async function test(text) {
  const port = process.env.RAG_PORT || 8775;
  const res = await fetch(`http://host.docker.internal:${port}/needs`, {
    
  446.5s turn 28
  454.2s   model reply: in 4092 + cached 40014, out 736 (+534 reasoning)
  454.2s   tool bash: node -e '
async function test(text) {
  const port = process.env.RAG_PORT || 8775;
  const res = await fetch(`http://host.docker.internal:${port}/retrieve`, {
 
  462.8s turn 29
  483.2s   model reply: in 5266 + cached 40019, out 533 (+268 reasoning)
  483.2s   tool bash: node -e '
async function test(text) {
  const port = process.env.RAG_PORT || 8775;
  const res = await fetch(`http://host.docker.internal:${port}/retrieve`, {
 
  491.5s turn 30
  505.1s   model reply: in 2238 + cached 44022, out 651 (+417 reasoning)
  505.1s   tool bash: node -e '
async function test(text) {
  const port = process.env.RAG_PORT || 8775;
  const res = await fetch(`http://host.docker.internal:${port}/retrieve`, {
 
  522.6s turn 31
  532.0s   model reply: in 3204 + cached 44023, out 1143 (+862 reasoning)
  532.0s   tool bash: node -e '
async function test(userText) {
  const port = process.env.RAG_PORT || 8775;
  const res = await fetch(`http://host.docker.internal:${port}/retrieve`,
  568.7s turn 32
  578.1s   model reply: in 4655 + cached 44034, out 1001 (+945 reasoning)
  578.1s   tool write: /output/reconstruction.md
  578.1s turn 33
  582.3s   model reply: in 5664 + cached 44031, out 54 (+34 reasoning)
  582.3s   tool read: /output/reconstruction.md
  582.3s turn 34
  586.0s   model reply: in 5765 + cached 44014, out 108 (+85 reasoning)
  586.0s agent finished
  586.0s agent finished
