    6.4s turn 1
   13.1s   model reply: in 11006 + cached 0, out 854 (+837 reasoning)
   13.1s   tool bash: ls -la /
   13.1s turn 2
   21.5s   model reply: in 4599 + cached 8030, out 35 (+13 reasoning)
   21.5s   tool bash: ls -la /reference /kit /output
   23.1s turn 3
   32.4s   model reply: in 5080 + cached 8022, out 57 (+37 reasoning)
   32.4s   tool read: /reference/examples.jsonl
   33.3s turn 4
  114.8s   model reply: in 14329 + cached 0, out 43 (+24 reasoning)
  114.8s   tool read: /kit/README.md
  114.9s turn 5
  124.5s   model reply: in 15534 + cached 0, out 1564 (+1487 reasoning)
  124.5s   tool write: /output/reconstruction.md
  124.5s turn 6
  127.1s   model reply: in 5059 + cached 12044, out 45 (+25 reasoning)
  127.1s   tool read: /output/reconstruction.md
  127.2s turn 7
  130.8s   model reply: in 5169 + cached 12030, out 103 (+87 reasoning)
  130.8s agent finished
  130.8s agent finished
