    2.0s turn 1
    8.6s   model reply: in 25975 + cached 0, out 758 (+718 reasoning)
    8.6s   tool bash: node /kit/rag.mjs search "web_element" "click" "property" "promotion" "macquarie"
    8.8s turn 2
   12.1s   model reply: in 3838 + cached 24356, out 98 (+52 reasoning)
   12.1s   tool bash: node /kit/rag.mjs entry web_element click select_option apply_filters select_filter promotional_event request associated_with location_spec requirement
   12.2s turn 3
   18.0s   model reply: in 0 + cached 0, out 0 (+0 reasoning)
   18.0s agent finished
   20.0s turn 4
  124.8s   model reply: in 29414 + cached 0, out 360 (+318 reasoning)
  124.8s   tool bash: node /kit/rag.mjs search "RECORD ACTION click" "web_element" "university" "promotions" "property"
  125.0s turn 5
  135.4s   model reply: in 2851 + cached 28401, out 1125 (+1094 reasoning)
  135.4s   tool bash: node /kit/rag.mjs widen "Properties or student accommodations" --kind object
  135.6s turn 6
  139.9s   model reply: in 5649 + cached 28405, out 89 (+50 reasoning)
  139.9s   tool bash: node /kit/rag.mjs search "web_element" "textbox" "button" "span" "div"
  140.2s turn 7
  149.3s   model reply: in 3093 + cached 32455, out 671 (+637 reasoning)
  149.3s   tool bash: node /kit/rag.mjs search "web_element" "unlabelled" "[button]"
  149.5s turn 8
  154.0s   model reply: in 4635 + cached 32449, out 72 (+44 reasoning)
  154.0s   tool bash: grep -E "web_element" /reference/glossary.md
  154.0s turn 9
  162.3s   model reply: in 4787 + cached 32431, out 876 (+835 reasoning)
  162.3s   tool bash: node /kit/rag.mjs entry request include requirement location_spec promotional_event associated_with subject apply_filters select_filter
  162.4s turn 10
  166.1s   model reply: in 2930 + cached 36486, out 89 (+53 reasoning)
  166.1s   tool bash: node /kit/rag.mjs search "user_preference" "search" "filter" "university"
  166.3s turn 11
  170.2s   model reply: in 4266 + cached 36479, out 71 (+43 reasoning)
  170.2s   tool bash: node /kit/rag.mjs entry user_preference role_user
  170.4s turn 12
  180.1s   model reply: in 4467 + cached 36461, out 1169 (+1141 reasoning)
  180.1s   tool bash: grep -in "associated_with" /reference/glossary.md
  180.2s turn 13
  183.8s   model reply: in 5707 + cached 36454, out 78 (+51 reasoning)
  183.8s   tool bash: grep -in "| request |" /reference/glossary.md
  183.8s turn 14
  186.9s   model reply: in 5854 + cached 36436, out 72 (+27 reasoning)
  186.9s   tool bash: grep -E "location_spec|promotional_event|requirement|subject|apply_filters|select_filter" /reference/glossary.md
  187.0s turn 15
  192.4s   model reply: in 3732 + cached 40485, out 483 (+449 reasoning)
  192.4s   tool bash: node /kit/rag.mjs search "accommodation" "college" "student" "housing"
  192.6s turn 16
  195.8s   model reply: in 5339 + cached 40482, out 72 (+32 reasoning)
  195.8s   tool bash: node /kit/rag.mjs entry topic_current_new_york_housing_market topic_school_work_routine
  195.9s turn 17
  202.6s   model reply: in 5781 + cached 40468, out 550 (+513 reasoning)
  202.6s   tool bash: node /kit/rag.mjs search "apply_filters" "select_filter" "associated_with"
  202.8s turn 18
  212.2s   model reply: in 3278 + cached 44512, out 359 (+321 reasoning)
  212.2s   tool bash: node /kit/rag.mjs entry request subject location_spec promotional_event associated_with requirement click web_element
  212.3s turn 19
  216.1s   model reply: in 4894 + cached 44510, out 87 (+55 reasoning)
  216.1s   tool bash: node /kit/rag.mjs search "user" "agent" "claim holder"
  216.2s turn 20
  220.1s   model reply: in 5837 + cached 44500, out 182 (+142 reasoning)
  220.1s   tool bash: grep -E "\| (user|role_user|agent|role_agent) \|" /reference/glossary.md
  220.2s turn 21
  233.4s   model reply: in 2040 + cached 48528, out 1840 (+976 reasoning)
  233.4s   tool write: /output/translation.md
  233.4s turn 22
  237.1s   model reply: in 52412 + cached 0, out 54 (+24 reasoning)
  237.1s   tool bash: node /kit/rag.mjs check --translation /output/translation.md
  237.2s turn 23
  241.6s   model reply: in 4227 + cached 48509, out 316 (+291 reasoning)
  241.6s   tool bash: node -e "console.log(process.version)"
  241.6s turn 24
  245.1s   model reply: in 4567 + cached 48493, out 101 (+61 reasoning)
  245.1s   tool bash: grep -in "DECL" /kit/rag.mjs || grep -in "check" /kit/rag.mjs
  245.2s turn 25
  249.2s   model reply: in 4806 + cached 48476, out 188 (+156 reasoning)
  249.2s   tool bash: node /kit/rag.mjs widen "Universities located in Sydney" --kind object
  249.4s turn 26
  257.6s   model reply: in 6302 + cached 48475, out 762 (+720 reasoning)
  257.6s   tool bash: node /kit/rag.mjs search "accommodation" "real estate" "apartment" "dormitory" "university" "school"
  257.8s turn 27
  262.8s   model reply: in 4684 + cached 52526, out 48 (+23 reasoning)
  262.8s   tool bash: grep "| constructor |" /reference/glossary.md
  262.9s turn 28
  291.8s   model reply: in 2485 + cached 56569, out 5379 (+4461 reasoning)
  291.8s   tool write: /output/translation.md
  291.9s turn 29
  294.8s   model reply: in 7824 + cached 56611, out 53 (+23 reasoning)
  294.8s   tool bash: node /kit/rag.mjs check --translation /output/translation.md
  295.0s turn 30
  301.5s   model reply: in 4120 + cached 60638, out 588 (+334 reasoning)
  301.5s agent finished
  301.5s agent finished
