    9.4s turn 1
   20.3s   model reply: in 27809 + cached 0, out 1767 (+1676 reasoning)
   20.3s   tool bash: node /kit/rag.mjs entry greeting acknowledge offer propose respond ask express_interest dialogue exclude character character_trait interpersonal_stance negation
   20.5s turn 2
   23.8s   model reply: in 31666 + cached 0, out 88 (+45 reasoning)
   23.8s   tool bash: node /kit/rag.mjs search "write dialogue" "online conversation" "third person" "casual but thoughtful" "romantic interest"
   24.7s turn 3
   29.0s   model reply: in 4717 + cached 28435, out 82 (+53 reasoning)
   29.0s   tool bash: node /kit/rag.mjs entry char_female request inform between subject
   29.3s turn 4
   43.8s   model reply: in 5490 + cached 28422, out 2450 (+2403 reasoning)
   43.8s   tool bash: node /kit/rag.mjs search "height" "tall" "friendship" "online" "conversation" "novel" "story" "character"
   44.2s turn 5
   48.5s   model reply: in 38716 + cached 0, out 93 (+59 reasoning)
   48.5s   tool bash: node /kit/rag.mjs widen "novel about a friendship between two people" --kind object
   49.1s turn 6
   64.5s   model reply: in 4303 + cached 36558, out 1534 (+1424 reasoning)
   64.5s   tool bash: node /kit/rag.mjs widen "setting is an online conversation between people who just met" --kind constraint
node /kit/rag.mjs widen "do not write in third person 
   71.7s turn 7
   75.6s   model reply: in 5106 + cached 40636, out 244 (+59 reasoning)
   75.6s   tool bash: node /kit/rag.mjs widen "respond casually complimenting 5'5\" height and asking about online friendships" --kind speech_act
node /kit/rag.mjs widen "write dialo
   84.6s turn 8
   90.1s   model reply: in 4543 + cached 44705, out 363 (+334 reasoning)
   90.1s   tool bash: node /kit/rag.mjs search "greeting" "salutation"
   91.5s turn 9
   94.7s   model reply: in 5551 + cached 44693, out 61 (+34 reasoning)
   94.7s   tool bash: grep "| speech_act |" /reference/glossary.md
   94.8s turn 10
   99.6s   model reply: in 2040 + cached 48739, out 238 (+212 reasoning)
   99.6s   tool bash: grep -i "greeting" /reference/glossary.md
   99.7s turn 11
  108.1s   model reply: in 2411 + cached 48721, out 1147 (+924 reasoning)
  108.1s   tool bash: cat << 'EOF' > /output/translation.md
Status: success
Mode: TRACE

## BrainCode

```braincode
MODE TRACE
ENTRYPOINT Conversation
CONVO Conversation {
  TURN t1 
  108.4s turn 12
  120.0s   model reply: in 4031 + cached 48714, out 1555 (+1530 reasoning)
  120.0s   tool bash: grep "| constructor |" /reference/glossary.md
  120.1s turn 13
  123.5s   model reply: in 7375 + cached 48721, out 107 (+27 reasoning)
  123.5s   tool bash: grep "| constructor |" /reference/glossary.md | grep -E "^\s*\|\s*(e|f|g|h|i|j|k|l|m|n|o|p|q|r|s|t|u|v|w|x|y|z)"
  123.9s turn 14
  127.6s   model reply: in 5194 + cached 52776, out 70 (+12 reasoning)
  127.6s   tool bash: grep "| constructor |" /reference/glossary.md | grep -E "^\s*\|\s*(p|q|r|s|t|u|v|w|x|y|z)"
  127.7s turn 15
  131.3s   model reply: in 2920 + cached 56830, out 39 (+12 reasoning)
  131.3s   tool bash: grep "| claim_relation |" /reference/glossary.md
  131.4s turn 16
  134.9s   model reply: in 4896 + cached 56826, out 75 (+13 reasoning)
  134.9s   tool bash: grep "| claim_relation |" /reference/glossary.md | grep -E "^\s*\|\s*(o|p|q|r|s|t|u|v|w|x|y|z)"
  135.0s turn 17
  137.9s   model reply: in 2569 + cached 60879, out 37 (+12 reasoning)
  137.9s   tool bash: grep "| link |" /reference/glossary.md
  138.0s turn 18
  161.7s   model reply: in 2843 + cached 60861, out 4060 (+3983 reasoning)
  161.7s   tool bash: node /kit/rag.mjs entry dialogue exclude interpersonal_stance character character_trait requirement subject greeting offer_help acknowledge offer propose respon
  161.9s turn 19
  184.4s   model reply: in 8951 + cached 60892, out 4180 (+2832 reasoning)
  184.4s   tool bash: cat << 'EOF' > /output/translation.md
Status: success
Mode: TRACE

## BrainCode

```braincode
MODE TRACE
ENTRYPOINT Conversation
CONVO Conversation {
  TURN t1 
  184.6s turn 20
  217.7s   model reply: in 45748 + cached 0, out 3947 (+2589 reasoning)
  217.7s   tool bash: cat << 'EOF' > /output/translation.md
Status: success
Mode: TRACE

## BrainCode

```braincode
MODE TRACE
ENTRYPOINT Conversation
CONVO Conversation {
  TURN t1 
  218.0s turn 21
  222.5s   model reply: in 5696 + cached 44713, out 271 (+140 reasoning)
  222.6s agent finished
  222.6s agent finished
