    2.7s turn 1
   11.9s   model reply: in 25899 + cached 0, out 1157 (+1105 reasoning)
   11.9s   tool bash: node /kit/rag.mjs search "dinner" "delicious" "easy" "vegetarian" "assemble" "prep ahead" "taco" "pasta" "shopping list"
   12.1s turn 2
   18.3s   model reply: in 5193 + cached 24366, out 729 (+617 reasoning)
   18.3s   tool bash: node /kit/rag.mjs entry ask propose offer respond include offer_help requirement constraint_budget_limited enables failure menu_works outcome prep_time propose_
   18.4s turn 3
   21.3s   model reply: in 3943 + cached 28429, out 91 (+48 reasoning)
   21.3s   tool bash: node /kit/rag.mjs search "menu" "food" "dish" "meal" "recipe" "ingredient" "option"
   21.5s turn 4
   24.8s   model reply: in 34417 + cached 0, out 72 (+47 reasoning)
   24.8s   tool bash: node /kit/rag.mjs entry food_label
   24.9s turn 5
   33.1s   model reply: in 0 + cached 0, out 0 (+0 reasoning)
   33.2s agent finished
   35.1s turn 6
   48.8s   model reply: in 0 + cached 0, out 0 (+0 reasoning)
   48.8s agent finished
   52.8s turn 7
   79.4s   model reply: in 0 + cached 0, out 0 (+0 reasoning)
   79.4s agent finished
   87.4s turn 8
  160.5s   model reply: in 2137 + cached 32467, out 79 (+53 reasoning)
  160.5s   tool bash: node /kit/rag.mjs entry lexical_label activity
  160.6s turn 9
  181.5s   model reply: in 3317 + cached 32457, out 173 (+119 reasoning)
  181.5s   tool bash: node /kit/rag.mjs search "dinner" "taco" "protein" "topping" "sides" "dessert" "sauce" "spinach" "ricotta"
  181.7s turn 10
  193.8s   model reply: in 5929 + cached 32460, out 65 (+28 reasoning)
  193.8s   tool bash: node /kit/rag.mjs search "claim_relation" "constructor" "propose" "suggest"
  194.0s turn 11
  202.7s   model reply: in 39571 + cached 0, out 153 (+104 reasoning)
  202.7s   tool bash: node /kit/rag.mjs entry statement leads_to involves has_attribute attribute_claim associated_with recommended designed_to_be important conjunction sequence deci
  203.0s turn 12
  228.9s   model reply: in 4784 + cached 36503, out 1910 (+1859 reasoning)
  228.9s   tool bash: node /kit/rag.mjs search "subject" "prep_time" "attribute_claim" "user_preference" "propose_menu" "menu_works"
  229.1s turn 13
  234.5s   model reply: in 8754 + cached 36517, out 65 (+33 reasoning)
  234.5s   tool bash: node /kit/rag.mjs entry role_user request subject entity_grocery_list
  234.7s turn 14
  251.4s   model reply: in 5321 + cached 40560, out 1823 (+1801 reasoning)
  251.4s   tool bash: node /kit/rag.mjs check
  251.4s turn 15
  257.9s   model reply: in 7163 + cached 40557, out 506 (+463 reasoning)
  257.9s   tool bash: node /kit/rag.mjs search "hosting" "friends" "delicious" "easy to prepare" "vegetarian option" "guest"
  258.0s turn 16
  264.1s   model reply: in 5272 + cached 44612, out 63 (+32 reasoning)
  264.1s   tool bash: node /kit/rag.mjs entry group_size interpersonal_stance training_program
  264.2s turn 17
  272.2s   model reply: in 5649 + cached 44596, out 1013 (+963 reasoning)
  272.2s   tool bash: node /kit/rag.mjs search "cook" "sauté" "roast" "seasoning" "filling" "bake" "assemble" "dessert"
  272.3s turn 18
  286.7s   model reply: in 4800 + cached 48660, out 2811 (+1086 reasoning)
  286.7s   tool write: /output/translation.md
  286.7s turn 19
  289.9s   model reply: in 3558 + cached 52717, out 54 (+24 reasoning)
  289.9s   tool bash: node /kit/rag.mjs check --translation /output/translation.md
  290.2s turn 20
  297.8s   model reply: in 4278 + cached 52704, out 835 (+806 reasoning)
  297.8s   tool bash: node /kit/rag.mjs entry agent role_user role_friend
  297.9s turn 21
  302.2s   model reply: in 5244 + cached 52693, out 107 (+82 reasoning)
  302.2s   tool bash: node /kit/rag.mjs search "agent"
  302.3s turn 22
  308.3s   model reply: in 5640 + cached 52677, out 64 (+39 reasoning)
  308.3s   tool bash: node /kit/rag.mjs entry role_agent
  308.6s turn 23
  336.8s   model reply: in 5769 + cached 52658, out 5601 (+3488 reasoning)
  336.8s   tool write: /output/translation.md
  336.8s turn 24
  340.3s   model reply: in 7290 + cached 56741, out 53 (+23 reasoning)
  340.3s   tool bash: node /kit/rag.mjs check --translation /output/translation.md
  340.4s turn 25
  349.8s   model reply: in 3949 + cached 60780, out 1183 (+1153 reasoning)
  349.8s   tool bash: node /kit/rag.mjs check --translation /output/translation.md
  349.9s turn 26
  353.6s   model reply: in 5779 + cached 60778, out 105 (+32 reasoning)
  353.6s agent finished
  353.6s agent finished
