    6.4s turn 1
   12.8s   model reply: in 3 + cached 0, out 472 (+325 reasoning)
   12.8s   tool bash: node /kit/rag.mjs widen "cool a lettuce slice and place it on the counter" --kind action && node /kit/rag.mjs search "described procedure action instruction com
   12.8s   tool bash: node /kit/rag.mjs entry turn walk face pick_up slice place chill remove fridge lettuce counter sink knife state_sliced
   13.3s turn 2
   17.2s   model reply: in 3 + cached 25289, out 262 (+224 reasoning)
   17.2s   tool bash: node /kit/rag.mjs entry sequence propose activity location_spec spatial_state
   17.3s turn 3
   32.5s   model reply: in 3 + cached 29841, out 1259 (+1188 reasoning)
   32.5s   tool bash: node /kit/rag.mjs search "described food object in sliced state" "entity description with state or condition" "spatial location of activity" "direction modifier
   32.7s turn 4
   34.4s   model reply: in 3 + cached 30931, out 59 (+22 reasoning)
   34.4s   tool bash: node /kit/rag.mjs entry has_state spatial_constraint exists_in
   34.6s turn 5
   46.8s   model reply: in 3 + cached 33457, out 1043 (+984 reasoning)
   46.8s   tool bash: node /kit/rag.mjs search "agent gives step-by-step commands to perform actions" "imperative instruction speech act directed to user" "agent instructs action pro
   47.0s turn 6
  110.8s   model reply: in 3 + cached 33854, out 7190 (+4639 reasoning)
  110.8s   tool write: /output/translation.md
  110.8s turn 7
  118.4s   model reply: in 3 + cached 35631, out 962 (+0 reasoning)
  118.4s   tool write: /output/suggestions.md
  118.4s turn 8
  125.6s   model reply: in 3 + cached 42839, out 497 (+459 reasoning)
  125.6s   tool bash: node /kit/rag.mjs check --translation /output/translation.md
  125.8s turn 9
  131.7s   model reply: in 3 + cached 43819, out 531 (+406 reasoning)
  131.7s   tool edit: /output/translation.md
  131.7s turn 10
  133.8s   model reply: in 3 + cached 44873, out 100 (+0 reasoning)
  133.8s   tool edit: /output/suggestions.md
  133.8s turn 11
  136.0s   model reply: in 3 + cached 45428, out 91 (+0 reasoning)
  136.0s agent finished
  136.0s agent finished
