    5.5s turn 1
   19.0s   model reply: in 22490 + cached 8130, out 2430 (+2387 reasoning)
   19.0s   tool bash: node /kit/rag.mjs search "adaptation" "Inception" "medieval" "Half-Life" "plot" "story"
   19.3s turn 2
   23.5s   model reply: in 6222 + cached 28463, out 313 (+276 reasoning)
   23.5s   tool bash: node /kit/rag.mjs search "ask" "request" "suggest" "inform" "tell"
   23.8s turn 3
   27.1s   model reply: in 3917 + cached 32521, out 193 (+137 reasoning)
   27.1s   tool bash: node /kit/rag.mjs entry ask respond propose inform activity aesthetic character character_trait sequence conjunction temporal_context obligation similarity subs
   27.3s turn 4
   30.2s   model reply: in 6144 + cached 32517, out 90 (+42 reasoning)
   30.2s   tool bash: node /kit/rag.mjs entry enables created_by art_story style_narrative subject topic_baldurs_gate_3 role_user role_agent
   30.5s turn 5
   33.6s   model reply: in 3048 + cached 36568, out 142 (+99 reasoning)
   33.6s   tool bash: node /kit/rag.mjs entry provides request genre_label cat_game historical_event bionic_person self_protection time_horizon
   34.0s turn 6
   41.7s   model reply: in 4131 + cached 36556, out 1037 (+986 reasoning)
   41.7s   tool bash: node /kit/rag.mjs search "team" "group" "sacrifice" "hire" "manipulate" "infiltrate" "defend" "betray"
   41.8s turn 7
   45.7s   model reply: in 3280 + cached 40623, out 89 (+61 reasoning)
   45.7s   tool bash: grep -E "\| constructor \|" /reference/glossary.md
   45.8s turn 8
   51.3s   model reply: in 5171 + cached 40617, out 69 (+33 reasoning)
   51.3s   tool bash: grep -E "\| (claim_relation|speech_act) \|" /reference/glossary.md
   51.4s turn 9
   54.3s   model reply: in 3139 + cached 44674, out 74 (+39 reasoning)
   54.3s   tool bash: grep -E "\| constructor \|" /reference/glossary.md | tail -n +25
   54.3s turn 10
   58.8s   model reply: in 5055 + cached 44669, out 69 (+34 reasoning)
   58.8s   tool bash: grep -E "\| constructor \|" /reference/glossary.md | tail -n +50
   58.8s turn 11
   61.7s   model reply: in 2817 + cached 48724, out 51 (+16 reasoning)
   61.7s   tool bash: grep -E "\| constructor \|" /reference/glossary.md | tail -n +75
   61.8s turn 12
   67.9s   model reply: in 3561 + cached 48710, out 753 (+726 reasoning)
   67.9s   tool bash: grep -E "\| example_" /reference/glossary.md
   68.0s turn 13
   83.5s   model reply: in 5410 + cached 48705, out 2532 (+2483 reasoning)
   83.5s   tool bash: node /kit/rag.mjs search "character" "narrative" "plot" "fictional" "setting" "dream" "movie" "game"
   83.7s turn 14
  103.5s   model reply: in 6241 + cached 52784, out 3288 (+3266 reasoning)
  103.5s   tool bash: node /kit/rag.mjs check
  103.6s turn 15
  147.8s   model reply: in 5478 + cached 56851, out 8715 (+8682 reasoning)
  147.8s   tool bash: node /kit/rag.mjs entry dog provides request has_goal opposes enables created_by
  148.0s turn 16
  161.9s   model reply: in 53899 + cached 0, out 107 (+77 reasoning)
  161.9s   tool bash: grep -E "\| claim_relation \|" /reference/glossary.md
  161.9s turn 17
  166.1s   model reply: in 3056 + cached 52883, out 147 (+110 reasoning)
  166.1s   tool bash: grep -E "\| claim_relation \|" /reference/glossary.md | tail -n +35
  166.1s turn 18
  171.9s   model reply: in 4877 + cached 52874, out 545 (+515 reasoning)
  171.9s   tool bash: grep -E "\| speech_act \|" /reference/glossary.md
  172.0s turn 19
  204.1s   model reply: in 5909 + cached 52861, out 6539 (+4833 reasoning)
  204.1s   tool write: /output/translation.md
  204.2s turn 20
  208.5s   model reply: in 8367 + cached 56946, out 54 (+24 reasoning)
  208.5s   tool bash: node /kit/rag.mjs check --translation /output/translation.md
  208.8s turn 21
  247.6s   model reply: in 5014 + cached 60998, out 6821 (+5047 reasoning)
  247.6s   tool write: /output/translation.md
  247.7s turn 22
  266.0s   model reply: in 51013 + cached 0, out 53 (+23 reasoning)
  266.0s   tool bash: node /kit/rag.mjs check --translation /output/translation.md
  266.7s turn 23
  273.9s   model reply: in 2931 + cached 48780, out 365 (+260 reasoning)
  274.2s agent finished
  274.2s agent finished
