    1.9s turn 1
    5.4s   model reply: in 3 + cached 0, out 69 (+0 reasoning)
    5.4s   tool bash: node /kit/rag.mjs search "describe a requested search action with target constraints cheapest" "watt power output unit" "speech act request"; node /kit/rag.mjs 
    5.7s turn 2
   10.0s   model reply: in 3 + cached 26361, out 129 (+29 reasoning)
   10.0s   tool bash: node /kit/rag.mjs widen "At least 600W power output" --kind constraint; node /kit/rag.mjs search "minimum electrical power watt" "describe search lowest price r
   10.9s turn 3
   20.0s   model reply: in 3 + cached 28478, out 232 (+144 reasoning)
   20.0s   tool bash: node /kit/rag.mjs search "search action description constructor" "cheapest minimum price constraint"; node /kit/rag.mjs widen "Cheapest lowest price" --kind con
   20.4s turn 4
   37.5s   model reply: in 3 + cached 31040, out 608 (+516 reasoning)
   37.5s   tool bash: node /kit/rag.mjs search "web element accessibility role searchbox combobox generic button img"; node /kit/rag.mjs widen "Search box labeled Search Site" --kind
   40.1s turn 5
   81.7s   model reply: in 3 + cached 33056, out 2160 (+485 reasoning)
   81.7s   tool write: /output/translation.md
   81.7s turn 6
   84.9s   model reply: in 3 + cached 36281, out 36 (+0 reasoning)
   84.9s   tool bash: node /kit/rag.mjs check --translation /output/translation.md
   85.5s turn 7
  112.9s   model reply: in 3 + cached 38459, out 1234 (+262 reasoning)
  112.9s   tool write: /output/suggestions.md
  112.9s turn 8
  117.4s   model reply: in 3 + cached 38928, out 125 (+0 reasoning)
  117.4s   tool edit: /output/translation.md
  117.4s turn 9
  122.3s   model reply: in 3 + cached 40180, out 59 (+0 reasoning)
  122.3s agent finished
  122.3s agent finished
