    1.9s turn 1
    8.5s   model reply: in 3 + cached 0, out 65 (+0 reasoning)
    8.5s   tool bash: node /kit/rag.mjs search "description of requested place action with destination and relation" "entity description spatial containment color nearest" "ordered p
    8.7s turn 2
   17.4s   model reply: in 3 + cached 30208, out 44 (+0 reasoning)
   17.4s   tool bash: node /kit/rag.mjs entry spatial_constraint location_spec sequence request ask lexical_label entity action_description spatial_state activity
   17.6s turn 3
   29.3s   model reply: in 3 + cached 31566, out 265 (+183 reasoning)
   29.3s   tool bash: node /kit/rag.mjs search "described action destination direction source" "object description qualifiers nearest color" "left forward around direction values" "i
   29.6s turn 4
   54.0s   model reply: in 3 + cached 33028, out 686 (+516 reasoning)
   54.0s   tool bash: for q in 'command to place a pan with a knife onto a table' 'pan containing the knife' 'walk forward' 'then' 'turn left towards the table' 'black color' 'pick u
   57.2s turn 5
   64.0s   model reply: in 3 + cached 34674, out 131 (+57 reasoning)
   64.0s   tool bash: grep -Ei '^\| (.*(description|referent|nearest|closest|direction|region|part_of|instruct|command|above|left|around|forward|placement|motion).*?) \|' /reference/
   64.0s turn 6
   77.6s   model reply: in 3 + cached 38159, out 517 (+369 reasoning)
   77.6s   tool bash: for q in 'described place action target destination relation' 'described pickup target source' 'described walk forward and turn left around facing a target' 'ob
   82.4s turn 7
  143.0s   model reply: in 3 + cached 40008, out 3589 (+516 reasoning)
  143.0s   tool write: /output/translation.md
  143.0s turn 8
  155.3s   model reply: in 3 + cached 43025, out 128 (+90 reasoning)
  155.3s   tool bash: node /kit/rag.mjs check --translation /output/translation.md
  155.5s turn 9
  200.0s   model reply: in 3 + cached 46632, out 2499 (+153 reasoning)
  200.0s   tool write: /output/suggestions.md
  200.0s turn 10
  210.8s   model reply: in 3 + cached 47559, out 344 (+161 reasoning)
  210.8s   tool edit: /output/translation.md
  210.8s turn 11
  213.8s   model reply: in 3 + cached 50076, out 47 (+0 reasoning)
  213.8s agent finished
  213.8s agent finished
