   12.1s turn 1
   22.7s   model reply: in 3 + cached 0, out 734 (+553 reasoning)
   22.8s   tool bash: node /kit/rag.mjs widen "Browse IT jobs and filter job listings by Security clearance certificate" --kind action
   22.8s   tool bash: node /kit/rag.mjs widen "Security clearance certificate as a required job-posting filter" --kind constraint
   22.8s   tool bash: node /kit/rag.mjs widen "UI event records for typing into search box and clicking buttons and links" --kind action
   22.8s   tool bash: node /kit/rag.mjs entry type_text click web_element activity requirement sequence request ask
   26.2s turn 2
   45.6s   model reply: in 3 + cached 26217, out 1725 (+1571 reasoning)
   45.6s   tool bash: node /kit/rag.mjs widen "User explicitly requests an agent to perform a task, rather than asking for information or advice" --kind speech_act
   45.6s   tool bash: node /kit/rag.mjs search "request an action from assistant" "instruct agent to do task" "request work rather than ask question"
   45.6s   tool bash: node /kit/rag.mjs widen "Job postings classified as IT jobs" --kind object
   46.5s turn 3
   68.8s   model reply: in 3 + cached 34279, out 2250 (+1402 reasoning)
   68.8s   tool write: /output/translation.md
   68.8s turn 4
   70.2s   model reply: in 3 + cached 39948, out 36 (+0 reasoning)
   70.2s   tool bash: node /kit/rag.mjs check --translation /output/translation.md
   71.1s turn 5
   76.9s   model reply: in 3 + cached 42216, out 494 (+262 reasoning)
   76.9s   tool bash: node /kit/rag.mjs widen "Browse or search job listings" --kind action
   76.9s   tool bash: node /kit/rag.mjs widen "Filter job search results" --kind action
   76.9s   tool bash: node /kit/rag.mjs widen "Filter by Security clearance certificate" --kind constraint
   76.9s   tool bash: node /kit/rag.mjs widen "Filters link UI element" --kind object
   76.9s   tool bash: node /kit/rag.mjs widen "Certificates filter category link UI element" --kind object
   76.9s   tool bash: node /kit/rag.mjs widen "Security clearance option link UI element" --kind object
   80.1s turn 6
  168.6s   model reply: in 3 + cached 42583, out 8305 (+7009 reasoning)
  168.6s   tool write: /output/translation.md
  168.6s turn 7
  170.5s   model reply: in 3 + cached 52767, out 49 (+11 reasoning)
  170.5s   tool bash: node /kit/rag.mjs check --translation /output/translation.md
  170.7s turn 8
  173.4s   model reply: in 3 + cached 61090, out 62 (+35 reasoning)
  173.4s   tool write: /output/suggestions.md
  173.4s turn 9
  176.3s   model reply: in 3 + cached 61501, out 100 (+37 reasoning)
  176.3s agent finished
  176.3s agent finished
