    2.7s turn 1
   16.8s   model reply: in 33930 + cached 0, out 2488 (+2447 reasoning)
   16.8s   tool bash: node /kit/rag.mjs search "summer holiday" "who is traveling" "budget range" "off the beaten track"
   16.9s turn 2
   20.8s   model reply: in 5082 + cached 32548, out 92 (+48 reasoning)
   20.8s   tool bash: node /kit/rag.mjs search "recommendation" "recommend" "travel style" "starting origin" "destination" "itinerary"
   21.1s turn 3
   24.5s   model reply: in 2839 + cached 36607, out 146 (+103 reasoning)
   24.5s   tool bash: node /kit/rag.mjs entry greeting offer_help ask propose inform recommended user_preference group_size duration requirement subject location_spec activity
   25.0s turn 4
   28.5s   model reply: in 4939 + cached 36601, out 95 (+67 reasoning)
   28.5s   tool bash: node /kit/rag.mjs entry country::IE country::IT
   28.8s turn 5
   43.0s   model reply: in 5403 + cached 36585, out 2544 (+2493 reasoning)
   43.0s   tool bash: node /kit/rag.mjs search "summer" "season" "holiday" "vacation" "option" "select option" "boyfriend" "couple" "party"
   43.1s turn 6
   46.5s   model reply: in 6447 + cached 40664, out 98 (+58 reasoning)
   46.5s   tool bash: grep -E "^\| [a-zA-Z0-9_]+ \| constructor \|" /reference/glossary.md
   46.5s turn 7
   55.4s   model reply: in 4282 + cached 44723, out 200 (+163 reasoning)
   55.4s   tool bash: node /kit/rag.mjs search "UTTER" "greeting" "ask" "plan summer holiday"
   55.6s turn 8
   58.7s   model reply: in 5694 + cached 44713, out 65 (+35 reasoning)
   58.7s   tool bash: grep -E "\| speech_act \|" /reference/glossary.md
   58.8s turn 9
   64.0s   model reply: in 2185 + cached 48761, out 411 (+378 reasoning)
   64.0s   tool bash: grep -i "greeting" /reference/examples.jsonl /reference/glossary.md
   64.0s turn 10
   67.4s   model reply: in 2742 + cached 48744, out 63 (+29 reasoning)
   67.4s   tool bash: grep -i "UTTER" /reference/glossary.md /reference/examples.jsonl
   67.4s turn 11
   74.2s   model reply: in 3870 + cached 48733, out 794 (+762 reasoning)
   74.2s   tool bash: grep -B 2 -A 5 "greeting" /reference/glossary.md
   74.3s turn 12
   79.3s   model reply: in 5575 + cached 48726, out 303 (+247 reasoning)
   79.3s   tool bash: node /kit/rag.mjs widen "greet the assistant" --kind speech_act && node /kit/rag.mjs widen "greet user and express willingness to help" --kind speech_act
   79.6s turn 13
   87.1s   model reply: in 4198 + cached 52788, out 791 (+752 reasoning)
   87.1s   tool bash: node /kit/rag.mjs search "summer" "plan" "itinerary" "holiday" "vacation"
   87.6s turn 14
   91.2s   model reply: in 2372 + cached 56846, out 94 (+47 reasoning)
   91.2s   tool bash: grep -E "\| (property_question|open_question|question|topic|request|plan|itinerary) \|" /reference/glossary.md
   91.4s turn 15
   97.2s   model reply: in 2585 + cached 56827, out 228 (+185 reasoning)
   97.2s   tool bash: grep -E "\| constructor \|" /reference/glossary.md | awk -F'|' '{print $2, $4}'
   97.3s turn 16
  102.6s   model reply: in 4981 + cached 56827, out 386 (+355 reasoning)
  102.6s   tool bash: node /kit/rag.mjs entry temporal_context property_question requirement subject activity
  102.7s turn 17
  116.5s   model reply: in 0 + cached 0, out 0 (+0 reasoning)
  116.6s agent finished
  118.5s turn 18
  132.5s   model reply: in 0 + cached 0, out 0 (+0 reasoning)
  132.5s agent finished
  136.5s turn 19
  163.4s   model reply: in 0 + cached 0, out 0 (+0 reasoning)
  163.4s agent finished
  171.4s turn 20
  233.0s   model reply: in 2916 + cached 60882, out 282 (+237 reasoning)
  233.0s   tool bash: grep -E "\| claim_relation \|" /reference/glossary.md | awk -F'|' '{print $2, $4}'
  233.0s turn 21
  242.2s   model reply: in 4457 + cached 60875, out 104 (+61 reasoning)
  242.2s   tool bash: grep -E "\| composite \|" /reference/glossary.md | awk -F'|' '{print $2, $4}'
  242.2s turn 22
  270.8s   model reply: in 5201 + cached 60861, out 3719 (+3680 reasoning)
  270.8s   tool bash: node /kit/rag.mjs search "live in" "residence" "origin" "departure" "destination"
  270.9s turn 23
  296.3s   model reply: in 53159 + cached 0, out 111 (+79 reasoning)
  296.3s   tool bash: node /kit/rag.mjs entry exists_in statement attribute_claim user_preference
  296.4s turn 24
  329.7s   model reply: in 5157 + cached 48743, out 5106 (+3373 reasoning)
  329.7s   tool write: /output/translation.md
  329.7s turn 25
  333.3s   model reply: in 6190 + cached 52820, out 54 (+24 reasoning)
  333.3s   tool bash: node /kit/rag.mjs check --translation /output/translation.md
  333.5s turn 26
  341.0s   model reply: in 2733 + cached 56866, out 646 (+620 reasoning)
  341.0s   tool bash: node /kit/rag.mjs entry art_itinerary
  341.1s turn 27
  348.3s   model reply: in 3458 + cached 56851, out 703 (+141 reasoning)
  348.3s   tool edit: /output/translation.md
  348.4s turn 28
  352.0s   model reply: in 4189 + cached 56820, out 39 (+9 reasoning)
  352.0s   tool bash: node /kit/rag.mjs check --translation /output/translation.md
  352.1s turn 29
  382.2s   model reply: in 4859 + cached 56806, out 4912 (+3146 reasoning)
  382.2s   tool write: /output/translation.md
  382.3s turn 30
  387.1s   model reply: in 5699 + cached 60882, out 53 (+23 reasoning)
  387.1s   tool bash: node /kit/rag.mjs check --translation /output/translation.md
  387.3s turn 31
  393.4s   model reply: in 2326 + cached 64925, out 397 (+316 reasoning)
  393.4s agent finished
  393.4s agent finished
