    8.1s turn 1
   16.1s   model reply: in 32070 + cached 0, out 566 (+519 reasoning)
   16.1s   tool bash: node /kit/rag.mjs search "rough" "young" "eats" "likes" "sees" "green" "round" "cold"
   16.4s turn 2
   22.6s   model reply: in 6426 + cached 28464, out 188 (+147 reasoning)
   22.6s   tool bash: node /kit/rag.mjs entry activity attribute_claim has_state statement conditional conjunction character_trait subject test_condition possesses distinguish
   22.8s turn 3
   27.4s   model reply: in 4568 + cached 32525, out 101 (+60 reasoning)
   27.4s   tool bash: node /kit/rag.mjs search "property" "truth value" "evaluation" "variable" "logic" "entity"
   27.8s turn 4
   31.3s   model reply: in 2229 + cached 36583, out 115 (+81 reasoning)
   31.3s   tool bash: node /kit/rag.mjs entry property_question reason_for requirement leads_to causes enables
   32.5s turn 5
   37.7s   model reply: in 3131 + cached 36569, out 97 (+57 reasoning)
   37.7s   tool bash: node /kit/rag.mjs search "question" "evaluate" "theory" "premises" "something" "variable"
   38.5s turn 6
   45.4s   model reply: in 4792 + cached 36561, out 75 (+23 reasoning)
   45.4s   tool bash: grep -E "^\| [a-zA-Z0-9_]+ \| (constructor|claim_relation|speech_act|link) \|" /reference/glossary.md
   45.5s turn 7
   51.0s   model reply: in 2656 + cached 40618, out 221 (+178 reasoning)
   51.0s   tool bash: node /kit/rag.mjs search "negation" "conjunction" "disjunction" "property" "attribute" "conditional"
   51.3s turn 8
   55.5s   model reply: in 4645 + cached 40613, out 59 (+26 reasoning)
   55.5s   tool bash: node /kit/rag.mjs entry has_attribute attribute_claim statement activity conditional conjunction negation
   55.7s turn 9
   59.5s   model reply: in 6092 + cached 40605, out 92 (+52 reasoning)
   59.5s   tool bash: grep -E "^\| [a-zA-Z0-9_]+ \| constructor \|" /reference/glossary.md
   59.7s turn 10
   64.7s   model reply: in 3925 + cached 44660, out 69 (+27 reasoning)
   64.7s   tool bash: grep -E "^\| [a-zA-Z0-9_]+ \| claim_relation \|" /reference/glossary.md
   64.8s turn 11
   68.0s   model reply: in 5931 + cached 44656, out 57 (+17 reasoning)
   68.0s   tool bash: grep -E "^\| [a-zA-Z0-9_]+ \| link \|" /reference/glossary.md
   68.1s turn 12
   75.5s   model reply: in 2165 + cached 48698, out 699 (+667 reasoning)
   75.5s   tool bash: grep -i "proofwriter" /reference/glossary.md /attach/* || true
   75.6s turn 13
   83.5s   model reply: in 2882 + cached 48683, out 912 (+886 reasoning)
   83.5s   tool bash: node /kit/rag.mjs check --help || true
   83.5s turn 14
   91.9s   model reply: in 3816 + cached 48671, out 610 (+563 reasoning)
   91.9s   tool bash: grep -i -E "\| (eat|like|see|rough|young|cold|green|round) " /reference/glossary.md || true
   91.9s turn 15
   97.7s   model reply: in 4465 + cached 48657, out 206 (+172 reasoning)
   97.7s   tool bash: node /kit/rag.mjs search "rough" "texture" "young" "age"
   97.9s turn 16
  110.4s   model reply: in 5806 + cached 48649, out 1818 (+1193 reasoning)
  110.4s   tool write: /output/translation.md
  110.4s turn 17
  114.2s   model reply: in 3580 + cached 52697, out 53 (+23 reasoning)
  114.2s   tool bash: node /kit/rag.mjs check --translation /output/translation.md
  114.3s turn 18
  121.4s   model reply: in 4394 + cached 52684, out 396 (+370 reasoning)
  121.4s   tool bash: node /kit/rag.mjs entry user role_user
  121.6s turn 19
  129.9s   model reply: in 4876 + cached 52669, out 783 (+758 reasoning)
  129.9s   tool bash: node /kit/rag.mjs entry lexical_label
  130.0s turn 20
  147.3s   model reply: in 2085 + cached 56713, out 2502 (+2478 reasoning)
  147.3s   tool bash: grep -i "something" /attach/* || true
  147.3s turn 21
  176.7s   model reply: in 5301 + cached 56725, out 5011 (+2298 reasoning)
  176.7s   tool write: /output/translation.md
  176.7s turn 22
  180.6s   model reply: in 6238 + cached 60803, out 53 (+23 reasoning)
  180.6s   tool bash: node /kit/rag.mjs check --translation /output/translation.md
  180.7s turn 23
  185.3s   model reply: in 3038 + cached 64844, out 283 (+213 reasoning)
  185.3s   tool bash: node /kit/rag.mjs widen "rough" --kind constraint ; node /kit/rag.mjs widen "young" --kind constraint ; node /kit/rag.mjs widen "rough" ; node /kit/rag.mjs wide
  186.0s turn 24
  230.6s   model reply: in 53820 + cached 0, out 6680 (+3693 reasoning)
  230.6s   tool write: /output/translation.md
  230.6s turn 25
  234.3s   model reply: in 7738 + cached 52766, out 53 (+23 reasoning)
  234.3s   tool bash: node /kit/rag.mjs check --translation /output/translation.md
  234.4s turn 26
  272.1s   model reply: in 4533 + cached 56812, out 4360 (+1373 reasoning)
  272.1s   tool write: /output/translation.md
  272.2s turn 27
  278.3s   model reply: in 65709 + cached 0, out 53 (+23 reasoning)
  278.3s   tool bash: node /kit/rag.mjs check --translation /output/translation.md
  278.4s turn 28
  283.1s   model reply: in 5679 + cached 60871, out 243 (+29 reasoning)
  283.1s agent finished
  283.1s agent finished
