    2.2s turn 1
    9.2s   model reply: in 29659 + cached 0, out 947 (+903 reasoning)
    9.2s   tool bash: node /kit/rag.mjs search "Rome" "Tuscany" "adventure" "parents" "budget" "accommodation" "hotel"
    9.5s turn 2
   12.6s   model reply: in 4081 + cached 28449, out 81 (+37 reasoning)
   12.6s   tool bash: node /kit/rag.mjs search "recommend" "suggest" "cost" "itinerary" "trip" "companion" "travel"
   12.8s turn 3
   15.8s   model reply: in 2119 + cached 32508, out 113 (+59 reasoning)
   15.8s   tool bash: node /kit/rag.mjs search "companion" "parents" "traveler" "party" "cost" "budget" "estimate" "hotel" "lodging" "accommodation"
   16.0s turn 4
   23.0s   model reply: in 4948 + cached 32509, out 934 (+860 reasoning)
   23.0s   tool bash: node /kit/rag.mjs entry ask propose offer respond recommended supports rejects provides enables requirement duration group_size measure at_most rate activity ti
   23.2s turn 5
   27.0s   model reply: in 3878 + cached 36574, out 172 (+127 reasoning)
   27.0s   tool bash: node /kit/rag.mjs entry time_point state_warm search_travel art_itinerary role_user role_agent role_adults
   27.2s turn 6
   39.0s   model reply: in 41199 + cached 0, out 1638 (+1610 reasoning)
   39.0s   tool bash: node /kit/rag.mjs entry country::IT currency::USD
   39.4s turn 7
   42.9s   model reply: in 2542 + cached 40617, out 131 (+76 reasoning)
   42.9s   tool bash: node /kit/rag.mjs search "recommendation" "preference" "accommodation" "hotel" "lodging" "cost" "total" "itemized" "comparison" "prefer"
   43.1s turn 8
   45.9s   model reply: in 5404 + cached 40619, out 37 (+12 reasoning)
   45.9s   tool bash: node /kit/rag.mjs entry user_preference
   46.0s turn 9
   49.4s   model reply: in 5525 + cached 40600, out 95 (+38 reasoning)
   49.4s   tool bash: grep -E "^\| [a-z0-9_]+ \| (speech_act|claim_relation|link|constructor) \|" /reference/glossary.md | head -n 40
   49.5s turn 10
   53.2s   model reply: in 48066 + cached 0, out 58 (+18 reasoning)
   53.2s   tool bash: grep -E "^\| [a-z0-9_]+ \| claim_relation \|" /reference/glossary.md
   53.3s turn 11
   56.7s   model reply: in 5405 + cached 44652, out 68 (+21 reasoning)
   56.7s   tool bash: grep -E "^\| [a-z0-9_]+ \| claim_relation \|" /reference/glossary.md | tail -n +30
   56.8s turn 12
   59.8s   model reply: in 3364 + cached 48708, out 55 (+17 reasoning)
   59.8s   tool bash: grep -E "^\| [a-z0-9_]+ \| constructor \|" /reference/glossary.md
   59.9s turn 13
   62.9s   model reply: in 5219 + cached 48704, out 55 (+17 reasoning)
   62.9s   tool bash: grep -E "^\| [a-z0-9_]+ \| link \|" /reference/glossary.md
   62.9s turn 14
   71.4s   model reply: in 5511 + cached 48686, out 989 (+962 reasoning)
   71.4s   tool bash: node /kit/rag.mjs search "property_question"
   71.6s turn 15
   74.6s   model reply: in 2782 + cached 52735, out 38 (+13 reasoning)
   74.6s   tool bash: node /kit/rag.mjs entry property_question
   74.7s turn 16
   82.6s   model reply: in 2970 + cached 52715, out 981 (+944 reasoning)
   82.6s   tool bash: node /kit/rag.mjs search "role_parent" "role_family" "role_father"
   82.8s turn 17
   92.9s   model reply: in 4952 + cached 52714, out 1323 (+1288 reasoning)
   92.9s   tool bash: node /kit/rag.mjs search "claim holder" "BY agent" "role_user"
   93.0s turn 18
   96.4s   model reply: in 3148 + cached 56769, out 56 (+27 reasoning)
   96.4s   tool bash: node /kit/rag.mjs entry role_agent role_user comfortable
   96.6s turn 19
  102.9s   model reply: in 0 + cached 0, out 0 (+0 reasoning)
  103.0s agent finished
  105.0s turn 20
  118.6s   model reply: in 0 + cached 0, out 0 (+0 reasoning)
  118.6s agent finished
  122.6s turn 21
  242.0s   model reply: in 60131 + cached 0, out 3417 (+1244 reasoning)
  242.0s   tool write: /output/translation.md
  242.0s turn 22
  253.1s   model reply: in 6793 + cached 56759, out 53 (+23 reasoning)
  253.1s   tool bash: node /kit/rag.mjs check --translation /output/translation.md
  253.2s turn 23
  285.6s   model reply: in 3284 + cached 60798, out 4180 (+1992 reasoning)
  285.6s   tool write: /output/translation.md
  285.6s turn 24
  292.2s   model reply: in 7452 + cached 60814, out 53 (+23 reasoning)
  292.2s   tool bash: node /kit/rag.mjs check --translation /output/translation.md
  292.3s turn 25
  304.6s   model reply: in 3943 + cached 64853, out 236 (+43 reasoning)
  304.6s agent finished
  304.6s agent finished
