    2.5s turn 1
   17.6s   model reply: in 30589 + cached 0, out 1102 (+1039 reasoning)
   17.6s   tool bash: node /kit/rag.mjs search "theory" "proofwriter" "premise" "rule" "property" "person" "smart" "kind" "quiet" "big" "cold" "blue" "red"
   17.8s turn 2
   23.8s   model reply: in 6648 + cached 28466, out 80 (+45 reasoning)
   23.8s   tool bash: node /kit/rag.mjs entry attribute_claim statement conditional conjunction possesses character_trait has_state
   24.0s turn 3
   31.2s   model reply: in 3559 + cached 32519, out 116 (+68 reasoning)
   31.2s   tool bash: node /kit/rag.mjs search "for all" "everyone" "someone" "property" "trait" "truth_value" "true_false"
   31.4s turn 4
   36.2s   model reply: in 5619 + cached 32513, out 89 (+55 reasoning)
   36.2s   tool bash: node /kit/rag.mjs entry has_attribute property_question change_property reason_for
   36.6s turn 5
   44.4s   model reply: in 2135 + cached 36561, out 786 (+733 reasoning)
   44.4s   tool bash: node /kit/rag.mjs search "lexical_label" "predicate" "theory" "truth_value" "truth" "query" "based on" "only on"
   44.7s turn 6
   53.1s   model reply: in 5132 + cached 36564, out 83 (+52 reasoning)
   53.1s   tool bash: node /kit/rag.mjs entry lexical_label decision considered request argues_for
   54.2s turn 7
   58.4s   model reply: in 2131 + cached 40614, out 90 (+61 reasoning)
   58.4s   tool bash: grep -i "proofwriter" /reference/glossary.md || true
   58.7s turn 8
   68.3s   model reply: in 2244 + cached 40594, out 46 (+19 reasoning)
   68.3s   tool bash: grep "| claim_relation |" /reference/glossary.md
   68.6s turn 9
   76.1s   model reply: in 4227 + cached 40590, out 40 (+15 reasoning)
   76.1s   tool bash: grep "| constructor |" /reference/glossary.md
   76.5s turn 10
   84.1s   model reply: in 6068 + cached 40585, out 107 (+34 reasoning)
   84.1s   tool bash: grep -E "\| (claim_relation|constructor) \|" /reference/glossary.md | grep -E "statement|attribute|trait|predicate|subject|conditional|rule|person|fact|truth|ki
   84.6s turn 11
   88.0s   model reply: in 3865 + cached 44640, out 54 (+20 reasoning)
   88.0s   tool bash: grep "| claim_relation |" /reference/glossary.md | tail -n +31
   88.1s turn 12
  106.6s   model reply: in 5821 + cached 44636, out 2408 (+2324 reasoning)
  106.6s   tool bash: node /kit/rag.mjs widen "Bob is big" --kind claim
node /kit/rag.mjs widen "Bob is smart" --kind claim
node /kit/rag.mjs widen "Erin is quiet" --kind claim
node 
  111.8s turn 13
  118.8s   model reply: in 7490 + cached 48722, out 297 (+265 reasoning)
  118.8s   tool bash: node /kit/rag.mjs entry attribute_claim has_attribute conditional conjunction statement requirement
  119.6s turn 14
  126.3s   model reply: in 4684 + cached 52772, out 544 (+455 reasoning)
  126.3s   tool bash: node /kit/rag.mjs widen "Introduce a set of logical premises or a theory" --kind speech_act
node /kit/rag.mjs widen "Ask whether a statement is True, False, or 
  128.9s turn 15
  138.9s   model reply: in 4354 + cached 56842, out 814 (+775 reasoning)
  138.9s   tool bash: node /kit/rag.mjs entry attribute_claim has_attribute has_state statement conditional conjunction character_trait subject requirement
  140.0s turn 16
  158.4s   model reply: in 63536 + cached 0, out 2616 (+2577 reasoning)
  158.4s   tool bash: node /kit/rag.mjs search "subject" "property" "trait" "requirement" "has_property"
  159.8s turn 17
  166.2s   model reply: in 6805 + cached 60914, out 163 (+126 reasoning)
  166.2s   tool bash: node /kit/rag.mjs search "state" "entity" "color" "size" "descriptor"
  168.0s turn 18
  173.8s   model reply: in 69319 + cached 0, out 85 (+48 reasoning)
  173.8s   tool bash: grep "| constructor |" /reference/glossary.md | cut -d'|' -f2,4
  174.2s turn 19
  184.6s   model reply: in 52199 + cached 0, out 422 (+397 reasoning)
  184.6s   tool bash: node /kit/rag.mjs entry lexical_label
  185.3s turn 20
  188.6s   model reply: in 4314 + cached 48777, out 70 (+39 reasoning)
  188.6s   tool bash: node /kit/rag.mjs entry state_cold size_large role_user
  189.9s turn 21
  202.5s   model reply: in 53307 + cached 0, out 1522 (+1494 reasoning)
  202.5s   tool bash: grep -C 3 "conditional" /reference/glossary.md
  202.9s turn 22
  209.8s   model reply: in 3696 + cached 52825, out 73 (+37 reasoning)
  209.8s   tool bash: node /kit/rag.mjs search "rule" "implication" "logic" "premise"
  210.7s turn 23
  218.0s   model reply: in 4824 + cached 52813, out 79 (+42 reasoning)
  218.0s   tool bash: node /kit/rag.mjs search "question" "query" "answer" "theory" "proof"
  218.6s turn 24
  224.5s   model reply: in 2231 + cached 56866, out 68 (+37 reasoning)
  224.5s   tool bash: node /kit/rag.mjs entry reason_for constrained_by focus_of
  225.4s turn 25
  241.0s   model reply: in 6830 + cached 52789, out 122 (+79 reasoning)
  241.0s   tool bash: node /kit/rag.mjs entry ask respond confirm inform propose acknowledge correct statement attribute_claim has_attribute conditional conjunction subject requireme
  241.2s turn 26
  250.3s   model reply: in 61756 + cached 0, out 817 (+789 reasoning)
  250.3s   tool bash: node /kit/rag.mjs entry test_condition property_question
  251.4s turn 27
  276.4s   model reply: in 5935 + cached 56835, out 4113 (+1564 reasoning)
  276.4s   tool write: /output/translation.md
  276.5s turn 28
  280.9s   model reply: in 5983 + cached 60904, out 59 (+29 reasoning)
  280.9s   tool bash: node /kit/rag.mjs check --translation /output/translation.md
  281.4s turn 29
  312.3s   model reply: in 2751 + cached 64950, out 4458 (+1884 reasoning)
  312.3s   tool write: /output/translation.md
  312.3s turn 30
  327.3s   model reply: in 46999 + cached 0, out 53 (+23 reasoning)
  327.3s   tool bash: node /kit/rag.mjs check --translation /output/translation.md
  328.1s turn 31
  354.7s   model reply: in 39688 + cached 8117, out 3315 (+743 reasoning)
  354.7s   tool write: /output/translation.md
  354.7s turn 32
  430.2s   model reply: in 43006 + cached 8118, out 55 (+25 reasoning)
  430.2s   tool bash: node /kit/rag.mjs check --translation /output/translation.md
  430.4s turn 33
  492.1s   model reply: in 0 + cached 0, out 0 (+0 reasoning)
  492.2s agent finished
  494.2s turn 34
  508.0s   model reply: in 0 + cached 0, out 0 (+0 reasoning)
  508.0s agent finished
  512.0s turn 35
  538.8s   model reply: in 0 + cached 0, out 0 (+0 reasoning)
  538.8s agent finished
  546.8s turn 36
  610.8s   model reply: in 51916 + cached 0, out 543 (+394 reasoning)
  610.8s agent finished
  610.8s agent finished
