    2.0s turn 1
    5.2s   model reply: in 28206 + cached 0, out 138 (+97 reasoning)
    5.2s   tool bash: node /kit/rag.mjs search "edit" "rewrite" "visa" "university" "expire" "valid until"
    5.4s turn 2
   10.1s   model reply: in 5651 + cached 24369, out 630 (+599 reasoning)
   10.1s   tool bash: node /kit/rag.mjs widen "edit the provided text" --kind action
   10.3s turn 3
   15.8s   model reply: in 4311 + cached 28432, out 887 (+842 reasoning)
   15.8s   tool bash: node /kit/rag.mjs entry country::DE country::IR well_wishes recommended supports negation enables activity subject has_state ask inform respond propose
   16.0s turn 4
   23.3s   model reply: in 3278 + cached 32497, out 1597 (+1538 reasoning)
   23.3s   tool bash: node /kit/rag.mjs search "visa" "embassy" "researcher" "expire" "extend" "stay" "advisable" "wishes" "edit text" "rewrite text"
   23.5s turn 5
   26.5s   model reply: in 7789 + cached 32509, out 197 (+115 reasoning)
   26.5s   tool bash: grep -E "^\| (role_user|role_agent|user|agent|request|activity|subject|has_state|ongoing|recommended|well_wishes|enables|supports|negation|propose|ask|respond|i
   26.5s turn 6
   29.5s   model reply: in 4839 + cached 36561, out 73 (+33 reasoning)
   29.5s   tool bash: grep -E "\| (claim_relation|constructor|speech_act|link) \|" /reference/glossary.md
   29.5s turn 7
   35.8s   model reply: in 2701 + cached 40618, out 1158 (+1129 reasoning)
   35.8s   tool bash: grep -A 20 "example_" /reference/glossary.md
   35.9s turn 8
   52.6s   model reply: in 5912 + cached 40623, out 4219 (+2817 reasoning)
   52.6s   tool write: /output/translation.md
   52.7s turn 9
   55.3s   model reply: in 6065 + cached 44693, out 53 (+23 reasoning)
   55.3s   tool bash: node /kit/rag.mjs check --translation /output/translation.md
   55.5s turn 10
   62.1s   model reply: in 2613 + cached 48740, out 191 (+162 reasoning)
   62.1s   tool bash: grep -A 30 "DECL" /kit/rag.mjs
   62.1s turn 11
   64.6s   model reply: in 2833 + cached 48721, out 51 (+19 reasoning)
   64.6s   tool bash: grep -n "Coverage check" /kit/rag.mjs -A 30
   64.7s turn 12
   66.0s   model reply: in 0 + cached 0, out 0 (+0 reasoning)
   66.0s agent finished
   68.0s turn 13
  173.9s   model reply: in 2915 + cached 48700, out 41 (+15 reasoning)
  173.9s   tool bash: head -n 50 /kit/rag.mjs
  173.9s turn 14
  182.2s   model reply: in 3713 + cached 48687, out 955 (+884 reasoning)
  182.2s   tool bash: node /kit/rag.mjs widen "apply for a visa extension" --kind action
node /kit/rag.mjs widen "German embassy in Tehran" --kind object
node /kit/rag.mjs widen "rew
  182.6s turn 15
  189.8s   model reply: in 7955 + cached 48703, out 1103 (+1026 reasoning)
  189.8s   tool bash: grep -i "visa" /reference/glossary.md || true
grep -i "embassy" /reference/glossary.md || true
grep -i "rewrite" /reference/glossary.md || true
grep -i "edit" /
  189.9s turn 16
  195.9s   model reply: in 5412 + cached 52754, out 120 (+37 reasoning)
  195.9s   tool bash: grep -E "\| (art_short_text|modify_code|policy_revision_request|format_plain_text|unit_paragraph|substitute|transform_remove_br|art_document|art_essay|art_summa
  196.0s turn 17
  200.7s   model reply: in 5875 + cached 52738, out 578 (+539 reasoning)
  200.7s   tool bash: node /kit/rag.mjs check --translation /output/translation.md; echo "EXIT_CODE: $?"
  200.8s turn 18
  210.0s   model reply: in 2955 + cached 56785, out 1635 (+1610 reasoning)
  210.0s   tool bash: node /kit/rag.mjs entry format_email
  210.2s turn 19
  213.5s   model reply: in 4640 + cached 56780, out 169 (+146 reasoning)
  213.5s   tool bash: node /kit/rag.mjs entry respond
  213.6s turn 20
  226.3s   model reply: in 4890 + cached 56762, out 2717 (+1218 reasoning)
  226.3s   tool bash: cat << 'EOF' > /output/translation.md
Status: success
Mode: TRACE

## BrainCode

```braincode
MODE TRACE
ENTRYPOINT Conversation
CONVO Conversation {
  TURN t1 
  226.7s turn 21
  233.2s   model reply: in 4105 + cached 60827, out 938 (+906 reasoning)
  233.2s   tool bash: node /kit/rag.mjs check --translation /output/translation.md --json
  233.4s turn 22
  244.3s   model reply: in 2225 + cached 64274, out 2211 (+2181 reasoning)
  244.3s   tool bash: node /kit/rag.mjs check --translation /output/translation.md
  244.5s turn 23
  248.2s   model reply: in 4969 + cached 64304, out 193 (+18 reasoning)
  248.2s agent finished
  248.2s agent finished
