    1.8s turn 1
   13.7s   model reply: in 27270 + cached 0, out 1487 (+1434 reasoning)
   13.7s   tool bash: node /kit/rag.mjs search "dinner" "delicious" "easy to prepare" "vegetarian" "taco" "pasta" "dessert" "filling" "cook"
   14.0s turn 2
   20.2s   model reply: in 6842 + cached 24377, out 638 (+584 reasoning)
   20.2s   tool bash: node /kit/rag.mjs entry ask offer propose respond include offer_help requirement constraint_budget_limited enables outcome prep_time propose_menu proposed_polic
   20.3s turn 3
   23.7s   model reply: in 4812 + cached 28435, out 96 (+47 reasoning)
   23.7s   tool bash: node /kit/rag.mjs search "menu" "recipe" "food" "dish" "cooking" "dinner" "meal" "ingredient" "option"
   23.9s turn 4
   27.6s   model reply: in 3328 + cached 32497, out 90 (+38 reasoning)
   27.6s   tool bash: grep -E "^\| [a-zA-Z0-9_]+ \| (constructor|composite|speech_act|claim_relation|link)" /reference/glossary.md
   27.7s turn 5
   30.8s   model reply: in 5269 + cached 32492, out 112 (+53 reasoning)
   30.8s   tool bash: grep -E "(menu|recipe|meal|dish|food|dinner|cuisine|cook|prep|ingredient|snack|dessert|appetizer|beverage|drink)" /reference/glossary.md
   30.9s turn 6
   34.1s   model reply: in 3331 + cached 36550, out 61 (+34 reasoning)
   34.1s   tool bash: grep -E "^\| entity_" /reference/glossary.md
   34.1s turn 7
   37.9s   model reply: in 3975 + cached 36535, out 111 (+71 reasoning)
   37.9s   tool bash: grep -E "^\| [a-zA-Z0-9_]+ \| constructor \|" /reference/glossary.md
   38.0s turn 8
   41.0s   model reply: in 5886 + cached 36531, out 78 (+30 reasoning)
   41.0s   tool bash: node /kit/rag.mjs search "recipe" "menu" "dish" "ingredient" "meal" "snack" "beverage" --kind constructor
   41.2s turn 9
   44.3s   model reply: in 3851 + cached 40587, out 59 (+31 reasoning)
   44.3s   tool bash: node /kit/rag.mjs search "a" --kind constructor
   44.5s turn 10
   47.9s   model reply: in 4191 + cached 40570, out 72 (+21 reasoning)
   47.9s   tool bash: grep -E "^\| [a-zA-Z0-9_]+ \| constructor" /reference/glossary.md | awk -F'|' '{print $2}'
   48.0s turn 11
   51.2s   model reply: in 4654 + cached 40554, out 71 (+12 reasoning)
   51.2s   tool bash: grep -E "^\| [a-zA-Z0-9_]+ \| (composite|claim_relation)" /reference/glossary.md | awk -F'|' '{print $2, $3}'
   51.2s turn 12
   55.1s   model reply: in 5583 + cached 40543, out 213 (+156 reasoning)
   55.1s   tool bash: node /kit/rag.mjs entry activity include requirement user_preference propose_menu menu_works prep_time enables offer_help conjunction lexical_label subject meet
   55.3s turn 13
   58.7s   model reply: in 3791 + cached 44598, out 81 (+48 reasoning)
   58.7s   tool bash: node /kit/rag.mjs entry meets_needs provides involves has_attribute role statement recommended
   58.8s turn 14
   73.9s   model reply: in 4868 + cached 44588, out 1966 (+1845 reasoning)
   73.9s   tool bash: node /kit/rag.mjs entry activity lexical_label include requirement offer_help conjunction subject prep_time menu_works propose_menu user_preference enables outc
   74.0s turn 15
   77.9s   model reply: in 4866 + cached 48661, out 89 (+55 reasoning)
   77.9s   tool bash: node /kit/rag.mjs search "user" "agent" "friend" --kind value
   78.2s turn 16
   82.3s   model reply: in 5817 + cached 48650, out 78 (+47 reasoning)
   82.3s   tool bash: node /kit/rag.mjs entry role_user role_agent role_friend
   82.4s turn 17
  104.6s   model reply: in 6054 + cached 48632, out 2876 (+2847 reasoning)
  104.6s   tool bash: node /kit/rag.mjs entry bread cheese ice_cream lettuce meat
  104.8s turn 18
  110.9s   model reply: in 57873 + cached 0, out 315 (+293 reasoning)
  110.9s   tool bash: node /kit/rag.mjs check
  110.9s turn 19
  132.9s   model reply: in 5525 + cached 52679, out 3550 (+2098 reasoning)
  132.9s   tool write: /output/translation.md
  132.9s turn 20
  148.2s   model reply: in 5015 + cached 56743, out 60 (+30 reasoning)
  148.2s   tool bash: node /kit/rag.mjs check --translation /output/translation.md
  148.3s turn 21
  154.5s   model reply: in 9758 + cached 52677, out 507 (+453 reasoning)
  154.5s   tool bash: node /kit/rag.mjs search "Prepare vegetarian filling by sautéing vegetables and mixing with black beans and seasoning" "Cook chicken or beef with olive oil, tac
  154.7s turn 22
  158.4s   model reply: in 2850 + cached 60773, out 140 (+99 reasoning)
  158.4s   tool bash: node /kit/rag.mjs widen "Prepare vegetarian filling by sautéing vegetables and mixing with black beans and seasoning" --kind action
  158.6s turn 23
  164.4s   model reply: in 5596 + cached 60780, out 322 (+281 reasoning)
  164.4s   tool bash: node /kit/rag.mjs widen "Cook chicken or beef with olive oil, taco seasoning, and lime juice" --kind action
  164.7s turn 24
  170.8s   model reply: in 3721 + cached 64834, out 400 (+378 reasoning)
  170.8s   tool bash: node /kit/rag.mjs retrieve
  181.6s turn 25
  194.1s   model reply: in 50078 + cached 0, out 204 (+174 reasoning)
  194.1s   tool bash: node /kit/rag.mjs check --translation /output/translation.md
  194.2s turn 26
  205.4s   model reply: in 2226 + cached 48673, out 1176 (+1124 reasoning)
  205.4s   tool bash: node /kit/rag.mjs search "cook" "roast" "pan" "oil" "lime" "seasoning" "filling" "beans" "vegetables"
  205.7s turn 27
  217.5s   model reply: in 5920 + cached 48686, out 1447 (+1017 reasoning)
  217.5s   tool edit: /output/translation.md
  217.5s turn 28
  221.2s   model reply: in 3331 + cached 52719, out 53 (+23 reasoning)
  221.2s   tool bash: node /kit/rag.mjs check --translation /output/translation.md
  221.4s turn 29
  262.3s   model reply: in 3999 + cached 52705, out 7327 (+5687 reasoning)
  262.3s   tool write: /output/translation.md
  262.4s turn 30
  265.6s   model reply: in 11290 + cached 52745, out 53 (+23 reasoning)
  265.6s   tool bash: node /kit/rag.mjs check --translation /output/translation.md
  265.7s turn 31
  271.2s   model reply: in 3844 + cached 60845, out 428 (+340 reasoning)
  271.2s agent finished
  271.2s agent finished
