    4.2s turn 1
   13.1s   model reply: in 27547 + cached 0, out 1057 (+999 reasoning)
   13.1s   tool bash: node /kit/rag.mjs search "compliment" "praise" "thank" "gratitude" "appreciation" "dedication" "valuable contributions" "attention to detail" "support"
   13.4s turn 2
   16.9s   model reply: in 6765 + cached 24377, out 132 (+73 reasoning)
   16.9s   tool bash: grep -E "^\| [a-z0-9_]+ \| (speech_act|constructor|claim_relation|link|value) \|" /reference/glossary.md | head -n 40
   17.0s turn 3
   20.5s   model reply: in 4685 + cached 28435, out 113 (+63 reasoning)
   20.5s   tool bash: node /kit/rag.mjs search "compliment" "praise" "thanks" "support" "assistance" "effort" "contributions" "valuable"
   20.8s turn 4
   24.1s   model reply: in 2999 + cached 32495, out 120 (+80 reasoning)
   24.1s   tool bash: grep -E "^\| [a-z0-9_]+ \| speech_act \|" /reference/glossary.md
   24.2s turn 5
   25.4s   model reply: in 0 + cached 0, out 0 (+0 reasoning)
   25.4s agent finished
   27.4s turn 6
   41.0s   model reply: in 0 + cached 0, out 0 (+0 reasoning)
   41.0s agent finished
   45.0s turn 7
   71.9s   model reply: in 0 + cached 0, out 0 (+0 reasoning)
   71.9s agent finished
   79.9s turn 8
  140.2s   model reply: in 3609 + cached 32479, out 97 (+59 reasoning)
  140.2s   tool bash: grep -E "^\| [a-z0-9_]+ \| constructor \|" /reference/glossary.md
  140.3s turn 9
  144.2s   model reply: in 37981 + cached 0, out 156 (+50 reasoning)
  144.3s   tool bash: node /kit/rag.mjs widen "write a compliment" --kind action
node /kit/rag.mjs widen "person named Arun" --kind object
node /kit/rag.mjs widen "highlight ongoing 
  147.4s turn 10
  151.5s   model reply: in 41479 + cached 0, out 101 (+64 reasoning)
  151.5s   tool bash: node /kit/rag.mjs entry well_wishes greeting offer_help acknowledge ask respond inform propose offer apologize
  151.6s turn 11
  157.4s   model reply: in 5718 + cached 36530, out 72 (+32 reasoning)
  157.4s   tool bash: grep -E "^\| [a-z0-9_]+ \| claim_relation \|" /reference/glossary.md
  157.4s turn 12
  161.9s   model reply: in 3668 + cached 40585, out 75 (+28 reasoning)
  161.9s   tool bash: grep -E "^\| [a-z0-9_]+ \| claim_relation \|" /reference/glossary.md | tail -n +30
  161.9s turn 13
  172.6s   model reply: in 46275 + cached 0, out 1454 (+1401 reasoning)
  172.6s   tool bash: node /kit/rag.mjs search "praise" "compliment" "gratitude" "appreciation" "thank" "commend" "team player" "above and beyond"
  173.0s turn 14
  187.4s   model reply: in 5295 + cached 44651, out 2539 (+2498 reasoning)
  187.4s   tool bash: node /kit/rag.mjs entry has_attribute attribute_claim statement important ongoing focus_of provides involves subject requirement activity conjunction include
  188.1s turn 15
  204.0s   model reply: in 5738 + cached 48727, out 2847 (+2760 reasoning)
  204.0s   tool bash: node /kit/rag.mjs widen "praise" --kind speech_act
node /kit/rag.mjs widen "compliment" --kind speech_act
node /kit/rag.mjs widen "thank" --kind speech_act
node
  207.8s turn 16
  216.4s   model reply: in 24130 + cached 36565, out 932 (+894 reasoning)
  216.4s   tool bash: grep -E "^\| [a-z0-9_]+ \| constructor \|" /reference/glossary.md
  216.5s turn 17
  219.8s   model reply: in 6544 + cached 56879, out 86 (+48 reasoning)
  219.8s   tool bash: grep -E "^\| [a-z0-9_]+ \| composite \|" /reference/glossary.md
  219.9s turn 18
  241.2s   model reply: in 4282 + cached 60935, out 3278 (+3254 reasoning)
  241.2s   tool bash: node /kit/rag.mjs check --help
  241.3s turn 19
  254.0s   model reply: in 3509 + cached 65002, out 1308 (+1239 reasoning)
  254.0s   tool bash: node /kit/rag.mjs entry well_wishes greeting ask respond inform acknowledge propose offer important ongoing provides involves meets_needs activity subject requi
  254.1s turn 20
  263.9s   model reply: in 45660 + cached 0, out 119 (+70 reasoning)
  263.9s   tool bash: node /kit/rag.mjs entry requirement conjunction include substitute attribute_claim has_attribute role_user role_agent role_colleague tone_polite style_technical
  264.0s turn 21
  296.1s   model reply: in 2281 + cached 44709, out 5491 (+4100 reasoning)
  296.1s   tool write: /output/translation.md
  296.2s turn 22
  300.1s   model reply: in 7762 + cached 44723, out 53 (+23 reasoning)
  300.1s   tool bash: node /kit/rag.mjs check --translation /output/translation.md
  300.2s turn 23
  324.5s   model reply: in 4268 + cached 48773, out 3565 (+3535 reasoning)
  324.5s   tool bash: node /kit/rag.mjs check --translation /output/translation.md
  324.7s turn 24
  328.6s   model reply: in 4263 + cached 52846, out 116 (+45 reasoning)
  328.6s agent finished
  328.6s agent finished
