   11.2s turn 1
   33.3s   model reply: in 2447 + cached 0, out 3557 (+3531 reasoning)
   33.3s   tool read: /trajectory.txt
   33.4s turn 2
   35.8s   model reply: in 6277 + cached 0, out 38 (+11 reasoning)
   35.8s   tool read: /trajectory.txt
   35.8s turn 3
   50.6s   model reply: in 2860 + cached 3931, out 2126 (+2067 reasoning)
   50.6s   tool bash: python3 -c "
with open('/trajectory.txt', 'r', encoding='utf-8') as f:
    text = f.read()
print(repr(text[:200]))
"
   50.6s turn 4
   53.1s   model reply: in 8940 + cached 0, out 71 (+8 reasoning)
   53.1s   tool bash: node -e "
const fs = require('fs');
const text = fs.readFileSync('/trajectory.txt', 'utf8');
console.log(JSON.stringify(text.slice(0, 250)));
"
   53.2s turn 5
   59.3s   model reply: in 5183 + cached 3954, out 780 (+257 reasoning)
   59.3s   tool write: /output/reconstruction.md
   59.3s turn 6
   62.4s   model reply: in 9922 + cached 0, out 38 (+8 reasoning)
   62.4s   tool read: /output/reconstruction.md
   62.4s turn 7
   67.3s   model reply: in 2549 + cached 7904, out 36 (+18 reasoning)
   67.3s agent finished
   67.3s agent finished
