    6.8s turn 1
   12.7s   model reply: in 30690 + cached 0, out 551 (+505 reasoning)
   12.7s   tool bash: node /kit/rag.mjs search "nice" "likes" "eats" "sees" "young" "True False Unknown" "theory"
   12.9s turn 2
   15.9s   model reply: in 4654 + cached 28453, out 112 (+77 reasoning)
   15.9s   tool bash: node /kit/rag.mjs entry activity attribute_claim statement conditional negation conjunction requirement ask subject inform confirm
   16.1s turn 3
   19.8s   model reply: in 2732 + cached 32513, out 148 (+105 reasoning)
   19.8s   tool bash: node /kit/rag.mjs search "property" "trait" "color" "see" "eat" "like" "nice"
   20.2s turn 4
   24.0s   model reply: in 4850 + cached 32508, out 79 (+45 reasoning)
   24.0s   tool bash: node /kit/rag.mjs entry property_question character_trait has_attribute change_property
   24.2s turn 5
   32.2s   model reply: in 5345 + cached 32493, out 1174 (+1125 reasoning)
   32.2s   tool bash: node /kit/rag.mjs search "character_trait" "attribute" "state" "condition" "relation" "theory" "premise" "rule"
   32.4s turn 6
   35.8s   model reply: in 4883 + cached 36562, out 95 (+58 reasoning)
   35.8s   tool bash: node /kit/rag.mjs entry constrained_by constraint_single_choice constraint_comprehensive property_question
   36.0s turn 7
   44.2s   model reply: in 5597 + cached 36548, out 1276 (+1245 reasoning)
   44.2s   tool bash: grep -i "proofwriter" /reference/* 2>/dev/null || true
   44.3s turn 8
   54.6s   model reply: in 2825 + cached 40599, out 923 (+885 reasoning)
   54.6s   tool bash: node /kit/rag.mjs entry character_trait attribute_claim has_attribute statement activity conditional negation conjunction subject requirement
   54.8s turn 9
   64.1s   model reply: in 5723 + cached 40602, out 1138 (+1112 reasoning)
   64.1s   tool bash: node /kit/rag.mjs entry user role_user
   64.9s turn 10
   69.1s   model reply: in 2882 + cached 44652, out 203 (+172 reasoning)
   69.1s   tool bash: node /kit/rag.mjs search "holder" "speaker" "role"
   69.3s turn 11
   78.7s   model reply: in 3970 + cached 44640, out 1149 (+1124 reasoning)
   78.7s   tool bash: node /kit/rag.mjs entry lexical_label
   78.9s turn 12
   89.8s   model reply: in 5595 + cached 44634, out 1572 (+1525 reasoning)
   89.8s   tool bash: node /kit/rag.mjs search "character_trait" "lexical_label" "conditional" "conjunction" "negation" "activity"
   91.1s turn 13
  116.3s   model reply: in 5096 + cached 48702, out 4369 (+2057 reasoning)
  116.3s   tool write: /output/translation.md
  116.3s turn 14
  119.4s   model reply: in 5397 + cached 52774, out 54 (+24 reasoning)
  119.4s   tool bash: node /kit/rag.mjs check --translation /output/translation.md
  120.0s turn 15
  124.3s   model reply: in 2216 + cached 56820, out 231 (+206 reasoning)
  124.3s   tool bash: node /kit/rag.mjs entry animal_label
  124.5s turn 16
  131.0s   model reply: in 2557 + cached 56802, out 755 (+719 reasoning)
  131.0s   tool bash: node /kit/rag.mjs widen "answer must be True, False, or Unknown" --kind constraint
  131.1s turn 17
  135.3s   model reply: in 4823 + cached 56802, out 88 (+46 reasoning)
  135.3s   tool bash: node /kit/rag.mjs widen "if someone sees the bear and they are green then the bear eats the lion" --kind reasoning
  135.6s turn 18
  159.8s   model reply: in 3194 + cached 60860, out 4164 (+1796 reasoning)
  159.8s   tool write: /output/translation.md
  159.8s turn 19
  162.7s   model reply: in 7350 + cached 60872, out 53 (+23 reasoning)
  162.7s   tool bash: node /kit/rag.mjs check --translation /output/translation.md
  162.9s turn 20
  197.8s   model reply: in 4128 + cached 64917, out 7364 (+4984 reasoning)
  197.8s   tool write: /output/translation.md
  197.8s turn 21
  208.5s   model reply: in 54113 + cached 0, out 55 (+25 reasoning)
  208.5s   tool bash: node /kit/rag.mjs check --translation /output/translation.md
  208.7s turn 22
  214.3s   model reply: in 2115 + cached 52823, out 310 (+85 reasoning)
  214.3s agent finished
  214.3s agent finished
