    2.0s turn 1
   10.8s   model reply: in 32559 + cached 0, out 980 (+935 reasoning)
   10.8s   tool bash: node /kit/rag.mjs search "summer" "couple" "boyfriend" "off the beaten track" "flexible budget" "itinerary"
   11.0s turn 2
   14.7s   model reply: in 2744 + cached 32533, out 147 (+54 reasoning)
   14.7s   tool bash: node /kit/rag.mjs widen "summer holiday" --kind temporal
node /kit/rag.mjs widen "boyfriend" --kind object
node /kit/rag.mjs widen "off-the-beaten-track" --kind
   15.3s turn 3
   18.9s   model reply: in 6314 + cached 32536, out 98 (+43 reasoning)
   18.9s   tool bash: node /kit/rag.mjs entry temporal_context user_preference interpersonal_stance recommended request greeting offer_help duration group_size location_spec requirem
   19.0s turn 4
   22.6s   model reply: in 4318 + cached 36597, out 59 (+21 reasoning)
   22.6s   tool bash: node /kit/rag.mjs entry activity decision subject search_travel search_transit art_itinerary art_plan
   22.7s turn 5
   25.9s   model reply: in 6045 + cached 36589, out 76 (+49 reasoning)
   25.9s   tool bash: grep -E "^\| role_" /reference/glossary.md
   25.9s turn 6
   28.5s   model reply: in 2592 + cached 40638, out 40 (+13 reasoning)
   28.5s   tool bash: grep -E "^\| style_" /reference/glossary.md
   28.6s turn 7
   38.2s   model reply: in 2789 + cached 40619, out 398 (+368 reasoning)
   38.2s   tool bash: grep -E "\| speech_act \|" /reference/glossary.md
   38.3s turn 8
   39.3s   model reply: in 0 + cached 0, out 0 (+0 reasoning)
   39.4s agent finished
   41.3s turn 9
   85.7s   model reply: in 0 + cached 0, out 0 (+0 reasoning)
   85.7s agent finished
   89.7s turn 10
  154.7s   model reply: in 3674 + cached 40606, out 136 (+110 reasoning)
  154.7s   tool bash: grep -i "greeting" /reference/glossary.md
  154.7s turn 11
  169.3s   model reply: in 3943 + cached 40588, out 279 (+245 reasoning)
  169.3s   tool bash: grep -n -C 5 "UTTER" /attach/1-language-spec.md
  169.4s turn 12
  179.4s   model reply: in 5293 + cached 40579, out 648 (+595 reasoning)
  179.4s   tool bash: grep -E "^\| (art_plan|art_itinerary|request|activity|decision|subject|temporal_context|weather_condition) \|" /reference/glossary.md
  179.4s turn 13
  190.7s   model reply: in 2392 + cached 44626, out 63 (+37 reasoning)
  190.7s   tool bash: grep -i "question" /reference/glossary.md
  190.8s turn 14
  198.7s   model reply: in 2678 + cached 44608, out 74 (+49 reasoning)
  198.7s   tool bash: node /kit/rag.mjs entry property_question
  198.8s turn 15
  204.1s   model reply: in 2900 + cached 44590, out 232 (+206 reasoning)
  204.1s   tool bash: grep -i "season" /reference/glossary.md
  204.1s turn 16
  208.7s   model reply: in 3160 + cached 44572, out 58 (+24 reasoning)
  208.7s   tool bash: grep -iE "holiday|vacation|trip|travel" /reference/glossary.md
  208.8s turn 17
  230.9s   model reply: in 3563 + cached 44555, out 3039 (+3000 reasoning)
  230.9s   tool bash: node /kit/rag.mjs entry recommended user_preference group_size duration unit_week country::IE country::IT
  231.0s turn 18
  248.9s   model reply: in 7280 + cached 44572, out 2218 (+557 reasoning)
  248.9s   tool write: /output/translation.md
  248.9s turn 19
  255.1s   model reply: in 5451 + cached 48623, out 53 (+23 reasoning)
  255.2s   tool bash: node /kit/rag.mjs check --translation /output/translation.md
  255.3s turn 20
  275.6s   model reply: in 6046 + cached 48609, out 2669 (+904 reasoning)
  275.6s   tool write: /output/translation.md
  275.6s turn 21
  279.2s   model reply: in 4665 + cached 52663, out 53 (+23 reasoning)
  279.2s   tool bash: node /kit/rag.mjs check --translation /output/translation.md
  279.4s turn 22
  291.7s   model reply: in 5359 + cached 52650, out 1671 (+1641 reasoning)
  291.7s   tool bash: node /kit/rag.mjs check --translation /output/translation.md
  291.8s turn 23
  295.5s   model reply: in 3604 + cached 56704, out 189 (+16 reasoning)
  295.5s agent finished
  295.5s agent finished
