    2.1s turn 1
    8.7s   model reply: in 29593 + cached 0, out 829 (+781 reasoning)
    8.7s   tool bash: node /kit/rag.mjs search "referendum" "vote" "independence" "Scotland" "election" "uncertain" "turnout" "margin"
    8.9s turn 2
   12.0s   model reply: in 3428 + cached 28414, out 50 (+0 reasoning)
   12.0s   tool bash: node /kit/rag.mjs search "debate" "referendum" "policy" "political" "opinion" "feeling" "belief" "stance" "neutral"
   12.2s turn 3
   15.1s   model reply: in 5966 + cached 28414, out 40 (+0 reasoning)
   15.1s   tool bash: node /kit/rag.mjs search "percentage" "ratio" "election" "vote" "decision" "proposal"
   15.3s turn 4
   18.3s   model reply: in 3722 + cached 32469, out 37 (+0 reasoning)
   18.3s   tool bash: node /kit/rag.mjs entry measure rate decision policy_document group_size topic_politics tone_neutral
   18.4s turn 5
   22.3s   model reply: in 37002 + cached 0, out 61 (+0 reasoning)
   22.3s   tool bash: grep -E "^\| (transfer|block|legislation|autonomy|tax|welfare|parliament|government|party|vote|voted|referendum|majority|percent) \|" /reference/glossary.md
   22.3s turn 6
   25.7s   model reply: in 4635 + cached 32438, out 40 (+0 reasoning)
   25.7s   tool bash: node /kit/rag.mjs widen "the majority voted to remain in the UK in the 2014 referendum"
   25.9s turn 7
   29.5s   model reply: in 2416 + cached 36489, out 34 (+0 reasoning)
   29.5s   tool bash: node /kit/rag.mjs widen "political parties and individuals continue efforts to achieve Scottish independence"
   29.7s turn 8
   33.4s   model reply: in 4520 + cached 36489, out 84 (+0 reasoning)
   33.4s   tool bash: node /kit/rag.mjs search "55.3 percent voted against independence and 44.7 percent voted in favor" "the result was relatively close with a 10.6 percent margin" 
   33.6s turn 9
   37.4s   model reply: in 5687 + cached 36480, out 46 (+0 reasoning)
   37.4s   tool bash: node /kit/rag.mjs search "referendum" "vote" "voted" "autonomy" "block" "transfer" --kind constructor
   37.5s turn 10
   41.2s   model reply: in 3309 + cached 40530, out 46 (+0 reasoning)
   41.2s   tool bash: grep -E "^\| [a-z0-9_]+ \| (claim_relation|constructor|composite) \|" /reference/glossary.md
   41.3s turn 11
   45.5s   model reply: in 5154 + cached 40527, out 45 (+0 reasoning)
   45.5s   tool bash: node /kit/rag.mjs search "question whether" "descriptive question" "possesses" "opposes" "varies_with"
   45.6s turn 12
   49.6s   model reply: in 2638 + cached 44575, out 93 (+0 reasoning)
   49.6s   tool bash: node /kit/rag.mjs entry possesses statement controversial ongoing opposes varies_with enables has_goal involves proposed_policy provides reason_for identity des
   49.7s turn 13
   53.7s   model reply: in 4683 + cached 44575, out 63 (+0 reasoning)
   53.7s   tool bash: node /kit/rag.mjs entry occurred_recently contrast supports time_horizon time_point negation subject requirement activity conditional rate measure group_size ad
   53.8s turn 14
   58.2s   model reply: in 2635 + cached 48627, out 46 (+0 reasoning)
   58.2s   tool bash: node /kit/rag.mjs entry ask decline inform respond acknowledge confirm correct apologize test_condition interpersonal_stance audience_targeting address_form mea
   58.3s turn 15
   61.8s   model reply: in 3986 + cached 48620, out 38 (+0 reasoning)
   61.8s   tool bash: node /kit/rag.mjs search "scotland" "united kingdom" "great britain" "uk"
   62.1s turn 16
   65.3s   model reply: in 5220 + cached 48612, out 25 (+0 reasoning)
   65.3s   tool bash: node /kit/rag.mjs entry country::GB
   65.5s turn 17
   68.8s   model reply: in 5439 + cached 48595, out 34 (+0 reasoning)
   68.8s   tool bash: node /kit/rag.mjs search "Scottish National Party" "SNP" "referendum"
   69.0s turn 18
   72.8s   model reply: in 2274 + cached 52633, out 37 (+0 reasoning)
   72.8s   tool bash: node /kit/rag.mjs search "Scottish Parliament" "United Kingdom" "government" "referendum"
   73.0s turn 19
   81.4s   model reply: in 3473 + cached 52626, out 40 (+0 reasoning)
   81.4s   tool bash: grep -E "^\| [a-z0-9_]+ \| recipient-value \|" /reference/glossary.md
   81.5s turn 20
   82.2s   model reply: in 0 + cached 0, out 0 (+0 reasoning)
   82.2s agent finished
   84.2s turn 21
   97.7s   model reply: in 0 + cached 0, out 0 (+0 reasoning)
   97.7s agent finished
  101.7s turn 22
  127.9s   model reply: in 0 + cached 0, out 0 (+0 reasoning)
  127.9s agent finished
  135.9s turn 23
  188.6s   model reply: in 0 + cached 0, out 0 (+0 reasoning)
  188.6s agent finished
  204.6s turn 24
  215.1s   model reply: in 0 + cached 0, out 0 (+0 reasoning)
  215.1s agent finished
  247.1s turn 25
  346.8s   model reply: in 56149 + cached 0, out 30 (+0 reasoning)
  346.8s   tool bash: grep -E "\| recipient-value \|" /reference/glossary.md
  346.8s turn 26
  356.3s   model reply: in 4254 + cached 52593, out 38 (+0 reasoning)
  356.3s   tool bash: node /kit/rag.mjs search "referendum" "vote" "decision" "question" "policy"
  356.5s turn 27
  369.1s   model reply: in 5710 + cached 52590, out 33 (+0 reasoning)
  369.1s   tool bash: node /kit/rag.mjs widen "the timing of the next independence referendum is uncertain"
  369.2s turn 28
  375.6s   model reply: in 3481 + cached 56636, out 40 (+0 reasoning)
  375.6s   tool bash: node /kit/rag.mjs widen "the UK government blocked a 2017 SNP proposal for a second referendum"
  375.8s turn 29
  388.0s   model reply: in 5376 + cached 56638, out 36 (+0 reasoning)
  388.0s   tool bash: node /kit/rag.mjs widen "the SNP continues calling for a referendum but no official date exists"
  388.2s turn 30
  395.0s   model reply: in 3219 + cached 60685, out 35 (+0 reasoning)
  395.0s   tool bash: node /kit/rag.mjs widen "Scottish government legislation transferred tax and welfare powers toward greater autonomy"
  395.2s turn 31
  405.8s   model reply: in 5642 + cached 60692, out 43 (+0 reasoning)
  405.8s   tool bash: node /kit/rag.mjs search "power" "legal" "vote" "neutral" "judgment" "stance" "opinion"
  406.0s turn 32
  416.0s   model reply: in 3560 + cached 64740, out 37 (+0 reasoning)
  416.0s   tool bash: node /kit/rag.mjs search "capacity" "ability" "judgment" "feeling" --kind constructor
  416.2s turn 33
  422.2s   model reply: in 4721 + cached 64733, out 35 (+0 reasoning)
  422.2s   tool bash: node /kit/rag.mjs search "requires" "agreement" "sustained" "support"
  422.4s turn 34
  435.8s   model reply: in 48795 + cached 0, out 39 (+0 reasoning)
  435.8s   tool bash: node /kit/rag.mjs search "hypothetical" "if" "condition" "stance" "neutral"
  436.1s turn 35
  439.9s   model reply: in 5689 + cached 44557, out 60 (+0 reasoning)
  439.9s   tool bash: node /kit/rag.mjs entry conditional measure rate group_size time_point time_horizon activity subject statement possesses controversial ongoing opposes varies_wi
  440.0s turn 36
  444.9s   model reply: in 52362 + cached 0, out 34 (+0 reasoning)
  444.9s   tool bash: node /kit/rag.mjs entry attitude attribute_claim contrast supports ask confirm decline inform respond apologize
  445.0s turn 37
  449.2s   model reply: in 4712 + cached 48599, out 30 (+0 reasoning)
  449.2s   tool bash: node /kit/rag.mjs entry varies_with has_goal involves opposes
  449.4s turn 38
  452.7s   model reply: in 5251 + cached 48585, out 35 (+0 reasoning)
  452.8s   tool bash: node /kit/rag.mjs search "claim holder" "agent" "user" --kind value
  452.9s turn 39
  457.7s   model reply: in 2095 + cached 52622, out 32 (+0 reasoning)
  457.7s   tool bash: grep -E "\| (agent|user) \|" /reference/glossary.md
  457.7s turn 40
  461.3s   model reply: in 2157 + cached 52602, out 42 (+0 reasoning)
  461.3s   tool bash: grep -i "by role_" /reference/glossary.md || grep -i "BY " /reference/language-spec.md
  461.4s turn 41
  464.7s   model reply: in 2417 + cached 52584, out 35 (+0 reasoning)
  464.7s   tool bash: node /kit/rag.mjs search "Scottish" "Scotland" "United Kingdom" "British"
  464.9s turn 42
  467.6s   model reply: in 3626 + cached 52578, out 35 (+0 reasoning)
  467.6s   tool bash: node /kit/rag.mjs search "majority" "election" "politics" "referendum"
  467.8s turn 43
  470.5s   model reply: in 4777 + cached 52571, out 39 (+0 reasoning)
  470.5s   tool bash: node /kit/rag.mjs search "autonomy" "tax" "welfare" "date" "bloc"
  470.6s turn 44
  476.2s   model reply: in 2145 + cached 56611, out 35 (+0 reasoning)
  476.2s   tool bash: node /kit/rag.mjs search "block" "blocked" "prohibit" "prevent"
  476.4s turn 45
  479.0s   model reply: in 3359 + cached 56605, out 23 (+0 reasoning)
  479.0s   tool bash: node /kit/rag.mjs entry prohibited
  479.1s turn 46
  482.0s   model reply: in 3541 + cached 56587, out 42 (+0 reasoning)
  482.0s   tool bash: node /kit/rag.mjs search "majority" "margin" "difference" "turnout" "vote" "referendum"
  482.2s turn 47
  485.3s   model reply: in 5220 + cached 56587, out 36 (+0 reasoning)
  485.3s   tool bash: node /kit/rag.mjs search "settle" "decisive" "close" "margin"
  485.5s turn 48
  488.9s   model reply: in 2319 + cached 60623, out 40 (+0 reasoning)
  488.9s   tool bash: node /kit/rag.mjs search "question" "debate" "vote" "neutral" "stance" "ability"
  489.1s turn 49
  491.9s   model reply: in 3989 + cached 60623, out 50 (+0 reasoning)
  491.9s   tool bash: node /kit/rag.mjs search "designed_to_be" "provides" "constitutional_ai" "design_parameters" "beliefs" "personal_values"
  492.1s turn 50
  494.9s   model reply: in 5935 + cached 60627, out 37 (+0 reasoning)
  494.9s   tool bash: node /kit/rag.mjs search "capacity" "judgment" "opinion" "feeling" --kind claim
  495.1s turn 51
  498.0s   model reply: in 3018 + cached 64662, out 51 (+0 reasoning)
  498.0s   tool bash: node /kit/rag.mjs entry possesses negation bionic_person interpersonal_stance design_parameters potential_harms personal_values beliefs constitutional_ai design
  498.1s turn 52
  501.4s   model reply: in 4265 + cached 64657, out 33 (+0 reasoning)
  501.4s   tool bash: node /kit/rag.mjs search "character_trait" "trait" "sentiment"
  501.5s turn 53
  504.7s   model reply: in 5335 + cached 64651, out 37 (+0 reasoning)
  504.7s   tool bash: node /kit/rag.mjs search "character" "trait" "mental" "attribute" --kind constructor
  504.8s turn 54
  516.1s   model reply: in 48620 + cached 0, out 35 (+0 reasoning)
  516.1s   tool bash: node /kit/rag.mjs search "character_trait" "character" "has_attribute"
  516.3s turn 55
  519.7s   model reply: in 5302 + cached 44494, out 29 (+0 reasoning)
  519.7s   tool bash: node /kit/rag.mjs entry has_attribute character character_trait
  519.9s turn 56
  523.1s   model reply: in 5613 + cached 44478, out 38 (+0 reasoning)
  523.1s   tool bash: node /kit/rag.mjs search "stance" "neutral" "viewpoint" "opinion" "belief"
  523.2s turn 57
  526.2s   model reply: in 2985 + cached 48518, out 36 (+0 reasoning)
  526.2s   tool bash: node /kit/rag.mjs search "decision" "measure" "rate" "group_size"
  526.4s turn 58
  529.6s   model reply: in 4303 + cached 48514, out 28 (+0 reasoning)
  529.6s   tool bash: node /kit/rag.mjs entry decision measure rate group_size
  529.7s turn 59
  533.0s   model reply: in 4963 + cached 48502, out 37 (+0 reasoning)
  533.0s   tool bash: node /kit/rag.mjs search "conditional" "condition" "depends" "future" "uncertain"
  533.2s turn 60
  536.1s   model reply: in 2442 + cached 52542, out 26 (+0 reasoning)
  536.1s   tool bash: node /kit/rag.mjs entry conditional time_horizon
  536.2s turn 61
  539.5s   model reply: in 2650 + cached 52524, out 40 (+0 reasoning)
  539.5s   tool bash: node /kit/rag.mjs search "agree" "agreement" "require" "requirement" "bill" "legislation"
  539.7s turn 62
  543.5s   model reply: in 4370 + cached 52526, out 30 (+0 reasoning)
  543.5s   tool bash: node /kit/rag.mjs search "Scottish National Party" "SNP"
  543.6s turn 63
  547.0s   model reply: in 4972 + cached 52513, out 45 (+0 reasoning)
  547.0s   tool bash: node /kit/rag.mjs search "propose_menu" "proposed_policy" "policy_document" "policy_revision_request"
  547.2s turn 64
  550.2s   model reply: in 2387 + cached 56551, out 26 (+0 reasoning)
  550.2s   tool bash: node /kit/rag.mjs entry request policy_document
  550.3s turn 65
  553.2s   model reply: in 2569 + cached 56532, out 39 (+0 reasoning)
  553.2s   tool bash: node /kit/rag.mjs search "second" "second_referendum" "snp" "uk_government"
  553.6s turn 66
  556.6s   model reply: in 3798 + cached 56528, out 45 (+0 reasoning)
  556.6s   tool bash: grep -E "\| (decline|confirm|ask|inform|respond|correct|apologize) \|" /reference/glossary.md
  556.7s turn 67
  560.7s   model reply: in 4151 + cached 56513, out 63 (+0 reasoning)
  560.7s   tool bash: node /kit/rag.mjs search "opposes" "motivated_by" "involves" "has_goal" "reason_for" "enables" "leads_to" "attribute_claim" "statement"
  560.9s turn 68
  564.0s   model reply: in 2939 + cached 60568, out 58 (+0 reasoning)
  564.0s   tool bash: node /kit/rag.mjs search "opposes" "leads_to" "enables" "motivated_by" "involves" "has_goal" "reason_for" "statement"
  564.2s turn 69
  567.5s   model reply: in 5403 + cached 60580, out 33 (+0 reasoning)
  567.5s   tool bash: node /kit/rag.mjs search "claim_relation" "link" --kind claim
  567.6s turn 70
  571.5s   model reply: in 5996 + cached 60568, out 31 (+0 reasoning)
  571.5s   tool bash: grep "^| " /reference/glossary.md | grep "claim_relation"
  571.6s turn 71
  574.7s   model reply: in 3916 + cached 64612, out 29 (+0 reasoning)
  574.7s   tool bash: grep "^| " /reference/glossary.md | grep "constructor"
  574.8s turn 72
  586.6s   model reply: in 46189 + cached 0, out 22 (+0 reasoning)
  586.6s   tool bash: node /kit/rag.mjs check
  586.6s turn 73
  589.6s   model reply: in 5721 + cached 40506, out 35 (+0 reasoning)
  589.6s   tool bash: node /kit/rag.mjs search "rate" "measure" "turnout" "margin"
  589.8s turn 74
  592.3s   model reply: in 2880 + cached 44548, out 27 (+0 reasoning)
  592.3s   tool bash: node /kit/rag.mjs entry measure rate group_size
  592.5s turn 75
  597.6s   model reply: in 3377 + cached 44533, out 32 (+0 reasoning)
  597.6s   tool bash: node /kit/rag.mjs search "referendum" "voting" "election"
  597.7s turn 76
  600.5s   model reply: in 4250 + cached 44522, out 34 (+0 reasoning)
  600.5s   tool bash: node /kit/rag.mjs search "uncertain" "timing" "date" "opportunity"
  600.7s turn 77
  605.2s   model reply: in 0 + cached 0, out 0 (+0 reasoning)
  605.2s agent finished
  607.2s turn 78
  620.8s   model reply: in 0 + cached 0, out 0 (+0 reasoning)
  620.8s agent finished
  624.8s turn 79
  636.4s   model reply: in 0 + cached 0, out 0 (+0 reasoning)
  636.4s agent finished
  644.4s turn 80
  667.0s   model reply: in 0 + cached 0, out 0 (+0 reasoning)
  667.0s agent finished
  683.0s turn 81
  727.8s   model reply: in 0 + cached 0, out 0 (+0 reasoning)
  727.8s agent finished
  759.9s turn 82
  856.9s   model reply: in 49908 + cached 0, out 35 (+0 reasoning)
  856.9s   tool bash: node /kit/rag.mjs search "uncertain" "uncertainty" "unknown" --kind claim
  857.0s turn 83
  894.4s   model reply: in 2215 + cached 48551, out 35 (+0 reasoning)
  894.4s   tool bash: node /kit/rag.mjs search "blocks" "prevent" "stop" "oppose"
  894.5s turn 84
  926.4s   model reply: in 3369 + cached 48544, out 39 (+0 reasoning)
  926.4s   tool bash: node /kit/rag.mjs search "decision" "participate" "autonomy" "power" "transfer"
  926.5s turn 85
  958.0s   model reply: in 4821 + cached 48540, out 31 (+0 reasoning)
  958.0s   tool bash: node /kit/rag.mjs search "supports" "support" "majority"
  958.2s turn 86
  974.5s   model reply: in 5836 + cached 48532, out 37 (+0 reasoning)
  974.5s   tool bash: node /kit/rag.mjs search "capacity" "ability" "judgment" "opinion" "feeling"
  974.6s turn 87
  986.1s   model reply: in 3207 + cached 52573, out 34 (+0 reasoning)
  986.1s   tool bash: node /kit/rag.mjs search "stance" "neutral" "factual" "provides"
  986.2s turn 88
  992.3s   model reply: in 4349 + cached 52566, out 50 (+0 reasoning)
  992.3s   tool bash: node /kit/rag.mjs search "opposes" "oppose" "possesses" "failure" "designed_to_be" "supports" "provides"
  992.5s turn 89
  997.9s   model reply: in 2507 + cached 56616, out 36 (+0 reasoning)
  997.9s   tool bash: node /kit/rag.mjs search "user_preference" "opinion" "stand" "vote"
  998.0s turn 90
 1011.6s   model reply: in 3729 + cached 56610, out 36 (+0 reasoning)
 1011.6s   tool bash: node /kit/rag.mjs search "opposes" "express_interest" "user_preference"
 1011.8s turn 91
 1015.5s   model reply: in 4717 + cached 56601, out 26 (+0 reasoning)
 1015.5s   tool bash: node /kit/rag.mjs entry user_preference decline
 1015.6s turn 92
 1020.1s   model reply: in 4885 + cached 56583, out 35 (+0 reasoning)
 1020.1s   tool bash: node /kit/rag.mjs search "decision" "participate" "vote" --kind constructor
 1020.3s turn 93
 1025.8s   model reply: in 5797 + cached 56574, out 34 (+0 reasoning)
 1025.8s   tool bash: node /kit/rag.mjs search "state" "explain" "answer" "respond"
 1025.9s turn 94
 1029.3s   model reply: in 2957 + cached 60610, out 31 (+0 reasoning)
 1029.3s   tool bash: node /kit/rag.mjs search "ask" "question" --kind constructor
 1029.4s turn 95
 1032.3s   model reply: in 3585 + cached 60597, out 34 (+0 reasoning)
 1032.3s   tool bash: node /kit/rag.mjs search "country" "scotland" "united_kingdom"
 1032.5s turn 96
 1037.6s   model reply: in 4557 + cached 60589, out 36 (+0 reasoning)
 1037.6s   tool bash: node /kit/rag.mjs search "referendum" "settle" "timing" "powers"
 1037.8s turn 97
 1045.7s   model reply: in 5693 + cached 60584, out 34 (+0 reasoning)
 1045.7s   tool bash: node /kit/rag.mjs search "agree" "requires" "condition" "depends"
 1045.8s turn 98
 1050.8s   model reply: in 2805 + cached 64617, out 58 (+0 reasoning)
 1050.8s   tool bash: node /kit/rag.mjs search "claim_relation" "role_user" "role_agent" "time_point" "time_horizon" "measure" "rate" "group_size"
 1051.0s turn 99
 1060.4s   model reply: in 5469 + cached 64632, out 32 (+0 reasoning)
 1060.4s   tool bash: node /kit/rag.mjs entry address_form bionic_person interpersonal_stance
 1060.5s turn 100
 1076.6s   model reply: in 49523 + cached 0, out 47 (+0 reasoning)
 1076.6s   tool bash: node /kit/rag.mjs entry topic_politics topic_current_events united_kingdom locale_en_gb unit_percent unit_year unit_second
 1076.7s turn 101
 1080.5s   model reply: in 41867 + cached 8093, out 37 (+0 reasoning)
 1080.5s   tool bash: node /kit/rag.mjs search "assert_multinomial_scorer" "contrast" "outcome"
 1080.6s turn 102
 1083.6s   model reply: in 2384 + cached 48553, out 31 (+0 reasoning)
 1083.6s   tool bash: node /kit/rag.mjs search "assert_multinomial_scorer"
 1083.8s turn 103
 1087.0s   model reply: in 2734 + cached 48536, out 39 (+0 reasoning)
 1087.0s   tool bash: node /kit/rag.mjs entry rate measure decision property_question subject conditional time_horizon time_point group_size
 1087.1s turn 104
 1090.6s   model reply: in 4156 + cached 48532, out 67 (+0 reasoning)
 1090.6s   tool bash: node /kit/rag.mjs entry topic_politics topic_current_events unit_percent unit_year unit_second united_kingdom locale_en_gb role_user role_agent constitutional_a
 1090.7s turn 105
 1095.4s   model reply: in 5003 + cached 48522, out 56 (+0 reasoning)
 1095.4s   tool bash: node /kit/rag.mjs entry attitude attribute_claim controversial exists_in has_goal involves leads_to motivated_by ongoing opposes possesses provides reason_for s
 1095.5s turn 106
 1098.5s   model reply: in 3036 + cached 52571, out 27 (+0 reasoning)
 1098.5s   tool bash: node /kit/rag.mjs entry varies_with contrast supports
 1098.6s turn 107
 1101.3s   model reply: in 3294 + cached 52553, out 33 (+0 reasoning)
 1101.3s   tool bash: node /kit/rag.mjs search "referendum" "scottish" "SNP"
 1101.5s turn 108
 1106.1s   model reply: in 4164 + cached 52543, out 35 (+0 reasoning)
 1106.1s   tool bash: node /kit/rag.mjs search "proposes" "blocked" "introduced" "transfer"
 1106.3s turn 109
 1109.1s   model reply: in 5297 + cached 52537, out 34 (+0 reasoning)
 1109.1s   tool bash: node /kit/rag.mjs entry proposed_policy prohibited policy_revision_request policy_document
 1109.2s turn 110
 1112.2s   model reply: in 5718 + cached 52522, out 54 (+0 reasoning)
 1112.2s   tool bash: node /kit/rag.mjs search "claim_relation" "attitude" "motivated_by" "involves" "has_goal" "exists_in" "unaware"
 1112.4s turn 111
 1115.5s   model reply: in 3816 + cached 56570, out 52 (+0 reasoning)
 1115.5s   tool bash: node /kit/rag.mjs entry statement ongoing controversial varies_with opposes exists_in involves has_goal motivated_by leads_to enables attitude possesses provide
 1115.6s turn 112
 1118.5s   model reply: in 5765 + cached 56574, out 37 (+0 reasoning)
 1118.5s   tool bash: node /kit/rag.mjs search "opposes" "objects_to" "against" "blocked"
 1118.7s turn 113
 1121.6s   model reply: in 3001 + cached 60611, out 37 (+0 reasoning)
 1121.6s   tool bash: node /kit/rag.mjs search "referendum" "scottish" "tax" "welfare"
 1122.0s turn 114
 1124.9s   model reply: in 4140 + cached 60605, out 35 (+0 reasoning)
 1124.9s   tool bash: node /kit/rag.mjs search "opposes" "oppose" --kind claim_relation
 1125.1s turn 115
 1128.3s   model reply: in 4761 + cached 60592, out 35 (+0 reasoning)
 1128.3s   tool bash: node /kit/rag.mjs search "Scottish National Party" "Scottish Parliament" "UK government"
 1128.5s turn 116
 1131.4s   model reply: in 5657 + cached 60583, out 38 (+0 reasoning)
 1131.4s   tool bash: node /kit/rag.mjs search "decision" "requirement" "varies_with" "enables"
 1131.6s turn 117
 1134.6s   model reply: in 2951 + cached 64619, out 31 (+0 reasoning)
 1134.6s   tool bash: node /kit/rag.mjs search "uncertain" "timing" "date"
 1134.8s turn 118
 1138.0s   model reply: in 3824 + cached 64610, out 44 (+0 reasoning)
 1138.0s   tool bash: node /kit/rag.mjs search "claim_relation" "exists_in" "possesses" "failure" "attribute_claim"
 1138.1s turn 119
 1141.1s   model reply: in 5435 + cached 64611, out 39 (+0 reasoning)
 1141.1s   tool bash: node /kit/rag.mjs search "apologize" "acknowledge" "prohibited" "block_evaluation"
 1141.3s turn 120
 1152.1s   model reply: in 46659 + cached 0, out 34 (+0 reasoning)
 1152.1s   tool bash: node /kit/rag.mjs search "capacity" "ability" "can" "power"
 1152.2s turn 121
 1154.9s   model reply: in 3272 + cached 44532, out 41 (+0 reasoning)
 1154.9s   tool bash: node /kit/rag.mjs search "character_trait" "interpersonal_stance" "personal_values" "beliefs"
 1155.1s turn 122
 1158.2s   model reply: in 49228 + cached 0, out 39 (+0 reasoning)
 1158.2s   tool bash: node /kit/rag.mjs search "character" "property_question" "subject" "rate" "measure"
 1158.4s turn 123
 1161.1s   model reply: in 2371 + cached 48574, out 31 (+0 reasoning)
 1161.1s   tool bash: node /kit/rag.mjs entry character character_trait property_question rate measure
 1161.3s turn 124
 1163.8s   model reply: in 3020 + cached 48560, out 40 (+0 reasoning)
 1163.8s   tool bash: node /kit/rag.mjs search "close" "settled" "turnout" "vote" "referendum"
 1163.9s turn 125
 1167.1s   model reply: in 4457 + cached 48556, out 29 (+0 reasoning)
 1167.1s   tool bash: node /kit/rag.mjs entry decision group_size policy_document
 1167.3s turn 126
 1170.2s   model reply: in 4848 + cached 48541, out 34 (+0 reasoning)
 1170.2s   tool bash: node /kit/rag.mjs search "requires" "requirement" "condition" "agreement"
 1170.4s turn 127
 1172.9s   model reply: in 2027 + cached 52579, out 33 (+0 reasoning)
 1172.9s   tool bash: node /kit/rag.mjs search "between" "country" "unit_percent"
 1173.1s turn 128
 1176.5s   model reply: in 3031 + cached 52571, out 45 (+0 reasoning)
 1176.5s   tool bash: node /kit/rag.mjs search "role_agent" "beliefs" "personal_values" "constitutional_ai" "design_parameters"
 1176.7s turn 129
 1179.5s   model reply: in 4726 + cached 52570, out 43 (+0 reasoning)
 1179.5s   tool bash: node /kit/rag.mjs entry role possesses designed_to_be personal_values beliefs constitutional_ai design_parameters potential_harms
 1179.6s turn 130
 1182.5s   model reply: in 5475 + cached 52559, out 37 (+0 reasoning)
 1182.5s   tool bash: node /kit/rag.mjs search "question" "personal_opinions" "stance" "neutral"
 1182.7s turn 131
 1185.3s   model reply: in 2582 + cached 56596, out 30 (+0 reasoning)
 1185.3s   tool bash: node /kit/rag.mjs search "provides" "provides.actor"
 1185.5s turn 132
 1188.1s   model reply: in 3223 + cached 56583, out 34 (+0 reasoning)
 1188.1s   tool bash: node /kit/rag.mjs search "bionic_person" "interpersonal_stance"
 1188.3s turn 133
 1191.0s   model reply: in 3889 + cached 56571, out 43 (+0 reasoning)
 1191.0s   tool bash: node /kit/rag.mjs search "decline" "apologize" "ask" "confirm" "inform" "respond"
 1191.1s turn 134
 1193.6s   model reply: in 5759 + cached 56574, out 37 (+0 reasoning)
 1193.6s   tool bash: node /kit/rag.mjs search "country" "location" "scotland" "united_kingdom"
 1193.8s turn 135
 1196.6s   model reply: in 2957 + cached 60610, out 49 (+0 reasoning)
 1196.6s   tool bash: node /kit/rag.mjs search "claim_relation" "statement" "occurred_recently" "outcome" "prep_time" "works_best"
 1196.8s turn 136
 1199.7s   model reply: in 4882 + cached 60614, out 40 (+0 reasoning)
 1199.7s   tool bash: node /kit/rag.mjs search "referendum" "scottish" "turnout" "vote" "margin"
 1199.8s turn 137
