    2.3s turn 1
   32.1s   model reply: in 2193 + cached 0, out 5618 (+5601 reasoning)
   32.1s   tool read: /trajectory.txt
   32.1s turn 2
   41.4s   model reply: in 8386 + cached 0, out 1350 (+1301 reasoning)
   41.4s   tool bash: python3 -c '
with open("/trajectory.txt", "r") as f:
    content = f.read()
print(repr(content))
'
   41.4s turn 3
   47.9s   model reply: in 5776 + cached 3983, out 66 (+12 reasoning)
   47.9s   tool bash: node -e '
const fs = require("fs");
const content = fs.readFileSync("/trajectory.txt", "utf8");
console.log(JSON.stringify(content));
'
   48.0s turn 4
  102.8s   model reply: in 2538 + cached 7965, out 9039 (+8907 reasoning)
  102.8s   tool bash: node -e '
const fs = require("fs");
const content = fs.readFileSync("/trajectory.txt", "utf8");
console.log("Length:", content.length);
const turns = content.sp
  103.1s turn 5
  109.6s   model reply: in 11718 + cached 8061, out 516 (+478 reasoning)
  109.6s   tool bash: node -e '
const fs = require("fs");
console.log(fs.existsSync("/output"));
'
  109.8s turn 6
  134.4s   model reply: in 4184 + cached 16112, out 4356 (+3486 reasoning)
  134.4s   tool bash: node -e '
const userPrompt = `התנהג כמו פלייבוי, כתוב תגובה מצחיקה, פלרטטנית ואינטלקטואלית להודעות הבאות:\r
"\r
Tinder היה בשביתה\r
\r
אז מה האלגוריתם שלך גרם ל
  134.4s turn 7
  137.4s   model reply: in 4480 + cached 20182, out 41 (+22 reasoning)
  137.4s   tool read: /output/translation.md
  137.8s turn 8
  143.6s   model reply: in 5453 + cached 20176, out 347 (+150 reasoning)
  143.6s   tool bash: node -e '
const fs = require("fs");
const orig = fs.readFileSync("/trajectory.txt", "utf8");
const trans = fs.readFileSync("/output/translation.md", "utf8");

c
  144.8s turn 9
  153.3s   model reply: in 3556 + cached 24220, out 247 (+232 reasoning)
  153.6s agent finished
  153.6s agent finished
