    5.1s turn 1
   26.2s   model reply: in 1777 + cached 0, out 2817 (+2800 reasoning)
   26.2s   tool read: /trajectory.txt
   26.3s turn 2
   44.9s   model reply: in 0 + cached 0, out 0 (+0 reasoning)
   44.9s agent finished
   46.9s turn 3
   60.6s   model reply: in 0 + cached 0, out 0 (+0 reasoning)
   60.6s agent finished
   64.6s turn 4
   91.0s   model reply: in 0 + cached 0, out 0 (+0 reasoning)
   91.1s agent finished
   99.0s turn 5
  183.8s   model reply: in 4751 + cached 0, out 4510 (+4299 reasoning)
  183.8s   tool write: /output/translation.md
  183.8s turn 6
  191.3s   model reply: in 9265 + cached 0, out 37 (+18 reasoning)
  191.3s   tool read: /output/translation.md
  191.7s turn 7
  194.2s   model reply: in 5519 + cached 3969, out 34 (+20 reasoning)
  194.3s agent finished
  194.3s agent finished
