    2.0s turn 1
    9.8s   model reply: in 27547 + cached 0, out 1240 (+1192 reasoning)
    9.8s   tool bash: node /kit/rag.mjs search "compliment" "gratitude" "praise" "thank" "appreciation" "dedication" "assistance"
   10.1s turn 2
   13.0s   model reply: in 6327 + cached 24374, out 99 (+49 reasoning)
   13.0s   tool bash: node /kit/rag.mjs search "art_compliment" "compliment" "thank" "support" "project" "detail" "technical" "team"
   13.2s turn 3
   16.5s   model reply: in 4708 + cached 28435, out 81 (+51 reasoning)
   16.5s   tool bash: grep -E "\| speech_act \|" /reference/glossary.md
   16.5s turn 4
   22.4s   model reply: in 5278 + cached 28420, out 70 (+34 reasoning)
   22.4s   tool bash: grep -E "\| (constructor|composite|claim_relation) \|" /reference/glossary.md
   22.5s turn 5
   25.7s   model reply: in 3089 + cached 32475, out 110 (+66 reasoning)
   25.7s   tool bash: node /kit/rag.mjs search "tribute" "recognition" "feedback" "praise" "compliment" "kudos"
   25.9s turn 6
   29.8s   model reply: in 37299 + cached 0, out 81 (+42 reasoning)
   29.8s   tool bash: node /kit/rag.mjs entry attitude well_wishes greeting acknowledge apologize offer propose respond inform confirm decline express_interest
   29.9s turn 7
   40.2s   model reply: in 5719 + cached 32458, out 1553 (+1505 reasoning)
   40.2s   tool bash: node /kit/rag.mjs search "person" "name" "character" "gratitude" "appreciation" "contribution" "team" "commitment"
   40.4s turn 8
   43.4s   model reply: in 5517 + cached 36528, out 88 (+50 reasoning)
   43.4s   tool bash: node /kit/rag.mjs entry interpersonal_stance identity naming_pattern has_attribute attribute_claim character_trait
   43.6s turn 9
   47.3s   model reply: in 2423 + cached 40574, out 155 (+107 reasoning)
   47.3s   tool bash: node /kit/rag.mjs search "skill" "knowledge" "ability" "contribute" "effort" "reliable" "collaboration" "assistance"
   47.7s turn 10
   51.4s   model reply: in 45305 + cached 0, out 59 (+29 reasoning)
   51.4s   tool bash: grep -E "\| claim_relation \|" /reference/glossary.md
   51.6s turn 11
   54.8s   model reply: in 2668 + cached 44629, out 66 (+21 reasoning)
   54.8s   tool bash: node /kit/rag.mjs search "ongoing" "motivated_by" "noteworthy" "praised" "appreciated" "valuable"
   55.1s turn 12
   58.3s   model reply: in 4442 + cached 44624, out 60 (+23 reasoning)
   58.3s   tool bash: grep -E "\| claim_relation \|" /reference/glossary.md | tail -n +25
   58.4s turn 13
   68.4s   model reply: in 2370 + cached 48679, out 1401 (+1295 reasoning)
   68.4s   tool bash: node /kit/rag.mjs widen "write a compliment" --kind action
node /kit/rag.mjs widen "person named Arun" --kind object
node /kit/rag.mjs widen "highlight ongoing 
   69.8s turn 14
   73.1s   model reply: in 7093 + cached 48699, out 144 (+52 reasoning)
   73.1s   tool bash: node /kit/rag.mjs widen "praise Arun's ongoing support for the project as invaluable" --kind speech_act
node /kit/rag.mjs widen "praise Arun's attention to deta
   73.8s turn 15
   83.8s   model reply: in 0 + cached 0, out 0 (+0 reasoning)
   83.8s agent finished
   85.8s turn 16
   99.5s   model reply: in 0 + cached 0, out 0 (+0 reasoning)
   99.5s agent finished
  103.5s turn 17
  130.8s   model reply: in 0 + cached 0, out 0 (+0 reasoning)
  130.8s agent finished
  138.8s turn 18
  198.8s   model reply: in 2332 + cached 56825, out 163 (+57 reasoning)
  198.8s   tool bash: node /kit/rag.mjs widen "praise dedication and unwavering support for the project" --kind speech_act
node /kit/rag.mjs widen "express gratitude for valuable con
  200.5s turn 19
  214.4s   model reply: in 5760 + cached 56833, out 1991 (+1937 reasoning)
  214.4s   tool bash: node /kit/rag.mjs search "art_short_text" "content" "compliment" "praise" "support" "assistance" "substitute" "conjunction"
  214.7s turn 20
  231.2s   model reply: in 6145 + cached 60909, out 842 (+800 reasoning)
  231.2s   tool bash: node /kit/rag.mjs entry activity subject requirement include well_wishes greeting offer_help character identity important ongoing provides meets_needs
  231.6s turn 21
  241.3s   model reply: in 4928 + cached 64972, out 95 (+59 reasoning)
  241.4s   tool bash: node /kit/rag.mjs entry address_form dialogue statement request role possesses has_attribute attribute_claim
  242.0s turn 22
  256.1s   model reply: in 48345 + cached 0, out 105 (+55 reasoning)
  256.1s   tool bash: node /kit/rag.mjs search "attitude" "interpersonal" "sentiment" "gratitude" "praise" "thank" "appreciation" "effort"
  256.3s turn 23
  259.9s   model reply: in 5993 + cached 44715, out 108 (+70 reasoning)
  259.9s   tool bash: node /kit/rag.mjs entry attitude interpersonal_stance has_goal motivated_by associated_with outshines
  260.1s turn 24
  265.5s   model reply: in 51451 + cached 0, out 337 (+296 reasoning)
  265.5s   tool bash: node /kit/rag.mjs entry character_trait naming_pattern comfortable considered perceived_as focus_of distracts_from enables
  266.5s turn 25
  270.8s   model reply: in 3846 + cached 48753, out 212 (+159 reasoning)
  270.8s   tool bash: node /kit/rag.mjs search "compliment" "praise" "thank" "gratitude" "appreciation" "highlight" "support" "knowledge" "detail"
  271.2s turn 26
  284.8s   model reply: in 6616 + cached 48754, out 2421 (+2397 reasoning)
  284.8s   tool bash: node /kit/rag.mjs check --help
  284.9s turn 27
  317.3s   model reply: in 57807 + cached 0, out 5295 (+3943 reasoning)
  317.3s   tool write: /output/translation.md
  317.3s turn 28
  321.0s   model reply: in 6213 + cached 56893, out 53 (+23 reasoning)
  321.0s   tool bash: node /kit/rag.mjs check --translation /output/translation.md
  321.2s turn 29
  334.9s   model reply: in 2794 + cached 60940, out 1581 (+1544 reasoning)
  334.9s   tool bash: node /kit/rag.mjs entry role_user role_agent role_colleague role_support_team
  335.0s turn 30
  381.0s   model reply: in 4580 + cached 60934, out 7621 (+5858 reasoning)
  381.0s   tool write: /output/translation.md
  381.0s turn 31
  397.8s   model reply: in 53370 + cached 0, out 53 (+23 reasoning)
  397.8s   tool bash: node /kit/rag.mjs check --translation /output/translation.md
  398.0s turn 32
  412.6s   model reply: in 5208 + cached 48736, out 1878 (+1848 reasoning)
  412.6s   tool bash: node /kit/rag.mjs check --translation /output/translation.md
  412.7s turn 33
  417.1s   model reply: in 3547 + cached 52796, out 104 (+12 reasoning)
  417.1s agent finished
  417.1s agent finished
