   11.1s turn 1
   20.5s   model reply: in 3 + cached 0, out 594 (+329 reasoning)
   20.5s   tool bash: node /kit/rag.mjs entry search_travel search_transit select_option type_text click web_element location_spec group_size duration time_point subject activity obl
   20.5s   tool bash: node /kit/rag.mjs widen "one-way nonstop flight origin destination travel date airline passenger counts morning flight deal" --kind constraint
   20.5s   tool bash: node /kit/rag.mjs widen "recorded UI interactions click flight search form enter locations select date passengers submit and view deal" --kind action
   20.5s   tool bash: node /kit/rag.mjs widen "user requests finding and viewing a flight deal" --kind speech_act
   20.5s   tool bash: node /kit/rag.mjs search "airline filter nonstop one-way flight passenger count morning departure date travel constraint" "identify UI element reference from la
   26.0s turn 2
   37.4s   model reply: in 3 + cached 28790, out 955 (+677 reasoning)
   37.4s   tool bash: node /kit/rag.mjs widen "one-way single direction flight only no return trip constraint" --kind constraint
   37.4s   tool bash: node /kit/rag.mjs widen "nonstop direct flight with zero stops or layovers" --kind constraint
   37.4s   tool bash: node /kit/rag.mjs widen "two adult passengers and one senior passenger traveler categories" --kind constraint
   37.4s   tool bash: node /kit/rag.mjs widen "United Airlines carrier airline restriction flight" --kind constraint
   37.4s   tool bash: node /kit/rag.mjs entry ask request requirement group_size time_point web_element click type_text select_option press_key open_page
   37.4s   tool bash: node /kit/rag.mjs search "flight as transport kind class flight air travel" "carrier airline named airline constraint" "direct nonstop no layovers requirement" 
   44.6s turn 3
   93.0s   model reply: in 3 + cached 38309, out 5153 (+3218 reasoning)
   93.0s   tool write: /output/translation.md
   93.0s turn 4
   94.7s   model reply: in 3 + cached 48302, out 36 (+0 reasoning)
   94.7s   tool bash: node /kit/rag.mjs check --translation /output/translation.md
   95.9s turn 5
  110.2s   model reply: in 3 + cached 53473, out 1295 (+997 reasoning)
  110.2s   tool bash: node /kit/rag.mjs widen "search for flights" --kind action
  110.2s   tool bash: node /kit/rag.mjs widen "nonstop flight" --kind constraint
  110.2s   tool bash: node /kit/rag.mjs widen "origin city San Francisco" --kind object
  110.2s   tool bash: node /kit/rag.mjs widen "destination city San Diego" --kind object
  110.2s   tool bash: node /kit/rag.mjs widen "morning departure flight" --kind constraint
  110.2s   tool bash: node /kit/rag.mjs widen "select departure date July 1 2023" --kind action
  110.2s   tool bash: node /kit/rag.mjs widen "submit flight search" --kind action
  110.2s   tool bash: node /kit/rag.mjs widen "filter search results by United Airlines" --kind action
  119.8s turn 6
  192.5s   model reply: in 3 + cached 53888, out 7256 (+4864 reasoning)
  192.6s   tool write: /output/translation.md
  192.7s turn 7
  201.0s   model reply: in 3 + cached 67152, out 752 (+67 reasoning)
  201.0s   tool write: /output/suggestions.md
  201.0s turn 8
  202.9s   model reply: in 3 + cached 74426, out 36 (+0 reasoning)
  202.9s   tool bash: node /kit/rag.mjs check --translation /output/translation.md
  204.3s turn 9
  222.1s   model reply: in 3 + cached 1037, out 263 (+178 reasoning)
  222.2s agent finished
  222.2s agent finished
