    1.6s turn 1
   15.1s   model reply: in 14598 + cached 0, out 1997 (+1974 reasoning)
   15.1s   tool bash: ls -la /
ls -la /workspace
   15.1s turn 2
   18.2s   model reply: in 5322 + cached 12111, out 38 (+18 reasoning)
   18.2s   tool bash: ls -la /kit /reference
   18.2s turn 3
   21.2s   model reply: in 5751 + cached 12100, out 50 (+29 reasoning)
   21.2s   tool bash: cat /reference/examples.jsonl
   21.2s turn 4
   26.0s   model reply: in 2940 + cached 16131, out 324 (+69 reasoning)
   26.0s   tool bash: node -e '
const fs = require("fs");
const lines = fs.readFileSync("/reference/glossary.jsonl", "utf8").trim().split("\n");
const symbols = ["interpersonal_stanc
   26.1s turn 5
   29.0s   model reply: in 3280 + cached 16118, out 53 (+27 reasoning)
   29.0s   tool bash: head -n 5 /reference/glossary.jsonl
   29.0s turn 6
   33.2s   model reply: in 4143 + cached 16111, out 290 (+18 reasoning)
   33.2s   tool bash: node -e '
const fs = require("fs");
const lines = fs.readFileSync("/reference/glossary.jsonl", "utf8").trim().split("\n");
const symbols = ["interpersonal_stanc
   33.3s turn 7
   37.3s   model reply: in 5587 + cached 16113, out 254 (+48 reasoning)
   37.3s   tool bash: node -e '
const fs = require("fs");
const lines = fs.readFileSync("/reference/glossary.jsonl", "utf8").trim().split("\n");
for (const line of lines) {
  const o
   37.3s turn 8
   41.0s   model reply: in 5857 + cached 16100, out 51 (+31 reasoning)
   41.0s   tool bash: cat /kit/README.md
   41.0s turn 9
   43.8s   model reply: in 3045 + cached 20125, out 70 (+38 reasoning)
   43.8s   tool bash: ls -la /rag_context.md /needs.json /item_raw.txt
   43.8s turn 10
   78.2s   model reply: in 3186 + cached 20108, out 5077 (+5051 reasoning)
   78.2s   tool bash: find / -name "*prism*" 2>/dev/null
   78.2s turn 11
   86.6s   model reply: in 8223 + cached 20158, out 55 (+34 reasoning)
   86.6s   tool bash: cat /kit/rag.mjs
   86.7s turn 12
   89.7s   model reply: in 5776 + cached 24193, out 45 (+23 reasoning)
   89.7s   tool bash: node /kit/rag.mjs health
   89.8s turn 13
   93.9s   model reply: in 5934 + cached 24169, out 169 (+105 reasoning)
   93.9s   tool bash: node /kit/rag.mjs entry personal_values role_adults role_agent interpersonal_stance designed_to_be meets_needs unaware varies_with controversial attitude tempor
   94.0s turn 14
   98.4s   model reply: in 32277 + cached 0, out 103 (+51 reasoning)
   98.4s   tool bash: node /kit/rag.mjs entry rule_category_descriptive_value rule_category_recipient_value rule_support_primitives_general rule_trace_relations_general
   98.5s turn 15
  102.9s   model reply: in 4479 + cached 28197, out 210 (+103 reasoning)
  102.9s   tool bash: node -e '
const fs = require("fs");
const lines = fs.readFileSync("/reference/glossary.jsonl", "utf8").trim().split("\n");
for (const line of lines) {
  const o
  102.9s turn 16
  169.1s   model reply: in 5987 + cached 28200, out 12585 (+12384 reasoning)
  169.1s   tool write: /output/reconstruction.md
  169.1s turn 17
  176.1s   model reply: in 14423 + cached 32354, out 46 (+26 reasoning)
  176.1s   tool read: /output/reconstruction.md
  176.1s turn 18
  187.4s   model reply: in 2529 + cached 44469, out 115 (+91 reasoning)
  187.4s agent finished
  187.4s agent finished
