    1.9s turn 1
   12.0s   model reply: in 31067 + cached 0, out 1083 (+1035 reasoning)
   12.0s   tool bash: node /kit/rag.mjs search "character_trait" "attribute_claim" "leads_to" "enables" "negation" "statement"
   12.2s turn 2
   22.2s   model reply: in 5693 + cached 28460, out 102 (+64 reasoning)
   22.2s   tool bash: node /kit/rag.mjs entry attribute_claim has_attribute character character_trait leads_to statement negation ask
   22.4s turn 3
   27.5s   model reply: in 2654 + cached 32512, out 82 (+39 reasoning)
   27.5s   tool bash: node /kit/rag.mjs search "implication" "condition" "evaluates" "conjunction" "rule" "property"
   27.6s turn 4
   32.1s   model reply: in 36926 + cached 0, out 60 (+30 reasoning)
   32.1s   tool bash: node /kit/rag.mjs entry conjunction property_question possesses constrained_by
   32.2s turn 5
   36.4s   model reply: in 5000 + cached 32490, out 110 (+69 reasoning)
   36.4s   tool bash: node /kit/rag.mjs search "theory" "truth value" "unknown" "evaluation" "logic" "rule"
   36.5s turn 6
   43.2s   model reply: in 2652 + cached 36545, out 41 (+15 reasoning)
   43.2s   tool bash: node /kit/rag.mjs entry conditional block_evaluation
   43.4s turn 7
   47.8s   model reply: in 2887 + cached 36526, out 85 (+47 reasoning)
   47.8s   tool bash: grep -E "^\| [a-z0-9_]+ \| constructor \|" /reference/glossary.md
   47.9s turn 8
   55.5s   model reply: in 4772 + cached 36522, out 179 (+137 reasoning)
   55.5s   tool bash: node /kit/rag.mjs search "universal" "quantifier" "someone" "person" "kind" "furry"
   55.6s turn 9
   60.8s   model reply: in 2524 + cached 40575, out 69 (+29 reasoning)
   60.8s   tool bash: grep -E "^\| [a-z0-9_]+ \| claim_relation \|" /reference/glossary.md
   60.9s turn 10
   65.0s   model reply: in 4528 + cached 40573, out 135 (+85 reasoning)
   65.0s   tool bash: grep -E "^\| [a-z0-9_]+ \| constructor \|" /reference/glossary.md | awk -F'|' '{print $2}'
   65.1s turn 11
   69.8s   model reply: in 5053 + cached 40558, out 64 (+12 reasoning)
   69.8s   tool bash: grep -E "^\| [a-z0-9_]+ \| claim_relation \|" /reference/glossary.md | awk -F'|' '{print $2}'
   69.9s turn 12
   74.6s   model reply: in 5404 + cached 40541, out 66 (+14 reasoning)
   74.6s   tool bash: grep -E "^\| [a-z0-9_]+ \| speech_act \|" /reference/glossary.md | awk -F'|' '{print $2}'
   74.7s turn 13
  101.2s   model reply: in 5522 + cached 40523, out 61 (+11 reasoning)
  101.2s   tool bash: grep -E "^\| [a-z0-9_]+ \| link \|" /reference/glossary.md | awk -F'|' '{print $2}'
  101.3s turn 14
  110.0s   model reply: in 5616 + cached 40505, out 57 (+17 reasoning)
  110.0s   tool bash: node /kit/rag.mjs entry lexical_label character_trait character attribute_claim has_attribute statement conditional conjunction negation ask
  110.1s turn 15
  125.3s   model reply: in 3059 + cached 44550, out 713 (+688 reasoning)
  125.3s   tool bash: grep -ri "proofwriter" /reference/ || true
  125.3s turn 16
  141.2s   model reply: in 3787 + cached 44538, out 1169 (+1139 reasoning)
  141.2s   tool bash: node /kit/rag.mjs widen "Bob is green" --kind claim
  141.4s turn 17
  178.4s   model reply: in 6073 + cached 44542, out 240 (+204 reasoning)
  178.4s   tool bash: node /kit/rag.mjs entry has_attribute attribute_claim character_trait character subject conditional conjunction negation
  178.5s turn 18
  186.3s   model reply: in 3456 + cached 48586, out 844 (+813 reasoning)
  186.3s   tool bash: grep -i "proofwriter" -r / 2>/dev/null || true
  186.4s turn 19
  192.0s   model reply: in 4314 + cached 48575, out 329 (+292 reasoning)
  192.0s   tool bash: grep -E "constructor \| TERM [a-z0-9_]+\(" /reference/glossary.md
  192.1s turn 20
  196.7s   model reply: in 2388 + cached 52626, out 62 (+17 reasoning)
  196.7s   tool bash: tail -n +200 /reference/glossary.md | grep -E "constructor \| TERM [a-z0-9_]+\("
  196.7s turn 21
  200.9s   model reply: in 2480 + cached 52606, out 40 (+17 reasoning)
  200.9s   tool bash: wc -l /reference/glossary.md
  200.9s turn 22
  204.5s   model reply: in 2550 + cached 52586, out 37 (+10 reasoning)
  204.5s   tool bash: grep -n "| constructor |" /reference/glossary.md
  204.6s turn 23
  207.6s   model reply: in 4374 + cached 52586, out 56 (+23 reasoning)
  207.6s   tool bash: sed -n '113,170p' /reference/glossary.md
  207.6s turn 24
  213.4s   model reply: in 2220 + cached 56633, out 48 (+15 reasoning)
  213.4s   tool bash: sed -n '137,175p' /reference/glossary.md
  213.4s turn 25
  216.8s   model reply: in 4020 + cached 56634, out 56 (+23 reasoning)
  216.8s   tool bash: sed -n '170,195p' /reference/glossary.md
  216.9s turn 26
  232.3s   model reply: in 5292 + cached 56628, out 1807 (+1782 reasoning)
  232.3s   tool bash: node /kit/rag.mjs entry role_user
  232.6s turn 27
  235.9s   model reply: in 3098 + cached 60675, out 64 (+36 reasoning)
  235.9s   tool bash: grep -E "recipient-value" /reference/glossary.md
  236.0s turn 28
  246.0s   model reply: in 3847 + cached 60663, out 1253 (+1227 reasoning)
  246.0s   tool bash: node /kit/rag.mjs check --help || true
  246.1s turn 29
  260.2s   model reply: in 5116 + cached 60657, out 1735 (+1680 reasoning)
  260.2s   tool bash: node /kit/rag.mjs search "character_trait" "requirement" "subject" "test_condition" "lexical_label" "conditional" "conjunction" "negation"
  260.4s turn 30
  295.4s   model reply: in 5520 + cached 64734, out 2226 (+2174 reasoning)
  295.4s   tool bash: grep -E "^\| [a-z0-9_]+ \| constructor \|" /reference/glossary.md | cut -d'|' -f2,4,5
  295.6s turn 31
  314.8s   model reply: in 0 + cached 0, out 0 (+0 reasoning)
  314.8s agent finished
  316.8s turn 32
  345.5s   model reply: in 0 + cached 0, out 0 (+0 reasoning)
  345.5s agent finished
  349.5s turn 33
  414.1s   model reply: in 48559 + cached 0, out 67 (+11 reasoning)
  414.1s   tool bash: grep -E "^\| [j-z][a-z0-9_]+ \| constructor \|" /reference/glossary.md | cut -d'|' -f2,4,5
  414.2s turn 34
  421.5s   model reply: in 5686 + cached 44674, out 81 (+27 reasoning)
  421.5s   tool bash: grep -E "^\| [a-z0-9_]+ \| claim_relation \|" /reference/glossary.md | cut -d'|' -f2,4,5
  421.6s turn 35
  430.8s   model reply: in 3555 + cached 48730, out 72 (+14 reasoning)
  430.8s   tool bash: grep -E "^\| [q-z][a-z0-9_]+ \| claim_relation \|" /reference/glossary.md | cut -d'|' -f2,4,5
  430.9s turn 36
  445.5s   model reply: in 4306 + cached 48716, out 2931 (+2800 reasoning)
  445.5s   tool bash: node /kit/rag.mjs widen "introduce a logical theory or set of facts" --kind speech_act
node /kit/rag.mjs widen "base the evaluation only on the provided theory"
  447.1s turn 37
  451.5s   model reply: in 6305 + cached 52804, out 65 (+38 reasoning)
  451.5s   tool bash: node /kit/rag.mjs entry constraint_single_choice
  451.7s turn 38
  456.7s   model reply: in 2475 + cached 56847, out 122 (+95 reasoning)
  456.7s   tool bash: find / -name "*proofwriter*" 2>/dev/null
  456.8s turn 39
  463.5s   model reply: in 2627 + cached 56827, out 58 (+13 reasoning)
  463.5s   tool bash: find / -name "*.md" -o -name "*.jsonl" 2>/dev/null | grep -E "translations|reference|examples"
  463.5s turn 40
  471.8s   model reply: in 2715 + cached 56807, out 33 (+16 reasoning)
  471.8s   tool bash: ls -la /
  471.9s turn 41
  483.5s   model reply: in 3643 + cached 56795, out 1726 (+1687 reasoning)
  483.5s   tool bash: node /kit/rag.mjs entry has_attribute attribute_claim character_trait conditional conjunction negation statement ask property_question
  483.6s turn 42
  487.8s   model reply: in 6391 + cached 56799, out 60 (+35 reasoning)
  487.8s   tool bash: node /kit/rag.mjs entry test_condition
  488.3s turn 43
  491.7s   model reply: in 2480 + cached 60836, out 85 (+48 reasoning)
  491.7s   tool bash: node /kit/rag.mjs search "question" "evaluation" "theory" "logic" "rule"
  491.9s turn 44
  512.8s   model reply: in 3913 + cached 60829, out 3920 (+1973 reasoning)
  512.8s   tool write: /output/translation.md
  512.8s turn 45
  516.2s   model reply: in 7825 + cached 60841, out 53 (+23 reasoning)
  516.2s   tool bash: node /kit/rag.mjs check --translation /output/translation.md
  516.3s turn 46
  537.6s   model reply: in 4500 + cached 64883, out 3692 (+1568 reasoning)
  537.6s   tool write: /output/translation.md
  537.6s turn 47
  549.2s   model reply: in 53032 + cached 0, out 53 (+23 reasoning)
  549.2s   tool bash: node /kit/rag.mjs check --translation /output/translation.md
  549.3s turn 48
  575.6s   model reply: in 5053 + cached 48675, out 4593 (+2327 reasoning)
  575.6s   tool write: /output/translation.md
  575.7s turn 49
  579.0s   model reply: in 5577 + cached 52748, out 53 (+23 reasoning)
  579.0s   tool bash: node /kit/rag.mjs check --translation /output/translation.md
  579.2s turn 50
  584.2s   model reply: in 2230 + cached 56791, out 333 (+118 reasoning)
  584.2s agent finished
  584.2s agent finished
