    3.7s turn 1
   15.6s   model reply: in 34443 + cached 0, out 1442 (+1349 reasoning)
   15.6s   tool bash: node /kit/rag.mjs entry greeting acknowledge ask confirm correct decline express_interest inform offer propose respond activity sequence conjunction decision ob
   15.8s turn 2
   19.3s   model reply: in 5369 + cached 32549, out 102 (+26 reasoning)
   19.3s   tool bash: node /kit/rag.mjs entry provides request role recommended designed_to_be ongoing art_story art_plan art_structured_report art_character_profile character charac
   19.4s turn 3
   33.5s   model reply: in 3440 + cached 36611, out 1946 (+1903 reasoning)
   33.5s   tool bash: node /kit/rag.mjs search "fanfiction" "writer block" "fandom" "thank" "outline" "template"
   33.7s turn 4
   41.7s   model reply: in 7039 + cached 36614, out 756 (+724 reasoning)
   41.7s   tool bash: node /kit/rag.mjs search "greeting" "salutation" "Bonjour"
   41.8s turn 5
   48.5s   model reply: in 4650 + cached 40672, out 66 (+40 reasoning)
   48.5s   tool bash: grep -i "greeting" /reference/glossary.md
   48.5s turn 6
   53.2s   model reply: in 45503 + cached 0, out 44 (+16 reasoning)
   53.2s   tool bash: grep -i "speech_act" /reference/glossary.md
   53.3s turn 7
   61.9s   model reply: in 5432 + cached 40638, out 785 (+744 reasoning)
   61.9s   tool bash: node /kit/rag.mjs search "planning" "story" "character" "worldbuilding" "routine" "structure"
   62.6s turn 8
   93.5s   model reply: in 3947 + cached 44701, out 4462 (+4440 reasoning)
   93.5s   tool bash: node /kit/rag.mjs check
   93.5s turn 9
  154.7s   model reply: in 8414 + cached 44712, out 9588 (+6957 reasoning)
  154.8s   tool write: /output/translation.md
  155.2s turn 10
  158.8s   model reply: in 9836 + cached 52882, out 54 (+24 reasoning)
  158.8s   tool bash: node /kit/rag.mjs check --translation /output/translation.md
  159.4s turn 11
  204.7s   model reply: in 2882 + cached 61004, out 7497 (+4860 reasoning)
  204.7s   tool write: /output/translation.md
  204.8s turn 12
  215.0s   model reply: in 60484 + cached 0, out 53 (+23 reasoning)
  215.0s   tool bash: node /kit/rag.mjs check --translation /output/translation.md
  215.2s turn 13
  222.8s   model reply: in 4651 + cached 57000, out 818 (+613 reasoning)
  222.9s agent finished
  222.9s agent finished
