    2.0s turn 1
    8.3s   model reply: in 11194 + cached 0, out 621 (+604 reasoning)
    8.3s   tool bash: ls -la /
    8.3s turn 2
   12.2s   model reply: in 4567 + cached 8030, out 39 (+19 reasoning)
   12.2s   tool bash: ls -la /kit /reference
   12.3s turn 3
   15.2s   model reply: in 13016 + cached 0, out 58 (+37 reasoning)
   15.2s   tool bash: cat /reference/examples.jsonl
   15.3s turn 4
   25.7s   model reply: in 2208 + cached 12036, out 1237 (+1215 reasoning)
   25.7s   tool bash: rg -i "mind2web" /
   25.7s turn 5
   33.5s   model reply: in 3464 + cached 12039, out 44 (+10 reasoning)
   33.5s   tool bash: grep -rnw '/reference' -e 'web_element' -e 'select_filter'
   33.5s turn 6
   36.6s   model reply: in 3961 + cached 12030, out 45 (+23 reasoning)
   36.6s   tool bash: cat /kit/needs_prompt.md
   36.6s turn 7
   39.8s   model reply: in 4688 + cached 12026, out 36 (+18 reasoning)
   39.8s   tool bash: cat /prompt.md
   39.8s turn 8
   58.1s   model reply: in 5197 + cached 12018, out 2380 (+2355 reasoning)
   58.1s   tool bash: node /kit/rag.mjs search "song"
   58.3s turn 9
   61.2s   model reply: in 3856 + cached 16055, out 35 (+10 reasoning)
   61.2s   tool bash: node /kit/rag.mjs entry "request"
   61.3s turn 10
   64.5s   model reply: in 3971 + cached 16039, out 50 (+23 reasoning)
   64.5s   tool bash: node /kit/rag.mjs entry "select_filter"
   64.6s turn 11
   68.0s   model reply: in 4112 + cached 16024, out 35 (+10 reasoning)
   68.0s   tool bash: node /kit/rag.mjs entry "then"
   68.1s turn 12
   71.1s   model reply: in 8234 + cached 12006, out 35 (+10 reasoning)
   71.1s   tool bash: node /kit/rag.mjs entry "include"
   71.3s turn 13
   74.8s   model reply: in 4340 + cached 15993, out 39 (+12 reasoning)
   74.8s   tool bash: node /kit/rag.mjs entry "constraint_beginner"
   74.9s turn 14
  100.4s   model reply: in 4532 + cached 15980, out 3580 (+3523 reasoning)
  100.4s   tool write: /output/reconstruction.md
  100.4s turn 15
  103.5s   model reply: in 4070 + cached 20027, out 39 (+19 reasoning)
  103.5s   tool read: /output/reconstruction.md
  103.5s turn 16
  107.0s   model reply: in 4156 + cached 20011, out 119 (+104 reasoning)
  107.0s agent finished
  107.0s agent finished
