    2.9s turn 1
   10.1s   model reply: in 26862 + cached 0, out 744 (+703 reasoning)
   10.1s   tool bash: node /kit/rag.mjs entry type_text click web_element request ask requirement search_web apply_filters select_filter
   10.2s turn 2
   18.7s   model reply: in 4733 + cached 24363, out 54 (+18 reasoning)
   18.7s   tool bash: node /kit/rag.mjs search "job search" "jobs" "certificate" "clearance"
   18.8s turn 3
   22.6s   model reply: in 5928 + cached 24354, out 62 (+31 reasoning)
   22.6s   tool bash: node /kit/rag.mjs search "browse" "filter" "search"
   22.7s turn 4
   26.7s   model reply: in 2837 + cached 28401, out 85 (+61 reasoning)
   26.7s   tool bash: node /kit/rag.mjs entry request ask
   26.8s turn 5
   29.9s   model reply: in 3077 + cached 28383, out 38 (+10 reasoning)
   29.9s   tool bash: grep -i "speech_act" /reference/glossary.md
   30.0s turn 6
   33.3s   model reply: in 3652 + cached 28369, out 40 (+12 reasoning)
   33.3s   tool bash: grep -i "claim_relation" /reference/glossary.md
   33.4s turn 7
   42.1s   model reply: in 5626 + cached 28368, out 892 (+867 reasoning)
   42.1s   tool bash: node /kit/rag.mjs entry web_element
   42.3s turn 8
   45.7s   model reply: in 2557 + cached 32410, out 60 (+34 reasoning)
   45.7s   tool bash: grep "web_element" /reference/glossary.md
   45.7s turn 9
   52.4s   model reply: in 2698 + cached 32391, out 584 (+551 reasoning)
   52.4s   tool bash: grep -E "CLAIM request\(|UTTER ask\(" /reference/glossary.md
   52.5s turn 10
   56.0s   model reply: in 3554 + cached 32380, out 38 (+11 reasoning)
   56.0s   tool bash: grep -E "\| example_" /reference/glossary.md
   56.1s turn 11
   60.8s   model reply: in 4690 + cached 32373, out 61 (+35 reasoning)
   60.8s   tool bash: node /kit/rag.mjs entry activity requirement subject sequence
   61.0s turn 12
   65.7s   model reply: in 6068 + cached 32368, out 320 (+224 reasoning)
   65.7s   tool bash: node /kit/rag.mjs widen "User requests to search and filter job postings" --kind speech_act
node /kit/rag.mjs widen "Browse or search job listings" --kind actio
   66.4s turn 13
   85.5s   model reply: in 5552 + cached 36433, out 1983 (+1957 reasoning)
   85.5s   tool bash: grep -i "constructor" /reference/glossary.md
   85.6s turn 14
   97.4s   model reply: in 5226 + cached 40501, out 1762 (+879 reasoning)
   97.4s   tool bash: cat << 'EOF' > /output/translation.md
Status: success
Mode: TRACE

## BrainCode

```braincode
MODE TRACE
ENTRYPOINT Conversation
CONVO Conversation {
  TURN t1 
   97.5s turn 15
  103.6s   model reply: in 3276 + cached 44552, out 653 (+607 reasoning)
  103.6s   tool bash: node -e '
const fs = require("fs");
const rag = require("/kit/rag.mjs");
' 2>&1 || true
  103.7s turn 16
  106.7s   model reply: in 4344 + cached 44543, out 61 (+24 reasoning)
  106.7s   tool bash: node -e 'import("/kit/rag.mjs").then(m => console.log(m))'
  106.7s turn 17
  109.8s   model reply: in 4461 + cached 44525, out 62 (+31 reasoning)
  109.8s   tool bash: grep -n -C 20 "DECL" /kit/rag.mjs
  109.9s turn 18
  113.0s   model reply: in 4552 + cached 44506, out 62 (+12 reasoning)
  113.0s   tool bash: grep -n "Coverage check" /kit/*.mjs /kit/*.js /kit/*.py 2>/dev/null || grep -rn "Coverage check" /kit/
  113.1s turn 19
  115.9s   model reply: in 4643 + cached 44487, out 38 (+12 reasoning)
  115.9s   tool bash: grep -n "check" /kit/rag.mjs
  115.9s turn 20
  134.0s   model reply: in 4820 + cached 44469, out 1218 (+1028 reasoning)
  134.0s   tool bash: cat << 'EOF' > /output/translation.md
Status: success
Mode: TRACE

## BrainCode

```braincode
MODE TRACE
ENTRYPOINT Conversation
CONVO Conversation {
  TURN t1 
  134.1s turn 21
  148.3s   model reply: in 2361 + cached 48511, out 2635 (+1748 reasoning)
  148.3s   tool bash: cat << 'EOF' > /output/translation.md
Status: success
Mode: TRACE

## BrainCode

```braincode
MODE TRACE
ENTRYPOINT Conversation
CONVO Conversation {
  TURN t1 
  148.5s turn 22
  165.8s   model reply: in 0 + cached 0, out 0 (+0 reasoning)
  165.8s agent finished
  167.8s turn 23
  181.5s   model reply: in 0 + cached 0, out 0 (+0 reasoning)
  181.5s agent finished
  185.5s turn 24
  197.0s   model reply: in 0 + cached 0, out 0 (+0 reasoning)
  197.0s agent finished
  205.0s turn 25
  227.5s   model reply: in 0 + cached 0, out 0 (+0 reasoning)
  227.5s agent finished
  243.5s turn 26
  298.9s   model reply: in 53846 + cached 0, out 391 (+102 reasoning)
  298.9s agent finished
  298.9s agent finished
