    2.0s turn 1
    5.3s   model reply: in 14694 + cached 0, out 94 (+77 reasoning)
    5.3s   tool read: /trajectory.txt
    5.3s turn 2
    8.0s   model reply: in 4092 + cached 12098, out 60 (+43 reasoning)
    8.0s   tool bash: ls -la /
    8.1s turn 3
   10.8s   model reply: in 4941 + cached 12092, out 34 (+14 reasoning)
   10.8s   tool bash: ls -la /kit /reference
   10.8s turn 4
   14.0s   model reply: in 5366 + cached 12081, out 54 (+34 reasoning)
   14.0s   tool read: /reference/examples.jsonl
   14.1s turn 5
   17.2s   model reply: in 2564 + cached 16107, out 44 (+25 reasoning)
   17.2s   tool read: /kit/README.md
   17.2s turn 6
   19.9s   model reply: in 3771 + cached 16106, out 48 (+31 reasoning)
   19.9s   tool bash: ls -la /
   20.0s turn 7
   22.5s   model reply: in 4608 + cached 16100, out 29 (+12 reasoning)
   22.5s   tool read: /prompt.md
   22.6s turn 8
   42.2s   model reply: in 5110 + cached 16091, out 3444 (+3401 reasoning)
   42.2s   tool bash: node /kit/rag.mjs entry activity ask lexical_label propose propose_menu menu_works user_preference offer offer_help include requirement
   42.8s turn 9
   73.9s   model reply: in 6353 + cached 20169, out 5416 (+5215 reasoning)
   73.9s   tool write: /output/reconstruction.md
   73.9s turn 10
   77.3s   model reply: in 7697 + cached 24246, out 55 (+35 reasoning)
   77.3s   tool read: /output/reconstruction.md
   77.3s turn 11
   80.3s   model reply: in 3902 + cached 28271, out 38 (+19 reasoning)
   80.3s agent finished
   80.3s agent finished
