    1.8s turn 1
   11.5s   model reply: in 31869 + cached 0, out 1235 (+1182 reasoning)
   11.5s   tool bash: node /kit/rag.mjs search "chases" "eats" "likes" "young" "cold" "round" "if then" "implication" "universal"
   11.8s turn 2
   15.4s   model reply: in 35670 + cached 0, out 49 (+16 reasoning)
   15.4s   tool bash: node /kit/rag.mjs entry conditional activity statement attribute_claim has_state rule negation
   15.5s turn 3
   21.0s   model reply: in 4534 + cached 32525, out 74 (+27 reasoning)
   21.0s   tool bash: node /kit/rag.mjs search "universal quantification" "all" "property" "attribute" "theory" "rule" "question" "evaluate"
   21.1s turn 4
   25.7s   model reply: in 2730 + cached 36586, out 101 (+66 reasoning)
   25.7s   tool bash: node /kit/rag.mjs entry has_attribute property_question conjunction conditional negation test_condition statement
   26.4s turn 5
   30.6s   model reply: in 3452 + cached 36571, out 130 (+83 reasoning)
   30.6s   tool bash: node /kit/rag.mjs search "character_trait" "trait" "cold" "young" "likes" "eats" "chases"
   30.8s turn 6
   35.0s   model reply: in 5705 + cached 36568, out 298 (+272 reasoning)
   35.0s   tool bash: node /kit/rag.mjs entry character_trait character
   35.2s turn 7
   38.2s   model reply: in 2085 + cached 40613, out 88 (+47 reasoning)
   38.2s   tool bash: grep -E "\| (constructor|claim_relation) \|" /reference/glossary.md | head -n 40
   38.3s turn 8
   49.8s   model reply: in 3974 + cached 40608, out 1298 (+1250 reasoning)
   49.8s   tool bash: node /kit/rag.mjs search "state" "attribute" "trait" "property" "negation" "activity" "rule" "premise"
   50.0s turn 9
   57.6s   model reply: in 7601 + cached 40616, out 174 (+134 reasoning)
   57.6s   tool bash: node /kit/rag.mjs entry has_attribute has_state statement activity conditional conjunction negation state_cold shape_round dog
   57.8s turn 10
   65.7s   model reply: in 5055 + cached 44669, out 506 (+478 reasoning)
   65.7s   tool bash: node /kit/rag.mjs entry lexical_label entity attribute requirement
   65.9s turn 11
   75.0s   model reply: in 2265 + cached 48720, out 103 (+59 reasoning)
   75.0s   tool bash: node /kit/rag.mjs search "theory" "premise" "truth" "unknown" "evaluation" "logic" "predicate"
   75.3s turn 12
   89.4s   model reply: in 4203 + cached 48715, out 2146 (+2114 reasoning)
   89.4s   tool bash: grep -rn "proofwriter" /reference /kit 2>/dev/null || true
   89.5s turn 13
   93.9s   model reply: in 2295 + cached 52772, out 122 (+53 reasoning)
   93.9s   tool bash: grep -E "\| (test_condition|conditional|conjunction|negation|activity|statement|has_state|has_attribute|attribute_claim|ask|inform|property_question|lexical_lab
   94.0s turn 14
   98.1s   model reply: in 3278 + cached 52760, out 89 (+67 reasoning)
   98.1s   tool bash: node /kit/rag.mjs check
   98.1s turn 15
  103.2s   model reply: in 3403 + cached 52740, out 217 (+32 reasoning)
  103.2s   tool bash: node /kit/rag.mjs widen "the bear is young" --kind claim
node /kit/rag.mjs widen "the tiger is cold" --kind claim
node /kit/rag.mjs widen "if something likes th
  105.0s turn 16
  113.1s   model reply: in 6995 + cached 52751, out 781 (+753 reasoning)
  113.1s   tool bash: grep -rn "shape_round" /reference/glossary.md
  113.5s turn 17
  118.6s   model reply: in 3808 + cached 56796, out 64 (+38 reasoning)
  118.6s   tool bash: grep -rn "shape" /reference/glossary.md
  121.2s turn 18
  137.0s   model reply: in 4331 + cached 56780, out 1848 (+997 reasoning)
  137.0s   tool bash: cat << 'EOF' > /output/translation.md
Status: success
Mode: REQUEST

## BrainCode

```braincode
MODE REQUEST
ENTRYPOINT Conversation
CONVO Conversation {
  TURN
  139.0s turn 19
  143.4s   model reply: in 2976 + cached 60841, out 160 (+122 reasoning)
  143.4s   tool bash: node /kit/rag.mjs search "role_user" "user" "role_agent" "agent"
  143.6s turn 20
  147.5s   model reply: in 4434 + cached 60834, out 114 (+86 reasoning)
  147.5s   tool bash: node /kit/rag.mjs entry role_user role_agent
  147.6s turn 21
  192.9s   model reply: in 4660 + cached 60815, out 7877 (+4747 reasoning)
  192.9s   tool bash: cat << 'EOF' > /output/translation.md
Status: success
Mode: REQUEST

## BrainCode

```braincode
MODE REQUEST
ENTRYPOINT Conversation
CONVO Conversation {
  TURN
  193.0s turn 22
  229.5s   model reply: in 53664 + cached 0, out 5092 (+2417 reasoning)
  229.5s   tool bash: cat << 'EOF' > /output/translation.md
Status: success
Mode: REQUEST

## BrainCode

```braincode
MODE REQUEST
ENTRYPOINT Conversation
CONVO Conversation {
  TURN
  229.6s turn 23
  236.4s   model reply: in 6711 + cached 52827, out 679 (+649 reasoning)
  236.4s   tool bash: node /kit/rag.mjs check --translation /output/translation.md
  236.7s turn 24
  239.8s   model reply: in 4118 + cached 56881, out 62 (+15 reasoning)
  239.9s agent finished
  239.9s agent finished
