    1.8s turn 1
   18.0s   model reply: in 29345 + cached 0, out 1853 (+1800 reasoning)
   18.0s   tool bash: node /kit/rag.mjs search "mow" "grass" "lawn" "procedure" "step" "safety" "prepare" "trim" "edge" "even"
   18.3s turn 2
   22.2s   model reply: in 33890 + cached 0, out 96 (+39 reasoning)
   22.2s   tool bash: node /kit/rag.mjs search "activity" "how to" "instruction" "guideline" "advice" "require" "recommend" "effective" "purpose" "instrument" "method"
   22.4s turn 3
   27.3s   model reply: in 4490 + cached 32525, out 68 (+16 reasoning)
   27.3s   tool bash: node /kit/rag.mjs entry activity ask offer sequence requirement recommended enables supports designed_to_be provides meets_needs reason_for has_goal obligation 
   27.4s turn 4
   32.3s   model reply: in 2556 + cached 36585, out 102 (+48 reasoning)
   32.3s   tool bash: node /kit/rag.mjs entry offer_help propose inform attribute_claim property_question size_large size_small scissors slice state_sliced at_most measure unit_perce
   32.5s turn 5
   48.6s   model reply: in 12330 + cached 28448, out 677 (+624 reasoning)
   48.6s   tool bash: node /kit/rag.mjs search "fraction" "third" "avoid" "protect" "gear" "safety" "grass" "obstacle" "debris" "trimmer"
   48.8s turn 6
   53.1s   model reply: in 3572 + cached 40645, out 204 (+179 reasoning)
   53.1s   tool bash: node /kit/rag.mjs entry object_label
   53.2s turn 7
   56.9s   model reply: in 3903 + cached 40627, out 97 (+39 reasoning)
   56.9s   tool bash: node /kit/rag.mjs entry object_label::mower object_label::gloves object_label::eyewear object_label::trimmer object_label::scissors object_label::edger
   57.1s turn 8
   68.8s   model reply: in 4732 + cached 40614, out 1847 (+1800 reasoning)
   68.8s   tool bash: node /kit/rag.mjs search "precede" "follows" "sequence" "before" "after" "order" "procedure" "step"
   68.9s turn 9
   72.3s   model reply: in 4681 + cached 44686, out 34 (+11 reasoning)
   72.3s   tool bash: node /kit/rag.mjs entry then
   72.4s turn 10
   76.7s   model reply: in 4803 + cached 44667, out 230 (+164 reasoning)
   76.7s   tool bash: node /kit/rag.mjs search "user" "agent" "role_user" "role_agent" "topic" "lawn" "care" "gardening" "efficient" "practical" "small" "large" "design"
   76.9s turn 11
   81.5s   model reply: in 4296 + cached 48736, out 104 (+74 reasoning)
   81.5s   tool bash: grep -E "\| claim_relation \|" /reference/glossary.md
   81.6s turn 12
   87.0s   model reply: in 2276 + cached 52793, out 64 (+28 reasoning)
   87.0s   tool bash: grep -E "\| (constructor|speech_act|link) \|" /reference/glossary.md
   87.0s turn 13
   96.7s   model reply: in 4191 + cached 52788, out 1421 (+1395 reasoning)
   96.7s   tool bash: node /kit/rag.mjs check --help || true
   96.7s turn 14
  108.6s   model reply: in 5631 + cached 52779, out 56 (+35 reasoning)
  108.6s   tool bash: cat /kit/rag.mjs
  108.6s turn 15
  128.7s   model reply: in 23464 + cached 36535, out 2612 (+2582 reasoning)
  128.7s   tool bash: node /kit/rag.mjs entry role_agent role_user agent user
  128.9s turn 16
  135.8s   model reply: in 5920 + cached 56835, out 805 (+179 reasoning)
  135.8s   tool bash: cat << 'EOF' > /output/translation.md
Status: success
Mode: TRACE

## BrainCode

```braincode
MODE TRACE
ENTRYPOINT Conversation
CONVO Conversation {
  TURN t1 
  136.0s turn 17
  152.1s   model reply: in 3272 + cached 60885, out 3131 (+2035 reasoning)
  152.1s   tool bash: cat << 'EOF' > /output/translation.md
Status: success
Mode: TRACE

## BrainCode

```braincode
MODE TRACE
ENTRYPOINT Conversation
CONVO Conversation {
  TURN t1 
  152.2s turn 18
  159.8s   model reply: in 6994 + cached 60896, out 942 (+885 reasoning)
  159.8s   tool bash: node /kit/rag.mjs entry activity property_question obligation requirement at_most measure sequence conjunction exclude negation subject offer_help offer ask pro
  159.9s turn 19
  169.0s   model reply: in 45814 + cached 0, out 116 (+74 reasoning)
  169.0s   tool bash: node /kit/rag.mjs entry offer_help offer ask propose inform respond recommended enables designed_to_be attribute_claim supports important
  169.2s turn 20
  172.1s   model reply: in 2419 + cached 44668, out 59 (+32 reasoning)
  172.1s   tool bash: grep -E "\| unit_" /reference/glossary.md
  172.2s turn 21
  198.2s   model reply: in 3180 + cached 44654, out 4559 (+2960 reasoning)
  198.2s   tool bash: cat << 'EOF' > /output/translation.md
Status: success
Mode: TRACE

## BrainCode

```braincode
MODE TRACE
ENTRYPOINT Conversation
CONVO Conversation {
  TURN t1 
  198.4s turn 22
  218.5s   model reply: in 8336 + cached 44675, out 3231 (+1646 reasoning)
  218.5s   tool write: /output/translation.md
  218.5s turn 23
  224.6s   model reply: in 0 + cached 0, out 0 (+0 reasoning)
  224.7s agent finished
  226.6s turn 24
  240.7s   model reply: in 0 + cached 0, out 0 (+0 reasoning)
  240.7s agent finished
  244.7s turn 25
  270.9s   model reply: in 0 + cached 0, out 0 (+0 reasoning)
  270.9s agent finished
  278.9s turn 26
  339.3s   model reply: in 3447 + cached 52799, out 60 (+30 reasoning)
  339.3s   tool bash: node /kit/rag.mjs check --translation /output/translation.md
  339.4s turn 27
  353.0s   model reply: in 4140 + cached 52784, out 153 (+35 reasoning)
  353.0s agent finished
  353.0s agent finished
