    2.0s turn 1
    9.1s   model reply: in 27569 + cached 0, out 963 (+921 reasoning)
    9.1s   tool bash: node /kit/rag.mjs search "read a book" "titled" "in front of" "turn right" "walk"
    9.4s turn 2
   12.5s   model reply: in 5724 + cached 24370, out 111 (+66 reasoning)
   12.5s   tool bash: node /kit/rag.mjs search "title" "book title" "read" "read by lamp light" "light" "illuminates"
   12.6s turn 3
   15.8s   model reply: in 3603 + cached 28427, out 91 (+52 reasoning)
   15.8s   tool bash: node /kit/rag.mjs entry activity requirement sequence walk turn turn_on pick_up face ask propose inform respond request
   15.9s turn 4
   28.0s   model reply: in 5749 + cached 28424, out 1978 (+1953 reasoning)
   28.0s   tool bash: node -e 'console.log(process.version)'
   28.0s turn 5
   33.2s   model reply: in 3679 + cached 32480, out 648 (+614 reasoning)
   33.2s   tool bash: node /kit/rag.mjs widen "the book that says Probabilistic Robotics" --kind constraint
   33.3s turn 6
   36.6s   model reply: in 6594 + cached 32483, out 152 (+114 reasoning)
   36.6s   tool bash: node /kit/rag.mjs search "title" "says" "label" "named" "book title"
   36.8s turn 7
   39.4s   model reply: in 4164 + cached 36537, out 53 (+22 reasoning)
   39.4s   tool bash: node /kit/rag.mjs entry lexical_label document_section naming_pattern
   39.5s turn 8
   45.0s   model reply: in 4866 + cached 36523, out 588 (+551 reasoning)
   45.0s   tool bash: node /kit/rag.mjs entry in_front_of on right_of night_stand bed lamp textbook
   45.1s turn 9
   52.8s   model reply: in 5867 + cached 36512, out 1085 (+1046 reasoning)
   52.8s   tool bash: node /kit/rag.mjs entry "object_label::nightstand" "object_label::night_stand"
   52.9s turn 10
   59.8s   model reply: in 3158 + cached 40561, out 999 (+389 reasoning)
   59.8s   tool write: /output/translation.md
   59.8s turn 11
   62.4s   model reply: in 4176 + cached 40546, out 53 (+23 reasoning)
   62.4s   tool bash: node /kit/rag.mjs check --translation /output/translation.md
   62.5s turn 12
   66.7s   model reply: in 4675 + cached 40531, out 340 (+310 reasoning)
   66.7s   tool bash: node /kit/rag.mjs widen "read a book" --kind action
   66.8s turn 13
   71.6s   model reply: in 2654 + cached 44584, out 437 (+414 reasoning)
   71.6s   tool bash: node /kit/rag.mjs entry textbook
   71.8s turn 14
   82.1s   model reply: in 0 + cached 0, out 0 (+0 reasoning)
   82.1s agent finished
   84.1s turn 15
   97.8s   model reply: in 0 + cached 0, out 0 (+0 reasoning)
   97.8s agent finished
  101.8s turn 16
  143.9s   model reply: in 0 + cached 0, out 0 (+0 reasoning)
  143.9s agent finished
  151.9s turn 17
  215.2s   model reply: in 47758 + cached 0, out 545 (+47 reasoning)
  215.2s   tool write: /output/translation.md
  215.2s turn 18
  239.8s   model reply: in 3757 + cached 44550, out 53 (+23 reasoning)
  239.8s   tool bash: node /kit/rag.mjs check --translation /output/translation.md
  239.9s turn 19
  248.0s   model reply: in 4270 + cached 44535, out 283 (+240 reasoning)
  248.0s   tool bash: node /kit/rag.mjs search "Probabilistic Robotics" "says Probabilistic Robotics" "title" "book title" "requirement"
  248.2s turn 20
  271.8s   model reply: in 6071 + cached 44535, out 727 (+208 reasoning)
  271.8s   tool write: /output/translation.md
  271.8s turn 21
  281.0s   model reply: in 2770 + cached 48567, out 53 (+23 reasoning)
  281.0s   tool bash: node /kit/rag.mjs check --translation /output/translation.md
  281.4s turn 22
  292.5s   model reply: in 3283 + cached 48552, out 562 (+540 reasoning)
  292.5s   tool bash: node /kit/rag.mjs retrieve
  313.1s turn 23
  320.4s   model reply: in 54940 + cached 0, out 130 (+100 reasoning)
  320.4s   tool bash: node /kit/rag.mjs check --translation /output/translation.md
  320.5s turn 24
  336.2s   model reply: in 2916 + cached 52599, out 579 (+537 reasoning)
  336.2s   tool bash: node /kit/rag.mjs search "inscription" "text on object" "says" "title of book" "written on"
  336.4s turn 25
  347.3s   model reply: in 4942 + cached 52602, out 384 (+350 reasoning)
  347.3s   tool bash: grep -rn "ALFRED" /reference/ /doc_formats/ 2>/dev/null
  347.4s turn 26
  360.7s   model reply: in 5351 + cached 52587, out 1551 (+1053 reasoning)
  360.7s   tool write: /output/translation.md
  360.7s turn 27
  364.5s   model reply: in 2867 + cached 56626, out 53 (+23 reasoning)
  364.5s   tool bash: node /kit/rag.mjs check --translation /output/translation.md
  364.7s turn 28
  375.0s   model reply: in 3380 + cached 56611, out 1214 (+708 reasoning)
  375.0s   tool write: /output/translation.md
  375.0s turn 29
  381.6s   model reply: in 4607 + cached 56602, out 58 (+28 reasoning)
  381.6s   tool bash: node /kit/rag.mjs check --translation /output/translation.md
  381.7s turn 30
  387.9s   model reply: in 5124 + cached 56588, out 554 (+28 reasoning)
  387.9s agent finished
  387.9s agent finished
