    9.8s turn 1
  105.5s   model reply: in 2283 + cached 0, out 18317 (+18298 reasoning)
  105.6s   tool bash: xxd /trajectory.txt
  105.7s turn 2
  109.1s   model reply: in 20623 + cached 0, out 73 (+18 reasoning)
  109.1s   tool bash: python3 -c "
with open('/trajectory.txt', 'r', encoding='utf-8') as f:
    content = f.read()
print(repr(content))
"
  109.2s turn 3
  112.8s   model reply: in 20719 + cached 0, out 68 (+14 reasoning)
  112.8s   tool bash: node -e "
const fs = require('fs');
const content = fs.readFileSync('/trajectory.txt', 'utf8');
console.log(JSON.stringify(content));
"
  113.0s turn 4
  134.4s   model reply: in 0 + cached 0, out 0 (+0 reasoning)
  134.5s agent finished
  136.4s turn 5
  150.0s   model reply: in 0 + cached 0, out 0 (+0 reasoning)
  150.0s agent finished
  154.0s turn 6
  165.9s   model reply: in 0 + cached 0, out 0 (+0 reasoning)
  165.9s agent finished
  173.8s turn 7
  196.2s   model reply: in 0 + cached 0, out 0 (+0 reasoning)
  196.2s agent finished
  212.2s turn 8
  283.0s   model reply: in 21503 + cached 0, out 3186 (+3124 reasoning)
  283.0s   tool bash: node -e "
const fs = require('fs');
if (!fs.existsSync('/output')) {
  fs.mkdirSync('/output', { recursive: true });
}
console.log('Output dir ready');
"
  283.0s turn 9
  293.2s   model reply: in 4475 + cached 20217, out 927 (+474 reasoning)
  293.2s   tool write: /output/reconstruction.md
  293.2s turn 10
  296.1s   model reply: in 5417 + cached 20207, out 31 (+11 reasoning)
  296.1s   tool read: /output/reconstruction.md
  296.1s turn 11
  299.9s   model reply: in 26082 + cached 0, out 40 (+25 reasoning)
  299.9s agent finished
  299.9s agent finished
