    1.5s turn 1
    8.1s   model reply: in 12639 + cached 0, out 902 (+885 reasoning)
    8.1s   tool bash: ls -la /
    8.1s turn 2
   11.0s   model reply: in 2251 + cached 12073, out 39 (+17 reasoning)
   11.0s   tool bash: ls -la /kit /reference /attach
   11.0s turn 3
   14.9s   model reply: in 2836 + cached 12064, out 45 (+25 reasoning)
   14.9s   tool read: /reference/examples.jsonl
   14.9s turn 4
   19.5s   model reply: in 4051 + cached 12064, out 42 (+23 reasoning)
   19.5s   tool read: /kit/README.md
   19.5s turn 5
   22.2s   model reply: in 5254 + cached 12065, out 48 (+31 reasoning)
   22.2s   tool read: /prompt.md
   22.2s turn 6
   31.2s   model reply: in 5774 + cached 12056, out 1220 (+1197 reasoning)
   31.2s   tool bash: grep -ri "paths" /reference /kit
   31.3s turn 7
   34.3s   model reply: in 2984 + cached 16076, out 85 (+47 reasoning)
   34.3s   tool bash: node /kit/rag.mjs entry well_wishes offer_help substitute important subject activity include conjunction propose inform acknowledge
   34.4s turn 8
   39.2s   model reply: in 4654 + cached 16084, out 61 (+31 reasoning)
   39.2s   tool bash: grep -i "well_wishes" /reference/glossary.jsonl
   39.2s turn 9
   42.6s   model reply: in 20899 + cached 0, out 74 (+31 reasoning)
   42.6s   tool bash: grep -E '"id":"v19/support/(offer_help|substitute|important)"' /reference/glossary.jsonl
   42.7s turn 10
   46.6s   model reply: in 4957 + cached 16025, out 43 (+16 reasoning)
   46.6s   tool bash: grep "offer_help" /reference/glossary.jsonl
   46.7s turn 11
   50.4s   model reply: in 5098 + cached 15988, out 52 (+19 reasoning)
   50.4s   tool bash: grep -E 'symbol":"(important|substitute)' /reference/glossary.jsonl
   50.4s turn 12
   57.3s   model reply: in 5175 + cached 15973, out 40 (+13 reasoning)
   57.3s   tool bash: grep -w "important" /reference/glossary.jsonl
   57.5s turn 13
   60.7s   model reply: in 5313 + cached 15936, out 42 (+14 reasoning)
   60.7s   tool bash: grep -w "substitute" /reference/glossary.jsonl
   60.7s turn 14
   63.5s   model reply: in 5493 + cached 15892, out 55 (+20 reasoning)
   63.5s   tool bash: grep -E 'symbol":"(propose|inform|acknowledge)' /reference/glossary.jsonl
   63.6s turn 15
   66.5s   model reply: in 5572 + cached 15878, out 53 (+23 reasoning)
   66.5s   tool bash: grep -E '"symbol":"propose"' /reference/glossary.jsonl
   66.6s turn 16
   69.8s   model reply: in 5649 + cached 15864, out 43 (+14 reasoning)
   69.8s   tool bash: grep '"kind":"speech_act"' /reference/glossary.jsonl
   69.9s turn 17
   80.8s   model reply: in 5717 + cached 15849, out 1727 (+1693 reasoning)
   80.8s   tool bash: grep -n -C 5 "UTTER" /attach/1-language-spec.md
   80.8s turn 18
   91.1s   model reply: in 4487 + cached 19868, out 1532 (+1505 reasoning)
   91.1s   tool bash: find / -name "*.jsonl" 2>/dev/null
   91.2s turn 19
   94.3s   model reply: in 2032 + cached 23865, out 33 (+12 reasoning)
   94.3s   tool bash: find /reference /kit -type f
   94.4s turn 20
   97.4s   model reply: in 2159 + cached 23848, out 51 (+30 reasoning)
   97.4s   tool read: /kit/needs_prompt.md
   97.4s turn 21
  108.9s   model reply: in 2887 + cached 23849, out 1490 (+1450 reasoning)
  108.9s   tool bash: grep -C 5 "subject(kind=" /reference/examples.jsonl /attach/1-language-spec.md
  109.0s turn 22
  112.3s   model reply: in 4368 + cached 23868, out 42 (+17 reasoning)
  112.3s   tool bash: grep "subject(" /reference/glossary.jsonl
  112.3s turn 23
  135.2s   model reply: in 5670 + cached 23881, out 3724 (+3695 reasoning)
  135.2s   tool bash: grep -rnw "offer_help" / 2>/dev/null
  135.3s turn 24
  139.2s   model reply: in 5353 + cached 27932, out 44 (+15 reasoning)
  139.2s   tool bash: grep -rn "offer_help" /reference /kit /attach /workspace
  139.3s turn 25
  161.9s   model reply: in 5634 + cached 27920, out 4116 (+3945 reasoning)
  161.9s   tool write: /output/reconstruction.md
  161.9s turn 26
  165.6s   model reply: in 5696 + cached 31979, out 31 (+11 reasoning)
  165.6s   tool read: /output/reconstruction.md
  165.6s turn 27
  169.6s   model reply: in 5887 + cached 31964, out 44 (+22 reasoning)
  169.7s agent finished
  169.7s agent finished
