    1.7s turn 1
   11.7s   model reply: in 27780 + cached 0, out 1271 (+1080 reasoning)
   11.7s   tool bash: node /kit/rag.mjs entry ask important considered personal_values interpersonal_stance varies_with enables meets_needs leads_to provides controversial argues_for
   11.8s turn 2
   15.5s   model reply: in 6669 + cached 24376, out 74 (+29 reasoning)
   15.5s   tool bash: node /kit/rag.mjs search "marriage" "romantic partner" "outdated" "happiness and fulfillment" "reasonable arguments on both sides"
   15.6s turn 3
   20.5s   model reply: in 4061 + cached 28430, out 416 (+383 reasoning)
   20.5s   tool bash: node /kit/rag.mjs widen "marriage as an institution and relationship" --kind object
   20.6s turn 4
   24.5s   model reply: in 34294 + cached 0, out 102 (+58 reasoning)
   24.5s   tool bash: node /kit/rag.mjs widen "referring broadly to any romantic partner regardless of gender, race, ethnicity, or religion" --kind claim
   24.7s turn 5
   30.3s   model reply: in 4276 + cached 32485, out 67 (+31 reasoning)
   30.3s   tool bash: node /kit/rag.mjs widen "assistant lacks personal opinions on whether marriage is outdated" --kind negation
   30.5s turn 6
   34.1s   model reply: in 2119 + cached 36540, out 110 (+77 reasoning)
   34.1s   tool bash: node /kit/rag.mjs entry negation exclude beliefs controversial attitude possesses identity statement conditional duration occurred
   34.3s turn 7
   47.6s   model reply: in 3258 + cached 36529, out 2442 (+2375 reasoning)
   47.6s   tool bash: node /kit/rag.mjs search "marriage can be very important" "personal choice depending on priorities" "valid paths to happiness and fulfillment" "aimed to maintai
   47.7s turn 8
   50.8s   model reply: in 7426 + cached 36543, out 99 (+48 reasoning)
   50.8s   tool bash: node /kit/rag.mjs entry change_property decision opposes associated_with focus_of lexical_label tone_empathetic tone_casual tone_professional style_persuasive
   50.9s turn 9
   64.6s   model reply: in 4782 + cached 40594, out 2211 (+2164 reasoning)
   64.6s   tool bash: node /kit/rag.mjs search "marriage" "institution" "companionship" "commitment" "inclusivity" "evolution" "disagree"
   64.7s turn 10
   68.4s   model reply: in 4835 + cached 44668, out 105 (+57 reasoning)
   68.4s   tool bash: grep -E "^\| [a-z0-9_]+ \| (constructor|claim_relation|link|composite) \|" /reference/glossary.md
   68.5s turn 11
   79.7s   model reply: in 2681 + cached 48723, out 1387 (+1169 reasoning)
   79.7s   tool bash: node /kit/rag.mjs entry ask property_question subject interpersonal_stance gender_identity temporal_context well_wishes char_female constraint_realistic constra
   79.8s turn 12
   87.9s   model reply: in 6017 + cached 48730, out 699 (+676 reasoning)
   87.9s   tool bash: node /kit/rag.mjs entry marriage
   88.0s turn 13
   91.7s   model reply: in 2678 + cached 52775, out 72 (+35 reasoning)
   91.7s   tool bash: grep -E "\| (topic-value|descriptive-value) \|" /reference/glossary.md
   91.8s turn 14
   96.0s   model reply: in 3649 + cached 52763, out 54 (+25 reasoning)
   96.0s   tool bash: grep -E "^\| rule_category_" /reference/glossary.md
   96.1s turn 15
   99.6s   model reply: in 5161 + cached 52756, out 74 (+34 reasoning)
   99.6s   tool bash: grep -E "^\| [a-z0-9_]+ \| claim_relation \|" /reference/glossary.md
   99.7s turn 16
  103.1s   model reply: in 3113 + cached 56811, out 55 (+17 reasoning)
  103.1s   tool bash: grep -E "^\| [a-z0-9_]+ \| link \|" /reference/glossary.md
  103.2s turn 17
  106.5s   model reply: in 3405 + cached 56793, out 62 (+24 reasoning)
  106.5s   tool bash: grep -E "^\| [a-z0-9_]+ \| constructor \|" /reference/glossary.md
  106.5s turn 18
  109.7s   model reply: in 5267 + cached 56789, out 60 (+15 reasoning)
  109.7s   tool bash: grep -E "^\| [a-z0-9_]+ \| constructor \|" /reference/glossary.md | tail -n +25
  109.8s turn 19
  113.0s   model reply: in 3111 + cached 60842, out 65 (+20 reasoning)
  113.0s   tool bash: grep -E "^\| [a-z0-9_]+ \| constructor \|" /reference/glossary.md | tail -n +50
  113.1s turn 20
  116.6s   model reply: in 4928 + cached 60838, out 57 (+12 reasoning)
  116.6s   tool bash: grep -E "^\| [a-z0-9_]+ \| constructor \|" /reference/glossary.md | tail -n +75
  116.7s turn 21
  119.8s   model reply: in 5677 + cached 60825, out 62 (+18 reasoning)
  119.8s   tool bash: grep -E "^\| [a-z0-9_]+ \| (speech_act|composite) \|" /reference/glossary.md
  119.8s turn 22
  143.2s   model reply: in 3854 + cached 64880, out 3372 (+3348 reasoning)
  143.2s   tool bash: node /kit/rag.mjs check --help
  143.2s turn 23
  156.2s   model reply: in 41276 + cached 0, out 152 (+103 reasoning)
  156.2s   tool bash: node /kit/rag.mjs search "marriage" "partnership" "romantic partner" "outdated" "disagree" "opinion" "evolved over time"
  156.4s turn 24
  160.9s   model reply: in 43337 + cached 0, out 188 (+138 reasoning)
  160.9s   tool bash: node /kit/rag.mjs entry opposes beliefs attitude controversial supports argues_for varies_with designed_to_be temporal_context gender_identity interpersonal_sta
  161.1s turn 25
  174.0s   model reply: in 4506 + cached 40572, out 2193 (+2157 reasoning)
  174.0s   tool bash: node /kit/rag.mjs widen "assistant lacks personal opinions on whether marriage is outdated" --kind negation
  174.2s turn 26
  179.2s   model reply: in 4458 + cached 44645, out 70 (+30 reasoning)
  179.2s   tool bash: grep -E "^\| [a-z0-9_]+ \| claim_relation \|" /reference/glossary.md
  179.2s turn 27
  182.3s   model reply: in 2406 + cached 48700, out 68 (+21 reasoning)
  182.3s   tool bash: grep -E "^\| [a-z0-9_]+ \| claim_relation \|" /reference/glossary.md | tail -n +35
  182.3s turn 28
  189.4s   model reply: in 4145 + cached 48694, out 744 (+497 reasoning)
  189.4s   tool write: /output/translation.md
  189.4s turn 29
  192.5s   model reply: in 4910 + cached 48677, out 54 (+24 reasoning)
  192.5s   tool bash: node /kit/rag.mjs check --translation /output/translation.md
  192.6s turn 30
  236.3s   model reply: in 5500 + cached 48663, out 7472 (+5685 reasoning)
  236.3s   tool write: /output/translation.md
  236.4s turn 31
  240.3s   model reply: in 8879 + cached 52760, out 53 (+23 reasoning)
  240.3s   tool bash: node /kit/rag.mjs check --translation /output/translation.md
  240.4s turn 32
  400.7s   model reply: in 5600 + cached 56805, out 6546 (+4749 reasoning)
  400.7s   tool write: /output/translation.md
  400.7s turn 33
  608.6s   model reply: in 0 + cached 0, out 0 (+0 reasoning)
  608.7s agent finished
  610.6s turn 34
  624.8s   model reply: in 0 + cached 0, out 0 (+0 reasoning)
  624.8s agent finished
  628.8s turn 35
  655.7s   model reply: in 0 + cached 0, out 0 (+0 reasoning)
  655.7s agent finished
  663.7s turn 36
  724.4s   model reply: in 4002 + cached 64953, out 53 (+23 reasoning)
  724.4s   tool bash: node /kit/rag.mjs check --translation /output/translation.md
  724.6s turn 37
  731.5s   model reply: in 69721 + cached 0, out 291 (+221 reasoning)
  731.5s agent finished
  731.5s agent finished
