    6.3s turn 1
   15.1s   model reply: in 29645 + cached 0, out 1220 (+1177 reasoning)
   15.1s   tool bash: node /kit/rag.mjs entry click type_text web_element search_travel time_point location_spec group_size requirement daytime
   15.5s turn 2
   18.8s   model reply: in 3492 + cached 28445, out 91 (+42 reasoning)
   18.8s   tool bash: node /kit/rag.mjs search "ask" "request" "search flights" "airline" "nonstop" "passenger" "senior" "view deal"
   19.0s turn 3
   22.1s   model reply: in 5883 + cached 28443, out 61 (+33 reasoning)
   22.1s   tool bash: node /kit/rag.mjs entry ask propose request role_user
   22.2s turn 4
   29.8s   model reply: in 2141 + cached 32488, out 1186 (+1134 reasoning)
   29.8s   tool bash: node /kit/rag.mjs search "flight" "nonstop" "stops" "one-way" "trip" "adult" "senior" "airline" "deal"
   30.2s turn 5
   32.9s   model reply: in 5899 + cached 32497, out 58 (+34 reasoning)
   32.9s   tool bash: grep "constructor" /reference/glossary.md
   33.0s turn 6
   39.5s   model reply: in 3657 + cached 36553, out 925 (+881 reasoning)
   39.5s   tool bash: node /kit/rag.mjs entry activity maximum_between_stops search_travel location_spec time_point group_size requirement daytime ask propose
   39.6s turn 7
   42.6s   model reply: in 6358 + cached 36553, out 76 (+36 reasoning)
   42.6s   tool bash: node /kit/rag.mjs search "flight" "travel" "route" "airline" "deal" "ticket"
   42.8s turn 8
   60.6s   model reply: in 4082 + cached 40609, out 3839 (+3804 reasoning)
   60.6s   tool bash: node /kit/rag.mjs search "senior" "elderly" "adult" "passenger"
   60.7s turn 9
   63.9s   model reply: in 5002 + cached 44689, out 58 (+32 reasoning)
   63.9s   tool bash: grep "recipient-value" /reference/glossary.md
   63.9s turn 10
   79.6s   model reply: in 5747 + cached 44675, out 3077 (+1153 reasoning)
   79.6s   tool write: /output/translation.md
   79.6s turn 11
   83.0s   model reply: in 4766 + cached 48736, out 54 (+24 reasoning)
   83.0s   tool bash: node /kit/rag.mjs check --translation /output/translation.md
   83.2s turn 12
   90.3s   model reply: in 5243 + cached 48720, out 992 (+953 reasoning)
   90.3s   tool bash: node -e "console.log(require('fs').readFileSync('/kit/rag.mjs', 'utf8'))"
   90.4s turn 13
  113.2s   model reply: in 3708 + cached 52780, out 4428 (+4398 reasoning)
  113.2s   tool bash: node /kit/rag.mjs check --translation /output/translation.md
  113.3s turn 14
  116.9s   model reply: in 8525 + cached 52798, out 78 (+32 reasoning)
  116.9s agent finished
  116.9s agent finished
