   13.6s turn 1
   21.9s   model reply: in 31344 + cached 0, out 736 (+700 reasoning)
   21.9s   tool bash: node /kit/rag.mjs entry statement activity attribute_claim conditional conjunction negation subject ask respond confirm inform indicator
   23.4s turn 2
   26.5s   model reply: in 5583 + cached 28459, out 82 (+33 reasoning)
   26.5s   tool bash: node /kit/rag.mjs search "property" "cold" "rough" "big" "young" "likes" "sees" "visits" "red"
   27.8s turn 3
   63.4s   model reply: in 4108 + cached 32522, out 95 (+60 reasoning)
   63.4s   tool bash: node /kit/rag.mjs entry property_question change_property possesses has_state spatial_state
   64.2s turn 4
   68.5s   model reply: in 4779 + cached 32508, out 129 (+104 reasoning)
   68.5s   tool bash: grep -i "proofwriter" /reference/* || true
   68.7s turn 5
   75.7s   model reply: in 4929 + cached 32490, out 44 (+16 reasoning)
   75.7s   tool bash: grep -E "\| constructor \|" /reference/glossary.md
   76.1s turn 6
   79.2s   model reply: in 2714 + cached 36545, out 61 (+31 reasoning)
   79.2s   tool bash: grep -E "\| claim_relation \|" /reference/glossary.md
   79.5s turn 7
   82.8s   model reply: in 4712 + cached 36541, out 56 (+19 reasoning)
   82.8s   tool bash: grep -E "\| claim_relation \|" /reference/glossary.md | tail -n 25
   82.9s turn 8
   93.2s   model reply: in 2180 + cached 40593, out 1152 (+1115 reasoning)
   93.2s   tool bash: node /kit/rag.mjs entry attribute_claim has_state activity statement conditional conjunction negation subject property_question
   93.5s turn 9
   97.5s   model reply: in 45813 + cached 0, out 123 (+82 reasoning)
   97.5s   tool bash: node /kit/rag.mjs search "premise" "theory" "truth value" "evaluation" "true or false"
   97.8s turn 10
  116.9s   model reply: in 2577 + cached 44649, out 3415 (+3369 reasoning)
  116.9s   tool bash: node /kit/rag.mjs search "rough" "young" "big" "cold" "red" "likes" "visits" "sees"
  117.3s turn 11
  136.5s   model reply: in 8191 + cached 44674, out 3037 (+3007 reasoning)
  136.5s   tool bash: node /kit/rag.mjs entry attribute_claim statement activity conditional conjunction negation
  137.1s turn 12
  144.7s   model reply: in 4334 + cached 52809, out 744 (+706 reasoning)
  144.7s   tool bash: grep -E "^\| [a-z0-9_]+ \| constructor \|" /reference/glossary.md
  144.8s turn 13
  151.5s   model reply: in 2812 + cached 56871, out 497 (+457 reasoning)
  151.5s   tool bash: node /kit/rag.mjs search "property" "trait" "state" "attribute" "entity" --kind constructor
  153.0s turn 14
  157.2s   model reply: in 4796 + cached 56866, out 99 (+49 reasoning)
  157.2s   tool bash: grep -E "^\| [a-z0-9_]+ \| constructor \|" /reference/glossary.md | cut -d'|' -f2,4
  157.3s turn 15
  170.0s   model reply: in 3004 + cached 60925, out 1713 (+1665 reasoning)
  170.0s   tool bash: node /kit/rag.mjs search "is cold" "is rough" "is big" "is young" "is red" "red things are rough"
  170.2s turn 16
  176.2s   model reply: in 6430 + cached 60931, out 369 (+322 reasoning)
  176.2s   tool bash: node /kit/rag.mjs search "Base the answer only on the provided theory" "True, False, or Unknown" "single choice" "constraint"
  177.7s turn 17
  181.3s   model reply: in 3911 + cached 64985, out 91 (+57 reasoning)
  181.3s   tool bash: node /kit/rag.mjs entry constraint_single_choice requirement constrained_by test_condition
  182.1s turn 18
  200.8s   model reply: in 4684 + cached 64970, out 1574 (+1548 reasoning)
  200.8s   tool bash: grep -i "property" /reference/glossary.md
  200.8s turn 19
  221.6s   model reply: in 51582 + cached 0, out 234 (+182 reasoning)
  221.6s   tool bash: grep -E "^\| [a-z0-9_]+ \| claim_relation \|" /reference/glossary.md | cut -d'|' -f2,4
  221.7s turn 20
  225.9s   model reply: in 4312 + cached 48756, out 85 (+52 reasoning)
  225.9s   tool bash: node /kit/rag.mjs entry has_attribute has_state statement attribute_claim subject
  226.1s turn 21
  230.0s   model reply: in 5485 + cached 48745, out 103 (+65 reasoning)
  230.0s   tool bash: node /kit/rag.mjs search "proofwriter" "Theory" "statement True, False, or Unknown"
  230.2s turn 22
  257.9s   model reply: in 2381 + cached 52794, out 3925 (+3876 reasoning)
  257.9s   tool bash: node /kit/rag.mjs entry animal_label::bald_eagle animal_label::bear animal_label::dog animal_label::lion color_label::red
  258.1s turn 23
  287.8s   model reply: in 59635 + cached 0, out 116 (+91 reasoning)
  287.8s   tool bash: node /kit/rag.mjs entry animal_label
  288.0s turn 24
  301.9s   model reply: in 59843 + cached 0, out 156 (+122 reasoning)
  301.9s   tool bash: node /kit/rag.mjs entry animal_label::eagle animal_label::baldeagle
  302.0s turn 25
  322.9s   model reply: in 3370 + cached 56834, out 1014 (+982 reasoning)
  322.9s   tool bash: node /kit/rag.mjs search "Introduce a set of premises or a theory"
  323.0s turn 26
  342.4s   model reply: in 0 + cached 0, out 0 (+0 reasoning)
  342.5s agent finished
  344.4s turn 27
  358.1s   model reply: in 0 + cached 0, out 0 (+0 reasoning)
  358.1s agent finished
  362.1s turn 28
  388.8s   model reply: in 0 + cached 0, out 0 (+0 reasoning)
  388.8s agent finished
  396.8s turn 29
  480.9s   model reply: in 61484 + cached 0, out 2331 (+84 reasoning)
  480.9s   tool write: /output/translation.md
  480.9s turn 30
  492.9s   model reply: in 6999 + cached 56820, out 59 (+29 reasoning)
  492.9s   tool bash: node /kit/rag.mjs check --translation /output/translation.md
  493.1s turn 31
  498.9s   model reply: in 3750 + cached 60865, out 289 (+264 reasoning)
  498.9s   tool bash: node /kit/rag.mjs entry lexical_label
  499.0s turn 32
  517.7s   model reply: in 4523 + cached 60851, out 972 (+947 reasoning)
  517.7s   tool bash: node /kit/rag.mjs entry state_cold
  517.8s turn 33
  529.1s   model reply: in 5553 + cached 60840, out 435 (+407 reasoning)
  529.1s   tool bash: node /kit/rag.mjs entry role_user role_agent
  529.2s turn 34
  551.4s   model reply: in 2041 + cached 64880, out 3094 (+770 reasoning)
  551.4s   tool write: /output/translation.md
  551.5s turn 35
  562.1s   model reply: in 50434 + cached 0, out 53 (+23 reasoning)
  562.1s   tool bash: node /kit/rag.mjs check --translation /output/translation.md
  562.2s turn 36
  570.1s   model reply: in 2582 + cached 48631, out 833 (+814 reasoning)
  570.1s   tool read: /output/translation.md
  570.1s turn 37
  573.5s   model reply: in 5704 + cached 48641, out 74 (+36 reasoning)
  573.5s agent finished
  573.5s agent finished
