    1.9s turn 1
    4.7s   model reply: in 0 + cached 0, out 0 (+0 reasoning)
    4.7s agent finished
    6.7s turn 2
   20.3s   model reply: in 0 + cached 0, out 0 (+0 reasoning)
   20.3s agent finished
   24.3s turn 3
   50.9s   model reply: in 0 + cached 0, out 0 (+0 reasoning)
   50.9s agent finished
   59.0s turn 4
  126.6s   model reply: in 33066 + cached 0, out 620 (+573 reasoning)
  126.6s   tool bash: node /kit/rag.mjs search "chase" "see" "needs" "cold" "big" "kind" "red" "green"
  126.8s turn 5
  130.5s   model reply: in 3372 + cached 32537, out 111 (+67 reasoning)
  130.5s   tool bash: node /kit/rag.mjs search "universal" "property" "variable" "all" "theory" "conditional" "chase"
  130.7s turn 6
  139.3s   model reply: in 5390 + cached 32531, out 978 (+938 reasoning)
  139.3s   tool bash: node /kit/rag.mjs entry activity statement has_state attribute_claim conditional negation conjunction meets_needs requirement ask respond possesses
  139.4s turn 7
  146.0s   model reply: in 4303 + cached 36597, out 88 (+44 reasoning)
  146.0s   tool bash: node /kit/rag.mjs search "proofwriter" "premise" "theory" "truth_value" "universal" "predicate"
  146.1s turn 8
  156.5s   model reply: in 5999 + cached 36589, out 414 (+383 reasoning)
  156.5s   tool bash: node /kit/rag.mjs entry state_cold size_large color_pink
  156.8s turn 9
  164.4s   model reply: in 2548 + cached 40638, out 133 (+108 reasoning)
  164.4s   tool bash: node /kit/rag.mjs entry lexical_label
  164.5s turn 10
  170.4s   model reply: in 3167 + cached 40622, out 73 (+41 reasoning)
  170.4s   tool bash: node /kit/rag.mjs widen "the bear chases the lion" --kind claim
  170.6s turn 11
  173.7s   model reply: in 4766 + cached 40614, out 104 (+54 reasoning)
  173.7s   tool bash: grep -E "^\| [a-z0-9_]+ \| (constructor|claim_relation|composite|speech_act) \|" /reference/glossary.md
  173.9s turn 12
  179.8s   model reply: in 2660 + cached 44670, out 394 (+364 reasoning)
  179.8s   tool bash: node /kit/rag.mjs entry property_question ask inform confirm respond subject
  180.0s turn 13
  183.6s   model reply: in 3813 + cached 44659, out 90 (+46 reasoning)
  183.6s   tool bash: node /kit/rag.mjs search "universal" "all" "truth" "theory" "premise" "rule" "inference"
  183.9s turn 14
  192.1s   model reply: in 5759 + cached 44655, out 1097 (+1067 reasoning)
  192.1s   tool bash: node /kit/rag.mjs search "user" "role_user"
  192.2s turn 15
  195.0s   model reply: in 3466 + cached 48709, out 48 (+23 reasoning)
  195.0s   tool bash: node /kit/rag.mjs entry role_user
  195.2s turn 16
  202.8s   model reply: in 3580 + cached 48689, out 1079 (+1038 reasoning)
  202.8s   tool bash: node /kit/rag.mjs search "kind" "friendly" "personality" "character_trait" "attribute_claim"
  203.0s turn 17
  205.8s   model reply: in 6273 + cached 48693, out 49 (+24 reasoning)
  205.8s   tool bash: node /kit/rag.mjs entry has_attribute
  206.3s turn 18
  210.0s   model reply: in 2422 + cached 52731, out 53 (+28 reasoning)
  210.0s   tool bash: node /kit/rag.mjs entry character_trait
  210.2s turn 19
  231.8s   model reply: in 2557 + cached 52711, out 436 (+408 reasoning)
  231.8s   tool bash: node /kit/rag.mjs entry inform propose ask confirm decline respond
  232.2s turn 20
  250.9s   model reply: in 3367 + cached 52699, out 2784 (+2746 reasoning)
  250.9s   tool bash: grep -E "^\| [a-z0-9_]+ \| constructor \|" /reference/glossary.md
  251.0s turn 21
  254.7s   model reply: in 7925 + cached 52721, out 77 (+21 reasoning)
  254.7s   tool bash: grep -E "^\| [a-z0-9_]+ \| constructor \|" /reference/glossary.md | awk -F'|' '{print $2}' | tr -d ' '
  255.0s turn 22
  273.8s   model reply: in 4270 + cached 56759, out 2779 (+2744 reasoning)
  273.8s   tool bash: node /kit/rag.mjs search "character_trait" "character" "property_question"
  274.1s turn 23
  286.0s   model reply: in 4126 + cached 60831, out 1563 (+710 reasoning)
  286.0s   tool write: /output/translation.md
  286.1s turn 24
  291.0s   model reply: in 5703 + cached 60821, out 53 (+23 reasoning)
  291.0s   tool bash: node /kit/rag.mjs check --translation /output/translation.md
  292.4s turn 25
  326.3s   model reply: in 2636 + cached 64865, out 6086 (+3113 reasoning)
  326.3s   tool write: /output/translation.md
  326.4s turn 26
  339.4s   model reply: in 57073 + cached 0, out 53 (+23 reasoning)
  339.4s   tool bash: node /kit/rag.mjs check --translation /output/translation.md
  339.6s turn 27
  353.9s   model reply: in 5221 + cached 52769, out 1923 (+1766 reasoning)
  353.9s   tool bash: node /kit/rag.mjs widen "if something is red then it is green" --kind reasoning
node /kit/rag.mjs widen "if something sees the rabbit and the rabbit is green th
  357.1s turn 28
  388.8s   model reply: in 6614 + cached 56853, out 4623 (+1517 reasoning)
  388.8s   tool write: /output/translation.md
  388.8s turn 29
  396.8s   model reply: in 7168 + cached 60926, out 53 (+23 reasoning)
  396.8s   tool bash: node /kit/rag.mjs check --translation /output/translation.md
  397.1s turn 30
  437.4s   model reply: in 4081 + cached 64975, out 7808 (+4688 reasoning)
  437.4s   tool write: /output/translation.md
  437.5s turn 31
  454.9s   model reply: in 59860 + cached 0, out 53 (+23 reasoning)
  454.9s   tool bash: node /kit/rag.mjs check --translation /output/translation.md
  455.1s turn 32
  463.9s   model reply: in 3851 + cached 56971, out 415 (+194 reasoning)
  464.0s agent finished
  464.0s agent finished
