    5.9s turn 1
   32.9s   model reply: in 2469 + cached 0, out 4401 (+4370 reasoning)
   32.9s   tool bash: ls -la /
ls -la /output 2>/dev/null || true
   33.2s turn 2
   37.0s   model reply: in 7670 + cached 0, out 97 (+73 reasoning)
   37.0s   tool read: /attach/1-format-reconstruction.md
   38.0s turn 3
   40.8s   model reply: in 3976 + cached 3958, out 29 (+12 reasoning)
   40.8s   tool read: /trajectory.txt
   41.0s turn 4
   79.7s   model reply: in 4867 + cached 3962, out 6166 (+5608 reasoning)
   79.7s   tool write: /output/reconstruction.md
   80.6s turn 5
   83.8s   model reply: in 6982 + cached 8018, out 51 (+31 reasoning)
   83.8s   tool read: /output/reconstruction.md
   84.0s turn 6
   87.4s   model reply: in 3562 + cached 12021, out 90 (+68 reasoning)
   88.0s agent finished
   88.0s agent finished
