    3.1s turn 1
   14.3s   model reply: in 33988 + cached 0, out 1418 (+1374 reasoning)
   14.3s   tool bash: node /kit/rag.mjs search "reward" "celebrate" "movie" "gift" "craft" "scavenger hunt"
   14.5s turn 2
   18.3s   model reply: in 4547 + cached 32545, out 113 (+70 reasoning)
   18.3s   tool bash: node /kit/rag.mjs entry well_wishes greeting promotional_event activity subject sequence conjunction requirement ask propose respond inform express_interest off
   18.5s turn 3
   22.0s   model reply: in 2688 + cached 36606, out 163 (+103 reasoning)
   22.0s   tool bash: node /kit/rag.mjs entry art_plan art_itinerary style_academic unit_day unit_week role_daughter role_kids temporal_context motivated_by enables important works_b
   22.4s turn 4
   30.3s   model reply: in 4009 + cached 36595, out 802 (+757 reasoning)
   30.3s   tool bash: node /kit/rag.mjs search "weekend" "award" "celebration" "picnic" "experiment" "prize" "certificate"
   30.6s turn 5
   35.3s   model reply: in 6727 + cached 36593, out 338 (+300 reasoning)
   35.3s   tool bash: node /kit/rag.mjs search "current time" "today" "day of week" "time point"
   35.5s turn 6
   38.8s   model reply: in 4336 + cached 40650, out 110 (+79 reasoning)
   38.8s   tool bash: node /kit/rag.mjs entry time_point temporal_context prep_time
   38.9s turn 7
   49.1s   model reply: in 4827 + cached 40634, out 683 (+643 reasoning)
   49.1s   tool bash: node /kit/rag.mjs search "count" "number of ideas" "two ideas" "limit" "quantity"
   49.8s turn 8
   53.9s   model reply: in 2897 + cached 44693, out 98 (+64 reasoning)
   53.9s   tool bash: node /kit/rag.mjs entry group_size measure requirement duration at_most at_least
   54.7s turn 9
   72.2s   model reply: in 4175 + cached 44682, out 2814 (+2782 reasoning)
   72.2s   tool bash: node /kit/rag.mjs search "wish" "speech act" "enjoy"
   72.4s turn 10
   78.0s   model reply: in 3754 + cached 48752, out 468 (+426 reasoning)
   78.0s   tool bash: node /kit/rag.mjs entry meets_needs has_goal designed_to_be comfortable motivated_by enables recommended works_best
   78.1s turn 11
   81.5s   model reply: in 5031 + cached 48742, out 88 (+51 reasoning)
   81.5s   tool bash: node /kit/rag.mjs search "combine" "fun" "learning" "blend" "effort"
   81.7s turn 12
   85.1s   model reply: in 2427 + cached 52794, out 62 (+28 reasoning)
   85.1s   tool bash: node /kit/rag.mjs entry offer_help word_blend training_program trained_for
   85.2s turn 13
   99.0s   model reply: in 2968 + cached 52778, out 2622 (+2562 reasoning)
   99.0s   tool bash: node /kit/rag.mjs entry animal_label::butterfly animal_label::bird food_label::sandwich food_label::fruit food_label::ice_cream food_label::cookie food_label::p
   99.2s turn 14
  102.6s   model reply: in 6428 + cached 52786, out 121 (+96 reasoning)
  102.6s   tool bash: node /kit/rag.mjs entry ice_cream
  102.7s turn 15
  109.7s   model reply: in 2579 + cached 56827, out 676 (+640 reasoning)
  109.7s   tool bash: node /kit/rag.mjs search "today is" "it is weekend" "on the weekend"
  110.0s turn 16
  113.3s   model reply: in 4108 + cached 56819, out 67 (+42 reasoning)
  113.3s   tool bash: node /kit/rag.mjs entry occurred_recently
  113.6s turn 17
  138.2s   model reply: in 4261 + cached 56800, out 4488 (+4413 reasoning)
  138.2s   tool bash: node /kit/rag.mjs entry object_label::sticker object_label::bookmark object_label::keepsake object_label::trophy object_label::diploma object_label::volcano obj
  138.3s turn 18
  144.5s   model reply: in 5757 + cached 60886, out 115 (+87 reasoning)
  144.5s   tool bash: node /kit/rag.mjs entry object_label::blanket
  144.7s turn 19
  148.3s   model reply: in 6009 + cached 60868, out 128 (+65 reasoning)
  148.3s   tool bash: node /kit/rag.mjs entry object_label::fort object_label::certificate object_label::lamp object_label::movie object_label::game object_label::zoo object_label::a
  149.0s turn 20
  176.9s   model reply: in 3042 + cached 64915, out 4486 (+4453 reasoning)
  176.9s   tool bash: node /kit/rag.mjs search "role_agent" "agent" "speaker"
  177.1s turn 21
  192.3s   model reply: in 60447 + cached 0, out 72 (+44 reasoning)
  192.4s   tool bash: node /kit/rag.mjs entry role_agent role_user
  194.3s turn 22
  226.9s   model reply: in 3775 + cached 56837, out 6628 (+4615 reasoning)
  226.9s   tool write: /output/translation.md
  226.9s turn 23
  230.7s   model reply: in 10379 + cached 56865, out 53 (+23 reasoning)
  230.7s   tool bash: node /kit/rag.mjs check --translation /output/translation.md
  230.8s turn 24
  260.0s   model reply: in 3012 + cached 64974, out 5816 (+3754 reasoning)
  260.0s   tool write: /output/translation.md
  260.0s turn 25
  325.8s   model reply: in 60757 + cached 0, out 54 (+24 reasoning)
  325.8s   tool bash: node /kit/rag.mjs check --translation /output/translation.md
  325.9s turn 26
  332.4s   model reply: in 61500 + cached 0, out 307 (+161 reasoning)
  332.4s agent finished
  332.4s agent finished
