    6.9s turn 1
   66.7s   model reply: in 2252 + cached 0, out 79 (+62 reasoning)
   66.7s   tool read: /trajectory.txt
   66.7s turn 2
  109.0s   model reply: in 2965 + cached 0, out 7010 (+6950 reasoning)
  109.0s   tool bash: python3 -c '
with open("/trajectory.txt", "r") as f:
    text = f.read()

print("Length:", len(text))
print("Lines:", repr(text))
'
  109.0s turn 3
  111.7s   model reply: in 9998 + cached 0, out 68 (+14 reasoning)
  111.7s   tool bash: node -e '
const fs = require("fs");
const text = fs.readFileSync("/trajectory.txt", "utf8");
console.log(JSON.stringify(text));
'
  111.8s turn 4
  174.1s   model reply: in 2750 + cached 7970, out 10500 (+10459 reasoning)
  174.1s   tool bash: node -e '
const fs = require("fs");
console.log("Output exists?", fs.existsSync("/output"));
'
  174.2s turn 5
  191.5s   model reply: in 13154 + cached 8070, out 3006 (+1679 reasoning)
  191.5s   tool write: /output/translation.md
  191.5s turn 6
  194.9s   model reply: in 4043 + cached 20191, out 37 (+18 reasoning)
  194.9s   tool read: /output/translation.md
  195.0s turn 7
  204.0s   model reply: in 5384 + cached 20189, out 1319 (+16 reasoning)
  204.1s agent finished
  204.1s agent finished
