    3.0s turn 1
   12.8s   model reply: in 0 + cached 0, out 0 (+0 reasoning)
   12.8s agent finished
   14.8s turn 2
   28.4s   model reply: in 0 + cached 0, out 0 (+0 reasoning)
   28.4s agent finished
   32.4s turn 3
   59.0s   model reply: in 0 + cached 0, out 0 (+0 reasoning)
   59.0s agent finished
   67.0s turn 4
  130.3s   model reply: in 5876 + cached 20300, out 777 (+729 reasoning)
  130.3s   tool bash: node /kit/rag.mjs search "compliment" "praise" "thank" "gratitude" "appreciation" "dedication" "contribution"
  131.0s turn 5
  147.6s   model reply: in 4498 + cached 24361, out 63 (+24 reasoning)
  147.6s   tool bash: node /kit/rag.mjs search "express" "compliment" "thank" "praise" "more"
  147.7s turn 6
  161.2s   model reply: in 5947 + cached 24354, out 65 (+35 reasoning)
  161.2s   tool bash: grep -E "\| speech_act \|" /reference/glossary.md
  161.2s turn 7
  164.5s   model reply: in 2443 + cached 28397, out 84 (+48 reasoning)
  164.5s   tool bash: grep -E "\| (constructor|claim_relation|composite) \|" /reference/glossary.md
  164.6s turn 8
  179.8s   model reply: in 4326 + cached 28394, out 452 (+422 reasoning)
  179.8s   tool bash: node /kit/rag.mjs widen "write a compliment" --kind action
  179.9s turn 9
  197.0s   model reply: in 2188 + cached 32447, out 1461 (+1398 reasoning)
  197.0s   tool bash: node /kit/rag.mjs entry well_wishes greeting acknowledge apologize ask confirm decline express_interest inform offer propose respond activity conjunction decisi
  197.1s turn 10
  201.3s   model reply: in 5675 + cached 32458, out 91 (+52 reasoning)
  201.3s   tool bash: node /kit/rag.mjs entry focus_of important involves meets_needs ongoing provides recommended works_best has_attribute
  201.4s turn 11
  207.2s   model reply: in 2835 + cached 36505, out 111 (+74 reasoning)
  207.2s   tool bash: node /kit/rag.mjs search "person" "project" "help" "detail" "technical"
  207.3s turn 12
  211.2s   model reply: in 4341 + cached 36499, out 98 (+48 reasoning)
  211.2s   tool bash: grep -E "^\| [a-z0-9_]+ \| constructor \|" /reference/glossary.md | awk -F'|' '{print $2}'
  211.2s turn 13
  216.2s   model reply: in 4829 + cached 36484, out 64 (+12 reasoning)
  216.2s   tool bash: grep -E "^\| [a-z0-9_]+ \| claim_relation \|" /reference/glossary.md | awk -F'|' '{print $2}'
  216.3s turn 14
  219.5s   model reply: in 5179 + cached 36468, out 67 (+10 reasoning)
  219.5s   tool bash: grep -E "^\| [a-z0-9_]+ \| (link|composite) \|" /reference/glossary.md | awk -F'|' '{print $2, $3}'
  219.5s turn 15
  225.3s   model reply: in 5611 + cached 36453, out 128 (+90 reasoning)
  225.3s   tool bash: node /kit/rag.mjs entry interpersonal_stance attribute_claim statement attitude perceived_as role user_preference request
  225.5s turn 16
  263.2s   model reply: in 2702 + cached 40495, out 2161 (+2121 reasoning)
  263.2s   tool bash: grep -in -E "(compliment|praise|gratitude|thank|appreciat)" /reference/glossary.md
  263.2s turn 17
  266.3s   model reply: in 4871 + cached 40497, out 122 (+74 reasoning)
  266.3s   tool bash: grep -in -E "(discourse|sentiment|social|polite|compliment|praise|thank|attitude|stance)" /reference/glossary.md
  266.5s turn 18
  271.8s   model reply: in 2510 + cached 44544, out 541 (+515 reasoning)
  271.8s   tool bash: grep -n "check" /kit/rag.mjs
  271.8s turn 19
  297.2s   model reply: in 3185 + cached 44531, out 5308 (+4217 reasoning)
  297.2s   tool bash: cat << 'EOF' > /output/translation.md
Status: success
Mode: TRACE

## BrainCode

```braincode
MODE TRACE
ENTRYPOINT Conversation
CONVO Conversation {
  TURN t1 
  297.3s turn 20
  303.6s   model reply: in 8960 + cached 44569, out 616 (+588 reasoning)
  303.6s   tool bash: node /kit/rag.mjs entry role_agent role_user
  303.8s turn 21
  307.2s   model reply: in 5630 + cached 48608, out 135 (+105 reasoning)
  307.2s   tool bash: node /kit/rag.mjs entry user agent role_agent role_user
  307.3s turn 22
  326.1s   model reply: in 5925 + cached 48592, out 3687 (+2501 reasoning)
  326.1s   tool bash: cat << 'EOF' > /output/translation.md
Status: success
Mode: TRACE

## BrainCode

```braincode
MODE TRACE
ENTRYPOINT Conversation
CONVO Conversation {
  TURN t1 
  326.2s turn 23
  331.1s   model reply: in 6049 + cached 52664, out 484 (+454 reasoning)
  331.1s   tool bash: node /kit/rag.mjs check --translation /output/translation.md
  331.3s turn 24
  334.5s   model reply: in 3001 + cached 56705, out 62 (+14 reasoning)
  334.5s agent finished
  334.5s agent finished
