   16.5s turn 1
   26.3s   model reply: in 30242 + cached 0, out 830 (+777 reasoning)
   26.8s   tool bash: node /kit/rag.mjs search "chases" "likes" "eats" "young" "big" "green" "blue" "theory" "based only on"
   29.5s turn 2
   34.7s   model reply: in 5050 + cached 28456, out 371 (+339 reasoning)
   34.7s   tool bash: node /kit/rag.mjs entry activity attribute_claim statement conditional conjunction negation subject requirement
   36.4s turn 3
   39.7s   model reply: in 3242 + cached 32517, out 81 (+40 reasoning)
   39.7s   tool bash: node /kit/rag.mjs search "universal" "all" "property" "entity" "variable" "quantifier"
   41.8s turn 4
   45.4s   model reply: in 4967 + cached 32509, out 93 (+52 reasoning)
   45.4s   tool bash: node /kit/rag.mjs search "question" "choice" "prove" "premise" "rule" "fact"
   47.5s turn 5
   61.1s   model reply: in 31047 + cached 8125, out 1178 (+1147 reasoning)
   61.1s   tool bash: node /kit/rag.mjs entry role_user role_agent role_manager
   61.8s turn 6
   69.9s   model reply: in 3938 + cached 36555, out 147 (+112 reasoning)
   69.9s   tool bash: grep -i "proofwriter" /reference/examples.jsonl 2>/dev/null || true
   70.2s turn 7
   74.9s   model reply: in 4107 + cached 36536, out 53 (+27 reasoning)
   74.9s   tool bash: head -n 20 /reference/examples.jsonl
   74.9s turn 8
   88.0s   model reply: in 5339 + cached 36527, out 43 (+20 reasoning)
   88.0s   tool bash: wc -l /reference/examples.jsonl
   88.1s turn 9
   96.9s   model reply: in 5409 + cached 36508, out 172 (+116 reasoning)
   96.9s   tool bash: grep -E "^\| (statement|attribute_claim|conditional|conjunction|negation|subject|requirement|activity|ask|respond|inform|confirm) \|" /reference/glossary.md
   97.2s turn 10
  103.5s   model reply: in 2244 + cached 40552, out 69 (+41 reasoning)
  103.5s   tool bash: grep -E "\| constructor \|" /reference/glossary.md
  103.6s turn 11
  113.5s   model reply: in 4112 + cached 40549, out 1240 (+1200 reasoning)
  113.5s   tool bash: node /kit/rag.mjs search "young" "big" "age" "size" "trait" "status"
  113.8s turn 12
  124.2s   model reply: in 3040 + cached 44612, out 91 (+58 reasoning)
  124.2s   tool bash: node /kit/rag.mjs entry attribute_claim has_attribute statement activity conditional conjunction negation
  124.5s turn 13
  132.9s   model reply: in 4518 + cached 44605, out 350 (+313 reasoning)
  132.9s   tool bash: node /kit/rag.mjs search "property" "attribute" "color" "size" --kind constructor
  133.1s turn 14
  143.1s   model reply: in 6043 + cached 44599, out 824 (+786 reasoning)
  143.1s   tool bash: grep -E "^\| [a-z0-9_]+ \| constructor \|" /reference/glossary.md
  143.2s turn 15
  154.0s   model reply: in 4604 + cached 48658, out 71 (+21 reasoning)
  154.0s   tool bash: grep -E "^\| [a-z0-9_]+ \| constructor \|" /reference/glossary.md | cut -d'|' -f2,4
  154.2s turn 16
  168.1s   model reply: in 2787 + cached 52714, out 317 (+281 reasoning)
  168.1s   tool bash: node /kit/rag.mjs entry lexical_label interpersonal_stance character_trait constraint_single_choice
  168.8s turn 17
  202.4s   model reply: in 3910 + cached 52704, out 4150 (+3353 reasoning)
  202.4s   tool write: /output/translation.md
  202.5s turn 18
  210.5s   model reply: in 8050 + cached 52718, out 53 (+23 reasoning)
  210.5s   tool bash: node /kit/rag.mjs check --translation /output/translation.md
  210.8s turn 19
  256.7s   model reply: in 4851 + cached 56761, out 7199 (+4794 reasoning)
  256.7s   tool write: /output/translation.md
  256.8s turn 20
  264.3s   model reply: in 7957 + cached 60858, out 53 (+23 reasoning)
  264.3s   tool bash: node /kit/rag.mjs check --translation /output/translation.md
  266.6s turn 21
  319.0s   model reply: in 4700 + cached 64901, out 8236 (+5791 reasoning)
  319.0s   tool write: /output/translation.md
  319.0s turn 22
  332.2s   model reply: in 53152 + cached 0, out 53 (+23 reasoning)
  332.2s   tool bash: node /kit/rag.mjs check --translation /output/translation.md
  332.5s turn 23
  338.1s   model reply: in 5147 + cached 48791, out 365 (+44 reasoning)
  338.1s agent finished
  338.1s agent finished
