    3.8s turn 1
   13.9s   model reply: in 28667 + cached 0, out 1473 (+1420 reasoning)
   13.9s   tool bash: node /kit/rag.mjs search "discussion question" "group discussion" "open ended" "no definitive answer" "The Social Dilemma" "misinformation" "mental health"
   14.3s turn 2
   18.0s   model reply: in 32136 + cached 0, out 124 (+64 reasoning)
   18.0s   tool bash: grep -iE "documentary|research|paper|film|discuss|question|theme|summary|dilemma|misinformation|social_media|attention|manipulat|bias" /reference/glossary.md
   18.2s turn 3
   21.2s   model reply: in 4554 + cached 28434, out 78 (+55 reasoning)
   21.2s   tool bash: wc -l /reference/glossary.md
   21.2s turn 4
   24.1s   model reply: in 4661 + cached 28415, out 91 (+49 reasoning)
   24.1s   tool bash: grep -E "\| (constructor|claim_relation|speech_act|link|composite) \|" /reference/glossary.md
   24.2s turn 5
   30.8s   model reply: in 0 + cached 0, out 0 (+0 reasoning)
   30.9s agent finished
   32.8s turn 6
   46.5s   model reply: in 0 + cached 0, out 0 (+0 reasoning)
   46.5s agent finished
   50.5s turn 7
   62.0s   model reply: in 0 + cached 0, out 0 (+0 reasoning)
   62.0s agent finished
   70.0s turn 8
   92.7s   model reply: in 0 + cached 0, out 0 (+0 reasoning)
   92.7s agent finished
  108.7s turn 9
  166.6s   model reply: in 35013 + cached 0, out 97 (+55 reasoning)
  166.6s   tool bash: grep -E "^\| [a-zA-Z0-9_]+ \| claim_relation \|" /reference/glossary.md
  166.6s turn 10
  180.2s   model reply: in 4575 + cached 32468, out 60 (+9 reasoning)
  180.2s   tool bash: tail -n +35 <(grep -E "^\| [a-zA-Z0-9_]+ \| claim_relation \|" /reference/glossary.md)
  180.4s turn 11
  191.9s   model reply: in 2247 + cached 36521, out 56 (+16 reasoning)
  191.9s   tool bash: grep -E "^\| [a-zA-Z0-9_]+ \| constructor \|" /reference/glossary.md
  192.0s turn 12
  209.5s   model reply: in 40620 + cached 0, out 325 (+280 reasoning)
  209.5s   tool bash: node /kit/rag.mjs search "documentary" "no correct answer" "group discussion" "open ended" "subject" "genre"
  209.8s turn 13
  225.3s   model reply: in 2224 + cached 40573, out 292 (+258 reasoning)
  225.3s   tool bash: node /kit/rag.mjs entry lexical_label subject requirement focus_of attribute_claim statement
  225.4s turn 14
  234.4s   model reply: in 4188 + cached 40570, out 218 (+61 reasoning)
  234.4s   tool bash: node /kit/rag.mjs widen "t1:s1 user asks for a discussion question based on a documentary" --kind speech_act
node /kit/rag.mjs widen "t1:s1 suitable for group d
  235.2s turn 15
  242.2s   model reply: in 3484 + cached 44636, out 163 (+35 reasoning)
  242.2s   tool bash: node /kit/rag.mjs widen "t2:s1 The Social Dilemma explores ethical concerns and consequences of social media usage"
node /kit/rag.mjs widen "t2:s3 balancing soc
  242.9s turn 16
  250.1s   model reply: in 6915 + cached 44645, out 231 (+19 reasoning)
  250.1s   tool bash: node /kit/rag.mjs widen "t4:s1 The Social Dilemma investigates hidden dangers and harmful effects of social media"
node /kit/rag.mjs widen "t4:s2 tech companies
  251.3s turn 17
  260.2s   model reply: in 55096 + cached 0, out 455 (+430 reasoning)
  260.2s   tool bash: grep -rn "subject(" /reference/ /attach/
  260.4s turn 18
  265.3s   model reply: in 4823 + cached 52773, out 344 (+288 reasoning)
  265.3s   tool bash: grep -iE "interview|ethical|dilemma|harm|manipulat|attention|recommend|privacy|benefit|mental|health|cooperation|mitigat" /reference/glossary.md
  265.4s turn 19
  279.4s   model reply: in 9707 + cached 48701, out 822 (+790 reasoning)
  279.4s   tool bash: grep -E "\| (constructor|composite) \|" /reference/glossary.md
  279.5s turn 20
  288.9s   model reply: in 4206 + cached 56820, out 103 (+45 reasoning)
  288.9s   tool bash: grep -E "^\| [a-zA-Z0-9_]+ \| (constructor|composite) \|" /reference/glossary.md | cut -d'|' -f2,3,4
  289.0s turn 21
  294.5s   model reply: in 63176 + cached 0, out 81 (+14 reasoning)
  294.5s   tool bash: tail -n +35 <(grep -E "^\| [a-zA-Z0-9_]+ \| (constructor|composite) \|" /reference/glossary.md | cut -d'|' -f2,3,4)
  294.6s turn 22
  328.6s   model reply: in 4486 + cached 60875, out 5053 (+4998 reasoning)
  328.6s   tool bash: node /kit/rag.mjs entry role_agent role_user focus_of leads_to controversial enables causes statement attribute_claim provides unaware beliefs personal_values p
  328.7s turn 23
  386.5s   model reply: in 44267 + cached 0, out 1144 (+1112 reasoning)
  386.5s   tool bash: node /kit/rag.mjs entry role involves opposes distracts_from activity obligation dialogue
  386.6s turn 24
  390.6s   model reply: in 6124 + cached 40643, out 59 (+34 reasoning)
  390.6s   tool bash: node /kit/rag.mjs entry lexical_label
  390.7s turn 25
  394.7s   model reply: in 2605 + cached 44691, out 203 (+165 reasoning)
  394.7s   tool bash: node /kit/rag.mjs entry causes leads_to statement attribute_claim important user_practice user_preference recommended
  395.0s turn 26
  424.5s   model reply: in 48413 + cached 0, out 4562 (+2790 reasoning)
  424.5s   tool bash: cat << 'EOF' > /output/translation.md
Status: success
Mode: TRACE

## BrainCode

```braincode
MODE TRACE
ENTRYPOINT Conversation
CONVO Conversation {
  TURN t1 
  425.7s turn 27
  430.1s   model reply: in 8883 + cached 44697, out 234 (+194 reasoning)
  430.1s   tool bash: node /kit/rag.mjs widen "The Social Dilemma explores ethical concerns and consequences of social media usage" --kind claim
  430.6s turn 28
  442.8s   model reply: in 2814 + cached 52818, out 1958 (+186 reasoning)
  442.8s   tool bash: cat << 'EOF' > /output/translation.md
Status: success
Mode: TRACE

## BrainCode

```braincode
MODE TRACE
ENTRYPOINT Conversation
CONVO Conversation {
  TURN t1 
  443.1s turn 29
  477.8s   model reply: in 5378 + cached 52817, out 7067 (+5325 reasoning)
  477.8s   tool bash: cat << 'EOF' > /output/translation.md
Status: success
Mode: TRACE

## BrainCode

```braincode
MODE TRACE
ENTRYPOINT Conversation
CONVO Conversation {
  TURN t1 
  479.2s turn 30
  485.1s   model reply: in 8970 + cached 56915, out 522 (+453 reasoning)
  485.1s agent finished
  485.1s agent finished
