    1.7s turn 1
   10.0s   model reply: in 11464 + cached 0, out 980 (+955 reasoning)
   10.0s   tool bash: node /kit/rag.mjs entry inscribed_text
   10.1s turn 2
   14.3s   model reply: in 4425 + cached 8028, out 50 (+27 reasoning)
   14.3s   tool bash: node /kit/rag.mjs --help
   14.3s turn 3
   26.3s   model reply: in 12541 + cached 0, out 43 (+25 reasoning)
   26.3s   tool bash: ls -la /kit
   26.4s turn 4
   48.3s   model reply: in 4747 + cached 8004, out 34 (+14 reasoning)
   48.3s   tool bash: cat /kit/README.md
   48.3s turn 5
   55.5s   model reply: in 5939 + cached 8008, out 39 (+22 reasoning)
   55.5s   tool bash: ls -la /
   55.5s turn 6
   60.9s   model reply: in 2759 + cached 12009, out 34 (+16 reasoning)
   60.9s   tool bash: cat /prompt.md
   60.9s turn 7
   87.9s   model reply: in 3265 + cached 12001, out 30 (+12 reasoning)
   87.9s   tool bash: ls -la /reference
   87.9s turn 8
   96.9s   model reply: in 3511 + cached 11989, out 45 (+24 reasoning)
   96.9s   tool bash: cat /reference/examples.jsonl
   97.0s turn 9
  102.7s   model reply: in 4720 + cached 11995, out 75 (+52 reasoning)
  102.7s   tool bash: grep -i "alfred" /reference/*
  102.7s turn 10
  107.3s   model reply: in 4819 + cached 11981, out 53 (+30 reasoning)
  107.3s   tool bash: grep -i "inscribed" /reference/*
  107.4s turn 11
  128.0s   model reply: in 4896 + cached 11967, out 2701 (+2671 reasoning)
  128.0s   tool bash: grep -n "in_front_of" /reference/glossary.md
  128.1s turn 12
  140.3s   model reply: in 3648 + cached 15998, out 1788 (+1761 reasoning)
  140.3s   tool bash: find / -name "*reconstruction*" 2>/dev/null
  140.3s turn 13
  143.1s   model reply: in 5431 + cached 16013, out 28 (+10 reasoning)
  143.1s   tool bash: ls -la /output
  143.1s turn 14
  146.9s   model reply: in 5527 + cached 15998, out 35 (+17 reasoning)
  146.9s   tool bash: ls -la /session
  147.0s turn 15
  175.8s   model reply: in 5719 + cached 15986, out 4394 (+4372 reasoning)
  175.8s   tool bash: cat /kit/needs_prompt.md
  175.9s turn 16
  204.8s   model reply: in 6719 + cached 20058, out 2662 (+2640 reasoning)
  204.8s   tool bash: grep -n "NL:" /reference/*
  204.9s turn 17
  210.8s   model reply: in 31834 + cached 0, out 68 (+34 reasoning)
  210.8s   tool bash: sed -n '310,325p' /reference/glossary.jsonl
  210.8s turn 18
  214.2s   model reply: in 5541 + cached 28165, out 60 (+30 reasoning)
  214.2s   tool bash: grep -E "kind\": \"example" /reference/glossary.jsonl
  214.2s turn 19
  242.5s   model reply: in 3165 + cached 32196, out 4712 (+4653 reasoning)
  242.5s   tool write: /output/reconstruction.md
  242.5s turn 20
  245.9s   model reply: in 7837 + cached 32241, out 40 (+20 reasoning)
  245.9s   tool read: /output/reconstruction.md
  245.9s turn 21
  250.2s   model reply: in 3898 + cached 36253, out 57 (+38 reasoning)
  250.2s agent finished
  250.2s agent finished
