    3.9s turn 1
   13.6s   model reply: in 3 + cached 0, out 789 (+516 reasoning)
   13.6s   tool bash: node /kit/rag.mjs widen "user requests cooling a lettuce slice and placing it on the counter" --kind action && node /kit/rag.mjs widen "cool or chill a food obj
   13.6s   tool bash: node /kit/rag.mjs search "describe an intended action or goal with object and operation" "compose sequence of actions as a TERM" "cool an object with a refriger
   13.6s   tool bash: node /kit/rag.mjs entry chill cool activity sequence action_description goal place walk face turn
   15.0s turn 2
   31.5s   model reply: in 3 + cached 25289, out 1528 (+1244 reasoning)
   31.5s   tool bash: node /kit/rag.mjs entry ask request has_goal activity sequence subject spatial_constraint location_spec spatial_state state_sliced chill remove role_user role_a
   31.5s   tool bash: node /kit/rag.mjs search "TERM description of a food item in a state such as sliced" "TERM entity or object description with state and location" "rotate around 
   31.5s   tool bash: node /kit/rag.mjs widen "cut lettuce into slices: resulting object is a slice of lettuce" --kind object && node /kit/rag.mjs widen "turn around and step forward
   35.2s turn 3
  112.7s   model reply: in 3 + cached 31726, out 7903 (+5759 reasoning)
  112.7s   tool write: /output/translation.md
  112.7s turn 4
  129.0s   model reply: in 3 + cached 39347, out 1590 (+984 reasoning)
  129.0s   tool edit: /output/translation.md
  129.1s turn 5
  137.5s   model reply: in 3 + cached 47268, out 946 (+0 reasoning)
  137.5s   tool write: /output/suggestions.md
  137.5s turn 6
  139.1s   model reply: in 3 + cached 48882, out 53 (+15 reasoning)
  139.1s   tool bash: node /kit/rag.mjs check --translation /output/translation.md
  139.3s turn 7
  147.7s   model reply: in 3 + cached 49846, out 568 (+465 reasoning)
  147.7s   tool edit: /output/translation.md
  147.7s turn 8
  155.8s   model reply: in 3 + cached 50496, out 772 (+719 reasoning)
  155.9s agent finished
  155.9s agent finished
