    3.0s turn 1
    9.0s   model reply: in 3 + cached 0, out 85 (+0 reasoning)
    9.0s   tool bash: node /kit/rag.mjs search "description object spatial relation containing knife pan" "described procedure ordered action steps speech command" "nearest knife nex
    9.4s turn 2
   12.8s   model reply: in 3 + cached 30208, out 75 (+0 reasoning)
   12.8s   tool bash: node /kit/rag.mjs entry spatial_constraint location_spec sequence spatial_state entity_description action_description command direction_left direction_forward i
   13.1s turn 3
   27.1s   model reply: in 3 + cached 32274, out 481 (+264 reasoning)
   27.1s   tool bash: node /kit/rag.mjs entry request obligation; node /kit/rag.mjs search "forward left around direction" "entity description qualifier color constraints" "left side
   29.4s turn 4
   49.7s   model reply: in 3 + cached 33467, out 688 (+516 reasoning)
   49.7s   tool bash: node /kit/rag.mjs entry conjunction constrained_by role_user; for q in "pan containing the knife qualified object description" "walk forward turn left towards b
   54.2s turn 5
   87.4s   model reply: in 3 + cached 36454, out 1153 (+1034 reasoning)
   87.4s   tool bash: node /kit/rag.mjs widen "motion direction forward left turn around and spatial side top rear" --kind constraint | grep -E '^(- `|# Candidates)' | head -16; node
   87.9s turn 6
  146.8s   model reply: in 3 + cached 39775, out 3804 (+194 reasoning)
  146.8s   tool write: /output/translation.md
  146.9s turn 7
  199.7s   model reply: in 3 + cached 42181, out 2972 (+74 reasoning)
  199.7s   tool write: /output/suggestions.md
  199.7s turn 8
  202.3s   model reply: in 3 + cached 46003, out 36 (+0 reasoning)
  202.3s   tool bash: node /kit/rag.mjs check --translation /output/translation.md
  203.0s turn 9
  223.0s   model reply: in 3 + cached 48993, out 694 (+506 reasoning)
  223.0s   tool edit: /output/translation.md
  223.0s turn 10
  227.4s   model reply: in 3 + cached 49855, out 50 (+0 reasoning)
  227.5s agent finished
  227.5s agent finished
