    5.2s turn 1
   22.1s   model reply: in 0 + cached 0, out 0 (+0 reasoning)
   22.1s agent finished
   24.1s turn 2
   38.1s   model reply: in 0 + cached 0, out 0 (+0 reasoning)
   38.1s agent finished
   42.1s turn 3
   53.3s   model reply: in 0 + cached 0, out 0 (+0 reasoning)
   53.3s agent finished
   61.4s turn 4
   83.9s   model reply: in 0 + cached 0, out 0 (+0 reasoning)
   83.9s agent finished
   99.9s turn 5
  181.8s   model reply: in 30620 + cached 0, out 1127 (+1087 reasoning)
  181.8s   tool bash: node /kit/rag.mjs search "propose" "inform" "art_story" "character" "aesthetic"
  182.0s turn 6
  191.4s   model reply: in 5001 + cached 28455, out 747 (+700 reasoning)
  191.4s   tool bash: node /kit/rag.mjs search "adaptation" "plot" "setting" "story" "incept" "dream" "movie" "game"
  191.5s turn 7
  199.9s   model reply: in 3869 + cached 32521, out 90 (+42 reasoning)
  199.9s   tool bash: grep -E "^\| [a-z0-9_]+ \| (constructor|claim_relation|speech_act|composite)" /reference/glossary.md
  199.9s turn 8
  215.0s   model reply: in 5811 + cached 32515, out 2220 (+2097 reasoning)
  215.0s   tool bash: node /kit/rag.mjs widen "write the plot of the movie Inception" --kind action
node /kit/rag.mjs widen "set the story in a medieval fantasy setting" --kind const
  215.7s turn 9
  219.5s   model reply: in 7161 + cached 36596, out 74 (+36 reasoning)
  219.5s   tool bash: grep -E "^\| [a-z0-9_]+ \| constructor \|" /reference/glossary.md
  219.7s turn 10
  235.4s   model reply: in 4972 + cached 40655, out 82 (+27 reasoning)
  235.4s   tool bash: grep -E "^\| [a-z0-9_]+ \| constructor \|" /reference/glossary.md | awk -F'|' '{print $2, "|", $4}'
  235.5s turn 11
  251.3s   model reply: in 3277 + cached 44716, out 69 (+12 reasoning)
  251.3s   tool bash: grep -E "^\| [a-z0-9_]+ \| claim_relation \|" /reference/glossary.md | awk -F'|' '{print $2, "|", $4}'
  251.4s turn 12
  256.8s   model reply: in 4734 + cached 44706, out 67 (+12 reasoning)
  256.8s   tool bash: grep -E "^\| [a-z0-9_]+ \| link \|" /reference/glossary.md | awk -F'|' '{print $2, "|", $4}'
  256.8s turn 13
  273.2s   model reply: in 4905 + cached 44688, out 65 (+10 reasoning)
  273.2s   tool bash: grep -E "^\| [a-z0-9_]+ \| composite \|" /reference/glossary.md | awk -F'|' '{print $2, "|", $4}'
  273.2s turn 14
  277.7s   model reply: in 5668 + cached 44674, out 90 (+49 reasoning)
  277.7s   tool bash: grep -E "^\| [a-z0-9_]+ \| value \| topic-value" /reference/glossary.md
  277.7s turn 15
  294.6s   model reply: in 2041 + cached 48718, out 75 (+21 reasoning)
  294.6s   tool bash: grep -E "^\| [a-z0-9_]+ \| value \| (style-value|recipient-value|format-value|artifact-value)" /reference/glossary.md
  294.7s turn 16
  307.2s   model reply: in 3486 + cached 48709, out 65 (+28 reasoning)
  307.2s   tool bash: awk -F'|' '{print $3}' /reference/glossary.md | sort | uniq -c
  307.2s turn 17
  318.2s   model reply: in 3684 + cached 48690, out 67 (+11 reasoning)
  318.2s   tool bash: grep -E "^\| [a-z0-9_]+ \| value \|" /reference/glossary.md | awk -F'|' '{print $4}' | sort | uniq -c
  318.2s turn 18
  334.9s   model reply: in 3993 + cached 48673, out 1077 (+1054 reasoning)
  334.9s   tool bash: node /kit/rag.mjs entry aesthetic
  335.0s turn 19
  342.5s   model reply: in 5140 + cached 48663, out 949 (+870 reasoning)
  342.5s   tool bash: node /kit/rag.mjs entry provides has_goal opposes enables created_by activity aesthetic character character_trait conjunction sequence temporal_context substitu
  342.6s turn 20
  346.1s   model reply: in 4057 + cached 52726, out 163 (+104 reasoning)
  346.1s   tool bash: node /kit/rag.mjs entry substitute naming_pattern decision self_protection time_horizon subject obligation similarity outshines unaware propose inform respond c
  346.4s turn 21
  350.4s   model reply: in 2099 + cached 56780, out 110 (+79 reasoning)
  350.4s   tool bash: node /kit/rag.mjs entry ask request statement role_user role_agent
  351.1s turn 22
  377.7s   model reply: in 2529 + cached 56763, out 4583 (+4557 reasoning)
  377.7s   tool bash: grep -i "aesthetic" /reference/glossary.md
  377.8s turn 23
  381.6s   model reply: in 7196 + cached 56786, out 173 (+113 reasoning)
  381.6s   tool bash: grep -E "^\| [a-z0-9_]+ \| composite \|" /reference/glossary.md | awk -F'|' '{print $2, "|", $4, "|", $8}'
  381.7s turn 24
  457.7s   model reply: in 4532 + cached 60835, out 15054 (+12856 reasoning)
  457.7s   tool write: /output/translation.md
  457.7s turn 25
  468.6s   model reply: in 55165 + cached 0, out 62 (+32 reasoning)
  468.6s   tool bash: node /kit/rag.mjs check --translation /output/translation.md
  468.7s turn 26
  485.4s   model reply: in 2995 + cached 52899, out 3224 (+3205 reasoning)
  485.4s   tool read: /output/translation.md
  485.4s turn 27
  488.7s   model reply: in 8380 + cached 52911, out 59 (+29 reasoning)
  488.7s   tool bash: node /kit/rag.mjs check --translation /output/translation.md
  489.2s turn 28
  495.8s   model reply: in 62017 + cached 0, out 238 (+38 reasoning)
  495.8s agent finished
  495.8s agent finished
