    9.6s turn 1
   21.9s   model reply: in 2058 + cached 0, out 1406 (+1389 reasoning)
   21.9s   tool read: /trajectory.txt
   22.1s turn 2
   26.1s   model reply: in 3903 + cached 0, out 242 (+202 reasoning)
   26.1s   tool bash: python3 -c "with open('/trajectory.txt', 'rb') as f: print(repr(f.read()))"
   27.5s turn 3
   32.7s   model reply: in 4168 + cached 0, out 58 (+20 reasoning)
   32.7s   tool bash: node -e "console.log(JSON.stringify(fs.readFileSync('/trajectory.txt', 'utf8')))"
   33.4s turn 4
   46.5s   model reply: in 4703 + cached 0, out 1939 (+1815 reasoning)
   46.5s   tool bash: node -e "
const fs = require('fs');
const content = fs.readFileSync('/trajectory.txt', 'utf8');
for (let i = 0; i < content.length; i++) {
  const code = conten
   46.6s turn 5
   96.6s   model reply: in 7425 + cached 0, out 7779 (+7707 reasoning)
   96.7s   tool bash: node -e "
const fs = require('fs');
const content = fs.readFileSync('/trajectory.txt', 'utf8');
console.log(content.split('\n').map((l, i) => i + ': ' + JSON.st
   97.0s turn 6
  150.3s   model reply: in 15750 + cached 0, out 9381 (+9313 reasoning)
  150.3s   tool bash: node -e "
const fs = require('fs');
console.log('Output dir exists:', fs.existsSync('/output'));
if (!fs.existsSync('/output')) {
  fs.mkdirSync('/output', { re
  150.8s turn 7
  161.1s   model reply: in 25136 + cached 0, out 1478 (+775 reasoning)
  161.1s   tool write: /output/translation.md
  161.1s turn 8
  164.3s   model reply: in 14508 + cached 12110, out 33 (+14 reasoning)
  164.3s   tool read: /output/translation.md
  164.3s turn 9
  167.5s   model reply: in 3118 + cached 24211, out 120 (+27 reasoning)
  167.5s   tool bash: node -e "
const fs = require('fs');
const orig = fs.readFileSync('/trajectory.txt', 'utf8');
const trans = fs.readFileSync('/output/translation.md', 'utf8');
co
  167.6s turn 10
  175.1s   model reply: in 3269 + cached 24193, out 46 (+28 reasoning)
  175.2s agent finished
  175.2s agent finished
