    1.8s turn 1
    6.7s   model reply: in 3 + cached 0, out 394 (+134 reasoning)
    6.7s   tool bash: node /kit/rag.mjs widen "search for power supply unit products with cheapest price and minimum 600 watt output" --kind constraint
    6.7s   tool bash: node /kit/rag.mjs widen "type exact search query into Search Site input field" --kind action
    6.7s   tool bash: node /kit/rag.mjs widen "click search button and click filter 600 W" --kind action
    6.7s   tool bash: node /kit/rag.mjs widen "select Lowest Price option in Featured Items combobox" --kind action
    6.7s   tool bash: node /kit/rag.mjs widen "click product image or listing" --kind action
    6.7s   tool bash: node /kit/rag.mjs widen "record UI controls and product listing observed in the agent trace" --kind object
    8.2s turn 2
   12.9s   model reply: in 3 + cached 26361, out 407 (+195 reasoning)
   12.9s   tool bash: node /kit/rag.mjs entry type_text click select_option search_web sort rank_price dir_asc at_least measure requirement web_element role_user role_agent outcome
   12.9s   tool bash: node /kit/rag.mjs search "watt power output unit measure 600 W" "recorded type_text click UI element action TRACE signature" "product listing image Hercules ATX
   12.9s   tool bash: node /kit/rag.mjs widen "600 watts power output threshold for power supply" --kind constraint
   12.9s   tool bash: node /kit/rag.mjs widen "agent completed UI sequence of text entry, button clicks and dropdown selection" --kind action
   13.7s turn 3
   21.7s   model reply: in 3 + cached 37812, out 572 (+431 reasoning)
   21.7s   tool bash: node /kit/rag.mjs search "unit of electrical power watts W" "power output requirement property maximum watts" "power supply unit product search subject"
   21.7s   tool bash: node /kit/rag.mjs widen "measure a quantity in watts, unit W" --kind constraint
   21.7s   tool bash: node /kit/rag.mjs entry ask request type_text click select_option
   22.3s turn 4
   32.9s   model reply: in 3 + cached 44291, out 845 (+783 reasoning)
   32.9s   tool bash: node /kit/rag.mjs search "TERM description of search action query target and filters" "TERM product search request cheapest product minimum output" "request to 
   33.2s turn 5
   39.8s   model reply: in 3 + cached 47326, out 437 (+391 reasoning)
   39.8s   tool bash: node /kit/rag.mjs entry lexical_label subject requirement search_web sort rank_price dir_asc unit_watt
   40.5s turn 6
   76.5s   model reply: in 3 + cached 49144, out 3804 (+2540 reasoning)
   76.5s   tool write: /output/translation.md
   76.6s turn 7
   82.8s   model reply: in 3 + cached 51427, out 664 (+0 reasoning)
   82.8s   tool write: /output/suggestions.md
   82.8s turn 8
   84.6s   model reply: in 3 + cached 55249, out 47 (+9 reasoning)
   84.6s   tool bash: node /kit/rag.mjs check --translation /output/translation.md
   84.8s turn 9
   92.7s   model reply: in 3 + cached 55931, out 751 (+680 reasoning)
   92.7s   tool bash: node /kit/rag.mjs widen "multiword object-kind label power supply unit described as a TERM without splitting words" --kind object && node /kit/rag.mjs search "T
   93.8s turn 10
  106.3s   model reply: in 3 + cached 56435, out 1459 (+622 reasoning)
  106.3s   tool edit: /output/translation.md
  106.3s turn 11
  117.0s   model reply: in 3 + cached 59798, out 691 (+146 reasoning)
  117.0s   tool edit: /output/suggestions.md
  117.0s turn 12
  118.2s   model reply: in 3 + cached 61281, out 36 (+0 reasoning)
  118.2s   tool bash: node /kit/rag.mjs check --translation /output/translation.md
  118.3s turn 13
  128.6s   model reply: in 3 + cached 61996, out 928 (+705 reasoning)
  128.6s   tool edit: /output/translation.md
  128.7s turn 14
  137.6s   model reply: in 3 + cached 62446, out 545 (+323 reasoning)
  137.6s   tool edit: /output/suggestions.md
  137.6s turn 15
  139.8s   model reply: in 3 + cached 63398, out 114 (+0 reasoning)
  139.9s agent finished
  139.9s agent finished
