    4.9s turn 1
   13.8s   model reply: in 3 + cached 0, out 681 (+417 reasoning)
   13.8s   tool bash: node /kit/rag.mjs entry walk turn face pick_up place rank_distance left_of on next_to under pan knife table lettuce stove safe color_label object_label
   13.8s   tool bash: node /kit/rag.mjs widen "pan containing knife placed on table as a requested action" --kind constraint && node /kit/rag.mjs widen "walk forward without a named 
   13.8s   tool bash: node /kit/rag.mjs search "agent performed embodied actions record trace" "containment relation pan knife" "forward walk direction" "turn left action" "back left
   18.8s turn 2
   27.8s   model reply: in 3 + cached 30208, out 688 (+596 reasoning)
   27.8s   tool bash: node /kit/rag.mjs entry include in spatial_constraint location_spec similarity activity then request obligation ask propose rule_recording_signatures && node /k
   28.3s turn 3
   44.0s   model reply: in 3 + cached 37071, out 1380 (+1283 reasoning)
   44.0s   tool bash: node /kit/rag.mjs widen "user commands agent to place pan containing knife on table" --kind speech_act && node /kit/rag.mjs widen "sequence of described activit
   44.6s turn 4
   57.7s   model reply: in 3 + cached 39810, out 1095 (+1049 reasoning)
   57.7s   tool bash: node /kit/rag.mjs entry sequence subject spatial_constraint include spatial_state in left_of next_to on rank_distance
   57.9s turn 5
   61.2s   model reply: in 3 + cached 43915, out 220 (+149 reasoning)
   61.2s   tool bash: node /kit/rag.mjs search "imperative directive instruct someone to perform an action" "user requests an action to be performed" "agent reports actions as steps"
   61.4s turn 6
  132.0s   model reply: in 3 + cached 45784, out 6959 (+6927 reasoning)
  132.0s   tool bash: node /kit/rag.mjs entry conjunction
  133.5s turn 7
  153.6s   model reply: in 3 + cached 47291, out 2640 (+251 reasoning)
  153.6s   tool write: /output/translation.md
  153.8s turn 8
  167.5s   model reply: in 3 + cached 54306, out 1647 (+593 reasoning)
  167.5s   tool edit: /output/translation.md
  167.6s turn 9
  169.9s   model reply: in 3 + cached 56964, out 114 (+76 reasoning)
  169.9s   tool bash: node /kit/rag.mjs check --translation /output/translation.md
  170.0s turn 10
  180.7s   model reply: in 3 + cached 58635, out 932 (+773 reasoning)
  180.7s   tool edit: /output/translation.md
  180.7s turn 11
  189.9s   model reply: in 3 + cached 59577, out 1065 (+0 reasoning)
  189.9s   tool write: /output/suggestions.md
  189.9s turn 12
  198.6s   model reply: in 3 + cached 60535, out 835 (+627 reasoning)
  198.6s   tool edit: /output/translation.md
  198.7s turn 13
  200.4s   model reply: in 3 + cached 61618, out 50 (+0 reasoning)
  200.5s agent finished
  200.5s agent finished
