    1.8s turn 1
   12.1s   model reply: in 29648 + cached 0, out 694 (+648 reasoning)
   12.1s   tool bash: node /kit/rag.mjs search "visit" "like" "need" "nice" "young" "kind" "round" "green"
   12.2s turn 2
   17.0s   model reply: in 4156 + cached 28450, out 157 (+126 reasoning)
   17.0s   tool bash: node /kit/rag.mjs entry activity attribute_claim conditional conjunction statement subject requirement
   17.1s turn 3
   24.0s   model reply: in 2056 + cached 32508, out 79 (+42 reasoning)
   24.0s   tool bash: node /kit/rag.mjs search "predicate" "theory" "proposition" "entity" "property"
   24.2s turn 4
   32.9s   model reply: in 3514 + cached 32499, out 69 (+29 reasoning)
   32.9s   tool bash: grep -E "\| (constructor|claim_relation|speech_act|link) \|" /reference/glossary.md
   33.0s turn 5
   43.1s   model reply: in 5435 + cached 32493, out 793 (+760 reasoning)
   43.1s   tool bash: node /kit/rag.mjs widen "the bald eagle visits the cow" --kind claim
   43.3s turn 6
   48.8s   model reply: in 3619 + cached 36552, out 285 (+246 reasoning)
   48.8s   tool bash: node /kit/rag.mjs search "actor" "statement" "attribute_claim" "subject" "animal"
   49.0s turn 7
   53.3s   model reply: in 5432 + cached 36547, out 76 (+34 reasoning)
   53.3s   tool bash: node /kit/rag.mjs entry interpersonal_stance obligation has_attribute role designed_to_be focus_of reason_for provides
   53.4s turn 8
   60.6s   model reply: in 2755 + cached 40598, out 224 (+111 reasoning)
   60.6s   tool bash: python3 -c '
with open("/reference/glossary.md") as f:
    for line in f:
        parts = [p.strip() for p in line.split("|")]
        if len(parts) > 3 and par
   60.6s turn 9
   73.7s   model reply: in 3020 + cached 40580, out 162 (+20 reasoning)
   73.7s   tool bash: node -e '
const fs = require("fs");
const lines = fs.readFileSync("/reference/glossary.md", "utf8").split("\n");
for (const line of lines) {
  const parts = lin
   73.8s turn 10
   81.6s   model reply: in 5226 + cached 40579, out 136 (+15 reasoning)
   81.6s   tool bash: node -e '
const fs = require("fs");
const lines = fs.readFileSync("/reference/glossary.md", "utf8").split("\n");
for (const line of lines) {
  const parts = lin
   81.6s turn 11
   87.6s   model reply: in 2520 + cached 44628, out 133 (+14 reasoning)
   87.6s   tool bash: node -e '
const fs = require("fs");
const lines = fs.readFileSync("/reference/glossary.md", "utf8").split("\n");
for (const line of lines) {
  const parts = lin
   87.7s turn 12
   91.5s   model reply: in 4713 + cached 44627, out 136 (+17 reasoning)
   91.5s   tool bash: node -e '
const fs = require("fs");
const lines = fs.readFileSync("/reference/glossary.md", "utf8").split("\n");
for (const line of lines) {
  const parts = lin
   91.5s turn 13
   95.8s   model reply: in 4940 + cached 44609, out 76 (+49 reasoning)
   95.8s   tool bash: find / -name "*proofwriter*" 2>/dev/null
   95.8s turn 14
  100.5s   model reply: in 5045 + cached 44590, out 56 (+38 reasoning)
  100.5s   tool bash: ls -la /reference
  100.5s turn 15
  105.0s   model reply: in 5322 + cached 44573, out 130 (+13 reasoning)
  105.0s   tool bash: node -e '
const fs = require("fs");
const lines = fs.readFileSync("/reference/examples.jsonl", "utf8").trim().split("\n");
for (const l of lines) {
  const obj 
  105.0s turn 16
  117.5s   model reply: in 2252 + cached 48614, out 1635 (+1578 reasoning)
  117.5s   tool bash: node /kit/rag.mjs entry animal_label::bald_eagle animal_label::eagle animal_label::cow animal_label::rabbit animal_label::mouse color_label::green shape_round
  117.6s turn 17
  123.3s   model reply: in 53185 + cached 0, out 204 (+179 reasoning)
  123.3s   tool bash: node /kit/rag.mjs entry animal_label
  123.4s turn 18
  137.6s   model reply: in 4880 + cached 48601, out 1606 (+1568 reasoning)
  137.6s   tool bash: node /kit/rag.mjs search "conditional" "conjunction" "something" "variable" "universal"
  137.7s turn 19
  143.0s   model reply: in 7871 + cached 48611, out 293 (+260 reasoning)
  143.0s   tool bash: node /kit/rag.mjs entry ask inform requirement property_question constraint_single_choice
  143.1s turn 20
  168.0s   model reply: in 4798 + cached 52652, out 3089 (+803 reasoning)
  168.0s   tool bash: cat << 'EOF' > /output/translation.md
Status: success
Mode: REQUEST

## BrainCode

```braincode
MODE REQUEST
ENTRYPOINT Conversation
CONVO Conversation {
  TURN
  168.1s turn 21
  195.9s   model reply: in 4458 + cached 56720, out 129 (+99 reasoning)
  195.9s   tool bash: grep -n -C 5 "DECL" /kit/rag.mjs
  195.9s turn 22
  202.5s   model reply: in 4615 + cached 56702, out 49 (+18 reasoning)
  202.5s   tool bash: grep -n -C 5 "Coverage check" /kit/rag.mjs
  202.9s turn 23
  214.3s   model reply: in 4694 + cached 56682, out 622 (+546 reasoning)
  214.3s   tool bash: node -e '
const fs = require("fs");
const txt = fs.readFileSync("/attach/2-rag_context.md", "utf8");
console.log(txt.split("\n").filter(l => l.includes("n10")).
  214.5s turn 24
  220.4s   model reply: in 5422 + cached 56670, out 121 (+64 reasoning)
  220.4s   tool bash: node -e '
const fs = require("fs");
console.log(fs.readFileSync("/kit/rag.mjs", "utf8").slice(0, 3000));
'
  220.9s turn 25
  248.1s   model reply: in 2432 + cached 60709, out 3249 (+976 reasoning)
  248.1s   tool bash: cat << 'EOF' > /output/translation.md
Status: success
Mode: REQUEST

## BrainCode

```braincode
MODE REQUEST
ENTRYPOINT Conversation
CONVO Conversation {
  TURN
  248.9s turn 26
  279.7s   model reply: in 6298 + cached 60731, out 5319 (+3046 reasoning)
  279.7s   tool bash: cat << 'EOF' > /output/translation.md
Status: success
Mode: REQUEST

## BrainCode

```braincode
MODE REQUEST
ENTRYPOINT Conversation
CONVO Conversation {
  TURN
  280.4s turn 27
  294.7s   model reply: in 46867 + cached 0, out 367 (+219 reasoning)
  294.9s agent finished
  294.9s agent finished
