    3.1s turn 1
   13.1s   model reply: in 3 + cached 0, out 682 (+253 reasoning)
   13.1s   tool bash: node /kit/rag.mjs widen "one-way flight constraint" --kind constraint && node /kit/rag.mjs widen "nonstop direct flight constraint" --kind constraint && node /k
   13.1s   tool bash: node /kit/rag.mjs widen "two adult passengers and one senior passenger counts" --kind constraint && node /kit/rag.mjs widen "morning departure flight, specifica
   13.1s   tool bash: node /kit/rag.mjs widen "click find flights search button and filter by United airline" --kind action && node /kit/rag.mjs widen "select morning 5 AM flight and
   15.6s turn 2
   28.0s   model reply: in 3 + cached 28574, out 936 (+744 reasoning)
   28.0s   tool bash: node /kit/rag.mjs search "senior traveler passenger category" "adult traveler group passengers" "flight carrier airline name field" "airline constraint for flig
   28.0s   tool bash: node /kit/rag.mjs entry search_travel search_transit click type_text select_option web_element location_spec group_size requirement time_point subject activity 
   28.0s   tool bash: node /kit/rag.mjs entry role_senior role_seniors role_agent role_adults united_airlines flight airline class_temple daytime select_filter select_option
   28.7s turn 3
   51.4s   model reply: in 3 + cached 37136, out 2009 (+1736 reasoning)
   51.4s   tool bash: node /kit/rag.mjs entry ask request subject requirement group_size time_point role_adults role_agent web_element
   51.4s   tool bash: node /kit/rag.mjs widen "record observed UI click on unlabeled controls" --kind action && node /kit/rag.mjs widen "type search text into a flight origin or dest
   51.4s   tool bash: node /kit/rag.mjs widen "count of senior passengers separately from adult passengers" --kind constraint && node /kit/rag.mjs widen "constrain flight to a specif
   53.0s turn 4
  100.7s   model reply: in 3 + cached 41889, out 4238 (+4201 reasoning)
  100.7s   tool bash: node /kit/rag.mjs entry sequence time_point requirement activity ask
  100.8s turn 5
  136.5s   model reply: in 3 + cached 50160, out 4461 (+2186 reasoning)
  136.5s   tool write: /output/translation.md
  136.5s turn 6
  138.6s   model reply: in 3 + cached 55419, out 46 (+8 reasoning)
  138.6s   tool bash: node /kit/rag.mjs check --translation /output/translation.md
  138.8s turn 7
  212.3s   model reply: in 3 + cached 59898, out 7220 (+6498 reasoning)
  212.3s   tool edit: /output/translation.md
  212.4s turn 8
  218.8s   model reply: in 3 + cached 60355, out 470 (+158 reasoning)
  218.8s   tool write: /output/suggestions.md
  218.8s turn 9
  225.7s   model reply: in 3 + cached 67599, out 48 (+10 reasoning)
  225.7s   tool bash: node /kit/rag.mjs check --translation /output/translation.md
  225.8s turn 10
  250.8s   model reply: in 3 + cached 68087, out 2230 (+2171 reasoning)
  250.8s agent finished
  250.8s agent finished
