    8.2s turn 1
   16.3s   model reply: in 34695 + cached 0, out 558 (+505 reasoning)
   16.3s   tool bash: node /kit/rag.mjs search "rule" "implication" "if then" "theory" "rough" "likes" "visits" "eats" "bald eagle"
   16.5s turn 2
   20.6s   model reply: in 37719 + cached 0, out 154 (+121 reasoning)
   20.6s   tool bash: node /kit/rag.mjs entry conditional activity statement attribute_claim conjunction negation requirement ask respond
   20.7s turn 3
   26.9s   model reply: in 2912 + cached 36608, out 121 (+77 reasoning)
   26.9s   tool bash: node /kit/rag.mjs search "universal" "variable" "something" "truth" "choice" "proof" "premise"
   27.1s turn 4
   31.4s   model reply: in 4871 + cached 36601, out 68 (+30 reasoning)
   31.4s   tool bash: grep -E "^\| [a-z0-9_]+ \| constructor \|" /reference/glossary.md
   31.5s turn 5
   37.3s   model reply: in 2677 + cached 40659, out 96 (+34 reasoning)
   37.3s   tool bash: grep -E "^\| (property_question|question|rule|hypothesis|premise|variable|entity|entity_kind|quantifier|universal|for_all|truth_value) \|" /reference/glossary.m
   37.4s turn 6
   49.3s   model reply: in 2843 + cached 40640, out 1513 (+1471 reasoning)
   49.3s   tool bash: node /kit/rag.mjs entry activity conditional statement attribute_claim property_question ask inform requirement conjunction negation shape_round size_large
   49.4s turn 7
   53.2s   model reply: in 6219 + cached 40644, out 144 (+87 reasoning)
   53.2s   tool bash: node /kit/rag.mjs search "rough" "green" "round" "big" "likes" "visits" "eats" "bald eagle" "mouse" "rabbit" "dog"
   53.4s turn 8
   66.7s   model reply: in 5346 + cached 44711, out 673 (+629 reasoning)
   66.7s   tool bash: node /kit/rag.mjs search "character_trait" "attribute_claim" "statement" "activity" "conditional" "requirement"
   66.8s turn 9
   73.4s   model reply: in 3973 + cached 48774, out 42 (+13 reasoning)
   73.4s   tool bash: node /kit/rag.mjs entry has_attribute character character_trait
   73.6s turn 10
   80.1s   model reply: in 4299 + cached 48756, out 112 (+94 reasoning)
   80.1s   tool bash: ls -la /reference
   80.1s turn 11
  114.6s   model reply: in 4632 + cached 48739, out 6010 (+5977 reasoning)
  114.6s   tool bash: node /kit/rag.mjs search "user" "role_user" "speaker"
  114.8s turn 12
  124.7s   model reply: in 7479 + cached 52832, out 61 (+36 reasoning)
  124.7s   tool bash: node /kit/rag.mjs entry role_user
  124.8s turn 13
  129.5s   model reply: in 3541 + cached 56877, out 91 (+61 reasoning)
  129.5s   tool bash: node /kit/rag.mjs entry character_trait subject requirement attribute_claim
  129.6s turn 14
  136.5s   model reply: in 4698 + cached 56865, out 685 (+659 reasoning)
  136.5s   tool bash: grep -i "rough" /reference/glossary.md
  136.6s turn 15
  142.0s   model reply: in 5776 + cached 56853, out 261 (+223 reasoning)
  142.0s   tool bash: grep -E "^\| [a-z0-9_]+ \| constructor \|" /reference/glossary.md
  142.0s turn 16
  148.7s   model reply: in 3776 + cached 60910, out 266 (+226 reasoning)
  148.7s   tool bash: node /kit/rag.mjs search "property" "trait" "feature" "quality" "entity" "state"
  149.0s turn 17
  166.3s   model reply: in 5794 + cached 60906, out 2519 (+2483 reasoning)
  166.3s   tool bash: node /kit/rag.mjs check --translation /workspace/test.md 2>&1 || true
  166.4s turn 18
  177.4s   model reply: in 4262 + cached 64967, out 339 (+66 reasoning)
  177.4s   tool write: /output/translation.md
  177.4s turn 19
  184.1s   model reply: in 4626 + cached 64946, out 54 (+24 reasoning)
  184.1s   tool bash: node /kit/rag.mjs check --translation /output/translation.md
  184.2s turn 20
  198.8s   model reply: in 56203 + cached 0, out 490 (+449 reasoning)
  198.8s   tool bash: node /kit/rag.mjs search "True, False, or Unknown" "based only on the provided theory" "theory"
  199.0s turn 21
  212.4s   model reply: in 4711 + cached 52768, out 1276 (+1251 reasoning)
  212.4s   tool bash: node /kit/rag.mjs entry lexical_label
  212.5s turn 22
  219.8s   model reply: in 2403 + cached 56822, out 283 (+255 reasoning)
  219.8s   tool bash: node /kit/rag.mjs entry shape_round size_large
  219.9s turn 23
  226.0s   model reply: in 2802 + cached 56804, out 523 (+485 reasoning)
  226.0s   tool bash: node /kit/rag.mjs search "character_trait" "requirement" "has_attribute" "property"
  226.2s turn 24
  232.8s   model reply: in 4686 + cached 56800, out 636 (+613 reasoning)
  232.8s   tool bash: node /kit/rag.mjs entry conditional
  232.9s turn 25
  245.2s   model reply: in 5399 + cached 56786, out 1461 (+986 reasoning)
  245.2s   tool bash: cat << 'EOF' > /output/translation.md
Status: success
Mode: REQUEST

## BrainCode

```braincode
MODE REQUEST
ENTRYPOINT Conversation
CONVO Conversation {
  TURN
  245.4s turn 26
  250.1s   model reply: in 4110 + cached 60847, out 210 (+187 reasoning)
  250.1s   tool bash: node /kit/rag.mjs entry dog
  250.2s turn 27
  256.9s   model reply: in 4401 + cached 60830, out 475 (+434 reasoning)
  256.9s   tool bash: node /kit/rag.mjs search "visits" "visit" "eats" "eat" "likes" "like"
  257.1s turn 28
  299.3s   model reply: in 2445 + cached 64884, out 7069 (+4001 reasoning)
  299.3s   tool bash: cat << 'EOF' > /output/translation.md
Status: success
Mode: REQUEST

## BrainCode

```braincode
MODE REQUEST
ENTRYPOINT Conversation
CONVO Conversation {
  TURN
  299.4s turn 29
  343.3s   model reply: in 59103 + cached 0, out 6898 (+3826 reasoning)
  343.3s   tool bash: cat << 'EOF' > /output/translation.md
Status: success
Mode: REQUEST

## BrainCode

```braincode
MODE REQUEST
ENTRYPOINT Conversation
CONVO Conversation {
  TURN
  343.5s turn 30
  361.1s   model reply: in 10364 + cached 56902, out 3529 (+478 reasoning)
  361.1s   tool write: /output/translation.md
  361.2s turn 31
  376.8s   model reply: in 55492 + cached 0, out 43 (+13 reasoning)
  376.8s   tool bash: node /kit/rag.mjs check --translation /output/translation.md
  377.0s turn 32
  383.2s   model reply: in 3855 + cached 52945, out 250 (+32 reasoning)
  383.3s agent finished
  383.3s agent finished
