    2.0s turn 1
    9.0s   model reply: in 12188 + cached 0, out 837 (+820 reasoning)
    9.0s   tool bash: ls -la /
    9.0s turn 2
   11.7s   model reply: in 5764 + cached 8044, out 40 (+20 reasoning)
   11.7s   tool bash: ls -la /kit /reference
   11.8s turn 3
   15.1s   model reply: in 2174 + cached 12054, out 59 (+39 reasoning)
   15.1s   tool read: /reference/examples.jsonl
   15.1s turn 4
   18.6s   model reply: in 3402 + cached 12055, out 33 (+14 reasoning)
   18.6s   tool read: /kit/README.md
   18.6s turn 5
   21.0s   model reply: in 4596 + cached 12056, out 34 (+17 reasoning)
   21.0s   tool read: /prompt.md
   21.0s turn 6
   26.9s   model reply: in 5104 + cached 12047, out 854 (+818 reasoning)
   26.9s   tool bash: grep -i "web_element" /reference/glossary.jsonl /reference/glossary.md
   27.0s turn 7
   30.3s   model reply: in 2182 + cached 16063, out 61 (+34 reasoning)
   30.3s   tool bash: grep -i "click" /reference/glossary.jsonl
   30.3s turn 8
   33.9s   model reply: in 2481 + cached 16049, out 73 (+41 reasoning)
   33.9s   tool bash: grep -rn "mind2web" / reference/ kit/ 2>/dev/null
   34.0s turn 9
   37.4s   model reply: in 2581 + cached 16032, out 75 (+36 reasoning)
   37.4s   tool bash: grep -i "rule_recording_signatures" /reference/glossary.jsonl /reference/language-spec.md
   37.5s turn 10
   40.4s   model reply: in 2802 + cached 16018, out 104 (+54 reasoning)
   40.4s   tool bash: grep -E "rule_speech_acts_general|rule_support_primitives_general|rule_category_search_value" /reference/glossary.jsonl
   40.5s turn 11
   60.1s   model reply: in 19381 + cached 0, out 3481 (+3445 reasoning)
   60.1s   tool bash: find / -name "*reconstruction*" -o -name "*mind2web*" 2>/dev/null
   60.2s turn 12
   63.5s   model reply: in 6821 + cached 16051, out 59 (+38 reasoning)
   63.5s   tool bash: find /reference /kit -type f
   63.6s turn 13
   66.6s   model reply: in 2961 + cached 20047, out 37 (+16 reasoning)
   66.6s   tool read: /kit/needs_prompt.md
   66.6s turn 14
   70.9s   model reply: in 3681 + cached 20042, out 307 (+287 reasoning)
   70.9s   tool bash: ls -la /attach /output
   70.9s turn 15
   87.3s   model reply: in 0 + cached 0, out 0 (+0 reasoning)
   87.4s agent finished
   89.4s turn 16
  103.5s   model reply: in 0 + cached 0, out 0 (+0 reasoning)
  103.5s agent finished
  107.5s turn 17
  133.9s   model reply: in 0 + cached 0, out 0 (+0 reasoning)
  133.9s agent finished
  141.9s turn 18
  236.6s   model reply: in 24244 + cached 0, out 5857 (+5762 reasoning)
  236.6s   tool bash: python3 -c "
import os
for root, dirs, files in os.walk('/'):
    if 'mind2web' in root.lower():
        print(root)
    for f in files:
        if 'mind2web' i
  236.6s turn 19
  243.0s   model reply: in 5988 + cached 24125, out 29 (+11 reasoning)
  243.0s   tool bash: which python python3 node
  243.0s turn 20
  249.0s   model reply: in 2029 + cached 28127, out 56 (+20 reasoning)
  249.0s   tool bash: node -e '
const fs = require("fs");
console.log("Node is working");
'
  249.0s turn 21
  256.2s   model reply: in 2107 + cached 28108, out 249 (+30 reasoning)
  256.2s   tool bash: node -e '
const fs = require("fs");
const path = require("path");

function walk(dir) {
  try {
    const list = fs.readdirSync(dir);
    for (const file of lis
  256.4s turn 22
  336.4s   model reply: in 2382 + cached 28093, out 13435 (+13310 reasoning)
  336.4s   tool write: /output/reconstruction.md
  336.5s turn 23
  340.5s   model reply: in 15664 + cached 28251, out 49 (+29 reasoning)
  340.5s   tool read: /output/reconstruction.md
  340.5s turn 24
  344.6s   model reply: in 3722 + cached 40341, out 35 (+21 reasoning)
  344.6s agent finished
  344.6s agent finished
