    8.3s turn 1
   19.7s   model reply: in 33458 + cached 0, out 1604 (+1561 reasoning)
   19.7s   tool bash: node /kit/rag.mjs search "CYP2D6" "gene" "chromosome" "mutation" "ampliseq"
   21.6s turn 2
   29.6s   model reply: in 4026 + cached 32541, out 1129 (+1069 reasoning)
   29.6s   tool bash: node /kit/rag.mjs search "gene" "region" "location" "enzyme" "metabolize" "database" "access" "literature" "sequence" "library" "align" "read"
   30.0s turn 3
   34.2s   model reply: in 8530 + cached 32549, out 214 (+74 reasoning)
   34.2s   tool bash: node /kit/rag.mjs widen "conserved region of CYP2D6 gene" --kind object
node /kit/rag.mjs widen "lacking copy number variations" --kind negation
node /kit/rag.m
   36.0s turn 4
   40.1s   model reply: in 3960 + cached 40688, out 163 (+57 reasoning)
   40.1s   tool bash: node /kit/rag.mjs widen "the conserved region of CYP2D6 is located on chromosome 22 at 22q13.31" --kind claim
node /kit/rag.mjs widen "CYP2D6 enzyme is responsi
   41.2s turn 5
   45.4s   model reply: in 7467 + cached 40689, out 134 (+82 reasoning)
   45.4s   tool bash: grep -E "^\| [a-z_]+ \| (claim_relation|constructor|composite|speech_act)" /reference/glossary.md | head -n 40
   45.5s turn 6
   49.0s   model reply: in 5386 + cached 44750, out 67 (+30 reasoning)
   49.0s   tool bash: grep -E "^\| [a-z_]+ \| claim_relation \|" /reference/glossary.md
   49.2s turn 7
   52.8s   model reply: in 3325 + cached 48811, out 71 (+27 reasoning)
   52.8s   tool bash: grep -E "^\| [a-z_]+ \| claim_relation \|" /reference/glossary.md | tail -n +31
   53.2s turn 8
   56.8s   model reply: in 5302 + cached 48803, out 60 (+25 reasoning)
   56.8s   tool bash: grep -E "^\| [a-z_]+ \| constructor \|" /reference/glossary.md
   56.8s turn 9
   60.2s   model reply: in 3099 + cached 52862, out 80 (+27 reasoning)
   60.2s   tool bash: grep -E "^\| [a-z_]+ \| constructor \|" /reference/glossary.md | grep -E "^\| [d-z]" | head -n 40
   60.4s turn 10
   64.5s   model reply: in 4961 + cached 52854, out 60 (+14 reasoning)
   64.5s   tool bash: grep -E "^\| [a-z_]+ \| constructor \|" /reference/glossary.md | grep -E "^\| [m-z]"
   64.6s turn 11
   69.7s   model reply: in 2690 + cached 56912, out 414 (+373 reasoning)
   69.7s   tool bash: node /kit/rag.mjs entry property_question spatial_constraint spatial_state possesses statement attribute_claim activity sequence temporal_context
   70.9s turn 12
   74.5s   model reply: in 4843 + cached 56907, out 75 (+41 reasoning)
   74.5s   tool bash: node /kit/rag.mjs entry ask inform respond propose apologize acknowledge correct decline express_interest offer
   75.5s turn 13
   80.6s   model reply: in 5576 + cached 56892, out 295 (+265 reasoning)
   80.6s   tool bash: node /kit/rag.mjs entry subject requirement negation exclude distinguish attribute_claim
   82.0s turn 14
   85.9s   model reply: in 3047 + cached 60946, out 78 (+46 reasoning)
   85.9s   tool bash: node /kit/rag.mjs search "recommend" "suggest" "advise"
   86.5s turn 15
   89.9s   model reply: in 3974 + cached 60933, out 62 (+39 reasoning)
   89.9s   tool bash: node /kit/rag.mjs entry recommended
   90.8s turn 16
   96.2s   model reply: in 4115 + cached 60913, out 430 (+391 reasoning)
   96.2s   tool bash: node /kit/rag.mjs search "copy number variation" "cnv" "conserved" "control region"
   96.8s turn 17
  103.0s   model reply: in 5668 + cached 60905, out 693 (+668 reasoning)
  103.0s   tool bash: node /kit/rag.mjs entry platform_label
  104.0s turn 18
  109.7s   model reply: in 2556 + cached 64952, out 220 (+180 reasoning)
  109.7s   tool bash: grep -E "protocol|procedure|method|process|step|biological|gene|dna" /reference/glossary.md
  109.8s turn 19
  114.8s   model reply: in 4531 + cached 64948, out 408 (+380 reasoning)
  114.8s   tool bash: node /kit/rag.mjs entry role_user role_agent
  115.3s turn 20
  122.2s   model reply: in 5048 + cached 64932, out 686 (+658 reasoning)
  122.2s   tool bash: node /kit/rag.mjs entry negation exclude subject property_question
  122.6s turn 21
  140.3s   model reply: in 47598 + cached 0, out 1454 (+1423 reasoning)
  140.3s   tool bash: node /kit/rag.mjs entry enables causes leads_to activity attribute_claim
  140.6s turn 22
  148.8s   model reply: in 5645 + cached 44615, out 966 (+938 reasoning)
  148.8s   tool bash: node /kit/rag.mjs entry spatial_state spatial_constraint
  150.5s turn 23
  155.9s   model reply: in 2723 + cached 48661, out 389 (+366 reasoning)
  155.9s   tool bash: node /kit/rag.mjs entry request
  156.8s turn 24
  198.3s   model reply: in 3192 + cached 48645, out 7121 (+5306 reasoning)
  198.3s   tool write: /output/translation.md
  198.3s turn 25
  201.9s   model reply: in 10278 + cached 48684, out 62 (+32 reasoning)
  201.9s   tool bash: node /kit/rag.mjs check --translation /output/translation.md
  202.1s turn 26
  236.7s   model reply: in 3003 + cached 56785, out 6132 (+4299 reasoning)
  236.7s   tool write: /output/translation.md
  236.7s turn 27
  240.1s   model reply: in 9110 + cached 56814, out 57 (+27 reasoning)
  240.1s   tool bash: node /kit/rag.mjs check --translation /output/translation.md
  240.2s turn 28
  244.7s   model reply: in 5885 + cached 60860, out 276 (+139 reasoning)
  244.7s agent finished
  244.7s agent finished
