    1.7s turn 1
   12.0s   model reply: in 25975 + cached 0, out 1370 (+1322 reasoning)
   12.0s   tool bash: node /kit/rag.mjs search "Macquarie University" "Sydney" "student accommodation" "property" "promotion" "web_element" "click"
   12.2s turn 2
   15.6s   model reply: in 29348 + cached 0, out 169 (+110 reasoning)
   15.6s   tool bash: node /kit/rag.mjs entry web_element click select_option apply_filters select_filter location_spec promotional_event requirement attribute_claim associated_with 
   15.8s turn 3
   18.9s   model reply: in 3064 + cached 28422, out 98 (+55 reasoning)
   18.9s   tool bash: node /kit/rag.mjs search "web UI" "click button" "textbox" "dropdown" "university" "promotions"
   19.1s turn 4
   28.4s   model reply: in 4884 + cached 28417, out 1277 (+1228 reasoning)
   28.4s   tool bash: node /kit/rag.mjs search "web_element" "request" "requirement" "associated_with" "location_spec" "promotional_event"
   28.6s turn 5
   31.4s   model reply: in 4039 + cached 32483, out 98 (+65 reasoning)
   31.4s   tool bash: node /kit/rag.mjs entry request ask user_preference role_user role_agent
   31.5s turn 6
   34.8s   model reply: in 4450 + cached 32467, out 146 (+116 reasoning)
   34.8s   tool bash: node /kit/rag.mjs entry user agent role_user role_agent
   34.9s turn 7
   38.2s   model reply: in 4757 + cached 32450, out 95 (+60 reasoning)
   38.2s   tool bash: grep -E "recipient-value|claim-holder|BY " /reference/language-spec.md
   38.3s turn 8
   41.7s   model reply: in 5126 + cached 32434, out 89 (+17 reasoning)
   41.7s   tool bash: grep -i "claim-holder" /reference/glossary.md || grep -i "claim_holder" /reference/glossary.md || grep -E "\| (user|agent|role_user|role_agent) \|" /reference/g
   41.8s turn 9
   48.8s   model reply: in 5281 + cached 32417, out 923 (+885 reasoning)
   48.8s   tool bash: node /kit/rag.mjs search "filter" "accommodation" "promotions" "university" "location"
   48.9s turn 10
   52.1s   model reply: in 3562 + cached 36472, out 91 (+54 reasoning)
   52.1s   tool bash: node /kit/rag.mjs search "deals" "student" "college" "discount" "select"
   52.4s turn 11
   55.7s   model reply: in 5107 + cached 36467, out 106 (+64 reasoning)
   55.7s   tool bash: node /kit/rag.mjs entry include requirement location_spec promotional_event subject activity apply_filters select_filter click select_option
   55.9s turn 12
   59.0s   model reply: in 3047 + cached 40519, out 178 (+37 reasoning)
   59.0s   tool bash: node /kit/rag.mjs widen "User requests to view specific properties." --kind speech_act
node /kit/rag.mjs widen "Display or filter properties." --kind action
nod
   60.2s turn 13
   63.5s   model reply: in 6363 + cached 40531, out 164 (+128 reasoning)
   63.5s   tool bash: grep -i "web_element" /reference/language-spec.md /reference/glossary.md
   63.5s turn 14
   72.9s   model reply: in 2561 + cached 44566, out 1499 (+1459 reasoning)
   72.9s   tool bash: node /kit/rag.mjs search "user_preference" "request" "attribute_claim" "associated_with"
   73.1s turn 15
   91.9s   model reply: in 5363 + cached 44573, out 3400 (+3342 reasoning)
   91.9s   tool bash: node -e '
const { readFileSync } = require("fs");
console.log(readFileSync("/kit/rag.mjs", "utf8").slice(0, 2000));
'
   91.9s turn 16
   93.7s   model reply: in 0 + cached 0, out 0 (+0 reasoning)
   93.7s agent finished
   95.7s turn 17
  198.5s   model reply: in 5288 + cached 48645, out 42 (+20 reasoning)
  198.5s   tool bash: node /kit/rag.mjs health
  198.7s turn 18
  220.6s   model reply: in 5447 + cached 48617, out 3220 (+2341 reasoning)
  220.6s   tool write: /output/translation.md
  220.6s turn 19
  226.4s   model reply: in 4611 + cached 52677, out 54 (+24 reasoning)
  226.4s   tool bash: node /kit/rag.mjs check --translation /output/translation.md
  226.6s turn 20
  233.4s   model reply: in 4951 + cached 52661, out 351 (+300 reasoning)
  233.4s   tool bash: node /kit/rag.mjs widen "Properties or student accommodations." --kind object
node /kit/rag.mjs widen "Universities located in Sydney." --kind object
  233.7s turn 21
  238.0s   model reply: in 4082 + cached 56724, out 153 (+71 reasoning)
  238.0s   tool bash: node -e '
const { readFileSync } = require("fs");
const rag = readFileSync("/kit/rag.mjs", "utf8");
console.log(rag.slice(rag.indexOf("async function runCheck")
  238.1s turn 22
  242.3s   model reply: in 4254 + cached 56705, out 72 (+17 reasoning)
  242.3s   tool bash: node -e '
const { readFileSync } = require("fs");
const rag = readFileSync("/kit/rag.mjs", "utf8");
console.log(rag);
'
  242.4s turn 23
  256.1s   model reply: in 5862 + cached 56702, out 1849 (+1811 reasoning)
  256.1s   tool bash: node /kit/rag.mjs search "property" "university" "accommodation" "promotions" "show"
  256.3s turn 24
  268.9s   model reply: in 5037 + cached 60765, out 1680 (+760 reasoning)
  268.9s   tool write: /output/translation.md
  269.0s turn 25
  273.8s   model reply: in 2677 + cached 64809, out 45 (+15 reasoning)
  273.8s   tool bash: node /kit/rag.mjs check --translation /output/translation.md
  273.9s turn 26
  279.2s   model reply: in 3018 + cached 64792, out 379 (+341 reasoning)
  279.2s   tool bash: node /kit/rag.mjs search "Universities located in Sydney" "university" "Sydney" --kind object
  279.4s turn 27
  288.5s   model reply: in 4247 + cached 64785, out 975 (+937 reasoning)
  288.5s   tool bash: node /kit/rag.mjs check --translation /output/translation.md
echo "Exit code: $?"
  288.7s turn 28
  303.0s   model reply: in 50239 + cached 0, out 421 (+380 reasoning)
  303.0s   tool bash: node /kit/rag.mjs entry subject location_spec attribute_claim associated_with promotional_event include web_element click request
  303.1s turn 29
  310.9s   model reply: in 3446 + cached 48610, out 813 (+785 reasoning)
  310.9s   tool bash: node /kit/rag.mjs entry role_user role_agent
  311.0s turn 30
  335.7s   model reply: in 4363 + cached 48599, out 4688 (+3766 reasoning)
  335.7s   tool write: /output/translation.md
  335.7s turn 31
  339.0s   model reply: in 4980 + cached 52674, out 53 (+23 reasoning)
  339.0s   tool bash: node /kit/rag.mjs check --translation /output/translation.md
  339.1s turn 32
  347.1s   model reply: in 5329 + cached 52657, out 1034 (+91 reasoning)
  347.1s agent finished
  347.1s agent finished
