    6.4s turn 1
   13.3s   model reply: in 26895 + cached 0, out 841 (+790 reasoning)
   13.3s   tool bash: node /kit/rag.mjs search "watt" "power" "unit_watt" "web_element" "type_text" "select_option" "click"
   15.5s turn 2
   18.5s   model reply: in 29904 + cached 0, out 56 (+28 reasoning)
   18.5s   tool bash: grep -i "watt" /reference/glossary.md || true
   18.5s turn 3
   21.6s   model reply: in 5612 + cached 24351, out 49 (+21 reasoning)
   21.6s   tool bash: grep "unit-value" /reference/glossary.md || true
   21.6s turn 4
   24.5s   model reply: in 2602 + cached 28399, out 71 (+43 reasoning)
   24.5s   tool bash: node /kit/rag.mjs widen "watt" --kind unit
   24.6s turn 5
   29.8s   model reply: in 4142 + cached 28392, out 616 (+576 reasoning)
   29.8s   tool bash: node /kit/rag.mjs entry web_element click type_text select_option search_web at_least requirement measure
   29.9s turn 6
   33.5s   model reply: in 2487 + cached 32450, out 198 (+168 reasoning)
   33.5s   tool bash: node /kit/rag.mjs entry request ask rank_price dir_asc
   33.6s turn 7
   36.7s   model reply: in 2937 + cached 32434, out 153 (+123 reasoning)
   36.7s   tool bash: grep -i "speech_act" /reference/glossary.md || true
   36.8s turn 8
   45.6s   model reply: in 3627 + cached 32420, out 1132 (+1090 reasoning)
   45.6s   tool bash: node /kit/rag.mjs search "product" "search" "query" "find" "cheapest" "power supply"
   45.8s turn 9
   53.0s   model reply: in 6602 + cached 32429, out 703 (+665 reasoning)
   53.0s   tool bash: node /kit/rag.mjs search "activity" "target" "requirement" "ask" "propose"
   53.1s turn 10
   55.9s   model reply: in 4812 + cached 36484, out 49 (+22 reasoning)
   55.9s   tool bash: node /kit/rag.mjs entry activity has_goal request
   56.0s turn 11
   62.9s   model reply: in 5691 + cached 36473, out 843 (+811 reasoning)
   62.9s   tool bash: grep -i -E "watt|power" /reference/glossary.md || true
   63.1s turn 12
   74.6s   model reply: in 2567 + cached 40514, out 2067 (+1024 reasoning)
   74.6s   tool bash: cat << 'EOF' > /output/translation.md
Status: failed
Mode: TRACE

## Suggested translation

```braincode
MODE TRACE
ENTRYPOINT Conversation
CONVO Conversation {
   74.7s turn 13
   81.6s   model reply: in 5041 + cached 40518, out 914 (+885 reasoning)
   81.6s   tool bash: node /kit/rag.mjs entry unit_gram unit_fahrenheit
   81.7s turn 14
   96.2s   model reply: in 2069 + cached 44560, out 2695 (+1657 reasoning)
   96.2s   tool write: /output/translation.md
   96.2s turn 15
  101.7s   model reply: in 4764 + cached 44564, out 555 (+284 reasoning)
  101.7s   tool write: /output/suggestions.md
  101.7s turn 16
  105.0s   model reply: in 5340 + cached 44547, out 60 (+30 reasoning)
  105.0s   tool bash: node /kit/rag.mjs check --translation /output/translation.md
  105.1s turn 17
  109.8s   model reply: in 5826 + cached 44532, out 223 (+40 reasoning)
  109.8s agent finished
  109.8s agent finished
