    3.5s turn 1
   17.4s   model reply: in 31868 + cached 0, out 2378 (+2329 reasoning)
   17.4s   tool bash: node /kit/rag.mjs entry tone_silly tone_casual style_catchy topic_pickup_lines character wine restaurant entity_drinks constraint_budget_limited
   17.5s turn 2
   22.9s   model reply: in 6373 + cached 28464, out 103 (+56 reasoning)
   22.9s   tool bash: node /kit/rag.mjs search "flirty" "playboy" "intellectual" "date" "forgive" "adventure" "friends"
   23.5s turn 3
   27.3s   model reply: in 4336 + cached 32524, out 74 (+42 reasoning)
   27.3s   tool bash: node /kit/rag.mjs entry interpersonal_stance aesthetic style_academic art_plan
   27.5s turn 4
   39.1s   model reply: in 4694 + cached 32507, out 1524 (+1490 reasoning)
   39.1s   tool bash: node /kit/rag.mjs entry ask apologize propose respond inform acknowledge confirm decline express_interest offer
   39.2s turn 5
   42.9s   model reply: in 2800 + cached 36566, out 125 (+70 reasoning)
   42.9s   tool bash: node /kit/rag.mjs search "weekend" "reply" "response" "availability" "schedule" "late" "wine" "tasting" "dinner" "speakeasy"
   43.3s turn 6
   47.2s   model reply: in 42337 + cached 0, out 128 (+95 reasoning)
   47.2s   tool bash: grep -i "date" /reference/glossary.md | head -n 30
   47.3s turn 7
   50.7s   model reply: in 6643 + cached 36555, out 66 (+41 reasoning)
   50.7s   tool bash: grep "| constructor |" /reference/glossary.md
   50.8s turn 8
   64.8s   model reply: in 4448 + cached 40612, out 2462 (+2395 reasoning)
   64.8s   tool bash: node /kit/rag.mjs entry activity character character_trait requirement conditional dialogue subject temporal_context time_point well_wishes attitude enables fai
   65.3s turn 9
   69.3s   model reply: in 4825 + cached 44687, out 71 (+23 reasoning)
   69.3s   tool bash: node /kit/rag.mjs entry attitude enables failure identity leads_to meets_needs occurred occurred_recently ongoing prep_time recommended request varies_with work
   69.5s turn 10
   82.5s   model reply: in 2251 + cached 48740, out 1675 (+1639 reasoning)
   82.5s   tool bash: grep -E "\| tone-value \||\| style-value \|" /reference/glossary.md
   82.6s turn 11
   94.4s   model reply: in 4392 + cached 48737, out 1691 (+1667 reasoning)
   94.4s   tool bash: node /kit/rag.mjs check --help
   94.5s turn 12
   97.7s   model reply: in 2045 + cached 52791, out 74 (+40 reasoning)
   97.7s   tool bash: node -e "
const fs = require('fs');
console.log('Testing...');
"
   97.8s turn 13
  114.4s   model reply: in 2141 + cached 52771, out 2185 (+2145 reasoning)
  114.4s   tool bash: node /kit/rag.mjs search "persona" "flirt" "playboy" "witty" "charm"
  114.6s turn 14
  118.7s   model reply: in 5680 + cached 52780, out 204 (+32 reasoning)
  118.7s   tool bash: node /kit/rag.mjs widen "adopt a playboy persona" --kind constraint
node /kit/rag.mjs widen "flirty tone" --kind constraint
node /kit/rag.mjs widen "intellectua
  120.6s turn 15
  125.8s   model reply: in 61858 + cached 0, out 55 (+25 reasoning)
  125.8s   tool bash: node /kit/rag.mjs widen "intellectual tone" --kind constraint
  126.1s turn 16
  130.9s   model reply: in 2136 + cached 60897, out 144 (+28 reasoning)
  130.9s   tool bash: node /kit/rag.mjs widen "reassure recipient that late reply was worth the wait" --kind speech_act
node /kit/rag.mjs widen "offline dating or practicing James Bo
  131.9s turn 17
  137.0s   model reply: in 5572 + cached 60904, out 86 (+23 reasoning)
  137.0s   tool bash: node /kit/rag.mjs widen "flatter recipient as someone matching wit and charm" --kind claim
node /kit/rag.mjs widen "forgive the late response acknowledging both
  137.4s turn 18
  161.1s   model reply: in 4753 + cached 64971, out 4173 (+3630 reasoning)
  161.1s   tool write: /output/translation.md
  161.1s turn 19
  180.4s   model reply: in 55699 + cached 0, out 61 (+31 reasoning)
  180.4s   tool bash: node /kit/rag.mjs check --translation /output/translation.md
  180.5s turn 20
  229.0s   model reply: in 3584 + cached 52820, out 9003 (+7488 reasoning)
  229.0s   tool write: /output/translation.md
  229.0s turn 21
  233.0s   model reply: in 12553 + cached 52858, out 54 (+24 reasoning)
  233.0s   tool bash: node /kit/rag.mjs check --translation /output/translation.md
  233.1s turn 22
  272.7s   model reply: in 5187 + cached 60975, out 4565 (+3039 reasoning)
  272.7s   tool write: /output/translation.md
  272.7s turn 23
  292.1s   model reply: in 55601 + cached 0, out 58 (+28 reasoning)
  292.1s   tool bash: node /kit/rag.mjs check --translation /output/translation.md
  292.3s turn 24
  296.7s   model reply: in 3482 + cached 52874, out 158 (+26 reasoning)
  296.7s agent finished
  296.7s agent finished
