   10.5s turn 1
   16.0s   model reply: in 29961 + cached 0, out 438 (+389 reasoning)
   16.0s   tool bash: node /kit/rag.mjs entry state_cold attribute_claim has_state statement conditional conjunction negation requirement subject constraint_realistic constraint_resp
   16.2s turn 2
   19.8s   model reply: in 3835 + cached 28448, out 113 (+61 reasoning)
   19.8s   tool bash: node /kit/rag.mjs search "Charlie is cold" "Charlie is kind" "Charlie is rough" "Erin is smart" "Erin is white" "Gary is kind"
   21.2s turn 3
   25.0s   model reply: in 5760 + cached 28442, out 138 (+79 reasoning)
   25.0s   tool bash: node /kit/rag.mjs search "theory" "is the following statement True, False, or Unknown" "Based only on the theory" "property" "kind" "smart" "nice" "quiet"
   26.8s turn 4
   30.9s   model reply: in 4058 + cached 32503, out 70 (+36 reasoning)
   30.9s   tool bash: grep -E "\| (constructor|claim_relation) \|" /reference/glossary.md
   31.0s turn 5
   35.4s   model reply: in 5930 + cached 32497, out 125 (+91 reasoning)
   35.4s   tool bash: node /kit/rag.mjs entry property_question attribute_claim statement conditional conjunction negation subject character
   35.7s turn 6
   38.8s   model reply: in 3191 + cached 36549, out 106 (+65 reasoning)
   38.8s   tool bash: node /kit/rag.mjs search "entity" "property" "truth value" "evaluation" "logic" "rule"
   39.4s turn 7
   46.8s   model reply: in 4942 + cached 36543, out 861 (+802 reasoning)
   46.8s   tool bash: grep -E "\| (attribute_claim|has_state|statement|conditional|conjunction|negation|property_question|character_trait|possesses|requirement) \|" /reference/glossa
   46.9s turn 8
   52.2s   model reply: in 2337 + cached 40595, out 228 (+173 reasoning)
   52.2s   tool bash: grep -E "constructor.*(property|attribute|trait|state|feature|entity|fact|cold|rough|smart|nice|quiet|white|kind)" /reference/glossary.md
   52.3s turn 9
   55.4s   model reply: in 4325 + cached 40591, out 98 (+59 reasoning)
   55.4s   tool bash: grep -E "^\| [q-z][a-z_]* \| constructor \|" /reference/glossary.md
   55.5s turn 10
   59.6s   model reply: in 2059 + cached 44644, out 95 (+56 reasoning)
   59.7s   tool bash: grep -E "^\| [a-o][a-z_]* \| constructor \|" /reference/glossary.md
   59.8s turn 11
   63.3s   model reply: in 3954 + cached 44640, out 90 (+51 reasoning)
   63.3s   tool bash: grep -E "^\| [e-o][a-z_]* \| constructor \|" /reference/glossary.md
   63.4s turn 12
   70.1s   model reply: in 5814 + cached 44636, out 718 (+579 reasoning)
   70.1s   tool bash: node /kit/rag.mjs widen "Introduce a set of logical premises or a theory" --kind speech_act
node /kit/rag.mjs widen "If something is cold and smart, then it is 
   76.6s turn 13
   92.0s   model reply: in 5807 + cached 48708, out 2275 (+2235 reasoning)
   92.0s   tool bash: node /kit/rag.mjs entry attribute_claim character character_trait subject conditional conjunction negation lexical_label color_label statement
   92.8s turn 14
   97.1s   model reply: in 5703 + cached 52780, out 218 (+188 reasoning)
   97.1s   tool bash: grep -E "\| speech_act \|" /reference/glossary.md
   97.2s turn 15
  101.7s   model reply: in 2350 + cached 56825, out 91 (+43 reasoning)
  101.7s   tool bash: grep -i -E "(theory|premise|proof|logic|infer|deduc|rule|truth|unknown|query)" /reference/glossary.md
  102.0s turn 16
  112.1s   model reply: in 4247 + cached 56821, out 1023 (+830 reasoning)
  112.1s   tool bash: cat << 'EOF' > /output/translation.md
Status: success
Mode: REQUEST

## BrainCode

```braincode
MODE REQUEST
ENTRYPOINT Conversation
CONVO Conversation {
  TURN
  113.3s turn 17
  120.1s   model reply: in 5812 + cached 56814, out 675 (+94 reasoning)
  120.1s   tool bash: cat << 'EOF' > /output/translation.md
Status: success
Mode: REQUEST

## BrainCode

```braincode
MODE REQUEST
ENTRYPOINT Conversation
CONVO Conversation {
  TURN
  120.5s turn 18
  134.4s   model reply: in 3001 + cached 60862, out 1866 (+1826 reasoning)
  134.4s   tool bash: grep -E "\| constructor \|" /reference/glossary.md | cut -d'|' -f2,4
  134.5s turn 19
  138.4s   model reply: in 7021 + cached 60876, out 69 (+27 reasoning)
  138.4s   tool bash: grep -E "\| claim_relation \|" /reference/glossary.md | cut -d'|' -f2,4
  138.5s turn 20
  154.7s   model reply: in 4292 + cached 64926, out 90 (+54 reasoning)
  154.7s   tool bash: node /kit/rag.mjs entry has_attribute attribute_claim has_state statement character_trait possesses
  154.8s turn 21
  169.3s   model reply: in 46314 + cached 0, out 975 (+923 reasoning)
  169.3s   tool bash: node /kit/rag.mjs search "Charlie is cold" "Erin is kind" "Harry is rough" "Quiet, kind things are nice" "Based only on the theory"
  170.3s turn 22
  182.5s   model reply: in 4083 + cached 44662, out 2056 (+1916 reasoning)
  182.5s   tool bash: node /kit/rag.mjs widen "If something is cold and smart, then it is quiet" --kind reasoning
node /kit/rag.mjs widen "If something is cold, then it is rough" --k
  189.4s turn 23
  194.3s   model reply: in 5540 + cached 48746, out 74 (+54 reasoning)
  194.3s   tool bash: rg "proofwriter" || true
  194.5s turn 24
  197.9s   model reply: in 5647 + cached 48727, out 38 (+15 reasoning)
  197.9s   tool bash: grep -rn "proofwriter" / || true
  198.2s turn 25
  205.1s   model reply: in 5805 + cached 48708, out 46 (+18 reasoning)
  205.1s   tool bash: ls -la /translations /previous 2>/dev/null || true
  205.2s turn 26
  214.9s   model reply: in 5873 + cached 48689, out 1542 (+1506 reasoning)
  214.9s   tool bash: grep -E "^\| (role_user|user) \|" /reference/glossary.md || true
  215.0s turn 27
  221.6s   model reply: in 3388 + cached 52740, out 708 (+480 reasoning)
  221.6s   tool bash: cat << 'EOF' > /output/translation.md
Status: success
Mode: REQUEST

## BrainCode

```braincode
MODE REQUEST
ENTRYPOINT Conversation
CONVO Conversation {
  TURN
  221.8s turn 28
  228.1s   model reply: in 4655 + cached 52731, out 665 (+629 reasoning)
  228.1s   tool bash: grep -E "\| (composite|constructor) \|.*constraint" /reference/glossary.md || true
  228.2s turn 29
  232.3s   model reply: in 6050 + cached 52724, out 133 (+73 reasoning)
  232.3s   tool bash: grep -i -E "\| (constructor|composite|claim_relation|speech_act|value) \|.*(choice|option|decision|question|query|valid|premise)" /reference/glossary.md
  232.3s turn 30
  250.5s   model reply: in 3720 + cached 56775, out 3758 (+1929 reasoning)
  250.5s   tool bash: cat << 'EOF' > /output/translation.md
Status: success
Mode: REQUEST

## BrainCode

```braincode
MODE REQUEST
ENTRYPOINT Conversation
CONVO Conversation {
  TURN
  250.8s turn 31
  261.7s   model reply: in 8016 + cached 56793, out 901 (+874 reasoning)
  261.7s   tool bash: node /kit/rag.mjs search "conditional if then"
  263.1s turn 32
  277.5s   model reply: in 5201 + cached 60841, out 2177 (+333 reasoning)
  277.5s   tool bash: cat << 'EOF' > /output/translation.md
Status: success
Mode: REQUEST

## BrainCode

```braincode
MODE REQUEST
ENTRYPOINT Conversation
CONVO Conversation {
  TURN
  277.6s turn 33
  292.7s   model reply: in 3874 + cached 64901, out 3018 (+1044 reasoning)
  292.7s   tool bash: cat << 'EOF' > /output/translation.md
Status: success
Mode: REQUEST

## BrainCode

```braincode
MODE REQUEST
ENTRYPOINT Conversation
CONVO Conversation {
  TURN
  292.9s turn 34
  328.1s   model reply: in 48537 + cached 0, out 3944 (+1542 reasoning)
  328.1s   tool bash: cat << 'EOF' > /output/translation.md
Status: success
Mode: REQUEST

## BrainCode

```braincode
MODE REQUEST
ENTRYPOINT Conversation
CONVO Conversation {
  TURN
  328.2s turn 35
  344.0s   model reply: in 8352 + cached 44675, out 2552 (+172 reasoning)
  344.0s   tool write: /output/translation.md
  344.0s turn 36
  347.7s   model reply: in 2790 + cached 52793, out 51 (+21 reasoning)
  347.7s   tool bash: node /kit/rag.mjs check --translation /output/translation.md
  347.8s turn 37
  351.5s   model reply: in 3402 + cached 52778, out 66 (+16 reasoning)
  351.5s agent finished
  351.5s agent finished
