    1.9s turn 1
    8.0s   model reply: in 28018 + cached 0, out 525 (+494 reasoning)
    8.0s   tool bash: node /kit/rag.mjs search "turn" "face" "walk"
    8.1s turn 2
   10.8s   model reply: in 5093 + cached 24365, out 55 (+20 reasoning)
   10.8s   tool bash: find / -name "*.md" 2>/dev/null | grep -E "translations|example"
   11.0s turn 3
   13.5s   model reply: in 5175 + cached 24348, out 35 (+16 reasoning)
   13.5s   tool bash: ls -la / /reference
   13.5s turn 4
   16.0s   model reply: in 2269 + cached 28396, out 43 (+22 reasoning)
   16.0s   tool bash: cat /reference/examples.jsonl
   16.1s turn 5
   18.9s   model reply: in 3491 + cached 28387, out 34 (+14 reasoning)
   18.9s   tool bash: cat /item_raw.txt
   18.9s turn 6
   31.4s   model reply: in 3669 + cached 28369, out 2014 (+1991 reasoning)
   31.4s   tool bash: node /kit/rag.mjs --help
   31.4s turn 7
   33.9s   model reply: in 5721 + cached 28369, out 40 (+18 reasoning)
   33.9s   tool bash: node /kit/rag.mjs needs
   44.2s turn 8
   53.1s   model reply: in 4345 + cached 32427, out 908 (+839 reasoning)
   53.1s   tool bash: node -e 'const fs=require("fs"); const d=JSON.parse(fs.readFileSync("/needs.json")); console.log(d.length, d.map(x=>x.id + ": " + x.text).join("\n"));'
   53.2s turn 9
   56.7s   model reply: in 5494 + cached 32419, out 102 (+13 reasoning)
   56.7s   tool bash: node -e 'const fs=require("fs"); const d=JSON.parse(fs.readFileSync("/needs.json")); console.log(Object.keys(d)); if(d.needs) console.log(d.needs.length, d.need
   56.8s turn 10
   64.6s   model reply: in 5896 + cached 32404, out 1104 (+1083 reasoning)
   64.6s   tool bash: cat /kit/rag.mjs
   64.6s turn 11
   71.2s   model reply: in 4476 + cached 36461, out 486 (+460 reasoning)
   71.2s   tool bash: node /kit/rag.mjs entry request ask propose respond
   71.3s turn 12
   74.6s   model reply: in 5233 + cached 36449, out 100 (+58 reasoning)
   74.6s   tool bash: grep -E "alfred" /reference/glossary.md /reference/examples.jsonl /reference/language-spec.md
   74.7s turn 13
   77.9s   model reply: in 5361 + cached 36431, out 90 (+48 reasoning)
   77.9s   tool bash: grep -E "^\| (pick_up|place|walk|turn|face|close) \|" /reference/glossary.md
   78.0s turn 14
   88.8s   model reply: in 5868 + cached 36417, out 1832 (+1804 reasoning)
   88.8s   tool bash: node /kit/rag.mjs search "right" "left"
   88.9s turn 15
  105.8s   model reply: in 4200 + cached 40470, out 2568 (+1577 reasoning)
  105.8s   tool bash: cat << 'EOF' > /output/translation.md
Status: success
Mode: REQUEST

## BrainCode

```braincode
MODE REQUEST
ENTRYPOINT Microwave
TASK Microwave {
  ACTION turn
  105.9s turn 16
  109.4s   model reply: in 3458 + cached 44534, out 235 (+202 reasoning)
  109.4s   tool bash: node /kit/rag.mjs search "salt shaker" "salt" "shaker"
  109.7s turn 17
  116.6s   model reply: in 0 + cached 0, out 0 (+0 reasoning)
  116.6s agent finished
  118.6s turn 18
  147.9s   model reply: in 0 + cached 0, out 0 (+0 reasoning)
  147.9s agent finished
  151.9s turn 19
  259.1s   model reply: in 49031 + cached 0, out 315 (+290 reasoning)
  259.1s   tool bash: node /kit/rag.mjs entry object_label
  259.3s turn 20
  270.7s   model reply: in 4945 + cached 44510, out 1235 (+19 reasoning)
  270.7s   tool bash: cat << 'EOF' > /output/translation.md
Status: success
Mode: REQUEST

## BrainCode

```braincode
MODE REQUEST
ENTRYPOINT Microwave
TASK Microwave {
  ACTION turn
  270.8s turn 21
  283.2s   model reply: in 2843 + cached 48558, out 496 (+473 reasoning)
  283.2s   tool bash: node /kit/rag.mjs entry close
  283.4s turn 22
  297.9s   model reply: in 3430 + cached 48544, out 295 (+269 reasoning)
  297.9s   tool bash: node /kit/rag.mjs entry door microwave sink table
  298.0s turn 23
  323.2s   model reply: in 3915 + cached 48530, out 2879 (+1535 reasoning)
  323.2s   tool bash: cat << 'EOF' > /output/translation.md
Status: success
Mode: REQUEST

## BrainCode

```braincode
MODE REQUEST
ENTRYPOINT ObjectLabelSink
TASK ObjectLabelSink {
 
  323.3s turn 24
  347.2s   model reply: in 7485 + cached 48550, out 2556 (+1221 reasoning)
  347.2s   tool write: /output/translation.md
  347.2s turn 25
  353.7s   model reply: in 5994 + cached 52601, out 40 (+18 reasoning)
  353.7s   tool bash: node /kit/rag.mjs check
  353.8s turn 26
  361.0s   model reply: in 2711 + cached 56635, out 157 (+58 reasoning)
  361.0s agent finished
  361.0s agent finished
