    3.6s turn 1
   13.4s   model reply: in 31738 + cached 0, out 1071 (+1021 reasoning)
   13.5s   tool bash: node /kit/rag.mjs search "attribute_claim" "has_attribute" "character_trait" "conditional" "conjunction" "universal" "entity"
   13.6s turn 2
   17.8s   model reply: in 6624 + cached 28465, out 74 (+36 reasoning)
   17.8s   tool bash: node /kit/rag.mjs entry attribute_claim has_attribute statement conditional conjunction negation character_trait character subject requirement
   18.0s turn 3
   21.8s   model reply: in 4168 + cached 32523, out 122 (+74 reasoning)
   21.8s   tool bash: node /kit/rag.mjs search "lexical_label" "property" "trait" "universal" "premise" "rule" "quantifier"
   22.0s turn 4
   25.9s   model reply: in 2248 + cached 36583, out 45 (+17 reasoning)
   25.9s   tool bash: node /kit/rag.mjs entry lexical_label property_question
   26.0s turn 5
   29.8s   model reply: in 2910 + cached 36567, out 97 (+57 reasoning)
   29.8s   tool bash: node /kit/rag.mjs search "evaluation" "truth" "question" "logic" "rule" "statement"
   29.9s turn 6
   33.8s   model reply: in 4649 + cached 36560, out 68 (+38 reasoning)
   33.8s   tool bash: grep -E "\| claim_relation \|" /reference/glossary.md
   33.9s turn 7
   46.8s   model reply: in 2593 + cached 40617, out 1689 (+1648 reasoning)
   46.8s   tool bash: node /kit/rag.mjs entry has_attribute attribute_claim statement conditional conjunction negation character_trait character subject requirement ask inform respon
   47.0s turn 8
   50.6s   model reply: in 5995 + cached 40623, out 96 (+53 reasoning)
   50.6s   tool bash: node /kit/rag.mjs search "cold" "quiet" "young" "green" "blue" "white" "kind"
   50.7s turn 9
   59.8s   model reply: in 48728 + cached 0, out 74 (+46 reasoning)
   59.8s   tool bash: grep -E "\| constructor \|" /reference/glossary.md
   59.8s turn 10
   68.0s   model reply: in 42476 + cached 8122, out 564 (+518 reasoning)
   68.0s   tool bash: node /kit/rag.mjs search "entity" "trait" "property" "kind" "quiet" "young" "cold" "green"
   68.2s turn 11
   72.5s   model reply: in 4744 + cached 48740, out 92 (+42 reasoning)
   72.5s   tool bash: grep -E "^\| [a-z0-9_]+ \| constructor \|" /reference/glossary.md | cut -d'|' -f2,4
   72.5s turn 12
   77.5s   model reply: in 0 + cached 0, out 0 (+0 reasoning)
   77.5s agent finished
   79.5s turn 13
   93.2s   model reply: in 0 + cached 0, out 0 (+0 reasoning)
   93.2s agent finished
   97.2s turn 14
  123.9s   model reply: in 0 + cached 0, out 0 (+0 reasoning)
  123.9s agent finished
  131.9s turn 15
  204.7s   model reply: in 47622 + cached 8122, out 79 (+27 reasoning)
  204.7s   tool bash: grep -E "^\| [a-z0-9_]+ \| claim_relation \|" /reference/glossary.md | cut -d'|' -f2,4
  204.8s turn 16
  232.5s   model reply: in 4286 + cached 52789, out 1053 (+1003 reasoning)
  232.5s   tool bash: grep -C 3 -E "\| (attribute_claim|has_attribute|statement|conditional|conjunction|negation) \|" /reference/glossary.md
  232.5s turn 17
  238.5s   model reply: in 3071 + cached 56852, out 143 (+44 reasoning)
  238.5s   tool bash: node /kit/rag.mjs widen "introduce a set of logical premises" --kind speech_act
node /kit/rag.mjs widen "Dave is green" --kind claim
node /kit/rag.mjs widen "al
  239.1s turn 18
  254.3s   model reply: in 6600 + cached 56860, out 1099 (+1063 reasoning)
  254.3s   tool bash: node /kit/rag.mjs search "user" "role_user" "speaker" "inform"
  254.4s turn 19
  262.4s   model reply: in 4870 + cached 60919, out 61 (+36 reasoning)
  262.4s   tool bash: node /kit/rag.mjs entry role_user
  262.5s turn 20
  274.7s   model reply: in 4996 + cached 60900, out 1692 (+1662 reasoning)
  274.7s   tool bash: node /kit/rag.mjs check --translation /output/translation.md
  274.8s turn 21
  279.6s   model reply: in 2651 + cached 64953, out 278 (+246 reasoning)
  279.6s   tool bash: grep -i -E "(quiet|young|kind)" /reference/glossary.md
  279.6s turn 22
  294.8s   model reply: in 4738 + cached 64950, out 2383 (+2066 reasoning)
  294.8s   tool bash: cat << 'EOF' > /output/translation.md
Status: success
Mode: REQUEST

## BrainCode

```braincode
MODE REQUEST
ENTRYPOINT Conversation
CONVO Conversation {
  TURN
  295.0s turn 23
  314.6s   model reply: in 49336 + cached 0, out 1528 (+1503 reasoning)
  314.6s   tool bash: node /kit/rag.mjs entry lexical_label
  314.7s turn 24
  322.2s   model reply: in 2591 + cached 48743, out 663 (+613 reasoning)
  322.2s   tool bash: grep -E "^\| [a-z0-9_]+ \| constructor \|" /reference/glossary.md | cut -d'|' -f2,4
  322.3s turn 25
  327.4s   model reply: in 5420 + cached 48745, out 232 (+192 reasoning)
  327.4s   tool bash: node /kit/rag.mjs entry character_trait requirement subject conditional conjunction negation test_condition statement attribute_claim has_attribute
  327.5s turn 26
  343.5s   model reply: in 3127 + cached 52800, out 2245 (+349 reasoning)
  343.5s   tool bash: cat << 'EOF' > /output/translation.md
Status: success
Mode: REQUEST

## BrainCode

```braincode
MODE REQUEST
ENTRYPOINT Conversation
CONVO Conversation {
  TURN
  343.6s turn 27
  370.2s   model reply: in 6092 + cached 52803, out 4127 (+2168 reasoning)
  370.2s   tool write: /output/translation.md
  370.2s turn 28
  373.7s   model reply: in 6154 + cached 56872, out 59 (+29 reasoning)
  373.7s   tool bash: node /kit/rag.mjs check --translation /output/translation.md
  373.8s turn 29
  378.0s   model reply: in 2888 + cached 60920, out 180 (+115 reasoning)
  378.0s agent finished
  378.0s agent finished
