    3.3s turn 1
   14.0s   model reply: in 32559 + cached 0, out 1457 (+1410 reasoning)
   14.0s   tool bash: node /kit/rag.mjs search "summer" "couple" "holiday" "budget" "flexible" "off the beaten track" "itinerary"
   14.3s turn 2
   18.6s   model reply: in 36011 + cached 0, out 85 (+41 reasoning)
   18.6s   tool bash: node /kit/rag.mjs search "recommendation" "preference" "travel" "destination" "origin" "holiday" "season"
   18.8s turn 3
   25.5s   model reply: in 5542 + cached 32532, out 666 (+592 reasoning)
   25.5s   tool bash: node /kit/rag.mjs entry greeting offer_help ask propose inform respond group_size duration requirement activity subject location_spec recommended user_preferenc
   25.7s turn 4
   29.5s   model reply: in 4228 + cached 36596, out 51 (+23 reasoning)
   29.5s   tool bash: node /kit/rag.mjs entry country::IE country::IT
   29.8s turn 5
   37.2s   model reply: in 4648 + cached 36580, out 891 (+854 reasoning)
   37.2s   tool bash: node /kit/rag.mjs search "property_question" "ask" "question" "itinerary"
   37.3s turn 6
   41.3s   model reply: in 2697 + cached 40639, out 42 (+13 reasoning)
   41.3s   tool bash: node /kit/rag.mjs entry property_question reason_for request
   41.4s turn 7
   45.4s   model reply: in 3089 + cached 40621, out 102 (+51 reasoning)
   45.4s   tool bash: node /kit/rag.mjs search "art_itinerary" "art_plan" "country" "location_spec" "group_size" "user_preference"
   45.6s turn 8
   54.5s   model reply: in 0 + cached 0, out 0 (+0 reasoning)
   54.6s agent finished
   56.5s turn 9
   70.2s   model reply: in 0 + cached 0, out 0 (+0 reasoning)
   70.2s agent finished
   74.2s turn 10
  175.1s   model reply: in 5221 + cached 40617, out 239 (+205 reasoning)
  175.1s   tool bash: node /kit/rag.mjs search "UTTER" "greeting" "speech_act"
  175.2s turn 11
  187.8s   model reply: in 2304 + cached 44668, out 52 (+22 reasoning)
  187.8s   tool bash: grep -E "\| speech_act \|" /reference/glossary.md
  187.8s turn 12
  199.5s   model reply: in 2847 + cached 44651, out 177 (+152 reasoning)
  199.5s   tool bash: grep -rn "greeting" /reference/ /attach/
  199.5s turn 13
  216.4s   model reply: in 3706 + cached 44638, out 444 (+417 reasoning)
  216.4s   tool bash: grep -rn "offer_help" /reference/ /kit/
  216.5s turn 14
  226.7s   model reply: in 4328 + cached 44623, out 618 (+587 reasoning)
  226.7s   tool bash: grep -rn -E "summer|season|holiday|vacation" /reference/
  226.8s turn 15
  245.1s   model reply: in 4970 + cached 44609, out 700 (+671 reasoning)
  245.1s   tool bash: node /kit/rag.mjs widen "summer season" --kind temporal
  245.3s turn 16
  249.1s   model reply: in 2752 + cached 48661, out 56 (+31 reasoning)
  249.1s   tool bash: node /kit/rag.mjs entry temporal_context
  249.2s turn 17
  284.8s   model reply: in 3037 + cached 48643, out 5609 (+4006 reasoning)
  284.8s   tool write: /output/translation.md
  284.8s turn 18
  289.4s   model reply: in 8622 + cached 48671, out 53 (+23 reasoning)
  289.4s   tool bash: node /kit/rag.mjs check --translation /output/translation.md
  289.6s turn 19
  304.9s   model reply: in 5161 + cached 52712, out 2798 (+1137 reasoning)
  304.9s   tool write: /output/translation.md
  304.9s turn 20
  308.1s   model reply: in 3906 + cached 56769, out 39 (+9 reasoning)
  308.1s   tool bash: node /kit/rag.mjs check --translation /output/translation.md
  308.3s turn 21
  320.3s   model reply: in 4568 + cached 56755, out 2046 (+2016 reasoning)
  320.3s   tool bash: node /kit/rag.mjs check --translation /output/translation.md
  320.5s turn 22
  327.3s   model reply: in 3164 + cached 60814, out 86 (+19 reasoning)
  327.3s agent finished
  327.3s agent finished
