    2.2s turn 1
   11.4s   model reply: in 28018 + cached 0, out 1404 (+1369 reasoning)
   11.4s   tool bash: node /kit/rag.mjs search "request" "propose" "turn" "walk"
   11.5s turn 2
   14.7s   model reply: in 6298 + cached 24374, out 79 (+55 reasoning)
   14.7s   tool bash: grep -i "alfred" /reference/*.md
   14.7s turn 3
   17.3s   model reply: in 2344 + cached 28417, out 42 (+16 reasoning)
   17.3s   tool bash: grep -i "example" /reference/glossary.md
   17.4s turn 4
   26.6s   model reply: in 3656 + cached 28407, out 1534 (+1511 reasoning)
   26.6s   tool bash: node /kit/rag.mjs --help
   26.6s turn 5
   29.3s   model reply: in 5234 + cached 28401, out 40 (+18 reasoning)
   29.3s   tool bash: node /kit/rag.mjs needs
   38.7s turn 6
   45.0s   model reply: in 3909 + cached 32462, out 854 (+799 reasoning)
   45.0s   tool bash: node -e "console.log(JSON.parse(require('fs').readFileSync('/needs.json', 'utf8')).map(n => n.id + ': ' + n.text))"
   45.0s turn 7
   50.7s   model reply: in 4993 + cached 32452, out 643 (+612 reasoning)
   50.7s   tool bash: node /kit/rag.mjs search "request" "command" "instruct"
   50.8s turn 8
   79.9s   model reply: in 2420 + cached 36501, out 157 (+131 reasoning)
   79.9s   tool bash: node /kit/rag.mjs entry request propose ask respond
   80.0s turn 9
   92.3s   model reply: in 2852 + cached 36485, out 2174 (+2152 reasoning)
   92.3s   tool bash: node /kit/rag.mjs check
   92.3s turn 10
   97.6s   model reply: in 5041 + cached 36486, out 183 (+29 reasoning)
   97.6s   tool write: /output/translation.md
   97.7s turn 11
  101.5s   model reply: in 5249 + cached 36465, out 37 (+15 reasoning)
  101.5s   tool bash: node /kit/rag.mjs check
  101.6s turn 12
  112.5s   model reply: in 5901 + cached 36452, out 1769 (+1732 reasoning)
  112.5s   tool bash: node /kit/rag.mjs entry object_label::salt_shaker object_label::saltshaker
  112.7s turn 13
  116.1s   model reply: in 3877 + cached 40503, out 176 (+122 reasoning)
  116.1s   tool bash: node /kit/rag.mjs entry food_label::egg object_label::microwave object_label::sink object_label::table object_label::door object_label::saltshaker
  116.2s turn 14
  120.9s   model reply: in 4784 + cached 40493, out 154 (+126 reasoning)
  120.9s   tool bash: node /kit/rag.mjs search "left" "right"
  121.0s turn 15
  123.8s   model reply: in 5503 + cached 40481, out 55 (+24 reasoning)
  123.8s   tool bash: node /kit/rag.mjs entry turn face walk pick_up place close open
  124.0s turn 16
  130.3s   model reply: in 2536 + cached 44520, out 425 (+402 reasoning)
  130.3s   tool bash: node /kit/rag.mjs entry door
  130.5s turn 17
  134.1s   model reply: in 3033 + cached 44505, out 142 (+114 reasoning)
  134.1s   tool bash: node /kit/rag.mjs search "door" "close"
  134.3s turn 18
  144.7s   model reply: in 0 + cached 0, out 0 (+0 reasoning)
  144.8s agent finished
  146.8s turn 19
  160.4s   model reply: in 0 + cached 0, out 0 (+0 reasoning)
  160.4s agent finished
  164.4s turn 20
  176.0s   model reply: in 0 + cached 0, out 0 (+0 reasoning)
  176.0s agent finished
  184.0s turn 21
  206.5s   model reply: in 0 + cached 0, out 0 (+0 reasoning)
  206.5s agent finished
  222.5s turn 22
  288.3s   model reply: in 48264 + cached 0, out 1690 (+725 reasoning)
  288.3s   tool write: /output/translation.md
  288.3s turn 23
  305.3s   model reply: in 5469 + cached 44489, out 37 (+15 reasoning)
  305.3s   tool bash: node /kit/rag.mjs check
  305.4s turn 24
  318.4s   model reply: in 2200 + cached 48522, out 812 (+789 reasoning)
  318.4s   tool bash: node /kit/rag.mjs entry quantity
  318.5s turn 25
  332.9s   model reply: in 3059 + cached 48512, out 396 (+367 reasoning)
  332.9s   tool bash: node /kit/rag.mjs entry format_numbered_list then sequence
  333.0s turn 26
  346.5s   model reply: in 3639 + cached 48498, out 1127 (+158 reasoning)
  346.5s   tool write: /output/translation.md
  346.5s turn 27
  353.1s   model reply: in 4779 + cached 48489, out 37 (+15 reasoning)
  353.1s   tool bash: node /kit/rag.mjs check
  353.2s turn 28
  363.1s   model reply: in 5541 + cached 48478, out 1289 (+318 reasoning)
  363.1s   tool write: /output/translation.md
  363.1s turn 29
  378.9s   model reply: in 2801 + cached 52511, out 37 (+15 reasoning)
  378.9s   tool bash: node /kit/rag.mjs check
  379.0s turn 30
  390.7s   model reply: in 3563 + cached 52500, out 840 (+800 reasoning)
  390.7s   tool bash: node /kit/rag.mjs entry example_a_select_two_pillows_and_move_those_objects
  390.8s turn 31
  415.2s   model reply: in 4762 + cached 52496, out 3517 (+2400 reasoning)
  415.3s   tool write: /output/translation.md
  415.3s turn 32
  421.8s   model reply: in 4223 + cached 56556, out 37 (+15 reasoning)
  421.8s   tool bash: node /kit/rag.mjs check
  422.0s turn 33
  437.5s   model reply: in 4984 + cached 56546, out 1944 (+821 reasoning)
  437.5s   tool write: /output/translation.md
  437.5s turn 34
  441.1s   model reply: in 2892 + cached 60586, out 40 (+18 reasoning)
  441.1s   tool bash: node /kit/rag.mjs check
  441.2s turn 35
  449.2s   model reply: in 3656 + cached 60576, out 173 (+18 reasoning)
  449.2s agent finished
  449.2s agent finished
