    2.6s turn 1
    9.0s   model reply: in 25975 + cached 0, out 763 (+721 reasoning)
    9.0s   tool bash: node /kit/rag.mjs search "click" "web_element" "request" "promotion" "property" "university"
    9.2s turn 2
   12.9s   model reply: in 4148 + cached 24358, out 93 (+48 reasoning)
   12.9s   tool bash: node /kit/rag.mjs entry web_element click select_option apply_filters select_filter location_spec requirement subject promotional_event ask request
   13.0s turn 3
   20.2s   model reply: in 5673 + cached 24352, out 1052 (+1010 reasoning)
   20.2s   tool bash: node /kit/rag.mjs search "properties" "accommodation" "promotions" "discounts" "university" "filter"
   20.4s turn 4
   26.2s   model reply: in 4405 + cached 28413, out 102 (+64 reasoning)
   26.2s   tool bash: node /kit/rag.mjs entry associated_with user_preference include exclude cat_limited_time_offers activity
   26.3s turn 5
   32.3s   model reply: in 5511 + cached 28403, out 107 (+70 reasoning)
   32.3s   tool bash: node /kit/rag.mjs search "user request" "filter by" "university" "search web"
   32.4s turn 6
   35.2s   model reply: in 2837 + cached 32453, out 75 (+47 reasoning)
   35.2s   tool bash: node /kit/rag.mjs entry role_user role_agent
   35.3s turn 7
   42.6s   model reply: in 3023 + cached 32435, out 1080 (+1052 reasoning)
   42.6s   tool bash: grep -n "associated_with" /reference/glossary.md
   42.6s turn 8
   45.7s   model reply: in 4176 + cached 32426, out 89 (+28 reasoning)
   45.7s   tool bash: grep -E "\| (location_spec|web_element|select_option|select_filter|apply_filters|promotional_event|cat_limited_time_offers) \|" /reference/glossary.md
   45.8s turn 9
   50.1s   model reply: in 4696 + cached 32411, out 246 (+213 reasoning)
   50.1s   tool bash: node /kit/rag.mjs search "properties with promotions" "universities in Sydney"
   50.2s turn 10
   53.9s   model reply: in 5510 + cached 32400, out 144 (+59 reasoning)
   53.9s   tool bash: node /kit/rag.mjs widen "display properties" --kind action
node /kit/rag.mjs widen "properties or student accommodations" --kind object
node /kit/rag.mjs widen 
   54.9s turn 11
   68.4s   model reply: in 4792 + cached 36464, out 2386 (+1458 reasoning)
   68.4s   tool bash: cat << 'EOF' > /output/translation.md
Status: success
Mode: TRACE

## BrainCode

```braincode
MODE TRACE
ENTRYPOINT Conversation
CONVO Conversation {
  TURN t1 
   68.6s turn 12
   73.1s   model reply: in 3392 + cached 40522, out 343 (+319 reasoning)
   73.1s   tool bash: node /kit/rag.mjs check --help
   73.6s turn 13
   78.9s   model reply: in 44529 + cached 0, out 259 (+221 reasoning)
   78.9s   tool bash: node /kit/rag.mjs search "property" "student accommodation" "university" "universities in Sydney"
   79.1s turn 14
   83.9s   model reply: in 45909 + cached 0, out 149 (+123 reasoning)
   83.9s   tool bash: grep -i "university" /reference/glossary.md
   83.9s turn 15
   87.2s   model reply: in 5602 + cached 40485, out 87 (+47 reasoning)
   87.2s   tool bash: grep -i -E "housing|accommodation|apartment|dorm|real_estate|student" /reference/glossary.md
   87.3s turn 16
  110.0s   model reply: in 5776 + cached 40468, out 4571 (+3663 reasoning)
  110.0s   tool write: /output/translation.md
  110.0s turn 17
  112.9s   model reply: in 6279 + cached 44540, out 53 (+23 reasoning)
  112.9s   tool bash: node /kit/rag.mjs check --translation /output/translation.md
  113.1s turn 18
  116.1s   model reply: in 2572 + cached 48572, out 111 (+42 reasoning)
  116.2s agent finished
  116.2s agent finished
