    1.9s turn 1
    5.6s   model reply: in 29488 + cached 0, out 128 (+89 reasoning)
    5.6s   tool bash: node /kit/rag.mjs search "Justin Bieber" "fashion" "deserve" "wealth" "talent"
    5.7s turn 2
   11.8s   model reply: in 2571 + cached 28439, out 753 (+706 reasoning)
   11.8s   tool bash: node /kit/rag.mjs widen "poverty" "wealth" "possessions" "compassion" "mistakes" "career" "growth"
   12.0s turn 3
   22.5s   model reply: in 5462 + cached 28440, out 1649 (+1562 reasoning)
   22.5s   tool bash: node /kit/rag.mjs entry attitude argues_for attribute_claim controversial enables has_attribute has_goal has_style important leads_to meets_needs motivated_by o
   22.6s turn 4
   25.3s   model reply: in 5047 + cached 32510, out 97 (+51 reasoning)
   25.4s   tool bash: node /kit/rag.mjs entry activity aesthetic audience_targeting character_trait decision interpersonal_stance property_question requirement subject temporal_conte
   25.5s turn 5
   28.3s   model reply: in 3050 + cached 36568, out 125 (+78 reasoning)
   28.3s   tool bash: node /kit/rag.mjs search "music" "singer" "songwriter" "fans" "wealth" "possessions" "critic" "earn"
   28.5s turn 6
   39.2s   model reply: in 5408 + cached 36566, out 1898 (+1858 reasoning)
   39.2s   tool bash: grep -E "\| (constructor|claim_relation|speech_act|link) \|" /reference/glossary.md
   39.4s turn 7
   42.3s   model reply: in 5082 + cached 40636, out 75 (+41 reasoning)
   42.3s   tool bash: grep -E "\| (claim_relation|link) \|" /reference/glossary.md
   42.4s turn 8
   46.0s   model reply: in 3039 + cached 44694, out 68 (+20 reasoning)
   46.0s   tool bash: tail -n +35 /reference/glossary.md | grep -E "\| (claim_relation|link) \|" | tail -n +25
   46.0s turn 9
   49.6s   model reply: in 5044 + cached 44689, out 51 (+23 reasoning)
   49.6s   tool bash: grep -E "\| constructor \|" /reference/glossary.md
   49.7s turn 10
   52.5s   model reply: in 2835 + cached 48745, out 61 (+26 reasoning)
   52.5s   tool bash: grep -E "\| constructor \|" /reference/glossary.md | tail -n +25
   52.6s turn 11
   55.7s   model reply: in 4738 + cached 48740, out 52 (+17 reasoning)
   55.7s   tool bash: grep -E "\| constructor \|" /reference/glossary.md | tail -n +50
   55.7s turn 12
   58.5s   model reply: in 2483 + cached 52795, out 58 (+23 reasoning)
   58.5s   tool bash: grep -E "\| constructor \|" /reference/glossary.md | tail -n +75
   58.5s turn 13
   65.2s   model reply: in 3235 + cached 52780, out 861 (+813 reasoning)
   65.2s   tool bash: node /kit/rag.mjs search "challenge" "faced" "difficulties" "compassion" "mistake" "positive influence" "surround"
   65.4s turn 14
   79.7s   model reply: in 5969 + cached 52782, out 2708 (+2686 reasoning)
   79.7s   tool bash: node /kit/rag.mjs check
   79.8s turn 15
   93.6s   model reply: in 4631 + cached 56844, out 788 (+717 reasoning)
   93.6s   tool bash: node /kit/rag.mjs entry ask inform respond property_question subject audience_targeting interpersonal_stance character_trait ongoing attitude recommended import
   93.7s turn 16
   98.3s   model reply: in 3341 + cached 60907, out 170 (+145 reasoning)
   98.3s   tool bash: node /kit/rag.mjs entry has_attribute
   98.5s turn 17
  126.4s   model reply: in 64556 + cached 0, out 6264 (+4004 reasoning)
  126.4s   tool write: /output/translation.md
  126.4s turn 18
  141.4s   model reply: in 0 + cached 0, out 0 (+0 reasoning)
  141.4s agent finished
  143.4s turn 19
  157.0s   model reply: in 0 + cached 0, out 0 (+0 reasoning)
  157.0s agent finished
  161.0s turn 20
  187.7s   model reply: in 0 + cached 0, out 0 (+0 reasoning)
  187.7s agent finished
  195.7s turn 21
  248.3s   model reply: in 0 + cached 0, out 0 (+0 reasoning)
  248.3s agent finished
  264.3s turn 22
  432.0s   model reply: in 47634 + cached 0, out 62 (+32 reasoning)
  432.0s   tool bash: node /kit/rag.mjs check --translation /output/translation.md
  432.2s turn 23
  445.2s   model reply: in 3943 + cached 44677, out 310 (+287 reasoning)
  445.2s   tool bash: node /kit/rag.mjs entry decision
  445.2s turn 24
  453.3s   model reply: in 4433 + cached 44661, out 651 (+185 reasoning)
  453.3s   tool edit: /output/translation.md
  453.3s turn 25
  460.5s   model reply: in 49742 + cached 0, out 55 (+25 reasoning)
  460.5s   tool bash: node /kit/rag.mjs check --translation /output/translation.md
  460.7s turn 26
  484.5s   model reply: in 2050 + cached 48676, out 4062 (+1789 reasoning)
  484.5s   tool write: /output/translation.md
  484.5s turn 27
  490.3s   model reply: in 6104 + cached 48688, out 59 (+29 reasoning)
  490.3s   tool bash: node /kit/rag.mjs check --translation /output/translation.md
  490.4s turn 28
  494.8s   model reply: in 3047 + cached 52733, out 130 (+27 reasoning)
  494.8s agent finished
  494.8s agent finished
