   19.3s turn 1
   31.5s   model reply: in 11219 + cached 0, out 998 (+975 reasoning)
   31.5s   tool bash: ls -la /
ls -la /workspace
   31.9s turn 2
   34.5s   model reply: in 5005 + cached 8035, out 34 (+16 reasoning)
   34.5s   tool bash: ls -la /reference
   35.5s turn 3
   38.3s   model reply: in 5253 + cached 8025, out 43 (+23 reasoning)
   38.3s   tool read: /reference/examples.jsonl
   38.5s turn 4
   47.6s   model reply: in 2451 + cached 12040, out 1063 (+984 reasoning)
   47.6s   tool write: /output/reconstruction.md
   48.2s turn 5
   50.9s   model reply: in 3522 + cached 12037, out 39 (+19 reasoning)
   50.9s   tool read: /output/reconstruction.md
   51.6s turn 6
   54.7s   model reply: in 3629 + cached 12022, out 71 (+17 reasoning)
   54.7s agent finished
   54.7s agent finished
