    2.2s turn 1
   10.2s   model reply: in 30497 + cached 0, out 1042 (+993 reasoning)
   10.2s   tool bash: node /kit/rag.mjs search "playboy" "flirty" "intellectual" "pickup lines" "wine tasting" "james bond" "restaurant"
   10.4s turn 2
   13.3s   model reply: in 5113 + cached 28456, out 92 (+45 reasoning)
   13.3s   tool bash: node /kit/rag.mjs search "persona" "date" "weekend" "algorithm" "strike" "forgive" "friend" "adventure"
   13.5s turn 3
   19.5s   model reply: in 3332 + cached 32517, out 844 (+769 reasoning)
   19.5s   tool bash: node /kit/rag.mjs entry character character_trait requirement activity failure constraint_budget_limited topic_pickup_lines wine restaurant entity_drinks role_f
   19.6s turn 4
   22.2s   model reply: in 6241 + cached 32517, out 94 (+46 reasoning)
   22.2s   tool bash: node /kit/rag.mjs entry ask propose respond acknowledge confirm inform contrast unit_week identity occurred occurred_recently attitude enables leads_to ongoing 
   22.3s turn 5
   28.6s   model reply: in 3481 + cached 36571, out 915 (+870 reasoning)
   28.6s   tool bash: node /kit/rag.mjs search "flattery" "forgive" "adventure" "speakeasy" "strike" "outage"
   29.0s turn 6
   52.1s   model reply: in 0 + cached 0, out 0 (+0 reasoning)
   52.1s agent finished
   54.1s turn 7
   67.8s   model reply: in 0 + cached 0, out 0 (+0 reasoning)
   67.8s agent finished
   71.8s turn 8
   83.3s   model reply: in 0 + cached 0, out 0 (+0 reasoning)
   83.3s agent finished
   91.3s turn 9
  113.8s   model reply: in 0 + cached 0, out 0 (+0 reasoning)
  113.8s agent finished
  129.9s turn 10
  318.9s   model reply: in 42608 + cached 0, out 2581 (+1898 reasoning)
  318.9s   tool bash: cat << 'EOF' > /output/translation.md
Status: success
Mode: TRACE

## BrainCode

```braincode
MODE TRACE
ENTRYPOINT Conversation
CONVO Conversation {
  TURN t1 
  319.1s turn 11
  373.8s   model reply: in 45893 + cached 0, out 5608 (+4118 reasoning)
  373.8s   tool bash: cat << 'EOF' > /output/translation.md
Status: success
Mode: TRACE

## BrainCode

```braincode
MODE TRACE
ENTRYPOINT Conversation
CONVO Conversation {
  TURN t1 
  373.9s turn 12
  398.6s   model reply: in 11575 + cached 40659, out 2825 (+1335 reasoning)
  398.6s   tool bash: cat << 'EOF' > /output/translation.md
Status: success
Mode: TRACE

## BrainCode

```braincode
MODE TRACE
ENTRYPOINT Conversation
CONVO Conversation {
  TURN t1 
  398.7s turn 13
  408.7s   model reply: in 6997 + cached 48795, out 213 (+110 reasoning)
  408.7s agent finished
  408.7s agent finished
