    1.9s turn 1
    8.2s   model reply: in 26862 + cached 0, out 777 (+739 reasoning)
    8.2s   tool bash: node /kit/rag.mjs search "web_element" "click" "type_text" "request"
    8.3s turn 2
   11.8s   model reply: in 28937 + cached 0, out 109 (+71 reasoning)
   11.8s   tool bash: node /kit/rag.mjs search "job" "browse" "filter" "security clearance" "certificate"
   11.9s turn 3
   14.5s   model reply: in 2032 + cached 28414, out 90 (+47 reasoning)
   14.5s   tool bash: node /kit/rag.mjs entry search_web select_filter apply_filters web_element click type_text request subject activity requirement sequence
   14.7s turn 4
   17.6s   model reply: in 4159 + cached 28412, out 56 (+32 reasoning)
   17.6s   tool bash: node /kit/rag.mjs entry requirement sequence
   17.7s turn 5
   27.5s   model reply: in 4550 + cached 28396, out 1253 (+1212 reasoning)
   27.5s   tool bash: node /kit/rag.mjs search "Browse IT jobs" "filter by Security clearance certificate" "search and filter job postings"
   27.6s turn 6
   34.4s   model reply: in 2638 + cached 32451, out 831 (+793 reasoning)
   34.4s   tool bash: node /kit/rag.mjs search "browse" "certificate" "clearance" "filter" --kind constraint
   34.6s turn 7
   38.1s   model reply: in 4594 + cached 32449, out 102 (+72 reasoning)
   38.1s   tool bash: node /kit/rag.mjs widen "browse IT jobs" --kind action
   38.2s turn 8
   40.9s   model reply: in 2322 + cached 36501, out 47 (+15 reasoning)
   40.9s   tool bash: node /kit/rag.mjs widen "Filter by Security clearance certificate" --kind constraint
   41.0s turn 9
   54.5s   model reply: in 4375 + cached 36499, out 2090 (+1205 reasoning)
   54.5s   tool bash: cat << 'EOF' > /output/translation.md
Status: success
Mode: TRACE

## BrainCode

```braincode
MODE TRACE
ENTRYPOINT Conversation
CONVO Conversation {
  TURN t1 
   54.7s turn 10
   67.5s   model reply: in 2746 + cached 40557, out 2201 (+2173 reasoning)
   67.5s   tool bash: node /kit/rag.mjs entry ask decline acknowledge offer inform request
   67.6s turn 11
   74.3s   model reply: in 5324 + cached 40560, out 276 (+237 reasoning)
   74.3s   tool bash: node -e '
import("/kit/rag.mjs").catch(e => console.error(e));
'
   74.4s turn 12
   77.5s   model reply: in 5654 + cached 40544, out 121 (+55 reasoning)
   77.5s   tool bash: node /kit/rag.mjs widen "Filters link" --kind object
node /kit/rag.mjs widen "Certificates link" --kind object
node /kit/rag.mjs widen "Security clearance link"
   78.0s turn 13
   83.8s   model reply: in 49605 + cached 0, out 552 (+522 reasoning)
   83.8s   tool bash: node /kit/rag.mjs search "web_element" --kind object
   84.0s turn 14
   92.8s   model reply: in 5882 + cached 44598, out 1082 (+1054 reasoning)
   92.8s   tool bash: node /kit/rag.mjs search "constructor" --kind constraint
   93.0s turn 15
   96.1s   model reply: in 3165 + cached 48644, out 63 (+25 reasoning)
   96.1s   tool bash: grep -E "^\| [a-z0-9_]+ \| constructor \|" /reference/glossary.md
   96.2s turn 16
   99.3s   model reply: in 9079 + cached 44589, out 72 (+50 reasoning)
   99.3s   tool bash: node /kit/rag.mjs needs
  108.4s turn 17
  113.3s   model reply: in 7142 + cached 48642, out 483 (+453 reasoning)
  113.3s   tool bash: node /kit/rag.mjs check --translation /output/translation.md
  113.5s turn 18
  119.3s   model reply: in 3923 + cached 52683, out 676 (+648 reasoning)
  119.3s   tool bash: find / -name "*mind2web*" 2>/dev/null
  119.4s turn 19
  122.0s   model reply: in 4622 + cached 52670, out 42 (+23 reasoning)
  122.0s   tool bash: ls -la /reference/
  122.1s turn 20
  124.9s   model reply: in 4885 + cached 52653, out 125 (+16 reasoning)
  124.9s   tool bash: node -e '
import fs from "fs";
const lines = fs.readFileSync("/reference/examples.jsonl", "utf8").trim().split("\n");
lines.forEach(l => {
  const d = JSON.pars
  125.0s turn 21
  128.4s   model reply: in 5122 + cached 52635, out 108 (+16 reasoning)
  128.4s   tool bash: node -e '
import fs from "fs";
const lines = fs.readFileSync("/reference/examples.jsonl", "utf8").trim().split("\n");
lines.forEach(l => {
  const d = JSON.pars
  128.5s turn 22
  134.5s   model reply: in 2753 + cached 56682, out 465 (+403 reasoning)
  134.5s   tool bash: node -e '
import fs from "fs";
const content = fs.readFileSync("/kit/rag.mjs", "utf8");
console.log(content.slice(0, 1500));
'
  134.6s turn 23
  145.2s   model reply: in 0 + cached 0, out 0 (+0 reasoning)
  145.3s agent finished
  147.3s turn 24
  161.0s   model reply: in 0 + cached 0, out 0 (+0 reasoning)
  161.0s agent finished
  165.0s turn 25
  283.5s   model reply: in 60329 + cached 0, out 93 (+17 reasoning)
  283.5s   tool bash: node -e '
import fs from "fs";
const content = fs.readFileSync("/kit/rag.mjs", "utf8");
const idx = content.indexOf("async function check");
console.log(content
  283.6s turn 26
  296.5s   model reply: in 3770 + cached 56652, out 79 (+14 reasoning)
  296.5s   tool bash: node -e '
import fs from "fs";
const content = fs.readFileSync("/kit/rag.mjs", "utf8");
console.log(content.slice(1500, 3500));
'
  296.6s turn 27
  319.8s   model reply: in 61139 + cached 0, out 87 (+22 reasoning)
  319.8s   tool bash: node -e '
import fs from "fs";
const content = fs.readFileSync("/kit/rag.mjs", "utf8");
console.log(content.slice(3500, 5500));
'
  319.9s turn 28
  349.7s   model reply: in 5066 + cached 56626, out 2339 (+2309 reasoning)
  349.7s   tool bash: node /kit/rag.mjs check --translation /output/translation.md
  349.8s turn 29
  360.2s   model reply: in 0 + cached 0, out 0 (+0 reasoning)
  360.2s agent finished
  362.2s turn 30
  382.3s   model reply: in 3688 + cached 60682, out 2169 (+2135 reasoning)
  382.3s   tool bash: node /kit/rag.mjs search "web browsing" "user request" "task instruction"
  382.4s turn 31
  399.8s   model reply: in 6717 + cached 60696, out 2562 (+1661 reasoning)
  399.8s   tool write: /output/translation.md
  399.8s turn 32
  407.9s   model reply: in 5232 + cached 64747, out 38 (+8 reasoning)
  407.9s   tool bash: node /kit/rag.mjs check --translation /output/translation.md
  408.0s turn 33
  434.5s   model reply: in 48796 + cached 0, out 737 (+552 reasoning)
  434.5s agent finished
  434.5s agent finished
