    3.1s turn 1
    8.8s   model reply: in 31581 + cached 0, out 409 (+365 reasoning)
    8.8s   tool bash: node /kit/rag.mjs search "rough" "furry" "nice" "blue" "white" "big" "cold"
   11.9s turn 2
   15.5s   model reply: in 5505 + cached 28459, out 120 (+84 reasoning)
   15.5s   tool bash: node /kit/rag.mjs entry attribute_claim character_trait statement conditional negation requirement subject ask confirm respond
   16.2s turn 3
   23.3s   model reply: in 3032 + cached 32515, out 82 (+52 reasoning)
   23.3s   tool bash: grep -E "(constructor|claim_relation)" /reference/glossary.md
   23.7s turn 4
   32.1s   model reply: in 4877 + cached 32508, out 878 (+828 reasoning)
   32.1s   tool bash: node /kit/rag.mjs search "entity" "property" "universal" "premise" "theory" "truth_value" "rough" "furry"
   32.3s turn 5
   35.2s   model reply: in 3850 + cached 36574, out 63 (+25 reasoning)
   35.2s   tool bash: grep -E "^\| [a-z0-9_]+ \| constructor \|" /reference/glossary.md
   35.3s turn 6
   36.5s   model reply: in 0 + cached 0, out 0 (+0 reasoning)
   36.5s agent finished
   38.5s turn 7
   52.2s   model reply: in 0 + cached 0, out 0 (+0 reasoning)
   52.2s agent finished
   56.2s turn 8
   83.2s   model reply: in 0 + cached 0, out 0 (+0 reasoning)
   83.2s agent finished
   91.2s turn 9
  152.2s   model reply: in 42283 + cached 0, out 78 (+24 reasoning)
  152.2s   tool bash: grep -E "^\| [a-z0-9_]+ \| constructor \|" /reference/glossary.md | cut -d '|' -f 2 | tr -d ' '
  152.2s turn 10
  172.3s   model reply: in 2054 + cached 40613, out 67 (+11 reasoning)
  172.3s   tool bash: grep -E "^\| [a-z0-9_]+ \| claim_relation \|" /reference/glossary.md | cut -d '|' -f 2 | tr -d ' '
  172.8s turn 11
  182.9s   model reply: in 2364 + cached 40595, out 76 (+37 reasoning)
  182.9s   tool bash: node /kit/rag.mjs entry attribute_claim has_attribute has_state possesses statement property_question conjunction conditional negation
  183.1s turn 12
  186.2s   model reply: in 3622 + cached 40585, out 109 (+79 reasoning)
  186.2s   tool bash: node /kit/rag.mjs entry lexical_label character test_condition requirement
  186.3s turn 13
  197.1s   model reply: in 4614 + cached 40573, out 961 (+926 reasoning)
  197.1s   tool bash: grep -i "proofwriter" /reference/* || grep -i "conditional(" /reference/* || true
  197.2s turn 14
  204.1s   model reply: in 5749 + cached 40564, out 153 (+101 reasoning)
  204.1s   tool bash: grep -E "(state_cold|state_clean|state_warm|size_large|color_pink|character_trait|property_question)" /reference/glossary.md
  204.1s turn 15
  215.1s   model reply: in 2674 + cached 44608, out 707 (+683 reasoning)
  215.1s   tool bash: grep -i "statement(" /reference/* || true
  215.1s turn 16
  236.1s   model reply: in 3610 + cached 44597, out 3182 (+3142 reasoning)
  236.1s   tool bash: node /kit/rag.mjs widen "rule: if something is white and cold, then it is blue" --kind reasoning
  236.5s turn 17
  247.1s   model reply: in 8799 + cached 44623, out 1307 (+1281 reasoning)
  247.1s   tool bash: node /kit/rag.mjs check --help || true
  247.2s turn 18
  252.8s   model reply: in 6068 + cached 48671, out 267 (+52 reasoning)
  252.8s   tool bash: cat << 'EOF' > /output/translation.md
Status: success
Mode: REQUEST

## BrainCode

```braincode
MODE REQUEST
ENTRYPOINT Conversation
CONVO Conversation {
  TURN
  252.9s turn 19
  261.7s   model reply: in 3033 + cached 52716, out 841 (+456 reasoning)
  261.7s   tool bash: cat << 'EOF' > /output/translation.md
Status: success
Mode: REQUEST

## BrainCode

```braincode
MODE REQUEST
ENTRYPOINT Conversation
CONVO Conversation {
  TURN
  261.8s turn 20
  268.5s   model reply: in 4708 + cached 52711, out 569 (+510 reasoning)
  268.5s   tool bash: node /kit/rag.mjs widen "rely only on the provided theory" --kind constraint
node /kit/rag.mjs widen "answer must be True, False, or Unknown" --kind constraint

  268.9s turn 21
  272.0s   model reply: in 4423 + cached 56781, out 57 (+30 reasoning)
  272.0s   tool bash: node /kit/rag.mjs entry constraint_single_choice
  272.2s turn 22
  294.5s   model reply: in 4646 + cached 56763, out 3527 (+1490 reasoning)
  294.5s   tool bash: cat << 'EOF' > /output/translation.md
Status: success
Mode: REQUEST

## BrainCode

```braincode
MODE REQUEST
ENTRYPOINT Conversation
CONVO Conversation {
  TURN
  294.6s turn 23
  298.6s   model reply: in 65746 + cached 0, out 77 (+52 reasoning)
  298.6s   tool bash: node /kit/rag.mjs entry role_user
  298.8s turn 24
  319.5s   model reply: in 5050 + cached 60819, out 3366 (+1032 reasoning)
  319.5s   tool bash: cat << 'EOF' > /output/translation.md
Status: success
Mode: REQUEST

## BrainCode

```braincode
MODE REQUEST
ENTRYPOINT Conversation
CONVO Conversation {
  TURN
  319.7s turn 25
  346.5s   model reply: in 5160 + cached 64893, out 4422 (+2076 reasoning)
  346.5s   tool bash: cat << 'EOF' > /output/translation.md
Status: success
Mode: REQUEST

## BrainCode

```braincode
MODE REQUEST
ENTRYPOINT Conversation
CONVO Conversation {
  TURN
  346.6s turn 26
  361.8s   model reply: in 50447 + cached 0, out 124 (+34 reasoning)
  361.9s agent finished
  361.9s agent finished
