    1.8s turn 1
   58.0s   model reply: in 2299 + cached 0, out 9112 (+9095 reasoning)
   58.0s   tool read: /trajectory.txt
   58.0s turn 2
   64.5s   model reply: in 12092 + cached 0, out 645 (+596 reasoning)
   64.5s   tool bash: python3 -c "
with open('/trajectory.txt', 'r') as f:
    text = f.read()
print(repr(text))
"
   64.5s turn 3
   67.6s   model reply: in 4742 + cached 8018, out 79 (+25 reasoning)
   67.6s   tool bash: node -e "
const fs = require('fs');
const content = fs.readFileSync('/trajectory.txt', 'utf8');
console.log(JSON.stringify(content));
"
   67.7s turn 4
  106.2s   model reply: in 5575 + cached 8016, out 4642 (+4604 reasoning)
  106.2s   tool bash: node -e "
const fs = require('fs');
console.log(fs.existsSync('/output'));
"
  107.8s turn 5
  155.6s   model reply: in 6158 + cached 12076, out 3498 (+2335 reasoning)
  155.6s   tool write: /output/translation.md
  155.7s turn 6
  159.1s   model reply: in 5609 + cached 16127, out 38 (+19 reasoning)
  159.1s   tool read: /output/translation.md
  159.2s turn 7
  164.4s   model reply: in 2756 + cached 20156, out 62 (+41 reasoning)
  164.5s agent finished
  164.5s agent finished
