    1.9s turn 1
   10.7s   model reply: in 28194 + cached 0, out 618 (+582 reasoning)
   10.7s   tool bash: node /kit/rag.mjs search "walk" "turn" "pick_up" "place"
   10.8s turn 2
   14.1s   model reply: in 5683 + cached 24370, out 90 (+68 reasoning)
   14.1s   tool bash: ls -la /reference /doc_formats
   14.1s turn 3
   16.9s   model reply: in 2140 + cached 28415, out 43 (+22 reasoning)
   16.9s   tool bash: cat /reference/examples.jsonl
   16.9s turn 4
   20.0s   model reply: in 3363 + cached 28405, out 48 (+25 reasoning)
   20.0s   tool bash: node /kit/rag.mjs --help
   20.0s turn 5
   22.8s   model reply: in 3468 + cached 28386, out 40 (+18 reasoning)
   22.8s   tool bash: node /kit/rag.mjs needs
   34.8s turn 6
   41.5s   model reply: in 6135 + cached 28390, out 913 (+889 reasoning)
   41.5s   tool bash: node /kit/rag.mjs check --help
   41.6s turn 7
   47.6s   model reply: in 3020 + cached 32434, out 606 (+564 reasoning)
   47.6s   tool bash: grep -i "alfred" /reference/glossary.md /reference/examples.jsonl /reference/language-spec.md
   47.7s turn 8
   51.1s   model reply: in 3649 + cached 32421, out 127 (+73 reasoning)
   51.1s   tool bash: node /kit/rag.mjs entry turn walk pick_up place turn_around walk_backward left_of right_of in_front_of behind on under between other_side_of
   51.2s turn 9
   54.7s   model reply: in 5021 + cached 32414, out 126 (+89 reasoning)
   54.7s   tool bash: node /kit/rag.mjs search "direction" "left" "right" "around" "turn"
   54.9s turn 10
   58.8s   model reply: in 2490 + cached 36461, out 167 (+129 reasoning)
   58.8s   tool bash: grep -E "^\| (turn|look|walk|walk_backward) \|" /reference/glossary.md
   58.9s turn 11
   62.9s   model reply: in 2875 + cached 36445, out 297 (+251 reasoning)
   62.9s   tool bash: grep -E "\| (location-name|entity-name|spatial-relation|product-attribute-value) \|" /reference/glossary.md
   63.0s turn 12
   68.8s   model reply: in 5163 + cached 36448, out 641 (+569 reasoning)
   68.8s   tool bash: node /kit/rag.mjs entry object_label::keys object_label::ottoman object_label::end_table object_label::vase object_label::couch object_label::living_room color_
   68.9s turn 13
   72.3s   model reply: in 2837 + cached 40496, out 150 (+112 reasoning)
   72.3s   tool bash: node /kit/rag.mjs entry object_label::phone object_label::cellphone phone table living_room
   72.5s turn 14
   76.2s   model reply: in 3434 + cached 40482, out 121 (+90 reasoning)
   76.2s   tool bash: node /kit/rag.mjs entry night_stand table wall couch chair keys vase
   76.5s turn 15
   88.0s   model reply: in 3958 + cached 40468, out 1855 (+1810 reasoning)
   88.0s   tool bash: node -e 'console.log(JSON.stringify(JSON.parse(require("fs").readFileSync("/needs.json")), null, 2))'
   88.1s turn 16
  107.9s   model reply: in 8390 + cached 40494, out 3745 (+3716 reasoning)
  107.9s   tool bash: node /kit/rag.mjs entry walk location_spec table couch wall
  108.3s turn 17
  112.9s   model reply: in 4343 + cached 48615, out 319 (+284 reasoning)
  112.9s   tool bash: grep -E "^\| [a-z_]+ \| operation \|" /reference/glossary.md
  113.0s turn 18
  117.1s   model reply: in 2665 + cached 52671, out 308 (+270 reasoning)
  117.1s   tool bash: node /kit/rag.mjs search "across" "left" "behind" "couch" "living room"
  117.2s turn 19
  120.6s   model reply: in 4369 + cached 52668, out 64 (+34 reasoning)
  120.6s   tool bash: grep -E "\| spatial-relation \|" /reference/glossary.md
  120.7s turn 20
  123.8s   model reply: in 4801 + cached 52652, out 114 (+86 reasoning)
  123.8s   tool bash: grep -E "\| constructor \|" /reference/glossary.md
  123.8s turn 21
  135.2s   model reply: in 2661 + cached 56702, out 1923 (+1273 reasoning)
  135.2s   tool write: /output/translation.md
  135.2s turn 22
  138.6s   model reply: in 4592 + cached 56698, out 63 (+33 reasoning)
  138.6s   tool bash: node /kit/rag.mjs check --translation /output/translation.md
  138.8s turn 23
  144.5s   model reply: in 5229 + cached 56684, out 499 (+460 reasoning)
  144.5s   tool bash: node /kit/rag.mjs search "spatial" "location" "relative position" "object description" "behind"
  144.7s turn 24
  147.7s   model reply: in 3098 + cached 60734, out 63 (+35 reasoning)
  147.7s   tool bash: node /kit/rag.mjs entry place pick_up walk face
  147.9s turn 25
  157.1s   model reply: in 3964 + cached 60722, out 1053 (+1018 reasoning)
  157.1s   tool bash: node /kit/rag.mjs entry lexical_label activity spatial_state attribute_claim exists_in
  157.3s turn 26
  169.5s   model reply: in 6673 + cached 60731, out 2296 (+2243 reasoning)
  169.5s   tool bash: grep -n -A 40 "function check" /kit/rag.mjs || grep -n -A 40 "async function check" /kit/rag.mjs
  169.6s turn 27
  172.9s   model reply: in 4925 + cached 64785, out 41 (+15 reasoning)
  172.9s   tool bash: grep -n "check" /kit/rag.mjs
  172.9s turn 28
  179.0s   model reply: in 0 + cached 0, out 0 (+0 reasoning)
  179.0s agent finished
  181.0s turn 29
  194.7s   model reply: in 0 + cached 0, out 0 (+0 reasoning)
  194.7s agent finished
  198.7s turn 30
  211.0s   model reply: in 0 + cached 0, out 0 (+0 reasoning)
  211.0s agent finished
  219.0s turn 31
  240.9s   model reply: in 0 + cached 0, out 0 (+0 reasoning)
  240.9s agent finished
  257.0s turn 32
  335.9s   model reply: in 69872 + cached 0, out 2243 (+1558 reasoning)
  335.9s   tool write: /output/translation.md
  335.9s turn 33
  380.1s   model reply: in 48311 + cached 0, out 53 (+23 reasoning)
  380.1s   tool bash: node /kit/rag.mjs check --translation /output/translation.md
  380.2s turn 34
  411.8s   model reply: in 4363 + cached 44576, out 4186 (+3477 reasoning)
  411.8s   tool write: /output/translation.md
  411.8s turn 35
  421.4s   model reply: in 4483 + cached 48646, out 53 (+23 reasoning)
  421.4s   tool bash: node /kit/rag.mjs check --translation /output/translation.md
  421.5s turn 36
  454.0s   model reply: in 5065 + cached 48632, out 1848 (+1807 reasoning)
  454.0s   tool bash: node /kit/rag.mjs search "entity with color" "qualified object" "spatial relation between objects" "object descriptor"
  454.1s turn 37
  461.0s   model reply: in 4080 + cached 52694, out 55 (+30 reasoning)
  461.0s   tool bash: node /kit/rag.mjs entry spatial_constraint
  461.1s turn 38
  474.2s   model reply: in 4231 + cached 52675, out 112 (+74 reasoning)
  474.2s   tool bash: node /kit/rag.mjs search "entity descriptor" "subject" "attribute" "color" "room"
  474.4s turn 39
  482.2s   model reply: in 5809 + cached 52671, out 80 (+40 reasoning)
  482.2s   tool bash: grep "\| constructor \|" /reference/glossary.md | awk -F '|' '{print $2, $4}'
  482.3s turn 40
  514.3s   model reply: in 3696 + cached 56722, out 4804 (+4769 reasoning)
  514.3s   tool bash: grep -E "^\| [a-z_]+ \| constructor \|" /reference/glossary.md
  514.4s turn 41
  521.5s   model reply: in 10254 + cached 56764, out 99 (+50 reasoning)
  521.5s   tool bash: grep -E "\| (spatial_constraint|lexical_label|location_spec|requirement|property|item|object) \|" /reference/glossary.md
  521.6s turn 42
  549.7s   model reply: in 2592 + cached 64857, out 4733 (+3944 reasoning)
  549.7s   tool write: /output/translation.md
  549.7s turn 43
  575.2s   model reply: in 53188 + cached 0, out 53 (+23 reasoning)
  575.2s   tool bash: node /kit/rag.mjs check --translation /output/translation.md
  575.3s turn 44
  587.3s   model reply: in 5022 + cached 48734, out 1751 (+924 reasoning)
  587.3s   tool write: /output/translation.md
  587.3s turn 45
  591.0s   model reply: in 2726 + cached 52785, out 57 (+27 reasoning)
  591.0s   tool bash: node /kit/rag.mjs check --translation /output/translation.md
  591.1s turn 46
  596.1s   model reply: in 3313 + cached 52770, out 267 (+46 reasoning)
  596.1s agent finished
  596.1s agent finished
