    3.0s turn 1
    5.7s   model reply: in 2563 + cached 0, out 129 (+112 reasoning)
    5.7s   tool read: /trajectory.txt
    5.7s turn 2
   15.9s   model reply: in 3637 + cached 0, out 1366 (+1313 reasoning)
   15.9s   tool bash: python3 -c '
with open("/trajectory.txt", "r") as f:
    text = f.read()
print(repr(text[:500]))
'
   16.2s turn 3
   18.9s   model reply: in 5026 + cached 0, out 77 (+23 reasoning)
   18.9s   tool bash: node -e '
const fs = require("fs");
const text = fs.readFileSync("/trajectory.txt", "utf8");
console.log(JSON.stringify(text));
'
   21.1s turn 4
   28.8s   model reply: in 6091 + cached 0, out 595 (+472 reasoning)
   28.8s   tool bash: node -e '
const fs = require("fs");
const text = fs.readFileSync("/trajectory.txt", "utf8");
const parts = text.split(/(<\|user\>|<\|assistant\>)/).filter(Boole
   30.5s turn 5
   35.7s   model reply: in 3710 + cached 3931, out 146 (+25 reasoning)
   35.7s   tool bash: node -e '
const fs = require("fs");
const text = fs.readFileSync("/trajectory.txt", "utf8");
const parts = text.split(/(<\|(?:user|assistant)\|>)/).filter(Boole
   36.2s turn 6
   42.5s   model reply: in 4939 + cached 3944, out 430 (+412 reasoning)
   42.5s   tool bash: ls -la /attach
   42.8s turn 7
   45.9s   model reply: in 5454 + cached 3943, out 32 (+14 reasoning)
   46.0s   tool bash: ls -la /output
   46.1s turn 8
  134.6s   model reply: in 5547 + cached 3935, out 16171 (+14553 reasoning)
  134.6s   tool write: /output/translation.md
  134.8s turn 9
  139.8s   model reply: in 17595 + cached 8062, out 141 (+33 reasoning)
  139.8s   tool bash: node -e '
const fs = require("fs");
const orig = fs.readFileSync("/trajectory.txt", "utf8");
const trans = fs.readFileSync("/output/translation.md", "utf8");
co
  140.1s turn 10
  163.8s   model reply: in 3228 + cached 24193, out 2675 (+2660 reasoning)
  164.4s agent finished
  164.4s agent finished
