    5.0s turn 1
   19.1s   model reply: in 33541 + cached 0, out 1940 (+1889 reasoning)
   19.1s   tool bash: node /kit/rag.mjs search "side hustle" "self assessment" "business" "freelancing" "tax" "startup budget" "schedule" "marketing"
   19.3s turn 2
   23.8s   model reply: in 5165 + cached 32548, out 183 (+109 reasoning)
   23.8s   tool bash: node /kit/rag.mjs entry subject activity obligation recommended decision conjunction requirement duration time_point marketing_campaign audience_targeting perfo
   24.0s turn 3
   27.6s   model reply: in 3344 + cached 36611, out 68 (+22 reasoning)
   27.6s   tool bash: node /kit/rag.mjs entry audience_targeting performance_tracking has_goal user_preference user_practice considered measure offer offer_help ask propose respond
   27.8s turn 4
   32.6s   model reply: in 4703 + cached 36599, out 134 (+78 reasoning)
   32.6s   tool bash: node /kit/rag.mjs entry art_plan format_structured_report policy_document document_section exclude constraint_beginner constraint_budget_limited constraint_real
   32.8s turn 5
   40.4s   model reply: in 5862 + cached 36588, out 658 (+606 reasoning)
   40.4s   tool bash: node /kit/rag.mjs search "skills talents interests" "competitors competition" "freelancing ecommerce content creation" "income expenses" "bank accounts" "tax ob
   40.6s turn 6
   45.8s   model reply: in 4167 + cached 40649, out 68 (+38 reasoning)
   45.8s   tool bash: node /kit/rag.mjs entry property_question character_trait important contrast
   45.9s turn 7
   49.9s   model reply: in 4568 + cached 40632, out 114 (+74 reasoning)
   49.9s   tool bash: grep -E "\| (constructor|claim_relation|link|speech_act) \|" /reference/glossary.md
   50.0s turn 8
   61.5s   model reply: in 2470 + cached 44690, out 1706 (+1642 reasoning)
   61.5s   tool bash: grep -E "^\| [a-z0-9_]+ \| (constructor|claim_relation|link|speech_act) \|" /reference/glossary.md | cut -d'|' -f2,3,4
   61.6s turn 9
   66.3s   model reply: in 6243 + cached 44697, out 72 (+18 reasoning)
   66.3s   tool bash: grep -E "^\| [a-z0-9_]+ \| claim_relation \|" /reference/glossary.md | cut -d'|' -f2,3,4
   66.4s turn 10
   70.1s   model reply: in 3764 + cached 48752, out 69 (+17 reasoning)
   70.1s   tool bash: grep -E "^\| [a-z0-9_]+ \| link \|" /reference/glossary.md | cut -d'|' -f2,3,4
   70.2s turn 11
   80.6s   model reply: in 0 + cached 0, out 0 (+0 reasoning)
   80.6s agent finished
   82.6s turn 12
   88.6s   model reply: in 3938 + cached 48733, out 294 (+235 reasoning)
   88.6s   tool bash: grep -E "^\| [a-z0-9_]+ \| constructor \|" /reference/glossary.md | cut -d'|' -f2,3,4 | tail -n +35
   88.6s turn 13
   92.4s   model reply: in 5613 + cached 48726, out 69 (+17 reasoning)
   92.4s   tool bash: grep -E "^\| [a-z0-9_]+ \| composite \|" /reference/glossary.md | cut -d'|' -f2,3,4
   92.5s turn 14
   97.8s   model reply: in 2321 + cached 52772, out 100 (+48 reasoning)
   97.8s   tool bash: grep -E "^\| [a-z0-9_]+ \| value \|" /reference/glossary.md | cut -d'|' -f2,3,4
   97.9s turn 15
  101.7s   model reply: in 4858 + cached 52773, out 80 (+16 reasoning)
  101.7s   tool bash: grep -E "^\| [a-z0-9_]+ \| value \| (recipient-value|style-value|tone-value)" /reference/glossary.md | cut -d'|' -f2,3,4
  101.7s turn 16
  136.0s   model reply: in 5316 + cached 52757, out 6225 (+6170 reasoning)
  136.0s   tool bash: node /kit/rag.mjs entry distinguish negation conditional obligation decision conjunction activity subject requirement property_question marketing_campaign audie
  136.3s turn 17
  140.6s   model reply: in 9473 + cached 56862, out 85 (+45 reasoning)
  140.6s   tool bash: node /kit/rag.mjs entry audience_targeting performance_tracking offer_help duration time_point exclude include document_section
  141.0s turn 18
  176.5s   model reply: in 2058 + cached 64969, out 6882 (+4664 reasoning)
  176.5s   tool bash: cat << 'EOF' > /tmp/test_translation.md
Status: success
Mode: TRACE

## BrainCode

```braincode
MODE TRACE
ENTRYPOINT Conversation
CONVO Conversation {
  TURN t
  176.6s turn 19
  232.8s   model reply: in 55079 + cached 0, out 1018 (+996 reasoning)
  232.8s   tool bash: grep -rn "activity(" /reference/
  232.9s turn 20
  266.4s   model reply: in 4958 + cached 52895, out 772 (+207 reasoning)
  266.4s   tool bash: cat << 'EOF' > /tmp/test_order.md
Status: success
Mode: TRACE

## BrainCode

```braincode
MODE TRACE
ENTRYPOINT Conversation
CONVO Conversation {
  TURN t1 SPEA
  266.5s turn 21
  268.5s   model reply: in 0 + cached 0, out 0 (+0 reasoning)
  268.5s agent finished
  270.5s turn 22
  284.4s   model reply: in 0 + cached 0, out 0 (+0 reasoning)
  284.4s agent finished
  288.4s turn 23
  315.1s   model reply: in 0 + cached 0, out 0 (+0 reasoning)
  315.1s agent finished
  323.1s turn 24
  391.4s   model reply: in 59276 + cached 0, out 154 (+98 reasoning)
  391.4s   tool bash: node /kit/rag.mjs entry recommended has_goal distinguish exclude obligation audience_targeting marketing_campaign performance_tracking offer_help duration time_
  391.6s turn 25
  414.7s   model reply: in 4435 + cached 56945, out 63 (+33 reasoning)
  414.7s   tool bash: node /kit/rag.mjs entry decision conjunction property_question ask offer respond
  415.1s turn 26
  442.2s   model reply: in 5072 + cached 56928, out 2145 (+2015 reasoning)
  442.2s   tool bash: cat << 'EOF' > /tmp/validate_detailed.py
import json

# Let's inspect /needs.json to see all needs exactly
with open('/needs.json', 'r') as f:
    needs = json.
  442.3s turn 27
  446.1s   model reply: in 3180 + cached 60989, out 119 (+22 reasoning)
  446.1s   tool bash: node -e '
const fs = require("fs");
const needs = JSON.parse(fs.readFileSync("/needs.json", "utf8"));
console.log(`Total needs: ${needs.length}`);
for (const n 
  446.1s turn 28
  486.5s   model reply: in 3506 + cached 60970, out 7080 (+4803 reasoning)
  486.5s   tool bash: cat << 'EOF' > /tmp/test_full.md
Status: success
Mode: TRACE

## BrainCode

```braincode
MODE TRACE
ENTRYPOINT Conversation
CONVO Conversation {
  TURN t1 SPEAK
  486.6s turn 29
  512.3s   model reply: in 59566 + cached 0, out 2561 (+310 reasoning)
  512.3s   tool write: /output/translation.md
  512.3s turn 30
  515.5s   model reply: in 5185 + cached 56946, out 62 (+32 reasoning)
  515.5s   tool bash: node /kit/rag.mjs check --translation /output/translation.md
  515.7s turn 31
  519.2s   model reply: in 6021 + cached 56931, out 142 (+40 reasoning)
  519.2s agent finished
  519.2s agent finished
