    2.5s turn 1
   16.4s   model reply: in 1723 + cached 0, out 2132 (+2115 reasoning)
   16.4s   tool read: /trajectory.txt
   16.4s turn 2
   22.4s   model reply: in 3958 + cached 0, out 479 (+459 reasoning)
   22.4s   tool bash: cat -A /trajectory.txt
   22.5s turn 3
   29.2s   model reply: in 4558 + cached 0, out 782 (+764 reasoning)
   29.2s   tool bash: ls -la /attach
   29.4s turn 4
   32.8s   model reply: in 5424 + cached 0, out 41 (+15 reasoning)
   32.8s   tool bash: ls -la /output 2>/dev/null || true
   33.2s turn 5
   46.8s   model reply: in 5518 + cached 0, out 2108 (+2082 reasoning)
   46.8s   tool bash: cat -A /attach/1-format-translation.md
   46.8s turn 6
   77.1s   model reply: in 8098 + cached 0, out 4964 (+4818 reasoning)
   77.1s   tool write: /output/translation.md
   77.2s turn 7
   81.8s   model reply: in 5099 + cached 7967, out 33 (+14 reasoning)
   81.8s   tool read: /output/translation.md
   81.8s turn 8
   85.6s   model reply: in 5263 + cached 7957, out 41 (+19 reasoning)
   85.6s   tool bash: cat -A /output/translation.md
   85.6s turn 9
   90.7s   model reply: in 5699 + cached 7952, out 442 (+423 reasoning)
   90.7s agent finished
   90.7s agent finished
