   12.6s turn 1
   18.4s   model reply: in 3 + cached 0, out 81 (+0 reasoning)
   18.5s   tool bash: node /kit/rag.mjs search "describe requested flight origin destination nonstop airline departure date morning" "request speech act" "partial calendar date month
   21.5s turn 2
   32.3s   model reply: in 3 + cached 28790, out 296 (+181 reasoning)
   32.3s   tool bash: node /kit/rag.mjs entry request activity requirement; node /kit/rag.mjs search "describe operation arguments requested action" "flight search criteria one way n
   40.4s turn 3
   58.7s   model reply: in 3 + cached 30805, out 625 (+489 reasoning)
   58.7s   tool bash: for q in 'one-way trip' 'nonstop flight' 'departure date July 1' 'one senior passenger' 'morning departure flight' 'view flight deal'; do echo "QUERY: $q"; node
   66.0s turn 4
  111.0s   model reply: in 3 + cached 33393, out 2674 (+185 reasoning)
  111.0s   tool write: /output/translation.md
  111.0s turn 5
  119.2s   model reply: in 3 + cached 36723, out 191 (+48 reasoning)
  119.2s   tool bash: node /kit/rag.mjs check --translation /output/translation.md; for q in 'origin city San Francisco' 'destination city San Diego' 'airline United Airlines' 'two a
  121.3s turn 6
  146.6s   model reply: in 3 + cached 39415, out 1207 (+354 reasoning)
  146.6s   tool edit: /output/translation.md
  146.7s turn 7
  166.4s   model reply: in 3 + cached 41272, out 1122 (+0 reasoning)
  166.4s   tool write: /output/suggestions.md
  166.5s turn 8
  172.7s   model reply: in 3 + cached 42503, out 179 (+27 reasoning)
  172.7s   tool bash: for q in 'select departure date July 1 2023' 'update traveler passenger counts' 'submit flight search' 'filter search results by United Airlines' 'flight_deal_v
  179.5s turn 9
  188.6s   model reply: in 3 + cached 43643, out 386 (+54 reasoning)
  188.6s   tool edit: /output/translation.md
  188.8s turn 10
  191.6s   model reply: in 3 + cached 46026, out 56 (+0 reasoning)
  191.7s agent finished
  191.7s agent finished
