    5.1s turn 1
   16.1s   model reply: in 31771 + cached 0, out 1642 (+1596 reasoning)
   16.1s   tool bash: node /kit/rag.mjs search "intelligence" "brain-to-body ratio" "learn and remember" "problem-solving" "camouflage"
   17.8s turn 2
   23.6s   model reply: in 6355 + cached 28464, out 166 (+114 reasoning)
   23.6s   tool bash: node /kit/rag.mjs search "escape" "solitary" "predator" "cannibalism" "toy" "enrichment" "expert" "aggression"
   24.5s turn 3
   28.7s   model reply: in 4623 + cached 32526, out 151 (+99 reasoning)
   28.7s   tool bash: grep -E "^\| [a-z0-9_]+ \| (constructor|composite|claim_relation|speech_act|link) \|" /reference/glossary.md
   29.5s turn 4
   35.9s   model reply: in 2561 + cached 36585, out 711 (+666 reasoning)
   35.9s   tool bash: node /kit/rag.mjs search "attribute_claim" "property_question" "possesses" "capability" "recommended" "causes"
   37.1s turn 5
   41.2s   model reply: in 5154 + cached 36583, out 159 (+103 reasoning)
   41.2s   tool bash: node /kit/rag.mjs entry attribute_claim has_attribute possesses property_question enables causes leads_to provides reason_for designed_to_be rate conjunction di
   41.7s turn 6
   45.1s   model reply: in 3256 + cached 40643, out 105 (+65 reasoning)
   45.1s   tool bash: node /kit/rag.mjs search "recommend" "consult" "expert" "advisor" "benefit" "toy"
   45.7s turn 7
   49.5s   model reply: in 5015 + cached 40635, out 77 (+37 reasoning)
   49.5s   tool bash: grep -E "^\| [a-z0-9_]+ \| claim_relation \|" /reference/glossary.md
   49.6s turn 8
   56.1s   model reply: in 2966 + cached 44694, out 74 (+27 reasoning)
   56.1s   tool bash: grep -E "^\| [a-z0-9_]+ \| claim_relation \|" /reference/glossary.md | tail -n 25
   56.6s turn 9
   60.8s   model reply: in 4513 + cached 44685, out 127 (+89 reasoning)
   60.8s   tool bash: grep -E "^\| [a-z0-9_]+ \| constructor \|" /reference/glossary.md
   61.3s turn 10
   65.4s   model reply: in 2379 + cached 48742, out 70 (+25 reasoning)
   65.5s   tool bash: grep -E "^\| [a-z0-9_]+ \| constructor \|" /reference/glossary.md | tail -n 35
   66.1s turn 11
   69.6s   model reply: in 4204 + cached 48735, out 55 (+17 reasoning)
   69.6s   tool bash: grep -E "^\| [a-z0-9_]+ \| link \|" /reference/glossary.md
   69.9s turn 12
   74.1s   model reply: in 4495 + cached 48718, out 115 (+70 reasoning)
   74.1s   tool bash: grep -E "^\| [a-z0-9_]+ \| constructor \|" /reference/glossary.md | head -n 40
   74.3s turn 13
   77.5s   model reply: in 2351 + cached 52773, out 71 (+21 reasoning)
   77.5s   tool bash: grep -E "^\| [a-z0-9_]+ \| constructor \|" /reference/glossary.md | sed -n '25,60p'
   77.6s turn 14
  114.6s   model reply: in 4264 + cached 52768, out 3966 (+3915 reasoning)
  114.6s   tool bash: node /kit/rag.mjs search "solitary" "predator" "cannibalism" "aggression" "escape" "mate" "friend" "expert"
  114.9s turn 15
  118.2s   model reply: in 6292 + cached 56857, out 92 (+56 reasoning)
  118.2s   tool bash: find / -name "*.jsonl" -o -name "*example*.md" 2>/dev/null
  118.3s turn 16
  121.5s   model reply: in 2353 + cached 60898, out 41 (+17 reasoning)
  121.5s   tool bash: ls -la /reference /doc_formats /kit
  121.7s turn 17
  136.5s   model reply: in 2993 + cached 60883, out 1356 (+1315 reasoning)
  136.5s   tool bash: grep -E "^\| role_[a-z0-9_]+ \| recipient-value \|" /reference/glossary.md
  136.6s turn 18
  147.1s   model reply: in 0 + cached 0, out 0 (+0 reasoning)
  147.3s agent finished
  149.3s turn 19
  166.9s   model reply: in 4368 + cached 60874, out 47 (+19 reasoning)
  166.9s   tool bash: grep -E "recipient-value" /reference/glossary.md
  167.0s turn 20
  181.5s   model reply: in 5102 + cached 60860, out 2590 (+2511 reasoning)
  181.5s   tool bash: node /kit/rag.mjs entry ask respond propose inform supports contrast revises statement attribute_claim has_attribute possesses enables causes leads_to recommend
  181.9s turn 21
  257.3s   model reply: in 0 + cached 0, out 0 (+0 reasoning)
  257.3s agent finished
  259.3s turn 22
  273.2s   model reply: in 0 + cached 0, out 0 (+0 reasoning)
  273.2s agent finished
  277.2s turn 23
  303.8s   model reply: in 0 + cached 0, out 0 (+0 reasoning)
  303.8s agent finished
  311.8s turn 24
  373.6s   model reply: in 50532 + cached 0, out 83 (+33 reasoning)
  373.6s   tool bash: node /kit/rag.mjs entry property_question activity subject rate similarity conjunction negation exclude include requirement size_large size_small nighttime card
  373.9s turn 25
  395.6s   model reply: in 3957 + cached 48733, out 431 (+403 reasoning)
  395.6s   tool bash: node /kit/rag.mjs entry cardboard_box sponge safe open
  396.2s turn 26
  401.6s   model reply: in 4708 + cached 48719, out 233 (+209 reasoning)
  401.6s   tool bash: node /kit/rag.mjs check --help
  401.9s turn 27
  423.3s   model reply: in 4975 + cached 48701, out 325 (+50 reasoning)
  423.3s   tool write: /output/translation.md
  423.3s turn 28
  433.1s   model reply: in 5324 + cached 48681, out 53 (+23 reasoning)
  433.1s   tool bash: node /kit/rag.mjs check --translation /output/translation.md
  433.3s turn 29
  475.1s   model reply: in 6001 + cached 48667, out 7332 (+4875 reasoning)
  475.1s   tool write: /output/translation.md
  475.1s turn 30
  494.8s   model reply: in 9242 + cached 52762, out 62 (+32 reasoning)
  494.8s   tool bash: node /kit/rag.mjs check --translation /output/translation.md
  495.0s turn 31
  505.1s   model reply: in 5934 + cached 56807, out 100 (+70 reasoning)
  505.1s   tool bash: grep -n "DECL" /kit/rag.mjs -C 5
  505.1s turn 32
  513.4s   model reply: in 6062 + cached 56789, out 57 (+27 reasoning)
  513.4s   tool bash: grep -n "LABEL" /kit/rag.mjs -C 5
  513.4s turn 33
  524.2s   model reply: in 2093 + cached 60825, out 623 (+596 reasoning)
  524.2s   tool bash: node /kit/rag.mjs widen "enrichment toy"
  524.5s turn 34
  532.5s   model reply: in 4589 + cached 60828, out 372 (+350 reasoning)
  532.5s   tool bash: node /kit/rag.mjs retrieve
  549.1s turn 35
  553.0s   model reply: in 3356 + cached 64889, out 156 (+126 reasoning)
  553.0s   tool bash: node /kit/rag.mjs check --translation /output/translation.md
  553.2s turn 36
  570.8s   model reply: in 4200 + cached 64876, out 2939 (+469 reasoning)
  570.8s   tool write: /output/translation.md
  570.8s turn 37
  582.8s   model reply: in 51618 + cached 0, out 53 (+23 reasoning)
  582.8s   tool bash: node /kit/rag.mjs check --translation /output/translation.md
  583.4s turn 38
  601.2s   model reply: in 3667 + cached 48679, out 2696 (+226 reasoning)
  601.2s   tool write: /output/translation.md
  601.2s turn 39
  604.1s   model reply: in 6367 + cached 48679, out 57 (+27 reasoning)
  604.1s   tool bash: node /kit/rag.mjs check --translation /output/translation.md
  604.2s turn 40
  634.8s   model reply: in 3056 + cached 52722, out 5503 (+3033 reasoning)
  634.8s   tool write: /output/translation.md
  634.8s turn 41
  637.9s   model reply: in 8538 + cached 52747, out 53 (+23 reasoning)
  637.9s   tool bash: node /kit/rag.mjs check --translation /output/translation.md
  638.0s turn 42
  642.7s   model reply: in 5223 + cached 56790, out 189 (+67 reasoning)
  642.7s agent finished
  642.7s agent finished
