    1.7s turn 1
   17.3s   model reply: in 28018 + cached 0, out 3097 (+3072 reasoning)
   17.3s   tool bash: node /kit/rag.mjs --help || true
   17.4s turn 2
   20.3s   model reply: in 31147 + cached 0, out 31 (+9 reasoning)
   20.3s   tool bash: node /kit/rag.mjs needs
   32.8s turn 3
   36.5s   model reply: in 5441 + cached 28440, out 168 (+121 reasoning)
   36.5s   tool bash: node -e 'console.log(require("./needs.json").map(n => n.id + ": " + n.text).join("\n"))'
   36.5s turn 4
   46.2s   model reply: in 5945 + cached 28425, out 1585 (+1547 reasoning)
   46.2s   tool bash: node /kit/rag.mjs search "alfred" "CONVO" "UTTER propose" "activity"
   46.5s turn 5
   54.6s   model reply: in 4642 + cached 32488, out 1190 (+1155 reasoning)
   54.6s   tool bash: node /kit/rag.mjs entry turn walk face pick_up place close open in on right left
   54.7s turn 6
   58.3s   model reply: in 2889 + cached 36547, out 113 (+82 reasoning)
   58.3s   tool bash: node /kit/rag.mjs search "direction" "right" "left"
   58.5s turn 7
   61.8s   model reply: in 3843 + cached 36534, out 146 (+113 reasoning)
   61.8s   tool bash: node /kit/rag.mjs entry door close microwave sink table food_label object_label
   61.9s turn 8
   65.2s   model reply: in 4483 + cached 36520, out 109 (+71 reasoning)
   65.2s   tool bash: node /kit/rag.mjs search "ACTION close" "ACTION open" "ACTION turn" "ACTION face"
   65.5s turn 9
   70.6s   model reply: in 5814 + cached 36512, out 287 (+261 reasoning)
   70.6s   tool bash: grep -rn "close" /reference/glossary.md
   70.6s turn 10
   74.8s   model reply: in 2374 + cached 40553, out 213 (+175 reasoning)
   74.8s   tool bash: node /kit/rag.mjs search "shut the door" "close door" "close microwave" "close"
   75.0s turn 11
   94.1s   model reply: in 3845 + cached 40547, out 2288 (+1151 reasoning)
   94.1s   tool write: /output/translation.md
   94.1s turn 12
   97.1s   model reply: in 6140 + cached 40544, out 59 (+29 reasoning)
   97.1s   tool bash: node /kit/rag.mjs check --translation /output/translation.md
   97.3s turn 13
  101.7s   model reply: in 2911 + cached 44586, out 211 (+178 reasoning)
  101.7s   tool bash: node /kit/rag.mjs search "salt shaker" "salt" "shaker"
  101.9s turn 14
  115.0s   model reply: in 3936 + cached 44576, out 2115 (+1501 reasoning)
  115.0s   tool edit: /output/translation.md
  115.0s turn 15
  118.3s   model reply: in 6061 + cached 44547, out 54 (+24 reasoning)
  118.3s   tool bash: node /kit/rag.mjs check --translation /output/translation.md
  118.5s turn 16
  128.5s   model reply: in 2789 + cached 48584, out 1322 (+1283 reasoning)
  128.5s   tool bash: node -e '
const { execSync } = require("child_process");
console.log("Testing...");
'
  128.6s turn 17
  139.6s   model reply: in 4119 + cached 48578, out 1415 (+1385 reasoning)
  139.6s   tool bash: node /kit/rag.mjs check --translation /output/translation.md
  139.8s turn 18
  147.5s   model reply: in 2194 + cached 52629, out 1039 (+546 reasoning)
  147.5s   tool edit: /output/translation.md
  147.6s turn 19
  151.0s   model reply: in 3256 + cached 52611, out 53 (+23 reasoning)
  151.0s   tool bash: node /kit/rag.mjs check --translation /output/translation.md
  151.1s turn 20
  160.4s   model reply: in 4032 + cached 52599, out 1543 (+652 reasoning)
  160.4s   tool edit: /output/translation.md
  160.4s turn 21
  163.6s   model reply: in 5591 + cached 52588, out 53 (+23 reasoning)
  163.6s   tool bash: node /kit/rag.mjs check --translation /output/translation.md
  163.8s turn 22
  168.0s   model reply: in 2322 + cached 56621, out 259 (+240 reasoning)
  168.0s   tool read: /output/translation.md
  168.0s turn 23
  171.2s   model reply: in 3686 + cached 56617, out 89 (+32 reasoning)
  171.2s   tool edit: /output/translation.md
  171.2s turn 24
  174.3s   model reply: in 3809 + cached 56588, out 57 (+27 reasoning)
  174.3s   tool bash: node /kit/rag.mjs check --translation /output/translation.md
  174.4s turn 25
  178.3s   model reply: in 4587 + cached 56578, out 118 (+22 reasoning)
  178.3s agent finished
  178.3s agent finished
