    1.9s turn 1
   14.5s   model reply: in 27569 + cached 0, out 1582 (+1558 reasoning)
   14.5s   tool bash: node /kit/rag.mjs check --help
   14.6s turn 2
   17.7s   model reply: in 4804 + cached 24363, out 68 (+47 reasoning)
   17.7s   tool bash: node /kit/rag.mjs
   17.8s turn 3
   20.6s   model reply: in 4927 + cached 24346, out 44 (+22 reasoning)
   20.6s   tool bash: node /kit/rag.mjs needs
   34.3s turn 4
   43.9s   model reply: in 3584 + cached 28407, out 1054 (+1006 reasoning)
   43.9s   tool bash: node /kit/rag.mjs search "read a book by lamp light" "head forward to the bed" "sitting on the bed" "Probabilistic Robotics"
   44.0s turn 5
   48.1s   model reply: in 5884 + cached 28406, out 119 (+84 reasoning)
   48.1s   tool bash: node /kit/rag.mjs search "read" "title" "instructions" "turn right"
   48.2s turn 6
   52.3s   model reply: in 3095 + cached 32455, out 155 (+89 reasoning)
   52.3s   tool bash: grep -E "^\| (walk|turn|pick_up|place|face|look|drop|turn_on|stand_up|open|close|slice|rinse|heat|chill|clean) " /reference/glossary.md
   52.4s turn 7
   56.7s   model reply: in 4121 + cached 32445, out 117 (+71 reasoning)
   56.7s   tool bash: grep -i -E "direction|relation|spatial|in_front|behind|right|left|read|book" /reference/glossary.md
   56.8s turn 8
   59.3s   model reply: in 2037 + cached 36498, out 75 (+36 reasoning)
   59.3s   tool bash: node /kit/rag.mjs search "spatial relation in front of" "turn direction right" "on top of"
   59.4s turn 9
   62.2s   model reply: in 3114 + cached 36488, out 72 (+33 reasoning)
   62.2s   tool bash: node /kit/rag.mjs entry spatial_constraint spatial_state turn look walk face pick_up place turn_on
   62.3s turn 10
   65.4s   model reply: in 4366 + cached 36479, out 104 (+62 reasoning)
   65.4s   tool bash: grep -E "^\| (dir_|right|left|front|back|straight|up|down)" /reference/glossary.md
   65.4s turn 11
   69.1s   model reply: in 4588 + cached 36462, out 139 (+113 reasoning)
   69.1s   tool bash: grep -i "turn(" /reference/glossary.md
   69.2s turn 12
   71.7s   model reply: in 4755 + cached 36444, out 48 (+15 reasoning)
   71.7s   tool bash: grep -E "```braincode" -A 15 /reference/glossary.md
   71.7s turn 13
   74.3s   model reply: in 4847 + cached 36426, out 40 (+7 reasoning)
   74.3s   tool bash: grep -E '^```braincode' -A 15 /reference/glossary.md
   74.3s turn 14
   77.2s   model reply: in 4916 + cached 36407, out 44 (+17 reasoning)
   77.2s   tool bash: grep -E "\| example_" /reference/glossary.md
   77.3s turn 15
   90.5s   model reply: in 6057 + cached 36401, out 2248 (+2220 reasoning)
   90.5s   tool bash: node /kit/rag.mjs entry activity sequence obligation request propose ask
   90.7s turn 16
   94.5s   model reply: in 5292 + cached 40462, out 230 (+190 reasoning)
   94.5s   tool bash: grep -E "^\| [a-zA-Z0-9_]+ \| constructor \|" /reference/glossary.md
   94.5s turn 17
  100.4s   model reply: in 3269 + cached 44511, out 74 (+30 reasoning)
  100.4s   tool bash: grep -E "^\| [e-z][a-zA-Z0-9_]+ \| constructor \|" /reference/glossary.md
  100.6s turn 18
  104.0s   model reply: in 5109 + cached 44512, out 72 (+28 reasoning)
  104.0s   tool bash: grep -E "^\| [p-z][a-zA-Z0-9_]+ \| constructor \|" /reference/glossary.md
  104.0s turn 19
  110.8s   model reply: in 0 + cached 0, out 0 (+0 reasoning)
  110.8s agent finished
  112.9s turn 20
  126.4s   model reply: in 0 + cached 0, out 0 (+0 reasoning)
  126.4s agent finished
  130.4s turn 21
  157.0s   model reply: in 0 + cached 0, out 0 (+0 reasoning)
  157.0s agent finished
  165.0s turn 22
  217.6s   model reply: in 0 + cached 0, out 0 (+0 reasoning)
  217.6s agent finished
  233.7s turn 23
  346.5s   model reply: in 51403 + cached 0, out 59 (+17 reasoning)
  346.5s   tool bash: grep -E "^\| [a-zA-Z0-9_]+ \| claim_relation \|" /reference/glossary.md
  346.6s turn 24
  375.5s   model reply: in 4835 + cached 48560, out 76 (+30 reasoning)
  375.6s   tool bash: grep -E "^\| [m-z][a-zA-Z0-9_]+ \| claim_relation \|" /reference/glossary.md
  375.6s turn 25
  396.6s   model reply: in 2742 + cached 52609, out 87 (+50 reasoning)
  396.6s   tool bash: node /kit/rag.mjs entry attribute_claim spatial_constraint lexical_label sequence activity illuminates emits_light
  396.7s turn 26
  405.8s   model reply: in 4582 + cached 52609, out 103 (+63 reasoning)
  405.8s   tool bash: grep -E "\| (entity-name|spatial-relation|location-name) \|" /reference/glossary.md
  405.8s turn 27
  420.4s   model reply: in 2629 + cached 56659, out 64 (+36 reasoning)
  420.4s   tool bash: grep "\| spatial-relation \|" /reference/glossary.md
  420.4s turn 28
  441.2s   model reply: in 4714 + cached 56662, out 60 (+34 reasoning)
  441.2s   tool bash: node /kit/rag.mjs search "spatial relation"
  441.3s turn 29
  466.8s   model reply: in 5112 + cached 56646, out 129 (+88 reasoning)
  466.8s   tool bash: node /kit/rag.mjs entry in_front_of behind between next_to left_of right_of on under in
  466.9s turn 30
  485.1s   model reply: in 5674 + cached 56633, out 62 (+34 reasoning)
  485.1s   tool bash: node /kit/rag.mjs entry role_agent role_user
  485.2s turn 31
  499.8s   model reply: in 5847 + cached 56615, out 1606 (+1575 reasoning)
  499.8s   tool bash: grep -n "check" /kit/rag.mjs -A 30
  499.8s turn 32
  510.3s   model reply: in 4051 + cached 60665, out 768 (+729 reasoning)
  510.3s   tool bash: node /kit/rag.mjs search "read a book" "by lamp light" "lamp light" "read"
  510.4s turn 33
  518.6s   model reply: in 6051 + cached 60668, out 691 (+663 reasoning)
  518.6s   tool bash: node /kit/rag.mjs entry object_label color_label
  518.8s turn 34
  553.2s   model reply: in 2918 + cached 64703, out 1752 (+1167 reasoning)
  553.2s   tool bash: cat << 'EOF' > /output/translation.md
Status: success
Mode: REQUEST

## BrainCode

```braincode
MODE REQUEST
ENTRYPOINT Conversation
CONVO Conversation {
  TURN
  553.3s turn 35
  574.2s   model reply: in 5133 + cached 64709, out 3469 (+3427 reasoning)
  574.2s   tool bash: node /kit/rag.mjs search "the book that says" "titled" "title of book" "says Probabilistic Robotics"
  574.3s turn 36
  584.7s   model reply: in 47763 + cached 0, out 105 (+63 reasoning)
  584.7s   tool bash: node /kit/rag.mjs search "title" "has_title" "inscription" "labeled" "requirement" "named"
  584.8s turn 37
  588.0s   model reply: in 5012 + cached 44610, out 104 (+60 reasoning)
  588.0s   tool bash: grep "\| constructor \|" /reference/glossary.md | awk -F'|' '{print $2, $4, $5}'
  588.1s turn 38
  592.1s   model reply: in 2884 + cached 48662, out 140 (+100 reasoning)
  592.1s   tool bash: awk -F'|' '$3 ~ /constructor/ {print $2, $5}' /reference/glossary.md
  592.1s turn 39
  595.5s   model reply: in 4586 + cached 48658, out 108 (+61 reasoning)
  595.5s   tool bash: awk -F'|' '$3 ~ /constructor/ {print $2, $5}' /reference/glossary.md | tail -n 25
  595.5s turn 40
  598.6s   model reply: in 5267 + cached 48644, out 89 (+58 reasoning)
  598.6s   tool bash: node /kit/rag.mjs entry requirement spatial_constraint sequence activity lexical_label
  598.7s turn 41
  611.5s   model reply: in 2796 + cached 52693, out 2327 (+1734 reasoning)
  611.5s   tool bash: cat << 'EOF' > /output/test_task.md
Status: success
Mode: REQUEST

## BrainCode

```braincode
MODE REQUEST
ENTRYPOINT Book
TASK Book {
  ACTION walk(destination
  611.6s turn 42
  617.4s   model reply: in 5548 + cached 52699, out 652 (+579 reasoning)
  617.4s   tool bash: node /kit/rag.mjs widen "the book that says Probabilistic Robotics" --kind constraint
node /kit/rag.mjs widen "Read a book" --kind action
node /kit/rag.mjs wide
  618.0s turn 43
  630.5s   model reply: in 5407 + cached 56770, out 969 (+467 reasoning)
  630.5s   tool bash: cat << 'EOF' > /output/test_task2.md
Status: success
Mode: REQUEST

## BrainCode

```braincode
MODE REQUEST
ENTRYPOINT Textbook
TASK Textbook {
  ACTION walk(de
  630.8s turn 44
  635.1s   model reply: in 2773 + cached 60818, out 221 (+194 reasoning)
  635.1s   tool bash: node /kit/rag.mjs widen "Probabilistic Robotics"
  635.2s turn 45
  638.3s   model reply: in 4935 + cached 60818, out 83 (+52 reasoning)
  638.3s   tool bash: node /kit/rag.mjs entry attribute_claim has_attribute requirement identity statement
  638.5s turn 46
  644.0s   model reply: in 5984 + cached 60808, out 618 (+95 reasoning)
  644.0s   tool bash: cat << 'EOF' > /output/test_task3.md
Status: success
Mode: REQUEST

## BrainCode

```braincode
MODE REQUEST
ENTRYPOINT Textbook
TASK Textbook {
  TERM requireme
  644.1s turn 47
  649.7s   model reply: in 3004 + cached 64851, out 423 (+390 reasoning)
  649.7s   tool bash: grep -i -E "title|inscri|labeled" /reference/glossary.md
  649.8s turn 48
  693.9s   model reply: in 3883 + cached 64839, out 79 (+41 reasoning)
  693.9s   tool bash: grep -i -E "\| (book|text|word|name) \|" /reference/glossary.md
  694.0s turn 49
  697.8s   model reply: in 4032 + cached 64820, out 102 (+52 reasoning)
  697.8s   tool bash: grep -i "\| constructor \|" /reference/glossary.md | grep -i -E "title|name|text|inscri|label|read|say"
  697.9s turn 50
  716.3s   model reply: in 0 + cached 0, out 0 (+0 reasoning)
  716.3s agent finished
  718.3s turn 51
  732.3s   model reply: in 0 + cached 0, out 0 (+0 reasoning)
  732.3s agent finished
  736.3s turn 52
  747.5s   model reply: in 0 + cached 0, out 0 (+0 reasoning)
  747.5s agent finished
  755.5s turn 53
  870.1s   model reply: in 46371 + cached 0, out 67 (+43 reasoning)
  870.1s   tool bash: node /kit/rag.mjs check --help
  870.2s turn 54
  889.2s   model reply: in 2302 + cached 44605, out 694 (+655 reasoning)
  889.2s   tool bash: node /kit/rag.mjs search "title" "book title" "says" "titled" "inscribed"
  889.3s turn 55
  913.9s   model reply: in 4457 + cached 44605, out 1205 (+614 reasoning)
  913.9s   tool bash: cat << 'EOF' > /output/test_failed.md
Status: failed
Mode: REQUEST

## Suggested translation

```braincode
MODE REQUEST
ENTRYPOINT Textbook
TASK Textbook {
  AC
  914.0s turn 56
  930.8s   model reply: in 2075 + cached 48655, out 144 (+104 reasoning)
  930.8s   tool bash: grep -E "^\| [a-zA-Z0-9_]+ \| constructor \|" /reference/glossary.md
  930.8s turn 57
  946.5s   model reply: in 52670 + cached 0, out 82 (+31 reasoning)
  946.5s   tool bash: grep -E "^\| [a-zA-Z0-9_]+ \| constructor \|" /reference/glossary.md | grep -E "^\| [d-z]"
  946.6s turn 58
  953.0s   model reply: in 5876 + cached 48650, out 75 (+24 reasoning)
  953.0s   tool bash: grep -E "^\| [a-zA-Z0-9_]+ \| constructor \|" /reference/glossary.md | grep -E "^\| [m-z]"
  953.0s turn 59
  980.5s   model reply: in 3627 + cached 52701, out 1668 (+983 reasoning)
  980.5s   tool bash: cat << 'EOF' > /output/test_failed2.md
Status: failed
Mode: REQUEST

## Suggested translation

```braincode
MODE REQUEST
ENTRYPOINT Textbook
TASK Textbook {
  T
  980.7s turn 60
 1026.1s   model reply: in 5760 + cached 52701, out 4808 (+3823 reasoning)
 1026.1s   tool bash: cat << 'EOF' > /output/translation.md
Status: failed
Mode: REQUEST

## Suggested translation

```braincode
MODE REQUEST
ENTRYPOINT Textbook
TASK Textbook {
  TE
 1026.2s turn 61
 1038.0s   model reply: in 6950 + cached 56784, out 759 (+740 reasoning)
 1038.0s   tool bash: ls -la /output/
 1038.0s turn 62
 1045.6s   model reply: in 3934 + cached 60829, out 51 (+30 reasoning)
 1045.6s   tool bash: rm /output/test_*.md
 1045.6s turn 63
 1049.4s   model reply: in 4008 + cached 60809, out 60 (+30 reasoning)
 1049.4s   tool bash: node /kit/rag.mjs check --translation /output/translation.md
 1049.5s turn 64
 1056.3s   model reply: in 4548 + cached 60794, out 290 (+18 reasoning)
 1056.3s agent finished
 1056.3s agent finished
