    1.3s turn 1
    8.9s   model reply: in 11700 + cached 0, out 865 (+837 reasoning)
    8.9s   tool bash: ls -la /kit /output 2>/dev/null || true
    9.0s turn 2
   11.3s   model reply: in 4762 + cached 8032, out 43 (+24 reasoning)
   11.3s   tool read: /kit/README.md
   11.3s turn 3
   14.2s   model reply: in 5966 + cached 8033, out 44 (+17 reasoning)
   14.2s   tool bash: ls -la / /reference 2>/dev/null || true
   14.2s turn 4
   16.6s   model reply: in 2988 + cached 12049, out 56 (+36 reasoning)
   16.6s   tool read: /reference/examples.jsonl
   16.7s turn 5
   19.2s   model reply: in 4213 + cached 12050, out 47 (+30 reasoning)
   19.2s   tool read: /prompt.md
   19.2s turn 6
   24.2s   model reply: in 4732 + cached 12042, out 505 (+476 reasoning)
   24.2s   tool bash: node /kit/rag.mjs entry pick_up place close face turn
   24.4s turn 7
   27.1s   model reply: in 2010 + cached 16060, out 94 (+61 reasoning)
   27.1s   tool bash: grep -A 10 "rule_operations_general" /reference/glossary.md
   27.2s turn 8
   29.9s   model reply: in 2686 + cached 16053, out 82 (+51 reasoning)
   29.9s   tool bash: grep -i "alfred" /reference/* 2>/dev/null || true
   30.0s turn 9
   32.8s   model reply: in 2788 + cached 16036, out 74 (+56 reasoning)
   32.8s   tool bash: ls -la /attach
   32.8s turn 10
   49.9s   model reply: in 19050 + cached 0, out 2627 (+2598 reasoning)
   49.9s   tool bash: find / -name "*alfred*" 2>/dev/null || true
   50.0s turn 11
   53.0s   model reply: in 5631 + cached 16049, out 62 (+30 reasoning)
   53.0s   tool bash: grep -rn "reconstruction" /kit /reference 2>/dev/null || true
   53.1s turn 12
   55.7s   model reply: in 5872 + cached 16037, out 48 (+20 reasoning)
   55.7s   tool bash: ls -la /session /tmp 2>/dev/null || true
   55.7s turn 13
   59.0s   model reply: in 2220 + cached 20033, out 59 (+38 reasoning)
   59.0s   tool read: /kit/needs_prompt.md
   59.0s turn 14
   75.0s   model reply: in 2962 + cached 20028, out 2916 (+2831 reasoning)
   75.0s   tool bash: head -n 20 /session/2026-10-05T13-13-19-165Z_01a10c32-823d-75a7-8746-d90f7b7fca87.jsonl
   75.1s turn 15
  125.5s   model reply: in 9786 + cached 20116, out 9802 (+9680 reasoning)
  125.5s   tool write: /output/reconstruction.md
  125.6s turn 16
  129.2s   model reply: in 11440 + cached 28269, out 40 (+20 reasoning)
  129.2s   tool read: /output/reconstruction.md
  129.2s turn 17
  132.5s   model reply: in 3518 + cached 36327, out 99 (+85 reasoning)
  132.6s agent finished
  132.6s agent finished
