    1.7s turn 1
    8.0s   model reply: in 31360 + cached 0, out 453 (+364 reasoning)
    8.0s   tool bash: node /kit/rag.mjs entry ask respond inform propose confirm decline acknowledge apologize statement enables attribute_claim identity controversial ongoing oppose
    8.2s turn 2
   19.4s   model reply: in 5352 + cached 28458, out 1758 (+1703 reasoning)
   19.4s   tool bash: node /kit/rag.mjs search "identity" "privacy" "security" "authentication" "account" "database" "anonymity" "fraud" "cyberbullying" "password"
   19.6s turn 3
   23.1s   model reply: in 5832 + cached 32533, out 85 (+39 reasoning)
   23.1s   tool bash: node /kit/rag.mjs search "activity" "obligation" "requirement" "subject" "policy" "risk" "access" "verification"
   23.3s turn 4
   28.2s   model reply: in 4221 + cached 36596, out 400 (+310 reasoning)
   28.2s   tool bash: node /kit/rag.mjs entry activity obligation requirement subject policy_document proposed_policy allowed_to_enter attribute_claim considered constrained_by contr
   28.3s turn 5
   31.4s   model reply: in 2542 + cached 40658, out 74 (+37 reasoning)
   31.4s   tool bash: node /kit/rag.mjs entry reason_for focus_of occurred decision indicator test_condition property_question
   31.6s turn 6
   35.5s   model reply: in 3538 + cached 40645, out 117 (+69 reasoning)
   35.5s   tool bash: grep -E "^\| [a-z0-9_]+ \| (constructor|composite|claim_relation|link) \|" /reference/glossary.md
   35.6s turn 7
   38.6s   model reply: in 5457 + cached 40639, out 64 (+20 reasoning)
   38.6s   tool bash: grep -E "^\| [a-z0-9_]+ \| (claim_relation|link) \|" /reference/glossary.md
   38.7s turn 8
   42.3s   model reply: in 3403 + cached 44697, out 74 (+23 reasoning)
   42.3s   tool bash: grep -E "^\| [a-z0-9_]+ \| (claim_relation|link) \|" /reference/glossary.md | tail -n 35
   42.4s turn 9
   45.9s   model reply: in 5355 + cached 44691, out 143 (+105 reasoning)
   45.9s   tool bash: grep -E "^\| [a-z0-9_]+ \| constructor \|" /reference/glossary.md
   46.0s turn 10
   49.2s   model reply: in 3237 + cached 48748, out 59 (+14 reasoning)
   49.2s   tool bash: grep -E "^\| [a-z0-9_]+ \| constructor \|" /reference/glossary.md | tail -n 40
   49.2s turn 11
   52.8s   model reply: in 5021 + cached 48742, out 72 (+20 reasoning)
   52.8s   tool bash: grep -E "^\| [a-z0-9_]+ \| constructor \|" /reference/glossary.md | head -n 45 | tail -n 25
   52.9s turn 12
   56.0s   model reply: in 2776 + cached 52797, out 80 (+42 reasoning)
   56.0s   tool bash: grep -E "^\| [a-z0-9_]+ \| composite \|" /reference/glossary.md
   56.0s turn 13
   63.3s   model reply: in 4570 + cached 52791, out 678 (+629 reasoning)
   63.3s   tool bash: node /kit/rag.mjs search "identifier" "social security" "license" "credential" "marginalized" "equity" "disadvantage" "infrastructure"
   63.5s turn 14
   67.9s   model reply: in 3400 + cached 56855, out 177 (+60 reasoning)
   67.9s   tool bash: node /kit/rag.mjs widen "ask why government does not eliminate online anonymity by mandating unique accounts linked to SSN or ID" --kind speech_act
node /kit/ra
   68.8s turn 15
   73.0s   model reply: in 6782 + cached 56861, out 147 (+22 reasoning)
   73.0s   tool bash: node /kit/rag.mjs widen "creating and managing a database linking online accounts to unique IDs requires heavy tech infrastructure investment" --kind claim
node
   73.9s turn 16
   85.6s   model reply: in 6120 + cached 60929, out 588 (+460 reasoning)
   85.6s   tool bash: node /kit/rag.mjs widen "argue that progress can still be made to reduce fraud, identity theft, and cyberbullying without total anonymity" --kind speech_act
nod
   86.7s turn 17
   94.6s   model reply: in 5814 + cached 64999, out 813 (+769 reasoning)
   94.6s   tool bash: node /kit/rag.mjs search "identification" "mandate" "online" "investigation" "enforcement" "marginalized"
   94.8s turn 18
  110.6s   model reply: in 50037 + cached 0, out 595 (+557 reasoning)
  110.6s   tool bash: grep -E "^\| [a-z0-9_]+ \| constructor \|" /reference/glossary.md
  110.7s turn 19
  113.6s   model reply: in 3636 + cached 48792, out 58 (+13 reasoning)
  113.6s   tool bash: grep -E "^\| [a-z0-9_]+ \| constructor \|" /reference/glossary.md | tail -n +25
  113.7s turn 20
  117.1s   model reply: in 5538 + cached 48785, out 58 (+13 reasoning)
  117.1s   tool bash: grep -E "^\| [a-z0-9_]+ \| constructor \|" /reference/glossary.md | tail -n +50
  117.2s turn 21
  130.5s   model reply: in 3286 + cached 52843, out 59 (+14 reasoning)
  130.5s   tool bash: grep -E "^\| [a-z0-9_]+ \| constructor \|" /reference/glossary.md | tail -n +75
  130.6s turn 22
  158.6s   model reply: in 4039 + cached 52828, out 53 (+13 reasoning)
  158.6s   tool bash: grep -E "^\| [a-z0-9_]+ \| claim_relation \|" /reference/glossary.md
  158.7s turn 23
  163.8s   model reply: in 6031 + cached 52822, out 63 (+16 reasoning)
  163.8s   tool bash: grep -E "^\| [a-z0-9_]+ \| claim_relation \|" /reference/glossary.md | tail -n +35
  163.8s turn 24
  201.8s   model reply: in 3703 + cached 56878, out 50 (+12 reasoning)
  201.8s   tool bash: grep -E "^\| [a-z0-9_]+ \| link \|" /reference/glossary.md
  201.8s turn 25
  257.1s   model reply: in 3991 + cached 56859, out 49 (+11 reasoning)
  257.1s   tool bash: grep -E "^\| [a-z0-9_]+ \| value \|" /reference/glossary.md
  257.1s turn 26
  265.9s   model reply: in 62988 + cached 0, out 69 (+41 reasoning)
  265.9s   tool bash: node /kit/rag.mjs entry role_user role_agent
  266.0s turn 27
  311.4s   model reply: in 2252 + cached 60898, out 8019 (+7916 reasoning)
  311.4s   tool bash: node /kit/rag.mjs entry ask respond inform propose confirm decline acknowledge activity obligation requirement subject negation conjunction decision property_qu
  311.6s turn 28
  421.5s   model reply: in 0 + cached 0, out 0 (+0 reasoning)
  421.5s agent finished
  423.5s turn 29
  437.3s   model reply: in 0 + cached 0, out 0 (+0 reasoning)
  437.3s agent finished
  441.3s turn 30
  452.9s   model reply: in 0 + cached 0, out 0 (+0 reasoning)
  452.9s agent finished
  460.9s turn 31
  483.5s   model reply: in 0 + cached 0, out 0 (+0 reasoning)
  483.5s agent finished
  499.5s turn 32
  553.3s   model reply: in 49546 + cached 0, out 223 (+165 reasoning)
  553.3s   tool bash: node /kit/rag.mjs entry policy_document self_protection considered constrained_by controversial enables important involves leads_to meets_needs opposes provides
  553.4s turn 33
  566.2s   model reply: in 2957 + cached 48767, out 90 (+60 reasoning)
  566.2s   tool bash: node /kit/rag.mjs entry argues_for statement provides driver_license
  566.4s turn 34
  617.0s   model reply: in 3685 + cached 48752, out 4166 (+4138 reasoning)
  617.0s   tool bash: node /kit/rag.mjs search "security" "safety"
  617.1s turn 35
  648.1s   model reply: in 8386 + cached 48766, out 5386 (+2872 reasoning)
  648.1s   tool write: /output/translation.md
  648.1s turn 36
  652.0s   model reply: in 5633 + cached 56909, out 54 (+24 reasoning)
  652.0s   tool bash: node /kit/rag.mjs check --translation /output/translation.md
  652.1s turn 37
  669.9s   model reply: in 2401 + cached 60958, out 694 (+661 reasoning)
  669.9s   tool bash: node /kit/rag.mjs widen "social security numbers or unique identification" --kind object
  670.1s turn 38
  675.7s   model reply: in 5202 + cached 60959, out 378 (+344 reasoning)
  675.7s   tool bash: node /kit/rag.mjs search "social security" "national id" "identity document"
  675.8s turn 39
  687.7s   model reply: in 2412 + cached 65011, out 943 (+905 reasoning)
  687.7s   tool bash: node /kit/rag.mjs check --translation /output/translation.md; echo "Exit code: $?"
  687.8s turn 40
  716.8s   model reply: in 4132 + cached 65003, out 4768 (+4738 reasoning)
  716.8s   tool bash: node /kit/rag.mjs check --translation /output/translation.md
  717.0s turn 41
  734.8s   model reply: in 55847 + cached 0, out 290 (+55 reasoning)
  734.8s agent finished
  734.8s agent finished
