   16.3s turn 1
   27.2s   model reply: in 32219 + cached 0, out 1098 (+1065 reasoning)
   27.2s   tool bash: node /kit/rag.mjs entry conditional conjunction negation attribute_claim statement requirement subject ask inform
   28.6s turn 2
   32.9s   model reply: in 6242 + cached 28463, out 98 (+48 reasoning)
   32.9s   tool bash: node /kit/rag.mjs search "is big" "is round" "is nice" "is rough" "is blue" "is furry" "is quiet"
   34.8s turn 3
   42.4s   model reply: in 4254 + cached 32523, out 90 (+50 reasoning)
   42.4s   tool bash: node /kit/rag.mjs search "property" "trait" "entity" "theory" "proof" "rule"
   44.3s turn 4
   48.4s   model reply: in 6035 + cached 32516, out 62 (+29 reasoning)
   48.4s   tool bash: node /kit/rag.mjs entry property_question attribute_claim has_attribute possesses statement
   50.0s turn 5
   58.0s   model reply: in 2876 + cached 36567, out 88 (+45 reasoning)
   58.0s   tool bash: node /kit/rag.mjs search "for all" "something" "universal" "premise" "if then" "hypothesis"
   59.4s turn 6
   66.1s   model reply: in 4608 + cached 36560, out 123 (+75 reasoning)
   66.1s   tool bash: grep -E "^\| [a-z0-9_]+ \| (constructor|composite|claim_relation|speech_act)" /reference/glossary.md
   66.8s turn 7
   77.8s   model reply: in 2520 + cached 40617, out 349 (+317 reasoning)
   77.8s   tool bash: node /kit/rag.mjs entry attribute_claim has_attribute statement conditional conjunction negation
   78.9s turn 8
   83.5s   model reply: in 3640 + cached 40605, out 156 (+110 reasoning)
   83.5s   tool bash: node /kit/rag.mjs search "subject property" "entity has property" "property of entity" "question about truth" "true false unknown"
   85.2s turn 9
  100.7s   model reply: in 5270 + cached 40598, out 66 (+28 reasoning)
  100.7s   tool bash: grep -E "^\| [a-z0-9_]+ \| constructor \|" /reference/glossary.md
  101.1s turn 10
  117.4s   model reply: in 3077 + cached 44653, out 55 (+13 reasoning)
  117.4s   tool bash: grep -E "^\| [f-z][a-z0-9_]+ \| constructor \|" /reference/glossary.md
  117.6s turn 11
  121.6s   model reply: in 4940 + cached 44649, out 74 (+32 reasoning)
  121.6s   tool bash: grep -E "^\| [p-z][a-z0-9_]+ \| constructor \|" /reference/glossary.md
  122.0s turn 12
  125.9s   model reply: in 2671 + cached 48702, out 53 (+13 reasoning)
  125.9s   tool bash: grep -E "^\| [a-z0-9_]+ \| claim_relation \|" /reference/glossary.md
  126.0s turn 13
  135.0s   model reply: in 4660 + cached 48699, out 59 (+15 reasoning)
  135.0s   tool bash: grep -E "^\| [m-z][a-z0-9_]+ \| claim_relation \|" /reference/glossary.md
  135.2s turn 14
  152.2s   model reply: in 2545 + cached 52753, out 2030 (+2005 reasoning)
  152.2s   tool bash: grep -i "proofwriter" /reference/* || true
  152.4s turn 15
  157.2s   model reply: in 4580 + cached 52751, out 69 (+31 reasoning)
  157.2s   tool bash: grep -E "conditional|attribute_claim|has_attribute|statement" /reference/examples.jsonl || true
  157.4s turn 16
  162.2s   model reply: in 4672 + cached 52731, out 51 (+20 reasoning)
  162.2s   tool bash: grep -o '"id": "[^"]*"' /reference/examples.jsonl
  162.5s turn 17
  170.2s   model reply: in 4816 + cached 52712, out 281 (+242 reasoning)
  170.2s   tool bash: node /kit/rag.mjs search "subject has property" "entity predicate" "property assertion" "logical rule"
  170.6s turn 18
  181.9s   model reply: in 2248 + cached 56761, out 395 (+356 reasoning)
  181.9s   tool bash: node /kit/rag.mjs search "entity property" "predicate logic" "proposition" "fact" "rule"
  182.4s turn 19
  196.1s   model reply: in 4003 + cached 56757, out 1395 (+1360 reasoning)
  196.1s   tool bash: node /kit/rag.mjs search "rough" "furry" "quiet" "nice"
  196.8s turn 20
  215.0s   model reply: in 6479 + cached 56760, out 2337 (+1750 reasoning)
  215.0s   tool bash: cat << 'EOF' > /output/translation.md
Status: success
Mode: REQUEST

## BrainCode

```braincode
MODE REQUEST
ENTRYPOINT Conversation
CONVO Conversation {
  TURN
  216.4s turn 21
  262.1s   model reply: in 5474 + cached 60823, out 697 (+627 reasoning)
  262.1s   tool bash: node /kit/rag.mjs widen "Anne" "Dave" "Fiona" "Gary" "if Anne is rough then Anne is not furry" "if Fiona is quiet then Fiona is big" "if something is blue and n
  264.0s turn 22
  274.3s   model reply: in 4696 + cached 64888, out 851 (+795 reasoning)
  274.3s   tool bash: grep -E "^\| [a-z0-9_]+ \| constructor \|" /reference/glossary.md | awk -F'|' '{print $2}' | tr -d ' '
  274.5s turn 23
  299.3s   model reply: in 52169 + cached 0, out 2650 (+1637 reasoning)
  299.3s   tool bash: cat << 'EOF' > /output/test_trans.md
Status: success
Mode: REQUEST

## BrainCode

```braincode
MODE REQUEST
ENTRYPOINT Conversation
CONVO Conversation {
  TURN 
  299.8s turn 24
  319.3s   model reply: in 55541 + cached 0, out 2818 (+2782 reasoning)
  319.3s   tool bash: node /kit/rag.mjs search "for all" "universal" "quantifier" "every"
  319.8s turn 25
  356.7s   model reply: in 6657 + cached 52788, out 6049 (+2149 reasoning)
  356.7s   tool bash: cat << 'EOF' > /output/translation.md
Status: failed
Mode: REQUEST

## Suggested translation

```braincode
MODE REQUEST
ENTRYPOINT Conversation
CONVO Conversati
  357.4s turn 26
  362.6s   model reply: in 9239 + cached 56879, out 299 (+269 reasoning)
  362.6s   tool bash: node /kit/rag.mjs check --translation /output/translation.md
  363.0s turn 27
  367.4s   model reply: in 2050 + cached 64991, out 186 (+36 reasoning)
  367.5s agent finished
  367.5s agent finished
