   27.8s turn 1
   39.2s   model reply: in 32188 + cached 0, out 1181 (+1135 reasoning)
   39.2s   tool bash: node /kit/rag.mjs search "big" "sees" "chases" "likes" "young" "theory" "True False Unknown"
   42.5s turn 2
   48.4s   model reply: in 6767 + cached 28466, out 113 (+81 reasoning)
   48.4s   tool bash: node /kit/rag.mjs entry activity statement attribute_claim conditional conjunction requirement ask subject
   49.5s turn 3
   57.5s   model reply: in 4694 + cached 32526, out 117 (+76 reasoning)
   57.5s   tool bash: node /kit/rag.mjs search "question" "options" "allowed values" "property" "truth" "theory"
   61.4s turn 4
   68.3s   model reply: in 2438 + cached 36584, out 88 (+52 reasoning)
   68.3s   tool bash: node /kit/rag.mjs entry property_question character_trait constraint_single_choice select_option
   70.1s turn 5
   77.4s   model reply: in 2971 + cached 36568, out 96 (+56 reasoning)
   77.5s   tool bash: grep -iE "evaluat|valid|truth|theory|proof|logic|unknown" /reference/glossary.md
   77.9s turn 6
   86.3s   model reply: in 4964 + cached 36562, out 49 (+24 reasoning)
   86.3s   tool bash: node /kit/rag.mjs entry lexical_label
   89.7s turn 7
  100.4s   model reply: in 5498 + cached 36547, out 353 (+325 reasoning)
  100.4s   tool bash: grep -i "proof" /reference/examples.jsonl || true
  101.0s turn 8
  107.5s   model reply: in 5870 + cached 36531, out 44 (+12 reasoning)
  107.5s   tool bash: node /kit/rag.mjs entry ask inform propose confirm respond acknowledge offer express_interest
  109.9s turn 9
  117.0s   model reply: in 2380 + cached 40574, out 48 (+18 reasoning)
  117.0s   tool bash: grep -E "\| speech_act \|" /reference/glossary.md
  117.4s turn 10
  122.1s   model reply: in 2918 + cached 40558, out 47 (+17 reasoning)
  122.1s   tool bash: grep -E "\| claim_relation \|" /reference/glossary.md
  122.5s turn 11
  129.4s   model reply: in 4900 + cached 40556, out 51 (+23 reasoning)
  129.4s   tool bash: grep -E "\| constructor \|" /reference/glossary.md
  129.9s turn 12
  135.6s   model reply: in 2695 + cached 44608, out 107 (+65 reasoning)
  135.6s   tool bash: grep -iE "options|choices|allowed|truth|theory" /reference/glossary.md | head -n 40
  135.9s turn 13
  156.3s   model reply: in 3536 + cached 44596, out 2677 (+2649 reasoning)
  156.3s   tool bash: node /kit/rag.mjs widen "the bear is big"
  158.6s turn 14
  167.6s   model reply: in 7815 + cached 44615, out 94 (+60 reasoning)
  167.6s   tool bash: node /kit/rag.mjs entry attribute_claim character_trait size_large size_small
  169.2s turn 15
  179.6s   model reply: in 4385 + cached 48656, out 671 (+625 reasoning)
  179.6s   tool bash: grep -E "\| constructor \|" /reference/glossary.md | grep -iE "attribute|trait|property|color|age|state"
  181.4s turn 16
  218.6s   model reply: in 2711 + cached 52713, out 5196 (+5155 reasoning)
  218.6s   tool bash: node /kit/rag.mjs search "is red" "red" "the cat is red" "green" "young"
  222.9s turn 17
  234.3s   model reply: in 9293 + cached 52751, out 375 (+349 reasoning)
  234.3s   tool bash: grep -i "conditional" /reference/glossary.md
  234.7s turn 18
  249.8s   model reply: in 5949 + cached 56795, out 1097 (+1061 reasoning)
  249.8s   tool bash: node /kit/rag.mjs widen "if the cat is red, then the cat likes the bear"
  251.2s turn 19
  270.7s   model reply: in 4713 + cached 60857, out 2312 (+61 reasoning)
  270.7s   tool write: /output/translation.md
  270.7s turn 20
  278.1s   model reply: in 2976 + cached 64910, out 53 (+23 reasoning)
  278.1s   tool bash: node /kit/rag.mjs check --translation /output/translation.md
  278.5s turn 21
  302.5s   model reply: in 3798 + cached 64897, out 3264 (+930 reasoning)
  302.5s   tool write: /output/translation.md
  302.5s turn 22
  326.3s   model reply: in 52416 + cached 0, out 53 (+23 reasoning)
  326.3s   tool bash: node /kit/rag.mjs check --translation /output/translation.md
  326.5s turn 23
  339.7s   model reply: in 4481 + cached 48750, out 972 (+942 reasoning)
  339.7s   tool bash: node /kit/rag.mjs check --translation /output/translation.md
  339.8s turn 24
  347.0s   model reply: in 2159 + cached 52806, out 321 (+204 reasoning)
  347.0s agent finished
  347.0s agent finished
