    2.2s turn 1
   13.3s   model reply: in 26079 + cached 0, out 1459 (+1424 reasoning)
   13.3s   tool bash: node /kit/rag.mjs entry click web_element request activity subject open_page select_option
   13.6s turn 2
   30.1s   model reply: in 4544 + cached 24361, out 189 (+146 reasoning)
   30.1s   tool bash: node /kit/rag.mjs search "web_element" "click" "radio" "button" "link" "report scam"
   30.4s turn 3
   34.5s   model reply: in 30848 + cached 0, out 174 (+146 reasoning)
   34.5s   tool bash: grep -n "web_element" /reference/glossary.md
   34.5s turn 4
   37.4s   model reply: in 2688 + cached 28399, out 71 (+45 reasoning)
   37.4s   tool bash: grep -n "click" /reference/glossary.md
   37.4s turn 5
   40.1s   model reply: in 2867 + cached 28381, out 58 (+31 reasoning)
   40.1s   tool bash: grep -n "operation |" /reference/glossary.md
   40.2s turn 6
   46.8s   model reply: in 5052 + cached 28381, out 946 (+916 reasoning)
   46.8s   tool bash: grep -C 5 "web_element" /reference/glossary.md
   46.9s turn 7
   50.1s   model reply: in 2507 + cached 32430, out 81 (+53 reasoning)
   50.1s   tool bash: grep -i "web_element" /reference/glossary.md
   50.2s turn 8
   53.0s   model reply: in 2669 + cached 32411, out 54 (+28 reasoning)
   53.0s   tool bash: grep -n "radio" /reference/glossary.md
   53.0s turn 9
   55.8s   model reply: in 2753 + cached 32391, out 57 (+20 reasoning)
   55.8s   tool bash: grep -n -E "\|\s*(button|link)\s*\|" /reference/glossary.md
   55.8s turn 10
   61.8s   model reply: in 3060 + cached 32375, out 749 (+710 reasoning)
   61.8s   tool bash: node /kit/rag.mjs search "user" "agent" "request" "activity" "open_page"
   62.0s turn 11
   65.0s   model reply: in 5348 + cached 32380, out 86 (+54 reasoning)
   65.0s   tool bash: node /kit/rag.mjs entry request role_user role_agent country::US
   65.2s turn 12
   67.8s   model reply: in 0 + cached 0, out 0 (+0 reasoning)
   67.8s agent finished
   69.8s turn 13
   83.4s   model reply: in 0 + cached 0, out 0 (+0 reasoning)
   83.4s agent finished
   87.4s turn 14
  114.0s   model reply: in 0 + cached 0, out 0 (+0 reasoning)
  114.1s agent finished
  122.0s turn 15
  175.1s   model reply: in 0 + cached 0, out 0 (+0 reasoning)
  175.1s agent finished
  191.1s turn 16
  312.3s   model reply: in 38150 + cached 0, out 684 (+646 reasoning)
  312.3s   tool bash: node /kit/rag.mjs search "scam" "fraud" "purpose" "report" "navigate"
  312.5s turn 17
  331.8s   model reply: in 3830 + cached 36415, out 109 (+68 reasoning)
  331.8s   tool bash: node /kit/rag.mjs widen "request navigation to report a scam or fraud on the US page" --kind speech_act
  331.9s turn 18
  376.5s   model reply: in 6119 + cached 36420, out 822 (+795 reasoning)
  376.5s   tool bash: grep -n "constructor \|" /reference/glossary.md
  376.6s turn 19
  382.6s   model reply: in 5011 + cached 40479, out 78 (+40 reasoning)
  382.6s   tool bash: grep -E "^\| [a-z0-9_]+ \| constructor \|" /reference/glossary.md
  382.7s turn 20
  398.6s   model reply: in 2837 + cached 44527, out 1990 (+1962 reasoning)
  398.6s   tool bash: grep -C 5 "then" /reference/glossary.md
  398.6s turn 21
  403.9s   model reply: in 6557 + cached 44546, out 40 (+17 reasoning)
  403.9s   tool bash: node /kit/rag.mjs entry then
  404.0s turn 22
  413.4s   model reply: in 2635 + cached 48577, out 993 (+349 reasoning)
  413.4s   tool write: /output/translation.md
  413.4s turn 23
  420.2s   model reply: in 3645 + cached 48564, out 54 (+24 reasoning)
  420.2s   tool bash: node /kit/rag.mjs check --translation /output/translation.md
  420.3s turn 24
  429.0s   model reply: in 3994 + cached 48547, out 310 (+269 reasoning)
  429.0s   tool bash: node /kit/rag.mjs search "report a scam or fraud" "scam or fraud" "report" "fraud"
  429.2s turn 25
  435.1s   model reply: in 5484 + cached 48544, out 46 (+23 reasoning)
  435.1s   tool bash: node /kit/rag.mjs entry criminality
  435.2s turn 26
  445.8s   model reply: in 5597 + cached 48526, out 90 (+52 reasoning)
  445.8s   tool bash: grep -i -E "scam|fraud|complaint|crime|illegal" /reference/glossary.md
  445.8s turn 27
  450.3s   model reply: in 5716 + cached 48507, out 65 (+37 reasoning)
  450.3s   tool bash: grep -i -E "report" /reference/glossary.md
  450.4s turn 28
  454.5s   model reply: in 2622 + cached 52541, out 165 (+102 reasoning)
  454.5s   tool bash: node -e '
const fs = require("fs");
const rag = fs.readFileSync("/kit/rag.mjs", "utf8");
console.log(rag.slice(0, 1500));
'
  454.6s turn 29
  460.5s   model reply: in 3229 + cached 52528, out 110 (+32 reasoning)
  460.5s   tool bash: node -e '
const fs = require("fs");
const rag = fs.readFileSync("/kit/rag.mjs", "utf8");
const checkIdx = rag.indexOf("check");
console.log(rag.slice(checkIdx, 
  460.5s turn 30
  464.9s   model reply: in 4007 + cached 52517, out 83 (+51 reasoning)
  464.9s   tool bash: node /kit/rag.mjs check --translation /output/translation.md --json
  465.0s turn 31
  480.0s   model reply: in 4734 + cached 52205, out 537 (+506 reasoning)
  480.0s   tool bash: node /kit/rag.mjs widen "report scam or fraud" --kind object
  480.2s turn 32
  486.3s   model reply: in 3342 + cached 56250, out 682 (+640 reasoning)
  486.3s   tool bash: grep -i -C 2 -E "scam|fraud|complaint|crime|warn" /reference/glossary.md
  486.3s turn 33
  489.4s   model reply: in 4926 + cached 56258, out 73 (+48 reasoning)
  489.4s   tool bash: node /kit/rag.mjs entry indicator warning issue
  489.6s turn 34
  501.7s   model reply: in 5429 + cached 56246, out 1520 (+1490 reasoning)
  501.7s   tool bash: node /kit/rag.mjs check --translation /output/translation.md
  501.9s turn 35
  528.4s   model reply: in 3197 + cached 60276, out 3579 (+2903 reasoning)
  528.4s   tool write: /output/translation.md
  528.4s turn 36
  532.5s   model reply: in 6742 + cached 60314, out 57 (+25 reasoning)
  532.5s   tool bash: node /kit/rag.mjs check --translation /output/translation.md --json
  532.8s turn 37
  542.1s   model reply: in 3434 + cached 64012, out 1173 (+1143 reasoning)
  542.1s   tool bash: node /kit/rag.mjs check --translation /output/translation.md
  542.2s turn 38
  547.2s   model reply: in 4873 + cached 64024, out 370 (+28 reasoning)
  547.2s agent finished
  547.2s agent finished
