    1.8s turn 1
   20.5s   model reply: in 26176 + cached 0, out 787 (+739 reasoning)
   20.5s   tool bash: node /kit/rag.mjs search "compliment" "praise" "thank" "gratitude" "appreciation" "dedication" "commitment"
   20.7s turn 2
   26.0s   model reply: in 4508 + cached 24361, out 70 (+38 reasoning)
   26.0s   tool bash: node /kit/rag.mjs entry interpersonal_stance well_wishes greeting acknowledge inform
   26.1s turn 3
   32.2s   model reply: in 4975 + cached 24346, out 90 (+45 reasoning)
   32.2s   tool bash: node /kit/rag.mjs search "praise" "thank you" "express gratitude" "compliment" "assistance" "team player"
   32.4s turn 4
   35.7s   model reply: in 2679 + cached 28399, out 52 (+25 reasoning)
   35.7s   tool bash: grep "| speech_act |" /reference/glossary.md
   35.7s turn 5
   38.6s   model reply: in 3220 + cached 28384, out 39 (+12 reasoning)
   38.6s   tool bash: grep "| claim_relation |" /reference/glossary.md
   38.7s turn 6
   45.6s   model reply: in 5194 + cached 28382, out 494 (+464 reasoning)
   45.6s   tool bash: node /kit/rag.mjs widen "write a compliment" --kind action
   45.8s turn 7
   48.7s   model reply: in 3098 + cached 32435, out 113 (+68 reasoning)
   48.7s   tool bash: grep -i -E "praise|compliment|gratitude|thank|appreciation|kudos|commend" /reference/glossary.md
   48.7s turn 8
   53.6s   model reply: in 3272 + cached 32417, out 89 (+64 reasoning)
   53.6s   tool bash: grep "| constructor |" /reference/glossary.md
   53.7s turn 9
   62.7s   model reply: in 5158 + cached 32416, out 58 (+31 reasoning)
   62.7s   tool bash: grep -i "conversational" /reference/glossary.md
   62.8s turn 10
   71.7s   model reply: in 5786 + cached 32403, out 1354 (+1320 reasoning)
   71.7s   tool bash: grep -i -C 5 "rule_speech_acts" /reference/glossary.md
   71.8s turn 11
   74.8s   model reply: in 3989 + cached 36456, out 49 (+19 reasoning)
   74.8s   tool bash: grep -E "example_[a-z]" /reference/glossary.md
   74.9s turn 12
   90.6s   model reply: in 5137 + cached 36448, out 1588 (+1554 reasoning)
   90.6s   tool bash: node /kit/rag.mjs entry attitude attribute_claim has_attribute provides enables meets_needs
   90.7s turn 13
   99.4s   model reply: in 3796 + cached 40506, out 512 (+125 reasoning)
   99.4s   tool write: /output/translation.md
   99.4s turn 14
  102.3s   model reply: in 4330 + cached 40488, out 53 (+23 reasoning)
  102.3s   tool bash: node /kit/rag.mjs check --translation /output/translation.md
  102.5s turn 15
  114.2s   model reply: in 4736 + cached 40472, out 2088 (+2054 reasoning)
  114.2s   tool bash: node /kit/rag.mjs entry identity character greeting well_wishes subject activity conjunction include requirement
  114.4s turn 16
  126.3s   model reply: in 4476 + cached 44541, out 1984 (+1954 reasoning)
  126.3s   tool bash: node /kit/rag.mjs widen "person named Arun" --kind object
  126.5s turn 17
  146.8s   model reply: in 3847 + cached 48607, out 3685 (+2269 reasoning)
  146.8s   tool write: /output/translation.md
  146.9s turn 18
  150.0s   model reply: in 7523 + cached 48620, out 53 (+23 reasoning)
  150.0s   tool bash: node /kit/rag.mjs check --translation /output/translation.md
  150.1s turn 19
  172.3s   model reply: in 4060 + cached 52657, out 4202 (+2752 reasoning)
  172.3s   tool write: /output/translation.md
  172.3s turn 20
  175.5s   model reply: in 4196 + cached 56727, out 53 (+23 reasoning)
  175.5s   tool bash: node /kit/rag.mjs check --translation /output/translation.md
  175.6s turn 21
  182.2s   model reply: in 4784 + cached 56713, out 668 (+344 reasoning)
  182.2s agent finished
  182.2s agent finished
