    1.9s turn 1
    7.5s   model reply: in 31458 + cached 0, out 458 (+422 reasoning)
    7.5s   tool bash: node /kit/rag.mjs search "walk" "turn" "pick_up" "place"
    7.7s turn 2
   11.0s   model reply: in 33157 + cached 0, out 65 (+27 reasoning)
   11.0s   tool bash: node /kit/rag.mjs entry walk turn pick_up place request UTTER propose location_spec spatial_state
   11.1s turn 3
   14.3s   model reply: in 5833 + cached 28442, out 88 (+48 reasoning)
   14.3s   tool bash: node /kit/rag.mjs entry activity between right_of left_of in_front_of other_side_of
   14.4s turn 4
   26.7s   model reply: in 2790 + cached 32493, out 1823 (+1800 reasoning)
   26.7s   tool bash: grep -rn "CONVO" /reference/
   26.7s turn 5
   37.2s   model reply: in 6370 + cached 32500, out 1439 (+1245 reasoning)
   37.2s   tool bash: cat << 'EOF' > /tmp/test_trans.md
Status: success
Mode: REQUEST

## BrainCode

```braincode
MODE REQUEST
ENTRYPOINT Conversation
CONVO Conversation {
  TURN t1 
   37.3s turn 6
   41.0s   model reply: in 41062 + cached 0, out 93 (+64 reasoning)
   41.0s   tool bash: grep -A 30 "check(" /kit/rag.mjs
   41.1s turn 7
   44.1s   model reply: in 4625 + cached 36540, out 48 (+15 reasoning)
   44.1s   tool bash: grep -n "async function check" /kit/rag.mjs -A 50
   44.2s turn 8
   47.5s   model reply: in 4701 + cached 36522, out 42 (+16 reasoning)
   47.5s   tool bash: grep -n "function" /kit/rag.mjs
   47.6s turn 9
   51.1s   model reply: in 4816 + cached 36503, out 53 (+22 reasoning)
   51.1s   tool read: /kit/rag.mjs
   51.1s turn 10
   67.2s   model reply: in 5450 + cached 36486, out 2717 (+2667 reasoning)
   67.2s   tool bash: node /kit/rag.mjs search "garbage can" "stuffed bear" "just before" "across from" "end of the bed" "across the room"
   67.3s turn 11
   71.8s   model reply: in 5729 + cached 40560, out 262 (+231 reasoning)
   71.8s   tool bash: node /kit/rag.mjs entry textbook desk bed lamp trash_can laptop mug
   71.9s turn 12
   79.2s   model reply: in 2335 + cached 44601, out 896 (+679 reasoning)
   79.2s   tool bash: cat << 'EOF' > /tmp/test_trans2.md
Status: success
Mode: REQUEST

## BrainCode

```braincode
MODE REQUEST
ENTRYPOINT Conversation
CONVO Conversation {
  TURN t1
   79.3s turn 13
   84.2s   model reply: in 3988 + cached 44597, out 383 (+300 reasoning)
   84.2s   tool bash: node /kit/rag.mjs entry object_label::book object_label::desk object_label::bed object_label::room object_label::trashcan object_label::garbage object_label::ca
   84.3s turn 14
   88.9s   model reply: in 5794 + cached 44594, out 345 (+310 reasoning)
   88.9s   tool bash: node /kit/rag.mjs search "turn direction" "around" "right" "left"
   89.1s turn 15
   93.5s   model reply: in 3208 + cached 48641, out 131 (+109 reasoning)
   93.5s   tool bash: grep -rn "turn(" /reference/
   93.6s turn 16
  100.3s   model reply: in 3368 + cached 48622, out 62 (+38 reasoning)
  100.3s   tool bash: grep -rn "pick_up" /reference/
  100.3s turn 17
  111.8s   model reply: in 4869 + cached 48617, out 1372 (+1337 reasoning)
  111.8s   tool bash: node /kit/rag.mjs search "move from desk to bed" "request" "activity"
  111.9s turn 18
  120.2s   model reply: in 3163 + cached 52672, out 908 (+563 reasoning)
  120.2s   tool bash: cat << 'EOF' > /tmp/test_trans3.md
Status: success
Mode: REQUEST

## BrainCode

```braincode
MODE REQUEST
ENTRYPOINT Conversation
CONVO Conversation {
  TURN t1
  120.3s turn 19
  130.3s   model reply: in 4934 + cached 52670, out 1033 (+989 reasoning)
  130.3s   tool bash: node /kit/rag.mjs search "located to the right of" "to the right of" "in front of" "across from"
  130.5s turn 20
  133.8s   model reply: in 3110 + cached 56723, out 57 (+31 reasoning)
  133.8s   tool bash: grep "spatial-relation" /reference/glossary.md
  133.9s turn 21
  138.5s   model reply: in 3540 + cached 56707, out 264 (+231 reasoning)
  138.5s   tool bash: node /kit/rag.mjs widen "just before the green garbage can" --kind constraint
  138.7s turn 22
  145.2s   model reply: in 5574 + cached 56708, out 559 (+531 reasoning)
  145.2s   tool bash: grep '"kind": "constructor"' /reference/glossary.jsonl
  145.3s turn 23
  157.6s   model reply: in 4400 + cached 60768, out 729 (+693 reasoning)
  157.6s   tool bash: node /kit/rag.mjs search "spatial" "relative_to" "near" "landmark"
  157.8s turn 24
  161.0s   model reply: in 2185 + cached 64818, out 57 (+32 reasoning)
  161.0s   tool bash: node /kit/rag.mjs entry spatial_constraint
  161.1s turn 25
  164.9s   model reply: in 2339 + cached 64798, out 143 (+108 reasoning)
  164.9s   tool bash: node /kit/rag.mjs search "lexical_label" "entity" "object descriptor"
  165.0s turn 26
  168.6s   model reply: in 3420 + cached 64789, out 38 (+13 reasoning)
  168.6s   tool bash: node /kit/rag.mjs entry lexical_label
  168.8s turn 27
  176.9s   model reply: in 0 + cached 0, out 0 (+0 reasoning)
  176.9s agent finished
  178.9s turn 28
  192.5s   model reply: in 0 + cached 0, out 0 (+0 reasoning)
  192.5s agent finished
  196.5s turn 29
  223.1s   model reply: in 0 + cached 0, out 0 (+0 reasoning)
  223.1s agent finished
  231.1s turn 30
  303.9s   model reply: in 3943 + cached 64774, out 1738 (+206 reasoning)
  303.9s   tool bash: cat << 'EOF' > /tmp/test_trans4.md
Status: success
Mode: REQUEST

## BrainCode

```braincode
MODE REQUEST
ENTRYPOINT Conversation
CONVO Conversation {
  TURN t1
  304.1s turn 31
  327.5s   model reply: in 51974 + cached 0, out 343 (+307 reasoning)
  327.5s   tool bash: node /kit/rag.mjs entry right_of in_front_of other_side_of on
  327.7s turn 32
  346.4s   model reply: in 3889 + cached 48651, out 2069 (+328 reasoning)
  346.4s   tool bash: cat << 'EOF' > /tmp/test_trans5.md
Status: success
Mode: REQUEST

## BrainCode

```braincode
MODE REQUEST
ENTRYPOINT Conversation
CONVO Conversation {
  TURN t1
  346.5s turn 33
  365.2s   model reply: in 6948 + cached 48660, out 186 (+161 reasoning)
  365.2s   tool bash: node /kit/rag.mjs entry trash_can
  365.3s turn 34
  383.5s   model reply: in 3145 + cached 52696, out 2785 (+1047 reasoning)
  383.5s   tool bash: cat << 'EOF' > /tmp/test_trans6.md
Status: success
Mode: REQUEST

## BrainCode

```braincode
MODE REQUEST
ENTRYPOINT Conversation
CONVO Conversation {
  TURN t1
  383.6s turn 35
  389.5s   model reply: in 6883 + cached 52711, out 468 (+434 reasoning)
  389.5s   tool bash: grep -n "DECL" /kit/rag.mjs -A 5 -B 5
  389.5s turn 36
  392.9s   model reply: in 3322 + cached 56750, out 40 (+13 reasoning)
  392.9s   tool bash: grep -n "DECL" /kit/* /kit/src/*
  393.0s turn 37
  396.7s   model reply: in 3406 + cached 56730, out 41 (+15 reasoning)
  396.7s   tool bash: grep -n "DECL" /kit/rag.mjs
  396.8s turn 38
  401.8s   model reply: in 3477 + cached 56710, out 49 (+23 reasoning)
  401.8s   tool bash: grep -n "\[" /kit/rag.mjs
  401.9s turn 39
  413.0s   model reply: in 4031 + cached 56696, out 1807 (+73 reasoning)
  413.0s   tool bash: cat << 'EOF' > /tmp/test_n11.md
Status: success
Mode: REQUEST

## BrainCode

```braincode
MODE REQUEST
ENTRYPOINT Conversation
CONVO Conversation {
  TURN t1 SP
  413.2s turn 40
  432.2s   model reply: in 6798 + cached 56704, out 3084 (+1379 reasoning)
  432.2s   tool write: /output/translation.md
  432.2s turn 41
  435.4s   model reply: in 5828 + cached 60762, out 43 (+13 reasoning)
  435.4s   tool bash: node /kit/rag.mjs check --translation /output/translation.md
  435.5s turn 42
  438.6s   model reply: in 2798 + cached 64803, out 60 (+42 reasoning)
  438.6s   tool bash: ls -la /output
  438.7s turn 43
  442.1s   model reply: in 2960 + cached 64784, out 98 (+17 reasoning)
  442.1s agent finished
  442.1s agent finished
