    4.8s turn 1
    9.7s   model reply: in 3 + cached 0, out 62 (+0 reasoning)
    9.7s   tool bash: node /kit/rag.mjs search "flight request one way nonstop origin destination airline passenger morning departure" "request speech act" "description search operat
   14.0s turn 2
   26.4s   model reply: in 3 + cached 27396, out 280 (+209 reasoning)
   26.4s   tool bash: node /kit/rag.mjs entry request ask activity requirement time_point web_element; node /kit/rag.mjs search "flight itinerary route one-way nonstop carrier senior
   27.7s turn 3
   33.8s   model reply: in 3 + cached 28624, out 232 (+102 reasoning)
   33.8s   tool bash: for need in 'search for flights' 'one-way flight' 'nonstop direct flight' 'flight date July 1' 'airline United Airlines' 'passenger count one senior' 'view flig
   38.7s turn 4
   44.4s   model reply: in 3 + cached 30729, out 244 (+56 reasoning)
   44.4s   tool bash: for need in 'nonstop direct flight' 'flight date July 1' 'airline United Airlines' 'passenger count one senior' 'view flight deal' 'morning departure flight'; d
   47.5s turn 5
   51.2s   model reply: in 3 + cached 33645, out 179 (+12 reasoning)
   51.2s   tool bash: for need in 'nonstop direct flight' 'flight date July 1' 'airline United Airlines' 'passenger count one senior' 'view flight deal' 'morning departure flight'; d
   56.2s turn 6
   77.7s   model reply: in 3 + cached 36004, out 635 (+516 reasoning)
   77.7s   tool bash: for need in 'departure city San Francisco' 'destination city San Diego' 'passenger count two adults' 'adjust travelers count for adults and senior'; do node /ki
   80.7s turn 7
  127.1s   model reply: in 3 + cached 38066, out 3385 (+254 reasoning)
  127.1s   tool write: /output/translation.md
  127.1s turn 8
  154.5s   model reply: in 3 + cached 39870, out 1590 (+67 reasoning)
  154.5s   tool write: /output/suggestions.md
  154.5s turn 9
  158.2s   model reply: in 3 + cached 43273, out 36 (+0 reasoning)
  158.2s   tool bash: node /kit/rag.mjs check --translation /output/translation.md
  158.4s turn 10
  165.8s   model reply: in 3 + cached 44881, out 334 (+176 reasoning)
  165.8s   tool edit: /output/translation.md
  165.9s turn 11
  167.9s   model reply: in 3 + cached 45306, out 48 (+0 reasoning)
  167.9s agent finished
  167.9s agent finished
