    2.1s turn 1
   16.5s   model reply: in 28700 + cached 0, out 2129 (+2086 reasoning)
   16.5s   tool bash: node /kit/rag.mjs entry click web_element request ask search_web sort avail_in_stock dir_asc rank_price
   16.6s turn 2
   19.8s   model reply: in 3611 + cached 28446, out 94 (+54 reasoning)
   19.8s   tool bash: node /kit/rag.mjs search "show products" "display products" "request to show products" "find products"
   20.0s turn 3
   24.3s   model reply: in 33363 + cached 0, out 51 (+19 reasoning)
   24.3s   tool bash: node /kit/rag.mjs widen "user requests products" --kind speech_act
   24.5s turn 4
   28.6s   model reply: in 2160 + cached 32488, out 235 (+206 reasoning)
   28.6s   tool bash: node /kit/rag.mjs entry ask propose inform request role_user
   28.8s turn 5
   35.8s   model reply: in 2707 + cached 32472, out 563 (+527 reasoning)
   35.8s   tool bash: node /kit/rag.mjs widen "search web products" "describe search action" "request search"
   36.0s turn 6
   39.8s   model reply: in 5722 + cached 32477, out 79 (+45 reasoning)
   39.8s   tool bash: node /kit/rag.mjs search "user request" "UTTER" "conversation trace"
   39.9s turn 7
   44.6s   model reply: in 10762 + cached 28408, out 87 (+53 reasoning)
   44.6s   tool bash: node /kit/rag.mjs entry request ask propose inform activity obligation web_element select_option
   44.9s turn 8
   64.0s   model reply: in 3962 + cached 36515, out 3105 (+3080 reasoning)
   64.0s   tool bash: node /kit/rag.mjs entry object_label
   64.1s turn 9
   67.8s   model reply: in 7169 + cached 36522, out 128 (+87 reasoning)
   67.8s   tool bash: node /kit/rag.mjs entry object_label::drive object_label::ssd object_label::solid_state_drive
   67.9s turn 10
   72.6s   model reply: in 3631 + cached 40565, out 334 (+287 reasoning)
   72.6s   tool bash: node /kit/rag.mjs search "request" "search_web" "avail_in_stock" "rank_price" "dir_asc"
   72.8s turn 11
   80.6s   model reply: in 5644 + cached 40563, out 909 (+871 reasoning)
   80.6s   tool bash: grep -E "^\| [a-z0-9_]+ \| constructor \|" /reference/glossary.md
   80.7s turn 12
   90.1s   model reply: in 4289 + cached 44623, out 1128 (+1091 reasoning)
   90.1s   tool bash: node /kit/rag.mjs search "show" "display" "sort" "obligation" "requirement"
   90.4s turn 13
  106.1s   model reply: in 2831 + cached 48683, out 2327 (+1315 reasoning)
  106.1s   tool bash: cat << 'EOF' > /tmp/test_trans.md
Status: success
Mode: TRACE

## BrainCode

```braincode
MODE TRACE
ENTRYPOINT Conversation
CONVO Conversation {
  TURN t1 SPEA
  106.2s turn 14
  111.9s   model reply: in 5576 + cached 48687, out 555 (+492 reasoning)
  111.9s   tool bash: node -e '
const fs = require("fs");
const content = fs.readFileSync("/kit/rag.mjs", "utf8");
console.log(content.slice(0, 3000));
'
  111.9s turn 15
  115.0s   model reply: in 3009 + cached 52737, out 91 (+25 reasoning)
  115.0s   tool bash: node -e '
const fs = require("fs");
const content = fs.readFileSync("/kit/rag.mjs", "utf8");
console.log(content.slice(3000, 6000));
'
  115.0s turn 16
  147.3s   model reply: in 3720 + cached 52723, out 5756 (+4744 reasoning)
  147.3s   tool bash: cat << 'EOF' > /tmp/test_ssd.md
Status: success
Mode: TRACE

## BrainCode

```braincode
MODE TRACE
ENTRYPOINT Conversation
CONVO Conversation {
  TURN t1 SPEAKE
  147.5s turn 17
  161.2s   model reply: in 9865 + cached 52756, out 2374 (+1353 reasoning)
  161.2s   tool write: /output/translation.md
  161.2s turn 18
  164.3s   model reply: in 4131 + cached 60868, out 54 (+24 reasoning)
  164.3s   tool bash: node /kit/rag.mjs check --translation /output/translation.md
  164.4s turn 19
  168.5s   model reply: in 4623 + cached 60852, out 178 (+104 reasoning)
  168.6s agent finished
  168.6s agent finished
