    1.9s turn 1
   13.3s   model reply: in 16386 + cached 0, out 1810 (+1785 reasoning)
   13.3s   tool bash: ls -la /
ls -la /kit || true
   13.4s turn 2
   16.8s   model reply: in 2978 + cached 16169, out 54 (+18 reasoning)
   16.8s   tool bash: ls -la /reference || true
ls -la /attach || true
ls -la /output || true
   16.8s turn 3
   19.4s   model reply: in 3457 + cached 16156, out 50 (+29 reasoning)
   19.4s   tool bash: cat /reference/examples.jsonl
   19.4s turn 4
   22.7s   model reply: in 4681 + cached 16152, out 59 (+25 reasoning)
   22.7s   tool bash: cat /kit/README.md || true
cat /kit/needs_prompt.md || true
   22.8s turn 5
   25.5s   model reply: in 2538 + cached 20195, out 41 (+21 reasoning)
   25.5s   tool bash: cat /prompt.md || true
   25.6s turn 6
   41.8s   model reply: in 3056 + cached 20182, out 2785 (+2739 reasoning)
   41.8s   tool bash: find / -name "*reconstruction*" 2>/dev/null || true
find / -name "*thoughttrace*" 2>/dev/null || true
   41.8s turn 7
   45.5s   model reply: in 5829 + cached 20197, out 143 (+61 reasoning)
   45.5s   tool bash: node /kit/rag.mjs entry acknowledge activity audience_targeting character character_trait confirm decision dialogue document_section enables express_interest gr
   45.6s turn 8
   48.5s   model reply: in 3965 + cached 24244, out 65 (+40 reasoning)
   48.5s   tool bash: node /kit/rag.mjs --help || true
   48.5s turn 9
   52.1s   model reply: in 4080 + cached 24226, out 57 (+27 reasoning)
   52.1s   tool read: /kit/rag.mjs
   52.2s turn 10
   55.0s   model reply: in 5616 + cached 24223, out 71 (+31 reasoning)
   55.0s   tool bash: ls -la /item_raw.txt /needs.json /rag_context.md 2>/dev/null || true
   55.1s turn 11
   80.1s   model reply: in 5707 + cached 24206, out 4751 (+4690 reasoning)
   80.1s   tool bash: grep -n -C 5 "Reconstruction" /attach/1-language-spec.md || true
grep -n -C 5 "back-translation" /attach/1-language-spec.md || true
   80.2s turn 12
   86.1s   model reply: in 6834 + cached 28287, out 560 (+509 reasoning)
   86.1s   tool bash: grep -E "greeting|well_wishes|document_section|dialogue|interpersonal_stance" /reference/glossary.jsonl | head -n 10
   86.2s turn 13
   89.4s   model reply: in 3991 + cached 32322, out 119 (+71 reasoning)
   89.4s   tool bash: grep -A 2 -B 2 "rule_speech_acts_general" /reference/glossary.jsonl | head -n 10 || true
   89.5s turn 14
  162.8s   model reply: in 4879 + cached 32314, out 13886 (+13543 reasoning)
  162.8s   tool write: /output/reconstruction.md
  162.8s turn 15
  167.4s   model reply: in 14612 + cached 36472, out 52 (+22 reasoning)
  167.4s   tool read: /output/reconstruction.md
  167.4s turn 16
  177.3s   model reply: in 2840 + cached 48609, out 1599 (+1564 reasoning)
  177.4s agent finished
  177.4s agent finished
