    6.3s turn 1
   15.5s   model reply: in 1729 + cached 0, out 1220 (+1203 reasoning)
   15.5s   tool read: /trajectory.txt
   15.5s turn 2
   26.9s   model reply: in 3058 + cached 0, out 1245 (+1226 reasoning)
   26.9s   tool bash: xxd /trajectory.txt
   27.0s turn 3
   29.2s   model reply: in 4326 + cached 0, out 43 (+12 reasoning)
   29.2s   tool bash: python3 -c "print(repr(open('/trajectory.txt').read()))"
   29.2s turn 4
   31.6s   model reply: in 4392 + cached 0, out 50 (+12 reasoning)
   31.6s   tool bash: node -e "console.log(JSON.stringify(fs.readFileSync('/trajectory.txt', 'utf8')))"
   31.6s turn 5
   55.3s   model reply: in 4565 + cached 0, out 3719 (+3574 reasoning)
   55.3s   tool write: /output/translation.md
   55.4s turn 6
   58.0s   model reply: in 8288 + cached 0, out 33 (+14 reasoning)
   58.0s   tool read: /output/translation.md
   58.0s turn 7
   62.7s   model reply: in 4517 + cached 3924, out 129 (+116 reasoning)
   62.7s agent finished
   62.7s agent finished
