    1.8s turn 1
    8.8s   model reply: in 30982 + cached 0, out 749 (+720 reasoning)
    8.8s   tool bash: node /kit/rag.mjs entry walk turn pick_up place face
    9.0s turn 2
   17.2s   model reply: in 4142 + cached 28450, out 1299 (+1262 reasoning)
   17.2s   tool bash: node /kit/rag.mjs search "walk" "turn" "table" "stove" "safe"
   17.4s turn 3
   32.3s   model reply: in 0 + cached 0, out 0 (+0 reasoning)
   32.4s agent finished
   34.4s turn 4
   78.5s   model reply: in 0 + cached 0, out 0 (+0 reasoning)
   78.5s agent finished
   82.6s turn 5
  287.7s   model reply: in 35443 + cached 0, out 1965 (+1922 reasoning)
  287.7s   tool bash: node -e '
const fs = require("fs");
console.log(fs.existsSync("/reference/glossary.md"));
'
  287.7s turn 6
  299.9s   model reply: in 4900 + cached 32509, out 72 (+50 reasoning)
  299.9s   tool bash: node /kit/rag.mjs check
  299.9s turn 7
  312.6s   model reply: in 5007 + cached 32490, out 71 (+41 reasoning)
  312.6s   tool bash: grep -n -C 5 "check" /kit/rag.mjs
  312.7s turn 8
  319.7s   model reply: in 5546 + cached 32475, out 247 (+192 reasoning)
  319.7s   tool bash: node /kit/rag.mjs entry walk turn face pick_up place next_to left_of right_of behind in_front_of on under rank_distance propose table pan knife stove safe
  319.8s turn 9
  327.9s   model reply: in 3322 + cached 36530, out 104 (+65 reasoning)
  327.9s   tool bash: node /kit/rag.mjs search "above" "burner" "closest" "closest one" "left side"
  328.0s turn 10
  349.6s   model reply: in 4862 + cached 36523, out 744 (+726 reasoning)
  349.6s   tool bash: ls -la /reference
  349.6s turn 11
  360.8s   model reply: in 5821 + cached 36512, out 37 (+16 reasoning)
  360.8s   tool bash: cat /reference/examples.jsonl
  360.8s turn 12
  364.1s   model reply: in 2981 + cached 40559, out 88 (+46 reasoning)
  364.1s   tool bash: grep -E "\| (operation|speech_act|constructor|claim_relation|link) \|" /reference/glossary.md
  364.2s turn 13
  383.7s   model reply: in 5141 + cached 40558, out 3137 (+2281 reasoning)
  383.7s   tool bash: cat << 'EOF' > /output/translation.md
Status: success
Mode: REQUEST

## BrainCode

```braincode
MODE REQUEST
ENTRYPOINT Conversation
CONVO Conversation {
  TURN
  383.9s turn 14
  396.3s   model reply: in 5082 + cached 44630, out 1347 (+1315 reasoning)
  396.3s   tool bash: grep -n -C 5 "\"turn\"" /reference/glossary.jsonl
  396.4s turn 15
  402.2s   model reply: in 3667 + cached 48690, out 88 (+59 reasoning)
  402.2s   tool bash: grep -n "spatial-relation" /reference/glossary.jsonl
  402.3s turn 16
  406.4s   model reply: in 5109 + cached 48683, out 234 (+207 reasoning)
  406.4s   tool bash: grep -i "direction" /reference/glossary.jsonl
  406.5s turn 17
  429.8s   model reply: in 2689 + cached 52734, out 4020 (+2853 reasoning)
  429.8s   tool bash: cat << 'EOF' > /output/translation.md
Status: success
Mode: REQUEST

## BrainCode

```braincode
MODE REQUEST
ENTRYPOINT Conversation
CONVO Conversation {
  TURN
  429.9s turn 18
  435.4s   model reply: in 7561 + cached 52756, out 547 (+509 reasoning)
  435.4s   tool bash: node /kit/rag.mjs search "lettuce" "next to the lettuce" "above the lettuce"
  435.6s turn 19
  438.8s   model reply: in 5011 + cached 56807, out 136 (+113 reasoning)
  438.8s   tool bash: node /kit/rag.mjs entry lettuce
  438.9s turn 20
  448.6s   model reply: in 5240 + cached 56789, out 1591 (+602 reasoning)
  448.6s   tool bash: cat << 'EOF' > /output/translation.md
Status: success
Mode: REQUEST

## BrainCode

```braincode
MODE REQUEST
ENTRYPOINT Conversation
CONVO Conversation {
  TURN
  448.8s turn 21
  456.8s   model reply: in 3585 + cached 60846, out 1242 (+245 reasoning)
  456.8s   tool bash: cat << 'EOF' > /output/translation.md
Status: success
Mode: REQUEST

## BrainCode

```braincode
MODE REQUEST
ENTRYPOINT Conversation
CONVO Conversation {
  TURN
  456.9s turn 22
  467.9s   model reply: in 5680 + cached 60845, out 2029 (+1041 reasoning)
  467.9s   tool write: /output/translation.md
  467.9s turn 23
  472.1s   model reply: in 3662 + cached 64896, out 50 (+20 reasoning)
  472.1s   tool bash: node /kit/rag.mjs check --translation /output/translation.md
  472.3s turn 24
  476.3s   model reply: in 4577 + cached 64883, out 153 (+46 reasoning)
  476.3s agent finished
  476.3s agent finished
