   13.5s turn 1
   19.4s   model reply: in 29395 + cached 0, out 449 (+396 reasoning)
   19.4s   tool bash: node /kit/rag.mjs search "furry" "quiet" "smart" "nice" "young" "blue" "red" "theory" "person" "statement"
   21.4s turn 2
   25.7s   model reply: in 4170 + cached 28450, out 96 (+47 reasoning)
   25.7s   tool bash: node /kit/rag.mjs search "predicate" "property" "universal" "attribute" "entity" "trait" "feature" "question" "evaluate"
   26.5s turn 3
   31.0s   model reply: in 2745 + cached 32513, out 81 (+43 reasoning)
   31.0s   tool bash: node /kit/rag.mjs entry has_attribute attribute_claim character_trait conditional conjunction possesses statement property_question
   31.6s turn 4
   35.7s   model reply: in 3848 + cached 32501, out 115 (+63 reasoning)
   35.7s   tool bash: node /kit/rag.mjs search "universal" "all" "theory" "premise" "rule" "select_option" "choice" "true" "unknown"
   36.6s turn 5
   42.4s   model reply: in 6429 + cached 32500, out 118 (+64 reasoning)
   42.4s   tool bash: grep -i -E "logic|quantif|truth|statement|theory|attribute|predicate|deduc|conclude|inference|premise|question" /reference/glossary.md
   42.6s turn 6
   49.5s   model reply: in 4296 + cached 36557, out 135 (+67 reasoning)
   49.5s   tool bash: grep -E "^\| (attribute_claim|has_attribute|statement|subject|conditional|conjunction|possesses|universal|for_all|rule|test_condition|decision|ask|respond|infor
   49.6s turn 7
   55.8s   model reply: in 5078 + cached 36544, out 642 (+602 reasoning)
   55.8s   tool bash: node /kit/rag.mjs search "question" "ask" "truth" "theory" "choice" "option"
   56.0s turn 8
   59.5s   model reply: in 3319 + cached 40603, out 224 (+75 reasoning)
   59.5s   tool bash: node /kit/rag.mjs widen "Introduce a set of logical premises or theory" --kind speech_act
node /kit/rag.mjs widen "Erin is furry" --kind claim
node /kit/rag.mjs
   60.9s turn 9
   67.2s   model reply: in 6848 + cached 40610, out 433 (+407 reasoning)
   67.2s   tool bash: grep "\| constructor \|" /reference/glossary.md
   67.3s turn 10
   72.8s   model reply: in 5244 + cached 44671, out 51 (+18 reasoning)
   72.8s   tool bash: grep -E "^\| [^\|]+ \| constructor \|" /reference/glossary.md
   73.0s turn 11
   76.4s   model reply: in 3036 + cached 48726, out 53 (+11 reasoning)
   76.4s   tool bash: awk -F '|' '$3 ~ /constructor/ {print $2}' /reference/glossary.md | tr -d ' '
   76.4s turn 12
   80.9s   model reply: in 3412 + cached 48709, out 58 (+14 reasoning)
   80.9s   tool bash: awk -F '|' '$3 ~ /claim_relation/ {print $2}' /reference/glossary.md | tr -d ' '
   80.9s turn 13
   84.4s   model reply: in 3713 + cached 48691, out 52 (+10 reasoning)
   84.4s   tool bash: awk -F '|' '$3 ~ /link/ {print $2}' /reference/glossary.md | tr -d ' '
   84.5s turn 14
   87.4s   model reply: in 3797 + cached 48671, out 56 (+12 reasoning)
   87.4s   tool bash: awk -F '|' '$3 ~ /speech_act/ {print $2}' /reference/glossary.md | tr -d ' '
   87.5s turn 15
   90.7s   model reply: in 3899 + cached 48652, out 58 (+13 reasoning)
   90.7s   tool bash: awk -F '|' '$3 ~ /lexical_group/ {print $2}' /reference/glossary.md | tr -d ' '
   90.7s turn 16
   97.2s   model reply: in 4004 + cached 48632, out 450 (+413 reasoning)
   97.2s   tool bash: node /kit/rag.mjs entry lexical_label subject character_trait attribute_claim has_attribute conditional conjunction
   97.3s turn 17
  101.2s   model reply: in 5967 + cached 48631, out 83 (+50 reasoning)
  101.2s   tool bash: grep -i "theory\|proofwriter\|logic\|rule" /reference/examples.jsonl
  101.2s turn 18
  105.0s   model reply: in 6078 + cached 48613, out 46 (+15 reasoning)
  105.0s   tool bash: grep -o '"id": "[^"]*"' /reference/examples.jsonl
  105.1s turn 19
  120.0s   model reply: in 2167 + cached 52644, out 2238 (+2198 reasoning)
  120.0s   tool bash: node /kit/rag.mjs entry role_user character_trait attribute_claim has_attribute statement conditional conjunction ask inform respond
  120.1s turn 20
  134.2s   model reply: in 0 + cached 0, out 0 (+0 reasoning)
  134.2s agent finished
  136.2s turn 21
  150.0s   model reply: in 0 + cached 0, out 0 (+0 reasoning)
  150.0s agent finished
  154.0s turn 22
  180.7s   model reply: in 0 + cached 0, out 0 (+0 reasoning)
  180.7s agent finished
  188.7s turn 23
  268.7s   model reply: in 58028 + cached 0, out 2063 (+2030 reasoning)
  268.7s   tool bash: node /kit/rag.mjs entry requirement test_condition subject character_trait conditional conjunction statement
  268.8s turn 24
  286.9s   model reply: in 61050 + cached 0, out 1763 (+744 reasoning)
  286.9s   tool bash: cat << 'EOF' > /output/translation.md
Status: success
Mode: REQUEST

## BrainCode

```braincode
MODE REQUEST
ENTRYPOINT Conversation
CONVO Conversation {
  TURN
  287.1s turn 25
  310.2s   model reply: in 2559 + cached 60774, out 2084 (+2046 reasoning)
  310.3s   tool bash: grep -i "quantif\|forall\|for_all\|variable\|implication" /reference/glossary.md
  310.4s turn 26
  326.2s   model reply: in 4696 + cached 60775, out 2110 (+364 reasoning)
  326.2s   tool bash: cat << 'EOF' > /output/translation.md
Status: success
Mode: REQUEST

## BrainCode

```braincode
MODE REQUEST
ENTRYPOINT Conversation
CONVO Conversation {
  TURN
  326.4s turn 27
  381.5s   model reply: in 3288 + cached 64833, out 9837 (+6637 reasoning)
  381.5s   tool bash: cat << 'EOF' > /output/translation.md
Status: failed
Mode: REQUEST

## Suggested translation

```braincode
MODE REQUEST
ENTRYPOINT Conversation
CONVO Conversati
  381.9s turn 28
  406.1s   model reply: in 50771 + cached 0, out 1403 (+289 reasoning)
  406.1s   tool write: /output/suggestions.md
  406.1s turn 29
  409.8s   model reply: in 3371 + cached 48807, out 44 (+14 reasoning)
  409.8s   tool bash: node /kit/rag.mjs check --translation /output/translation.md
  409.9s turn 30
  415.6s   model reply: in 3985 + cached 48791, out 341 (+214 reasoning)
  415.6s agent finished
  415.6s agent finished
