   15.2s turn 1
   29.9s   model reply: in 3 + cached 0, out 1174 (+942 reasoning)
   29.9s   tool bash: node /kit/rag.mjs widen "user requests browsing IT job listings and filtering by Security clearance certificate" --kind speech_act && node /kit/rag.mjs widen "I
   29.9s   tool bash: node /kit/rag.mjs widen "record typing text into a searchbox and clicking UI button and links" --kind action && node /kit/rag.mjs search "search query IT jobs e
   29.9s   tool bash: node /kit/rag.mjs entry request ask activity requirement web_element type_text click select_filter search_web apply_filters
   34.8s turn 2
   66.0s   model reply: in 3 + cached 26217, out 2873 (+2027 reasoning)
   66.0s   tool write: /output/translation.md
   66.2s turn 3
   67.9s   model reply: in 3 + cached 34361, out 36 (+0 reasoning)
   67.9s   tool bash: node /kit/rag.mjs check --translation /output/translation.md
   68.8s turn 4
   79.4s   model reply: in 3 + cached 37252, out 992 (+729 reasoning)
   79.4s   tool bash: node /kit/rag.mjs widen "browse or search job listings" --kind action && node /kit/rag.mjs widen "filter job search results" --kind action && node /kit/rag.mjs 
   79.4s   tool bash: node /kit/rag.mjs widen "Filters link in a web UI" --kind object && node /kit/rag.mjs widen "Certificates filter category link in a web UI" --kind object && nod
   79.4s   tool bash: node /kit/rag.mjs search "browse listings action in recorded trace" "search and filter jobs in UI" "security clearance certificate job qualification filter" "we
   84.8s turn 5
  141.5s   model reply: in 3 + cached 37617, out 5665 (+4336 reasoning)
  141.6s   tool write: /output/translation.md
  141.7s turn 6
  147.2s   model reply: in 3 + cached 46059, out 548 (+145 reasoning)
  147.2s   tool write: /output/suggestions.md
  147.2s turn 7
  149.2s   model reply: in 3 + cached 51742, out 46 (+8 reasoning)
  149.2s   tool bash: node /kit/rag.mjs check --translation /output/translation.md
  149.6s turn 8
  157.7s   model reply: in 3 + cached 52308, out 512 (+467 reasoning)
  157.8s agent finished
  157.8s agent finished
