    2.3s turn 1
    8.7s   model reply: in 29593 + cached 0, out 814 (+760 reasoning)
    8.7s   tool bash: node /kit/rag.mjs search "referendum" "vote" "scotland" "independence" "block" "government" "transfer" "powers" "party" "tax"
    8.9s turn 2
   11.5s   model reply: in 3962 + cached 28418, out 47 (+0 reasoning)
   11.5s   tool bash: node /kit/rag.mjs search "referendum" "vote" "election" "independence" "policy" "legislation" "agreement" "government"
   11.8s turn 3
   15.1s   model reply: in 34640 + cached 0, out 63 (+0 reasoning)
   15.1s   tool bash: node /kit/rag.mjs widen "Scotland" --kind object
node /kit/rag.mjs widen "referendum" --kind object
node /kit/rag.mjs widen "national independence" --kind objec
   15.5s turn 4
   18.4s   model reply: in 5675 + cached 32484, out 57 (+0 reasoning)
   18.4s   tool bash: node /kit/rag.mjs search "referendum" "vote" "turnout" "margin" "scotland" "tax" "welfare" "autonomy" "block" "majority"
   18.6s turn 5
   23.8s   model reply: in 4398 + cached 36547, out 47 (+0 reasoning)
   23.8s   tool bash: node /kit/rag.mjs search "percentage" "ratio" "proportion" "margin" "difference" "turnout" "vote" "count"
   24.1s turn 6
   27.5s   model reply: in 2653 + cached 40606, out 89 (+0 reasoning)
   27.5s   tool bash: node /kit/rag.mjs entry measure rate group_size distinguish similarity statement attribute_claim possesses controversial ongoing proposed_policy varies_with rea
   27.7s turn 7
   30.5s   model reply: in 4714 + cached 40602, out 56 (+0 reasoning)
   30.5s   tool bash: node /kit/rag.mjs search "referendum" "vote" "scottish" "scotland" "independence" "party" "bill" "power" "tax" "welfare"
   30.7s turn 8
   33.5s   model reply: in 3457 + cached 44665, out 51 (+0 reasoning)
   33.5s   tool bash: grep -E "referendum|scotland|independence|autonomy|tax|welfare|vote|voting|ballot|election|political" /reference/glossary.md
   33.6s turn 9
   36.4s   model reply: in 4150 + cached 44650, out 46 (+0 reasoning)
   36.4s   tool bash: node /kit/rag.mjs search "prohibited" "prevent" "block" "oppose" "agree" "cooperate" "decision"
   36.5s turn 10
   39.7s   model reply: in 2142 + cached 48706, out 35 (+0 reasoning)
   39.7s   tool bash: node /kit/rag.mjs entry prohibited decision conjunction role_colleague role_user role_agent
   39.8s turn 11
   43.7s   model reply: in 2698 + cached 48690, out 45 (+0 reasoning)
   43.7s   tool bash: node /kit/rag.mjs search "percentage" "ratio" "turnout" "margin" "difference" "settle" "close"
   43.9s turn 12
   47.8s   model reply: in 4758 + cached 48688, out 41 (+0 reasoning)
   47.8s   tool bash: node /kit/rag.mjs search "uncertain" "timing" "transfer" "pave" "require" "position"
   48.1s turn 13
   51.4s   model reply: in 2388 + cached 52739, out 50 (+0 reasoning)
   51.4s   tool bash: node /kit/rag.mjs search "referendum" "election" "vote" "support" "position" "stance" "legislation" "agreement" "power"
   51.7s turn 14
   55.1s   model reply: in 5002 + cached 52742, out 39 (+0 reasoning)
   55.1s   tool bash: node /kit/rag.mjs entry topic_politics topic_current_events policy_document policy_revision_request obligation
   55.2s turn 15
   59.0s   model reply: in 5491 + cached 52727, out 51 (+0 reasoning)
   59.0s   tool bash: node /kit/rag.mjs search "referendum" "independence" "scotland" "vote" "neutral" "stance" "opinion" "factual" "belief"
   59.1s turn 16
   62.5s   model reply: in 3956 + cached 56785, out 27 (+0 reasoning)
   62.5s   tool bash: node /kit/rag.mjs entry tone_neutral occurs occurred
   62.7s turn 17
   67.1s   model reply: in 4222 + cached 56767, out 126 (+0 reasoning)
   67.1s   tool bash: node /kit/rag.mjs entry topic_politics topic_current_events united_kingdom locale_en_gb role_user role_agent unit_percent unit_year time_point time_horizon meas
   67.2s turn 18
   70.9s   model reply: in 2378 + cached 60823, out 79 (+0 reasoning)
   70.9s   tool bash: node /kit/rag.mjs entry designed_to_be failure unaware meets_needs has_goal reason_for leads_to enables prohibited contrast rejects supports revises ask decline
   71.0s turn 19
   75.4s   model reply: in 4491 + cached 60822, out 43 (+0 reasoning)
   75.4s   tool bash: node /kit/rag.mjs entry beliefs personal_values design_parameters constitutional_ai potential_harms group_size interpersonal_stance negation
   75.5s turn 20
   79.7s   model reply: in 5138 + cached 60808, out 47 (+0 reasoning)
   79.7s   tool bash: node /kit/rag.mjs search "referendum" "scotland" "independence" "vote" "ballot" "electoral" "politics"
   79.9s turn 21
   83.8s   model reply: in 3068 + cached 64860, out 51 (+0 reasoning)
   83.8s   tool bash: node /kit/rag.mjs search "decision" "requirement" "attitude" "argues_for" "focus_of" "occurred" "time_point"
   84.0s turn 22
   89.0s   model reply: in 5307 + cached 64862, out 28 (+0 reasoning)
   89.0s   tool bash: node /kit/rag.mjs entry historical_event temporal_context
   89.1s turn 23
  103.8s   model reply: in 0 + cached 0, out 0 (+0 reasoning)
  103.8s agent finished
  105.8s turn 24
  119.4s   model reply: in 0 + cached 0, out 0 (+0 reasoning)
  119.4s agent finished
  123.4s turn 25
  150.0s   model reply: in 0 + cached 0, out 0 (+0 reasoning)
  150.0s agent finished
  158.0s turn 26
  211.0s   model reply: in 0 + cached 0, out 0 (+0 reasoning)
  211.0s agent finished
  227.0s turn 27
  367.8s   model reply: in 45553 + cached 0, out 49 (+0 reasoning)
  367.8s   tool bash: node /kit/rag.mjs search "percentage" "ratio" "result" "margin" "difference" "turnout" "vote_count" "population"
  368.0s turn 28
  375.7s   model reply: in 3288 + cached 44614, out 46 (+0 reasoning)
  375.7s   tool bash: node /kit/rag.mjs search "power" "devolved" "welfare" "tax" "bill" "parliament" "government"
  375.9s turn 29
  400.8s   model reply: in 5253 + cached 44612, out 40 (+0 reasoning)
  400.8s   tool bash: node /kit/rag.mjs search "uncertain" "timing" "date" "agreement" "transfer" "blocked"
  401.0s turn 30
  410.2s   model reply: in 2915 + cached 48663, out 47 (+0 reasoning)
  410.2s   tool bash: node /kit/rag.mjs search "capacity" "ability" "judgment" "stance" "neutral" "viewpoint" "opinion" "feeling"
  410.5s turn 31
  419.2s   model reply: in 5153 + cached 48663, out 30 (+0 reasoning)
  419.2s   tool bash: node /kit/rag.mjs entry possesses character_trait attribute_claim statement
  419.3s turn 32
  425.8s   model reply: in 5819 + cached 48650, out 32 (+0 reasoning)
  425.8s   tool bash: node /kit/rag.mjs search "rate" "calculation" "conjunction"
  425.9s turn 33
  429.0s   model reply: in 2713 + cached 52692, out 25 (+0 reasoning)
  429.0s   tool bash: node /kit/rag.mjs entry rate calculation conjunction
  429.1s turn 34
  434.9s   model reply: in 2988 + cached 52674, out 32 (+0 reasoning)
  434.9s   tool bash: node /kit/rag.mjs search "decision" "requirement" "attitudes"
  435.0s turn 35
  444.3s   model reply: in 3971 + cached 52664, out 27 (+0 reasoning)
  444.3s   tool bash: node /kit/rag.mjs entry decision requirement proposed_policy
  444.4s turn 36
  451.5s   model reply: in 4521 + cached 52649, out 45 (+0 reasoning)
  451.5s   tool bash: node /kit/rag.mjs search "prohibited" "block" "opposes" "prevents" "rejection" "veto"
  451.7s turn 37
  455.9s   model reply: in 2241 + cached 56697, out 34 (+0 reasoning)
  455.9s   tool bash: node /kit/rag.mjs search "requires" "condition" "depends" "necessary"
  456.0s turn 38
  461.0s   model reply: in 3394 + cached 56689, out 42 (+0 reasoning)
  461.0s   tool bash: node /kit/rag.mjs search "proposes" "proposal" "plan" "support_stance" "advocates"
  461.1s turn 39
  464.9s   model reply: in 4913 + cached 56685, out 44 (+0 reasoning)
  464.9s   tool bash: node /kit/rag.mjs search "proposes" "call_for" "descriptive" "legislation" "agreement" "uncertain"
  465.1s turn 40
  470.9s   model reply: in 2553 + cached 60731, out 23 (+0 reasoning)
  470.9s   tool bash: node /kit/rag.mjs entry request
  471.0s turn 41
  474.3s   model reply: in 2660 + cached 60711, out 39 (+0 reasoning)
  474.3s   tool bash: node /kit/rag.mjs search "perspectives" "stance" "viewpoints" "neutral" "objective"
  474.5s turn 42
  479.3s   model reply: in 4067 + cached 60707, out 25 (+0 reasoning)
  479.3s   tool bash: node /kit/rag.mjs entry trained_for
  479.4s turn 43
  493.8s   model reply: in 4354 + cached 60689, out 2505 (+0 reasoning)
  493.8s   tool write: /output/translation.md
  493.8s turn 44
  496.5s   model reply: in 2812 + cached 64740, out 30 (+0 reasoning)
  496.5s   tool bash: node /kit/rag.mjs check --translation /output/translation.md
  496.7s turn 45
  500.1s   model reply: in 3878 + cached 64732, out 28 (+0 reasoning)
  500.1s   tool bash: node /kit/rag.mjs search "2014"
  500.3s turn 46
  503.1s   model reply: in 4224 + cached 64715, out 30 (+0 reasoning)
  503.1s   tool bash: node /kit/rag.mjs search "in 2014"
  503.3s turn 47
  506.5s   model reply: in 4580 + cached 64699, out 33 (+0 reasoning)
  506.5s   tool bash: node /kit/rag.mjs widen "in 2014" --kind temporal
  506.6s turn 48
  518.2s   model reply: in 47058 + cached 0, out 28 (+0 reasoning)
  518.2s   tool bash: node /kit/rag.mjs entry unit_year temporal_context
  518.3s turn 49
  532.3s   model reply: in 2864 + cached 44482, out 2515 (+0 reasoning)
  532.3s   tool write: /output/translation.md
  532.3s turn 50
  535.3s   model reply: in 5377 + cached 44488, out 30 (+0 reasoning)
  535.3s   tool bash: node /kit/rag.mjs check --translation /output/translation.md
  535.4s turn 51
  539.4s   model reply: in 2411 + cached 48525, out 142 (+0 reasoning)
  539.4s agent finished
  539.4s agent finished
