    6.4s turn 1
   13.0s   model reply: in 29645 + cached 0, out 847 (+802 reasoning)
   13.0s   tool bash: node /kit/rag.mjs search "web_element" "click" "type_text" "senior" "airline" "nonstop"
   15.3s turn 2
   20.3s   model reply: in 3869 + cached 28448, out 559 (+484 reasoning)
   20.3s   tool bash: node /kit/rag.mjs search "flight" "passenger" "traveler" "search_travel" "ask" "propose" "requirement" "group_size" "time_point" "location_spec" "web_element" "
   20.6s turn 3
   24.2s   model reply: in 7700 + cached 28454, out 125 (+71 reasoning)
   24.2s   tool bash: node /kit/rag.mjs entry ask propose request search_travel web_element click type_text location_spec time_point group_size requirement activity role_adults dayti
   24.4s turn 4
   30.0s   model reply: in 5806 + cached 32515, out 725 (+680 reasoning)
   30.0s   tool bash: node /kit/rag.mjs search "search_travel" "flight" "senior" "airline" "nonstop" "one-way"
   30.3s turn 5
   36.9s   model reply: in 4206 + cached 36576, out 838 (+807 reasoning)
   36.9s   tool bash: node /kit/rag.mjs search "speech_act" "UTTER"
   37.1s turn 6
   40.1s   model reply: in 5627 + cached 36567, out 75 (+48 reasoning)
   40.1s   tool bash: grep "| speech_act |" /reference/glossary.md
   40.2s turn 7
   43.9s   model reply: in 2129 + cached 40614, out 86 (+61 reasoning)
   43.9s   tool bash: grep "| constructor |" /reference/glossary.md
   44.0s turn 8
   46.7s   model reply: in 4017 + cached 40608, out 72 (+32 reasoning)
   46.7s   tool bash: node /kit/rag.mjs search "origin" "destination" "flight" "travel" "booking" "search"
   46.9s turn 9
   60.5s   model reply: in 5836 + cached 40603, out 2514 (+2484 reasoning)
   60.5s   tool bash: grep -C 3 "web_element" /reference/glossary.md
   60.5s turn 10
   73.0s   model reply: in 4714 + cached 44667, out 2453 (+496 reasoning)
   73.0s   tool write: /output/translation.md
   73.0s turn 11
   75.8s   model reply: in 3115 + cached 48723, out 54 (+24 reasoning)
   75.8s   tool bash: node /kit/rag.mjs check --translation /output/translation.md
   76.0s turn 12
   82.3s   model reply: in 3588 + cached 48706, out 839 (+813 reasoning)
   82.3s   tool bash: node /kit/rag.mjs check --help || true
   82.5s turn 13
   85.4s   model reply: in 4838 + cached 48697, out 68 (+36 reasoning)
   85.4s   tool bash: grep -n -C 10 "function check" /kit/rag.mjs
   85.5s turn 14
   88.5s   model reply: in 4935 + cached 48678, out 43 (+17 reasoning)
   88.5s   tool bash: grep -n "check" /kit/rag.mjs
   88.6s turn 15
  118.9s   model reply: in 5118 + cached 48659, out 6558 (+4547 reasoning)
  118.9s   tool write: /output/translation.md
  118.9s turn 16
  121.8s   model reply: in 7590 + cached 52749, out 53 (+23 reasoning)
  121.8s   tool bash: node /kit/rag.mjs check --translation /output/translation.md
  121.9s turn 17
  127.3s   model reply: in 4004 + cached 56790, out 455 (+277 reasoning)
  127.4s agent finished
  127.4s agent finished
