    2.5s turn 1
   10.3s   model reply: in 32629 + cached 0, out 652 (+617 reasoning)
   10.3s   tool bash: node /kit/rag.mjs search "theory" "proofwriter" "conditional" "statement"
   10.5s turn 2
   21.7s   model reply: in 5959 + cached 28461, out 123 (+77 reasoning)
   21.7s   tool bash: node /kit/rag.mjs search "character_trait" "has_attribute" "attribute_claim" "all" "every" "rule"
   22.0s turn 3
   32.0s   model reply: in 3956 + cached 32521, out 81 (+32 reasoning)
   32.0s   tool bash: node /kit/rag.mjs entry statement has_attribute attribute_claim character_trait character conditional conjunction negation subject ask inform respond example_of
   32.4s turn 4
   36.8s   model reply: in 5668 + cached 32514, out 114 (+71 reasoning)
   36.8s   tool bash: node /kit/rag.mjs search "property" "question" "smart" "kind" "blue" "green" "white"
   37.0s turn 5
   39.7s   model reply: in 3708 + cached 36573, out 50 (+20 reasoning)
   39.7s   tool bash: node /kit/rag.mjs entry property_question possesses requirement change_property
   39.8s turn 6
   45.6s   model reply: in 4379 + cached 36558, out 93 (+64 reasoning)
   45.6s   tool bash: grep -i "proofwriter" /reference/examples.jsonl || true
   45.6s turn 7
   50.4s   model reply: in 4494 + cached 36539, out 113 (+67 reasoning)
   50.4s   tool bash: grep -E "conditional|character_trait|attribute_claim|has_attribute|statement|query|truth|evaluate" /reference/glossary.md
   50.5s turn 8
   71.6s   model reply: in 5870 + cached 36531, out 3459 (+3408 reasoning)
   71.6s   tool bash: node /kit/rag.mjs search "attribute_claim" "has_attribute" "character_trait" "statement" "conditional" "negation" "conjunction"
   71.8s turn 9
   81.2s   model reply: in 7558 + cached 40616, out 221 (+96 reasoning)
   81.2s   tool bash: node /kit/rag.mjs widen "introduce a set of premises or theory" --kind speech_act
node /kit/rag.mjs widen "Anne is kind" --kind claim
node /kit/rag.mjs widen "i
   82.2s turn 10
   90.0s   model reply: in 6993 + cached 44684, out 629 (+605 reasoning)
   90.0s   tool bash: grep "constructor" /reference/glossary.md
   90.1s turn 11
   95.1s   model reply: in 5318 + cached 48744, out 79 (+58 reasoning)
   95.1s   tool bash: cat /reference/examples.jsonl
   95.1s turn 12
  113.6s   model reply: in 2516 + cached 52795, out 2687 (+2647 reasoning)
  113.6s   tool bash: node /kit/rag.mjs entry has_attribute attribute_claim has_state statement conditional conjunction negation character character_trait subject
  113.8s turn 13
  126.1s   model reply: in 6594 + cached 52807, out 1193 (+1155 reasoning)
  126.1s   tool bash: node /kit/rag.mjs search "character" "subject" "attribute_claim" "has_attribute"
  126.2s turn 14
  135.8s   model reply: in 5131 + cached 56868, out 642 (+604 reasoning)
  135.8s   tool bash: grep -E "^\| [a-z0-9_]+ \| constructor \|" /reference/glossary.md
  135.8s turn 15
  142.0s   model reply: in 3508 + cached 60929, out 105 (+17 reasoning)
  142.0s   tool bash: python3 -c '
import re
with open("/reference/glossary.md") as f:
    for line in f:
        if "| constructor |" in line:
            parts = [p.strip() for p i
  142.0s turn 16
  148.2s   model reply: in 3656 + cached 60909, out 131 (+19 reasoning)
  148.2s   tool bash: node -e '
const fs = require("fs");
const lines = fs.readFileSync("/reference/glossary.md", "utf8").split("\n");
for (const line of lines) {
  if (line.includes
  148.3s turn 17
  154.3s   model reply: in 5848 + cached 60907, out 175 (+150 reasoning)
  154.3s   tool bash: node /kit/rag.mjs entry lexical_label
  154.5s turn 18
  165.6s   model reply: in 2448 + cached 64952, out 1471 (+1408 reasoning)
  165.6s   tool bash: node -e '
const fs = require("fs");
const needs = JSON.parse(fs.readFileSync("/needs.json", "utf8"));
console.log(JSON.stringify(needs, null, 2));
'
  165.7s turn 19
  178.8s   model reply: in 50786 + cached 0, out 176 (+87 reasoning)
  178.8s   tool bash: node -e '
const fs = require("fs");
const needs = JSON.parse(fs.readFileSync("/needs.json", "utf8"));
for (const n of needs) {
  console.log(`${n.id} | ${n.kind
  178.9s turn 20
  198.5s   model reply: in 51145 + cached 0, out 3082 (+3045 reasoning)
  198.5s   tool bash: node /kit/rag.mjs entry requirement character_trait subject conditional conjunction negation statement has_attribute attribute_claim
  198.6s turn 21
  202.2s   model reply: in 6934 + cached 48756, out 95 (+66 reasoning)
  202.2s   tool bash: node /kit/rag.mjs entry ask inform respond confirm property_question
  202.5s turn 22
  246.4s   model reply: in 3359 + cached 52802, out 6821 (+4096 reasoning)
  246.4s   tool write: /output/translation.md
  247.0s turn 23
  254.4s   model reply: in 62986 + cached 0, out 61 (+31 reasoning)
  254.4s   tool bash: node /kit/rag.mjs check --translation /output/translation.md
  257.7s turn 24
  271.8s   model reply: in 3024 + cached 60942, out 882 (+841 reasoning)
  271.8s   tool bash: node /kit/rag.mjs search "Anne is kind" "kind" "smart" "character" "true false unknown"
  272.2s turn 25
  285.2s   model reply: in 5429 + cached 60940, out 1527 (+1405 reasoning)
  285.2s   tool bash: node /kit/rag.mjs widen "Anne" --kind object
node /kit/rag.mjs widen "Charlie" --kind object
node /kit/rag.mjs widen "Fiona" --kind object
node /kit/rag.mjs wid
  286.1s turn 26
  311.7s   model reply: in 6226 + cached 65019, out 3404 (+562 reasoning)
  311.7s   tool write: /output/translation.md
  311.7s turn 27
  322.5s   model reply: in 52377 + cached 0, out 53 (+23 reasoning)
  322.5s   tool bash: node /kit/rag.mjs check --translation /output/translation.md
  322.7s turn 28
  354.2s   model reply: in 4594 + cached 48791, out 4864 (+1978 reasoning)
  354.2s   tool write: /output/translation.md
  354.2s turn 29
  357.3s   model reply: in 5387 + cached 52866, out 53 (+23 reasoning)
  357.3s   tool bash: node /kit/rag.mjs check --translation /output/translation.md
  357.5s turn 30
  362.9s   model reply: in 2342 + cached 56919, out 300 (+72 reasoning)
  363.0s agent finished
  363.0s agent finished
