   10.8s turn 1
   18.6s   model reply: in 30452 + cached 0, out 779 (+733 reasoning)
   18.6s   tool bash: node /kit/rag.mjs search "character_trait" "attribute_claim" "statement" "conditional" "conjunction" "negation"
   19.0s turn 2
   22.3s   model reply: in 4767 + cached 28454, out 98 (+60 reasoning)
   22.3s   tool bash: node /kit/rag.mjs entry attribute_claim has_attribute statement character_trait character conditional conjunction negation subject ask
   23.1s turn 3
   29.3s   model reply: in 2142 + cached 32509, out 70 (+39 reasoning)
   29.3s   tool bash: grep -rn "proofwriter" /reference/ 2>/dev/null || true
   29.4s turn 4
   32.6s   model reply: in 2235 + cached 32489, out 90 (+53 reasoning)
   32.6s   tool bash: node /kit/rag.mjs search "theory" "evaluation" "property" "truth" "trait"
   32.8s turn 5
   40.9s   model reply: in 3703 + cached 32480, out 1561 (+1513 reasoning)
   40.9s   tool bash: node /kit/rag.mjs search "character_trait" "attribute_claim" "has_attribute" "property_question" "subject" "statement"
   42.7s turn 6
   50.5s   model reply: in 7315 + cached 32488, out 99 (+65 reasoning)
   50.5s   tool bash: node /kit/rag.mjs entry property_question test_condition decision constraint_single_choice
   51.7s turn 7
   64.3s   model reply: in 3879 + cached 36534, out 2643 (+2588 reasoning)
   64.3s   tool bash: node /kit/rag.mjs search "character_trait" "trait" "entity" "kind" "nice" "quiet" "rough" "white" "cold" "furry"
   64.5s turn 8
   76.5s   model reply: in 9500 + cached 36557, out 319 (+252 reasoning)
   76.5s   tool bash: grep -E "^\| (character_trait|conditional|conjunction|negation|statement|has_state|attribute_claim|has_attribute|property_question|subject|character|requirement
   76.6s turn 9
   84.3s   model reply: in 47154 + cached 0, out 898 (+865 reasoning)
   84.3s   tool bash: node /kit/rag.mjs search "user" "role_user" "speaker"
   86.4s turn 10
   90.2s   model reply: in 4319 + cached 44663, out 56 (+31 reasoning)
   90.2s   tool bash: node /kit/rag.mjs entry role_user
   90.5s turn 11
   93.8s   model reply: in 4440 + cached 44644, out 131 (+97 reasoning)
   93.8s   tool bash: grep -E "^\| (user|role_user) \|" /reference/glossary.md
   93.8s turn 12
  109.7s   model reply: in 4613 + cached 44626, out 2398 (+2358 reasoning)
  109.7s   tool bash: node /kit/rag.mjs entry statement conditional conjunction negation character_trait character subject attribute_claim has_attribute has_state
  109.8s turn 13
  126.5s   model reply: in 4344 + cached 48696, out 388 (+350 reasoning)
  126.5s   tool bash: grep -E "^\| [a-z0-9_]+ \| constructor \|" /reference/glossary.md
  126.6s turn 14
  131.1s   model reply: in 2471 + cached 52753, out 401 (+362 reasoning)
  131.1s   tool bash: node /kit/rag.mjs widen "Introduce a set of rules and facts as a theory" --kind speech_act
  131.3s turn 15
  134.6s   model reply: in 4131 + cached 52747, out 87 (+53 reasoning)
  134.6s   tool bash: node /kit/rag.mjs widen "Determine the truth value of a statement" --kind action
  134.7s turn 16
  139.9s   model reply: in 5662 + cached 52740, out 73 (+14 reasoning)
  139.9s   tool bash: node /kit/rag.mjs widen "Base the determination only on the provided theory" --kind constraint; node /kit/rag.mjs widen "Output must be True, False, or Unknown"
  140.2s turn 17
  152.0s   model reply: in 4812 + cached 56805, out 1703 (+1670 reasoning)
  152.0s   tool bash: grep -rn "subject(" /reference/ /attach/ 2>/dev/null || true
  152.0s turn 18
  162.2s   model reply: in 4646 + cached 60876, out 124 (+79 reasoning)
  162.2s   tool bash: grep -rn -E "(attribute_claim|has_attribute|character_trait|character\()" /reference/ 2>/dev/null || true
  162.2s turn 19
  174.2s   model reply: in 2928 + cached 64935, out 1655 (+1622 reasoning)
  174.2s   tool bash: node /kit/rag.mjs search "lexical_label" "color_label"
  174.3s turn 20
  177.9s   model reply: in 5308 + cached 64935, out 56 (+31 reasoning)
  177.9s   tool bash: node /kit/rag.mjs entry lexical_label
  178.0s turn 21
  188.6s   model reply: in 0 + cached 0, out 0 (+0 reasoning)
  188.6s agent finished
  190.6s turn 22
  204.3s   model reply: in 0 + cached 0, out 0 (+0 reasoning)
  204.3s agent finished
  208.3s turn 23
  234.9s   model reply: in 0 + cached 0, out 0 (+0 reasoning)
  234.9s agent finished
  242.9s turn 24
  304.5s   model reply: in 48781 + cached 0, out 190 (+154 reasoning)
  304.5s   tool bash: grep -rn -i "proofwriter" /reference/ /attach/ 2>/dev/null || true
  304.6s turn 25
  329.1s   model reply: in 4311 + cached 44663, out 3947 (+3343 reasoning)
  329.1s   tool write: /output/translation.md
  329.1s turn 26
  333.9s   model reply: in 4193 + cached 48732, out 53 (+23 reasoning)
  333.9s   tool bash: node /kit/rag.mjs check --translation /output/translation.md
  334.0s turn 27
  344.9s   model reply: in 4905 + cached 48717, out 455 (+429 reasoning)
  344.9s   tool bash: node /kit/rag.mjs entry role_user user
  345.0s turn 28
  378.6s   model reply: in 5446 + cached 48702, out 4773 (+2567 reasoning)
  378.6s   tool write: /output/translation.md
  378.6s turn 29
  394.7s   model reply: in 58925 + cached 0, out 59 (+29 reasoning)
  394.7s   tool bash: node /kit/rag.mjs check --translation /output/translation.md
  394.9s turn 30
  416.5s   model reply: in 2743 + cached 56821, out 3220 (+2825 reasoning)
  416.5s   tool edit: /output/translation.md
  416.6s turn 31
  420.6s   model reply: in 5968 + cached 56797, out 53 (+23 reasoning)
  420.6s   tool bash: node /kit/rag.mjs check --translation /output/translation.md
  420.9s turn 32
  433.1s   model reply: in 2592 + cached 60839, out 523 (+244 reasoning)
  433.1s   tool edit: /output/translation.md
  433.1s turn 33
  437.8s   model reply: in 3144 + cached 60791, out 53 (+23 reasoning)
  437.8s   tool bash: node /kit/rag.mjs check --translation /output/translation.md
  438.1s turn 34
  461.9s   model reply: in 3834 + cached 60777, out 3906 (+1791 reasoning)
  461.9s   tool write: /output/translation.md
  461.9s turn 35
  466.5s   model reply: in 7729 + cached 60792, out 53 (+23 reasoning)
  466.5s   tool bash: node /kit/rag.mjs check --translation /output/translation.md
  466.7s turn 36
  473.3s   model reply: in 4366 + cached 64831, out 469 (+402 reasoning)
  473.3s agent finished
  473.3s agent finished
