    6.9s turn 1
   13.2s   model reply: in 2017 + cached 0, out 755 (+738 reasoning)
   13.2s   tool bash: ls -la /
   13.2s turn 2
   15.9s   model reply: in 3518 + cached 0, out 80 (+63 reasoning)
   15.9s   tool read: /prompt.md
   16.0s turn 3
  146.4s   model reply: in 3900 + cached 0, out 18605 (+18556 reasoning)
  146.5s   tool bash: python3 -c "
with open('/trajectory.txt', 'r') as f:
    content = f.read()
print(repr(content))
"
  146.5s turn 4
  149.7s   model reply: in 22528 + cached 0, out 86 (+32 reasoning)
  149.7s   tool bash: node -e "
const fs = require('fs');
const content = fs.readFileSync('/trajectory.txt', 'utf8');
console.log(JSON.stringify(content));
"
  149.9s turn 5
  193.6s   model reply: in 2888 + cached 20200, out 6054 (+6030 reasoning)
  193.6s   tool bash: ls -la /reference /attach /session /output
  193.7s turn 6
  238.3s   model reply: in 9253 + cached 20245, out 6275 (+5914 reasoning)
  238.3s   tool bash: node -e "
const fs = require('fs');

const reconstructed = \`<|user|>Find a one-way nonstop flight between San Francisco and San Diego on July 1, on United Airl
  238.4s turn 7
  247.2s   model reply: in 7392 + cached 28383, out 40 (+20 reasoning)
  247.2s   tool read: /output/reconstruction.md
  247.2s turn 8
  253.4s   model reply: in 3694 + cached 32421, out 178 (+156 reasoning)
  253.5s agent finished
  253.5s agent finished
