    1.9s turn 1
   16.3s   model reply: in 33930 + cached 0, out 2533 (+2498 reasoning)
   16.3s   tool bash: node /kit/rag.mjs search "summer" "holiday" "couple" "recommendation"
   16.5s turn 2
   31.8s   model reply: in 37577 + cached 0, out 2685 (+2640 reasoning)
   31.8s   tool bash: node /kit/rag.mjs entry greeting offer_help ask propose recommended activity duration location_spec subject requirement group_size country::IE country::IT
   31.9s turn 3
   36.1s   model reply: in 5713 + cached 36625, out 262 (+224 reasoning)
   36.1s   tool bash: node /kit/rag.mjs search "greet" "greeting" "offer" "ask" "propose"
   36.5s turn 4
   40.3s   model reply: in 3508 + cached 40685, out 99 (+69 reasoning)
   40.3s   tool bash: grep -E "\| speech_act \|" /reference/glossary.md
   40.4s turn 5
   43.9s   model reply: in 12231 + cached 32535, out 91 (+63 reasoning)
   43.9s   tool bash: grep -E "\| constructor \|" /reference/glossary.md
   44.0s turn 6
   47.8s   model reply: in 5992 + cached 40661, out 65 (+27 reasoning)
   47.8s   tool bash: node /kit/rag.mjs search "question" "preference" "recommend" "option" "itinerary"
   48.1s turn 7
   52.1s   model reply: in 7531 + cached 40652, out 58 (+18 reasoning)
   52.1s   tool bash: node /kit/rag.mjs entry property_question user_preference request recommended art_itinerary role_user role_agent
   52.3s turn 8
   58.9s   model reply: in 4020 + cached 44701, out 661 (+639 reasoning)
   58.9s   tool bash: grep -rn "greeting" /reference/
   58.9s turn 9
   63.2s   model reply: in 5095 + cached 44689, out 321 (+297 reasoning)
   63.2s   tool bash: grep -rn "offer_help" /reference/
   63.5s turn 10
   69.9s   model reply: in 5595 + cached 44673, out 555 (+532 reasoning)
   69.9s   tool bash: grep -rn "UTTER" /reference/
   70.0s turn 11
   75.6s   model reply: in 4444 + cached 48737, out 453 (+426 reasoning)
   75.6s   tool bash: find / -name "*.braincode" 2>/dev/null
   75.7s turn 12
   82.2s   model reply: in 4923 + cached 48721, out 636 (+598 reasoning)
   82.2s   tool bash: node /kit/rag.mjs search "summer" "season" "holiday" "vacation" "travel"
   82.3s turn 13
  102.0s   model reply: in 2941 + cached 52778, out 3452 (+3428 reasoning)
  102.0s   tool bash: node /kit/rag.mjs check --help
  102.1s turn 14
  106.4s   model reply: in 6401 + cached 52786, out 206 (+153 reasoning)
  106.4s   tool bash: node /kit/rag.mjs entry greeting offer_help property_question group_size subject activity location_spec requirement duration recommended user_preference request
  106.5s turn 15
  135.9s   model reply: in 8640 + cached 52783, out 4765 (+3242 reasoning)
  135.9s   tool write: /output/translation.md
  135.9s turn 16
  139.4s   model reply: in 5273 + cached 60919, out 53 (+23 reasoning)
  139.4s   tool bash: node /kit/rag.mjs check --translation /output/translation.md
  139.5s turn 17
  155.1s   model reply: in 5875 + cached 60903, out 2301 (+745 reasoning)
  155.1s   tool write: /output/translation.md
  155.1s turn 18
  156.4s   model reply: in 0 + cached 0, out 0 (+0 reasoning)
  156.5s agent finished
  158.5s turn 19
  172.4s   model reply: in 0 + cached 0, out 0 (+0 reasoning)
  172.4s agent finished
  176.4s turn 20
  203.3s   model reply: in 0 + cached 0, out 0 (+0 reasoning)
  203.3s agent finished
  211.3s turn 21
  276.3s   model reply: in 69083 + cached 0, out 40 (+10 reasoning)
  276.3s   tool bash: node /kit/rag.mjs check --translation /output/translation.md
  276.5s turn 22
  313.3s   model reply: in 4795 + cached 64943, out 6114 (+4553 reasoning)
  313.3s   tool write: /output/translation.md
  313.3s turn 23
  331.8s   model reply: in 57290 + cached 0, out 53 (+23 reasoning)
  331.8s   tool bash: node /kit/rag.mjs check --translation /output/translation.md
  332.0s turn 24
  338.5s   model reply: in 5133 + cached 52825, out 156 (+61 reasoning)
  338.6s agent finished
  338.6s agent finished
