    5.7s turn 1
   18.5s   model reply: in 22899 + cached 8131, out 1886 (+1844 reasoning)
   18.5s   tool bash: node /kit/rag.mjs entry ask propose respond offer inform correct activity duration measure group_size requirement at_most recommended supports rejects contrast
   18.7s turn 2
   23.0s   model reply: in 6561 + cached 28465, out 194 (+142 reasoning)
   23.0s   tool bash: node /kit/rag.mjs search "travel companions parents" "early july" "budget per person" "itemized cost breakdown" "hotel accommodation recommendation" "next step 
   23.2s turn 3
   26.9s   model reply: in 4422 + cached 32525, out 91 (+49 reasoning)
   26.9s   tool bash: node /kit/rag.mjs entry time_point rate provides ongoing enables art_itinerary unit_day unit_week rank_price
   27.1s turn 4
   31.8s   model reply: in 5409 + cached 32512, out 172 (+127 reasoning)
   31.8s   tool bash: node /kit/rag.mjs search "trip plan travel" "adventure" "hotel lodging accommodation" "reason because why" "compare preference better"
   34.3s turn 5
   41.9s   model reply: in 2932 + cached 36567, out 78 (+40 reasoning)
   41.9s   tool bash: node /kit/rag.mjs entry reason_for user_preference motivated_by causes works_best contrast rejects supports
   42.9s turn 6
   47.4s   model reply: in 3601 + cached 36552, out 105 (+62 reasoning)
   47.4s   tool bash: node /kit/rag.mjs search "cost estimate price" "hotel accommodation stay" "itinerary plan trip" "question inquiry ask"
   49.4s turn 7
   53.6s   model reply: in 4875 + cached 36542, out 66 (+32 reasoning)
   53.6s   tool bash: node /kit/rag.mjs entry property_question express_interest subject recommended provides attribute_claim
   55.5s turn 8
   73.9s   model reply: in 2200 + cached 40593, out 2307 (+2252 reasoning)
   73.9s   tool bash: node /kit/rag.mjs search "destination Rome Italy" "travel companions parents family" "adventure style" "budget 5000 dollars per person" "duration 2 weeks maximu
   75.3s turn 9
   82.6s   model reply: in 6056 + cached 40604, out 56 (+17 reasoning)
   82.6s   tool bash: node /kit/rag.mjs entry has_style aesthetic rate measure group_size time_point duration at_most requirement
   84.1s turn 10
   90.5s   model reply: in 3305 + cached 44655, out 613 (+561 reasoning)
   90.5s   tool bash: node /kit/rag.mjs search "truffle balloon kayak bike tour" "cost breakdown total itemized" "recommend hotel lodging" "hot air balloon ATV hiking cooking class"
   91.7s turn 11
  106.8s   model reply: in 5126 + cached 44650, out 2726 (+2692 reasoning)
  106.8s   tool bash: node /kit/rag.mjs search "role parent" "role father" "role family"
  107.4s turn 12
  111.6s   model reply: in 4775 + cached 48720, out 71 (+38 reasoning)
  111.6s   tool bash: node /kit/rag.mjs entry role role_adults role_user role_agent
  111.9s turn 13
  116.8s   model reply: in 5166 + cached 48703, out 339 (+300 reasoning)
  116.8s   tool bash: node /kit/rag.mjs search "style adventure" "topic travel" "lodging hotel" "estimate cost"
  117.3s turn 14
  121.7s   model reply: in 2582 + cached 52754, out 233 (+188 reasoning)
  121.7s   tool bash: node /kit/rag.mjs entry time_horizon decision maximum_between_stops constraint_budget_limited constraint_comprehensive constraint_single_choice
  122.3s turn 15
  123.8s   model reply: in 0 + cached 0, out 0 (+0 reasoning)
  123.8s agent finished
  125.8s turn 16
  139.5s   model reply: in 0 + cached 0, out 0 (+0 reasoning)
  139.5s agent finished
  143.5s turn 17
  155.2s   model reply: in 0 + cached 0, out 0 (+0 reasoning)
  155.2s agent finished
  163.2s turn 18
  185.8s   model reply: in 0 + cached 0, out 0 (+0 reasoning)
  185.8s agent finished
  201.9s turn 19
  259.7s   model reply: in 3716 + cached 52743, out 118 (+93 reasoning)
  259.7s   tool bash: grep "| constructor |" /reference/glossary.md
  259.8s turn 20
  268.4s   model reply: in 5633 + cached 52740, out 82 (+55 reasoning)
  268.4s   tool bash: grep "| claim_relation |" /reference/glossary.md
  268.5s turn 21
  275.3s   model reply: in 3594 + cached 56794, out 45 (+20 reasoning)
  275.4s   tool bash: grep "| link |" /reference/glossary.md
  275.5s turn 22
  287.5s   model reply: in 3876 + cached 56776, out 57 (+23 reasoning)
  287.5s   tool bash: grep "| claim_relation |" /reference/glossary.md | tail -n 25
  287.5s turn 23
  356.2s   model reply: in 5403 + cached 56770, out 11739 (+9655 reasoning)
  356.2s   tool write: /output/translation.md
  356.2s turn 24
  373.4s   model reply: in 52019 + cached 0, out 60 (+30 reasoning)
  373.4s   tool bash: node /kit/rag.mjs check --translation /output/translation.md
  373.5s turn 25
  383.3s   model reply: in 3847 + cached 48770, out 1296 (+1268 reasoning)
  383.3s   tool bash: node /kit/rag.mjs entry role_agent role_user
  383.5s turn 26
  388.2s   model reply: in 5246 + cached 48760, out 307 (+284 reasoning)
  388.2s   tool bash: node /kit/rag.mjs entry comfortable
  388.8s turn 27
  409.2s   model reply: in 5634 + cached 48743, out 131 (+99 reasoning)
  409.2s   tool bash: node /kit/rag.mjs search "person" "adults" "comfortable"
  409.5s turn 28
  415.0s   model reply: in 2604 + cached 52792, out 440 (+417 reasoning)
  415.0s   tool bash: node /kit/rag.mjs entry activity
  415.2s turn 29
  427.6s   model reply: in 3676 + cached 52780, out 2211 (+2183 reasoning)
  427.6s   tool bash: node /kit/rag.mjs entry country::IT currency::USD
  428.0s turn 30
  440.8s   model reply: in 6209 + cached 52780, out 2126 (+40 reasoning)
  440.8s   tool write: /output/translation.md
  440.8s turn 31
  444.0s   model reply: in 4285 + cached 56834, out 39 (+9 reasoning)
  444.0s   tool bash: node /kit/rag.mjs check --translation /output/translation.md
  444.1s turn 32
  448.9s   model reply: in 4877 + cached 56819, out 269 (+194 reasoning)
  448.9s agent finished
  448.9s agent finished
