    2.2s turn 1
    5.6s   model reply: in 29249 + cached 0, out 138 (+88 reasoning)
    5.6s   tool bash: node /kit/rag.mjs search "Inception" "Half-Life 2" "Dreamcrafter" "dream" "movie" "medieval" "plot"
    5.8s turn 2
   11.3s   model reply: in 2889 + cached 28441, out 730 (+684 reasoning)
   11.3s   tool bash: node /kit/rag.mjs search "adaptation" "adapt" "title" "setting" "fictional" "narrative" "plot"
   11.5s turn 3
   14.7s   model reply: in 5584 + cached 28441, out 108 (+69 reasoning)
   14.7s   tool bash: node /kit/rag.mjs entry character activity aesthetic sequence conjunction character_trait substitute historical_event instantiates document_section
   14.9s turn 4
   18.5s   model reply: in 2939 + cached 32494, out 130 (+104 reasoning)
   18.5s   tool bash: rg "^\| \w+" /reference/glossary.md
   18.5s turn 5
   21.2s   model reply: in 3110 + cached 32475, out 60 (+12 reasoning)
   21.2s   tool bash: grep -E "^\| [a-z0-9_]+ \| (constructor|composite|claim_relation|speech_act)" /reference/glossary.md
   21.3s turn 6
   33.2s   model reply: in 5020 + cached 32471, out 2208 (+2153 reasoning)
   33.2s   tool bash: node /kit/rag.mjs entry has_goal opposes enables art_story style_narrative ask propose inform respond dog time_horizon temporal_context obligation character cha
   33.3s turn 7
   36.2s   model reply: in 5083 + cached 36544, out 85 (+59 reasoning)
   36.2s   tool bash: node /kit/rag.mjs entry substitute sequence conjunction aesthetic
   36.3s turn 8
   39.2s   model reply: in 5444 + cached 36528, out 101 (+78 reasoning)
   39.2s   tool bash: node /kit/rag.mjs entry provides
   39.4s turn 9
   55.4s   model reply: in 5881 + cached 36512, out 3323 (+3293 reasoning)
   55.4s   tool bash: grep -C 3 "art_story" /reference/glossary.md
   55.4s turn 10
   62.1s   model reply: in 5532 + cached 40581, out 875 (+848 reasoning)
   62.1s   tool bash: node /kit/rag.mjs entry aesthetic style_narrative
   62.2s turn 11
   65.8s   model reply: in 2474 + cached 44627, out 112 (+76 reasoning)
   65.8s   tool bash: grep -E "style_narrative|art_story|character\(" /reference/glossary.md
   65.9s turn 12
   69.0s   model reply: in 2863 + cached 44610, out 88 (+50 reasoning)
   69.0s   tool bash: grep "\| constructor \|" /reference/glossary.md | cut -d'|' -f2,4
   69.0s turn 13
   76.5s   model reply: in 4824 + cached 44608, out 924 (+902 reasoning)
   76.5s   tool bash: node /kit/rag.mjs check
   76.6s turn 14
   80.2s   model reply: in 5775 + cached 44597, out 157 (+117 reasoning)
   80.2s   tool bash: node -e 'const rag = require("/kit/rag.mjs"); console.log(Object.keys(rag));'
   80.3s turn 15
   94.9s   model reply: in 2305 + cached 48636, out 2553 (+2305 reasoning)
   94.9s   tool bash: cat << 'EOF' > /output/translation.md
Status: success
Mode: TRACE

## BrainCode

```braincode
MODE TRACE
ENTRYPOINT Conversation
CONVO Conversation {
  TURN t1 
   95.0s turn 16
   96.2s   model reply: in 0 + cached 0, out 0 (+0 reasoning)
   96.2s agent finished
   98.2s turn 17
  219.5s   model reply: in 54030 + cached 0, out 4082 (+2834 reasoning)
  219.5s   tool bash: cat << 'EOF' > /output/translation.md
Status: success
Mode: TRACE

## BrainCode

```braincode
MODE TRACE
ENTRYPOINT Conversation
CONVO Conversation {
  TURN t1 
  219.6s turn 18
  226.0s   model reply: in 5980 + cached 52723, out 621 (+555 reasoning)
  226.0s   tool bash: node /kit/rag.mjs widen "adapt into the video game Half-Life 2 setting and lore" --kind constraint
node /kit/rag.mjs widen "Gordon Freeman tormented by the myst
  226.3s turn 19
  229.8s   model reply: in 5807 + cached 56794, out 90 (+32 reasoning)
  229.8s   tool bash: node /kit/rag.mjs widen "Gordon Freeman tormented by the mysterious death of Alyx Vance" --kind object | grep -E "character|character_trait|art_story|tone_empat
  230.2s turn 20
  240.0s   model reply: in 6012 + cached 56776, out 1211 (+1167 reasoning)
  240.0s   tool bash: node -e '
import("/kit/rag.mjs").then(m => {
  console.log(m);
});
'
  240.0s turn 21
  243.7s   model reply: in 3215 + cached 60822, out 77 (+45 reasoning)
  243.7s   tool bash: grep -A 30 "async function checkCommand" /kit/rag.mjs
  243.8s turn 22
  246.8s   model reply: in 3322 + cached 60802, out 42 (+16 reasoning)
  246.8s   tool bash: grep -n "function " /kit/rag.mjs
  246.9s turn 23
  250.1s   model reply: in 3437 + cached 60783, out 54 (+22 reasoning)
  250.1s   tool bash: sed -n '70,160p' /kit/rag.mjs
  250.1s turn 24
  262.8s   model reply: in 4074 + cached 60768, out 2102 (+804 reasoning)
  262.8s   tool bash: cat << 'EOF' > /output/translation.md
Status: success
Mode: TRACE

## BrainCode

```braincode
MODE TRACE
ENTRYPOINT Conversation
CONVO Conversation {
  TURN t1 
  263.0s turn 25
  270.7s   model reply: in 2765 + cached 64828, out 780 (+754 reasoning)
  270.7s   tool bash: node /kit/rag.mjs entry agent role_agent
  270.8s turn 26
  274.6s   model reply: in 3629 + cached 64816, out 132 (+103 reasoning)
  274.6s   tool bash: node /kit/rag.mjs search "claim holder" "agent"
  274.7s turn 27
  291.7s   model reply: in 4327 + cached 64802, out 3106 (+1793 reasoning)
  291.7s   tool bash: cat << 'EOF' > /output/translation.md
Status: success
Mode: TRACE

## BrainCode

```braincode
MODE TRACE
ENTRYPOINT Conversation
CONVO Conversation {
  TURN t1 
  291.8s turn 28
  302.8s   model reply: in 51935 + cached 0, out 222 (+84 reasoning)
  302.9s agent finished
  302.9s agent finished
