    1.5s turn 1
    5.2s   model reply: in 13746 + cached 0, out 177 (+160 reasoning)
    5.2s   tool read: /trajectory.txt
    5.2s turn 2
    8.0s   model reply: in 2696 + cached 12080, out 50 (+19 reasoning)
    8.0s   tool bash: node /kit/rag.mjs --help 2>/dev/null || true
    8.0s turn 3
   11.1s   model reply: in 2766 + cached 12063, out 36 (+18 reasoning)
   11.1s   tool bash: ls -la /kit
   11.1s turn 4
   14.2s   model reply: in 2983 + cached 12049, out 35 (+11 reasoning)
   14.2s   tool bash: node /kit/rag.mjs help || true
   14.2s turn 5
   17.2s   model reply: in 3067 + cached 12032, out 33 (+14 reasoning)
   17.2s   tool read: /kit/README.md
   17.2s turn 6
   20.5s   model reply: in 4259 + cached 12035, out 45 (+28 reasoning)
   20.5s   tool bash: ls -la /
   20.5s turn 7
   23.4s   model reply: in 5090 + cached 12032, out 33 (+16 reasoning)
   23.4s   tool read: /prompt.md
   23.4s turn 8
   30.6s   model reply: in 5595 + cached 12024, out 1063 (+1033 reasoning)
   30.6s   tool bash: node /kit/rag.mjs entry well_wishes sequence requirement recommended activity
   30.7s turn 9
   48.1s   model reply: in 3732 + cached 16052, out 2900 (+2882 reasoning)
   48.1s   tool bash: ls -la /reference
   48.2s turn 10
   52.7s   model reply: in 6807 + cached 16081, out 49 (+29 reasoning)
   52.7s   tool read: /reference/examples.jsonl
   52.7s turn 11
   55.9s   model reply: in 4004 + cached 20103, out 117 (+88 reasoning)
   55.9s   tool bash: grep -n "well_wishes" /reference/glossary.md
   56.0s turn 12
   59.9s   model reply: in 4216 + cached 20088, out 191 (+56 reasoning)
   59.9s   tool bash: python3 -c "
import json

with open('/reference/glossary.jsonl') as f:
    for line in f:
        data = json.loads(line)
        sym = data.get('symbol')
     
   59.9s turn 13
   63.8s   model reply: in 4445 + cached 20073, out 221 (+22 reasoning)
   63.8s   tool bash: node -e "
const fs = require('fs');
const readline = require('readline');

const rl = readline.createInterface({
  input: fs.createReadStream('/reference/glossa
   63.9s turn 14
   67.8s   model reply: in 2528 + cached 24107, out 212 (+40 reasoning)
   67.8s   tool bash: node -e "
const fs = require('fs');
const readline = require('readline');

const rl = readline.createInterface({
  input: fs.createReadStream('/reference/glossa
   67.9s turn 15
   87.3s   model reply: in 4551 + cached 24121, out 3066 (+3048 reasoning)
   87.3s   tool bash: ls -la /workspace
   87.3s turn 16
   90.2s   model reply: in 3619 + cached 28173, out 34 (+16 reasoning)
   90.2s   tool bash: ls -la /session
   90.2s turn 17
  123.1s   model reply: in 3845 + cached 28158, out 5575 (+5540 reasoning)
  123.1s   tool bash: grep -rn "<|user|>" /reference /attach /kit 2>/dev/null || true
  123.2s turn 18
  127.8s   model reply: in 9557 + cached 28219, out 232 (+192 reasoning)
  127.8s   tool bash: ls -la /rag_context.md /needs.json /item_raw.txt 2>/dev/null || true
  127.8s turn 19
  181.7s   model reply: in 5776 + cached 32235, out 9157 (+8984 reasoning)
  181.7s   tool write: /output/reconstruction.md
  181.7s turn 20
  186.5s   model reply: in 10814 + cached 36359, out 55 (+35 reasoning)
  186.5s   tool read: /output/reconstruction.md
  186.5s turn 21
  191.0s   model reply: in 2953 + cached 44422, out 192 (+171 reasoning)
  191.0s agent finished
  191.0s agent finished
