    1.9s turn 1
    7.4s   model reply: in 20220 + cached 8125, out 694 (+641 reasoning)
    7.4s   tool bash: node /kit/rag.mjs search "boundary" "mother" "toxic" "narcissistic" "therapist" "boyfriend" "ultimatum" "relationship"
    7.7s turn 2
   13.7s   model reply: in 6870 + cached 24377, out 639 (+588 reasoning)
   13.7s   tool bash: node /kit/rag.mjs search "family" "partner" "self_esteem" "therapy" "counseling" "psychologist" "doctor" "professional"
   13.8s turn 3
   17.1s   model reply: in 34059 + cached 0, out 105 (+41 reasoning)
   17.1s   tool bash: node /kit/rag.mjs entry self_protection interpersonal_stance activity obligation recommended attitude comfortable enables leads_to motivated_by focus_of argues_
   17.3s turn 4
   20.1s   model reply: in 3753 + cached 32500, out 111 (+51 reasoning)
   20.1s   tool bash: node /kit/rag.mjs widen "toxic mother-in-law" "narcissistic mother" "set boundaries" "limit contact" "develop self-esteem" "boyfriend" "force partner to choose"
   20.3s turn 5
   30.4s   model reply: in 10433 + cached 28437, out 1506 (+1416 reasoning)
   30.4s   tool bash: node /kit/rag.mjs entry ask propose respond inform acknowledge decline activity self_protection interpersonal_stance negation obligation dialogue property_quest
   30.6s turn 6
   34.9s   model reply: in 5815 + cached 36568, out 210 (+168 reasoning)
   34.9s   tool bash: node /kit/rag.mjs search "mother-in-law" "mother in law" "boyfriend" "therapist"
   35.0s turn 7
   38.5s   model reply: in 3154 + cached 40622, out 170 (+144 reasoning)
   38.5s   tool bash: grep "recipient-value" /reference/glossary.md
   38.6s turn 8
   48.0s   model reply: in 44619 + cached 0, out 1523 (+1499 reasoning)
   48.0s   tool bash: node /kit/rag.mjs check --help
   48.0s turn 9
   56.0s   model reply: in 5557 + cached 40601, out 1061 (+1013 reasoning)
   56.0s   tool bash: node /kit/rag.mjs search "advice" "conflict" "boundary" "criticism" "calm" "support" "emotion" "decision"
   56.2s turn 10
   60.2s   model reply: in 4814 + cached 44667, out 277 (+242 reasoning)
   60.2s   tool bash: node /kit/rag.mjs entry meets_needs provides reason_for escalation decision well_wishes
   60.4s turn 11
   67.0s   model reply: in 6032 + cached 44657, out 585 (+548 reasoning)
   67.0s   tool bash: node /kit/rag.mjs search "boundary" "boundaries" "narcissistic" "toxic"
   67.2s turn 12
   79.8s   model reply: in 3661 + cached 48711, out 2582 (+1219 reasoning)
   79.8s   tool write: /output/translation.md
   79.8s turn 13
   83.4s   model reply: in 6250 + cached 48708, out 53 (+23 reasoning)
   83.4s   tool bash: node /kit/rag.mjs check --translation /output/translation.md
   83.5s turn 14
   88.4s   model reply: in 3134 + cached 52755, out 419 (+389 reasoning)
   88.4s   tool bash: node /kit/rag.mjs entry trained_for provides role meets_needs
   88.5s turn 15
  110.7s   model reply: in 4395 + cached 52745, out 4542 (+3160 reasoning)
  110.7s   tool write: /output/translation.md
  110.7s turn 16
  114.0s   model reply: in 4868 + cached 56818, out 53 (+23 reasoning)
  114.0s   tool bash: node /kit/rag.mjs check --translation /output/translation.md
  114.1s turn 17
  119.2s   model reply: in 5790 + cached 56806, out 374 (+325 reasoning)
  119.2s agent finished
  119.2s agent finished
