    2.9s turn 1
    9.6s   model reply: in 27344 + cached 0, out 572 (+534 reasoning)
    9.6s   tool bash: node /kit/rag.mjs search "walk" "face" "remove" "rinse" "place"
    9.8s turn 2
   13.4s   model reply: in 5079 + cached 24365, out 44 (+14 reasoning)
   13.4s   tool bash: node /kit/rag.mjs entry walk face remove rinse place pick_up
   13.5s turn 3
   20.0s   model reply: in 2089 + cached 28414, out 640 (+603 reasoning)
   20.0s   tool bash: grep -rn "alfred" /reference/ /doc_formats/ /attach/ 2>/dev/null
   20.1s turn 4
   23.4s   model reply: in 2879 + cached 28401, out 62 (+30 reasoning)
   23.4s   tool read: /doc_formats/successful_translation.md
   23.4s turn 5
   27.5s   model reply: in 3476 + cached 28383, out 138 (+116 reasoning)
   27.5s   tool bash: node /kit/rag.mjs check
   27.5s turn 6
   31.1s   model reply: in 3648 + cached 28365, out 114 (+61 reasoning)
   31.1s   tool bash: grep -A 30 "function check" /kit/rag.mjs 2>/dev/null || grep -A 30 "check" /kit/rag.mjs
   31.1s turn 7
   39.1s   model reply: in 4305 + cached 28352, out 887 (+856 reasoning)
   39.1s   tool bash: node /kit/rag.mjs entry remove pick_up rinse place walk face in
   39.2s turn 8
   44.0s   model reply: in 2198 + cached 32402, out 60 (+20 reasoning)
   44.0s   tool bash: node /kit/rag.mjs search "walk to face" "wash and remove" "remove from" "put inside"
   44.3s turn 9
   62.9s   model reply: in 3580 + cached 32396, out 2987 (+2786 reasoning)
   62.9s   tool write: /output/translation.md
   62.9s turn 10
   66.5s   model reply: in 6564 + cached 32403, out 37 (+15 reasoning)
   66.5s   tool bash: node /kit/rag.mjs check
   66.6s turn 11
   78.8s   model reply: in 3054 + cached 36439, out 1827 (+997 reasoning)
   78.8s   tool write: /output/translation.md
   78.8s turn 12
   82.8s   model reply: in 4889 + cached 36435, out 37 (+15 reasoning)
   82.8s   tool bash: node /kit/rag.mjs check
   83.0s turn 13
   90.3s   model reply: in 5472 + cached 36422, out 833 (+95 reasoning)
   90.3s   tool write: /output/translation.md
   90.3s turn 14
   94.2s   model reply: in 2277 + cached 40454, out 37 (+15 reasoning)
   94.2s   tool bash: node /kit/rag.mjs check
   94.3s turn 15
  105.8s   model reply: in 19021 + cached 24264, out 1698 (+958 reasoning)
  105.8s   tool write: /output/translation.md
  105.8s turn 16
  108.8s   model reply: in 4551 + cached 40436, out 37 (+15 reasoning)
  108.8s   tool bash: node /kit/rag.mjs check
  108.9s turn 17
  121.6s   model reply: in 5118 + cached 40423, out 1961 (+1221 reasoning)
  121.6s   tool write: /output/translation.md
  121.6s turn 18
  124.7s   model reply: in 3040 + cached 44466, out 41 (+19 reasoning)
  124.7s   tool bash: node /kit/rag.mjs check
  124.8s turn 19
  128.0s   model reply: in 3612 + cached 44452, out 48 (+10 reasoning)
  128.1s agent finished
  128.1s agent finished
