    4.1s turn 1
   14.0s   model reply: in 26079 + cached 0, out 1326 (+1285 reasoning)
   14.0s   tool bash: node /kit/rag.mjs entry click open_page web_element select_option select_filter type_text press_key
   14.2s turn 2
   18.0s   model reply: in 3633 + cached 24354, out 78 (+40 reasoning)
   18.0s   tool bash: node /kit/rag.mjs search "scam" "fraud" "report" "request" "radio"
   18.2s turn 3
   22.2s   model reply: in 5160 + cached 24348, out 74 (+43 reasoning)
   22.2s   tool bash: node /kit/rag.mjs entry activity role_user role_agent request statement
   22.4s turn 4
   25.5s   model reply: in 2040 + cached 28393, out 75 (+35 reasoning)
   25.5s   tool bash: node /kit/rag.mjs search "request" "navigate" "ask" "propose" --kind speech_act
   25.7s turn 5
   28.8s   model reply: in 3330 + cached 28385, out 62 (+32 reasoning)
   28.8s   tool bash: grep -E '\| speech_act \|' /reference/glossary.md
   28.8s turn 6
   39.7s   model reply: in 3880 + cached 28371, out 1671 (+1630 reasoning)
   39.7s   tool bash: node /kit/rag.mjs search "web_element" "link" "button" "radio" "select_option"
   39.9s turn 7
   43.8s   model reply: in 6994 + cached 28379, out 93 (+65 reasoning)
   43.8s   tool bash: grep -i "web_element" /reference/glossary.md
   43.9s turn 8
   48.5s   model reply: in 3113 + cached 32415, out 282 (+241 reasoning)
   48.5s   tool bash: node /kit/rag.mjs widen "request navigation to report a scam or fraud on the US page" --kind speech_act
   48.7s turn 9
   52.4s   model reply: in 5576 + cached 32419, out 146 (+114 reasoning)
   52.4s   tool bash: grep -C 5 -i "\| request \|" /reference/glossary.md
   52.5s turn 10
   55.4s   model reply: in 3692 + cached 36473, out 58 (+30 reasoning)
   55.4s   tool bash: grep -E '^\| request \|' /reference/glossary.md
   55.5s turn 11
   59.6s   model reply: in 3817 + cached 36454, out 317 (+278 reasoning)
   59.6s   tool bash: node /kit/rag.mjs search "report" "scam" "fraud" "complaint" "warn"
   59.7s turn 12
   66.9s   model reply: in 5565 + cached 36452, out 814 (+782 reasoning)
   66.9s   tool bash: grep -C 5 -i "web_element" /reference/glossary.md
   66.9s turn 13
   76.5s   model reply: in 2892 + cached 40497, out 1369 (+1339 reasoning)
   76.5s   tool bash: grep -C 5 -i "activity(" /reference/glossary.md
   76.5s turn 14
   82.0s   model reply: in 5785 + cached 40506, out 492 (+456 reasoning)
   82.0s   tool bash: node /kit/rag.mjs entry object_label::scam object_label::fraud country::US
   82.1s turn 15
   86.5s   model reply: in 2653 + cached 44546, out 360 (+336 reasoning)
   86.5s   tool bash: node /kit/rag.mjs check --help
   86.5s turn 16
   93.9s   model reply: in 3046 + cached 44529, out 1011 (+971 reasoning)
   93.9s   tool bash: grep -E '\| (conjunction|disjunction|alternative|sequence|option) \|' /reference/glossary.md
   93.9s turn 17
   96.8s   model reply: in 4135 + cached 44521, out 58 (+30 reasoning)
   96.8s   tool bash: grep -E '\| constructor \|' /reference/glossary.md
   96.9s turn 18
  100.1s   model reply: in 5989 + cached 44521, out 78 (+37 reasoning)
  100.1s   tool bash: node /kit/rag.mjs search "web_element" "open_page" "navigate" "url" "website"
  100.3s turn 19
  106.3s   model reply: in 0 + cached 0, out 0 (+0 reasoning)
  106.3s agent finished
  108.3s turn 20
  121.9s   model reply: in 0 + cached 0, out 0 (+0 reasoning)
  121.9s agent finished
  125.9s turn 21
  152.6s   model reply: in 0 + cached 0, out 0 (+0 reasoning)
  152.6s agent finished
  160.6s turn 22
  213.5s   model reply: in 0 + cached 0, out 0 (+0 reasoning)
  213.5s agent finished
  229.5s turn 23
  352.8s   model reply: in 52119 + cached 0, out 1350 (+1323 reasoning)
  352.8s   tool bash: grep -i "disjunction" /reference/glossary.md
  352.8s turn 24
  366.1s   model reply: in 4918 + cached 48561, out 53 (+14 reasoning)
  366.1s   tool bash: node /kit/rag.mjs search "disjunction" "conjunction" "choice" "alternative" "or"
  366.2s turn 25
  395.8s   model reply: in 2299 + cached 52604, out 1911 (+1226 reasoning)
  395.8s   tool write: /output/translation.md
  395.8s turn 26
  418.0s   model reply: in 4217 + cached 52601, out 53 (+23 reasoning)
  418.0s   tool bash: node /kit/rag.mjs check --translation /output/translation.md
  418.1s turn 27
  424.4s   model reply: in 4564 + cached 52585, out 80 (+50 reasoning)
  424.4s   tool bash: grep -n -C 5 "DECL" /kit/rag.mjs
  424.4s turn 28
  432.8s   model reply: in 4673 + cached 52566, out 147 (+98 reasoning)
  432.8s   tool bash: node -e "console.log(require('fs').readFileSync('/kit/rag.mjs', 'utf8').slice(0, 3000))"
  432.8s turn 29
  439.4s   model reply: in 5755 + cached 52559, out 73 (+21 reasoning)
  439.4s   tool bash: node -e "console.log(require('fs').readFileSync('/kit/rag.mjs', 'utf8').slice(3000, 6000))"
  439.5s turn 30
  447.0s   model reply: in 2403 + cached 56590, out 371 (+339 reasoning)
  447.0s   tool bash: node /kit/rag.mjs check --translation /output/translation.md --json
  447.1s turn 31
  470.0s   model reply: in 3430 + cached 56269, out 3821 (+3791 reasoning)
  470.0s   tool bash: node /kit/rag.mjs check --translation /output/translation.md
  470.2s turn 32
  481.1s   model reply: in 7480 + cached 56318, out 430 (+411 reasoning)
  481.1s   tool read: /output/translation.md
  481.1s turn 33
  487.3s   model reply: in 4549 + cached 60339, out 565 (+419 reasoning)
  487.3s agent finished
  487.3s agent finished
