    9.2s turn 1
   41.9s   model reply: in 2298 + cached 0, out 4649 (+4600 reasoning)
   41.9s   tool bash: python3 -c "
with open('/trajectory.txt', 'rb') as f:
    content = f.read()
print(repr(content))
"
   42.0s turn 2
   47.8s   model reply: in 6970 + cached 0, out 70 (+22 reasoning)
   47.8s   tool bash: node -e "
const fs = require('fs');
console.log(JSON.stringify(fs.readFileSync('/trajectory.txt', 'utf8')));
"
   48.0s turn 3
  119.6s   model reply: in 3918 + cached 3957, out 10371 (+10217 reasoning)
  119.6s   tool bash: node -e "
const fs = require('fs');
const text = fs.readFileSync('/trajectory.txt', 'utf8');
for (const line of text.split('\n')) {
  if (line.includes('—') || 
  119.9s turn 4
  153.9s   model reply: in 19814 + cached 4045, out 5349 (+5331 reasoning)
  153.9s   tool bash: mkdir -p /output
  153.9s turn 5
  167.7s   model reply: in 0 + cached 0, out 0 (+0 reasoning)
  167.8s agent finished
  169.7s turn 6
  183.3s   model reply: in 0 + cached 0, out 0 (+0 reasoning)
  183.3s agent finished
  187.3s turn 7
  199.2s   model reply: in 0 + cached 0, out 0 (+0 reasoning)
  199.3s agent finished
  207.2s turn 8
  229.6s   model reply: in 0 + cached 0, out 0 (+0 reasoning)
  229.6s agent finished
  245.6s turn 9
  298.7s   model reply: in 29211 + cached 0, out 37 (+19 reasoning)
  298.7s   tool bash: ls -la /attach
  298.9s turn 10
  311.1s   model reply: in 5041 + cached 24292, out 1917 (+1456 reasoning)
  311.1s   tool write: /output/reconstruction.md
  311.1s turn 11
  329.0s   model reply: in 2917 + cached 28338, out 45 (+25 reasoning)
  329.0s   tool read: /output/reconstruction.md
  329.0s turn 12
  332.5s   model reply: in 3412 + cached 28323, out 40 (+21 reasoning)
  332.5s agent finished
  332.5s agent finished
