    2.5s turn 1
   19.7s   model reply: in 31458 + cached 0, out 729 (+706 reasoning)
   19.7s   tool bash: node /kit/rag.mjs --help
   19.8s turn 2
   53.5s   model reply: in 3778 + cached 28447, out 3712 (+3690 reasoning)
   53.5s   tool bash: node /kit/rag.mjs needs
   75.9s turn 3
   92.5s   model reply: in 9954 + cached 28467, out 2218 (+2178 reasoning)
   92.5s   tool bash: node /kit/rag.mjs entry turn walk pick_up place look walk_backward drop stand_up turn_on wait
   92.6s turn 4
  102.5s   model reply: in 5253 + cached 36603, out 947 (+915 reasoning)
  102.5s   tool bash: grep -n -C 10 "function check" /kit/rag.mjs
  102.6s turn 5
  105.5s   model reply: in 2157 + cached 40656, out 59 (+33 reasoning)
  105.5s   tool bash: head -n 50 /kit/rag.mjs
  105.5s turn 6
  109.3s   model reply: in 43616 + cached 0, out 32 (+10 reasoning)
  109.3s   tool bash: node /kit/rag.mjs health
  109.4s turn 7
  127.0s   model reply: in 3125 + cached 40612, out 1992 (+1808 reasoning)
  127.0s   tool bash: mkdir -p /output
cat << 'EOF' > /output/translation.md
Status: success
Mode: REQUEST

## BrainCode

```braincode
MODE REQUEST
ENTRYPOINT Book
TASK Book {
  ACTI
  127.2s turn 8
  148.6s   model reply: in 5862 + cached 40613, out 4048 (+4005 reasoning)
  148.6s   tool bash: node /kit/rag.mjs search "turn around" "turn right" "walk across" "in front of" "across from"
  148.8s turn 9
  152.2s   model reply: in 7318 + cached 44696, out 83 (+44 reasoning)
  152.2s   tool bash: grep -E "^\| [a-z_]+ \| value \| spatial-relation \|" /reference/glossary.md
  152.2s turn 10
  157.8s   model reply: in 3647 + cached 48742, out 449 (+413 reasoning)
  157.8s   tool bash: node /kit/rag.mjs search "pick_up" "place" "walk" "turn"
  158.0s turn 11
  161.5s   model reply: in 5344 + cached 48735, out 60 (+32 reasoning)
  161.5s   tool bash: node /kit/rag.mjs entry location_spec spatial_state
  161.6s turn 12
  165.9s   model reply: in 5596 + cached 48717, out 181 (+120 reasoning)
  165.9s   tool bash: node /kit/rag.mjs search "garbage can" "trash can" "coffee mug" "mug" "computer" "laptop" "lamp" "stuffed bear" "teddy bear" "room" "before"
  166.1s turn 13
  171.0s   model reply: in 4778 + cached 52783, out 406 (+370 reasoning)
  171.0s   tool bash: node /kit/rag.mjs entry textbook desk bed lamp trash_can laptop mug living_room floor wall
  171.1s turn 14
  177.5s   model reply: in 5768 + cached 52772, out 680 (+405 reasoning)
  177.5s   tool bash: cat << 'EOF' > /output/translation.md
Status: success
Mode: REQUEST

## BrainCode

```braincode
MODE REQUEST
ENTRYPOINT Book
TASK Book {
  ACTION pick_up(target
  177.6s turn 15
  187.6s   model reply: in 3176 + cached 56823, out 1301 (+1266 reasoning)
  187.6s   tool bash: grep -E "^\| [a-z_]+ \| operation \|" /reference/glossary.md
  187.6s turn 16
  191.3s   model reply: in 6529 + cached 56830, out 61 (+19 reasoning)
  191.3s   tool bash: grep -E "^\| [a-z_]+ \| operation \|" /reference/glossary.md | tail -n 10
  191.3s turn 17
  199.7s   model reply: in 3069 + cached 60874, out 944 (+904 reasoning)
  199.7s   tool bash: node /kit/rag.mjs search "just before" "before" "end of" "end" "across from"
  199.9s turn 18
  206.1s   model reply: in 5350 + cached 60873, out 673 (+648 reasoning)
  206.1s   tool bash: node /kit/rag.mjs entry object_label
  206.2s turn 19
  209.8s   model reply: in 2088 + cached 64917, out 146 (+111 reasoning)
  209.8s   tool bash: node /kit/rag.mjs entry object_label::bear object_label::stuffed_bear
  209.9s turn 20
  213.3s   model reply: in 2507 + cached 64900, out 117 (+93 reasoning)
  213.3s   tool bash: grep -i bear /reference/glossary.md
  213.3s turn 21
  218.0s   model reply: in 2654 + cached 64880, out 324 (+86 reasoning)
  218.0s   tool bash: cat << 'EOF' > /output/translation.md
Status: success
Mode: REQUEST

## BrainCode

```braincode
MODE REQUEST
ENTRYPOINT Book
TASK Book {
  ACTION place(target=t
  218.2s turn 22
  224.6s   model reply: in 3871 + cached 64871, out 591 (+538 reasoning)
  224.6s   tool bash: grep -E "^\| (textbook|desk|bed|lamp|trash_can|laptop|mug|living_room|floor|wall) \|" /reference/glossary.md
  224.7s turn 23
  234.6s   model reply: in 4821 + cached 64860, out 1219 (+1176 reasoning)
  234.6s   tool bash: node /kit/rag.mjs search "located to the right of" "to the right of" "just before" "until reaching"
  234.8s turn 24
  254.9s   model reply: in 52423 + cached 0, out 363 (+334 reasoning)
  254.9s   tool bash: grep -n "turn(" /reference/glossary.md /attach/*
  255.0s turn 25
  258.8s   model reply: in 4182 + cached 48614, out 132 (+95 reasoning)
  258.8s   tool bash: grep -E "^\| [a-z_]+ \| value \| .*direction" /reference/glossary.md
  258.8s turn 26
  265.3s   model reply: in 52977 + cached 0, out 567 (+366 reasoning)
  265.3s   tool bash: cat << 'EOF' > /output/translation.md
Status: success
Mode: REQUEST

## BrainCode

```braincode
MODE REQUEST
ENTRYPOINT Book
TASK Book {
  ACTION pick_up(target
  265.4s turn 27
  272.0s   model reply: in 5729 + cached 48590, out 682 (+655 reasoning)
  272.0s   tool bash: grep -E "distinguish" /reference/glossary.md
  272.1s turn 28
  277.3s   model reply: in 2523 + cached 52627, out 70 (+35 reasoning)
  277.3s   tool bash: grep -E "^\| [a-z_]+ \| constructor \|" /reference/glossary.md
  277.4s turn 29
  280.2s   model reply: in 0 + cached 0, out 0 (+0 reasoning)
  280.2s agent finished
  282.2s turn 30
  408.2s   model reply: in 4389 + cached 52627, out 5060 (+4127 reasoning)
  408.2s   tool bash: cat << 'EOF' > /output/translation.md
Status: success
Mode: REQUEST

## BrainCode

```braincode
MODE REQUEST
ENTRYPOINT Book
TASK Book {
  ACTION turn(direction
  408.3s turn 31
  414.5s   model reply: in 6319 + cached 56719, out 621 (+583 reasoning)
  414.5s   tool bash: node /kit/rag.mjs search "color" "landmark" "green" "before" "garbage can"
  414.7s turn 32
  419.2s   model reply: in 4265 + cached 60770, out 58 (+33 reasoning)
  419.2s   tool bash: node /kit/rag.mjs entry spatial_constraint
  419.3s turn 33
  422.8s   model reply: in 4418 + cached 60752, out 98 (+61 reasoning)
  422.8s   tool bash: node /kit/rag.mjs search "lexical_label" "entity" "object" "attribute"
  423.0s turn 34
  426.5s   model reply: in 5750 + cached 60745, out 57 (+32 reasoning)
  426.5s   tool bash: node /kit/rag.mjs entry lexical_label
  426.6s turn 35
  438.3s   model reply: in 2242 + cached 64780, out 1879 (+917 reasoning)
  438.3s   tool bash: cat << 'EOF' > /output/translation.md
Status: success
Mode: REQUEST

## BrainCode

```braincode
MODE REQUEST
ENTRYPOINT Book
TASK Book {
  ACTION turn(direction
  438.4s turn 36
  446.3s   model reply: in 5078 + cached 64790, out 1213 (+191 reasoning)
  446.3s   tool bash: cat << 'EOF' > /output/translation.md
Status: success
Mode: REQUEST

## BrainCode

```braincode
MODE REQUEST
ENTRYPOINT Book
TASK Book {
  TERM lexical_label(va
  446.5s turn 37
  467.4s   model reply: in 52466 + cached 0, out 1147 (+1117 reasoning)
  467.4s   tool bash: node /kit/rag.mjs search "spatial_constraint" "reference"
  467.5s turn 38
  470.9s   model reply: in 5541 + cached 48686, out 52 (+27 reasoning)
  470.9s   tool bash: node /kit/rag.mjs entry location_spec
  471.0s turn 39
  477.6s   model reply: in 5704 + cached 48668, out 127 (+85 reasoning)
  477.6s   tool bash: grep -E "^\| [a-z_]+ \| constructor \|" /reference/glossary.md | head -n 30
  477.7s turn 40
  489.2s   model reply: in 3573 + cached 52721, out 1888 (+924 reasoning)
  489.2s   tool bash: cat << 'EOF' > /output/translation.md
Status: success
Mode: REQUEST

## BrainCode

```braincode
MODE REQUEST
ENTRYPOINT Book
TASK Book {
  ACTION turn(direction
  489.4s turn 41
  497.8s   model reply: in 6408 + cached 52727, out 1232 (+232 reasoning)
  497.8s   tool bash: cat << 'EOF' > /output/translation.md
Status: success
Mode: REQUEST

## BrainCode

```braincode
MODE REQUEST
ENTRYPOINT Book
TASK Book {
  ACTION turn(direction
  497.9s turn 42
  516.8s   model reply: in 4538 + cached 56782, out 3065 (+2065 reasoning)
  516.8s   tool bash: cat << 'EOF' > /output/translation.md
Status: success
Mode: REQUEST

## BrainCode

```braincode
MODE REQUEST
ENTRYPOINT Textbook
TASK Textbook {
  ACTION turn(d
  517.0s turn 43
  527.3s   model reply: in 4483 + cached 60855, out 1346 (+367 reasoning)
  527.3s   tool write: /output/translation.md
  527.3s turn 44
  530.6s   model reply: in 5845 + cached 60843, out 51 (+21 reasoning)
  530.6s   tool bash: node /kit/rag.mjs check --translation /output/translation.md
  530.7s turn 45
  535.9s   model reply: in 2804 + cached 64888, out 178 (+35 reasoning)
  535.9s agent finished
  535.9s agent finished
