    2.8s turn 1
   13.1s   model reply: in 29645 + cached 0, out 1312 (+1248 reasoning)
   13.1s   tool bash: node /kit/rag.mjs search "web_element" "click" "type_text" "select_option" "web element" "flight" "passenger" "traveler" "airline" "nonstop" "senior"
   13.6s turn 2
   18.2s   model reply: in 5817 + cached 28461, out 154 (+104 reasoning)
   18.2s   tool bash: node /kit/rag.mjs entry web_element click type_text select_option search_travel search_transit ask propose requirement time_point location_spec group_size
   18.3s turn 3
   27.9s   model reply: in 3320 + cached 32517, out 1110 (+1067 reasoning)
   27.9s   tool bash: node /kit/rag.mjs search "request flight search" "ask" "propose" "traveler" "search_travel"
   28.1s turn 4
   31.4s   model reply: in 5960 + cached 32516, out 45 (+18 reasoning)
   31.4s   tool bash: node /kit/rag.mjs entry request respond inform offer decline
   31.5s turn 5
   36.3s   model reply: in 2272 + cached 36562, out 220 (+177 reasoning)
   36.3s   tool bash: node /kit/rag.mjs search "flight" "one-way" "nonstop" "airline" "deal" "senior"
   36.5s turn 6
   45.6s   model reply: in 4190 + cached 36557, out 952 (+900 reasoning)
   45.6s   tool bash: grep -E "flight|airline|travel|senior|stop|direct|deal|web_element|click|type_text|select_option" /reference/glossary.md
   45.6s turn 7
   52.3s   model reply: in 2811 + cached 40619, out 771 (+743 reasoning)
   52.3s   tool bash: grep -i "web_element" /reference/glossary.md
   52.3s turn 8
   60.8s   model reply: in 3658 + cached 40605, out 1005 (+978 reasoning)
   60.8s   tool bash: grep "| speech_act |" /reference/glossary.md
   60.9s turn 9
   67.2s   model reply: in 5145 + cached 40597, out 414 (+389 reasoning)
   67.2s   tool bash: grep "| constructor |" /reference/glossary.md
   67.2s turn 10
   87.9s   model reply: in 3297 + cached 44655, out 3090 (+3046 reasoning)
   87.9s   tool bash: node /kit/rag.mjs entry role_adults location_spec time_point requirement group_size daytime cat_limited_time_offers
   88.0s turn 11
  107.2s   model reply: in 7151 + cached 44666, out 3160 (+1147 reasoning)
  107.2s   tool write: /output/translation.md
  107.3s turn 12
  110.5s   model reply: in 6253 + cached 48728, out 59 (+29 reasoning)
  110.5s   tool bash: node /kit/rag.mjs check --translation /output/translation.md
  110.6s turn 13
  118.8s   model reply: in 2663 + cached 52772, out 791 (+766 reasoning)
  118.8s   tool bash: node -e 'console.log(process.version)'
  118.8s turn 14
  148.4s   model reply: in 3476 + cached 52758, out 5019 (+3006 reasoning)
  148.4s   tool write: /output/translation.md
  148.4s turn 15
  163.8s   model reply: in 0 + cached 0, out 0 (+0 reasoning)
  163.9s agent finished
  165.8s turn 16
  195.1s   model reply: in 0 + cached 0, out 0 (+0 reasoning)
  195.1s agent finished
  199.2s turn 17
  225.6s   model reply: in 0 + cached 0, out 0 (+0 reasoning)
  225.6s agent finished
  233.6s turn 18
  294.4s   model reply: in 4422 + cached 56835, out 55 (+25 reasoning)
  294.4s   tool bash: node /kit/rag.mjs check --translation /output/translation.md
  294.6s turn 19
  316.5s   model reply: in 4888 + cached 56819, out 273 (+160 reasoning)
  316.5s agent finished
  316.5s agent finished
