    8.2s turn 1
   32.2s   model reply: in 31771 + cached 0, out 1695 (+1530 reasoning)
   32.2s   tool bash: node /kit/rag.mjs entry ask respond inform propose activity subject causes enables leads_to recommended opposes contrast supports rejects negation exclude requi
   32.5s turn 2
   93.7s   model reply: in 7043 + cached 28468, out 709 (+656 reasoning)
   93.7s   tool bash: node /kit/rag.mjs search "intelligence" "cognitive" "memory" "brain" "ratio" "learn" "camouflage" "stimulation" "expert" "predator"
   94.4s turn 3
  126.7s   model reply: in 38943 + cached 0, out 163 (+107 reasoning)
  126.7s   tool bash: node /kit/rag.mjs search "safe" "escape" "toy" "puzzle" "solitary" "cannibalism" "aggression" "play" "explore" "consult"
  126.9s turn 4
  150.7s   model reply: in 5246 + cached 36603, out 241 (+200 reasoning)
  150.7s   tool bash: node /kit/rag.mjs entry possesses trained_for considered user_practice ongoing argues_for self_protection offer_help measure
  150.8s turn 5
  157.1s   model reply: in 0 + cached 0, out 0 (+0 reasoning)
  157.1s agent finished
  159.1s turn 6
  173.1s   model reply: in 0 + cached 0, out 0 (+0 reasoning)
  173.1s agent finished
  177.1s turn 7
  188.9s   model reply: in 0 + cached 0, out 0 (+0 reasoning)
  188.9s agent finished
  196.9s turn 8
  219.1s   model reply: in 0 + cached 0, out 0 (+0 reasoning)
  219.2s agent finished
  235.2s turn 9
  303.1s   model reply: in 43406 + cached 0, out 2240 (+2098 reasoning)
  303.1s   tool bash: node /kit/rag.mjs widen "asks why octopuses are intelligent" --kind speech_act
node /kit/rag.mjs widen "octopus intelligence" --kind object
node /kit/rag.mjs wi
  305.9s turn 10
  313.0s   model reply: in 8287 + cached 40675, out 443 (+58 reasoning)
  313.0s   tool bash: node /kit/rag.mjs widen "camouflage through skin color and texture changes requires high cognitive processing" --kind claim
node /kit/rag.mjs widen "asks for be
  320.2s turn 11
  342.0s   model reply: in 3839 + cached 48814, out 2994 (+2932 reasoning)
  342.0s   tool bash: node /kit/rag.mjs entry property_question topic_pickup_lines content_kyoto_itinerary minimum_per_period maximum_between_stops send_email rank_rating genre_label
  342.1s turn 12
  356.3s   model reply: in 7716 + cached 48818, out 201 (+148 reasoning)
  356.3s   tool bash: node /kit/rag.mjs search "attribute" "comparison" "similar" "capability" "ability" "reason" "cause" "benefit" "advice" "recommendation"
  356.5s turn 13
  369.0s   model reply: in 6550 + cached 52884, out 98 (+58 reasoning)
  369.0s   tool bash: node /kit/rag.mjs entry has_attribute attribute_claim similarity reason_for meets_needs provides conjunction has_goal
  369.1s turn 14
  376.3s   model reply: in 3963 + cached 56941, out 384 (+330 reasoning)
  376.3s   tool bash: node /kit/rag.mjs search "frequency" "recurring" "companion" "social" "eat" "predator" "aquarium" "captivity" "mental" "physical"
  376.6s turn 15
  420.3s   model reply: in 7088 + cached 56942, out 3327 (+3269 reasoning)
  420.3s   tool bash: node -e '
const { execSync } = require("child_process");
console.log("Testing rag check availability...");
' && node /kit/rag.mjs check --translation /dev/null
  420.4s turn 16
  463.2s   model reply: in 67926 + cached 0, out 7607 (+5201 reasoning)
  463.3s   tool bash: node -e '
const fs = require("fs");
const testDraft = `Status: success
Mode: TRACE

## BrainCode

\`\`\`braincode
MODE TRACE
ENTRYPOINT Conversation
CONVO Conve
  463.7s turn 17
  487.4s   model reply: in 55625 + cached 0, out 2387 (+18 reasoning)
  487.4s   tool write: /output/translation.md
  487.4s turn 18
  490.5s   model reply: in 5124 + cached 52892, out 54 (+24 reasoning)
  490.5s   tool bash: node /kit/rag.mjs check --translation /output/translation.md
  490.8s turn 19
  496.0s   model reply: in 58767 + cached 0, out 288 (+250 reasoning)
  496.0s   tool bash: node /kit/rag.mjs check --translation /output/translation.md --verbose 2>&1 || true
  496.8s turn 20
  504.5s   model reply: in 2822 + cached 56930, out 754 (+181 reasoning)
  504.5s   tool edit: /output/translation.md
  504.5s turn 21
  507.9s   model reply: in 3605 + cached 56898, out 53 (+23 reasoning)
  507.9s   tool bash: node /kit/rag.mjs check --translation /output/translation.md
  508.2s turn 22
  514.4s   model reply: in 4370 + cached 56883, out 237 (+207 reasoning)
  514.4s   tool bash: node /kit/rag.mjs widen "enrichment toy" --kind object
  514.5s turn 23
  539.9s   model reply: in 2287 + cached 60940, out 4546 (+4518 reasoning)
  539.9s   tool bash: node /kit/rag.mjs entry role_user role_agent
  540.2s turn 24
  554.4s   model reply: in 6912 + cached 60954, out 2578 (+140 reasoning)
  554.4s   tool write: /output/translation.md
  554.5s turn 25
  568.1s   model reply: in 55752 + cached 0, out 53 (+23 reasoning)
  568.1s   tool bash: node /kit/rag.mjs check --translation /output/translation.md
  568.2s turn 26
  572.8s   model reply: in 3701 + cached 52801, out 228 (+210 reasoning)
  572.8s   tool bash: ls -la /output
  572.8s turn 27
  576.9s   model reply: in 4030 + cached 52783, out 171 (+36 reasoning)
  576.9s agent finished
  576.9s agent finished
