    5.0s turn 1
   13.4s   model reply: in 3 + cached 0, out 695 (+411 reasoning)
   13.4s   tool bash: node /kit/rag.mjs widen "command to put a pan containing a knife on a table" --kind speech_act
   13.4s   tool bash: node /kit/rag.mjs widen "walk forward without a destination" --kind action
   13.4s   tool bash: node /kit/rag.mjs widen "put an object inside another object and place the containing object on a surface" --kind constraint
   13.5s   tool bash: node /kit/rag.mjs widen "turn left toward a target and orient to face it" --kind action
   13.5s   tool bash: node /kit/rag.mjs widen "left side of table and above lettuce spatial placement relation" --kind constraint
   13.5s   tool bash: node /kit/rag.mjs search "recording signatures for walk turn place pick_up face; observed movement actions" "command speech act request instruction" "spatial co
   17.4s turn 2
   21.6s   model reply: in 3 + cached 30208, out 293 (+85 reasoning)
   21.6s   tool bash: node /kit/rag.mjs entry request ask include spatial_constraint spatial_state location_spec turn walk place pick_up face in on left_of above safe stove table bla
   21.6s   tool bash: node /kit/rag.mjs widen "person commands agent to perform a physical action" --kind speech_act
   21.6s   tool bash: node /kit/rag.mjs widen "above spatial relation, higher than lettuce" --kind constraint
   21.6s   tool bash: node /kit/rag.mjs search "walking forward in place no target movement direction" "turn left toward or face a table movement action" "place an object on left sid
   22.6s turn 3
   34.0s   model reply: in 3 + cached 39604, out 802 (+725 reasoning)
   34.0s   tool bash: node /kit/rag.mjs search "structured description entity object with color qualifier and spatial relation" "above relation spatial location" "object located clos
   34.5s turn 4
   37.1s   model reply: in 3 + cached 45206, out 72 (+29 reasoning)
   37.1s   tool bash: node /kit/rag.mjs entry lexical_label activity occurred obligation spatial_constraint rule_recording_signatures
   37.3s turn 5
   90.0s   model reply: in 3 + cached 47373, out 4846 (+4801 reasoning)
   90.0s   tool bash: node /kit/rag.mjs search "TERM description of physical object entity with identity or kind as term"
   90.3s turn 6
  119.9s   model reply: in 3 + cached 48932, out 3566 (+1254 reasoning)
  119.9s   tool write: /output/translation.md
  120.0s turn 7
  127.0s   model reply: in 3 + cached 54050, out 779 (+286 reasoning)
  127.0s   tool edit: /output/translation.md
  127.0s turn 8
  131.4s   model reply: in 3 + cached 57634, out 498 (+31 reasoning)
  131.4s   tool edit: /output/translation.md
  131.4s turn 9
  135.0s   model reply: in 3 + cached 58455, out 64 (+33 reasoning)
  135.0s   tool read: /output/translation.md
  135.1s turn 10
  140.3s   model reply: in 3 + cached 58990, out 624 (+46 reasoning)
  140.3s   tool edit: /output/translation.md
  140.4s turn 11
  145.0s   model reply: in 3 + cached 61176, out 614 (+25 reasoning)
  145.0s   tool edit: /output/translation.md
  145.0s turn 12
  165.7s   model reply: in 3 + cached 61839, out 2430 (+448 reasoning)
  165.7s   tool write: /output/suggestions.md
  165.7s turn 13
  172.5s   model reply: in 3 + cached 62477, out 554 (+516 reasoning)
  172.5s   tool bash: node /kit/rag.mjs check --translation /output/translation.md
  172.7s turn 14
  177.9s   model reply: in 3 + cached 64925, out 360 (+312 reasoning)
  177.9s   tool edit: /output/translation.md
  178.0s turn 15
  181.7s   model reply: in 3 + cached 66367, out 233 (+77 reasoning)
  181.7s   tool edit: /output/translation.md
  181.7s turn 16
  183.6s   model reply: in 3 + cached 66766, out 57 (+19 reasoning)
  183.6s   tool bash: node /kit/rag.mjs check --translation /output/translation.md
  183.8s turn 17
  202.3s   model reply: in 3 + cached 67023, out 1878 (+1443 reasoning)
  202.3s   tool edit: /output/translation.md
  202.3s turn 18
  206.3s   model reply: in 3 + cached 67945, out 330 (+206 reasoning)
  206.3s   tool edit: /output/translation.md
  206.5s turn 19
  210.2s   model reply: in 3 + cached 69848, out 121 (+90 reasoning)
  210.2s   tool read: /output/translation.md
  210.3s turn 20
  232.4s   model reply: in 3 + cached 1037, out 1643 (+1411 reasoning)
  232.4s   tool edit: /output/translation.md
  232.7s turn 21
  237.8s   model reply: in 3 + cached 48103, out 511 (+259 reasoning)
  237.8s   tool edit: /output/translation.md
  238.0s turn 22
  243.1s   model reply: in 3 + cached 49770, out 131 (+93 reasoning)
  243.1s   tool bash: node /kit/rag.mjs check --translation /output/translation.md
  245.0s turn 23
  252.6s   model reply: in 3 + cached 50305, out 660 (+429 reasoning)
  252.6s   tool edit: /output/suggestions.md
  252.7s turn 24
  256.3s   model reply: in 3 + cached 51301, out 123 (+59 reasoning)
  256.4s agent finished
  256.4s agent finished
