    4.0s turn 1
   13.0s   model reply: in 39484 + cached 0, out 841 (+803 reasoning)
   13.0s   tool bash: node /kit/rag.mjs entry activity conditional negation statement attribute_claim meets_needs has_state ask respond subject
   13.1s turn 2
   21.8s   model reply: in 5662 + cached 36643, out 128 (+72 reasoning)
   21.8s   tool bash: node /kit/rag.mjs search "The bear needs the tiger" "The cat eats the squirrel" "The cat is not green" "The cat is not round" "The squirrel is cold"
   22.2s turn 3
   28.3s   model reply: in 3282 + cached 40704, out 110 (+66 reasoning)
   28.3s   tool bash: node /kit/rag.mjs search "statement" "fact" "property" "theory" "question" "is the following statement True"
   28.9s turn 4
   33.1s   model reply: in 5067 + cached 40694, out 123 (+85 reasoning)
   33.1s   tool bash: node /kit/rag.mjs entry property_question conjunction conditional activity statement attribute_claim meets_needs has_state
   33.3s turn 5
   49.0s   model reply: in 2704 + cached 44754, out 2575 (+2530 reasoning)
   49.0s   tool bash: node /kit/rag.mjs search "TERM activity" "attribute_claim" "statement" "conditional" "conjunction" "negation"
   49.2s turn 6
   58.9s   model reply: in 7132 + cached 44761, out 1190 (+1154 reasoning)
   58.9s   tool bash: node /kit/rag.mjs search "user" "role_user" "speaker" "actor"
   59.2s turn 7
   63.3s   model reply: in 5459 + cached 48824, out 75 (+49 reasoning)
   63.3s   tool bash: node /kit/rag.mjs entry role_user statement
   63.6s turn 8
   72.3s   model reply: in 5670 + cached 48806, out 1094 (+1056 reasoning)
   72.3s   tool bash: node /kit/rag.mjs entry color_label shape_round state_cold attribute_claim has_state requirement
   72.6s turn 9
   77.0s   model reply: in 3664 + cached 52866, out 96 (+52 reasoning)
   77.0s   tool bash: node /kit/rag.mjs search "TERM requirement" "TERM character_trait" "TERM property" "TERM state" "TERM attribute"
   77.2s turn 10
   81.9s   model reply: in 5453 + cached 52858, out 128 (+99 reasoning)
   81.9s   tool bash: node /kit/rag.mjs entry has_attribute character lexical_label
   82.1s turn 11
   88.2s   model reply: in 2205 + cached 56908, out 557 (+526 reasoning)
   88.2s   tool bash: grep -iE "round|green|cold" /reference/glossary.md
   88.2s turn 12
  110.9s   model reply: in 3603 + cached 56898, out 3031 (+3003 reasoning)
  110.9s   tool bash: grep -E "\| constructor \|" /reference/glossary.md
  111.0s turn 13
  115.3s   model reply: in 8417 + cached 56911, out 169 (+133 reasoning)
  115.3s   tool bash: node /kit/rag.mjs entry character_trait requirement statement attribute_claim has_attribute has_state
  115.5s turn 14
  127.6s   model reply: in 5569 + cached 60965, out 1521 (+1483 reasoning)
  127.6s   tool bash: node /kit/rag.mjs search "TERM property" "TERM trait" "subject property" "entity property"
  127.8s turn 15
  134.6s   model reply: in 69289 + cached 0, out 444 (+400 reasoning)
  134.6s   tool bash: grep -E "\| constructor \|.*(property|trait|state|subject|entity|attribute|negation)" /reference/glossary.md
  134.6s turn 16
  174.6s   model reply: in 57391 + cached 0, out 4966 (+312 reasoning)
  174.6s   tool write: /output/translation.md
  174.6s turn 17
  181.1s   model reply: in 5434 + cached 56927, out 54 (+24 reasoning)
  181.1s   tool bash: node /kit/rag.mjs check --translation /output/translation.md
  181.4s turn 18
  192.7s   model reply: in 3857 + cached 60990, out 566 (+528 reasoning)
  192.7s   tool bash: node /kit/rag.mjs search "eat" "eats" "like" "likes" "activity"
  194.8s turn 19
  233.7s   model reply: in 5816 + cached 60983, out 7083 (+2336 reasoning)
  233.7s   tool write: /output/translation.md
  233.7s turn 20
  245.7s   model reply: in 56848 + cached 0, out 55 (+25 reasoning)
  245.7s   tool bash: node /kit/rag.mjs check --translation /output/translation.md
  245.8s turn 21
  254.8s   model reply: in 6400 + cached 52935, out 270 (+128 reasoning)
  254.9s agent finished
  254.9s agent finished
