    1.9s turn 1
    9.4s   model reply: in 25082 + cached 0, out 1032 (+1008 reasoning)
    9.4s   tool bash: node /kit/rag.mjs check --help
    9.4s turn 2
   20.8s   model reply: in 5848 + cached 20282, out 385 (+345 reasoning)
   20.8s   tool bash: node /kit/rag.mjs entry request web_element click sequence constraint_beginner song requirement apply_filters select_filter then
   20.9s turn 3
   24.3s   model reply: in 3150 + cached 24331, out 66 (+26 reasoning)
   24.3s   tool bash: node /kit/rag.mjs search "guitar" "tabs" "filter" "search" "user" "agent"
   24.4s turn 4
   31.4s   model reply: in 4938 + cached 24328, out 931 (+901 reasoning)
   31.4s   tool bash: node /kit/rag.mjs entry user agent role_user role_agent
   31.5s turn 5
   34.9s   model reply: in 6022 + cached 24319, out 125 (+94 reasoning)
   34.9s   tool bash: node /kit/rag.mjs search "holder" "speaker" "user"
   35.1s turn 6
   45.8s   model reply: in 2938 + cached 28362, out 927 (+902 reasoning)
   45.8s   tool bash: node /kit/rag.mjs entry sequence then request
   45.9s turn 7
   51.5s   model reply: in 4059 + cached 28353, out 452 (+421 reasoning)
   51.5s   tool bash: node /kit/rag.mjs entry search_web apply_filters select_filter
   51.6s turn 8
   55.9s   model reply: in 5365 + cached 28347, out 205 (+178 reasoning)
   55.9s   tool bash: node /kit/rag.mjs entry song constraint_beginner include
   56.1s turn 9
   59.3s   model reply: in 5858 + cached 28333, out 62 (+27 reasoning)
   59.3s   tool bash: node /kit/rag.mjs search "guitar tab" "filter search results" "difficulty rating"
   59.5s turn 10
   72.3s   model reply: in 2744 + cached 32371, out 1499 (+968 reasoning)
   72.3s   tool bash: cat << 'EOF' > /output/translation.md
Status: success
Mode: TRACE

## BrainCode

```braincode
MODE TRACE
ENTRYPOINT Conversation
CONVO Conversation {
  TURN t1 
   72.5s turn 11
   77.9s   model reply: in 4467 + cached 32370, out 376 (+344 reasoning)
   77.9s   tool bash: node /kit/rag.mjs entry activity select_filter apply_filters search_web
   78.0s turn 12
  100.5s   model reply: in 0 + cached 0, out 0 (+0 reasoning)
  100.5s agent finished
  102.5s turn 13
  116.2s   model reply: in 0 + cached 0, out 0 (+0 reasoning)
  116.2s agent finished
  120.2s turn 14
  131.7s   model reply: in 0 + cached 0, out 0 (+0 reasoning)
  131.7s agent finished
  139.7s turn 15
  162.6s   model reply: in 0 + cached 0, out 0 (+0 reasoning)
  162.6s agent finished
  178.6s turn 16
  240.1s   model reply: in 38682 + cached 0, out 1562 (+1029 reasoning)
  240.1s   tool bash: cat << 'EOF' > /output/translation.md
Status: success
Mode: TRACE

## BrainCode

```braincode
MODE TRACE
ENTRYPOINT Conversation
CONVO Conversation {
  TURN t1 
  240.3s turn 17
  248.5s   model reply: in 4052 + cached 36417, out 253 (+221 reasoning)
  248.5s   tool bash: grep -E "select_filter|apply_filters" /reference/glossary.md
  248.6s turn 18
  278.0s   model reply: in 4423 + cached 36402, out 605 (+565 reasoning)
  278.0s   tool bash: grep -E "^\| [a-zA-Z0-9_]+ \| constructor \|" /reference/glossary.md
  278.0s turn 19
  290.0s   model reply: in 2772 + cached 40454, out 1319 (+1294 reasoning)
  290.0s   tool bash: node /kit/rag.mjs entry rank_rating
  290.2s turn 20
  302.5s   model reply: in 4141 + cached 40450, out 133 (+103 reasoning)
  302.5s   tool bash: node /kit/rag.mjs search "Filter search results" --kind action
  302.6s turn 21
  316.8s   model reply: in 4577 + cached 40435, out 296 (+254 reasoning)
  316.8s   tool bash: grep -E "^\| [a-zA-Z0-9_]+ \| speech_act \|" /reference/glossary.md
  316.8s turn 22
  340.6s   model reply: in 5358 + cached 40424, out 388 (+357 reasoning)
  340.6s   tool bash: grep -n -A 30 "check" /kit/rag.mjs
  340.7s turn 23
  363.2s   model reply: in 2359 + cached 44459, out 1433 (+888 reasoning)
  363.2s   tool bash: cat << 'EOF' > /output/translation.md
Status: success
Mode: TRACE

## BrainCode

```braincode
MODE TRACE
ENTRYPOINT Conversation
CONVO Conversation {
  TURN t1 
  363.4s turn 24
  381.1s   model reply: in 4024 + cached 44459, out 2303 (+1749 reasoning)
  381.1s   tool bash: cat << 'EOF' > /output/translation.md
Status: success
Mode: TRACE

## BrainCode

```braincode
MODE TRACE
ENTRYPOINT Conversation
CONVO Conversation {
  TURN t1 
  381.3s turn 25
  389.0s   model reply: in 6548 + cached 44470, out 452 (+422 reasoning)
  389.0s   tool bash: node /kit/rag.mjs check --translation /output/translation.md
  389.1s turn 26
  400.8s   model reply: in 3202 + cached 48500, out 182 (+29 reasoning)
  400.8s agent finished
  400.8s agent finished
