   14.0s turn 1
   20.8s   model reply: in 31523 + cached 0, out 476 (+423 reasoning)
   20.8s   tool bash: node /kit/rag.mjs search "Anne is blue" "smart" "kind" "furry" "nice" "All smart people are kind" "Theory" "question"
   21.8s turn 2
   26.1s   model reply: in 34222 + cached 0, out 117 (+65 reasoning)
   26.1s   tool bash: node /kit/rag.mjs search "attribute_claim" "has_state" "statement" "conditional" "conjunction" "negation" "property" "person"
   26.7s turn 3
   36.6s   model reply: in 4283 + cached 32524, out 90 (+48 reasoning)
   36.6s   tool bash: node /kit/rag.mjs entry attribute_claim has_attribute character_trait statement conditional conjunction negation possesses has_state property_question
   37.1s turn 4
   42.6s   model reply: in 5619 + cached 32513, out 109 (+60 reasoning)
   42.6s   tool bash: node /kit/rag.mjs search "validity" "true" "false" "unknown" "evaluation" "truth_value" "judgment" "rule"
   43.1s turn 5
   57.6s   model reply: in 3849 + cached 36574, out 94 (+64 reasoning)
   57.6s   tool bash: grep -E "constructor|claim_relation" /reference/glossary.md
   57.7s turn 6
   66.0s   model reply: in 42273 + cached 0, out 961 (+920 reasoning)
   66.0s   tool bash: node /kit/rag.mjs entry attribute_claim has_attribute statement conditional conjunction negation subject ask respond role_user state_cold
   66.6s turn 7
   70.9s   model reply: in 3969 + cached 40628, out 129 (+80 reasoning)
   70.9s   tool bash: node /kit/rag.mjs search "premise" "theory" "proof" "logical" "universal" "truth" "multiple_choice" "options"
   71.2s turn 8
   74.8s   model reply: in 38759 + cached 8125, out 65 (+38 reasoning)
   74.8s   tool bash: node /kit/rag.mjs entry constraint_single_choice
   75.0s turn 9
   80.1s   model reply: in 6489 + cached 40608, out 319 (+281 reasoning)
   80.1s   tool bash: grep -E "\| constructor \| TERM [a-z0-9_]+\(" /reference/glossary.md
   80.2s turn 10
   83.8s   model reply: in 4547 + cached 44665, out 64 (+18 reasoning)
   83.8s   tool bash: grep -E "\| constructor \|" /reference/glossary.md | awk -F'|' '{print $2}' | tr -d ' '
   83.8s turn 11
   86.8s   model reply: in 4934 + cached 44648, out 61 (+13 reasoning)
   86.8s   tool bash: grep -E "\| claim_relation \|" /reference/glossary.md | awk -F'|' '{print $2}' | tr -d ' '
   86.9s turn 12
   98.9s   model reply: in 5237 + cached 44631, out 1494 (+1458 reasoning)
   98.9s   tool bash: node /kit/rag.mjs entry lexical_label has_attribute attribute_claim statement conditional conjunction negation subject
   99.1s turn 13
  121.4s   model reply: in 52964 + cached 0, out 425 (+381 reasoning)
  121.4s   tool bash: grep -E "\| constructor \|.*(property|attribute|state|trait|feature|predicate|is_)" /reference/glossary.md
  121.5s turn 14
  126.1s   model reply: in 0 + cached 0, out 0 (+0 reasoning)
  126.2s agent finished
  128.1s turn 15
  141.9s   model reply: in 0 + cached 0, out 0 (+0 reasoning)
  141.9s agent finished
  145.9s turn 16
  172.5s   model reply: in 0 + cached 0, out 0 (+0 reasoning)
  172.5s agent finished
  180.5s turn 17
  241.9s   model reply: in 54407 + cached 0, out 122 (+76 reasoning)
  242.0s   tool bash: node /kit/rag.mjs search "ProofWriter" "Theory" "All smart people are kind" "If someone is smart then they are kind"
  242.1s turn 18
  256.0s   model reply: in 2945 + cached 52736, out 1142 (+1100 reasoning)
  256.0s   tool bash: node /kit/rag.mjs widen "smart" "kind" "furry" "nice" "all smart people are kind"
  256.1s turn 19
  274.7s   model reply: in 58663 + cached 0, out 773 (+735 reasoning)
  274.7s   tool bash: grep -E "^\| [a-z0-9_]+ \| constructor \|" /reference/glossary.md
  274.8s turn 20
  297.6s   model reply: in 4430 + cached 56802, out 3150 (+2833 reasoning)
  297.6s   tool bash: cat << 'EOF' > /output/translation.md
Status: success
Mode: REQUEST

## BrainCode

```braincode
MODE REQUEST
ENTRYPOINT Conversation
CONVO Conversation {
  TURN
  298.0s turn 21
  311.3s   model reply: in 4325 + cached 60874, out 1194 (+1159 reasoning)
  311.3s   tool bash: grep -i -E "(smart|kind|furry|nice)" /reference/glossary.md
  311.3s turn 22
  340.8s   model reply: in 3318 + cached 64938, out 3294 (+986 reasoning)
  340.8s   tool bash: cat << 'EOF' > /output/translation.md
Status: success
Mode: REQUEST

## BrainCode

```braincode
MODE REQUEST
ENTRYPOINT Conversation
CONVO Conversation {
  TURN
  341.4s turn 23
  387.8s   model reply: in 50232 + cached 0, out 3961 (+1551 reasoning)
  387.8s   tool bash: cat << 'EOF' > /output/translation.md
Status: success
Mode: REQUEST

## BrainCode

```braincode
MODE REQUEST
ENTRYPOINT Conversation
CONVO Conversation {
  TURN
  387.9s turn 24
  408.6s   model reply: in 6124 + cached 48809, out 3185 (+771 reasoning)
  408.6s   tool bash: cat << 'EOF' > /output/translation.md
Status: success
Mode: REQUEST

## BrainCode

```braincode
MODE REQUEST
ENTRYPOINT Conversation
CONVO Conversation {
  TURN
  409.1s turn 25
  414.8s   model reply: in 5977 + cached 52881, out 279 (+253 reasoning)
  414.8s agent finished
  414.8s agent finished
