    2.0s turn 1
    9.4s   model reply: in 11818 + cached 0, out 814 (+792 reasoning)
    9.4s   tool bash: ls -la /kit /attach /workspace
    9.4s turn 2
   13.6s   model reply: in 4984 + cached 8035, out 49 (+30 reasoning)
   13.6s   tool read: /kit/README.md
   13.6s turn 3
   16.3s   model reply: in 2176 + cached 12054, out 64 (+29 reasoning)
   16.3s   tool bash: find / -name "*glossary*" -o -name "*alfred*" 2>/dev/null
   16.4s turn 4
   18.7s   model reply: in 2267 + cached 12037, out 33 (+16 reasoning)
   18.7s   tool bash: ls -la /
   18.7s turn 5
   21.3s   model reply: in 3087 + cached 12033, out 34 (+16 reasoning)
   21.3s   tool bash: ls -la /reference
   21.3s turn 6
   26.9s   model reply: in 3338 + cached 12020, out 36 (+16 reasoning)
   26.9s   tool read: /reference/examples.jsonl
   26.9s turn 7
   29.5s   model reply: in 4541 + cached 12023, out 33 (+16 reasoning)
   29.5s   tool read: /prompt.md
   29.6s turn 8
   37.5s   model reply: in 5045 + cached 12016, out 1060 (+1036 reasoning)
   37.5s   tool read: /attach/2-glossary-entries.md
   37.5s turn 9
   42.4s   model reply: in 3194 + cached 16043, out 64 (+38 reasoning)
   42.4s   tool bash: grep -in "activity" /reference/glossary.md
   42.5s turn 10
   46.4s   model reply: in 21039 + cached 0, out 94 (+62 reasoning)
   46.4s   tool bash: grep -rn "alfred" /reference /kit /attach 2>/dev/null
   46.5s turn 11
   49.9s   model reply: in 5102 + cached 16041, out 117 (+26 reasoning)
   49.9s   tool bash: node -e '
const fs = require("fs");
const lines = fs.readFileSync("/reference/glossary.jsonl", "utf8").trim().split("\n");
console.log("Total entries:", lines.l
   50.0s turn 12
   54.0s   model reply: in 5288 + cached 16027, out 142 (+23 reasoning)
   54.0s   tool bash: node -e '
const fs = require("fs");
const lines = fs.readFileSync("/reference/glossary.jsonl", "utf8").trim().split("\n");
for (const line of lines) {
  const o
   54.1s turn 13
   57.4s   model reply: in 2088 + cached 20030, out 170 (+50 reasoning)
   57.4s   tool bash: node -e '
const fs = require("fs");
const lines = fs.readFileSync("/reference/glossary.jsonl", "utf8").trim().split("\n");
for (const line of lines) {
  const o
   57.5s turn 14
   60.9s   model reply: in 3880 + cached 20046, out 172 (+26 reasoning)
   60.9s   tool bash: node -e '
const fs = require("fs");
const lines = fs.readFileSync("/reference/glossary.jsonl", "utf8").trim().split("\n");
for (const line of lines) {
  const o
   61.0s turn 15
   73.8s   model reply: in 4811 + cached 20044, out 1789 (+1663 reasoning)
   73.8s   tool bash: node -e '
const fs = require("fs");
const lines = fs.readFileSync("/reference/glossary.jsonl", "utf8").trim().split("\n");
for (const line of lines) {
  const o
   73.9s turn 16
   84.1s   model reply: in 2956 + cached 24075, out 1469 (+1418 reasoning)
   84.1s   tool bash: find / -type f -name "*.js" -o -name "*.mjs" -o -name "*.py" -o -name "*.sh" 2>/dev/null
   84.2s turn 17
   88.5s   model reply: in 4428 + cached 24082, out 29 (+11 reasoning)
   88.5s   tool bash: ls -la /kit
   88.5s turn 18
   91.9s   model reply: in 4639 + cached 24067, out 43 (+22 reasoning)
   91.9s   tool read: /kit/needs_prompt.md
   91.9s turn 19
   97.5s   model reply: in 5365 + cached 24062, out 608 (+588 reasoning)
   97.5s   tool read: /kit/rag.mjs
   97.5s turn 20
  100.3s   model reply: in 3475 + cached 28093, out 45 (+23 reasoning)
  100.3s   tool bash: node /kit/rag.mjs health
  100.4s turn 21
  103.9s   model reply: in 3634 + cached 28068, out 71 (+39 reasoning)
  103.9s   tool bash: node /kit/rag.mjs entry activity food_label object_label propose request sequence
  104.0s turn 22
  107.8s   model reply: in 4724 + cached 28069, out 41 (+27 reasoning)
  107.8s   tool bash: env
  107.8s turn 23
  110.8s   model reply: in 5419 + cached 28063, out 30 (+12 reasoning)
  110.8s   tool bash: ls -la /session
  110.8s turn 24
  114.0s   model reply: in 5639 + cached 28049, out 28 (+10 reasoning)
  114.0s   tool bash: ls -la /output
  114.1s turn 25
  136.5s   model reply: in 5737 + cached 28032, out 3244 (+3211 reasoning)
  136.5s   tool bash: grep -rn "<|user|>" /reference /kit /attach 2>/dev/null
  136.6s turn 26
  141.3s   model reply: in 5126 + cached 32085, out 187 (+165 reasoning)
  141.3s   tool bash: ls -la /item_raw.txt
  141.3s turn 27
  145.9s   model reply: in 5350 + cached 32070, out 144 (+96 reasoning)
  145.9s   tool bash: node /kit/rag.mjs search "rinse potato" "place potato in fridge" "walk to microwave" "face microwave" "remove potato from microwave"
  146.1s turn 28
  152.4s   model reply: in 3091 + cached 36093, out 53 (+26 reasoning)
  152.4s   tool bash: node /kit/rag.mjs entry walk face remove place rinse
  152.6s turn 29
  233.2s   model reply: in 3809 + cached 36087, out 12779 (+12648 reasoning)
  233.2s   tool write: /output/reconstruction.md
  233.2s turn 30
  237.9s   model reply: in 16425 + cached 36255, out 40 (+20 reasoning)
  237.9s   tool read: /output/reconstruction.md
  237.9s turn 31
  242.6s   model reply: in 4502 + cached 48323, out 171 (+146 reasoning)
  242.6s agent finished
  242.6s agent finished
