    2.0s turn 1
    7.1s   model reply: in 26079 + cached 0, out 484 (+450 reasoning)
    7.1s   tool bash: node /kit/rag.mjs entry click open_page web_element request ask activity subject country
    7.3s turn 2
   14.9s   model reply: in 3728 + cached 24355, out 863 (+817 reasoning)
   14.9s   tool bash: node /kit/rag.mjs search "request navigation" "report scam fraud" "warn others about business" "radio button" "file a complaint"
   15.0s turn 3
   18.4s   model reply: in 0 + cached 0, out 0 (+0 reasoning)
   18.5s agent finished
   20.5s turn 4
   34.1s   model reply: in 0 + cached 0, out 0 (+0 reasoning)
   34.1s agent finished
   38.1s turn 5
   64.7s   model reply: in 0 + cached 0, out 0 (+0 reasoning)
   64.7s agent finished
   72.7s turn 6
  125.3s   model reply: in 0 + cached 0, out 0 (+0 reasoning)
  125.3s agent finished
  141.3s turn 7
  254.6s   model reply: in 30420 + cached 0, out 94 (+44 reasoning)
  254.6s   tool bash: node /kit/rag.mjs search "web_element" "click" "open_page" "navigate" "radio" "page" "link" "button"
  254.7s turn 8
  285.8s   model reply: in 4429 + cached 28414, out 112 (+87 reasoning)
  285.8s   tool bash: node /kit/rag.mjs entry web_element
  285.9s turn 9
  297.8s   model reply: in 4640 + cached 28396, out 1286 (+1243 reasoning)
  297.8s   tool bash: node /kit/rag.mjs search "activity" "purpose" "subject" "country" "request" "ask" "navigate"
  298.0s turn 10
  312.2s   model reply: in 3969 + cached 32463, out 417 (+376 reasoning)
  312.2s   tool bash: node /kit/rag.mjs search "speech_act" "UTTER" "request" "ask" "propose"
  312.4s turn 11
  329.5s   model reply: in 5900 + cached 32459, out 304 (+270 reasoning)
  329.5s   tool bash: grep -E "request\(|ask\(|propose\(" /reference/glossary.md
  329.5s turn 12
  337.7s   model reply: in 2573 + cached 36503, out 58 (+25 reasoning)
  337.7s   tool bash: grep -E "CONVO|MODE TRACE|RECORD" /reference/glossary.md
  337.7s turn 13
  345.5s   model reply: in 3131 + cached 36488, out 84 (+56 reasoning)
  345.5s   tool bash: node /kit/rag.mjs widen "scam fraud complaint"
  345.6s turn 14
  352.1s   model reply: in 4635 + cached 36482, out 72 (+33 reasoning)
  352.1s   tool bash: node /kit/rag.mjs entry select_option click open_page web_element type_text hover press_key
  352.2s turn 15
  363.0s   model reply: in 5298 + cached 36469, out 1483 (+1458 reasoning)
  363.0s   tool bash: node /kit/rag.mjs entry country::US
  363.1s turn 16
  367.9s   model reply: in 2910 + cached 40517, out 311 (+279 reasoning)
  367.9s   tool bash: node /kit/rag.mjs search "report" "scam" "fraud"
  368.0s turn 17
  375.3s   model reply: in 4094 + cached 40509, out 387 (+359 reasoning)
  375.3s   tool bash: node /kit/rag.mjs entry role_user role_agent
  375.4s turn 18
  382.8s   model reply: in 4589 + cached 40494, out 117 (+79 reasoning)
  382.8s   tool bash: node /kit/rag.mjs search "role_user" "user" "role_agent" "agent"
  382.9s turn 19
  397.9s   model reply: in 6002 + cached 40489, out 2012 (+1973 reasoning)
  397.9s   tool bash: node /kit/rag.mjs search "report a scam" "warn others about a business" "File a Complaint"
  398.0s turn 20
  404.7s   model reply: in 4854 + cached 44549, out 689 (+71 reasoning)
  404.7s   tool write: /output/translation.md
  404.7s turn 21
  408.5s   model reply: in 5563 + cached 44533, out 53 (+23 reasoning)
  408.5s   tool bash: node /kit/rag.mjs check --translation /output/translation.md
  408.6s turn 22
  413.2s   model reply: in 5910 + cached 44517, out 222 (+191 reasoning)
  413.2s   tool bash: node /kit/rag.mjs widen "report scam or fraud" --kind object
  413.4s turn 23
  420.0s   model reply: in 4195 + cached 48570, out 341 (+291 reasoning)
  420.0s   tool bash: node /kit/rag.mjs search "crime" "criminality" "fraud" "deception" "scam" "complaint" "issue" "warning"
  420.2s turn 24
  424.3s   model reply: in 55394 + cached 0, out 68 (+32 reasoning)
  424.3s   tool bash: node /kit/rag.mjs entry criminality statement warning issue format_structured_report art_structured_report
  424.4s turn 25
  432.0s   model reply: in 3396 + cached 52612, out 1010 (+982 reasoning)
  432.0s   tool bash: grep -E "\| constructor \|" /reference/glossary.md
  432.0s turn 26
  435.2s   model reply: in 6191 + cached 52623, out 110 (+60 reasoning)
  435.2s   tool bash: grep -E "\| constructor \|.*(report|scam|fraud|complaint|warn|crime|violation|issue|subject)" /reference/glossary.md
  435.3s turn 27
  443.2s   model reply: in 2740 + cached 56657, out 1166 (+518 reasoning)
  443.2s   tool write: /output/translation.md
  443.2s turn 28
  447.1s   model reply: in 3921 + cached 56646, out 38 (+8 reasoning)
  447.1s   tool bash: node /kit/rag.mjs check --translation /output/translation.md
  447.3s turn 29
  455.2s   model reply: in 4254 + cached 56629, out 776 (+737 reasoning)
  455.2s   tool bash: node /kit/rag.mjs search "scam" "fraud" "complaint" "report" "warn"
  455.3s turn 30
  459.0s   model reply: in 2408 + cached 60680, out 82 (+52 reasoning)
  459.0s   tool read: /kit/rag.mjs
  459.0s turn 31
  462.6s   model reply: in 3972 + cached 60674, out 62 (+30 reasoning)
  462.6s   tool bash: node /kit/rag.mjs check --translation /output/translation.md --json
  462.7s turn 32
  473.5s   model reply: in 4690 + cached 60354, out 1077 (+1041 reasoning)
  473.5s   tool bash: grep -iE "scam|fraud|complaint|deception" /reference/glossary.md
  473.6s turn 33
  477.3s   model reply: in 5779 + cached 60352, out 95 (+56 reasoning)
  477.3s   tool bash: grep -iE "incident|violation|illegal|misconduct|abuse|report" /reference/glossary.md
  477.4s turn 34
  490.0s   model reply: in 2730 + cached 64371, out 1495 (+1464 reasoning)
  490.0s   tool bash: node /kit/rag.mjs entry rule_support_primitives_general activity
  490.2s turn 35
  524.5s   model reply: in 4952 + cached 64388, out 6450 (+5776 reasoning)
  524.5s   tool write: /output/translation.md
  524.5s turn 36
  534.6s   model reply: in 46880 + cached 0, out 38 (+8 reasoning)
  534.6s   tool bash: node /kit/rag.mjs check --translation /output/translation.md
  534.8s turn 37
  538.2s   model reply: in 2928 + cached 44268, out 52 (+20 reasoning)
  538.2s   tool bash: node /kit/rag.mjs check --translation /output/translation.md --json
  538.4s turn 38
  544.4s   model reply: in 3631 + cached 43953, out 746 (+97 reasoning)
  544.4s agent finished
  544.4s agent finished
