   17.8s turn 1
   26.3s   model reply: in 11206 + cached 0, out 934 (+917 reasoning)
   26.3s   tool bash: ls -la /
   26.5s turn 2
   36.1s   model reply: in 4876 + cached 8033, out 45 (+27 reasoning)
   36.1s   tool bash: ls -la /reference
   36.2s turn 3
   45.5s   model reply: in 5135 + cached 8023, out 1088 (+1056 reasoning)
   45.5s   tool bash: rg -i "verdict" /reference /kit 2>/dev/null || true
   45.8s turn 4
   49.0s   model reply: in 2213 + cached 12036, out 51 (+18 reasoning)
   49.0s   tool bash: rg -i "hypothesized" /reference /kit 2>/dev/null || true
   49.1s turn 5
   53.2s   model reply: in 2284 + cached 12019, out 51 (+25 reasoning)
   53.2s   tool bash: head -n 20 /reference/examples.jsonl
   53.3s turn 6
   57.2s   model reply: in 3501 + cached 12023, out 38 (+15 reasoning)
   57.2s   tool bash: node /kit/rag.mjs entry activity
   59.2s turn 7
   81.6s   model reply: in 4165 + cached 12017, out 2896 (+2804 reasoning)
   81.8s   tool write: /output/reconstruction.md
   82.1s turn 8
   85.1s   model reply: in 3028 + cached 16055, out 40 (+20 reasoning)
   85.1s   tool read: /output/reconstruction.md
   85.1s turn 9
   89.8s   model reply: in 3150 + cached 16039, out 160 (+128 reasoning)
   89.9s agent finished
   89.9s agent finished
