    1.6s turn 1
    4.9s   model reply: in 16148 + cached 0, out 114 (+97 reasoning)
    4.9s   tool read: /trajectory.txt
    4.9s turn 2
    7.7s   model reply: in 0 + cached 0, out 0 (+0 reasoning)
    7.7s agent finished
    9.7s turn 3
   23.2s   model reply: in 0 + cached 0, out 0 (+0 reasoning)
   23.2s agent finished
   27.2s turn 4
   38.6s   model reply: in 0 + cached 0, out 0 (+0 reasoning)
   38.7s agent finished
   46.7s turn 5
   69.2s   model reply: in 0 + cached 0, out 0 (+0 reasoning)
   69.2s agent finished
   85.2s turn 6
  197.3s   model reply: in 18148 + cached 0, out 67 (+48 reasoning)
  197.3s   tool bash: ls -la /kit/
  197.3s turn 7
  246.7s   model reply: in 2241 + cached 16141, out 45 (+26 reasoning)
  246.7s   tool read: /kit/README.md
  246.7s turn 8
  254.4s   model reply: in 3451 + cached 16138, out 39 (+22 reasoning)
  254.4s   tool bash: ls -la /
  254.4s turn 9
  317.5s   model reply: in 4280 + cached 16131, out 3520 (+3498 reasoning)
  317.5s   tool bash: ls -la /workspace /reference /session
  317.5s turn 10
  322.2s   model reply: in 4151 + cached 20196, out 47 (+27 reasoning)
  322.2s   tool read: /reference/examples.jsonl
  322.2s turn 11
  330.7s   model reply: in 5372 + cached 20192, out 29 (+12 reasoning)
  330.7s   tool read: /prompt.md
  330.7s turn 12
  372.5s   model reply: in 26056 + cached 0, out 5341 (+5313 reasoning)
  372.5s   tool bash: grep -i "octopus" /reference/*.md /reference/*.jsonl
  372.7s turn 13
  529.9s   model reply: in 31407 + cached 0, out 18369 (+18107 reasoning)
  529.9s   tool write: /output/reconstruction.md
  530.0s turn 14
  536.5s   model reply: in 49781 + cached 0, out 54 (+34 reasoning)
  536.5s   tool read: /output/reconstruction.md
  536.5s turn 15
  540.4s   model reply: in 5422 + cached 44649, out 83 (+59 reasoning)
  540.4s agent finished
  540.4s agent finished
