    1.8s turn 1
   11.2s   model reply: in 29345 + cached 0, out 1097 (+1045 reasoning)
   11.2s   tool bash: node /kit/rag.mjs search "mow" "lawn" "grass" "debris" "obstacle" "mower" "trim" "gardening" "safety"
   11.3s turn 2
   16.4s   model reply: in 4418 + cached 28452, out 110 (+59 reasoning)
   16.4s   tool bash: node /kit/rag.mjs entry activity requirement subject property_question ask inform offer respond recommended enables important designed_to_be at_least at_most ne
   16.5s turn 3
   22.7s   model reply: in 2508 + cached 32511, out 86 (+50 reasoning)
   22.7s   tool bash: node /kit/rag.mjs entry offer_help obligation negation conjunction at_least at_most measure duration
   22.8s turn 4
   43.4s   model reply: in 36270 + cached 0, out 80 (+39 reasoning)
   43.4s   tool bash: node /kit/rag.mjs search "before" "after" "sequence" "procedure" "useful" "inefficient"
   43.5s turn 5
   49.2s   model reply: in 37971 + cached 0, out 68 (+38 reasoning)
   49.2s   tool bash: node /kit/rag.mjs entry sequence then meets_needs reason_for
   49.3s turn 6
   62.5s   model reply: in 5957 + cached 32478, out 1662 (+1610 reasoning)
   62.5s   tool bash: node /kit/rag.mjs search "blade" "direction" "debris" "prepare" "gloves" "eyewear" "straight" "pace" "edge"
   62.7s turn 7
   68.8s   model reply: in 5932 + cached 36550, out 147 (+103 reasoning)
   68.8s   tool bash: node /kit/rag.mjs search "efficiency" "uniform" "precision" "grooming" "obstacle" "patch" "recommend"
   69.0s turn 8
   76.6s   model reply: in 3985 + cached 40608, out 1032 (+992 reasoning)
   76.6s   tool bash: node /kit/rag.mjs search "fraction" "percent" "ratio" "height" "portion" "third"
   76.8s turn 9
   81.6s   model reply: in 6761 + cached 40610, out 65 (+30 reasoning)
   81.6s   tool bash: node /kit/rag.mjs entry rate unit_percent size_large size_small size_tall
   81.7s turn 10
   85.8s   model reply: in 3091 + cached 44653, out 84 (+42 reasoning)
   85.8s   tool bash: node /kit/rag.mjs search "attribute_claim" "equipped" "needs" "requires" "uses" "tool"
   86.0s turn 11
  114.4s   model reply: in 4861 + cached 44648, out 65 (+31 reasoning)
  114.4s   tool bash: node /kit/rag.mjs entry attribute_claim has_attribute character_trait provides include activity
  114.5s turn 12
  121.3s   model reply: in 2427 + cached 48700, out 922 (+894 reasoning)
  121.3s   tool bash: node /kit/rag.mjs entry role_agent role_user
  121.5s turn 13
  131.2s   model reply: in 3454 + cached 48688, out 1447 (+1410 reasoning)
  131.2s   tool bash: node /kit/rag.mjs search "example" "instructions" "advice" "respond" "turn"
  131.4s turn 14
  134.4s   model reply: in 6285 + cached 48693, out 86 (+49 reasoning)
  134.4s   tool bash: node /kit/rag.mjs search "step" "plan" "process" "gear" "equipment"
  134.6s turn 15
  149.1s   model reply: in 56416 + cached 0, out 2639 (+1984 reasoning)
  149.1s   tool write: /output/translation.md
  149.2s turn 16
  167.3s   model reply: in 6317 + cached 52742, out 53 (+23 reasoning)
  167.3s   tool bash: node /kit/rag.mjs check --translation /output/translation.md
  167.4s turn 17
  180.3s   model reply: in 2958 + cached 56785, out 2014 (+1350 reasoning)
  180.3s   tool write: /output/translation.md
  180.3s turn 18
  183.2s   model reply: in 4982 + cached 56779, out 37 (+7 reasoning)
  183.2s   tool bash: node /kit/rag.mjs check --translation /output/translation.md
  183.3s turn 19
  221.6s   model reply: in 5675 + cached 56765, out 8054 (+6197 reasoning)
  221.6s   tool write: /output/translation.md
  221.6s turn 20
  231.7s   model reply: in 51041 + cached 0, out 53 (+23 reasoning)
  231.7s   tool bash: node /kit/rag.mjs check --translation /output/translation.md
  231.9s turn 21
  243.0s   model reply: in 3084 + cached 48715, out 2101 (+244 reasoning)
  243.0s   tool write: /output/translation.md
  243.0s turn 22
  246.3s   model reply: in 5195 + cached 48709, out 53 (+23 reasoning)
  246.3s   tool bash: node /kit/rag.mjs check --translation /output/translation.md
  246.4s turn 23
  263.6s   model reply: in 5890 + cached 48695, out 3656 (+1799 reasoning)
  263.6s   tool write: /output/translation.md
  263.6s turn 24
  266.6s   model reply: in 5485 + cached 52760, out 44 (+14 reasoning)
  266.6s   tool bash: node /kit/rag.mjs check --translation /output/translation.md
  266.8s turn 25
  275.5s   model reply: in 2113 + cached 56804, out 1320 (+55 reasoning)
  275.5s agent finished
  275.5s agent finished
