    8.4s turn 1
   14.0s   model reply: in 11134 + cached 0, out 626 (+595 reasoning)
   14.0s   tool bash: ls -la /
ls -la /output 2>/dev/null || true
   14.1s turn 2
   17.4s   model reply: in 4554 + cached 8029, out 37 (+17 reasoning)
   17.4s   tool bash: ls -la /kit /reference
   17.8s turn 3
   20.1s   model reply: in 4979 + cached 8021, out 44 (+23 reasoning)
   20.1s   tool bash: cat /reference/examples.jsonl
   20.1s turn 4
   22.5s   model reply: in 14214 + cached 0, out 75 (+25 reasoning)
   22.5s   tool bash: node /kit/rag.mjs entry term_negation
node /kit/rag.mjs entry attribute_claim
node /kit/rag.mjs entry statement
   23.2s turn 5
   25.5s   model reply: in 2696 + cached 12026, out 42 (+19 reasoning)
   25.5s   tool bash: node /kit/rag.mjs search negation
   26.1s turn 6
   31.1s   model reply: in 3057 + cached 12015, out 39 (+16 reasoning)
   31.1s   tool bash: node /kit/rag.mjs entry negation
   32.5s turn 7
   45.3s   model reply: in 3191 + cached 12000, out 1415 (+1332 reasoning)
   45.3s   tool write: /output/reconstruction.md
   45.3s turn 8
   47.8s   model reply: in 4605 + cached 12006, out 39 (+19 reasoning)
   47.8s   tool read: /output/reconstruction.md
   47.8s turn 9
   51.2s   model reply: in 4715 + cached 11992, out 93 (+15 reasoning)
   51.3s agent finished
   51.3s agent finished
