   12.1s turn 1
  116.4s   model reply: in 3631 + cached 0, out 18947 (+18929 reasoning)
  116.4s   tool bash: mkdir -p /output
  116.5s turn 2
  119.6s   model reply: in 22581 + cached 0, out 80 (+56 reasoning)
  119.6s   tool read: /attach/1-format-reconstruction.md
  119.6s turn 3
  122.8s   model reply: in 2593 + cached 20235, out 34 (+17 reasoning)
  122.8s   tool read: /trajectory.txt
  122.8s turn 4
  151.6s   model reply: in 4651 + cached 20237, out 5254 (+5201 reasoning)
  151.6s   tool bash: python3 -c "
with open('/trajectory.txt', 'r') as f:
    content = f.read()
print(repr(content[:250]))
"
  151.7s turn 5
  155.4s   model reply: in 5847 + cached 24318, out 75 (+12 reasoning)
  155.4s   tool bash: node -e "
const fs = require('fs');
const content = fs.readFileSync('/trajectory.txt', 'utf8');
console.log(JSON.stringify(content.substring(0, 300)));
"
  155.5s turn 6
  159.6s   model reply: in 6076 + cached 24302, out 220 (+24 reasoning)
  159.6s   tool bash: node -e "
const fs = require('fs');
const content = fs.readFileSync('/trajectory.txt', 'utf8');
const parts = content.split(/(<\|user\|>|<\|assistant\|>)/);
for
  159.6s turn 7
  192.2s   model reply: in 2802 + cached 28340, out 5631 (+5543 reasoning)
  192.2s   tool bash: node -e "
const fs = require('fs');
const content = fs.readFileSync('/trajectory.txt', 'utf8');
const lines = content.split('\r\n').join('\n').split('\n');
line
  192.3s turn 8
  220.0s   model reply: in 0 + cached 0, out 0 (+0 reasoning)
  220.2s agent finished
  222.0s turn 9
  236.1s   model reply: in 0 + cached 0, out 0 (+0 reasoning)
  236.1s agent finished
  240.1s turn 10
  251.7s   model reply: in 0 + cached 0, out 0 (+0 reasoning)
  251.8s agent finished
  259.8s turn 11
  282.1s   model reply: in 0 + cached 0, out 0 (+0 reasoning)
  282.2s agent finished
  298.1s turn 12
  392.6s   model reply: in 39582 + cached 0, out 9060 (+7663 reasoning)
  392.6s   tool write: /output/reconstruction.md
  392.6s turn 13
  401.8s   model reply: in 12093 + cached 36554, out 247 (+227 reasoning)
  401.8s   tool read: /output/reconstruction.md
  401.8s turn 14
  405.2s   model reply: in 5595 + cached 44670, out 45 (+26 reasoning)
  405.2s agent finished
  405.2s agent finished
