    1.7s turn 1
   11.0s   model reply: in 27780 + cached 0, out 1113 (+1069 reasoning)
   11.0s   tool bash: node /kit/rag.mjs search "marriage" "partnership" "romantic partner" "outdated" "disagree" "evolving institution"
   11.2s turn 2
   14.8s   model reply: in 6172 + cached 24373, out 99 (+53 reasoning)
   14.8s   tool bash: node /kit/rag.mjs search "opinion" "perspective" "evolution" "change over time" "necessity" "happiness" "fulfillment"
   15.1s turn 3
   19.5s   model reply: in 4102 + cached 28430, out 101 (+53 reasoning)
   19.5s   tool bash: node /kit/rag.mjs entry ask inform property_question subject interpersonal_stance important controversial attitude unaware varies_with enables contrast supports
   19.7s turn 4
   23.6s   model reply: in 5918 + cached 28425, out 191 (+132 reasoning)
   23.6s   tool bash: node /kit/rag.mjs entry personal_values attribute_claim has_attribute role_adults gender_identity char_female gender_men gender_women gender_unisex foreigners r
   23.8s turn 5
   47.8s   model reply: in 3258 + cached 32477, out 1889 (+1831 reasoning)
   47.8s   tool bash: node /kit/rag.mjs search "subject" "topic" "involves" "attitude" "designed_to_be" "meets_needs" "leads_to" "reason_for"
   47.9s turn 6
   67.4s   model reply: in 7599 + cached 32490, out 118 (+71 reasoning)
   67.4s   tool bash: node /kit/rag.mjs entry opposes involves focus_of considered designed_to_be leads_to reason_for motivated_by user_preference conjunction conditional
   67.5s turn 7
  108.2s   model reply: in 4798 + cached 36542, out 93 (+61 reasoning)
  108.2s   tool bash: grep -E "\| (constructor|composite) \|" /reference/glossary.md
  108.2s turn 8
  167.5s   model reply: in 2632 + cached 40597, out 624 (+598 reasoning)
  167.5s   tool bash: grep -i "marriage" /reference/glossary.md
  167.6s turn 9
  172.2s   model reply: in 3281 + cached 40582, out 85 (+52 reasoning)
  172.2s   tool bash: node /kit/rag.mjs widen "marriage as an institution and relationship" --kind object
  172.4s turn 10
  190.5s   model reply: in 4760 + cached 40575, out 2198 (+2158 reasoning)
  190.5s   tool bash: node /kit/rag.mjs search "valid paths" "ways" "fulfillment" "lifestyle" "well-being"
  190.6s turn 11
  193.9s   model reply: in 4347 + cached 44644, out 46 (+21 reasoning)
  193.9s   tool bash: node /kit/rag.mjs entry user_practice
  194.0s turn 12
  201.5s   model reply: in 4586 + cached 44626, out 730 (+689 reasoning)
  201.5s   tool bash: node /kit/rag.mjs search "inclusive" "diversity" "gender" "religion" "race" "ethnicity"
  201.7s turn 13
  211.1s   model reply: in 3000 + cached 48684, out 1008 (+961 reasoning)
  211.1s   tool bash: node /kit/rag.mjs search "lack personal opinion" "no opinion" "neutral" "impartial" "balanced" "arguments on both sides"
  211.2s turn 14
  218.0s   model reply: in 5627 + cached 48687, out 499 (+456 reasoning)
  218.0s   tool bash: node /kit/rag.mjs search "evolved" "society" "societal" "temporal" "over time" "meaning"
  218.2s turn 15
  221.8s   model reply: in 3745 + cached 52743, out 116 (+73 reasoning)
  221.8s   tool bash: node /kit/rag.mjs entry time_horizon time_point temporal_context perceived_as lexical_label attribute_claim has_attribute
  221.9s turn 16
  326.6s   model reply: in 0 + cached 0, out 0 (+0 reasoning)
  326.6s agent finished
  328.6s turn 17
  342.3s   model reply: in 0 + cached 0, out 0 (+0 reasoning)
  342.3s agent finished
  346.3s turn 18
  358.0s   model reply: in 0 + cached 0, out 0 (+0 reasoning)
  358.0s agent finished
  366.0s turn 19
  388.8s   model reply: in 0 + cached 0, out 0 (+0 reasoning)
  388.8s agent finished
  404.8s turn 20
  512.7s   model reply: in 58106 + cached 0, out 6031 (+4366 reasoning)
  512.7s   tool write: /output/translation.md
  512.7s turn 21
  525.2s   model reply: in 7318 + cached 56823, out 61 (+31 reasoning)
  525.2s   tool bash: node /kit/rag.mjs check --translation /output/translation.md
  525.4s turn 22
  570.1s   model reply: in 4060 + cached 60868, out 1496 (+1473 reasoning)
  570.1s   tool bash: node /kit/rag.mjs entry enables
  570.1s turn 23
  582.6s   model reply: in 5670 + cached 60861, out 863 (+840 reasoning)
  582.6s   tool bash: node /kit/rag.mjs entry involves
  582.7s turn 24
  608.0s   model reply: in 2614 + cached 64907, out 4446 (+2731 reasoning)
  608.0s   tool write: /output/translation.md
  608.0s turn 25
  622.7s   model reply: in 51440 + cached 0, out 59 (+29 reasoning)
  622.7s   tool bash: node /kit/rag.mjs check --translation /output/translation.md
  622.8s turn 26
  635.6s   model reply: in 3523 + cached 48702, out 1880 (+145 reasoning)
  635.6s agent finished
  635.6s agent finished
