    1.8s turn 1
    9.3s   model reply: in 25082 + cached 0, out 1090 (+1049 reasoning)
    9.3s   tool bash: node /kit/rag.mjs search "web_element" "click" "then" "request" "constraint_beginner"
    9.5s turn 2
   12.4s   model reply: in 3444 + cached 24353, out 59 (+20 reasoning)
   12.4s   tool bash: node /kit/rag.mjs entry web_element click select_filter request constraint_beginner song requirement apply_filters then
   12.5s turn 3
   18.5s   model reply: in 4429 + cached 24342, out 663 (+627 reasoning)
   18.5s   tool bash: node /kit/rag.mjs search "web_element" "RECORD ACTION click" "RECORD ACTION"
   18.6s turn 4
   23.5s   model reply: in 6045 + cached 24337, out 377 (+353 reasoning)
   23.5s   tool bash: grep -rn "web_element" /reference/
   23.6s turn 5
   26.4s   model reply: in 2628 + cached 28379, out 55 (+31 reasoning)
   26.4s   tool bash: grep -rn "RECORD ACTION click" /reference/
   26.5s turn 6
   29.3s   model reply: in 2713 + cached 28359, out 50 (+27 reasoning)
   29.3s   tool bash: grep -rn "RECORD ACTION" /reference/
   29.4s turn 7
   36.4s   model reply: in 3830 + cached 28351, out 1085 (+1040 reasoning)
   36.4s   tool bash: node /kit/rag.mjs search "role_user" "role_agent" "apply_filters" "select_filter" "sequence"
   36.6s turn 8
   39.9s   model reply: in 6600 + cached 28358, out 54 (+23 reasoning)
   39.9s   tool bash: node /kit/rag.mjs entry role_user role_agent request sequence then
   40.0s turn 9
   46.0s   model reply: in 2898 + cached 32393, out 725 (+693 reasoning)
   46.0s   tool bash: node /kit/rag.mjs search "guitar" "tabs" "guitar tabs"
   46.2s turn 10
   49.6s   model reply: in 4420 + cached 32389, out 97 (+66 reasoning)
   49.6s   tool bash: node /kit/rag.mjs search "difficulty" "rating" "beginner"
   49.8s turn 11
   54.1s   model reply: in 5361 + cached 32380, out 388 (+366 reasoning)
   54.1s   tool bash: grep -rn "request(" /reference/
   54.2s turn 12
   57.5s   model reply: in 2295 + cached 36418, out 74 (+52 reasoning)
   57.5s   tool bash: grep -rn "CLAIM" /reference/
   57.6s turn 13
   60.5s   model reply: in 4664 + cached 36424, out 49 (+28 reasoning)
   60.5s   tool bash: cat /reference/examples.jsonl
   60.5s turn 14
   70.2s   model reply: in 5889 + cached 36418, out 1637 (+1612 reasoning)
   70.2s   tool bash: node -e 'console.log(process.version)'
   70.2s turn 15
   73.4s   model reply: in 3490 + cached 40462, out 68 (+29 reasoning)
   73.4s   tool bash: node /kit/rag.mjs entry apply_filters select_filter web_element click sequence then song constraint_beginner request
   73.5s turn 16
   81.9s   model reply: in 4266 + cached 40451, out 1257 (+1220 reasoning)
   81.9s   tool bash: node /kit/rag.mjs search "filter" "search" "query" "target" "guitar"
   82.1s turn 17
   91.4s   model reply: in 2934 + cached 44508, out 1524 (+1032 reasoning)
   91.4s   tool write: /output/translation.md
   91.5s turn 18
   94.3s   model reply: in 4469 + cached 44501, out 53 (+23 reasoning)
   94.3s   tool bash: node /kit/rag.mjs check --translation /output/translation.md
   94.5s turn 19
   99.0s   model reply: in 4759 + cached 44485, out 395 (+355 reasoning)
   99.0s   tool bash: node /kit/rag.mjs search "apply_filters" "select_filter" "song" "search_web"
   99.2s turn 20
  104.1s   model reply: in 0 + cached 0, out 0 (+0 reasoning)
  104.1s agent finished
  106.1s turn 21
  119.8s   model reply: in 0 + cached 0, out 0 (+0 reasoning)
  119.8s agent finished
  123.8s turn 22
  232.4s   model reply: in 2443 + cached 48529, out 654 (+624 reasoning)
  232.4s   tool bash: grep -rn '"kind": "constructor"' /reference/glossary.jsonl
  232.4s turn 23
  255.0s   model reply: in 5485 + cached 48544, out 633 (+606 reasoning)
  255.0s   tool bash: node /kit/rag.mjs search "speech_act"
  255.2s turn 24
  272.2s   model reply: in 2375 + cached 52580, out 276 (+249 reasoning)
  272.2s   tool bash: grep -rn "song" /reference/glossary.jsonl
  272.2s turn 25
  281.3s   model reply: in 2787 + cached 52564, out 82 (+53 reasoning)
  281.3s   tool bash: grep -rn "entity-name" /reference/glossary.jsonl
  281.4s turn 26
  287.0s   model reply: in 5494 + cached 52576, out 114 (+60 reasoning)
  287.0s   tool bash: node -e 'const fs = require("fs"); console.log(fs.readFileSync("/kit/rag.mjs", "utf8").slice(0, 3000));'
  287.1s turn 27
  302.0s   model reply: in 2500 + cached 56612, out 1759 (+1247 reasoning)
  302.0s   tool write: /output/translation.md
  302.0s turn 28
  307.4s   model reply: in 4266 + cached 56609, out 53 (+23 reasoning)
  307.4s   tool bash: node /kit/rag.mjs check --translation /output/translation.md
  307.5s turn 29
  316.8s   model reply: in 4543 + cached 56592, out 1226 (+712 reasoning)
  316.9s   tool write: /output/translation.md
  316.9s turn 30
  320.3s   model reply: in 5782 + cached 56583, out 53 (+23 reasoning)
  320.3s   tool bash: node /kit/rag.mjs check --translation /output/translation.md
  320.4s turn 31
  327.0s   model reply: in 2036 + cached 60607, out 705 (+675 reasoning)
  327.0s   tool bash: node /kit/rag.mjs widen "Filter search results" --kind action
  327.2s turn 32
  341.3s   model reply: in 4523 + cached 60619, out 2123 (+1592 reasoning)
  341.3s   tool write: /output/translation.md
  341.3s turn 33
  345.0s   model reply: in 2606 + cached 64663, out 53 (+23 reasoning)
  345.0s   tool bash: node /kit/rag.mjs check --translation /output/translation.md
  345.1s turn 34
  349.8s   model reply: in 2888 + cached 64645, out 210 (+144 reasoning)
  349.8s   tool bash: node -e 'const n = JSON.parse(require("fs").readFileSync("/needs.json", "utf8")); console.log(JSON.stringify(n.find(x => x.id === "n2"), null, 2))'
  349.8s turn 35
  358.1s   model reply: in 3343 + cached 64630, out 1151 (+625 reasoning)
  358.1s   tool write: /output/translation.md
  358.1s turn 36
  362.0s   model reply: in 4507 + cached 64621, out 53 (+23 reasoning)
  362.0s   tool bash: node /kit/rag.mjs check --translation /output/translation.md
  362.2s turn 37
  380.6s   model reply: in 4808 + cached 64605, out 3274 (+2748 reasoning)
  380.6s   tool write: /output/translation.md
  380.7s turn 38
  392.9s   model reply: in 45019 + cached 0, out 53 (+23 reasoning)
  392.9s   tool bash: node /kit/rag.mjs check --translation /output/translation.md
  393.0s turn 39
  396.4s   model reply: in 4883 + cached 40421, out 190 (+165 reasoning)
  396.4s   tool bash: node /kit/rag.mjs entry role_user
  396.6s turn 40
  406.1s   model reply: in 5136 + cached 40404, out 1481 (+1451 reasoning)
  406.1s   tool bash: node /kit/rag.mjs check --translation /output/translation.md
  406.2s turn 41
  416.9s   model reply: in 2807 + cached 44446, out 576 (+31 reasoning)
  416.9s agent finished
  416.9s agent finished
