    1.9s turn 1
   32.1s   model reply: in 12780 + cached 0, out 1325 (+1308 reasoning)
   32.1s   tool bash: ls -la /
   32.1s turn 2
   64.9s   model reply: in 14888 + cached 0, out 42 (+20 reasoning)
   64.9s   tool bash: ls -la /kit /reference /output
   64.9s turn 3
   67.8s   model reply: in 15368 + cached 0, out 44 (+23 reasoning)
   67.8s   tool bash: cat /reference/examples.jsonl
   67.8s turn 4
   94.5s   model reply: in 16582 + cached 0, out 34 (+14 reasoning)
   94.5s   tool bash: cat /kit/README.md
   94.5s turn 5
  121.7s   model reply: in 5708 + cached 12070, out 41 (+24 reasoning)
  121.7s   tool bash: ls -la /
  121.8s turn 6
  140.5s   model reply: in 18602 + cached 0, out 30 (+12 reasoning)
  140.6s   tool bash: cat /prompt.md
  140.6s turn 7
  159.8s   model reply: in 19097 + cached 0, out 1391 (+1358 reasoning)
  159.8s   tool bash: grep -i "mind2web" /reference/* /kit/* 2>/dev/null
  159.8s turn 8
  186.8s   model reply: in 4417 + cached 16081, out 45 (+27 reasoning)
  186.8s   tool bash: ls -la /session
  186.8s turn 9
  220.5s   model reply: in 4621 + cached 16067, out 171 (+119 reasoning)
  220.5s   tool bash: node /kit/rag.mjs entry click select_option type_text web_element user_preference request requirement medical_condition time_point lexical_label food_label role
  220.6s turn 10
  329.2s   model reply: in 22400 + cached 0, out 56 (+21 reasoning)
  329.2s   tool bash: grep -A 10 "rule_operations_general" /reference/glossary.md || true
  329.4s turn 11
  358.0s   model reply: in 2946 + cached 20085, out 57 (+23 reasoning)
  358.0s   tool bash: grep -A 5 "rule_recording_signatures" /reference/glossary.md || true
  358.0s turn 12
  374.6s   model reply: in 3608 + cached 20078, out 2699 (+2666 reasoning)
  374.6s   tool bash: grep -in -C 5 "trace" /attach/1-language-spec.md
  374.7s turn 13
  400.1s   model reply: in 28331 + cached 0, out 87 (+55 reasoning)
  400.1s   tool bash: grep -in -C 5 "web_element" /reference/glossary.md
  400.2s turn 14
  420.8s   model reply: in 4870 + cached 24144, out 81 (+50 reasoning)
  420.8s   tool bash: grep -C 3 "web_element" /reference/glossary.jsonl
  420.9s turn 15
  425.1s   model reply: in 0 + cached 0, out 0 (+0 reasoning)
  425.1s agent finished
  427.1s turn 16
  440.9s   model reply: in 0 + cached 0, out 0 (+0 reasoning)
  440.9s agent finished
  444.9s turn 17
  471.6s   model reply: in 0 + cached 0, out 0 (+0 reasoning)
  471.6s agent finished
  479.6s turn 18
  540.3s   model reply: in 29961 + cached 0, out 49 (+27 reasoning)
  540.3s   tool bash: cat /kit/needs_prompt.md
  540.3s turn 19
  563.5s   model reply: in 2532 + cached 28156, out 1954 (+1933 reasoning)
  563.5s   tool bash: cat /kit/rag.mjs
  563.5s turn 20
  570.6s   model reply: in 5985 + cached 28190, out 42 (+18 reasoning)
  570.6s   tool bash: node /kit/rag.mjs health || true
  570.7s turn 21
  577.1s   model reply: in 2117 + cached 32189, out 87 (+52 reasoning)
  577.1s   tool bash: node /kit/rag.mjs search "birthday" "allergy" "bio" "save"
  577.2s turn 22
  606.1s   model reply: in 3280 + cached 32189, out 4497 (+4408 reasoning)
  606.2s   tool bash: python3 -c "
import nltk
try:
    nltk.download('punkt', quiet=True)
    text = '1. Click Profile menu\n2. Click Profile\n3. Select January from BIRTHDAY Month'
  606.2s turn 23
  611.0s   model reply: in 7754 + cached 32235, out 56 (+15 reasoning)
  611.0s   tool bash: node -e "
// Let's test standard sentence regexes or tokenizers
console.log('Node is available');
"
  611.0s turn 24
  655.7s   model reply: in 3802 + cached 36246, out 3835 (+3803 reasoning)
  655.7s   tool bash: grep -rnw "click" /reference /kit /attach 2>/dev/null
  656.0s turn 25
  660.2s   model reply: in 7826 + cached 36284, out 69 (+29 reasoning)
  660.2s   tool bash: grep -rnw -E "select_option|type_text" /reference /kit /attach 2>/dev/null
  660.3s turn 26
  664.2s   model reply: in 4910 + cached 40312, out 93 (+58 reasoning)
  664.2s   tool bash: grep -n -C 10 "CONVO" /attach/1-language-spec.md
  664.2s turn 27
  700.3s   model reply: in 2906 + cached 44353, out 5162 (+5109 reasoning)
  700.3s   tool bash: find / -maxdepth 3 -name "*.json" -o -name "*.jsonl" -o -name "*.txt" -o -name "*.md" 2>/dev/null
  700.4s turn 28
  704.1s   model reply: in 8028 + cached 44403, out 64 (+9 reasoning)
  704.1s   tool bash: find / -maxdepth 3 \( -name "*.json" -o -name "*.jsonl" -o -name "*.txt" -o -name "*.md" \) 2>/dev/null
  704.2s turn 29
  707.8s   model reply: in 4084 + cached 48421, out 27 (+10 reasoning)
  707.8s   tool bash: ls -la /
  707.8s turn 30
  712.4s   model reply: in 4903 + cached 48412, out 30 (+12 reasoning)
  712.4s   tool bash: ls -la /attach
  712.4s turn 31
  715.9s   model reply: in 5102 + cached 48395, out 54 (+29 reasoning)
  715.9s   tool bash: cat /attach/2-glossary-entries.md
  715.9s turn 32
  743.4s   model reply: in 2709 + cached 52432, out 4226 (+4071 reasoning)
  743.4s   tool bash: node -e '
const fs = require("fs");
const lines = fs.readFileSync("/reference/glossary.jsonl", "utf8").split("\n");
for (const line of lines) {
  if (!line.trim
  743.6s turn 33
  774.4s   model reply: in 7779 + cached 52481, out 4975 (+4847 reasoning)
  774.4s   tool write: /output/reconstruction.md
  774.5s turn 34
  777.7s   model reply: in 8682 + cached 56558, out 45 (+25 reasoning)
  777.7s   tool read: /output/reconstruction.md
  777.7s turn 35
  781.9s   model reply: in 4807 + cached 60580, out 119 (+97 reasoning)
  781.9s agent finished
  781.9s agent finished
