    2.1s turn 1
    6.9s   model reply: in 0 + cached 0, out 0 (+0 reasoning)
    6.9s agent finished
    8.9s turn 2
  112.6s   model reply: in 27296 + cached 0, out 138 (+83 reasoning)
  112.6s   tool bash: node /kit/rag.mjs search "discussion question" "documentary" "social media" "mental health" "misinformation" "group discussion" "open ended" "no definitive answ
  112.8s turn 3
  117.6s   model reply: in 5350 + cached 24367, out 115 (+59 reasoning)
  117.6s   tool bash: node /kit/rag.mjs search "question" "debate" "discussion" "ethical" "bias" "manipulate" "privacy" "algorithm" "paper" "article" "interview"
  117.8s turn 4
  124.7s   model reply: in 4417 + cached 28433, out 987 (+905 reasoning)
  124.7s   tool bash: node /kit/rag.mjs entry ask respond propose inform request statement attribute_claim controversial causes leads_to enables involves role provides unaware failur
  124.9s turn 5
  128.9s   model reply: in 3224 + cached 32496, out 86 (+24 reasoning)
  128.9s   tool bash: node /kit/rag.mjs entry opposes considered distracts_from varies_with obligation activity subject property_question group_size dialogue self_protection beliefs 
  129.0s turn 6
  133.8s   model reply: in 5323 + cached 32493, out 88 (+48 reasoning)
  133.8s   tool bash: node /kit/rag.mjs entry beliefs personal_values potential_harms role_user role_agent role_respondent
  133.9s turn 7
  142.1s   model reply: in 5774 + cached 32477, out 582 (+554 reasoning)
  142.1s   tool bash: node /kit/rag.mjs entry genre_label lexical_label
  142.3s turn 8
  148.9s   model reply: in 2855 + cached 36526, out 710 (+671 reasoning)
  148.9s   tool bash: node /kit/rag.mjs entry user_practice user_preference recommended self_protection stereotype has_attribute has_state
  149.0s turn 9
  152.0s   model reply: in 4356 + cached 36519, out 106 (+63 reasoning)
  152.0s   tool bash: node /kit/rag.mjs entry topic_politics art_social_post art_technical_explanation style_technical style_persuasive
  152.1s turn 10
  165.9s   model reply: in 4763 + cached 36503, out 2551 (+1980 reasoning)
  165.9s   tool write: /output/translation.md
  165.9s turn 11
  168.8s   model reply: in 3263 + cached 40558, out 45 (+15 reasoning)
  168.8s   tool bash: node /kit/rag.mjs check --translation /output/translation.md
  168.9s turn 12
  205.7s   model reply: in 3930 + cached 40544, out 7596 (+5883 reasoning)
  205.7s   tool write: /output/translation.md
  205.7s turn 13
  208.9s   model reply: in 11490 + cached 40584, out 45 (+15 reasoning)
  208.9s   tool bash: node /kit/rag.mjs check --translation /output/translation.md
  209.0s turn 14
  234.1s   model reply: in 4139 + cached 48687, out 4598 (+2865 reasoning)
  234.1s   tool write: /output/translation.md
  234.2s turn 15
  238.2s   model reply: in 57428 + cached 0, out 45 (+15 reasoning)
  238.2s   tool bash: node /kit/rag.mjs check --translation /output/translation.md
  238.3s turn 16
  243.7s   model reply: in 5433 + cached 52747, out 440 (+255 reasoning)
  243.7s agent finished
  243.7s agent finished
