    1.8s turn 1
   10.1s   model reply: in 12658 + cached 0, out 755 (+738 reasoning)
   10.1s   tool bash: ls -la /
   10.1s turn 2
   15.9s   model reply: in 2124 + cached 12072, out 44 (+24 reasoning)
   15.9s   tool bash: ls -la /kit /reference
   15.9s turn 3
   19.0s   model reply: in 2560 + cached 12060, out 51 (+30 reasoning)
   19.0s   tool bash: cat /reference/examples.jsonl
   19.0s turn 4
   37.7s   model reply: in 3780 + cached 12061, out 2603 (+2571 reasoning)
   37.7s   tool bash: grep -rn "alfred" /reference /kit /attach 2>/dev/null
   37.9s turn 5
   40.4s   model reply: in 6376 + cached 12078, out 48 (+23 reasoning)
   40.4s   tool bash: head -n 50 /kit/README.md
   40.4s turn 6
   42.9s   model reply: in 3389 + cached 16101, out 50 (+28 reasoning)
   42.9s   tool bash: cat /kit/needs_prompt.md
   42.9s turn 7
   55.9s   model reply: in 4124 + cached 16094, out 2053 (+2025 reasoning)
   55.9s   tool bash: grep -C 3 "place" /reference/glossary.md
   55.9s turn 8
   76.5s   model reply: in 4036 + cached 20158, out 2845 (+2726 reasoning)
   76.5s   tool write: /output/reconstruction.md
   76.5s turn 9
   79.1s   model reply: in 2837 + cached 24207, out 55 (+35 reasoning)
   79.1s   tool read: /output/reconstruction.md
   79.2s turn 10
   82.8s   model reply: in 3003 + cached 24189, out 27 (+13 reasoning)
   82.8s agent finished
   82.8s agent finished
