    2.3s turn 1
   13.8s   model reply: in 31360 + cached 0, out 1646 (+1606 reasoning)
   13.8s   tool bash: node /kit/rag.mjs search "identity" "privacy" "security" "authentication" "account" "policy"
   13.9s turn 2
   18.2s   model reply: in 6244 + cached 28463, out 103 (+40 reasoning)
   18.2s   tool bash: node /kit/rag.mjs search "risk" "trade-off" "benefit" "cost" "infrastructure" "database" "anonymity" "fraud" "bullying" "verification" "password" "marginalized"
   18.4s turn 3
   21.8s   model reply: in 5558 + cached 32532, out 87 (+44 reasoning)
   21.8s   tool bash: node /kit/rag.mjs search "statement" "proposed_policy" "enables" "obligation" "requirement" "activity"
   22.0s turn 4
   25.8s   model reply: in 3442 + cached 36591, out 67 (+27 reasoning)
   25.8s   tool bash: grep -E "\| (constructor|claim_relation|link|speech_act) \|" /reference/glossary.md
   25.9s turn 5
   39.4s   model reply: in 41946 + cached 0, out 1671 (+1606 reasoning)
   39.4s   tool bash: node /kit/rag.mjs entry ask inform respond confirm propose acknowledge activity obligation requirement conditional statement enables considered controversial im
   39.6s turn 6
   43.7s   model reply: in 4968 + cached 40655, out 148 (+90 reasoning)
   43.7s   tool bash: node /kit/rag.mjs entry important provides opposes varies_with self_protection potential_harms driver_license role_user role_agent reason_for supports rejects c
   43.8s turn 7
   48.4s   model reply: in 2748 + cached 44713, out 158 (+101 reasoning)
   48.4s   tool bash: node /kit/rag.mjs search "cause" "solution" "measure" "cyberbullying" "investigation" "criminal" "enforcement" "database" "marginalized" "vulnerable"
   48.5s turn 8
   52.1s   model reply: in 5683 + cached 44713, out 64 (+37 reasoning)
   52.1s   tool bash: node /kit/rag.mjs entry causes leads_to stereotype
   52.2s turn 9
   56.1s   model reply: in 5979 + cached 44696, out 92 (+58 reasoning)
   56.1s   tool bash: grep -E "\| (claim_relation|link) \|" /reference/glossary.md
   56.1s turn 10
   59.8s   model reply: in 3953 + cached 48754, out 76 (+26 reasoning)
   59.8s   tool bash: node /kit/rag.mjs search "leads_to" "mitigate" "risk" "challenge" "balance" "accountability" "protect" "prevent"
   59.9s turn 11
   63.5s   model reply: in 6284 + cached 48751, out 54 (+24 reasoning)
   63.5s   tool bash: grep -n "\| claim_relation \|" /reference/glossary.md
   63.5s turn 12
   68.4s   model reply: in 4408 + cached 52810, out 138 (+93 reasoning)
   68.4s   tool bash: grep -E "^\| [^\|]+ \| (claim_relation|link|speech_act|constructor) \|" /reference/glossary.md
   68.4s turn 13
   86.4s   model reply: in 2335 + cached 56867, out 2366 (+2322 reasoning)
   86.4s   tool bash: node /kit/rag.mjs search "property_question" "obligation" "activity" "requirement" "policy_document" "statement"
   86.6s turn 14
   90.5s   model reply: in 6574 + cached 56879, out 75 (+42 reasoning)
   90.5s   tool bash: grep -E "^\| [^\|]+ \| constructor \|" /reference/glossary.md
   90.6s turn 15
   94.4s   model reply: in 4388 + cached 60936, out 63 (+28 reasoning)
   94.4s   tool bash: grep -E "^\| [^\|]+ \| claim_relation \|" /reference/glossary.md
   94.5s turn 16
   98.5s   model reply: in 2327 + cached 64993, out 69 (+27 reasoning)
   98.5s   tool bash: grep -E "^\| [^\|]+ \| claim_relation \|" /reference/glossary.md | tail -n 25
   98.6s turn 17
  102.2s   model reply: in 3869 + cached 64984, out 58 (+25 reasoning)
  102.2s   tool bash: grep -E "^\| [^\|]+ \| link \|" /reference/glossary.md
  102.3s turn 18
  107.2s   model reply: in 4164 + cached 64966, out 67 (+27 reasoning)
  107.2s   tool bash: grep -E "^\| [^\|]+ \| constructor \|" /reference/glossary.md | tail -n 35
  107.3s turn 19
  122.2s   model reply: in 45873 + cached 0, out 79 (+30 reasoning)
  122.2s   tool bash: grep -E "^\| [^\|]+ \| constructor \|" /reference/glossary.md | cut -d'|' -f2 | tr -d ' '
  122.3s turn 20
  127.0s   model reply: in 5657 + cached 40601, out 140 (+89 reasoning)
  127.0s   tool bash: node /kit/rag.mjs search "anonymity" "accountability" "law enforcement" "privacy" "marginalized" "cyberbullying" "disproportionately"
  127.1s turn 21
  130.7s   model reply: in 3676 + cached 44658, out 72 (+24 reasoning)
  130.7s   tool bash: node /kit/rag.mjs search "password" "authentication" "verification" "database" "proxy" "vpn" "email" "two-factor"
  130.8s turn 22
  152.1s   model reply: in 6054 + cached 44657, out 1467 (+1396 reasoning)
  152.1s   tool bash: node /kit/rag.mjs entry statement proposed_policy obligation activity requirement policy_document enables causes leads_to important considered provides opposes 
  152.3s turn 23
  176.1s   model reply: in 5384 + cached 48725, out 186 (+133 reasoning)
  176.1s   tool bash: node /kit/rag.mjs entry criminality driver_license role_user role_agent potential_harms opposes supports rejects contrast identity ask inform respond confirm pr
  176.2s turn 24
  192.2s   model reply: in 2869 + cached 52777, out 105 (+61 reasoning)
  192.2s   tool bash: node /kit/rag.mjs search "question" "policy" "risk" "balance" "security" "investigation" "harm"
  192.4s turn 25
  197.3s   model reply: in 4907 + cached 52774, out 91 (+56 reasoning)
  197.3s   tool bash: node /kit/rag.mjs entry indicator issue reason_for focus_of attitude interpersonal_stance recommended
  197.5s turn 26
  236.0s   model reply: in 5877 + cached 52762, out 79 (+51 reasoning)
  236.0s   tool bash: node /kit/rag.mjs entry decision conjunction conditional subject similarity distinguish
  236.1s turn 27
  295.8s   model reply: in 2764 + cached 56808, out 112 (+69 reasoning)
  295.8s   tool bash: node /kit/rag.mjs entry user_practice allowed_to_enter meets_needs exempt_from varies_with controversial argues_for
  295.9s turn 28
  301.2s   model reply: in 3853 + cached 56797, out 193 (+158 reasoning)
  301.2s   tool bash: node /kit/rag.mjs entry prohibited has_attribute has_goal involves perceived_as stereotype unaware
  301.3s turn 29
  305.9s   model reply: in 4896 + cached 56786, out 136 (+88 reasoning)
  305.9s   tool bash: node /kit/rag.mjs search "privacy" "security" "cyberbullying" "fraud" "identity" "technology" "infrastructure" "marginalized"
  306.0s turn 30
  326.2s   model reply: in 3178 + cached 60843, out 2633 (+2398 reasoning)
  326.2s   tool bash: cat << 'EOF' > /output/translation.md
Status: success
Mode: TRACE

## BrainCode

```braincode
MODE TRACE
ENTRYPOINT Conversation
CONVO Conversation {
  TURN t1 
  326.4s turn 31
  342.6s   model reply: in 6412 + cached 60851, out 160 (+127 reasoning)
  342.6s   tool bash: node /kit/rag.mjs widen "social security numbers or unique identification" --kind object
  342.7s turn 32
  455.0s   model reply: in 0 + cached 0, out 0 (+0 reasoning)
  455.0s agent finished
  457.0s turn 33
  471.0s   model reply: in 0 + cached 0, out 0 (+0 reasoning)
  471.0s agent finished
  475.0s turn 34
  486.5s   model reply: in 0 + cached 0, out 0 (+0 reasoning)
  486.5s agent finished
  494.6s turn 35
  517.4s   model reply: in 0 + cached 0, out 0 (+0 reasoning)
  517.4s agent finished
  533.4s turn 36
  623.0s   model reply: in 69531 + cached 0, out 6159 (+4302 reasoning)
  623.0s   tool bash: cat << 'EOF' > /output/translation.md
Status: success
Mode: TRACE

## BrainCode

```braincode
MODE TRACE
ENTRYPOINT Conversation
CONVO Conversation {
  TURN t1 
  623.2s turn 37
  662.1s   model reply: in 50429 + cached 0, out 933 (+846 reasoning)
  662.1s   tool bash: node /kit/rag.mjs widen "require email address verification before account creation or posting" --kind action
node /kit/rag.mjs widen "email verification preven
  662.7s turn 38
  682.4s   model reply: in 5817 + cached 48787, out 2267 (+2224 reasoning)
  682.4s   tool bash: grep -iE "identity|verif|auth|credential|fraud|account|privacy|anonym" /reference/glossary.md
  682.5s turn 39
  689.2s   model reply: in 5381 + cached 52857, out 86 (+48 reasoning)
  689.2s   tool bash: grep -E "\| (constructor|composite|claim_relation|link) \|" /reference/glossary.md
  689.2s turn 40
  703.8s   model reply: in 3204 + cached 56916, out 77 (+47 reasoning)
  703.8s   tool bash: grep -E "\| claim_relation \|" /reference/glossary.md
  703.9s turn 41
  706.8s   model reply: in 5221 + cached 56909, out 63 (+26 reasoning)
  706.9s   tool bash: grep -E "\| claim_relation \|" /reference/glossary.md | tail -n +30
  706.9s turn 42
  712.5s   model reply: in 3172 + cached 60968, out 81 (+53 reasoning)
  712.6s   tool bash: node /kit/rag.mjs entry contrast rejects revises supports then
  712.7s turn 43
  744.6s   model reply: in 3558 + cached 60950, out 3593 (+1702 reasoning)
  744.6s   tool bash: cat << 'EOF' > /output/translation.md
Status: success
Mode: TRACE

## BrainCode

```braincode
MODE TRACE
ENTRYPOINT Conversation
CONVO Conversation {
  TURN t1 
  744.7s turn 44
  789.3s   model reply: in 7875 + cached 60961, out 8212 (+6266 reasoning)
  789.3s   tool bash: cat << 'EOF' > /output/translation.md
Status: success
Mode: TRACE

## BrainCode

```braincode
MODE TRACE
ENTRYPOINT Conversation
CONVO Conversation {
  TURN t1 
  789.4s turn 45
  809.7s   model reply: in 51194 + cached 0, out 345 (+320 reasoning)
  809.7s   tool bash: head -n 25 /output/translation.md
  809.8s turn 46
  813.1s   model reply: in 3119 + cached 48809, out 42 (+23 reasoning)
  813.1s   tool bash: ls -la /output/
  813.1s turn 47
  816.6s   model reply: in 3263 + cached 48790, out 95 (+14 reasoning)
  816.6s agent finished
  816.6s agent finished
