    1.8s turn 1
   13.6s   model reply: in 14484 + cached 0, out 1734 (+1714 reasoning)
   13.6s   tool bash: ls -la /kit || true
   13.6s turn 2
   16.1s   model reply: in 4285 + cached 12100, out 39 (+20 reasoning)
   16.1s   tool read: /kit/README.md
   16.1s turn 3
   18.7s   model reply: in 5488 + cached 12098, out 42 (+25 reasoning)
   18.7s   tool bash: ls -la /
   18.7s turn 4
   21.3s   model reply: in 2288 + cached 16123, out 37 (+20 reasoning)
   21.3s   tool read: /prompt.md
   21.3s turn 5
   23.9s   model reply: in 2800 + cached 16111, out 31 (+13 reasoning)
   23.9s   tool bash: ls -la /reference
   23.9s turn 6
   26.5s   model reply: in 3050 + cached 16096, out 55 (+29 reasoning)
   26.5s   tool read: /reference/examples.jsonl
   26.5s turn 7
   29.1s   model reply: in 4275 + cached 16094, out 90 (+72 reasoning)
   29.1s   tool bash: ls -la /output
   29.1s turn 8
   52.6s   model reply: in 4433 + cached 16079, out 4510 (+4477 reasoning)
   52.6s   tool bash: find / -name "*example*" -o -name "*path*" 2>/dev/null
   52.7s turn 9
   64.1s   model reply: in 4883 + cached 20149, out 44 (+26 reasoning)
   64.1s   tool bash: ls -la /session
   64.1s turn 10
   72.7s   model reply: in 5088 + cached 20135, out 1295 (+1259 reasoning)
   72.7s   tool bash: grep -n "property_question" /reference/glossary.md /reference/glossary.jsonl
   72.8s turn 11
   75.9s   model reply: in 2550 + cached 24165, out 100 (+56 reasoning)
   75.9s   tool bash: grep -n "spatial_state\|spatial_constraint\|possesses\|enables\|temporal_context\|sequence" /reference/glossary.md
   76.0s turn 12
   79.1s   model reply: in 3492 + cached 24160, out 91 (+49 reasoning)
   79.1s   tool bash: grep -C 3 "rule_trace_relations_general" /reference/glossary.jsonl | head -n 30
   79.1s turn 13
  163.9s   model reply: in 4812 + cached 24160, out 17217 (+16805 reasoning)
  163.9s   tool write: /output/reconstruction.md
  163.9s turn 14
  167.1s   model reply: in 17844 + cached 28350, out 38 (+18 reasoning)
  167.1s   tool read: /output/reconstruction.md
  167.1s turn 15
  170.0s   model reply: in 2084 + cached 44534, out 36 (+21 reasoning)
  170.0s agent finished
  170.0s agent finished
