    2.3s turn 1
   11.1s   model reply: in 26862 + cached 0, out 1337 (+1298 reasoning)
   11.1s   tool bash: node /kit/rag.mjs entry web_element type_text click select_filter search_web request role_user
   11.3s turn 2
   14.6s   model reply: in 4955 + cached 24364, out 181 (+143 reasoning)
   14.6s   tool bash: node /kit/rag.mjs search "job" "clearance" "certificate" "filter" "browse"
   14.8s turn 3
   18.0s   model reply: in 2486 + cached 28418, out 108 (+81 reasoning)
   18.0s   tool bash: node /kit/rag.mjs entry request activity subject requirement ask
   18.1s turn 4
   21.2s   model reply: in 4001 + cached 28410, out 99 (+61 reasoning)
   21.2s   tool bash: node /kit/rag.mjs search "speech_act" "utter" "request" --kind speech_act
   21.3s turn 5
   24.1s   model reply: in 4980 + cached 28399, out 54 (+24 reasoning)
   24.1s   tool bash: grep -E "\| speech_act \|" /reference/glossary.md
   24.1s turn 6
   28.7s   model reply: in 5522 + cached 28385, out 441 (+412 reasoning)
   28.7s   tool bash: grep -C 3 "CLAIM request" /reference/glossary.md
   28.7s turn 7
   32.4s   model reply: in 0 + cached 0, out 0 (+0 reasoning)
   32.4s agent finished
   34.4s turn 8
   48.0s   model reply: in 0 + cached 0, out 0 (+0 reasoning)
   48.0s agent finished
   52.0s turn 9
   78.6s   model reply: in 0 + cached 0, out 0 (+0 reasoning)
   78.6s agent finished
   86.6s turn 10
  274.1s   model reply: in 34762 + cached 0, out 114 (+72 reasoning)
  274.1s   tool bash: grep -C 5 -i "CONVO" /reference/language-spec.compact.md /reference/language-spec.md
  274.2s turn 11
  292.3s   model reply: in 4552 + cached 32429, out 738 (+708 reasoning)
  292.3s   tool bash: grep -C 3 "web_element" /reference/glossary.md
  292.4s turn 12
  311.8s   model reply: in 5726 + cached 32421, out 321 (+293 reasoning)
  311.8s   tool bash: find / -name "*mind2web*" 2>/dev/null
  311.8s turn 13
  327.6s   model reply: in 6073 + cached 32405, out 36 (+18 reasoning)
  327.6s   tool bash: ls -la /reference
  327.6s turn 14
  338.6s   model reply: in 2280 + cached 36438, out 48 (+22 reasoning)
  338.6s   tool bash: head -n 20 /reference/examples.jsonl
  338.6s turn 15
  347.1s   model reply: in 3505 + cached 36431, out 41 (+15 reasoning)
  347.1s   tool bash: tail -n 10 /reference/examples.jsonl
  347.1s turn 16
  387.1s   model reply: in 4723 + cached 36424, out 98 (+68 reasoning)
  387.1s   tool bash: node /kit/rag.mjs check --help 2>&1 || true
  387.2s turn 17
  397.8s   model reply: in 4849 + cached 36406, out 833 (+795 reasoning)
  397.8s   tool bash: node /kit/rag.mjs search "browse" "job" "filter" "certificate" "clearance"
  398.0s turn 18
  403.2s   model reply: in 43492 + cached 0, out 152 (+39 reasoning)
  403.2s   tool bash: node /kit/rag.mjs widen "User requests to search and filter job postings" --kind speech_act
node /kit/rag.mjs widen "Browse or search job listings" --kind actio
  404.3s turn 19
  418.7s   model reply: in 46873 + cached 0, out 707 (+679 reasoning)
  418.7s   tool bash: grep -E "\| constructor \|" /reference/glossary.md
  418.8s turn 20
  425.6s   model reply: in 4847 + cached 44529, out 56 (+14 reasoning)
  425.6s   tool bash: grep -E "\| constructor \|" /reference/glossary.md | tail -n +25 | head -n 30
  425.7s turn 21
  435.2s   model reply: in 2691 + cached 48577, out 46 (+11 reasoning)
  435.2s   tool bash: grep -E "\| constructor \|" /reference/glossary.md | tail -n +50
  435.2s turn 22
  446.1s   model reply: in 12582 + cached 40480, out 859 (+823 reasoning)
  446.1s   tool bash: node /kit/rag.mjs entry activity subject requirement request role_user web_element type_text click
  446.7s turn 23
  457.7s   model reply: in 2898 + cached 52631, out 1493 (+1447 reasoning)
  457.7s   tool bash: python3 -c '
with open("/trajectory.txt") as f:
    for line in f:
        print(repr(line))
'
  457.7s turn 24
  462.2s   model reply: in 4417 + cached 52628, out 68 (+11 reasoning)
  462.2s   tool bash: node -e '
const fs = require("fs");
console.log(JSON.stringify(fs.readFileSync("/trajectory.txt", "utf8").split("\n"), null, 2));
'
  462.2s turn 25
  466.2s   model reply: in 4774 + cached 52611, out 143 (+21 reasoning)
  466.2s   tool bash: node -e '
const fs = require("fs");
const lines = fs.readFileSync("/trajectory.txt", "utf8").split("\n");
for (let line of lines) {
  for (let c of line) {
    
  466.3s turn 26
  476.7s   model reply: in 57586 + cached 0, out 1027 (+136 reasoning)
  476.7s   tool bash: node -e '
const content = `Status: success
Mode: TRACE

## BrainCode

\`\`\`braincode
MODE TRACE
ENTRYPOINT Conversation
CONVO Conversation {
  TURN t1 SPEAKER=
  476.9s turn 27
  488.3s   model reply: in 2316 + cached 56634, out 1869 (+1806 reasoning)
  488.3s   tool bash: node -e '
const fs = require("fs");
const src = fs.readFileSync("/kit/rag.mjs", "utf8");
console.log(src.slice(0, 2000));
'
  488.3s turn 28
  495.6s   model reply: in 4773 + cached 56643, out 624 (+602 reasoning)
  495.6s   tool bash: node /kit/rag.mjs retrieve
  509.2s turn 29
  513.1s   model reply: in 7818 + cached 56656, out 186 (+102 reasoning)
  513.1s   tool bash: node -e '
const fs = require("fs");
const needs = JSON.parse(fs.readFileSync("/needs.json", "utf8"));
console.log("Count:", needs.length);
needs.forEach((n, i) 
  513.2s turn 30
  518.7s   model reply: in 4179 + cached 60687, out 124 (+13 reasoning)
  518.7s   tool bash: node -e '
const fs = require("fs");
const data = JSON.parse(fs.readFileSync("/needs.json", "utf8"));
console.log(Object.keys(data));
if (data.needs) {
  console
  518.7s turn 31
  522.6s   model reply: in 4437 + cached 60670, out 93 (+26 reasoning)
  522.6s   tool bash: node -e '
const fs = require("fs");
const data = JSON.parse(fs.readFileSync("/needs.json", "utf8"));
console.log(JSON.stringify(data.needs[0], null, 2));
'
  522.7s turn 32
  528.6s   model reply: in 5177 + cached 60415, out 633 (+507 reasoning)
  528.6s   tool bash: node -e '
const fs = require("fs");
const data = JSON.parse(fs.readFileSync("/needs.json", "utf8"));
for (let id of ["n2", "n4", "n5", "n12", "n14", "n16"]) {
 
  528.7s turn 33
  535.0s   model reply: in 2446 + cached 64443, out 193 (+140 reasoning)
  535.0s   tool bash: node -e '
const fs = require("fs");
const src = fs.readFileSync("/kit/rag.mjs", "utf8");
console.log(src);
'
  535.1s turn 34
  544.9s   model reply: in 4165 + cached 64450, out 1210 (+1180 reasoning)
  544.9s   tool bash: node /kit/rag.mjs check --translation /output/translation.md
  545.1s turn 35
  563.9s   model reply: in 44918 + cached 0, out 673 (+639 reasoning)
  563.9s   tool bash: node /kit/rag.mjs search "web" "browser" "filter" "certificate"
  564.2s turn 36
  567.4s   model reply: in 2447 + cached 44294, out 64 (+36 reasoning)
  567.4s   tool bash: grep -E "\| constructor \|" /reference/glossary.md
  567.5s turn 37
  576.6s   model reply: in 4298 + cached 44303, out 1202 (+1172 reasoning)
  576.6s   tool bash: grep -E "\| speech_act \|" /reference/glossary.md
  576.6s turn 38
  596.2s   model reply: in 5969 + cached 44308, out 3553 (+2582 reasoning)
  596.2s   tool bash: node -e '
const content = `Status: success
Mode: TRACE

## BrainCode

\`\`\`braincode
MODE TRACE
ENTRYPOINT Conversation
CONVO Conversation {
  TURN t1 SPEAKER=
  596.6s turn 39
  613.7s   model reply: in 5794 + cached 48375, out 3046 (+2113 reasoning)
  613.7s   tool write: /output/translation.md
  613.7s turn 40
  616.5s   model reply: in 4792 + cached 52427, out 53 (+23 reasoning)
  616.5s   tool bash: node /kit/rag.mjs check --translation /output/translation.md
  616.7s turn 41
  621.8s   model reply: in 5199 + cached 52412, out 81 (+38 reasoning)
  621.8s agent finished
  621.8s agent finished
