    1.9s turn 1
    8.7s   model reply: in 30497 + cached 0, out 829 (+807 reasoning)
    8.7s   tool bash: node /kit/rag.mjs check
    8.8s turn 2
   12.7s   model reply: in 2901 + cached 28441, out 164 (+120 reasoning)
   12.7s   tool bash: node /kit/rag.mjs search "persona" "flirty" "intellectual" "dating" "wine tasting" "forgive"
   12.9s turn 3
   22.2s   model reply: in 4763 + cached 28435, out 791 (+711 reasoning)
   22.2s   tool bash: node /kit/rag.mjs entry request respond propose ask apologize acknowledge inform identity character character_trait activity conditional similarity attribute at
   22.5s turn 4
   26.1s   model reply: in 3529 + cached 32499, out 87 (+27 reasoning)
   26.1s   tool bash: node /kit/rag.mjs entry occurred_recently ongoing leads_to motivated_by meets_needs works_best contrast revises supports topic_pickup_lines constraint_budget_li
   26.2s turn 5
   35.0s   model reply: in 4897 + cached 32489, out 1241 (+1189 reasoning)
   35.0s   tool bash: node /kit/rag.mjs search "playboy" "flirt" "intellectual" "flirty" "wit" "charm" "speakeasy" "restaurant"
   35.5s turn 6
   38.7s   model reply: in 4260 + cached 36557, out 88 (+57 reasoning)
   38.7s   tool bash: grep -E "^\| (tone_|style_)" /reference/glossary.md
   38.8s turn 7
   48.3s   model reply: in 4745 + cached 36541, out 1442 (+1367 reasoning)
   48.3s   tool bash: node /kit/rag.mjs entry request character character_trait art_character_profile failure look attitude meets_needs works_best contrast revises supports topic_pic
   48.4s turn 8
   80.4s   model reply: in 3934 + cached 40608, out 5878 (+4209 reasoning)
   80.4s   tool write: /output/translation.md
   80.4s turn 9
   87.7s   model reply: in 0 + cached 0, out 0 (+0 reasoning)
   87.7s agent finished
   89.7s turn 10
  103.3s   model reply: in 0 + cached 0, out 0 (+0 reasoning)
  103.3s agent finished
  107.3s turn 11
  343.7s   model reply: in 50424 + cached 0, out 62 (+32 reasoning)
  343.7s   tool bash: node /kit/rag.mjs check --translation /output/translation.md
  343.8s turn 12
  371.8s   model reply: in 2488 + cached 48739, out 3446 (+1779 reasoning)
  371.8s   tool write: /output/translation.md
  371.8s turn 13
  405.2s   model reply: in 5936 + cached 48741, out 55 (+25 reasoning)
  405.2s   tool bash: node /kit/rag.mjs check --translation /output/translation.md
  405.3s turn 14
  420.2s   model reply: in 2682 + cached 52789, out 252 (+139 reasoning)
  420.2s agent finished
  420.2s agent finished
