   19.6s turn 1
   51.0s   model reply: in 2204 + cached 0, out 4570 (+4552 reasoning)
   51.0s   tool bash: cat /trajectory.txt
   51.1s turn 2
   54.9s   model reply: in 7360 + cached 0, out 74 (+54 reasoning)
   54.9s   tool bash: od -c /trajectory.txt
   55.1s turn 3
   61.3s   model reply: in 8763 + cached 4009, out 594 (+576 reasoning)
   61.3s   tool bash: ls -la /attach
   61.9s turn 4
   66.7s   model reply: in 5436 + cached 8014, out 32 (+14 reasoning)
   66.7s   tool bash: ls -la /output
   67.1s turn 5
  168.8s   model reply: in 5533 + cached 8002, out 16654 (+15806 reasoning)
  168.8s   tool write: /output/translation.md
  168.9s turn 6
  173.0s   model reply: in 30193 + cached 0, out 41 (+22 reasoning)
  173.0s   tool read: /output/translation.md
  173.3s turn 7
  177.2s   model reply: in 2721 + cached 28336, out 38 (+23 reasoning)
  177.3s agent finished
  177.3s agent finished
