    8.8s turn 1
   18.0s   model reply: in 33235 + cached 0, out 651 (+593 reasoning)
   18.0s   tool bash: node /kit/rag.mjs search "proofwriter" "theory" "True, False, or Unknown" "chases" "eats" "likes" "bald eagle" "lion" "rabbit"
   18.3s turn 2
   22.5s   model reply: in 3777 + cached 32540, out 119 (+74 reasoning)
   22.5s   tool bash: node /kit/rag.mjs entry activity conditional statement conjunction negation subject dog shape_round size_large animal_label color_label ask confirm inform respo
   22.7s turn 3
   26.9s   model reply: in 38303 + cached 0, out 111 (+60 reasoning)
   26.9s   tool bash: node /kit/rag.mjs search "is green" "is red" "is round" "is young" "is big" "property" "trait" "entity"
   27.2s turn 4
   31.3s   model reply: in 40751 + cached 0, out 88 (+49 reasoning)
   31.3s   tool bash: node /kit/rag.mjs entry character_trait character has_attribute attribute_claim change_property possesses property_question
   31.5s turn 5
   34.9s   model reply: in 5211 + cached 36583, out 120 (+87 reasoning)
   34.9s   tool bash: grep -i "proofwriter" /reference/examples.jsonl || echo "no match"
   34.9s turn 6
   38.9s   model reply: in 5351 + cached 36565, out 75 (+35 reasoning)
   38.9s   tool bash: grep -E "(conditional|conjunction|activity|statement)" /reference/examples.jsonl | head -n 10
   39.0s turn 7
   49.0s   model reply: in 5712 + cached 36535, out 1041 (+1013 reasoning)
   49.0s   tool bash: node /kit/rag.mjs entry animal_label color_label
   49.2s turn 8
   52.6s   model reply: in 2898 + cached 40584, out 173 (+119 reasoning)
   52.6s   tool bash: node /kit/rag.mjs entry animal_label::bald_eagle animal_label::lion animal_label::dog animal_label::rabbit color_label::green color_label::red
   52.9s turn 9
   56.5s   model reply: in 3730 + cached 40571, out 161 (+127 reasoning)
   56.5s   tool bash: node /kit/rag.mjs entry animal_label::eagle animal_label::baldeagle
   57.1s turn 10
   68.7s   model reply: in 4112 + cached 40555, out 1449 (+1419 reasoning)
   68.7s   tool bash: grep -A 10 "TERM activity(" /reference/glossary.md
   69.5s turn 11
   82.9s   model reply: in 2341 + cached 44611, out 1660 (+1608 reasoning)
   82.9s   tool bash: node /kit/rag.mjs search "premise" "question" "True, False, or Unknown" "rely only on the provided theory" "only" "theory"
   84.1s turn 12
   95.2s   model reply: in 5580 + cached 44620, out 1166 (+1136 reasoning)
   95.2s   tool bash: node /kit/rag.mjs check --help || echo "no help"
   95.4s turn 13
  104.0s   model reply: in 18935 + cached 32444, out 431 (+389 reasoning)
  104.0s   tool bash: node /kit/rag.mjs search "young" "old" "age" "size" "character_trait" "trait"
  104.2s turn 14
  116.2s   model reply: in 5010 + cached 48667, out 590 (+557 reasoning)
  116.2s   tool bash: node /kit/rag.mjs search "user" "role_user" "speaker"
  116.5s turn 15
  126.3s   model reply: in 2481 + cached 52716, out 151 (+122 reasoning)
  126.3s   tool bash: node /kit/rag.mjs entry role_user user role_agent
  126.5s turn 16
  144.2s   model reply: in 2768 + cached 52698, out 1461 (+1423 reasoning)
  144.2s   tool bash: grep -E "^\| [a-z0-9_]+ \| constructor \|" /reference/glossary.md
  144.5s turn 17
  151.1s   model reply: in 10069 + cached 48654, out 116 (+79 reasoning)
  151.1s   tool bash: grep -E "\| (property|attribute|trait|entity|has_)" /reference/glossary.md
  151.7s turn 18
  159.5s   model reply: in 8119 + cached 52709, out 622 (+529 reasoning)
  159.5s   tool bash: node /kit/rag.mjs widen "the bald eagle chases the lion" --kind claim
node /kit/rag.mjs widen "the bald eagle is not green" --kind claim
node /kit/rag.mjs widen
  161.9s turn 19
  179.8s   model reply: in 4171 + cached 60837, out 1568 (+1530 reasoning)
  179.8s   tool bash: grep -E "\| [a-z0-9_]+ \| constructor \|" /reference/glossary.md
  179.9s turn 20
  186.2s   model reply: in 3469 + cached 64903, out 139 (+21 reasoning)
  186.2s   tool bash: node -e '
const fs = require("fs");
const text = fs.readFileSync("/reference/glossary.md", "utf-8");
const lines = text.split("\n");
for (const line of lines) {
  186.3s turn 21
  198.7s   model reply: in 50887 + cached 0, out 92 (+64 reasoning)
  198.7s   tool bash: node /kit/rag.mjs entry interpersonal_stance lexical_label
  198.9s turn 22
  203.7s   model reply: in 2797 + cached 48766, out 130 (+10 reasoning)
  203.7s   tool bash: node -e '
const fs = require("fs");
const text = fs.readFileSync("/reference/glossary.md", "utf-8");
const lines = text.split("\n");
for (const line of lines) {
  203.7s turn 23
  207.7s   model reply: in 4145 + cached 48755, out 123 (+97 reasoning)
  207.7s   tool bash: grep -rn "proofwriter" /reference/ /attach/
  207.8s turn 24
  218.0s   model reply: in 4297 + cached 48736, out 63 (+28 reasoning)
  218.0s   tool bash: node /kit/rag.mjs search "premise" "rule" "theory" "conditional"
  218.2s turn 25
  235.0s   model reply: in 5467 + cached 48725, out 2258 (+2227 reasoning)
  235.0s   tool bash: node /kit/rag.mjs search "young" "age" "size"
  235.3s turn 26
  242.3s   model reply: in 4518 + cached 52791, out 444 (+410 reasoning)
  242.3s   tool bash: node /kit/rag.mjs entry attribute_claim statement requirement negation conjunction conditional activity lexical_label
  242.7s turn 27
  249.0s   model reply: in 2884 + cached 56851, out 513 (+484 reasoning)
  249.1s   tool bash: node /kit/rag.mjs entry possesses has_attribute has_state
  250.2s turn 28
  261.5s   model reply: in 3830 + cached 56838, out 951 (+843 reasoning)
  261.5s   tool write: /output/translation.md
  261.6s turn 29
  266.6s   model reply: in 4801 + cached 56822, out 53 (+23 reasoning)
  266.6s   tool bash: node /kit/rag.mjs check --translation /output/translation.md
  267.1s turn 30
  274.7s   model reply: in 5699 + cached 56809, out 614 (+573 reasoning)
  274.7s   tool bash: node /kit/rag.mjs search "rely only on the provided theory" "only on the provided theory" "theory"
  274.9s turn 31
  277.9s   model reply: in 0 + cached 0, out 0 (+0 reasoning)
  278.0s agent finished
  279.9s turn 32
  293.7s   model reply: in 0 + cached 0, out 0 (+0 reasoning)
  293.7s agent finished
  297.7s turn 33
  324.4s   model reply: in 0 + cached 0, out 0 (+0 reasoning)
  324.4s agent finished
  332.4s turn 34
  411.3s   model reply: in 3037 + cached 60858, out 3494 (+1188 reasoning)
  411.3s   tool write: /output/translation.md
  411.3s turn 35
  419.4s   model reply: in 6528 + cached 60865, out 63 (+33 reasoning)
  419.4s   tool bash: node /kit/rag.mjs check --translation /output/translation.md
  419.6s turn 36
  430.5s   model reply: in 3425 + cached 64910, out 984 (+883 reasoning)
  430.5s   tool bash: node /kit/rag.mjs widen "chase" --kind action
node /kit/rag.mjs widen "eat" --kind action
node /kit/rag.mjs widen "if something is red and chases the lion, then
  431.1s turn 37
  461.4s   model reply: in 53774 + cached 0, out 3067 (+3037 reasoning)
  461.4s   tool bash: node /kit/rag.mjs entry user role_user agent role_agent
  461.6s turn 38
  492.7s   model reply: in 4204 + cached 52781, out 4089 (+1775 reasoning)
  492.7s   tool write: /output/translation.md
  492.7s turn 39
  501.1s   model reply: in 4228 + cached 56850, out 62 (+32 reasoning)
  501.1s   tool bash: node /kit/rag.mjs check --translation /output/translation.md
  501.2s turn 40
  519.3s   model reply: in 5181 + cached 56838, out 2963 (+459 reasoning)
  519.3s   tool write: /output/translation.md
  519.3s turn 41
  523.6s   model reply: in 4088 + cached 60898, out 56 (+26 reasoning)
  523.6s   tool bash: node /kit/rag.mjs check --translation /output/translation.md
  523.7s turn 42
  531.2s   model reply: in 5036 + cached 60885, out 260 (+27 reasoning)
  531.2s agent finished
  531.2s agent finished
