    2.0s turn 1
   15.0s   model reply: in 27820 + cached 0, out 826 (+778 reasoning)
   15.0s   tool bash: node /kit/rag.mjs search "profile" "allergy" "bio" "birthday" "user_preference" "user_practice" "request"
   15.2s turn 2
   23.4s   model reply: in 6324 + cached 24374, out 101 (+40 reasoning)
   23.4s   tool bash: node /kit/rag.mjs search "user profile" "birthday" "allergy" "user_preference" "time_point" "web_element" "click" "select_option" "type_text"
   23.6s turn 3
   32.3s   model reply: in 5183 + cached 28438, out 104 (+61 reasoning)
   32.3s   tool bash: node /kit/rag.mjs entry web_element click select_option type_text request user_preference user_practice time_point activity
   32.4s turn 4
   53.0s   model reply: in 2574 + cached 32491, out 1607 (+1563 reasoning)
   53.0s   tool bash: node /kit/rag.mjs search "claim request" "user_preference" "activity" "change_property" "time_point"
   53.2s turn 5
   64.9s   model reply: in 5805 + cached 32496, out 230 (+199 reasoning)
   64.9s   tool bash: grep -n "mind2web" /reference/language-spec.md || true
   65.0s turn 6
   84.9s   model reply: in 6055 + cached 32479, out 1305 (+1262 reasoning)
   84.9s   tool bash: node /kit/rag.mjs search "user_preference" "user_practice" "time_point" "activity" "request"
   85.0s turn 7
   93.0s   model reply: in 4910 + cached 36543, out 93 (+49 reasoning)
   93.0s   tool bash: node /kit/rag.mjs search "user_goal" "has_goal" "allergy" "profile" "attribute_claim"
   93.1s turn 8
  107.9s   model reply: in 43059 + cached 0, out 68 (+30 reasoning)
  107.9s   tool bash: node /kit/rag.mjs entry attribute_claim has_attribute has_goal user_preference activity lexical_label
  108.1s turn 9
  130.0s   model reply: in 4317 + cached 40591, out 1030 (+993 reasoning)
  130.0s   tool bash: node /kit/rag.mjs search "ask" "inform" "tell" "command" "instruct"
  130.1s turn 10
  136.5s   model reply: in 6731 + cached 40591, out 72 (+42 reasoning)
  136.6s   tool bash: grep -E "\| speech_act \|" /reference/glossary.md
  136.6s turn 11
  150.3s   model reply: in 3234 + cached 44634, out 1001 (+952 reasoning)
  150.3s   tool bash: node /kit/rag.mjs widen "add birthday detail to user profile" "birth date January 5 1980" "add allergy information to profile"
  150.5s turn 12
  170.1s   model reply: in 7114 + cached 44647, out 2213 (+833 reasoning)
  170.1s   tool write: /output/translation.md
  170.1s turn 13
  178.3s   model reply: in 5278 + cached 48700, out 53 (+23 reasoning)
  178.3s   tool bash: node /kit/rag.mjs check --translation /output/translation.md
  178.6s turn 14
  184.5s   model reply: in 5773 + cached 48685, out 245 (+206 reasoning)
  184.5s   tool bash: node /kit/rag.mjs search "allergy" "allergic" "dietary restriction" "profile allergy"
  184.7s turn 15
  199.5s   model reply: in 3057 + cached 52733, out 672 (+646 reasoning)
  199.5s   tool bash: node /kit/rag.mjs check --help || true
  199.7s turn 16
  206.4s   model reply: in 4166 + cached 52723, out 490 (+466 reasoning)
  206.4s   tool bash: node /kit/rag.mjs retrieve || true
  220.9s turn 17
  225.0s   model reply: in 3303 + cached 56788, out 82 (+52 reasoning)
  225.0s   tool bash: node /kit/rag.mjs check --translation /output/translation.md
  225.1s turn 18
  253.2s   model reply: in 3828 + cached 56772, out 4961 (+3531 reasoning)
  253.2s   tool write: /output/translation.md
  253.2s turn 19
  257.6s   model reply: in 8772 + cached 56793, out 53 (+23 reasoning)
  257.6s   tool bash: node /kit/rag.mjs check --translation /output/translation.md
  257.7s turn 20
  262.6s   model reply: in 5212 + cached 60833, out 290 (+73 reasoning)
  262.6s agent finished
  262.6s agent finished
