    4.0s turn 1
   13.3s   model reply: in 33541 + cached 0, out 1203 (+1160 reasoning)
   13.3s   tool bash: node /kit/rag.mjs search "side hustle" "financial goal" "freelancing" "smart goals" "burnout"
   13.5s turn 2
   27.0s   model reply: in 3621 + cached 32539, out 2541 (+2495 reasoning)
   27.0s   tool bash: node /kit/rag.mjs search "business" "income" "tax" "finance" "advice" "recommend" "plan" "strategy"
   27.3s turn 3
   31.0s   model reply: in 8408 + cached 32548, out 124 (+76 reasoning)
   31.0s   tool bash: node /kit/rag.mjs search "question" "guideline" "step" "method" "activity" "feedback" "market" "social media"
   31.4s turn 4
   36.4s   model reply: in 2690 + cached 40680, out 335 (+253 reasoning)
   36.4s   tool bash: node /kit/rag.mjs entry activity property_question subject requirement duration conjunction decision obligation marketing_campaign performance_tracking policy_d
   36.5s turn 5
   40.0s   model reply: in 5069 + cached 40675, out 139 (+74 reasoning)
   40.0s   tool bash: node /kit/rag.mjs entry performance_tracking policy_document audience_targeting test_condition recommended has_goal meets_needs propose ask respond offer offer_
   40.4s turn 6
   49.1s   model reply: in 2705 + cached 44733, out 1137 (+964 reasoning)
   49.1s   tool bash: node /kit/rag.mjs widen "User asks how to plan and start a side hustle" --kind speech_act
node /kit/rag.mjs widen "Plan and start a side business or secondary i
   51.4s turn 7
   58.5s   model reply: in 7165 + cached 44742, out 639 (+486 reasoning)
   58.5s   tool bash: node /kit/rag.mjs widen "Business options freelancing ecommerce content creation tutoring rideshare digital products" --kind object
node /kit/rag.mjs widen "Con
   60.4s turn 8
   64.8s   model reply: in 6978 + cached 48814, out 177 (+39 reasoning)
   64.8s   tool bash: node /kit/rag.mjs widen "Retain primary full-time employment until side income stabilizes" --kind constraint
node /kit/rag.mjs widen "Maintain separate bank acc
   66.3s turn 9
   70.9s   model reply: in 6374 + cached 52883, out 101 (+13 reasoning)
   70.9s   tool bash: node /kit/rag.mjs widen "Comply with tax obligations on supplemental income" --kind action
node /kit/rag.mjs widen "Avoid delaying launch due to pursuit of perf
   72.3s turn 10
   76.7s   model reply: in 5553 + cached 56952, out 183 (+129 reasoning)
   76.7s   tool bash: node /kit/rag.mjs entry condition_perfect negation exclude prohibited conditional focus_of provides involves enables group_size time_horizon self_protection tim
   77.0s turn 11
   80.7s   model reply: in 3624 + cached 61013, out 34 (+11 reasoning)
   80.7s   tool bash: node /kit/rag.mjs entry substitute
   81.0s turn 12
   85.5s   model reply: in 3773 + cached 60993, out 180 (+132 reasoning)
   85.5s   tool bash: node /kit/rag.mjs search "bank account" "skills" "competitor" "expense" "profit" "income" "schedule" "tools"
   85.8s turn 13
   90.1s   model reply: in 6175 + cached 60989, out 102 (+64 reasoning)
   90.1s   tool bash: node /kit/rag.mjs entry character_trait contrast opposes measure art_technical_explanation art_structured_report
   90.4s turn 14
  102.4s   model reply: in 2854 + cached 65039, out 1492 (+1440 reasoning)
  102.4s   tool bash: node /kit/rag.mjs search "how to plan" "how can I" "earning" "secondary income" "freelancing" "ecommerce" "rideshare"
  102.8s turn 15
  116.3s   model reply: in 50222 + cached 0, out 53 (+22 reasoning)
  116.3s   tool bash: node /kit/rag.mjs entry rental_vehicle search_transit search_travel
  116.4s turn 16
  206.2s   model reply: in 50756 + cached 0, out 3309 (+3254 reasoning)
  206.2s   tool bash: node /kit/rag.mjs entry recommended has_goal audience_targeting obligation marketing_campaign performance_tracking test_condition ask propose offer offer_help r
  206.4s turn 17
  314.1s   model reply: in 55997 + cached 0, out 44 (+19 reasoning)
  314.1s   tool bash: node /kit/rag.mjs entry activity decision duration
  314.2s turn 18
  357.3s   model reply: in 56883 + cached 0, out 1065 (+458 reasoning)
  357.3s   tool bash: cat << 'EOF' > /output/translation.md
Status: success
Mode: TRACE

## BrainCode

```braincode
MODE TRACE
ENTRYPOINT Conversation
CONVO Conversation {
  TURN t1 
  357.5s turn 19
  363.9s   model reply: in 0 + cached 0, out 0 (+0 reasoning)
  364.0s agent finished
  365.9s turn 20
  379.8s   model reply: in 0 + cached 0, out 0 (+0 reasoning)
  379.8s agent finished
  383.8s turn 21
  410.5s   model reply: in 0 + cached 0, out 0 (+0 reasoning)
  410.5s agent finished
  418.5s turn 22
  499.4s   model reply: in 58601 + cached 0, out 2513 (+2481 reasoning)
  499.4s   tool bash: node /kit/rag.mjs widen "Side hustle or secondary business" --kind object
  499.5s turn 23
  522.1s   model reply: in 62772 + cached 0, out 410 (+386 reasoning)
  522.1s   tool bash: node /kit/rag.mjs check --help
  522.2s turn 24
  586.3s   model reply: in 2890 + cached 60945, out 11145 (+8938 reasoning)
  586.3s   tool bash: cat << 'EOF' > /output/translation.md
Status: success
Mode: TRACE

## BrainCode

```braincode
MODE TRACE
ENTRYPOINT Conversation
CONVO Conversation {
  TURN t1 
  586.6s turn 25
  624.2s   model reply: in 59723 + cached 0, out 5888 (+3521 reasoning)
  624.2s   tool write: /output/translation.md
  624.2s turn 26
  628.8s   model reply: in 65615 + cached 0, out 53 (+23 reasoning)
  628.8s   tool bash: node /kit/rag.mjs check --translation /output/translation.md
  628.9s turn 27
  634.8s   model reply: in 5437 + cached 61061, out 343 (+245 reasoning)
  634.8s agent finished
  634.8s agent finished
