    1.8s turn 1
   12.7s   model reply: in 13438 + cached 0, out 1665 (+1646 reasoning)
   12.7s   tool bash: ls -la / /kit
   12.7s turn 2
   15.4s   model reply: in 3964 + cached 12096, out 42 (+24 reasoning)
   15.4s   tool bash: cat /prompt.md
   15.4s turn 3
   17.7s   model reply: in 4481 + cached 12086, out 42 (+24 reasoning)
   17.7s   tool bash: ls -la /reference
   17.8s turn 4
   20.5s   model reply: in 4740 + cached 12073, out 57 (+36 reasoning)
   20.5s   tool bash: cat /reference/examples.jsonl
   20.5s turn 5
   22.8s   model reply: in 5967 + cached 12073, out 46 (+24 reasoning)
   22.8s   tool bash: cat /kit/needs_prompt.md
   22.8s turn 6
   25.6s   model reply: in 2674 + cached 16090, out 36 (+15 reasoning)
   25.6s   tool bash: cat /kit/rag.mjs
   25.6s turn 7
   39.9s   model reply: in 4238 + cached 16095, out 1986 (+1958 reasoning)
   39.9s   tool bash: find / -name "*mind2web*" 2>/dev/null
   39.9s turn 8
   43.9s   model reply: in 22329 + cached 0, out 46 (+25 reasoning)
   43.9s   tool bash: find /reference /kit -type f
   44.0s turn 9
   46.9s   model reply: in 2338 + cached 20114, out 70 (+40 reasoning)
   46.9s   tool bash: grep -C 5 "web_element" /reference/glossary.md
   46.9s turn 10
   50.1s   model reply: in 2975 + cached 20105, out 70 (+43 reasoning)
   50.1s   tool bash: grep "web_element" /reference/glossary.jsonl
   50.2s turn 11
   52.5s   model reply: in 3211 + cached 20053, out 34 (+14 reasoning)
   52.5s   tool bash: cat /kit/README.md
   52.5s turn 12
   55.1s   model reply: in 4404 + cached 20056, out 33 (+15 reasoning)
   55.1s   tool bash: ls -la /output
   55.1s turn 13
   57.7s   model reply: in 4507 + cached 20039, out 37 (+17 reasoning)
   57.7s   tool bash: ls -la /attach /session
   57.7s turn 14
   62.6s   model reply: in 4862 + cached 20028, out 75 (+49 reasoning)
   62.6s   tool bash: grep -i "click" /reference/glossary.md
   62.7s turn 15
  112.1s   model reply: in 5037 + cached 20014, out 8657 (+8635 reasoning)
  112.1s   tool bash: node /kit/rag.mjs health
  112.3s turn 16
  116.2s   model reply: in 9661 + cached 24136, out 77 (+32 reasoning)
  116.2s   tool bash: node /kit/rag.mjs entry web_element click type_text activity group_size location_spec requirement time_point daytime role_adults
  116.3s turn 17
  122.7s   model reply: in 3264 + cached 32189, out 637 (+609 reasoning)
  122.7s   tool bash: grep -rn "web_element" / 2>/dev/null
  122.8s turn 18
  126.1s   model reply: in 3920 + cached 32180, out 72 (+39 reasoning)
  126.1s   tool bash: grep -rn "<|user|>" /kit /reference /opt 2>/dev/null
  126.2s turn 19
  129.1s   model reply: in 4020 + cached 32162, out 53 (+16 reasoning)
  129.1s   tool bash: grep -rn "<|user|>" /kit /reference /root /opt 2>/dev/null || true
  129.1s turn 20
  133.5s   model reply: in 4094 + cached 32144, out 32 (+14 reasoning)
  133.5s   tool bash: ls -la /opt
  133.5s turn 21
  170.1s   model reply: in 36455 + cached 0, out 6241 (+6210 reasoning)
  170.1s   tool bash: grep -rn "web_element" /reference /kit 2>/dev/null
  170.2s turn 22
  174.0s   model reply: in 6711 + cached 36233, out 108 (+58 reasoning)
  174.0s   tool bash: grep -n "rule_recording_signatures" /reference/glossary.jsonl || grep -n "rule/recording-signatures" /reference/glossary.jsonl
  174.1s turn 23
  178.6s   model reply: in 2934 + cached 40243, out 51 (+23 reasoning)
  178.6s   tool bash: grep '"kind": "rule"' /reference/glossary.jsonl
  178.7s turn 24
  276.7s   model reply: in 4983 + cached 40256, out 17918 (+17687 reasoning)
  276.7s   tool write: /output/reconstruction.md
  276.8s turn 25
  283.6s   model reply: in 63162 + cached 0, out 41 (+21 reasoning)
  283.6s   tool read: /output/reconstruction.md
  283.6s turn 26
  287.8s   model reply: in 2771 + cached 60637, out 35 (+21 reasoning)
  287.8s agent finished
  287.8s agent finished
