    2.0s turn 1
   13.2s   model reply: in 30983 + cached 0, out 1437 (+1385 reasoning)
   13.2s   tool bash: node /kit/rag.mjs search "chases" "likes" "sees" "rough" "kind" "big" "theory" "True, False, or Unknown"
   13.4s turn 2
   28.4s   model reply: in 6098 + cached 28462, out 106 (+70 reasoning)
   28.4s   tool bash: node /kit/rag.mjs entry activity attribute_claim statement conditional conjunction negation subject requirement possesses has_state
   28.5s turn 3
   31.6s   model reply: in 4173 + cached 32523, out 87 (+33 reasoning)
   31.6s   tool bash: grep -E "\| (property|relation|predicate|entity|logic|theory|evaluate|truth|eval|query|truth_value|ask|question)" /reference/glossary.md
   31.7s turn 4
   35.3s   model reply: in 2142 + cached 36582, out 92 (+54 reasoning)
   35.3s   tool bash: grep -E "^\| [a-z0-9_]+ \| constructor \|" /reference/glossary.md
   35.4s turn 5
   38.7s   model reply: in 4037 + cached 36575, out 69 (+25 reasoning)
   38.7s   tool bash: grep -E "^\| [a-z0-9_]+ \| (constructor|claim_relation) \|" /reference/glossary.md
   38.8s turn 6
   41.9s   model reply: in 5908 + cached 36569, out 68 (+18 reasoning)
   41.9s   tool bash: grep -E "^\| [a-z0-9_]+ \| constructor \|" /reference/glossary.md | cut -d'|' -f2,4
   41.9s turn 7
   45.9s   model reply: in 4084 + cached 40629, out 66 (+14 reasoning)
   45.9s   tool bash: grep -E "^\| [a-z0-9_]+ \| claim_relation \|" /reference/glossary.md | cut -d'|' -f2,4
   46.0s turn 8
   50.3s   model reply: in 5412 + cached 40619, out 103 (+62 reasoning)
   50.3s   tool bash: node /kit/rag.mjs search "proofwriter" "theory" "is the following statement True, False, or Unknown"
   50.5s turn 9
   71.9s   model reply: in 2306 + cached 44668, out 3505 (+3479 reasoning)
   71.9s   tool bash: node /kit/rag.mjs entry user role_user
   72.0s turn 10
   81.7s   model reply: in 5875 + cached 44675, out 509 (+484 reasoning)
   81.7s   tool bash: node /kit/rag.mjs entry animal_label
   81.8s turn 11
   85.4s   model reply: in 2430 + cached 48721, out 92 (+67 reasoning)
   85.4s   tool bash: node /kit/rag.mjs entry lexical_label
   85.5s turn 12
   89.9s   model reply: in 3008 + cached 48705, out 249 (+208 reasoning)
   89.9s   tool bash: node /kit/rag.mjs search "something" "variable" "rule" "implication" "universal" "predicate"
   90.1s turn 13
   99.6s   model reply: in 4852 + cached 48700, out 332 (+305 reasoning)
   99.6s   tool bash: node /kit/rag.mjs entry inform ask confirm respond propose
   99.8s turn 14
  116.3s   model reply: in 5501 + cached 48686, out 1872 (+1844 reasoning)
  116.3s   tool bash: node /kit/rag.mjs check --translation /dev/null
  116.5s turn 15
  127.8s   model reply: in 4090 + cached 52746, out 236 (+58 reasoning)
  127.8s   tool bash: node /kit/rag.mjs widen "introduces a set of logical premises or theory" --kind speech_act
node /kit/rag.mjs widen "the bald eagle chases the rabbit" --kind cla
  130.1s turn 16
  139.1s   model reply: in 3628 + cached 56815, out 595 (+561 reasoning)
  139.1s   tool bash: node /kit/rag.mjs entry animal_label::bald_eagle animal_label::eagle
  139.3s turn 17
  145.0s   model reply: in 4456 + cached 56802, out 286 (+239 reasoning)
  145.0s   tool bash: node /kit/rag.mjs entry animal_label::eagle animal_label::rabbit animal_label::tiger animal_label::mouse color_label::red
  145.1s turn 18
  156.9s   model reply: in 5273 + cached 56789, out 970 (+937 reasoning)
  156.9s   tool bash: node /kit/rag.mjs entry attribute_claim character_trait has_state requirement subject
  157.0s turn 19
  193.5s   model reply: in 3385 + cached 60845, out 2075 (+1215 reasoning)
  193.5s   tool bash: node -e '
const { execSync } = require("child_process");
const fs = require("fs");

const doc = `Status: success
Mode: REQUEST

## BrainCode

\`\`\`braincode
MO
  193.7s turn 20
  227.2s   model reply: in 6357 + cached 60851, out 6211 (+3176 reasoning)
  227.2s   tool bash: node -e '
const { execSync } = require("child_process");
const fs = require("fs");

const doc = `Status: success
Mode: REQUEST

## BrainCode

\`\`\`braincode
MO
  227.6s turn 21
  235.7s   model reply: in 0 + cached 0, out 0 (+0 reasoning)
  235.9s agent finished
  237.9s turn 22
  251.5s   model reply: in 0 + cached 0, out 0 (+0 reasoning)
  251.5s agent finished
  255.5s turn 23
  282.1s   model reply: in 0 + cached 0, out 0 (+0 reasoning)
  282.2s agent finished
  290.2s turn 24
  368.8s   model reply: in 51829 + cached 0, out 3363 (+3333 reasoning)
  368.8s   tool bash: node /kit/rag.mjs entry user role_user agent role_agent
  369.0s turn 25
  389.3s   model reply: in 6544 + cached 48792, out 107 (+74 reasoning)
  389.3s   tool bash: node /kit/rag.mjs entry ask inform lexical_label requirement negation conditional conjunction statement activity
  389.7s turn 26
  413.2s   model reply: in 4350 + cached 52850, out 3693 (+629 reasoning)
  413.2s   tool bash: cat << 'EOF' > /tmp/gen_translation.js
const fs = require('fs');
const { execSync } = require('child_process');

const content = `Status: success
Mode: REQUEST

  413.5s turn 27
  422.0s   model reply: in 4787 + cached 56927, out 433 (+403 reasoning)
  422.0s   tool bash: node /kit/rag.mjs check --translation /output/translation.md
  422.4s turn 28
  435.4s   model reply: in 62968 + cached 0, out 105 (+14 reasoning)
  435.4s agent finished
  435.4s agent finished
