   11.9s turn 1
   21.0s   model reply: in 31372 + cached 0, out 711 (+662 reasoning)
   21.0s   tool bash: node /kit/rag.mjs search "theory" "sees" "visits" "needs" "kind" "nice" "round" "cold" "big"
   22.9s turn 2
   27.7s   model reply: in 34610 + cached 0, out 198 (+162 reasoning)
   27.7s   tool bash: node /kit/rag.mjs entry activity subject attribute_claim has_state statement conditional conjunction negation ask respond
   29.1s turn 3
   40.9s   model reply: in 4179 + cached 32523, out 1187 (+1147 reasoning)
   40.9s   tool bash: node /kit/rag.mjs search "property" "trait" "attribute" "kind" "universal" "predicate"
   42.0s turn 4
   46.2s   model reply: in 3019 + cached 36588, out 74 (+40 reasoning)
   46.2s   tool bash: node /kit/rag.mjs entry has_attribute character_trait property_question meets_needs
   47.3s turn 5
   52.6s   model reply: in 3580 + cached 36572, out 111 (+83 reasoning)
   52.6s   tool bash: grep -E "\| constructor \|" /reference/glossary.md
   53.0s turn 6
   60.9s   model reply: in 5493 + cached 36566, out 931 (+901 reasoning)
   60.9s   tool bash: grep -rn "proofwriter" /reference 2>/dev/null || true
   61.0s turn 7
   66.9s   model reply: in 2377 + cached 40616, out 161 (+95 reasoning)
   66.9s   tool bash: grep -E "\| (claim_relation|constructor) \|" /reference/glossary.md | grep -iE "attribute|trait|state|round|cold|big|nice|kind|see|visit|need|property|statement
   67.7s turn 8
   75.1s   model reply: in 4324 + cached 40611, out 48 (+16 reasoning)
   75.1s   tool bash: grep -E "\| (claim_relation) \|" /reference/glossary.md
   75.2s turn 9
   84.0s   model reply: in 2249 + cached 44667, out 56 (+17 reasoning)
   84.0s   tool bash: grep -E "\| (claim_relation) \|" /reference/glossary.md | tail -n 25
   84.2s turn 10
   98.8s   model reply: in 3777 + cached 44659, out 1955 (+1922 reasoning)
   98.8s   tool bash: node /kit/rag.mjs entry conditional conjunction negation activity subject statement attribute_claim requirement ask
   99.2s turn 11
  117.8s   model reply: in 7676 + cached 44670, out 1633 (+1440 reasoning)
  117.8s   tool bash: cat << 'EOF' > /output/translation.md
Status: success
Mode: REQUEST

## BrainCode

```braincode
MODE REQUEST
ENTRYPOINT Conversation
CONVO Conversation {
  TURN
  118.1s turn 12
  130.0s   model reply: in 6137 + cached 48731, out 923 (+893 reasoning)
  130.0s   tool bash: node /kit/rag.mjs search "user" "role_user"
  130.2s turn 13
  134.8s   model reply: in 3671 + cached 52784, out 64 (+39 reasoning)
  134.8s   tool bash: node /kit/rag.mjs entry role_user
  135.0s turn 14
  156.4s   model reply: in 3801 + cached 52764, out 400 (+279 reasoning)
  156.4s   tool bash: cat << 'EOF' > /output/test_coverage.py
import json

# Let's inspect how check matches needs
with open("/needs.json") as f:
    needs = json.load(f)

for need i
  156.5s turn 15
  184.6s   model reply: in 4241 + cached 52748, out 4745 (+4457 reasoning)
  184.6s   tool bash: cat << 'EOF' > /output/translation.md
Status: success
Mode: REQUEST

## BrainCode

```braincode
MODE REQUEST
ENTRYPOINT Conversation
CONVO Conversation {
  TURN
  185.3s turn 16
  196.5s   model reply: in 5935 + cached 56835, out 173 (+139 reasoning)
  196.5s   tool bash: node /kit/rag.mjs search "bald eagle" "eagle" "bald_eagle"
  196.6s turn 17
  248.4s   model reply: in 2900 + cached 60882, out 112 (+78 reasoning)
  248.4s   tool bash: node /kit/rag.mjs entry animal_label::eagle animal_label::baldeagle
  248.5s turn 18
  303.6s   model reply: in 3235 + cached 60864, out 853 (+811 reasoning)
  303.6s   tool bash: node /kit/rag.mjs search "theory" "based only on" "true false unknown" "single choice" "question"
  303.9s turn 19
  347.3s   model reply: in 0 + cached 0, out 0 (+0 reasoning)
  347.3s agent finished
  349.3s turn 20
  363.3s   model reply: in 0 + cached 0, out 0 (+0 reasoning)
  363.3s agent finished
  367.3s turn 21
  393.8s   model reply: in 0 + cached 0, out 0 (+0 reasoning)
  393.8s agent finished
  401.8s turn 22
  472.4s   model reply: in 66282 + cached 0, out 2003 (+67 reasoning)
  472.4s   tool bash: cat << 'EOF' > /output/translation.md
Status: success
Mode: REQUEST

## BrainCode

```braincode
MODE REQUEST
ENTRYPOINT Conversation
CONVO Conversation {
  TURN
  472.5s turn 23
  521.2s   model reply: in 4492 + cached 64928, out 6740 (+3851 reasoning)
  521.2s   tool bash: cat << 'EOF' > /output/translation.md
Status: success
Mode: REQUEST

## BrainCode

```braincode
MODE REQUEST
ENTRYPOINT Conversation
CONVO Conversation {
  TURN
  521.3s turn 24
  545.0s   model reply: in 54453 + cached 0, out 1148 (+1119 reasoning)
  545.0s   tool bash: node /kit/rag.mjs entry meets_needs leads_to statement
  545.1s turn 25
  566.3s   model reply: in 3059 + cached 52820, out 3156 (+297 reasoning)
  566.3s   tool bash: cat << 'EOF' > /output/translation.md
Status: success
Mode: REQUEST

## BrainCode

```braincode
MODE REQUEST
ENTRYPOINT Conversation
CONVO Conversation {
  TURN
  566.4s turn 26
  581.5s   model reply: in 7319 + cached 52831, out 2149 (+2125 reasoning)
  581.5s   tool bash: rm -f /output/test_coverage.py
  581.5s turn 27
  585.1s   model reply: in 5411 + cached 56891, out 59 (+29 reasoning)
  585.1s   tool bash: node /kit/rag.mjs check --translation /output/translation.md
  585.2s turn 28
  604.4s   model reply: in 2534 + cached 60942, out 2860 (+11 reasoning)
  604.4s agent finished
  604.4s agent finished
