    5.0s turn 1
   12.7s   model reply: in 3 + cached 0, out 521 (+274 reasoning)
   12.7s   tool bash: node /kit/rag.mjs widen "place or put an object on a destination surface" --kind action
   12.7s   tool bash: node /kit/rag.mjs widen "describe turning and walking to locations as instructed actions, not performed operations" --kind action
   12.7s   tool bash: node /kit/rag.mjs widen "spatial constraint located on the wall and across from couch" --kind constraint
   12.7s   tool bash: node /kit/rag.mjs widen "placing an object on the left side of another object" --kind constraint
   12.7s   tool bash: node /kit/rag.mjs search "TERM description of placement action object destination spatial relation" "TERM described movement turn direction destination" "uttera
   14.4s turn 2
   20.0s   model reply: in 3 + cached 27705, out 262 (+98 reasoning)
   20.0s   tool bash: node /kit/rag.mjs entry spatial_constraint activity place walk turn propose ask keys chair table wall living_room vase phone ottoman black white purple spatial_
   20.0s   tool bash: node /kit/rag.mjs widen "color qualifier used to identify a specific object like black end table, white vase, purple ottoman" --kind constraint
   20.0s   tool bash: node /kit/rag.mjs widen "imperative steps spoken by agent are recommendations or instructions, not completed events" --kind speech_act
   20.9s turn 3
   25.2s   model reply: in 3 + cached 34844, out 199 (+82 reasoning)
   25.2s   tool bash: node /kit/rag.mjs search "commanding someone to perform a physical action request instruction speech act" "describe object with color attribute black table whit
   25.2s   tool bash: node /kit/rag.mjs entry obligation subject lexical_label requirement spatial_constraint
   25.5s turn 4
   32.7s   model reply: in 3 + cached 40470, out 490 (+379 reasoning)
   32.7s   tool bash: node /kit/rag.mjs search "TERM object description with color property qualifier" "object kind and color qualifier composite TERM" "colored object descriptor col
   32.7s   tool bash: node /kit/rag.mjs widen "color as a descriptive qualifier for a physical object" --kind constraint
   33.1s turn 5
   46.7s   model reply: in 3 + cached 42789, out 1093 (+943 reasoning)
   46.7s   tool bash: node /kit/rag.mjs widen "a speaker instructs or directs an addressee to perform an action" --kind speech_act
   46.7s   tool bash: node /kit/rag.mjs entry sequence request recommended spatial_state has_attribute attribute_claim
   46.7s   tool bash: node /kit/rag.mjs search "directive speech act instructing someone to do something, command" "distinct color and object kind as structured entity description"
   47.2s turn 6
   90.6s   model reply: in 3 + cached 45393, out 3734 (+3699 reasoning)
   90.6s   tool bash: node /kit/rag.mjs entry role_user role_agent
   90.8s turn 7
  134.5s   model reply: in 3 + cached 48722, out 4977 (+2703 reasoning)
  134.5s   tool write: /output/translation.md
  134.5s turn 8
  145.2s   model reply: in 3 + cached 52545, out 1207 (+295 reasoning)
  145.2s   tool write: /output/suggestions.md
  145.2s turn 9
  147.8s   model reply: in 3 + cached 57540, out 55 (+17 reasoning)
  147.8s   tool bash: node /kit/rag.mjs check --translation /output/translation.md
  147.9s turn 10
  162.3s   model reply: in 3 + cached 58765, out 1304 (+1208 reasoning)
  162.3s   tool bash: node /kit/rag.mjs widen "end table as a distinct small furniture table, not a nightstand" --kind object
  162.3s   tool bash: node /kit/rag.mjs entry living_room table night_stand
  162.6s turn 11
  177.1s   model reply: in 3 + cached 59469, out 1597 (+638 reasoning)
  177.1s   tool edit: /output/translation.md
  177.2s turn 12
  181.9s   model reply: in 3 + cached 62333, out 362 (+227 reasoning)
  181.9s   tool edit: /output/translation.md
  182.0s turn 13
  186.6s   model reply: in 3 + cached 63954, out 308 (+87 reasoning)
  186.6s   tool edit: /output/translation.md
  186.6s turn 14
  193.8s   model reply: in 3 + cached 64340, out 741 (+175 reasoning)
  193.8s   tool edit: /output/suggestions.md
  193.8s turn 15
  195.5s   model reply: in 3 + cached 64672, out 46 (+8 reasoning)
  195.5s   tool bash: node /kit/rag.mjs check --translation /output/translation.md
  195.7s turn 16
  202.1s   model reply: in 3 + cached 65437, out 482 (+282 reasoning)
  202.1s   tool edit: /output/translation.md
  202.1s turn 17
  210.1s   model reply: in 3 + cached 66112, out 659 (+628 reasoning)
  210.1s   tool read: /output/translation.md
  210.1s turn 18
  215.7s   model reply: in 3 + cached 66618, out 296 (+265 reasoning)
  215.7s   tool read: /output/translation.md
  215.7s turn 19
  219.3s   model reply: in 3 + cached 69344, out 238 (+173 reasoning)
  219.3s   tool edit: /output/translation.md
  219.3s turn 20
  223.5s   model reply: in 3 + cached 70038, out 275 (+203 reasoning)
  223.5s agent finished
  223.5s agent finished
