    2.0s turn 1
    8.9s   model reply: in 27344 + cached 0, out 563 (+529 reasoning)
    8.9s   tool bash: node /kit/rag.mjs entry remove pick_up place rinse walk face sequence request propose inform
    9.1s turn 2
   22.0s   model reply: in 4787 + cached 24363, out 1277 (+1230 reasoning)
   22.0s   tool bash: node /kit/rag.mjs search "walk to face" "wash and remove" "format_numbered_list" "state_clean" "activity"
   22.1s turn 3
   29.8s   model reply: in 3651 + cached 28427, out 678 (+655 reasoning)
   29.8s   tool bash: grep -in "alfred" /reference/*
   29.9s turn 4
   37.7s   model reply: in 4353 + cached 28413, out 78 (+52 reasoning)
   37.7s   tool bash: grep -in "MODE " /reference/glossary.md
   37.7s turn 5
   52.6s   model reply: in 5486 + cached 28403, out 38 (+11 reasoning)
   52.6s   tool bash: grep -n "^| example_" /reference/glossary.md
   52.6s turn 6
   70.3s   model reply: in 2585 + cached 32451, out 1721 (+1694 reasoning)
   70.3s   tool bash: node -e 'console.log("rag check helper inspection")'
   70.3s turn 7
   76.8s   model reply: in 4315 + cached 32446, out 91 (+63 reasoning)
   76.8s   tool bash: node /kit/rag.mjs check --translation /dev/null
   76.9s turn 8
   82.4s   model reply: in 4844 + cached 32432, out 83 (+36 reasoning)
   82.4s   tool bash: grep -A 30 "function check" /kit/rag.mjs || grep -A 30 "check(" /kit/rag.mjs
   82.5s turn 9
   86.5s   model reply: in 37369 + cached 0, out 41 (+15 reasoning)
   86.5s   tool bash: grep -n "check" /kit/rag.mjs
   86.6s turn 10
  107.5s   model reply: in 5135 + cached 32396, out 3110 (+3074 reasoning)
  107.5s   tool bash: node /kit/rag.mjs entry request propose ask inform state_clean in sequence format_numbered_list
  107.7s turn 11
  111.5s   model reply: in 4614 + cached 36462, out 77 (+50 reasoning)
  111.5s   tool bash: node /kit/rag.mjs entry activity decision art_plan
  111.7s turn 12
  121.3s   model reply: in 5535 + cached 36452, out 849 (+818 reasoning)
  121.3s   tool bash: node /kit/rag.mjs widen "potato must be washed" --kind constraint
  121.6s turn 13
  134.3s   model reply: in 3570 + cached 40504, out 1547 (+862 reasoning)
  134.3s   tool bash: cat << 'EOF' > /output/translation.md
Status: success
Mode: REQUEST

## BrainCode

```braincode
MODE REQUEST
ENTRYPOINT Conversation
CONVO Conversation {
  TURN
  134.5s turn 14
  142.1s   model reply: in 5625 + cached 40505, out 920 (+70 reasoning)
  142.1s   tool bash: cat << 'EOF' > /output/translation.md
Status: success
Mode: REQUEST

## BrainCode

```braincode
MODE REQUEST
ENTRYPOINT FoodLabelPotato
TASK FoodLabelPotato {
 
  142.2s turn 15
  148.5s   model reply: in 3017 + cached 44550, out 285 (+247 reasoning)
  148.5s   tool bash: node /kit/rag.mjs widen "Sequential ordered plan from step 1 to step 6." --kind temporal
  148.7s turn 16
  156.8s   model reply: in 5392 + cached 44554, out 1003 (+139 reasoning)
  156.8s   tool bash: cat << 'EOF' > /output/translation.md
Status: success
Mode: REQUEST

## BrainCode

```braincode
MODE REQUEST
ENTRYPOINT FoodLabelPotato
TASK FoodLabelPotato {
 
  156.9s turn 17
  166.1s   model reply: in 2866 + cached 48600, out 1234 (+376 reasoning)
  166.1s   tool bash: cat << 'EOF' > /output/translation.md
Status: success
Mode: REQUEST

## BrainCode

```braincode
MODE REQUEST
ENTRYPOINT FoodLabelPotato
TASK FoodLabelPotato {
 
  166.2s turn 18
  176.6s   model reply: in 4619 + cached 48598, out 1386 (+371 reasoning)
  176.6s   tool bash: cat << 'EOF' > /output/translation.md
Status: success
Mode: REQUEST

## BrainCode

```braincode
MODE REQUEST
ENTRYPOINT Conversation
CONVO Conversation {
  TURN
  176.7s turn 19
  184.8s   model reply: in 2469 + cached 52648, out 481 (+444 reasoning)
  184.8s   tool bash: node /kit/rag.mjs entry activity sequence request propose ask in state_clean rinse format_numbered_list
  184.9s turn 20
  188.7s   model reply: in 4101 + cached 52644, out 89 (+52 reasoning)
  188.7s   tool bash: node /kit/rag.mjs search "step" "plan" "task" "instruction" "wash"
  188.8s turn 21
  208.1s   model reply: in 5577 + cached 52640, out 2412 (+2384 reasoning)
  208.1s   tool bash: grep -E "\| constructor \|" /reference/glossary.md
  208.2s turn 22
  298.1s   model reply: in 62425 + cached 0, out 2474 (+1428 reasoning)
  298.1s   tool bash: cat << 'EOF' > /output/translation.md
Status: success
Mode: REQUEST

## BrainCode

```braincode
MODE REQUEST
ENTRYPOINT Conversation
CONVO Conversation {
  TURN
  298.2s turn 23
  302.8s   model reply: in 4638 + cached 60774, out 263 (+233 reasoning)
  302.8s   tool bash: node /kit/rag.mjs check --translation /output/translation.md
  303.2s turn 24
  310.4s   model reply: in 0 + cached 0, out 0 (+0 reasoning)
  310.4s agent finished
  312.4s turn 25
  326.1s   model reply: in 0 + cached 0, out 0 (+0 reasoning)
  326.1s agent finished
  330.1s turn 26
  356.7s   model reply: in 0 + cached 0, out 0 (+0 reasoning)
  356.7s agent finished
  364.7s turn 27
  438.3s   model reply: in 66189 + cached 0, out 228 (+15 reasoning)
  438.3s agent finished
  438.3s agent finished
