    1.4s turn 1
   11.9s   model reply: in 14162 + cached 0, out 1488 (+1471 reasoning)
   11.9s   tool bash: ls -la /
   11.9s turn 2
   15.2s   model reply: in 4333 + cached 12100, out 46 (+24 reasoning)
   15.2s   tool bash: ls -la /kit /attach /reference
   15.2s turn 3
   18.0s   model reply: in 4926 + cached 12091, out 51 (+32 reasoning)
   18.0s   tool read: /kit/README.md
   18.0s turn 4
   21.5s   model reply: in 2110 + cached 16120, out 45 (+25 reasoning)
   21.5s   tool read: /reference/examples.jsonl
   21.5s turn 5
   24.3s   model reply: in 3327 + cached 16118, out 39 (+21 reasoning)
   24.3s   tool bash: ls -la /output
   24.3s turn 6
   26.8s   model reply: in 3435 + cached 16102, out 29 (+12 reasoning)
   26.8s   tool read: /prompt.md
   26.8s turn 7
   41.2s   model reply: in 3939 + cached 16091, out 2362 (+2301 reasoning)
   41.2s   tool bash: grep -E '"id": "(activity|greeting|offer_help|property_question|recommended|statement|user_preference|group_size|location_spec|requirement|duration)"' /referenc
   41.2s turn 8
   44.1s   model reply: in 6296 + cached 16106, out 49 (+21 reasoning)
   44.1s   tool bash: grep '"symbol": "greeting"' /reference/glossary.jsonl
   44.2s turn 9
   47.2s   model reply: in 2418 + cached 20089, out 92 (+24 reasoning)
   47.2s   tool bash: grep -E '"symbol": "(offer_help|property_question|recommended|statement|user_preference|group_size|location_spec|requirement|duration|activity|propose|inform|as
   47.3s turn 10
   51.2s   model reply: in 4265 + cached 20100, out 74 (+34 reasoning)
   51.2s   tool bash: grep -n -C 5 "rule_speech_acts_general" /attach/2-glossary-entries.md
   51.2s turn 11
   54.4s   model reply: in 6023 + cached 20109, out 66 (+28 reasoning)
   54.4s   tool bash: grep -A 10 -B 2 "speech-acts-general" /reference/glossary.jsonl
   54.5s turn 12
   73.5s   model reply: in 4130 + cached 24145, out 3136 (+3094 reasoning)
   73.5s   tool bash: find / -name "*thoughttrace*" -o -name "*trajectory*" -o -name "*reconstruction*" 2>/dev/null
   73.5s turn 13
   76.6s   model reply: in 3222 + cached 28199, out 52 (+32 reasoning)
   76.6s   tool bash: ls -la /reference /kit
   76.7s turn 14
   79.9s   model reply: in 3666 + cached 28187, out 37 (+16 reasoning)
   79.9s   tool read: /kit/needs_prompt.md
   79.9s turn 15
  134.8s   model reply: in 4390 + cached 28178, out 9275 (+9247 reasoning)
  134.8s   tool bash: grep -rn "hidden_gems" / 2>/dev/null
  134.9s turn 16
  139.0s   model reply: in 9543 + cached 32310, out 46 (+13 reasoning)
  139.0s   tool bash: grep -rn "hidden_gems" /reference /attach /kit 2>/dev/null
  139.1s turn 17
  144.8s   model reply: in 5578 + cached 36331, out 125 (+62 reasoning)
  144.8s   tool bash: grep -E "\| (art_itinerary|location_spec|property_question|requirement|activity|group_size|offer_help|greeting|recommended|user_preference|statement) \|" /refer
  144.9s turn 18
  148.6s   model reply: in 2331 + cached 40358, out 64 (+28 reasoning)
  148.6s   tool bash: grep -A 20 -B 5 "property_question" /reference/language-spec.md
  148.6s turn 19
  214.2s   model reply: in 2912 + cached 40346, out 10315 (+10117 reasoning)
  214.2s   tool write: /output/reconstruction.md
  214.2s turn 20
  218.1s   model reply: in 13135 + cached 40443, out 56 (+36 reasoning)
  218.1s   tool read: /output/reconstruction.md
  218.1s turn 21
  222.0s   model reply: in 5291 + cached 48515, out 78 (+56 reasoning)
  222.0s agent finished
  222.0s agent finished
