    6.4s turn 1
   24.1s   model reply: in 31868 + cached 0, out 2533 (+2482 reasoning)
   24.1s   tool bash: node /kit/rag.mjs search "flirty" "intellectual" "playboy" "apologize" "pickup line" "reassure" "wine"
   24.3s turn 2
   38.7s   model reply: in 7933 + cached 28473, out 616 (+567 reasoning)
   38.7s   tool bash: node /kit/rag.mjs search "dating" "restaurant" "friends" "adventure" "forgive" "busy" "speakeasy" "strike"
   39.5s turn 3
   46.9s   model reply: in 6738 + cached 32539, out 202 (+78 reasoning)
   46.9s   tool bash: node /kit/rag.mjs entry attitude identity failure role_friend role_user role_agent ask apologize propose respond acknowledge inform confirm correct decline acti
   47.3s turn 4
   53.6s   model reply: in 4965 + cached 36601, out 131 (+30 reasoning)
   53.6s   tool bash: node /kit/rag.mjs entry character character_trait constraint_realistic constraint_budget_limited unit_week restaurant wine entity_drinks time_point temporal_con
   53.8s turn 5
   63.0s   model reply: in 3157 + cached 40663, out 50 (+24 reasoning)
   63.0s   tool bash: node /kit/rag.mjs entry contrast revises supports
   63.2s turn 6
   83.0s   model reply: in 3395 + cached 40644, out 2129 (+2077 reasoning)
   83.0s   tool bash: node /kit/rag.mjs search "character" "playboy" "flirt" "wine" "tasting" "forgive" "adventure" "speakeasy"
   83.3s turn 7
   88.4s   model reply: in 7910 + cached 40655, out 141 (+37 reasoning)
   88.4s   tool bash: node /kit/rag.mjs widen "adopt a playboy persona" --kind constraint
node /kit/rag.mjs widen "funny tone" --kind constraint
node /kit/rag.mjs widen "flirty tone"
   89.2s turn 8
  109.6s   model reply: in 7209 + cached 44723, out 511 (+399 reasoning)
  109.6s   tool bash: node /kit/rag.mjs widen "use a playful pickup line in response to app outage" --kind speech_act
node /kit/rag.mjs widen "weekend dining plans were limited by ba
  111.2s turn 9
  118.6s   model reply: in 6971 + cached 48794, out 193 (+80 reasoning)
  118.6s   tool bash: node /kit/rag.mjs widen "offline dating or practicing James Bond impression when Tinder fails" --kind claim
node /kit/rag.mjs widen "flatter recipient as someon
  119.4s turn 10
  128.9s   model reply: in 59334 + cached 0, out 390 (+246 reasoning)
  128.9s   tool bash: node /kit/rag.mjs widen "playfully dismiss late reply by calling oneself a catch" --kind speech_act
node /kit/rag.mjs widen "rely on charm and good looks during
  129.9s turn 11
  137.8s   model reply: in 6136 + cached 56935, out 152 (+102 reasoning)
  137.8s   tool bash: node /kit/rag.mjs entry user_practice interpersonal_stance has_style perceived_as distracts_from focus_of considered unaware has_goal causes reason_for
  137.9s turn 12
  164.4s   model reply: in 3506 + cached 60991, out 3068 (+3033 reasoning)
  164.4s   tool bash: grep -E "\| (tone_|style_|char_|constraint_)" /reference/glossary.md
  164.4s turn 13
  173.0s   model reply: in 7816 + cached 61000, out 742 (+714 reasoning)
  173.0s   tool bash: grep -E "\| constructor \|" /reference/glossary.md
  173.0s turn 14
  184.5s   model reply: in 48492 + cached 0, out 50 (+20 reasoning)
  184.5s   tool bash: grep -E "\| claim_relation \|" /reference/glossary.md
  184.6s turn 15
  187.8s   model reply: in 5742 + cached 44733, out 61 (+24 reasoning)
  187.8s   tool bash: grep -E "\| claim_relation \|" /reference/glossary.md | tail -n 25
  187.8s turn 16
  190.8s   model reply: in 3211 + cached 48789, out 47 (+19 reasoning)
  190.8s   tool bash: grep -E "\| link \|" /reference/glossary.md
  191.1s turn 17
  194.2s   model reply: in 3495 + cached 48771, out 51 (+21 reasoning)
  194.2s   tool bash: grep -E "\| speech_act \|" /reference/glossary.md
  194.4s turn 18
  239.6s   model reply: in 4037 + cached 48754, out 8188 (+6754 reasoning)
  239.6s   tool write: /output/translation.md
  239.7s turn 19
  244.0s   model reply: in 12196 + cached 48787, out 62 (+32 reasoning)
  244.0s   tool bash: node /kit/rag.mjs check --translation /output/translation.md
  244.2s turn 20
  273.5s   model reply: in 4895 + cached 56903, out 5007 (+3551 reasoning)
  273.5s   tool write: /output/translation.md
  273.6s turn 21
  276.4s   model reply: in 5830 + cached 60979, out 56 (+26 reasoning)
  276.4s   tool bash: node /kit/rag.mjs check --translation /output/translation.md
  276.6s turn 22
  281.7s   model reply: in 2588 + cached 65030, out 130 (+26 reasoning)
  281.7s agent finished
  281.7s agent finished
