    3.1s turn 1
    7.9s   model reply: in 3 + cached 0, out 72 (+0 reasoning)
    7.9s   tool bash: node /kit/rag.mjs search "flight route origin destination one-way nonstop airline departure morning" "request speech act" "senior traveler" "described action re
   10.3s turn 2
   14.2s   model reply: in 3 + cached 28574, out 93 (+23 reasoning)
   14.2s   tool bash: node /kit/rag.mjs entry request constrained_by requirement activity; node /kit/rag.mjs search "flight" "one way" "nonstop" "morning" "departure origin destinati
   14.6s turn 3
   33.5s   model reply: in 3 + cached 29864, out 642 (+516 reasoning)
   33.5s   tool bash: for need in 'search for flights' 'one-way flight' 'nonstop direct flight' 'flight date July 1' 'airline United Airlines' 'passenger count one senior' 'view flig
   34.8s turn 4
   46.9s   model reply: in 3 + cached 32240, out 420 (+292 reasoning)
   46.9s   tool bash: for need in 'nonstop direct flight' 'flight date July 1' 'airline United Airlines' 'passenger count one senior' 'view flight deal' 'morning departure flight'; d
   47.8s turn 5
  107.9s   model reply: in 3 + cached 35566, out 3362 (+443 reasoning)
  107.9s   tool write: /output/translation.md
  107.9s turn 6
  114.4s   model reply: in 3 + cached 38663, out 131 (+49 reasoning)
  114.4s   tool bash: node /kit/rag.mjs widen "passenger count two adults" | head -n 16; node /kit/rag.mjs search "number of adult flight passengers" | head -n 14; node /kit/rag.mjs 
  114.8s turn 7
  148.9s   model reply: in 3 + cached 42043, out 1580 (+221 reasoning)
  148.9s   tool write: /output/suggestions.md
  148.9s turn 8
  154.5s   model reply: in 3 + cached 43231, out 239 (+0 reasoning)
  154.5s   tool edit: /output/translation.md
  154.5s turn 9
  158.1s   model reply: in 3 + cached 44829, out 49 (+11 reasoning)
  158.1s   tool bash: node /kit/rag.mjs check --translation /output/translation.md
  158.2s turn 10
  162.1s   model reply: in 3 + cached 45092, out 55 (+0 reasoning)
  162.1s agent finished
  162.1s agent finished
