    1.9s turn 1
    5.9s   model reply: in 11774 + cached 0, out 179 (+162 reasoning)
    5.9s   tool read: /trajectory.txt
    5.9s turn 2
    9.3s   model reply: in 4281 + cached 8026, out 127 (+110 reasoning)
    9.3s   tool bash: ls -la /
    9.3s turn 3
   67.1s   model reply: in 13217 + cached 0, out 40 (+20 reasoning)
   67.1s   tool bash: ls -la /kit /reference
   67.1s turn 4
  109.6s   model reply: in 5621 + cached 8016, out 63 (+33 reasoning)
  109.6s   tool read: /reference/examples.jsonl
  109.6s turn 5
  141.3s   model reply: in 2840 + cached 12025, out 53 (+24 reasoning)
  141.3s   tool read: /kit/README.md
  141.3s turn 6
  144.2s   model reply: in 16076 + cached 0, out 47 (+16 reasoning)
  144.2s   tool read: /kit/needs_prompt.md
  144.2s turn 7
  186.1s   model reply: in 16797 + cached 0, out 39 (+22 reasoning)
  186.1s   tool read: /prompt.md
  186.1s turn 8
  231.8s   model reply: in 17301 + cached 0, out 969 (+933 reasoning)
  231.8s   tool bash: grep -in "web_element" /reference/glossary.md /reference/glossary.jsonl
  231.8s turn 9
  257.2s   model reply: in 18518 + cached 0, out 72 (+38 reasoning)
  257.2s   tool bash: grep -in "click" /reference/glossary.md /reference/glossary.jsonl
  257.3s turn 10
  284.0s   model reply: in 2936 + cached 16010, out 73 (+43 reasoning)
  284.0s   tool bash: grep -in '"kind": "rule"' /reference/glossary.jsonl
  284.1s turn 11
  343.9s   model reply: in 5024 + cached 16030, out 59 (+41 reasoning)
  343.9s   tool bash: ls -la /output
  343.9s turn 12
  408.5s   model reply: in 21166 + cached 0, out 35 (+17 reasoning)
  408.5s   tool bash: ls -la /session
  408.5s turn 13
  418.3s   model reply: in 21372 + cached 0, out 1385 (+1351 reasoning)
  418.3s   tool bash: grep -in "activity" /reference/glossary.jsonl /reference/glossary.md
  418.3s turn 14
  426.9s   model reply: in 4828 + cached 20052, out 1117 (+1089 reasoning)
  426.9s   tool bash: grep -ri "mind2web" / 2>/dev/null
  427.0s turn 15
  444.7s   model reply: in 5953 + cached 20054, out 51 (+31 reasoning)
  444.7s   tool bash: ls -la /attach /reference
  444.7s turn 16
  455.5s   model reply: in 2370 + cached 24053, out 516 (+486 reasoning)
  455.5s   tool read: /kit/rag.mjs
  455.5s turn 17
  459.1s   model reply: in 28415 + cached 0, out 63 (+41 reasoning)
  459.1s   tool bash: node /kit/rag.mjs health
  459.4s turn 18
  463.1s   model reply: in 4523 + cached 24044, out 115 (+75 reasoning)
  463.1s   tool bash: node /kit/rag.mjs entry web_element click activity "country::US" "object_label::scam"
  463.2s turn 19
  466.5s   model reply: in 5697 + cached 24047, out 92 (+54 reasoning)
  466.5s   tool bash: node /kit/rag.mjs search "click" "File a Complaint" "navigate to US to report scam"
  466.7s turn 20
  488.2s   model reply: in 2717 + cached 28055, out 3294 (+3262 reasoning)
  488.2s   tool bash: grep -ri "reconstruct" /attach /reference /kit 2>/dev/null
  488.3s turn 21
  508.8s   model reply: in 6792 + cached 28109, out 3020 (+2997 reasoning)
  508.8s   tool bash: wc -l /reference/examples.jsonl
  508.8s turn 22
  512.8s   model reply: in 5772 + cached 32157, out 120 (+91 reasoning)
  512.8s   tool bash: grep -in "RECORD" /attach/1-language-spec.md
  512.9s turn 23
  544.9s   model reply: in 0 + cached 0, out 0 (+0 reasoning)
  544.9s agent finished
  546.9s turn 24
  560.7s   model reply: in 0 + cached 0, out 0 (+0 reasoning)
  560.7s agent finished
  564.8s turn 25
  591.4s   model reply: in 0 + cached 0, out 0 (+0 reasoning)
  591.4s agent finished
  599.5s turn 26
  700.2s   model reply: in 39319 + cached 0, out 7052 (+6997 reasoning)
  700.2s   tool bash: find / -maxdepth 3 -not -path '*/.*' -not -path '/proc*' -not -path '/sys*' -not -path '/dev*' 2>/dev/null
  700.2s turn 27
  707.6s   model reply: in 10115 + cached 36266, out 30 (+13 reasoning)
  707.6s   tool bash: ls -la /
  707.6s turn 28
  712.3s   model reply: in 2877 + cached 44317, out 40 (+18 reasoning)
  712.3s   tool bash: ls -la /opt /home /srv
  712.3s turn 29
  717.2s   model reply: in 3270 + cached 44303, out 52 (+24 reasoning)
  717.2s   tool read: /opt/settings.json
  717.2s turn 30
  776.6s   model reply: in 3815 + cached 44226, out 7633 (+7544 reasoning)
  776.6s   tool write: /output/reconstruction.md
  776.6s turn 31
  783.2s   model reply: in 11361 + cached 44318, out 40 (+20 reasoning)
  783.2s   tool read: /output/reconstruction.md
  783.3s turn 32
  787.1s   model reply: in 3425 + cached 52357, out 108 (+85 reasoning)
  787.1s agent finished
  787.1s agent finished
