    2.9s turn 1
   12.4s   model reply: in 30620 + cached 0, out 1020 (+975 reasoning)
   12.4s   tool bash: node /kit/rag.mjs search "movie plot Inception" "medieval fantasy" "Half-Life 2" "dream" "rewrite"
   12.5s turn 2
   16.0s   model reply: in 4591 + cached 28453, out 83 (+45 reasoning)
   16.0s   tool bash: node /kit/rag.mjs search "character" "narrative" "adaptation" "mission" "story"
   16.2s turn 3
   20.7s   model reply: in 2134 + cached 32509, out 144 (+99 reasoning)
   20.7s   tool bash: node /kit/rag.mjs entry instantiates leads_to has_goal activity aesthetic character character_trait substitute sequence conjunction time_horizon temporal_contex
   20.9s turn 4
   35.3s   model reply: in 3906 + cached 32501, out 2095 (+2057 reasoning)
   35.3s   tool bash: node /kit/rag.mjs search "speech act" "inform" "ask" "request" "recommend"
   36.0s turn 5
   39.3s   model reply: in 7520 + cached 32508, out 52 (+25 reasoning)
   39.3s   tool bash: node /kit/rag.mjs entry ask propose inform respond request
   39.4s turn 6
   43.5s   model reply: in 3839 + cached 36554, out 70 (+30 reasoning)
   43.5s   tool bash: node /kit/rag.mjs search "claim relation" "story" "adaptation" "plot" "fictional"
   43.9s turn 7
   47.2s   model reply: in 0 + cached 0, out 0 (+0 reasoning)
   47.3s agent finished
   49.3s turn 8
   62.8s   model reply: in 0 + cached 0, out 0 (+0 reasoning)
   62.8s agent finished
   66.9s turn 9
   78.5s   model reply: in 0 + cached 0, out 0 (+0 reasoning)
   78.5s agent finished
   86.6s turn 10
  178.1s   model reply: in 41840 + cached 0, out 75 (+41 reasoning)
  178.1s   tool bash: node /kit/rag.mjs entry statement involves attribute_claim has_attribute possesses argues_for
  178.3s turn 11
  198.7s   model reply: in 2287 + cached 40594, out 109 (+62 reasoning)
  198.7s   tool bash: node /kit/rag.mjs search "event" "story" "character" "conflict" "adaptation" "theme" "topic" "narrative"
  198.9s turn 12
  211.0s   model reply: in 4872 + cached 40595, out 187 (+117 reasoning)
  211.0s   tool bash: grep -E "^\| [a-z0-9_]+ \| (constructor|claim_relation|speech_act|composite|link) \|" /reference/glossary.md | awk -F'|' '{print $2, $3, $4}'
  211.1s turn 13
  233.1s   model reply: in 3075 + cached 44653, out 99 (+44 reasoning)
  233.1s   tool bash: grep -E "^\| [a-z0-9_]+ \| claim_relation \|" /reference/glossary.md | awk -F'|' '{print $2, $4}'
  233.1s turn 14
  243.5s   model reply: in 4435 + cached 44644, out 62 (+9 reasoning)
  243.5s   tool bash: grep -E "^\| [a-z0-9_]+ \| link \|" /reference/glossary.md | awk -F'|' '{print $2, $4}'
  243.5s turn 15
  255.0s   model reply: in 4591 + cached 44626, out 75 (+22 reasoning)
  255.0s   tool bash: grep -E "^\| [a-z0-9_]+ \| constructor \|" /reference/glossary.md | awk -F'|' '{print $2, $4}'
  255.2s turn 16
  272.8s   model reply: in 2778 + cached 48682, out 2690 (+2617 reasoning)
  272.8s   tool bash: node /kit/rag.mjs entry art_story style_narrative aesthetic character character_trait activity sequence conjunction obligation substitute temporal_context time_
  273.0s turn 17
  280.4s   model reply: in 7458 + cached 48702, out 107 (+63 reasoning)
  280.4s   tool bash: node /kit/rag.mjs entry statement has_goal opposes provides enables dog role_support_team cat_game role_user role_agent
  280.5s turn 18
  299.5s   model reply: in 4541 + cached 52750, out 2999 (+2969 reasoning)
  299.5s   tool bash: node /kit/rag.mjs entry aesthetic art_story style_narrative
  299.8s turn 19
  351.4s   model reply: in 3636 + cached 56815, out 9059 (+8984 reasoning)
  351.4s   tool bash: node /kit/rag.mjs entry activity aesthetic character character_trait sequence conjunction substitute temporal_context time_horizon self_protection obligation de
  351.6s turn 20
  363.4s   model reply: in 51421 + cached 0, out 103 (+52 reasoning)
  363.4s   tool bash: node /kit/rag.mjs entry opposes provides enables dog cat_game role_user role_agent art_story style_narrative role_support_team ask propose inform respond
  363.6s turn 21
  394.8s   model reply: in 3857 + cached 48835, out 6220 (+4474 reasoning)
  394.8s   tool write: /output/translation.md
  394.9s turn 22
  399.1s   model reply: in 10070 + cached 48846, out 53 (+23 reasoning)
  399.1s   tool bash: node /kit/rag.mjs check --translation /output/translation.md
  399.2s turn 23
  412.4s   model reply: in 2685 + cached 56971, out 2426 (+2396 reasoning)
  412.4s   tool bash: node /kit/rag.mjs check --translation /output/translation.md
  412.7s turn 24
  418.3s   model reply: in 5799 + cached 56970, out 495 (+97 reasoning)
  418.3s agent finished
  418.3s agent finished
