    2.2s turn 1
    8.5s   model reply: in 33458 + cached 0, out 370 (+348 reasoning)
    8.5s   tool bash: node /kit/rag.mjs check
    8.6s turn 2
   16.9s   model reply: in 5386 + cached 28458, out 925 (+834 reasoning)
   16.9s   tool bash: node /kit/rag.mjs search "conserved region of CYP2D6" "location on chromosome" "metabolizing medications" "outside of the coding region" "database access intern
   18.9s turn 3
   24.0s   model reply: in 5504 + cached 32531, out 280 (+257 reasoning)
   24.0s   tool bash: wc -l /reference/glossary.md
   24.0s turn 4
   27.2s   model reply: in 5810 + cached 32515, out 91 (+53 reasoning)
   27.2s   tool bash: grep -E "\| (constructor|claim_relation|composite|link) \|" /reference/glossary.md
   27.2s turn 5
   30.2s   model reply: in 3640 + cached 36572, out 53 (+25 reasoning)
   30.2s   tool bash: grep "\| claim_relation \|" /reference/glossary.md
   30.3s turn 6
   34.2s   model reply: in 5721 + cached 36568, out 80 (+40 reasoning)
   34.2s   tool bash: grep -E "^\| [a-z0-9_]+ \| claim_relation \|" /reference/glossary.md
   34.8s turn 7
   38.3s   model reply: in 3676 + cached 40626, out 63 (+16 reasoning)
   38.3s   tool bash: grep -E "^\| [a-z0-9_]+ \| claim_relation \|" /reference/glossary.md | tail -n +30
   38.4s turn 8
   41.5s   model reply: in 5691 + cached 40621, out 61 (+23 reasoning)
   41.5s   tool bash: grep -E "^\| [a-z0-9_]+ \| constructor \|" /reference/glossary.md
   41.6s turn 9
   44.6s   model reply: in 3492 + cached 44677, out 62 (+17 reasoning)
   44.6s   tool bash: grep -E "^\| [a-z0-9_]+ \| constructor \|" /reference/glossary.md | tail -n +25
   44.7s turn 10
   48.6s   model reply: in 5396 + cached 44672, out 60 (+15 reasoning)
   48.6s   tool bash: grep -E "^\| [a-z0-9_]+ \| constructor \|" /reference/glossary.md | tail -n +50
   48.8s turn 11
   52.3s   model reply: in 3149 + cached 48727, out 62 (+17 reasoning)
   52.3s   tool bash: grep -E "^\| [a-z0-9_]+ \| constructor \|" /reference/glossary.md | tail -n +75
   52.4s turn 12
   76.5s   model reply: in 3904 + cached 48713, out 4405 (+4347 reasoning)
   76.5s   tool bash: node /kit/rag.mjs entry property_question subject spatial_state spatial_constraint attribute_claim possesses activity temporal_context sequence conjunction nega
   76.8s turn 13
   80.2s   model reply: in 10335 + cached 48742, out 89 (+46 reasoning)
   80.2s   tool bash: node /kit/rag.mjs entry sequence conjunction negation exclude include requirement recommended statement varies_with role_agent role_user ask inform respond prop
   80.5s turn 14
   84.1s   model reply: in 3453 + cached 56855, out 99 (+67 reasoning)
   84.1s   tool bash: node /kit/rag.mjs entry next_to in on under left_of behind
   85.3s turn 15
   89.2s   model reply: in 3819 + cached 56837, out 85 (+55 reasoning)
   89.2s   tool bash: grep -E "\| spatial-relation \|" /reference/glossary.md
   89.8s turn 16
   94.1s   model reply: in 4272 + cached 56821, out 103 (+71 reasoning)
   94.1s   tool bash: node /kit/rag.mjs entry supports rejects revises then causes leads_to enables
   95.1s turn 17
  103.9s   model reply: in 4853 + cached 56805, out 1000 (+944 reasoning)
  103.9s   tool bash: node /kit/rag.mjs search "enzyme" "gene" "chromosome" "database" "consult" "literature" "expert" "protocol" "primer" "validation" "segmentation"
  105.2s turn 18
  144.8s   model reply: in 4892 + cached 60879, out 7560 (+7501 reasoning)
  144.8s   tool bash: node /kit/rag.mjs entry platform_label::bowtie platform_label::bwa platform_label::cnvkit platform_label::freec platform_label::varseq platform_label::ampliseq
  145.3s turn 19
  192.6s   model reply: in 56265 + cached 0, out 7060 (+4948 reasoning)
  192.6s   tool write: /output/translation.md
  192.6s turn 20
  196.6s   model reply: in 63329 + cached 0, out 54 (+24 reasoning)
  196.6s   tool bash: node /kit/rag.mjs check --translation /output/translation.md
  197.4s turn 21
  233.1s   model reply: in 3120 + cached 61027, out 6564 (+4442 reasoning)
  233.1s   tool write: /output/translation.md
  233.1s turn 22
  242.1s   model reply: in 61763 + cached 0, out 53 (+23 reasoning)
  242.1s   tool bash: node /kit/rag.mjs check --translation /output/translation.md
  242.3s turn 23
  249.2s   model reply: in 62580 + cached 0, out 439 (+392 reasoning)
  249.2s agent finished
  249.2s agent finished
