   10.2s turn 1
   26.1s   model reply: in 30626 + cached 0, out 515 (+457 reasoning)
   26.1s   tool bash: node /kit/rag.mjs search "theory" "chases" "likes" "sees" "young" "big" "kind" "green" "round" "leads_to" "statement"
   26.6s turn 2
   35.1s   model reply: in 34242 + cached 0, out 67 (+38 reasoning)
   35.2s   tool bash: grep -i "proofwriter" /reference/glossary.md || true
   35.2s turn 3
   40.5s   model reply: in 5869 + cached 28443, out 78 (+45 reasoning)
   40.5s   tool bash: node /kit/rag.mjs entry activity attribute_claim statement leads_to subject conjunction requirement
   41.2s turn 4
   71.8s   model reply: in 3695 + cached 32500, out 2678 (+2652 reasoning)
   71.8s   tool bash: grep -rn "leads_to" /reference/ || true
   72.6s turn 5
   80.6s   model reply: in 6550 + cached 32501, out 324 (+271 reasoning)
   80.6s   tool bash: node /kit/rag.mjs search "property" "trait" "attribute" "chase" "like" "see" "kind" "round" "young" "big"
   81.7s turn 6
   96.3s   model reply: in 5659 + cached 36567, out 271 (+231 reasoning)
   96.3s   tool bash: node /kit/rag.mjs entry property_question character_trait has_attribute attribute_claim statement leads_to conjunction requirement
   96.5s turn 7
  105.9s   model reply: in 3021 + cached 40621, out 453 (+401 reasoning)
  105.9s   tool bash: grep -E "character_trait|has_attribute|attribute_claim|has_state|shape_round|size_large|color_label" /reference/glossary.md
  106.4s turn 8
  117.2s   model reply: in 4905 + cached 40615, out 54 (+29 reasoning)
  117.2s   tool bash: grep "| constructor |" /reference/glossary.md
  118.3s turn 9
  125.1s   model reply: in 2699 + cached 44671, out 127 (+88 reasoning)
  125.1s   tool bash: node /kit/rag.mjs entry conditional conjunction attribute_claim statement leads_to activity character_trait property_question requirement
  127.1s turn 10
  143.1s   model reply: in 4523 + cached 44665, out 1622 (+1570 reasoning)
  143.2s   tool bash: node /kit/rag.mjs search "rely only on" "truth value" "True, False, or Unknown" "multiple choice" "allowed_choices" "theory"
  145.3s turn 11
  152.4s   model reply: in 3761 + cached 48732, out 90 (+66 reasoning)
  152.4s   tool bash: grep -rn "conditional" /reference/ || true
  152.9s turn 12
  161.2s   model reply: in 5137 + cached 48723, out 850 (+801 reasoning)
  161.2s   tool bash: grep '"kind": "constructor"' /reference/glossary.jsonl | jq -r '.symbol + " : " + .signature + " | " + .definition'
  161.6s turn 13
  167.0s   model reply: in 6022 + cached 48710, out 122 (+21 reasoning)
  167.0s   tool bash: python3 -c '
import json
with open("/reference/glossary.jsonl") as f:
    for line in f:
        d = json.loads(line)
        if d.get("kind") == "constructor":
  167.2s turn 14
  186.1s   model reply: in 2127 + cached 52750, out 120 (+9 reasoning)
  186.1s   tool bash: node -e '
const fs = require("fs");
const lines = fs.readFileSync("/reference/glossary.jsonl", "utf8").trim().split("\n");
for (const line of lines) {
  const d
  186.8s turn 15
  191.3s   model reply: in 3994 + cached 52746, out 132 (+19 reasoning)
  191.3s   tool bash: node -e '
const fs = require("fs");
const lines = fs.readFileSync("/reference/glossary.jsonl", "utf8").trim().split("\n");
for (const line of lines) {
  const d
  192.8s turn 16
  197.2s   model reply: in 5972 + cached 52743, out 163 (+18 reasoning)
  197.2s   tool bash: node -e '
const fs = require("fs");
const lines = fs.readFileSync("/reference/glossary.jsonl", "utf8").trim().split("\n");
for (const line of lines) {
  const d
  197.7s turn 17
  212.3s   model reply: in 2338 + cached 56783, out 1220 (+1182 reasoning)
  212.3s   tool bash: node /kit/rag.mjs entry ask inform property_question character_trait constraint_single_choice shape_round
  212.6s turn 18
  228.8s   model reply: in 4079 + cached 56778, out 234 (+204 reasoning)
  228.8s   tool bash: node /kit/rag.mjs entry user role_user agent role_agent
  229.0s turn 19
  235.2s   model reply: in 4474 + cached 56761, out 88 (+58 reasoning)
  235.2s   tool bash: grep '"symbol": "user"' /reference/glossary.jsonl || true
  235.2s turn 20
  240.4s   model reply: in 4584 + cached 56742, out 59 (+34 reasoning)
  240.4s   tool bash: node /kit/rag.mjs entry role_user
  240.7s turn 21
  313.2s   model reply: in 4707 + cached 56723, out 3065 (+2856 reasoning)
  313.2s   tool bash: cat << 'EOF' > /output/translation.md
Status: success
Mode: REQUEST

## BrainCode

```braincode
MODE REQUEST
ENTRYPOINT Conversation
CONVO Conversation {
  TURN
  313.5s turn 22
  364.4s   model reply: in 4359 + cached 60792, out 3691 (+1059 reasoning)
  364.4s   tool bash: cat << 'EOF' > /output/translation.md
Status: success
Mode: REQUEST

## BrainCode

```braincode
MODE REQUEST
ENTRYPOINT Conversation
CONVO Conversation {
  TURN
  366.0s turn 23
  407.7s   model reply: in 4716 + cached 64868, out 4057 (+3909 reasoning)
  407.7s   tool bash: node -e '
const fs = require("fs");
const lines = fs.readFileSync("/reference/glossary.jsonl", "utf8").trim().split("\n");
for (const line of lines) {
  const d
  407.8s turn 24
  441.4s   model reply: in 51285 + cached 0, out 4282 (+1459 reasoning)
  441.4s   tool bash: cat << 'EOF' > /output/translation.md
Status: success
Mode: REQUEST

## BrainCode

```braincode
MODE REQUEST
ENTRYPOINT Conversation
CONVO Conversation {
  TURN
  442.8s turn 25
  462.0s   model reply: in 7606 + cached 48703, out 3154 (+330 reasoning)
  462.0s   tool default_api:write: /output/translation.md
  462.0s turn 26
  478.6s   model reply: in 59462 + cached 0, out 2917 (+76 reasoning)
  478.6s   tool bash: cat << 'EOF' > /output/translation.md
Status: success
Mode: REQUEST

## BrainCode

```braincode
MODE REQUEST
ENTRYPOINT Conversation
CONVO Conversation {
  TURN
  480.1s turn 27
  485.3s   model reply: in 6287 + cached 56834, out 263 (+44 reasoning)
  485.4s agent finished
  485.4s agent finished
