   18.0s turn 1
   37.3s   model reply: in 2204 + cached 0, out 2991 (+2973 reasoning)
   37.3s   tool bash: mkdir -p /output
   37.4s turn 2
   41.0s   model reply: in 5198 + cached 0, out 158 (+141 reasoning)
   41.0s   tool read: /trajectory.txt
   41.2s turn 3
   44.9s   model reply: in 5942 + cached 0, out 75 (+38 reasoning)
   44.9s   tool bash: python3 -c "with open('/trajectory.txt') as f: print(repr(f.read()))"
   45.1s turn 4
   50.6s   model reply: in 2137 + cached 3903, out 58 (+18 reasoning)
   50.6s   tool bash: node -e "console.log(JSON.stringify(require('fs').readFileSync('/trajectory.txt', 'utf8')))"
   50.9s turn 5
   70.1s   model reply: in 2780 + cached 3908, out 2915 (+2064 reasoning)
   70.1s   tool write: /output/translation.md
   70.3s turn 6
   72.7s   model reply: in 5654 + cached 3953, out 30 (+11 reasoning)
   72.7s   tool read: /output/translation.md
   72.8s turn 7
   77.0s   model reply: in 2550 + cached 7913, out 218 (+192 reasoning)
   77.1s agent finished
   77.1s agent finished
