    2.2s turn 1
    9.7s   model reply: in 13457 + cached 0, out 874 (+854 reasoning)
    9.7s   tool bash: ls -la /kit || true
    9.7s turn 2
   13.5s   model reply: in 2422 + cached 12076, out 63 (+35 reasoning)
   13.5s   tool bash: cat /kit/README.md /kit/needs_prompt.md
   13.5s turn 3
   16.4s   model reply: in 4318 + cached 12084, out 48 (+31 reasoning)
   16.4s   tool bash: ls -la /
   16.4s turn 4
   19.4s   model reply: in 5154 + cached 12079, out 30 (+12 reasoning)
   19.4s   tool bash: cat /prompt.md
   19.5s turn 5
   30.4s   model reply: in 5657 + cached 12070, out 1542 (+1502 reasoning)
   30.4s   tool bash: node /kit/rag.mjs entry activity requirement subject sequence temporal_context time_point well_wishes ask propose recommended request
   30.5s turn 6
   33.7s   model reply: in 5118 + cached 16124, out 47 (+29 reasoning)
   33.7s   tool bash: ls -la /reference
   33.7s turn 7
   36.7s   model reply: in 5382 + cached 16111, out 47 (+26 reasoning)
   36.7s   tool bash: cat /reference/examples.jsonl
   36.7s turn 8
   75.2s   model reply: in 2573 + cached 20137, out 6107 (+5957 reasoning)
   75.3s   tool write: /output/reconstruction.md
   75.4s turn 9
   81.2s   model reply: in 8631 + cached 20191, out 40 (+20 reasoning)
   81.2s   tool read: /output/reconstruction.md
   81.3s turn 10
  134.1s   model reply: in 28986 + cached 0, out 86 (+68 reasoning)
  134.1s agent finished
  134.1s agent finished
