    2.5s turn 1
    9.7s   model reply: in 30503 + cached 0, out 576 (+531 reasoning)
    9.7s   tool bash: node /kit/rag.mjs search "theory" "rule" "implication" "condition" "property" "negation" "question"
    9.8s turn 2
   16.9s   model reply: in 4600 + cached 28453, out 656 (+618 reasoning)
   16.9s   tool bash: node /kit/rag.mjs entry attribute_claim has_attribute statement property_question rule condition implication premise conclusion hypothesis
   17.0s turn 3
   20.4s   model reply: in 6005 + cached 28444, out 97 (+30 reasoning)
   20.5s   tool bash: grep -i -E "reason|logic|theory|imply|implies|rule|condition|entail|infer|then|if|claim|fact|truth|true|false" /reference/glossary.md | head -n 40
   20.5s turn 4
   24.0s   model reply: in 3819 + cached 32501, out 119 (+69 reasoning)
   24.0s   tool bash: grep -E "^\| [a-zA-Z0-9_]+ \| (constructor|claim_relation|link|speech_act)" /reference/glossary.md
   24.1s turn 5
   27.6s   model reply: in 5789 + cached 32496, out 68 (+31 reasoning)
   27.6s   tool bash: node /kit/rag.mjs entry conditional conjunction negation universal existential property_question attribute_claim statement has_attribute
   27.8s turn 6
   33.0s   model reply: in 2713 + cached 36545, out 68 (+28 reasoning)
   33.0s   tool bash: grep -E "^\| [a-zA-Z0-9_]+ \| constructor \|" /reference/glossary.md
   33.1s turn 7
   39.2s   model reply: in 4582 + cached 36540, out 69 (+15 reasoning)
   39.2s   tool bash: grep -E "^\| [a-zA-Z0-9_]+ \| constructor \|" /reference/glossary.md | tail -n +25 | head -n 30
   39.2s turn 8
   42.2s   model reply: in 2432 + cached 40595, out 59 (+17 reasoning)
   42.2s   tool bash: grep -E "^\| [a-zA-Z0-9_]+ \| claim_relation \|" /reference/glossary.md
   42.3s turn 9
   47.9s   model reply: in 4427 + cached 40592, out 65 (+16 reasoning)
   47.9s   tool bash: grep -E "^\| [a-zA-Z0-9_]+ \| claim_relation \|" /reference/glossary.md | tail -n +30
   48.0s turn 10
   58.1s   model reply: in 2384 + cached 44647, out 52 (+12 reasoning)
   58.1s   tool bash: grep -E "^\| [a-zA-Z0-9_]+ \| link \|" /reference/glossary.md
   58.2s turn 11
   63.0s   model reply: in 47302 + cached 0, out 118 (+75 reasoning)
   63.0s   tool bash: node /kit/rag.mjs search "nice" "kind" "young" "big" "round" "green" "white"
   63.1s turn 12
   69.2s   model reply: in 4812 + cached 44628, out 143 (+118 reasoning)
   69.2s   tool bash: grep -i "proofwriter" /reference/* || true
   69.2s turn 13
   72.6s   model reply: in 4977 + cached 44609, out 90 (+53 reasoning)
   72.6s   tool bash: node /kit/rag.mjs search "entity" "trait" "fact" "logic" "rule"
   72.7s turn 14
   76.8s   model reply: in 2420 + cached 48658, out 82 (+24 reasoning)
   76.8s   tool bash: grep -E "^\| [a-zA-Z0-9_]+ \| constructor \|" /reference/glossary.md | awk -F'|' '{print $2}' | tr -d ' '
   76.9s turn 15
   79.8s   model reply: in 2825 + cached 48641, out 71 (+13 reasoning)
   79.8s   tool bash: grep -E "^\| [a-zA-Z0-9_]+ \| composite \|" /reference/glossary.md | awk -F'|' '{print $2}' | tr -d ' '
   79.9s turn 16
   83.9s   model reply: in 3150 + cached 48624, out 71 (+13 reasoning)
   83.9s   tool bash: grep -E "^\| [a-zA-Z0-9_]+ \| operation \|" /reference/glossary.md | awk -F'|' '{print $2}' | tr -d ' '
   84.0s turn 17
   87.5s   model reply: in 3358 + cached 48605, out 75 (+15 reasoning)
   87.5s   tool bash: grep -E "^\| [a-zA-Z0-9_]+ \| speech_act \|" /reference/glossary.md | awk -F'|' '{print $2}' | tr -d ' '
   87.6s turn 18
   91.2s   model reply: in 3479 + cached 48586, out 69 (+11 reasoning)
   91.2s   tool bash: grep -E "^\| [a-zA-Z0-9_]+ \| value \|" /reference/glossary.md | awk -F'|' '{print $4}' | sort | uniq -c
   91.2s turn 19
   94.2s   model reply: in 3790 + cached 48569, out 58 (+15 reasoning)
   94.2s   tool bash: grep -E "\| (descriptive-value|product-attribute-value|shape-value) \|" /reference/glossary.md
   94.3s turn 20
  112.4s   model reply: in 5026 + cached 48562, out 2538 (+2510 reasoning)
  112.4s   tool bash: node /kit/rag.mjs widen "nice" --kind claim
  112.5s turn 21
  133.3s   model reply: in 4688 + cached 52630, out 2000 (+1960 reasoning)
  133.3s   tool bash: node /kit/rag.mjs search "predicate" "proposition" "fact" "property" "attribute" "entity"
  133.5s turn 22
  140.2s   model reply: in 4296 + cached 56698, out 577 (+514 reasoning)
  140.2s   tool bash: find / -name "*.md" -o -name "*.jsonl" -o -name "*.json" 2>/dev/null | grep -E "reference|doc|swarm|examples|test" | head -n 40
  140.3s turn 23
  144.1s   model reply: in 4890 + cached 56684, out 28 (+11 reasoning)
  144.1s   tool bash: ls -la /
  144.1s turn 24
  148.1s   model reply: in 5811 + cached 56674, out 109 (+83 reasoning)
  148.1s   tool bash: node /kit/rag.mjs check --help || true
  148.1s turn 25
  169.9s   model reply: in 5948 + cached 56656, out 3371 (+3331 reasoning)
  169.9s   tool bash: grep -i -E "\| (kind|young|nice|trait) \|" /reference/glossary.md || true
  170.0s turn 26
  186.5s   model reply: in 5891 + cached 60727, out 1326 (+259 reasoning)
  186.5s   tool bash: cat << 'EOF' > /workspace/test_translation.md
Status: success
Mode: TRACE

## BrainCode

```braincode
MODE TRACE
ENTRYPOINT Conversation
CONVO Conversation {
  
  186.6s turn 27
  237.9s   model reply: in 3830 + cached 64776, out 8811 (+6757 reasoning)
  237.9s   tool bash: cat << 'EOF' > /workspace/test_translation2.md
Status: success
Mode: REQUEST

## BrainCode

```braincode
MODE REQUEST
ENTRYPOINT Conversation
CONVO Conversation
  238.1s turn 28
  253.2s   model reply: in 56850 + cached 0, out 854 (+823 reasoning)
  253.2s   tool bash: node /kit/rag.mjs search "young" "nice" "kind"
  253.4s turn 29
  284.4s   model reply: in 5709 + cached 52840, out 4807 (+2613 reasoning)
  284.4s   tool bash: cat << 'EOF' > /workspace/test_failed.md
Status: failed
Mode: REQUEST

## Suggested translation

```braincode
MODE REQUEST
ENTRYPOINT Conversation
CONVO Convers
  284.5s turn 30
  290.9s   model reply: in 7036 + cached 56922, out 464 (+434 reasoning)
  290.9s   tool bash: grep -n -C 5 "DECL" /kit/rag.mjs
  291.0s turn 31
  295.6s   model reply: in 3462 + cached 60970, out 108 (+13 reasoning)
  295.6s   tool bash: node -e '
const fs = require("fs");
const lines = fs.readFileSync("/kit/rag.mjs", "utf8").split("\n");
lines.forEach((l, i) => { if (l.includes("check") || l.in
  295.6s turn 32
  323.0s   model reply: in 3711 + cached 60951, out 4654 (+2052 reasoning)
  323.0s   tool write: /output/translation.md
  323.1s turn 33
  331.8s   model reply: in 8359 + cached 60961, out 1050 (+13 reasoning)
  331.8s   tool write: /output/suggestions.md
  331.8s turn 34
  344.3s   model reply: in 54258 + cached 0, out 59 (+29 reasoning)
  344.3s   tool bash: node /kit/rag.mjs check --translation /output/translation.md
  344.5s turn 35
  353.0s   model reply: in 0 + cached 0, out 0 (+0 reasoning)
  353.2s agent finished
  355.1s turn 36
  368.9s   model reply: in 0 + cached 0, out 0 (+0 reasoning)
  368.9s agent finished
  372.9s turn 37
  399.5s   model reply: in 0 + cached 0, out 0 (+0 reasoning)
  399.6s agent finished
  407.6s turn 38
  481.1s   model reply: in 54999 + cached 0, out 452 (+240 reasoning)
  481.1s agent finished
  481.1s agent finished
