    1.7s turn 1
   13.6s   model reply: in 27344 + cached 0, out 1660 (+1622 reasoning)
   13.6s   tool bash: node /kit/rag.mjs search "walk" "face" "remove" "rinse" "place"
   13.7s turn 2
   17.6s   model reply: in 6159 + cached 24373, out 108 (+74 reasoning)
   17.6s   tool bash: node /kit/rag.mjs entry walk face remove rinse place pick_up activity sequence request in
   17.7s turn 3
   29.9s   model reply: in 4003 + cached 28430, out 1652 (+1629 reasoning)
   29.9s   tool bash: grep -rn "CONVO" /reference/
   30.0s turn 4
   42.3s   model reply: in 7414 + cached 28435, out 55 (+34 reasoning)
   42.3s   tool bash: cat /reference/examples.jsonl
   42.3s turn 5
   51.1s   model reply: in 4587 + cached 32487, out 1296 (+1270 reasoning)
   51.1s   tool bash: grep -rn "alfred" /reference/ /attach/
   51.2s turn 6
   57.8s   model reply: in 5961 + cached 32479, out 873 (+848 reasoning)
   57.8s   tool bash: node -e 'console.log(process.version)'
   57.9s turn 7
   61.3s   model reply: in 2796 + cached 36525, out 75 (+52 reasoning)
   61.3s   tool bash: node /kit/rag.mjs --help
   61.4s turn 8
   65.2s   model reply: in 2928 + cached 36506, out 40 (+18 reasoning)
   65.2s   tool bash: node /kit/rag.mjs needs
   74.8s turn 9
   90.9s   model reply: in 5810 + cached 36512, out 1843 (+1816 reasoning)
   90.9s   tool bash: grep -rn "MODE TRACE" /reference/ /kit/
   91.0s turn 10
   93.7s   model reply: in 4398 + cached 40572, out 54 (+27 reasoning)
   93.7s   tool bash: head -n 100 /kit/rag.mjs
   93.7s turn 11
   96.5s   model reply: in 5923 + cached 40565, out 40 (+18 reasoning)
   96.5s   tool bash: node /kit/rag.mjs health
   96.6s turn 12
  104.1s   model reply: in 6078 + cached 40539, out 1173 (+1125 reasoning)
  104.1s   tool bash: node /kit/rag.mjs search "step-by-step plan" "first step in sequence" "wash the potato" "put washed potato inside fridge"
  104.4s turn 13
  107.8s   model reply: in 4511 + cached 44596, out 84 (+55 reasoning)
  107.8s   tool bash: node /kit/rag.mjs entry then propose format_numbered_list
  107.9s turn 14
  111.6s   model reply: in 4789 + cached 44579, out 195 (+169 reasoning)
  111.6s   tool bash: grep -rn "format_numbered_list" /reference/
  111.7s turn 15
  114.5s   model reply: in 5139 + cached 44562, out 48 (+26 reasoning)
  114.5s   tool bash: grep -rn "decision" /reference/
  114.5s turn 16
  117.4s   model reply: in 2445 + cached 48607, out 35 (+13 reasoning)
  117.4s   tool bash: grep -rn "sequence" /reference/
  117.5s turn 17
  134.2s   model reply: in 3510 + cached 48598, out 2962 (+2744 reasoning)
  134.2s   tool bash: cat << 'EOF' > /output/translation.md
Status: success
Mode: REQUEST

## BrainCode

```braincode
MODE REQUEST
ENTRYPOINT Conversation
CONVO Conversation {
  TURN
  134.3s turn 18
  148.1s   model reply: in 6878 + cached 48612, out 2086 (+1866 reasoning)
  148.1s   tool bash: cat << 'EOF' > /output/translation.md
Status: success
Mode: TRACE

## BrainCode

```braincode
MODE TRACE
ENTRYPOINT Conversation
CONVO Conversation {
  TURN t1 
  148.3s turn 19
  160.9s   model reply: in 5328 + cached 52668, out 2095 (+2064 reasoning)
  160.9s   tool bash: node /kit/rag.mjs entry remove pick_up rinse place walk face in
  161.0s turn 20
  164.2s   model reply: in 4416 + cached 56731, out 89 (+58 reasoning)
  164.2s   tool bash: node /kit/rag.mjs entry food_label object_label state_clean
  164.3s turn 21
  167.8s   model reply: in 4790 + cached 56715, out 79 (+36 reasoning)
  167.8s   tool bash: node /kit/rag.mjs entry food_label::potato object_label::microwave object_label::sink object_label::fridge
  167.9s turn 22
  180.0s   model reply: in 5366 + cached 56700, out 1903 (+1034 reasoning)
  180.0s   tool bash: cat << 'EOF' > /output/translation.md
Status: success
Mode: REQUEST

## BrainCode

```braincode
MODE REQUEST
ENTRYPOINT Conversation
CONVO Conversation {
  TURN
  180.1s turn 23
  190.7s   model reply: in 0 + cached 0, out 0 (+0 reasoning)
  190.8s agent finished
  192.7s turn 24
  206.4s   model reply: in 0 + cached 0, out 0 (+0 reasoning)
  206.4s agent finished
  210.4s turn 25
  222.0s   model reply: in 0 + cached 0, out 0 (+0 reasoning)
  222.0s agent finished
  230.0s turn 26
  356.8s   model reply: in 64547 + cached 0, out 663 (+625 reasoning)
  356.8s   tool bash: node /kit/rag.mjs search "Sequential ordered plan from step 1 to step 6." --kind temporal
  357.0s turn 27
  393.6s   model reply: in 4762 + cached 60746, out 496 (+469 reasoning)
  393.6s   tool bash: node /kit/rag.mjs entry request ask propose respond inform
  393.7s turn 28
  424.3s   model reply: in 5583 + cached 60734, out 152 (+115 reasoning)
  424.3s   tool bash: node /kit/rag.mjs search "activity" "decision" "sequence" "location" "spatial"
  424.5s turn 29
  439.8s   model reply: in 3139 + cached 64780, out 1709 (+840 reasoning)
  439.8s   tool bash: cat << 'EOF' > /output/translation.md
Status: success
Mode: REQUEST

## BrainCode

```braincode
MODE REQUEST
ENTRYPOINT Conversation
CONVO Conversation {
  TURN
  439.9s turn 30
  488.0s   model reply: in 49248 + cached 0, out 390 (+357 reasoning)
  488.0s   tool bash: node /kit/rag.mjs entry sequence art_plan format_numbered_list propose respond
  488.1s turn 31
  494.2s   model reply: in 5355 + cached 44554, out 161 (+138 reasoning)
  494.2s   tool bash: node /kit/rag.mjs entry activity
  494.3s turn 32
  501.9s   model reply: in 2098 + cached 48592, out 78 (+53 reasoning)
  501.9s   tool bash: grep -rn "alfred" /reference/ || true
  502.0s turn 33
  509.3s   model reply: in 2199 + cached 48572, out 111 (+28 reasoning)
  509.3s   tool bash: node -e 'const fs = require("fs"); const lines = fs.readFileSync("/reference/examples.jsonl", "utf8").trim().split("\n"); lines.forEach((l, i) => { const obj = 
  509.3s turn 34
  516.1s   model reply: in 2388 + cached 48553, out 118 (+24 reasoning)
  516.1s   tool bash: node -e 'const fs = require("fs"); const lines = fs.readFileSync("/reference/examples.jsonl", "utf8").trim().split("\n"); lines.forEach((l, i) => { const obj = 
  516.2s turn 35
  526.5s   model reply: in 3140 + cached 48541, out 1150 (+271 reasoning)
  526.5s   tool bash: cat << 'EOF' > /output/translation.md
Status: success
Mode: REQUEST

## BrainCode

```braincode
MODE REQUEST
ENTRYPOINT Conversation
CONVO Conversation {
  TURN
  526.6s turn 36
  536.2s   model reply: in 4833 + cached 48540, out 789 (+755 reasoning)
  536.2s   tool bash: node /kit/rag.mjs search "user" "agent" "role" --kind claim
  536.3s turn 37
  541.5s   model reply: in 2440 + cached 52584, out 78 (+48 reasoning)
  541.5s   tool bash: node /kit/rag.mjs entry role_user role_agent user agent
  541.6s turn 38
  563.0s   model reply: in 55246 + cached 0, out 3417 (+2526 reasoning)
  563.0s   tool bash: cat << 'EOF' > /output/translation.md
Status: success
Mode: REQUEST

## BrainCode

```braincode
MODE REQUEST
ENTRYPOINT Conversation
CONVO Conversation {
  TURN
  563.2s turn 39
  577.6s   model reply: in 6613 + cached 52592, out 2116 (+1251 reasoning)
  577.6s   tool bash: cat << 'EOF' > /output/translation.md
Status: success
Mode: REQUEST

## BrainCode

```braincode
MODE REQUEST
ENTRYPOINT Conversation
CONVO Conversation {
  TURN
  577.8s turn 40
  583.4s   model reply: in 5204 + cached 56647, out 352 (+247 reasoning)
  583.4s   tool bash: node -e 'const fs = require("fs"); const lines = fs.readFileSync("/reference/glossary.jsonl", "utf8").trim().split("\n"); lines.forEach(l => { const obj = JSON.
  583.5s turn 41
  588.0s   model reply: in 3404 + cached 60699, out 184 (+157 reasoning)
  588.0s   tool bash: node /kit/rag.mjs entry activity spatial_constraint obligation
  588.1s turn 42
  596.0s   model reply: in 4475 + cached 60691, out 1011 (+123 reasoning)
  596.0s   tool bash: cat << 'EOF' > /output/translation.md
Status: success
Mode: REQUEST

## BrainCode

```braincode
MODE REQUEST
ENTRYPOINT Conversation
CONVO Conversation {
  TURN
  596.1s turn 43
  610.3s   model reply: in 6019 + cached 60688, out 2082 (+1177 reasoning)
  610.3s   tool bash: cat << 'EOF' > /output/translation.md
Status: success
Mode: REQUEST

## BrainCode

```braincode
MODE REQUEST
ENTRYPOINT Conversation
CONVO Conversation {
  TURN
  610.5s turn 44
  618.6s   model reply: in 4578 + cached 64743, out 1014 (+984 reasoning)
  618.6s   tool bash: node /kit/rag.mjs check --translation /output/translation.md
  618.8s turn 45
  635.6s   model reply: in 48492 + cached 0, out 83 (+65 reasoning)
  635.6s   tool bash: ls -la /output
  635.6s turn 46
  638.7s   model reply: in 48657 + cached 0, out 40 (+21 reasoning)
  638.7s   tool read: /output/translation.md
  638.8s turn 47
  642.7s   model reply: in 4946 + cached 44609, out 161 (+40 reasoning)
  642.7s agent finished
  642.7s agent finished
