    4.8s turn 1
   13.8s   model reply: in 29417 + cached 0, out 908 (+882 reasoning)
   13.8s   tool bash: node /kit/rag.mjs check --help || true
   13.9s turn 2
   19.5s   model reply: in 30335 + cached 0, out 490 (+437 reasoning)
   19.5s   tool bash: node /kit/rag.mjs search "web_element" "click" "type_text" "senior" "flight" "nonstop" "airline" "one-way"
   20.2s turn 3
   24.1s   model reply: in 4789 + cached 28435, out 84 (+43 reasoning)
   24.1s   tool bash: node /kit/rag.mjs entry web_element click type_text select_option select_filter search_travel search_transit
   24.9s turn 4
   32.8s   model reply: in 5672 + cached 28423, out 939 (+889 reasoning)
   32.8s   tool bash: node /kit/rag.mjs search "propose" "ask" "request" "requirement" "location_spec" "time_point" "group_size"
   33.6s turn 5
   37.4s   model reply: in 4807 + cached 32489, out 88 (+47 reasoning)
   37.4s   tool bash: node /kit/rag.mjs entry ask propose request time_point location_spec group_size activity requirement maximum_between_stops
   38.4s turn 6
   41.6s   model reply: in 2408 + cached 36543, out 78 (+32 reasoning)
   41.6s   tool bash: node /kit/rag.mjs search "flight" "transit" "travel" "airline" "airport" "deal" "stops" "direction"
   42.1s turn 7
   55.0s   model reply: in 4719 + cached 36541, out 2315 (+2277 reasoning)
   55.0s   tool bash: node /kit/rag.mjs search "speech_act" "UTTER" "request" "propose"
   55.8s turn 8
   62.1s   model reply: in 4168 + cached 40609, out 805 (+771 reasoning)
   62.1s   tool bash: node /kit/rag.mjs search "constructor" "flight" "travel" "transit"
   62.6s turn 9
   65.5s   model reply: in 6072 + cached 40605, out 68 (+28 reasoning)
   65.5s   tool bash: grep -E "^\| [a-zA-Z0-9_]+ \| constructor \|" /reference/glossary.md
   65.6s turn 10
   77.9s   model reply: in 3881 + cached 44660, out 2229 (+2180 reasoning)
   78.0s   tool bash: node /kit/rag.mjs search "senior" "seniors" "elderly" "passenger" "traveler" "adults" "group_size"
   78.8s turn 11
   93.8s   model reply: in 8160 + cached 44673, out 3043 (+1097 reasoning)
   93.8s   tool write: /output/translation.md
   93.8s turn 12
   98.6s   model reply: in 3084 + cached 52796, out 44 (+14 reasoning)
   98.6s   tool bash: node /kit/rag.mjs check --translation /output/translation.md
   99.1s turn 13
  106.1s   model reply: in 3580 + cached 52779, out 943 (+909 reasoning)
  106.1s   tool bash: node /kit/rag.mjs check --translation /output/translation.md --verbose || true
  106.9s turn 14
  144.7s   model reply: in 4967 + cached 52770, out 6460 (+4421 reasoning)
  144.7s   tool write: /output/translation.md
  144.7s turn 15
  147.9s   model reply: in 7343 + cached 56858, out 53 (+23 reasoning)
  147.9s   tool bash: node /kit/rag.mjs check --translation /output/translation.md
  148.0s turn 16
  165.4s   model reply: in 3786 + cached 60903, out 2900 (+861 reasoning)
  165.4s   tool write: /output/translation.md
  165.4s turn 17
  168.5s   model reply: in 6691 + cached 60902, out 44 (+14 reasoning)
  168.5s   tool bash: node /kit/rag.mjs check --translation /output/translation.md
  168.7s turn 18
  173.2s   model reply: in 3126 + cached 64946, out 269 (+52 reasoning)
  173.2s agent finished
  173.2s agent finished
