    3.3s turn 1
    7.5s   model reply: in 11063 + cached 0, out 234 (+217 reasoning)
    7.5s   tool read: /trajectory.txt
    7.7s turn 2
   10.6s   model reply: in 3333 + cached 8012, out 77 (+50 reasoning)
   10.6s   tool bash: node /kit/rag.mjs entry lexical_label_2
   12.8s turn 3
   15.6s   model reply: in 3435 + cached 7998, out 46 (+21 reasoning)
   15.6s   tool bash: node /kit/rag.mjs search lexical_label
   18.0s turn 4
   20.7s   model reply: in 3847 + cached 7990, out 46 (+21 reasoning)
   20.7s   tool bash: node /kit/rag.mjs entry lexical_label
   23.2s turn 5
   29.2s   model reply: in 4368 + cached 7985, out 515 (+496 reasoning)
   29.2s   tool bash: ls -la / /attach
   29.6s turn 6
   33.1s   model reply: in 5832 + cached 7994, out 40 (+23 reasoning)
   33.1s   tool read: /prompt.md
   33.2s turn 7
   46.2s   model reply: in 2355 + cached 11983, out 1489 (+1467 reasoning)
   46.2s   tool bash: ls -la /reference /session /output
   46.5s turn 8
   58.7s   model reply: in 4242 + cached 12002, out 1380 (+1322 reasoning)
   58.7s   tool write: /output/reconstruction.md
   58.8s turn 9
   61.8s   model reply: in 5622 + cached 12007, out 39 (+19 reasoning)
   61.8s   tool read: /output/reconstruction.md
   62.7s turn 10
   67.7s   model reply: in 5707 + cached 11993, out 130 (+98 reasoning)
   67.8s agent finished
   67.8s agent finished
