    1.5s turn 1
    9.5s   model reply: in 12944 + cached 0, out 1201 (+1185 reasoning)
    9.5s   tool bash: ls -la
    9.6s turn 2
   11.8s   model reply: in 2127 + cached 12072, out 46 (+27 reasoning)
   11.8s   tool bash: ls -la /kit/
   11.8s turn 3
   14.5s   model reply: in 2355 + cached 12057, out 43 (+24 reasoning)
   14.5s   tool read: /kit/README.md
   14.5s turn 4
   17.1s   model reply: in 3560 + cached 12057, out 38 (+19 reasoning)
   17.1s   tool bash: ls -la /reference/
   17.1s turn 5
   20.2s   model reply: in 3815 + cached 12044, out 54 (+34 reasoning)
   20.2s   tool read: /reference/examples.jsonl
   20.2s turn 6
   22.8s   model reply: in 5037 + cached 12046, out 71 (+47 reasoning)
   22.8s   tool bash: grep -in "paths" /reference/* || true
   22.9s turn 7
   25.5s   model reply: in 5125 + cached 12032, out 64 (+24 reasoning)
   25.5s   tool bash: ls -la /rag_context.md /needs.json /item_raw.txt 2>/dev/null || true
   25.5s turn 8
   36.4s   model reply: in 5206 + cached 12018, out 1732 (+1687 reasoning)
   36.4s   tool bash: grep -E "(interpersonal_stance|dialogue|offer_help|char_female|character_trait)" /reference/glossary.jsonl
   36.5s turn 9
   39.6s   model reply: in 4097 + cached 16058, out 90 (+62 reasoning)
   39.6s   tool bash: node /kit/rag.mjs entry greeting acknowledge offer respond ask propose
   39.7s turn 10
   42.8s   model reply: in 4575 + cached 16049, out 87 (+52 reasoning)
   42.8s   tool bash: grep -i "rule_speech_acts_general" /reference/glossary.jsonl || true
   42.8s turn 11
   46.5s   model reply: in 4755 + cached 16020, out 65 (+36 reasoning)
   46.5s   tool bash: grep -i "paths" /reference/glossary.jsonl || true
   46.6s turn 12
   54.3s   model reply: in 4839 + cached 16004, out 985 (+954 reasoning)
   54.3s   tool bash: grep -C 3 "greeting" /reference/glossary.jsonl || true
   54.3s turn 13
   57.4s   model reply: in 3371 + cached 20038, out 68 (+31 reasoning)
   57.4s   tool bash: find / -name "*braincode*" -o -name "*reconstruction*" 2>/dev/null || true
   57.5s turn 14
   81.0s   model reply: in 3459 + cached 20021, out 4487 (+4453 reasoning)
   81.0s   tool bash: grep -rn "reconstruction" /kit/ /reference/ 2>/dev/null || true
   81.1s turn 15
  166.2s   model reply: in 8054 + cached 20080, out 16236 (+16210 reasoning)
  166.2s   tool bash: ls -la /output 2>/dev/null || true
  166.2s turn 16
  172.9s   model reply: in 16122 + cached 28301, out 747 (+549 reasoning)
  172.9s   tool write: /output/reconstruction.md
  172.9s turn 17
  176.7s   model reply: in 4759 + cached 40416, out 56 (+36 reasoning)
  176.7s   tool read: /output/reconstruction.md
  176.7s turn 18
  180.8s   model reply: in 5004 + cached 40399, out 39 (+15 reasoning)
  180.8s agent finished
  180.8s agent finished
