    2.0s turn 1
    7.9s   model reply: in 29859 + cached 0, out 552 (+506 reasoning)
    7.9s   tool bash: node /kit/rag.mjs search "rough" "smart" "kind" "young" "cold" "red" "blue" "theory"
    8.1s turn 2
   14.4s   model reply: in 4218 + cached 28450, out 109 (+60 reasoning)
   14.4s   tool bash: node /kit/rag.mjs search "attribute_claim" "has_property" "property" "predicate" "logical rule" "universal" "premise"
   14.6s turn 3
   28.3s   model reply: in 2292 + cached 32510, out 119 (+77 reasoning)
   28.3s   tool bash: node /kit/rag.mjs entry attribute_claim has_attribute has_state statement conditional conjunction negation property_question character_trait requirement
   28.4s turn 4
   33.7s   model reply: in 3786 + cached 32501, out 129 (+79 reasoning)
   33.7s   tool bash: node /kit/rag.mjs search "rule" "inference" "premise" "conclusion" "universal" "truth_value" "quantifier" "all"
   33.9s turn 5
   44.3s   model reply: in 6036 + cached 32498, out 750 (+688 reasoning)
   44.3s   tool bash: grep -E "^\| (attribute_claim|has_attribute|has_state|statement|subject|conditional|conjunction|negation|property_question|character_trait|requirement) \|" /ref
   44.3s turn 6
   47.3s   model reply: in 31812 + cached 8122, out 54 (+26 reasoning)
   47.3s   tool bash: grep -E "\| constructor \|" /reference/glossary.md
   47.4s turn 7
   50.9s   model reply: in 5239 + cached 36545, out 136 (+85 reasoning)
   50.9s   tool bash: grep -E "\| (attribute|property|entity|trait|feature|rule|universal|statement|premise|question|theory) \|" /reference/glossary.md
   51.0s turn 8
   53.9s   model reply: in 2936 + cached 40600, out 59 (+29 reasoning)
   53.9s   tool bash: grep -E "\| claim_relation \|" /reference/glossary.md
   53.9s turn 9
   58.4s   model reply: in 4932 + cached 40596, out 112 (+57 reasoning)
   58.4s   tool bash: node /kit/rag.mjs search "Gary is not smart" "Anne is cold" "Anne is smart" "All young things are red" "If Harry is young then Harry is smart"
   58.6s turn 10
   65.0s   model reply: in 2529 + cached 44649, out 489 (+443 reasoning)
   65.0s   tool bash: node /kit/rag.mjs search "entity with property" "thing is red" "something is smart" "condition" "quality" "trait"
   65.2s turn 11
   69.8s   model reply: in 4785 + cached 44647, out 104 (+59 reasoning)
   69.8s   tool bash: grep -E "\| constructor \|" /reference/glossary.md | awk -F'|' '{print $2, "|", $4}'
   69.9s turn 12
   79.2s   model reply: in 3114 + cached 48706, out 1068 (+943 reasoning)
   79.2s   tool bash: node /kit/rag.mjs widen "introduce a set of logical premises" --kind speech_act
node /kit/rag.mjs widen "all young things are red" --kind reasoning
node /kit/ra
   80.0s turn 13
   83.6s   model reply: in 19713 + cached 36541, out 109 (+50 reasoning)
   83.6s   tool bash: node /kit/rag.mjs widen "base the evaluation only on the provided theory" --kind constraint
node /kit/rag.mjs widen "answer must be True, False, or Unknown" --k
   83.9s turn 14
   87.2s   model reply: in 6759 + cached 52788, out 65 (+38 reasoning)
   87.2s   tool bash: node /kit/rag.mjs entry constraint_single_choice
   87.3s turn 15
  101.6s   model reply: in 11049 + cached 48711, out 2240 (+2218 reasoning)
  101.6s   tool bash: node /kit/rag.mjs check
  101.7s turn 16
  114.5s   model reply: in 5187 + cached 56829, out 739 (+707 reasoning)
  114.5s   tool bash: node /kit/rag.mjs entry inform propose ask respond confirm decline acknowledge express_interest
  114.6s turn 17
  125.5s   model reply: in 2374 + cached 60877, out 1311 (+508 reasoning)
  125.5s   tool write: /output/translation.md
  125.5s turn 18
  129.6s   model reply: in 3702 + cached 60864, out 50 (+28 reasoning)
  129.6s   tool bash: node /kit/rag.mjs check
  129.9s turn 19
  150.9s   model reply: in 4325 + cached 60849, out 2823 (+2780 reasoning)
  150.9s   tool bash: node /kit/rag.mjs entry subject statement conditional conjunction negation ask inform respond requirement lexical_label attribute_claim has_attribute has_state
  151.0s turn 20
  173.1s   model reply: in 51136 + cached 0, out 1609 (+1584 reasoning)
  173.1s   tool bash: node /kit/rag.mjs entry has_state
  173.3s turn 21
  193.4s   model reply: in 52888 + cached 0, out 3006 (+1078 reasoning)
  193.4s   tool write: /output/translation.md
  193.5s turn 22
  196.9s   model reply: in 3106 + cached 52792, out 40 (+18 reasoning)
  196.9s   tool bash: node /kit/rag.mjs check
  197.0s turn 23
  207.5s   model reply: in 3715 + cached 52777, out 899 (+875 reasoning)
  207.5s   tool bash: node /kit/rag.mjs entry propose inform
  207.6s turn 24
  213.9s   model reply: in 8796 + cached 48706, out 582 (+557 reasoning)
  213.9s   tool bash: node /kit/rag.mjs entry role_user
  214.0s turn 25
  245.7s   model reply: in 5380 + cached 52750, out 4364 (+2491 reasoning)
  245.7s   tool write: /output/translation.md
  245.7s turn 26
  250.2s   model reply: in 62498 + cached 0, out 38 (+16 reasoning)
  250.2s   tool bash: node /kit/rag.mjs check
  250.4s turn 27
  266.2s   model reply: in 2225 + cached 60865, out 2368 (+486 reasoning)
  266.2s   tool write: /output/translation.md
  266.2s turn 28
  269.4s   model reply: in 4601 + cached 60861, out 41 (+19 reasoning)
  269.4s   tool bash: node /kit/rag.mjs check
  269.5s turn 29
  276.2s   model reply: in 5211 + cached 60846, out 355 (+168 reasoning)
  276.3s agent finished
  276.3s agent finished
