    8.0s turn 1
   16.4s   model reply: in 29395 + cached 0, out 1012 (+959 reasoning)
   16.4s   tool bash: node /kit/rag.mjs search "theory" "furry" "quiet" "smart" "nice" "young" "blue" "red" "evaluate" "statement"
   16.6s turn 2
   20.3s   model reply: in 4702 + cached 28454, out 100 (+41 reasoning)
   20.3s   tool bash: node /kit/rag.mjs search "attribute_claim" "conditional" "statement" "negation" "conjunction" "disjunction" "quantifier" "universal" "premise" "rule"
   20.5s turn 3
   23.7s   model reply: in 3640 + cached 32519, out 103 (+61 reasoning)
   23.7s   tool bash: node /kit/rag.mjs entry attribute_claim has_attribute character_trait statement conditional conjunction negation possesses constrained_by focus_of
   23.8s turn 4
   31.0s   model reply: in 5031 + cached 32509, out 108 (+61 reasoning)
   31.0s   tool bash: node /kit/rag.mjs search "property" "trait" "predicate" "truth" "unknown" "query" "options" "multiple choice"
   31.2s turn 5
   35.2s   model reply: in 3326 + cached 36570, out 124 (+89 reasoning)
   35.2s   tool bash: node /kit/rag.mjs entry property_question test_condition decision distinguish constraint_single_choice
   35.3s turn 6
   39.7s   model reply: in 4077 + cached 36556, out 93 (+47 reasoning)
   39.7s   tool bash: grep -i -E "logic|rule|premise|deduc|proof|theory|attribute|predicate|statement" /reference/glossary.md
   39.8s turn 7
   43.5s   model reply: in 5953 + cached 36550, out 92 (+40 reasoning)
   43.5s   tool bash: grep -E "^\| [a-z0-9_]+ \| (constructor|claim_relation|link|speech_act|operation) \|" /reference/glossary.md
   43.5s turn 8
   47.2s   model reply: in 4057 + cached 40609, out 76 (+32 reasoning)
   47.2s   tool bash: grep -E "^\| [a-z0-9_]+ \| (constructor|claim_relation) \|" /reference/glossary.md
   47.2s turn 9
   50.7s   model reply: in 5934 + cached 40604, out 148 (+87 reasoning)
   50.7s   tool bash: grep -E "^\| (has_attribute|attribute_claim|character_trait|character|subject|role_.*|possesses|statement|conditional|conjunction|negation) \|" /reference/gloss
   50.8s turn 10
   55.0s   model reply: in 3122 + cached 44654, out 65 (+27 reasoning)
   55.0s   tool bash: grep -E "^\| [a-z0-9_]+ \| constructor \|" /reference/glossary.md
   55.1s turn 11
   58.3s   model reply: in 4988 + cached 44649, out 58 (+35 reasoning)
   58.3s   tool bash: grep -i "proofwriter" /reference/*
   58.4s turn 12
   62.5s   model reply: in 5075 + cached 44630, out 60 (+20 reasoning)
   62.5s   tool bash: grep -E "^\| [a-z0-9_]+ \| claim_relation \|" /reference/glossary.md
   62.5s turn 13
   67.7s   model reply: in 3014 + cached 48684, out 64 (+17 reasoning)
   67.7s   tool bash: grep -E "^\| [a-z0-9_]+ \| claim_relation \|" /reference/glossary.md | tail -n 25
   67.8s turn 14
   70.8s   model reply: in 4548 + cached 48678, out 61 (+21 reasoning)
   70.8s   tool bash: grep -E "^\| [a-z0-9_]+ \| speech_act \|" /reference/glossary.md
   70.9s turn 15
   74.6s   model reply: in 5098 + cached 48663, out 57 (+19 reasoning)
   74.6s   tool bash: grep -E "^\| [a-z0-9_]+ \| link \|" /reference/glossary.md
   74.7s turn 16
   96.5s   model reply: in 5391 + cached 48646, out 3299 (+3255 reasoning)
   96.5s   tool bash: node /kit/rag.mjs search "character_trait" "property" "trait" "attribute" "entity_property" "predicate"
   96.6s turn 17
  103.6s   model reply: in 6475 + cached 52727, out 81 (+30 reasoning)
  103.6s   tool bash: grep -E "^\| [a-z0-9_]+ \| constructor \|" /reference/glossary.md | cut -d'|' -f 2,4
  103.7s turn 18
  112.6s   model reply: in 4667 + cached 56784, out 1064 (+1024 reasoning)
  112.6s   tool bash: node /kit/rag.mjs entry attribute_claim has_attribute lexical_label subject conditional conjunction statement ask respond property_question
  112.7s turn 19
  121.5s   model reply: in 3459 + cached 60845, out 1103 (+1073 reasoning)
  121.5s   tool bash: node /kit/rag.mjs widen "entity has property" --kind constructor
  121.6s turn 20
  136.6s   model reply: in 6515 + cached 60852, out 2356 (+469 reasoning)
  136.6s   tool bash: cat << 'EOF' > /output/translation.md
Status: success
Mode: REQUEST

## BrainCode

```braincode
MODE REQUEST
ENTRYPOINT Conversation
CONVO Conversation {
  TURN
  136.8s turn 21
  151.1s   model reply: in 47089 + cached 0, out 983 (+834 reasoning)
  151.1s   tool bash: node /kit/rag.mjs widen "Erin is furry" --kind claim
node /kit/rag.mjs widen "Erin is quiet" --kind claim
node /kit/rag.mjs widen "Gary is quiet" --kind claim
n
  152.7s turn 22
  156.3s   model reply: in 6730 + cached 44701, out 57 (+27 reasoning)
  156.3s   tool bash: node /kit/rag.mjs check --translation /output/translation.md
  156.4s turn 23
  163.0s   model reply: in 3273 + cached 48749, out 522 (+484 reasoning)
  163.0s   tool bash: node /kit/rag.mjs search "furry" "quiet" "smart" "nice" "young"
  163.2s turn 24
  181.8s   model reply: in 5181 + cached 48743, out 2968 (+815 reasoning)
  181.8s   tool bash: cat << 'EOF' > /output/translation.md
Status: success
Mode: REQUEST

## BrainCode

```braincode
MODE REQUEST
ENTRYPOINT Conversation
CONVO Conversation {
  TURN
  181.9s turn 25
  204.8s   model reply: in 4614 + cached 52812, out 3748 (+1533 reasoning)
  204.8s   tool bash: cat << 'EOF' > /output/translation.md
Status: success
Mode: REQUEST

## BrainCode

```braincode
MODE REQUEST
ENTRYPOINT Conversation
CONVO Conversation {
  TURN
  205.0s turn 26
  210.4s   model reply: in 4822 + cached 56886, out 349 (+178 reasoning)
  210.4s agent finished
  210.4s agent finished
