    2.0s turn 1
   13.0s   model reply: in 31787 + cached 0, out 568 (+534 reasoning)
   13.0s   tool bash: node /kit/rag.mjs entry conditional conjunction negation subject statement attribute_claim activity constraint_realistic
   13.1s turn 2
   24.2s   model reply: in 34107 + cached 0, out 90 (+35 reasoning)
   24.2s   tool bash: node /kit/rag.mjs search "is blue" "is not young" "smart things are green" "Based only on the theory, is the following statement True, False, or Unknown?"
   24.4s turn 3
   31.6s   model reply: in 2843 + cached 32514, out 97 (+57 reasoning)
   31.6s   tool bash: node /kit/rag.mjs entry lexical_label character_trait requirement subject attribute_claim statement conditional conjunction negation ask inform respond
   31.8s turn 4
   44.8s   model reply: in 4991 + cached 32509, out 153 (+106 reasoning)
   44.8s   tool bash: node /kit/rag.mjs search "entity property" "property of entity" "is young" "is rough" "is smart" "is nice"
   44.9s turn 5
   50.5s   model reply: in 2799 + cached 36566, out 63 (+34 reasoning)
   50.5s   tool bash: node /kit/rag.mjs entry property_question possesses has_attribute
   50.6s turn 6
   61.2s   model reply: in 3285 + cached 36550, out 136 (+85 reasoning)
   61.2s   tool bash: grep -E "^\| (property|attribute|trait|predicate|entity|logic|rule|fact|statement|concept|universal|quantifier)" /reference/glossary.md
   61.2s turn 7
   70.8s   model reply: in 5172 + cached 36545, out 70 (+36 reasoning)
   70.8s   tool bash: grep -E "\| (constructor|claim_relation) \|" /reference/glossary.md
   70.9s turn 8
   81.8s   model reply: in 2983 + cached 40600, out 1346 (+1311 reasoning)
   81.8s   tool bash: node /kit/rag.mjs entry attribute_claim statement subject conditional conjunction negation property_question ask inform
   81.9s turn 9
  102.7s   model reply: in 5578 + cached 40601, out 126 (+96 reasoning)
  102.7s   tool bash: grep -i "proofwriter" /reference/glossary.md /attach/*
  102.8s turn 10
  108.1s   model reply: in 5732 + cached 40583, out 116 (+80 reasoning)
  108.1s   tool bash: grep "constructor" /reference/glossary.md | cut -d'|' -f2,4
  108.2s turn 11
  112.0s   model reply: in 3913 + cached 44640, out 67 (+24 reasoning)
  112.0s   tool bash: grep "constructor" /reference/glossary.md | tail -n 15 | cut -d'|' -f2,4
  112.0s turn 12
  116.8s   model reply: in 4269 + cached 44623, out 51 (+13 reasoning)
  116.8s   tool bash: grep "claim_relation" /reference/glossary.md | cut -d'|' -f2,4
  116.9s turn 13
  120.8s   model reply: in 5580 + cached 44615, out 123 (+86 reasoning)
  120.8s   tool bash: node /kit/rag.mjs entry attribute_claim has_attribute statement character_trait requirement conditional conjunction negation subject
  121.0s turn 14
  131.9s   model reply: in 3116 + cached 48665, out 1419 (+1354 reasoning)
  131.9s   tool bash: node /kit/rag.mjs search "nice things are smart" "rough things are nice" "Bob is blue" "Bob is not young" "rely only on the provided theory" "answer must be Tru
  132.1s turn 15
  146.5s   model reply: in 6256 + cached 48673, out 1459 (+1425 reasoning)
  146.5s   tool bash: node /kit/rag.mjs widen "rely only on the provided theory" --kind constraint
  146.7s turn 16
  151.1s   model reply: in 5323 + cached 52737, out 61 (+34 reasoning)
  151.1s   tool bash: node /kit/rag.mjs entry constraint_single_choice
  151.5s turn 17
  156.1s   model reply: in 5550 + cached 52719, out 89 (+53 reasoning)
  156.1s   tool bash: node /kit/rag.mjs widen "answer must be True, False, or Unknown" --kind constraint
  156.3s turn 18
  177.7s   model reply: in 3100 + cached 56769, out 3409 (+2431 reasoning)
  177.7s   tool bash: cat << 'EOF' > /output/translation.md
Status: success
Mode: REQUEST

## BrainCode

```braincode
MODE REQUEST
ENTRYPOINT Conversation
CONVO Conversation {
  TURN
  177.9s turn 19
  186.6s   model reply: in 7391 + cached 56788, out 904 (+879 reasoning)
  186.6s   tool bash: node /kit/rag.mjs entry role_user
  186.7s turn 20
  214.4s   model reply: in 4297 + cached 60832, out 4527 (+1588 reasoning)
  214.4s   tool bash: cat << 'EOF' > /output/translation.md
Status: success
Mode: REQUEST

## BrainCode

```braincode
MODE REQUEST
ENTRYPOINT Conversation
CONVO Conversation {
  TURN
  214.6s turn 21
  237.7s   model reply: in 52718 + cached 0, out 2560 (+2537 reasoning)
  237.7s   tool bash: node /kit/rag.mjs entry inform
  237.8s turn 22
  261.5s   model reply: in 6559 + cached 48772, out 3446 (+662 reasoning)
  261.5s   tool bash: cat << 'EOF' > /output/translation.md
Status: success
Mode: REQUEST

## BrainCode

```braincode
MODE REQUEST
ENTRYPOINT Conversation
CONVO Conversation {
  TURN
  261.7s turn 23
  272.1s   model reply: in 6835 + cached 52847, out 913 (+883 reasoning)
  272.1s   tool bash: node /kit/rag.mjs check --translation /output/translation.md
  272.3s turn 24
  277.3s   model reply: in 4595 + cached 56905, out 215 (+11 reasoning)
  277.3s agent finished
  277.3s agent finished
