    2.9s turn 1
   22.7s   model reply: in 1983 + cached 0, out 3525 (+3508 reasoning)
   22.7s   tool read: /trajectory.txt
   22.7s turn 2
   29.9s   model reply: in 5873 + cached 0, out 679 (+630 reasoning)
   29.9s   tool bash: python3 -c '
with open("/trajectory.txt", "rb") as f:
    data = f.read()
print(repr(data))
'
   30.0s turn 3
   34.6s   model reply: in 6575 + cached 0, out 64 (+16 reasoning)
   34.6s   tool bash: node -e '
const fs = require("fs");
console.log(JSON.stringify(fs.readFileSync("/trajectory.txt", "utf8")));
'
   35.2s turn 4
   81.8s   model reply: in 3118 + cached 3929, out 10074 (+9441 reasoning)
   81.8s   tool write: /output/translation.md
   81.8s turn 5
   85.5s   model reply: in 13106 + cached 4019, out 33 (+14 reasoning)
   85.5s   tool read: /output/translation.md
   85.5s turn 6
   89.8s   model reply: in 5713 + cached 12053, out 223 (+206 reasoning)
   89.8s agent finished
   89.8s agent finished
