    2.9s turn 1
   11.8s   model reply: in 29577 + cached 0, out 1238 (+1214 reasoning)
   11.8s   tool bash: node /kit/rag.mjs check --help
   12.0s turn 2
   27.2s   model reply: in 2394 + cached 28437, out 1973 (+1922 reasoning)
   27.2s   tool bash: node /kit/rag.mjs search "edit" "rewrite" "visa" "researcher" "university" "embassy" "valid" "extend" "expire"
   27.5s turn 3
   47.6s   model reply: in 6867 + cached 28449, out 759 (+637 reasoning)
   47.6s   tool bash: node /kit/rag.mjs widen "edit the provided text" --kind action
node /kit/rag.mjs widen "speaker is a visiting researcher at Hagen University in Germany" --kind 
   48.8s turn 4
   51.8s   model reply: in 6768 + cached 32521, out 141 (+25 reasoning)
   51.8s   tool bash: node /kit/rag.mjs widen "the university is extending the speaker's stay" --kind claim
node /kit/rag.mjs widen "apply for a visa extension" --kind action
node /k
   52.7s turn 5
   56.8s   model reply: in 6106 + cached 36589, out 196 (+81 reasoning)
   56.8s   tool bash: node /kit/rag.mjs widen "speaker is currently in Iran and will likely stay there until end of August" --kind claim
node /kit/rag.mjs widen "inquire whether visa
   60.1s turn 6
   70.3s   model reply: in 5645 + cached 40659, out 1620 (+1506 reasoning)
   70.3s   tool bash: node /kit/rag.mjs widen "advise contacting the German Embassy in Tehran for visa extension details" --kind speech_act
node /kit/rag.mjs widen "advise applying w
   72.6s turn 7
   75.8s   model reply: in 6494 + cached 44738, out 171 (+52 reasoning)
   75.8s   tool bash: node /kit/rag.mjs widen "applying early avoids legal implications and ensures smooth transition" --kind reasoning
node /kit/rag.mjs widen "provide an edited ver
   77.2s turn 8
   80.9s   model reply: in 5848 + cached 48807, out 139 (+71 reasoning)
   80.9s   tool bash: node /kit/rag.mjs widen "provide an alternative rewritten draft of the visa extension inquiry" --kind speech_act
node /kit/rag.mjs widen "provide a third rewrit
   85.3s turn 9
   93.2s   model reply: in 58106 + cached 0, out 124 (+47 reasoning)
   93.2s   tool bash: node /kit/rag.mjs entry well_wishes inform ask propose respond confirm correct apologize decline express_interest offer activity subject duration time_point neg
   95.5s turn 10
   98.9s   model reply: in 3399 + cached 56938, out 107 (+54 reasoning)
   98.9s   tool bash: node /kit/rag.mjs entry requirement provides recommended supports revises contrast rejects format_email format_plain_text locale_de unit_month unit_year country
  100.0s turn 11
  104.0s   model reply: in 5016 + cached 56928, out 112 (+56 reasoning)
  104.0s   tool bash: node /kit/rag.mjs entry role_professor role_colleague role_agent role_user foreigners topic_current_events allowed_to_enter has_state ongoing occurred_recently 
  105.0s turn 12
  108.5s   model reply: in 5933 + cached 56914, out 125 (+80 reasoning)
  108.5s   tool bash: node /kit/rag.mjs search "scholar" "validity" "consulate" "immigration" "policy" "transition" "legal"
  110.7s turn 13
  114.4s   model reply: in 3957 + cached 60974, out 90 (+52 reasoning)
  114.4s   tool bash: node /kit/rag.mjs entry proposed_policy possesses reason_for leads_to involves causes statement driver_license
  115.6s turn 14
  119.8s   model reply: in 4831 + cached 60960, out 210 (+167 reasoning)
  119.8s   tool bash: node /kit/rag.mjs search "request" "text" "rewrite" "permission" "stay" "status" "extension"
  120.4s turn 15
  124.1s   model reply: in 3043 + cached 65020, out 94 (+54 reasoning)
  124.1s   tool bash: node /kit/rag.mjs search "question" "policy" "temporal" "belief" "entity" "role"
  125.3s turn 16
  128.5s   model reply: in 4920 + cached 65013, out 64 (+34 reasoning)
  128.5s   tool bash: node /kit/rag.mjs entry role property_question time_horizon unaware
  128.9s turn 17
  155.2s   model reply: in 46062 + cached 0, out 3002 (+2978 reasoning)
  155.3s   tool bash: node /kit/rag.mjs check --help
  155.5s turn 18
  163.7s   model reply: in 4436 + cached 44644, out 913 (+872 reasoning)
  163.7s   tool bash: node /kit/rag.mjs search "edit" "rewrite" "modify" "draft" "visa" "embassy"
  163.8s turn 19
  167.6s   model reply: in 2975 + cached 48705, out 125 (+73 reasoning)
  167.6s   tool bash: grep -E "^\| [a-z0-9_]+ \| (speech_act|claim_relation|constructor|composite|link) \|" /reference/glossary.md
  167.6s turn 20
  171.3s   model reply: in 4950 + cached 48701, out 86 (+46 reasoning)
  171.3s   tool bash: grep -E "^\| [a-z0-9_]+ \| claim_relation \|" /reference/glossary.md
  171.4s turn 21
  178.8s   model reply: in 2913 + cached 52757, out 68 (+21 reasoning)
  178.8s   tool bash: grep -E "^\| [a-z0-9_]+ \| claim_relation \|" /reference/glossary.md | tail -n +30
  178.9s turn 22
  182.4s   model reply: in 4931 + cached 52754, out 69 (+24 reasoning)
  182.4s   tool bash: grep -E "^\| [a-z0-9_]+ \| constructor \|" /reference/glossary.md | head -n 35
  182.5s turn 23
  185.2s   model reply: in 2743 + cached 56807, out 64 (+19 reasoning)
  185.2s   tool bash: grep -E "^\| [a-z0-9_]+ \| constructor \|" /reference/glossary.md | tail -n +26
  185.3s turn 24
  188.4s   model reply: in 4619 + cached 56803, out 64 (+19 reasoning)
  188.4s   tool bash: grep -E "^\| [a-z0-9_]+ \| constructor \|" /reference/glossary.md | tail -n +50
  188.5s turn 25
  192.0s   model reply: in 2378 + cached 60856, out 86 (+41 reasoning)
  192.0s   tool bash: grep -E "^\| [a-z0-9_]+ \| constructor \|" /reference/glossary.md | tail -n +75
  192.2s turn 26
  196.1s   model reply: in 3157 + cached 60842, out 62 (+24 reasoning)
  196.1s   tool bash: grep -E "^\| [a-z0-9_]+ \| link \|" /reference/glossary.md
  196.2s turn 27
  199.0s   model reply: in 3456 + cached 60824, out 54 (+16 reasoning)
  199.0s   tool bash: grep -E "^\| [a-z0-9_]+ \| composite \|" /reference/glossary.md
  199.1s turn 28
  220.2s   model reply: in 0 + cached 0, out 0 (+0 reasoning)
  220.3s agent finished
  222.3s turn 29
  235.9s   model reply: in 0 + cached 0, out 0 (+0 reasoning)
  235.9s agent finished
  239.9s turn 30
  251.5s   model reply: in 0 + cached 0, out 0 (+0 reasoning)
  251.5s agent finished
  259.5s turn 31
  282.0s   model reply: in 0 + cached 0, out 0 (+0 reasoning)
  282.0s agent finished
  298.0s turn 32
  371.9s   model reply: in 66042 + cached 0, out 127 (+65 reasoning)
  371.9s   tool bash: grep -E "^\| [a-z0-9_]+ \| value \| (recipient-value|format-value|artifact-value|tone-value|style-value|locale-value)" /reference/glossary.md
  372.0s turn 33
  393.8s   model reply: in 3134 + cached 64873, out 76 (+33 reasoning)
  393.8s   tool bash: grep -E "^\| [a-z0-9_]+ \| value \| duration-unit-value" /reference/glossary.md
  393.9s turn 34
  450.9s   model reply: in 3567 + cached 64857, out 7584 (+6725 reasoning)
  450.9s   tool bash: cat << 'EOF' > /output/translation.md
Status: success
Mode: TRACE

## BrainCode

```braincode
MODE TRACE
ENTRYPOINT Conversation
CONVO Conversation {
  TURN t1 
  451.2s turn 35
  476.1s   model reply: in 47497 + cached 0, out 569 (+502 reasoning)
  476.1s   tool bash: node /kit/rag.mjs widen "edit the text" --kind action
node /kit/rag.mjs widen "German embassy in Tehran" --kind object
node /kit/rag.mjs widen "rewrite the text
  477.9s turn 36
  489.0s   model reply: in 6716 + cached 44682, out 1503 (+562 reasoning)
  489.0s   tool bash: cat << 'EOF' > /output/translation.md
Status: success
Mode: TRACE

## BrainCode

```braincode
MODE TRACE
ENTRYPOINT Conversation
CONVO Conversation {
  TURN t1 
  489.3s turn 37
  500.8s   model reply: in 4752 + cached 48740, out 1483 (+525 reasoning)
  500.8s   tool bash: cat << 'EOF' > /output/translation.md
Status: success
Mode: TRACE

## BrainCode

```braincode
MODE TRACE
ENTRYPOINT Conversation
CONVO Conversation {
  TURN t1 
  500.9s turn 38
  569.6s   model reply: in 2743 + cached 52797, out 12412 (+8149 reasoning)
  569.6s   tool bash: cat << 'EOF' > /output/translation.md
Status: success
Mode: TRACE

## BrainCode

```braincode
MODE TRACE
ENTRYPOINT Conversation
CONVO Conversation {
  TURN t1 
  569.8s turn 39
  579.8s   model reply: in 15753 + cached 52865, out 1399 (+1369 reasoning)
  579.8s   tool bash: node /kit/rag.mjs check --translation /output/translation.md
  579.9s turn 40
  593.9s   model reply: in 49955 + cached 0, out 408 (+260 reasoning)
  593.9s agent finished
  593.9s agent finished
