    1.6s turn 1
   15.5s   model reply: in 16139 + cached 0, out 1972 (+1955 reasoning)
   15.5s   tool bash: ls -la /
   15.6s turn 2
   18.4s   model reply: in 6770 + cached 12124, out 38 (+20 reasoning)
   18.4s   tool bash: ls -la /reference
   18.5s turn 3
   21.4s   model reply: in 2985 + cached 16151, out 57 (+36 reasoning)
   21.4s   tool bash: cat /reference/examples.jsonl
   21.4s turn 4
   23.8s   model reply: in 4216 + cached 16147, out 28 (+10 reasoning)
   23.8s   tool bash: ls -la /kit
   23.8s turn 5
   26.5s   model reply: in 4426 + cached 16132, out 44 (+24 reasoning)
   26.5s   tool bash: cat /kit/README.md
   26.5s turn 6
   29.2s   model reply: in 5634 + cached 16130, out 41 (+24 reasoning)
   29.2s   tool bash: ls -la /
   29.3s turn 7
   35.9s   model reply: in 2433 + cached 20155, out 30 (+12 reasoning)
   35.9s   tool bash: cat /prompt.md
   35.9s turn 8
   58.6s   model reply: in 2938 + cached 20143, out 3799 (+3731 reasoning)
   58.6s   tool bash: find / -name "*.md" -o -name "*.py" -o -name "*.js" -o -name "*.json" 2>/dev/null | grep -v "/proc" | grep -v "/sys" | grep -v "/usr"
   59.4s turn 9
   62.4s   model reply: in 6717 + cached 20173, out 42 (+15 reasoning)
   62.4s   tool bash: find /workspace /reference /attach /kit /output -type f
   62.7s turn 10
   66.0s   model reply: in 2853 + cached 24191, out 49 (+27 reasoning)
   66.0s   tool bash: cat /kit/needs_prompt.md
   66.0s turn 11
  116.6s   model reply: in 3589 + cached 24182, out 8646 (+8284 reasoning)
  116.6s   tool write: /output/reconstruction.md
  116.7s turn 12
  119.6s   model reply: in 12165 + cached 24257, out 39 (+19 reasoning)
  119.6s   tool read: /output/reconstruction.md
  119.6s turn 13
  123.6s   model reply: in 4469 + cached 32328, out 139 (+124 reasoning)
  123.6s agent finished
  123.6s agent finished
