   15.3s turn 1
   20.5s   model reply: in 3040 + cached 8023, out 279 (+224 reasoning)
   20.5s   tool bash: ls -la /
ls -la /attach
node /kit/rag.mjs entry lexical_label_2 || true
node /kit/rag.mjs entry lexical_label || true
   24.9s turn 2
   28.8s   model reply: in 4745 + cached 8032, out 43 (+26 reasoning)
   28.8s   tool read: /trajectory.txt
   28.9s turn 3
   32.4s   model reply: in 4849 + cached 8019, out 80 (+58 reasoning)
   32.4s   tool bash: ls -la /reference /output /kit
   32.7s turn 4
   45.8s   model reply: in 5373 + cached 8013, out 1492 (+1464 reasoning)
   45.8s   tool bash: head -n 20 /reference/examples.jsonl || true
   45.9s turn 5
   48.5s   model reply: in 4001 + cached 12047, out 60 (+30 reasoning)
   48.5s   tool bash: grep -n "attribute_claim" /reference/examples.jsonl || true
   48.7s turn 6
   51.8s   model reply: in 4079 + cached 12032, out 49 (+24 reasoning)
   51.8s   tool bash: node /kit/rag.mjs entry attribute_claim
   53.2s turn 7
   64.8s   model reply: in 4488 + cached 12022, out 1315 (+1256 reasoning)
   64.8s   tool write: /output/reconstruction.md
   65.6s turn 8
   70.2s   model reply: in 5806 + cached 12024, out 39 (+19 reasoning)
   70.2s   tool read: /output/reconstruction.md
   71.2s turn 9
   76.0s   model reply: in 5891 + cached 12011, out 111 (+91 reasoning)
   76.1s agent finished
   76.1s agent finished
