   10.8s turn 1
   20.7s   model reply: in 32721 + cached 0, out 1214 (+1161 reasoning)
   20.7s   tool bash: node /kit/rag.mjs search "theory" "proofwriter" "All nice people" "is not" "quiet" "rough" "nice" "young" "round"
   21.2s turn 2
   27.2s   model reply: in 3908 + cached 32541, out 95 (+56 reasoning)
   27.2s   tool bash: node /kit/rag.mjs entry statement attribute_claim conditional negation conjunction subject possesses has_state test_condition ask respond
   27.5s turn 3
   33.4s   model reply: in 38022 + cached 0, out 68 (+31 reasoning)
   33.4s   tool bash: grep -E "(constructor|claim_relation)" /reference/glossary.md | head -n 40
   33.8s turn 4
   42.5s   model reply: in 3256 + cached 36590, out 86 (+43 reasoning)
   42.5s   tool bash: grep -E "^\| [a-z0-9_]+ \| (constructor|claim_relation) " /reference/glossary.md
   43.1s turn 5
   49.1s   model reply: in 5145 + cached 36583, out 77 (+33 reasoning)
   49.1s   tool bash: node /kit/rag.mjs search "universal" "predicate" "property" "truth value" "statement" "logic" "rule"
   49.8s turn 6
   59.8s   model reply: in 3080 + cached 40642, out 60 (+29 reasoning)
   59.8s   tool bash: node /kit/rag.mjs entry property_question constrained_by reason_for
   60.1s turn 7
   73.6s   model reply: in 3607 + cached 40625, out 60 (+34 reasoning)
   73.6s   tool bash: grep -E "question" /reference/glossary.md
   73.6s turn 8
   94.9s   model reply: in 3890 + cached 40607, out 69 (+42 reasoning)
   94.9s   tool bash: find / -name "*proofwriter*" 2>/dev/null
   95.1s turn 9
  107.6s   model reply: in 3988 + cached 40588, out 1262 (+1234 reasoning)
  107.6s   tool bash: grep -E "\| constructor \|" /reference/glossary.md
  108.1s turn 10
  113.8s   model reply: in 7041 + cached 40593, out 62 (+16 reasoning)
  113.8s   tool bash: grep -E "\| constructor \|" /reference/glossary.md | awk -F'|' '{print $2}' | tr -d ' '
  114.1s turn 11
  119.0s   model reply: in 3367 + cached 44635, out 68 (+20 reasoning)
  119.0s   tool bash: grep -E "\| claim_relation \|" /reference/glossary.md | awk -F'|' '{print $2}' | tr -d ' '
  119.4s turn 12
  131.6s   model reply: in 3677 + cached 44618, out 64 (+18 reasoning)
  131.6s   tool bash: grep -E "\| link \|" /reference/glossary.md | awk -F'|' '{print $2}' | tr -d ' '
  131.9s turn 13
  138.5s   model reply: in 3773 + cached 44598, out 68 (+20 reasoning)
  138.5s   tool bash: grep -E "\| speech_act \|" /reference/glossary.md | awk -F'|' '{print $2}' | tr -d ' '
  138.6s turn 14
  146.1s   model reply: in 3887 + cached 44579, out 56 (+10 reasoning)
  146.1s   tool bash: grep -E "\| operation \|" /reference/glossary.md | awk -F'|' '{print $2}' | tr -d ' '
  146.2s turn 15
  155.1s   model reply: in 4079 + cached 44561, out 747 (+709 reasoning)
  155.1s   tool bash: node /kit/rag.mjs search "role_user" "user" "role_agent" "agent"
  155.8s turn 16
  168.6s   model reply: in 2066 + cached 48612, out 1644 (+1601 reasoning)
  168.6s   tool bash: node /kit/rag.mjs entry attribute_claim has_attribute statement conditional negation conjunction character_trait subject test_condition ask inform propose respo
  168.8s turn 17
  176.5s   model reply: in 5208 + cached 48624, out 424 (+379 reasoning)
  176.5s   tool bash: grep -E "\| constructor \|" /reference/glossary.md | grep -E "property|attribute|trait|predicate|feature|state"
  176.6s turn 18
  184.7s   model reply: in 2604 + cached 52670, out 70 (+39 reasoning)
  184.7s   tool bash: node /kit/rag.mjs entry lexical_label character indicator subject shape_round
  185.0s turn 19
  197.6s   model reply: in 3740 + cached 52661, out 1165 (+1122 reasoning)
  197.6s   tool bash: node /kit/rag.mjs search "fact" "condition" "proposition" "is nice" "is round" "is quiet"
  198.2s turn 20
  225.8s   model reply: in 6604 + cached 52670, out 2383 (+2350 reasoning)
  225.8s   tool bash: node /kit/rag.mjs widen "All nice people are not quiet" --kind reasoning
  226.1s turn 21
  230.6s   model reply: in 6128 + cached 56737, out 227 (+119 reasoning)
  230.6s   tool bash: node /kit/rag.mjs widen "Ask a question about the truth value of a statement" --kind speech_act
node /kit/rag.mjs widen "Determine the truth value of a statemen
  231.4s turn 22
  254.9s   model reply: in 5456 + cached 60803, out 3355 (+3327 reasoning)
  254.9s   tool bash: node /kit/rag.mjs check --translation /dev/null
  255.0s turn 23
  285.8s   model reply: in 55934 + cached 0, out 5225 (+3045 reasoning)
  285.8s   tool write: /output/translation.md
  285.9s turn 24
  289.1s   model reply: in 8366 + cached 52797, out 54 (+24 reasoning)
  289.1s   tool bash: node /kit/rag.mjs check --translation /output/translation.md
  290.0s turn 25
  316.7s   model reply: in 62071 + cached 0, out 4288 (+1696 reasoning)
  316.7s   tool write: /output/translation.md
  316.8s turn 26
  319.0s   model reply: in 0 + cached 0, out 0 (+0 reasoning)
  319.1s agent finished
  321.1s turn 27
  334.9s   model reply: in 0 + cached 0, out 0 (+0 reasoning)
  334.9s agent finished
  338.9s turn 28
  365.7s   model reply: in 0 + cached 0, out 0 (+0 reasoning)
  365.7s agent finished
  373.7s turn 29
  451.6s   model reply: in 66363 + cached 0, out 54 (+24 reasoning)
  451.6s   tool bash: node /kit/rag.mjs check --translation /output/translation.md
  452.0s turn 30
  462.0s   model reply: in 67271 + cached 0, out 645 (+625 reasoning)
  462.0s   tool bash: cat /output/translation.md
  462.0s turn 31
  473.1s   model reply: in 5236 + cached 64967, out 105 (+68 reasoning)
  473.1s agent finished
  473.1s agent finished
