   23.3s turn 1
   32.4s   model reply: in 31361 + cached 0, out 641 (+595 reasoning)
   32.4s   tool bash: node /kit/rag.mjs search "likes" "sees" "needs" "young" "nice" "green" "theory" "conditional"
   35.3s turn 2
   40.9s   model reply: in 5742 + cached 28460, out 94 (+51 reasoning)
   40.9s   tool bash: node /kit/rag.mjs search "attribute_claim" "statement" "character_trait" "activity" "has_state"
   42.9s turn 3
   49.0s   model reply: in 3504 + cached 32518, out 90 (+49 reasoning)
   49.0s   tool bash: node /kit/rag.mjs entry attribute_claim has_attribute has_state character_trait activity conditional statement subject meets_needs
   50.5s turn 4
   66.3s   model reply: in 5563 + cached 32513, out 811 (+757 reasoning)
   66.3s   tool bash: grep -E "(proofwriter|logic|premise|deduction|rule|conditional|relation|verb|activity|property)" /reference/glossary.md | head -n 40
   67.3s turn 5
   71.4s   model reply: in 4021 + cached 36575, out 112 (+60 reasoning)
   71.4s   tool bash: grep -E "^\| [a-z0-9_]+ \| (constructor|composite|claim_relation|speech_act|link) \|" /reference/glossary.md
   72.7s turn 6
   83.2s   model reply: in 5984 + cached 36570, out 67 (+27 reasoning)
   83.2s   tool bash: grep -E "^\| [a-z0-9_]+ \| claim_relation \|" /reference/glossary.md
   86.8s turn 7
  101.8s   model reply: in 3926 + cached 40628, out 48 (+10 reasoning)
  101.8s   tool bash: grep -E "^\| [a-z0-9_]+ \| constructor \|" /reference/glossary.md
  102.7s turn 8
  109.0s   model reply: in 46398 + cached 0, out 50 (+12 reasoning)
  109.0s   tool bash: grep -E "^\| [a-z0-9_]+ \| link \|" /reference/glossary.md
  109.8s turn 9
  116.9s   model reply: in 6062 + cached 40605, out 84 (+24 reasoning)
  116.9s   tool bash: grep -E "^\| [a-z0-9_]+ \| (constructor|composite) \|" /reference/glossary.md | awk -F'|' '{print $2}' | tr -d ' '
  117.3s turn 10
  121.3s   model reply: in 47295 + cached 0, out 140 (+98 reasoning)
  121.3s   tool bash: node /kit/rag.mjs entry interpersonal_stance lexical_label activity attribute_claim has_attribute has_state statement meets_needs
  122.4s turn 11
  126.1s   model reply: in 4847 + cached 44648, out 84 (+65 reasoning)
  126.1s   tool bash: find /workspace -type f
  126.9s turn 12
  144.9s   model reply: in 4953 + cached 44629, out 2597 (+2566 reasoning)
  144.9s   tool bash: node /kit/rag.mjs entry state_cold state_warm condition_perfect
  146.3s turn 13
  154.5s   model reply: in 52361 + cached 0, out 830 (+91 reasoning)
  154.5s   tool bash: cat << 'EOF' > /output/translation.md
Status: success
Mode: REQUEST

## BrainCode

```braincode
MODE REQUEST
ENTRYPOINT Conversation
CONVO Conversation {
  TURN
  156.1s turn 14
  171.7s   model reply: in 5217 + cached 48684, out 2110 (+2068 reasoning)
  171.7s   tool bash: node /kit/rag.mjs search "character_trait" "property" "trait" "attribute" "state" "color"
  173.7s turn 15
  199.8s   model reply: in 5154 + cached 52756, out 3971 (+907 reasoning)
  199.8s   tool bash: cat << 'EOF' > /output/translation.md
Status: success
Mode: REQUEST

## BrainCode

```braincode
MODE REQUEST
ENTRYPOINT Conversation
CONVO Conversation {
  TURN
  201.9s turn 16
  238.9s   model reply: in 5862 + cached 56834, out 1311 (+1156 reasoning)
  238.9s   tool bash: node /kit/rag.mjs widen "if the tiger is young then the tiger is green" --kind reasoning
node /kit/rag.mjs widen "if someone sees the tiger and the tiger likes 
  245.5s turn 17
  280.5s   model reply: in 6583 + cached 60912, out 3701 (+659 reasoning)
  280.5s   tool bash: cat << 'EOF' > /output/translation.md
Status: success
Mode: REQUEST

## BrainCode

```braincode
MODE REQUEST
ENTRYPOINT Conversation
CONVO Conversation {
  TURN
  280.8s turn 18
  293.5s   model reply: in 51588 + cached 0, out 556 (+508 reasoning)
  293.5s   tool bash: node /kit/rag.mjs search "conditional" "causes" "leads_to" "enables" "rule" "implication" "if then"
  293.9s turn 19
  300.8s   model reply: in 5408 + cached 48824, out 206 (+160 reasoning)
  300.8s   tool bash: node /kit/rag.mjs widen "conditional" --kind reasoning
node /kit/rag.mjs widen "if_then" --kind reasoning
  301.2s turn 20
  325.2s   model reply: in 4391 + cached 52891, out 3675 (+3616 reasoning)
  325.2s   tool bash: node /kit/rag.mjs entry animal_label::baldeagle animal_label::eagle color_label::green color_label::red animal_label::cow animal_label::tiger animal_label::mous
  325.4s turn 21
  330.5s   model reply: in 4723 + cached 56967, out 150 (+100 reasoning)
  330.5s   tool bash: node /kit/rag.mjs entry lexical_label attribute_claim has_attribute has_state statement character_trait meets_needs conditional conjunction negation ask inform 
  330.6s turn 22
  359.2s   model reply: in 0 + cached 0, out 0 (+0 reasoning)
  359.3s agent finished
  361.2s turn 23
  375.4s   model reply: in 0 + cached 0, out 0 (+0 reasoning)
  375.4s agent finished
  379.4s turn 24
  390.9s   model reply: in 0 + cached 0, out 0 (+0 reasoning)
  390.9s agent finished
  398.9s turn 25
  421.8s   model reply: in 0 + cached 0, out 0 (+0 reasoning)
  421.8s agent finished
  437.8s turn 26
  496.9s   model reply: in 63837 + cached 0, out 974 (+946 reasoning)
  496.9s   tool bash: node /kit/rag.mjs entry role_user role_agent
  497.0s turn 27
  553.5s   model reply: in 3889 + cached 61015, out 5801 (+3155 reasoning)
  553.5s   tool bash: cat << 'EOF' > /output/translation.md
Status: success
Mode: REQUEST

## BrainCode

```braincode
MODE REQUEST
ENTRYPOINT Conversation
CONVO Conversation {
  TURN
  553.9s turn 28
  603.1s   model reply: in 56589 + cached 0, out 262 (+145 reasoning)
  603.2s   tool bash: sed -i 's/| n24 | reasoning | statement, conditional, conjunction, activity, animal_label::baldeagle, animal_label::tiger, lexical_label | covered |/| n24 | rea
  603.4s turn 29
  626.1s   model reply: in 4777 + cached 52873, out 231 (+211 reasoning)
  626.1s   tool bash: cat /output/translation.md
  626.1s turn 30
  646.0s   model reply: in 3330 + cached 56937, out 55 (+30 reasoning)
  646.0s   tool bash: tail -n 25 /output/translation.md
  646.0s turn 31
  655.6s   model reply: in 3910 + cached 56921, out 226 (+22 reasoning)
  655.6s agent finished
  655.6s agent finished
