    3.5s turn 1
   10.8s   model reply: in 30802 + cached 0, out 624 (+574 reasoning)
   10.8s   tool bash: node /kit/rag.mjs search "eats" "sees" "visits" "someone" "kind" "blue" "round" "cold" "Theory"
   12.6s turn 2
   16.6s   model reply: in 25807 + cached 8131, out 97 (+63 reasoning)
   16.6s   tool bash: node /kit/rag.mjs entry activity statement attribute_claim conditional conjunction negation subject has_state
   16.8s turn 3
   20.1s   model reply: in 3275 + cached 32517, out 112 (+72 reasoning)
   20.1s   tool bash: node /kit/rag.mjs search "property" "attribute" "trait" "state" "shape" "color"
   20.6s turn 4
   29.4s   model reply: in 9232 + cached 28447, out 83 (+45 reasoning)
   29.4s   tool bash: node /kit/rag.mjs entry property_question has_attribute character_trait change_property possesses attribute_claim
   29.5s turn 5
   38.2s   model reply: in 2091 + cached 36561, out 908 (+859 reasoning)
   38.2s   tool bash: node /kit/rag.mjs search "theory" "premise" "someone" "truth_value" "true_false" "based on" "statement"
   38.5s turn 6
   45.9s   model reply: in 4866 + cached 36562, out 194 (+60 reasoning)
   45.9s   tool bash: node /kit/rag.mjs widen "Introduce a set of premises or theory" --kind speech_act
node /kit/rag.mjs widen "If someone is cold then they are round" --kind reason
   46.8s turn 7
   54.2s   model reply: in 4342 + cached 40631, out 232 (+199 reasoning)
   54.2s   tool bash: node /kit/rag.mjs entry subject activity attribute_claim has_state character_trait
   54.3s turn 8
   58.4s   model reply: in 2068 + cached 44687, out 87 (+49 reasoning)
   58.4s   tool bash: grep -E "^\| [a-z0-9_]+ \| constructor \|" /reference/glossary.md
   58.4s turn 9
   62.1s   model reply: in 3957 + cached 44681, out 80 (+35 reasoning)
   62.1s   tool bash: grep -E "^\| [a-z0-9_]+ \| constructor \|" /reference/glossary.md | tail -n +25
   62.2s turn 10
   65.9s   model reply: in 5879 + cached 44676, out 96 (+51 reasoning)
   65.9s   tool bash: grep -E "^\| [a-z0-9_]+ \| constructor \|" /reference/glossary.md | tail -n +50
   66.0s turn 11
   71.9s   model reply: in 3668 + cached 48731, out 73 (+33 reasoning)
   71.9s   tool bash: grep -E "^\| [a-z0-9_]+ \| claim_relation \|" /reference/glossary.md
   71.9s turn 12
   77.5s   model reply: in 0 + cached 0, out 0 (+0 reasoning)
   77.6s agent finished
   79.5s turn 13
   93.3s   model reply: in 0 + cached 0, out 0 (+0 reasoning)
   93.3s agent finished
   97.3s turn 14
  124.3s   model reply: in 0 + cached 0, out 0 (+0 reasoning)
  124.3s agent finished
  132.3s turn 15
  196.1s   model reply: in 54405 + cached 0, out 627 (+587 reasoning)
  196.1s   tool bash: grep -E "(state_cold|shape_round|color_label|animal_label)" /reference/glossary.md
  196.2s turn 16
  208.6s   model reply: in 3337 + cached 52781, out 615 (+555 reasoning)
  208.6s   tool bash: node /kit/rag.mjs search "character_trait" "trait" "property" "shape" "state" "cold" "round" "blue" "kind" "eat" "see" "visit"
  208.8s turn 17
  231.1s   model reply: in 7269 + cached 52792, out 427 (+378 reasoning)
  231.1s   tool bash: grep -E "\| constructor \|" /reference/glossary.md | grep -E "(state|property|subject|attribute|trait|kind|color|shape)"
  231.1s turn 18
  244.5s   model reply: in 5297 + cached 56850, out 1568 (+1539 reasoning)
  244.5s   tool bash: node /kit/rag.mjs entry role_user role_agent user
  244.6s turn 19
  258.5s   model reply: in 2930 + cached 60903, out 853 (+825 reasoning)
  258.5s   tool bash: grep -i "conditional" /reference/examples.jsonl || true
  258.5s turn 20
  262.4s   model reply: in 3799 + cached 60890, out 48 (+25 reasoning)
  262.4s   tool bash: wc -l /reference/examples.jsonl
  262.4s turn 21
  267.0s   model reply: in 3875 + cached 60870, out 53 (+25 reasoning)
  267.0s   tool bash: grep -C 3 "conditional" /reference/glossary.md
  267.0s turn 22
  280.1s   model reply: in 66490 + cached 0, out 1694 (+1670 reasoning)
  280.1s   tool bash: node /kit/rag.mjs check --help
  280.2s turn 23
  291.4s   model reply: in 7341 + cached 60859, out 1383 (+1345 reasoning)
  291.4s   tool bash: node /kit/rag.mjs search "kind" "kindness" "nice" "personality" "attribute"
  291.6s turn 24
  301.6s   model reply: in 49923 + cached 0, out 239 (+197 reasoning)
  301.6s   tool bash: node /kit/rag.mjs entry character_trait requirement subject has_attribute attribute_claim has_state activity conditional conjunction negation statement ask
  301.8s turn 25
  318.4s   model reply: in 3482 + cached 48709, out 2121 (+1855 reasoning)
  318.4s   tool write: /output/translation.md
  318.4s turn 26
  323.3s   model reply: in 5613 + cached 48703, out 54 (+24 reasoning)
  323.3s   tool bash: node /kit/rag.mjs check --translation /output/translation.md
  323.4s turn 27
  329.5s   model reply: in 2509 + cached 52749, out 270 (+234 reasoning)
  329.5s   tool bash: node /kit/rag.mjs widen "Introduce a set of premises or theory" --kind speech_act
  329.6s turn 28
  334.8s   model reply: in 4627 + cached 52747, out 88 (+29 reasoning)
  334.8s   tool bash: node /kit/rag.mjs widen "Base the answer only on the provided theory" --kind constraint; node /kit/rag.mjs widen "Answer must be True, False, or Unknown" --kind
  335.2s turn 29
  342.0s   model reply: in 3886 + cached 56814, out 80 (+42 reasoning)
  342.0s   tool bash: node /kit/rag.mjs entry constraint_single_choice constraint_comprehensive decision test_condition block_evaluation
  342.1s turn 30
  348.8s   model reply: in 4615 + cached 56800, out 571 (+544 reasoning)
  348.8s   tool bash: grep -E "requirement\(" /reference/glossary.md
  348.9s turn 31
  383.6s   model reply: in 5761 + cached 56790, out 5867 (+2884 reasoning)
  383.6s   tool write: /output/translation.md
  383.6s turn 32
  388.6s   model reply: in 7548 + cached 60874, out 55 (+25 reasoning)
  388.6s   tool bash: node /kit/rag.mjs check --translation /output/translation.md
  388.8s turn 33
  423.9s   model reply: in 4439 + cached 64920, out 6049 (+3048 reasoning)
  423.9s   tool write: /output/translation.md
  423.9s turn 34
  436.1s   model reply: in 49589 + cached 0, out 38 (+8 reasoning)
  436.1s   tool bash: node /kit/rag.mjs check --translation /output/translation.md
  436.2s turn 35
  441.5s   model reply: in 5802 + cached 44707, out 205 (+41 reasoning)
  441.5s agent finished
  441.5s agent finished
