    2.0s turn 1
    8.7s   model reply: in 34695 + cached 0, out 617 (+569 reasoning)
    8.7s   tool bash: node /kit/rag.mjs search "rough" "likes" "visits" "eats" "big" "green" "round" "if then"
    9.0s turn 2
   12.3s   model reply: in 37598 + cached 0, out 85 (+48 reasoning)
   12.3s   tool bash: node /kit/rag.mjs entry conditional statement attribute_claim activity character_trait property_value requirement ask respond
   12.4s turn 3
   15.3s   model reply: in 2663 + cached 36606, out 63 (+21 reasoning)
   15.3s   tool bash: node /kit/rag.mjs search "property" "something" "theory" "True False Unknown" "universal" "entity"
   15.5s turn 4
   26.0s   model reply: in 4364 + cached 36597, out 1526 (+1495 reasoning)
   26.0s   tool bash: node /kit/rag.mjs entry animal_label color_label object_label
   26.1s turn 5
   33.4s   model reply: in 2136 + cached 40655, out 87 (+53 reasoning)
   33.4s   tool bash: grep -E "\| constructor \||\| claim_relation \|" /reference/glossary.md
   33.5s turn 6
   41.0s   model reply: in 0 + cached 0, out 0 (+0 reasoning)
   41.0s agent finished
   43.0s turn 7
   56.6s   model reply: in 0 + cached 0, out 0 (+0 reasoning)
   56.6s agent finished
   60.6s turn 8
   87.2s   model reply: in 0 + cached 0, out 0 (+0 reasoning)
   87.2s agent finished
   95.2s turn 9
  155.8s   model reply: in 44674 + cached 0, out 51 (+21 reasoning)
  155.8s   tool bash: grep -E "\| claim_relation \|" /reference/glossary.md
  155.8s turn 10
  182.7s   model reply: in 6016 + cached 40642, out 143 (+109 reasoning)
  182.7s   tool bash: node /kit/rag.mjs entry property_question has_attribute conditional conjunction activity requirement subject statement
  182.8s turn 11
  197.8s   model reply: in 48521 + cached 0, out 94 (+57 reasoning)
  197.8s   tool bash: grep -rn "proofwriter" /reference/ /kit/ /doc_formats/ 2>/dev/null
  197.9s turn 12
  225.9s   model reply: in 3944 + cached 44681, out 201 (+175 reasoning)
  225.9s   tool bash: grep -i "conditional" /reference/examples.jsonl
  226.0s turn 13
  230.8s   model reply: in 4174 + cached 44662, out 48 (+25 reasoning)
  230.8s   tool bash: wc -l /reference/examples.jsonl
  230.8s turn 14
  254.2s   model reply: in 4249 + cached 44643, out 2963 (+2897 reasoning)
  254.2s   tool bash: node /kit/rag.mjs entry "animal_label::bald_eagle" "animal_label::dog" "animal_label::rabbit" "animal_label::mouse" "animal_label::eagle" "color_label::green"
  254.3s turn 15
  269.0s   model reply: in 3780 + cached 48712, out 135 (+104 reasoning)
  269.0s   tool bash: node /kit/rag.mjs entry "animal_label::baldeagle"
  269.1s turn 16
  277.4s   model reply: in 4037 + cached 48693, out 357 (+299 reasoning)
  277.4s   tool bash: grep -E "\| (character_trait|attribute_claim|has_attribute|requirement|subject|has_state|size_large|shape_round|statement) \|" /reference/glossary.md
  277.5s turn 17
  290.0s   model reply: in 4915 + cached 48681, out 79 (+38 reasoning)
  290.0s   tool bash: grep "\| constructor \|" /reference/glossary.md | awk -F'|' '{print $2, $4}'
  290.1s turn 18
  295.3s   model reply: in 2798 + cached 52735, out 96 (+53 reasoning)
  295.3s   tool bash: grep "\| constructor \|" /reference/glossary.md | awk -F'|' '{print $2, "|", $5}'
  295.3s turn 19
  299.5s   model reply: in 4564 + cached 52730, out 57 (+32 reasoning)
  299.5s   tool bash: node /kit/rag.mjs entry lexical_label
  299.6s turn 20
  308.4s   model reply: in 5106 + cached 52715, out 199 (+118 reasoning)
  308.4s   tool bash: grep "\| constructor \|" /reference/glossary.md | grep -E "(logic|attribute|entity|property|state|value|predicate|fact|truth|choice|question|relation|item|subje
  308.4s turn 21
  316.0s   model reply: in 3189 + cached 56770, out 413 (+385 reasoning)
  316.0s   tool bash: node /kit/rag.mjs widen "rough" --kind constraint
  316.1s turn 22
  320.4s   model reply: in 4962 + cached 56766, out 61 (+35 reasoning)
  320.4s   tool bash: grep -i "rough" /reference/glossary.md
  320.5s turn 23
  324.8s   model reply: in 62170 + cached 0, out 91 (+48 reasoning)
  324.8s   tool bash: grep -i "like" /reference/glossary.md | grep -E "\| (constructor|claim_relation|value) \|"
  324.9s turn 24
  351.7s   model reply: in 5952 + cached 56735, out 1688 (+577 reasoning)
  351.7s   tool bash: mkdir -p /output && cat << 'EOF' > /output/translation.md
Status: success
Mode: REQUEST

## BrainCode

```braincode
MODE REQUEST
ENTRYPOINT Conversation
CONVO C
  351.9s turn 25
  365.7s   model reply: in 4797 + cached 60796, out 1027 (+856 reasoning)
  365.7s   tool bash: cat << 'EOF' > /output/translation.md
Status: success
Mode: REQUEST

## BrainCode

```braincode
MODE REQUEST
ENTRYPOINT Conversation
CONVO Conversation {
  TURN
  365.9s turn 26
  380.3s   model reply: in 2948 + cached 64851, out 1925 (+441 reasoning)
  380.3s   tool bash: cat << 'EOF' > /output/translation.md
Status: success
Mode: REQUEST

## BrainCode

```braincode
MODE REQUEST
ENTRYPOINT Conversation
CONVO Conversation {
  TURN
  380.4s turn 27
  403.5s   model reply: in 51028 + cached 0, out 336 (+275 reasoning)
  403.5s   tool bash: node /kit/rag.mjs widen "likes" --kind action && node /kit/rag.mjs widen "visits" --kind action && node /kit/rag.mjs widen "eats" --kind action
  403.9s turn 28
  416.7s   model reply: in 5884 + cached 48748, out 955 (+927 reasoning)
  416.7s   tool bash: node /kit/rag.mjs search "texture" "rough"
  416.8s turn 29
  429.4s   model reply: in 3343 + cached 52802, out 1598 (+240 reasoning)
  429.4s   tool bash: cat << 'EOF' > /output/translation.md
Status: failed
Mode: REQUEST

## Suggested translation

```braincode
MODE REQUEST
ENTRYPOINT Conversation
CONVO Conversati
  429.6s turn 30
  436.5s   model reply: in 6121 + cached 52803, out 710 (+687 reasoning)
  436.5s   tool bash: node /kit/rag.mjs entry dog
  436.7s turn 31
  492.0s   model reply: in 2848 + cached 56850, out 9668 (+6065 reasoning)
  492.0s   tool bash: cat << 'EOF' > /output/translation.md
Status: failed
Mode: REQUEST

## Suggested translation

```braincode
MODE REQUEST
ENTRYPOINT Conversation
CONVO Conversati
  492.4s turn 32
  516.0s   model reply: in 58309 + cached 0, out 1739 (+509 reasoning)
  516.0s   tool write: /output/suggestions.md
  516.1s turn 33
  540.3s   model reply: in 3079 + cached 56973, out 4160 (+575 reasoning)
  540.3s   tool write: /output/translation.md
  540.3s turn 34
  544.4s   model reply: in 7242 + cached 56974, out 57 (+27 reasoning)
  544.4s   tool bash: node /kit/rag.mjs check --translation /output/translation.md
  546.6s turn 35
  553.4s   model reply: in 4547 + cached 61032, out 384 (+90 reasoning)
  553.5s agent finished
  553.5s agent finished
