    2.3s turn 1
    8.8s   model reply: in 29593 + cached 0, out 823 (+767 reasoning)
    8.8s   tool bash: node /kit/rag.mjs search "referendum" "vote" "independence" "scotland" "turnout" "majority" "uncertain" "block" "transfer" "autonomy"
    9.0s turn 2
   15.4s   model reply: in 3981 + cached 28418, out 47 (+0 reasoning)
   15.4s   tool bash: node /kit/rag.mjs search "referendum" "vote" "government" "election" "politics" "policy" "opinion" "belief"
   15.6s turn 3
   18.6s   model reply: in 6248 + cached 28417, out 29 (+0 reasoning)
   18.6s   tool bash: node /kit/rag.mjs entry policy_document decision prohibited recommended comfortable
   18.8s turn 4
   22.4s   model reply: in 2738 + cached 32460, out 56 (+0 reasoning)
   22.4s   tool bash: node /kit/rag.mjs search "referendum" "independence" "scotland" "vote" "percent" "turnout" "margin" "party" "tax" "welfare"
   22.6s turn 5
   26.5s   model reply: in 38036 + cached 0, out 39 (+0 reasoning)
   26.5s   tool bash: node /kit/rag.mjs search "rate" "measure" "duration" "character_trait" "requirement"
   26.7s turn 6
   31.1s   model reply: in 3276 + cached 36518, out 30 (+0 reasoning)
   31.1s   tool bash: node /kit/rag.mjs entry rate measure group_size time_point
   31.3s turn 7
   34.8s   model reply: in 3867 + cached 36503, out 29 (+0 reasoning)
   34.8s   tool bash: node /kit/rag.mjs search "referendum" --kind claim
   34.9s turn 8
   39.1s   model reply: in 4180 + cached 36486, out 41 (+0 reasoning)
   39.1s   tool bash: node /kit/rag.mjs search "voted against" "in favor" "turnout" "margin" "legislation"
   39.2s turn 9
   42.9s   model reply: in 5618 + cached 36480, out 66 (+0 reasoning)
   42.9s   tool bash: node /kit/rag.mjs entry opposes argues_for controversial ongoing varies_with provides possesses attribute_claim statement meets_needs leads_to involves motivate
   43.1s turn 10
   47.1s   model reply: in 3637 + cached 40533, out 41 (+0 reasoning)
   47.1s   tool bash: node /kit/rag.mjs search "Scottish National Party" "transfer powers" "autonomy" "block" "tax"
   47.3s turn 11
   50.8s   model reply: in 5052 + cached 40526, out 40 (+0 reasoning)
   50.8s   tool bash: node /kit/rag.mjs search "block_evaluation" "self_protection" "change_property" "obligation"
   50.9s turn 12
   54.4s   model reply: in 2339 + cached 44572, out 37 (+0 reasoning)
   54.4s   tool bash: node /kit/rag.mjs search "Scottish Parliament" "legislation" "UK government" "Scottish government"
   54.5s turn 13
   57.9s   model reply: in 3506 + cached 44563, out 23 (+0 reasoning)
   57.9s   tool bash: node /kit/rag.mjs entry obligation
   58.0s turn 14
   63.0s   model reply: in 3727 + cached 44545, out 37 (+0 reasoning)
   63.0s   tool bash: node /kit/rag.mjs search "agree" "consensus" "requires" "condition" "depends"
   63.2s turn 15
   70.3s   model reply: in 5145 + cached 44540, out 36 (+0 reasoning)
   70.3s   tool bash: node /kit/rag.mjs search "question" "personal opinion" "neutral" "viewpoint"
   70.5s turn 16
   71.8s   model reply: in 0 + cached 0, out 0 (+0 reasoning)
   71.8s agent finished
   73.8s turn 17
   87.7s   model reply: in 0 + cached 0, out 0 (+0 reasoning)
   87.7s agent finished
   91.7s turn 18
  118.0s   model reply: in 0 + cached 0, out 0 (+0 reasoning)
  118.0s agent finished
  126.0s turn 19
  308.8s   model reply: in 50801 + cached 0, out 28 (+0 reasoning)
  308.8s   tool bash: node /kit/rag.mjs search "country" --kind object
  308.9s turn 20
  343.1s   model reply: in 2578 + cached 48564, out 31 (+0 reasoning)
  343.1s   tool bash: node /kit/rag.mjs search "country" "location" "region"
  343.3s turn 21
  355.9s   model reply: in 3491 + cached 48553, out 29 (+0 reasoning)
  355.9s   tool bash: node /kit/rag.mjs search "scotland" --kind object
  356.0s turn 22
  368.4s   model reply: in 3820 + cached 48537, out 25 (+0 reasoning)
  368.5s   tool bash: node /kit/rag.mjs widen "Scotland"
  368.6s turn 23
  381.5s   model reply: in 5088 + cached 48532, out 31 (+0 reasoning)
  381.5s   tool bash: node /kit/rag.mjs entry united_kingdom topic_politics country::GB
  381.6s turn 24
  394.0s   model reply: in 5432 + cached 48516, out 35 (+0 reasoning)
  394.0s   tool bash: node /kit/rag.mjs entry role_agent role_user decline ask inform respond confirm acknowledge apologize
  394.1s turn 25
  399.5s   model reply: in 6009 + cached 48503, out 43 (+0 reasoning)
  399.5s   tool bash: node /kit/rag.mjs search "referendum" "vote" "turnout" "autonomy" "block" --kind claim
  399.7s turn 26
  409.6s   model reply: in 3375 + cached 52542, out 46 (+0 reasoning)
  409.7s   tool bash: node /kit/rag.mjs search "referendum" "vote" "turnout" "legislation" "autonomy" "block" --kind constructor
  409.8s turn 27
  416.3s   model reply: in 5058 + cached 52542, out 49 (+0 reasoning)
  416.3s   tool bash: node /kit/rag.mjs search "referendum" "independence" "party" "tax" "welfare" "autonomy" "powers" "margin"
  416.5s turn 28
  421.8s   model reply: in 3228 + cached 56591, out 29 (+0 reasoning)
  421.8s   tool bash: node /kit/rag.mjs entry constrained_by role_manager role
  422.0s turn 29
  426.0s   model reply: in 3632 + cached 56576, out 41 (+0 reasoning)
  426.0s   tool bash: node /kit/rag.mjs search "referendum" "scottish independence" "turnout" "margin" "vote"
  426.4s turn 30
  432.1s   model reply: in 5045 + cached 56573, out 37 (+0 reasoning)
  432.1s   tool bash: node /kit/rag.mjs search "percentage" "ratio" "proportion" "margin" "difference"
  432.4s turn 31
  437.4s   model reply: in 2487 + cached 60612, out 24 (+0 reasoning)
  437.4s   tool bash: node /kit/rag.mjs entry distinguish close
  437.5s turn 32
  441.2s   model reply: in 2708 + cached 60594, out 61 (+0 reasoning)
  441.2s   tool bash: node /kit/rag.mjs entry property_question subject requirement activity time_horizon time_point measure group_size distinguish negation address_form interpersona
  441.3s turn 33
  450.1s   model reply: in 4786 + cached 60601, out 44 (+0 reasoning)
  450.1s   tool bash: node /kit/rag.mjs entry negation address_form interpersonal_stance bionic_person policy_revision_request audience_targeting test_condition
  450.2s turn 34
  461.9s   model reply: in 5550 + cached 60590, out 37 (+0 reasoning)
  461.9s   tool bash: node /kit/rag.mjs search "uncertain" "timing" "date" "legislation" "agreement"
  462.1s turn 35
  468.0s   model reply: in 2933 + cached 64628, out 47 (+0 reasoning)
  468.0s   tool bash: node /kit/rag.mjs search "decision" "policy_document" "attitude" "motivated_by" "leads_to" "enables"
  468.2s turn 36
  471.5s   model reply: in 4837 + cached 64632, out 52 (+0 reasoning)
  471.5s   tool bash: node /kit/rag.mjs entry topic_politics united_kingdom beliefs personal_values unit_percent unit_year role_agent role_user tone_neutral locale_en_gb
  471.6s turn 37
  475.3s   model reply: in 5422 + cached 64619, out 75 (+0 reasoning)
  475.3s   tool bash: node /kit/rag.mjs entry ask decline inform confirm acknowledge apologize respond controversial occurred_recently ongoing varies_with opposes attribute_claim sta
  475.4s turn 38
  484.0s   model reply: in 45030 + cached 0, out 37 (+0 reasoning)
  484.0s   tool bash: node /kit/rag.mjs entry provides possesses proposed_policy unaware exists_in failure contrast rejects revises supports
  484.1s turn 39
  486.9s   model reply: in 5742 + cached 40525, out 38 (+0 reasoning)
  486.9s   tool bash: node /kit/rag.mjs search "referendum" "vote" "scottish independence" "autonomy"
  487.0s turn 40
  489.7s   model reply: in 2832 + cached 44568, out 94 (+0 reasoning)
  489.7s   tool bash: node /kit/rag.mjs widen "Scotland will ever become an independent country" --kind speech_act
node /kit/rag.mjs widen "Scotland's independence is a complex and o
  490.3s turn 41
  494.0s   model reply: in 6160 + cached 44581, out 95 (+0 reasoning)
  494.0s   tool bash: node /kit/rag.mjs widen "political parties and individuals continue efforts to achieve Scottish independence" --kind claim
node /kit/rag.mjs widen "future statu
  494.5s turn 42
  502.4s   model reply: in 5451 + cached 48646, out 90 (+0 reasoning)
  502.4s   tool bash: node /kit/rag.mjs widen "the UK government requires clear and sustained majority support before another referendum" --kind claim
node /kit/rag.mjs widen "holdin
  503.1s turn 43
  507.1s   model reply: in 4726 + cached 52712, out 65 (+0 reasoning)
  507.1s   tool bash: node /kit/rag.mjs widen "AI lacks the capacity to make value judgments or form opinions" --kind negation
node /kit/rag.mjs widen "unable to answer because the A
  507.5s turn 44
  520.0s   model reply: in 4010 + cached 56777, out 1878 (+0 reasoning)
  520.0s   tool write: /output/translation.md
  520.0s turn 45
  523.0s   model reply: in 5898 + cached 56771, out 30 (+0 reasoning)
  523.0s   tool bash: node /kit/rag.mjs check --translation /output/translation.md
  523.2s turn 46
  526.5s   model reply: in 2721 + cached 60814, out 28 (+0 reasoning)
  526.5s   tool bash: node /kit/rag.mjs entry time_point temporal_context
  526.6s turn 47
  529.6s   model reply: in 3069 + cached 60796, out 28 (+0 reasoning)
  529.6s   tool bash: node /kit/rag.mjs entry unit_year united_kingdom
  529.7s turn 48
  541.8s   model reply: in 3245 + cached 60777, out 1973 (+0 reasoning)
  541.8s   tool write: /output/translation.md
  541.8s turn 49
  544.8s   model reply: in 5226 + cached 60773, out 30 (+0 reasoning)
  544.8s   tool bash: node /kit/rag.mjs check --translation /output/translation.md
  544.9s turn 50
  548.2s   model reply: in 2062 + cached 64812, out 31 (+0 reasoning)
  548.2s   tool bash: node /kit/rag.mjs search "Scotland" "2014"
  548.4s turn 51
  560.7s   model reply: in 2682 + cached 64798, out 1977 (+0 reasoning)
  560.7s   tool write: /output/translation.md
  560.8s turn 52
  563.8s   model reply: in 4666 + cached 64795, out 30 (+0 reasoning)
  563.8s   tool bash: node /kit/rag.mjs check --translation /output/translation.md
  564.0s turn 53
  575.9s   model reply: in 43809 + cached 0, out 30 (+0 reasoning)
  575.9s   tool bash: node /kit/rag.mjs search "in 2014"
  576.0s turn 54
  587.2s   model reply: in 3635 + cached 40514, out 1973 (+0 reasoning)
  587.2s   tool write: /output/translation.md
  587.2s turn 55
  590.2s   model reply: in 5616 + cached 40510, out 30 (+0 reasoning)
  590.2s   tool bash: node /kit/rag.mjs check --translation /output/translation.md
  590.4s turn 56
  595.3s   model reply: in 0 + cached 0, out 0 (+0 reasoning)
  595.4s agent finished
  597.4s turn 57
  611.0s   model reply: in 0 + cached 0, out 0 (+0 reasoning)
  611.0s agent finished
  615.0s turn 58
  626.5s   model reply: in 0 + cached 0, out 0 (+0 reasoning)
  626.5s agent finished
  634.5s turn 59
  860.9s   model reply: in 47072 + cached 0, out 31 (+0 reasoning)
  860.9s   tool bash: node /kit/rag.mjs search "2014" --kind temporal
  861.0s turn 60
  873.9s   model reply: in 2879 + cached 44533, out 26 (+0 reasoning)
  873.9s   tool bash: node /kit/rag.mjs search "referendum"
  874.1s turn 61
  890.8s   model reply: in 3201 + cached 44516, out 2087 (+0 reasoning)
  890.8s   tool write: /output/translation.md
  890.8s turn 62
  948.2s   model reply: in 5292 + cached 44516, out 30 (+0 reasoning)
  948.2s   tool bash: node /kit/rag.mjs check --translation /output/translation.md
  948.3s turn 63
  951.9s   model reply: in 2201 + cached 48553, out 34 (+0 reasoning)
  951.9s agent finished
  951.9s agent finished
