    2.0s turn 1
    5.6s   model reply: in 6052 + cached 8059, out 143 (+126 reasoning)
    5.6s   tool read: /trajectory.txt
    5.7s turn 2
    8.4s   model reply: in 3074 + cached 12085, out 54 (+29 reasoning)
    8.4s   tool bash: node /kit/rag.mjs --help || true
    8.5s turn 3
   14.2s   model reply: in 3176 + cached 12069, out 615 (+592 reasoning)
   14.2s   tool bash: node /kit/rag.mjs entry attitude
   14.3s turn 4
   23.1s   model reply: in 3869 + cached 12062, out 953 (+935 reasoning)
   23.1s   tool bash: ls -la /kit
   23.2s turn 5
   27.5s   model reply: in 4990 + cached 12061, out 46 (+27 reasoning)
   27.5s   tool read: /kit/README.md
   27.5s turn 6
   30.4s   model reply: in 2177 + cached 16082, out 76 (+33 reasoning)
   30.4s   tool bash: ls -la / /reference /needs.json /rag_context.md /item_raw.txt 2>/dev/null || true
   30.4s turn 7
   33.2s   model reply: in 3248 + cached 16081, out 53 (+33 reasoning)
   33.2s   tool read: /reference/examples.jsonl
   33.2s turn 8
   37.9s   model reply: in 4471 + cached 16081, out 343 (+60 reasoning)
   37.9s   tool bash: node -e '
const fs = require("fs");
const lines = fs.readFileSync("/reference/glossary.jsonl", "utf8").split("\n").filter(Boolean);
const symbols = [
  "acknowl
   38.0s turn 9
   42.1s   model reply: in 3661 + cached 20134, out 247 (+67 reasoning)
   42.1s   tool bash: node -e '
const fs = require("fs");
const lines = fs.readFileSync("/reference/glossary.jsonl", "utf8").split("\n").filter(Boolean);
const symbols = [
  "attitud
   42.2s turn 10
   45.8s   model reply: in 5378 + cached 20140, out 166 (+40 reasoning)
   45.8s   tool bash: node -e '
const fs = require("fs");
const lines = fs.readFileSync("/reference/glossary.jsonl", "utf8").split("\n").filter(Boolean);
for (const line of lines) {

   45.8s turn 11
   48.7s   model reply: in 2925 + cached 24172, out 64 (+37 reasoning)
   48.7s   tool bash: find / -name "*reconstruction*" 2>/dev/null
   48.7s turn 12
   51.4s   model reply: in 3017 + cached 24154, out 34 (+16 reasoning)
   51.4s   tool bash: cat /prompt.md
   51.4s turn 13
   60.6s   model reply: in 3525 + cached 24143, out 1290 (+1245 reasoning)
   60.6s   tool bash: node /kit/rag.mjs entry respond ask apologize acknowledge propose failure user_practice attitude occurred occurred_recently statement character dialogue duratio
   60.9s turn 14
   64.5s   model reply: in 6242 + cached 24164, out 97 (+39 reasoning)
   64.5s   tool bash: node /kit/rag.mjs search "tinder" "playboy" "weekend_activity" "plan_date" "James Bond" "wit_and_charm" "dinner_and_drinks"
   65.2s turn 15
   77.0s   model reply: in 4283 + cached 28203, out 1255 (+1224 reasoning)
   77.1s   tool bash: grep -rn "paths" /reference /kit 2>/dev/null || true
   77.2s turn 16
   96.8s   model reply: in 5542 + cached 28202, out 2672 (+2645 reasoning)
   96.8s   tool bash: grep -rn "respond" /reference 2>/dev/null
   96.9s turn 17
  176.9s   model reply: in 4542 + cached 32256, out 14728 (+14710 reasoning)
  176.9s   tool bash: ls -ld /output
  176.9s turn 18
  191.4s   model reply: in 15115 + cached 36435, out 503 (+195 reasoning)
  191.4s   tool write: /output/reconstruction.md
  191.5s turn 19
  195.4s   model reply: in 3496 + cached 48562, out 55 (+35 reasoning)
  195.4s   tool read: /output/reconstruction.md
  195.4s turn 20
  198.8s   model reply: in 3849 + cached 48546, out 27 (+13 reasoning)
  198.8s agent finished
  198.8s agent finished
