    4.8s turn 1
   25.2s   model reply: in 2212 + cached 0, out 2885 (+2867 reasoning)
   25.3s   tool bash: pwd && ls -la
   25.4s turn 2
   64.0s   model reply: in 5153 + cached 0, out 6973 (+6927 reasoning)
   64.1s   tool bash: python3 -c '
with open("/trajectory.txt") as f:
    text = f.read()
print(repr(text))
'
   64.1s turn 3
   67.7s   model reply: in 12149 + cached 0, out 69 (+21 reasoning)
   67.7s   tool bash: node -e '
const fs = require("fs");
console.log(JSON.stringify(fs.readFileSync("/trajectory.txt", "utf8")));
'
   67.8s turn 4
  113.6s   model reply: in 4863 + cached 8006, out 7922 (+7904 reasoning)
  113.6s   tool bash: mkdir -p /output
  113.7s turn 5
  125.4s   model reply: in 8693 + cached 12101, out 1544 (+1151 reasoning)
  125.4s   tool write: /output/reconstruction.md
  125.5s turn 6
  128.5s   model reply: in 2176 + cached 20167, out 64 (+44 reasoning)
  128.5s   tool read: /output/reconstruction.md
  129.9s turn 7
  135.9s   model reply: in 2620 + cached 20154, out 89 (+71 reasoning)
  136.3s agent finished
  136.3s agent finished
