    2.0s turn 1
    8.1s   model reply: in 29488 + cached 0, out 817 (+765 reasoning)
    8.1s   tool bash: node /kit/rag.mjs search "behavior" "fashion" "appropriate" "clothes" "wealth" "possessions" "compassion" "deserves" "talent"
    8.4s turn 2
   14.8s   model reply: in 4319 + cached 28451, out 856 (+746 reasoning)
   14.8s   tool bash: node /kit/rag.mjs entry ask inform property_question subject interpersonal_stance attitude attribute_claim controversial enables important leads_to motivated_by
   14.9s turn 3
   18.2s   model reply: in 3160 + cached 32516, out 144 (+88 reasoning)
   18.2s   tool bash: node /kit/rag.mjs entry possesses reason_for recommended stereotype unaware user_preference varies_by_location varies_with causes contrast supports has_style ha
   18.3s turn 4
   22.1s   model reply: in 4789 + cached 32508, out 133 (+72 reasoning)
   22.1s   tool bash: node /kit/rag.mjs entry song metric_socio_economic_status personal_values beliefs clothing audience_targeting character_trait aesthetic temporal_context well_wi
   22.3s turn 5
   27.8s   model reply: in 5947 + cached 32497, out 407 (+365 reasoning)
   27.8s   tool bash: node /kit/rag.mjs search "Justin Bieber's behavior" "opinion on behavior" "property_question" "subject"
   27.9s turn 6
   31.8s   model reply: in 3510 + cached 36551, out 150 (+112 reasoning)
   31.8s   tool bash: node /kit/rag.mjs search "opinion" "ask" "question" "deserve" "wealth"
   32.2s turn 7
   38.3s   model reply: in 5074 + cached 36544, out 702 (+662 reasoning)
   38.3s   tool bash: node /kit/rag.mjs search "challenge" "difficulty" "faced challenges" "recent years" "personal challenges"
   38.4s turn 8
   44.0s   model reply: in 3120 + cached 40601, out 616 (+539 reasoning)
   44.0s   tool bash: node /kit/rag.mjs widen "avoid judging someone without understanding" --kind claim
node /kit/rag.mjs widen "everyone deserves compassion and opportunity to grow
   44.5s turn 9
   53.0s   model reply: in 7025 + cached 40612, out 933 (+808 reasoning)
   53.0s   tool bash: node /kit/rag.mjs entry subject property_question ask inform attitude attribute_claim controversial enables important leads_to motivated_by occurred occurred_re
   53.3s turn 10
   85.2s   model reply: in 5902 + cached 44676, out 6810 (+4710 reasoning)
   85.2s   tool write: /output/translation.md
   85.2s turn 11
   88.6s   model reply: in 8628 + cached 48764, out 53 (+23 reasoning)
   88.6s   tool bash: node /kit/rag.mjs check --translation /output/translation.md
   88.8s turn 12
   95.4s   model reply: in 5575 + cached 52815, out 494 (+462 reasoning)
   95.4s   tool bash: node /kit/rag.mjs search "Justin Bieber's behavior" --kind object
   95.5s turn 13
  101.8s   model reply: in 2302 + cached 56863, out 543 (+112 reasoning)
  101.8s   tool edit: /output/translation.md
  101.8s turn 14
  105.4s   model reply: in 2875 + cached 56830, out 53 (+23 reasoning)
  105.4s   tool bash: node /kit/rag.mjs check --translation /output/translation.md
  105.7s turn 15
  134.2s   model reply: in 0 + cached 0, out 0 (+0 reasoning)
  134.3s agent finished
  136.2s turn 16
  394.9s   model reply: in 60708 + cached 0, out 4569 (+2455 reasoning)
  394.9s   tool write: /output/translation.md
  394.9s turn 17
  401.9s   model reply: in 8449 + cached 56832, out 53 (+23 reasoning)
  401.9s   tool bash: node /kit/rag.mjs check --translation /output/translation.md
  402.1s turn 18
  412.7s   model reply: in 5405 + cached 60879, out 100 (+59 reasoning)
  412.7s agent finished
  412.7s agent finished
