    5.3s turn 1
   10.0s   model reply: in 3 + cached 0, out 78 (+0 reasoning)
   10.0s   tool bash: node /kit/rag.mjs search "describe requested physical actions in a plan" "object description with sliced state and spatial location" "step forward left turn aro
   10.4s turn 2
   16.7s   model reply: in 3 + cached 25289, out 163 (+93 reasoning)
   16.7s   tool bash: node /kit/rag.mjs entry request propose ask chill location_spec spatial_constraint; node /kit/rag.mjs search "ordered sequence of described actions" "entity des
   16.9s turn 3
   36.8s   model reply: in 3 + cached 27631, out 744 (+516 reasoning)
   36.8s   tool bash: node /kit/rag.mjs entry sequence role_user role_agent; node /kit/rag.mjs widen "cool a lettuce slice" --kind action; node /kit/rag.mjs widen "lettuce slice obje
   41.5s turn 4
   48.4s   model reply: in 3 + cached 28996, out 131 (+65 reasoning)
   48.4s   tool bash: node /kit/rag.mjs entry sequence role_user role_agent; node /kit/rag.mjs search "nonexecuting description pick up chill slice place physical procedure" "describ
   49.0s turn 5
  107.0s   model reply: in 3 + cached 32543, out 3180 (+516 reasoning)
  107.0s   tool write: /output/translation.md
  107.0s turn 6
  147.1s   model reply: in 3 + cached 33453, out 2024 (+67 reasoning)
  147.1s   tool write: /output/suggestions.md
  147.1s turn 7
  151.0s   model reply: in 3 + cached 36651, out 36 (+0 reasoning)
  151.0s   tool bash: node /kit/rag.mjs check --translation /output/translation.md
  151.1s turn 8
  160.1s   model reply: in 3 + cached 38693, out 286 (+144 reasoning)
  160.1s   tool edit: /output/translation.md
  160.1s turn 9
  164.4s   model reply: in 3 + cached 39289, out 62 (+0 reasoning)
  164.4s agent finished
  164.4s agent finished
