    9.9s turn 1
   18.0s   model reply: in 10865 + cached 0, out 1060 (+1029 reasoning)
   18.0s   tool bash: node /kit/rag.mjs --help 2>/dev/null || true
   18.2s turn 2
   20.5s   model reply: in 3907 + cached 8021, out 56 (+29 reasoning)
   20.5s   tool bash: ls -la /kit/ 2>/dev/null || true
   20.6s turn 3
   22.8s   model reply: in 4141 + cached 8010, out 51 (+20 reasoning)
   22.8s   tool read: /kit/needs_prompt.md
   23.0s turn 4
   25.5s   model reply: in 4872 + cached 8004, out 59 (+29 reasoning)
   25.5s   tool read: /kit/rag.mjs
   25.9s turn 5
   29.3s   model reply: in 2397 + cached 12014, out 39 (+16 reasoning)
   29.3s   tool bash: ls -la / 2>/dev/null
   29.7s turn 6
   33.4s   model reply: in 3208 + cached 12011, out 43 (+16 reasoning)
   33.4s   tool read: /prompt.md
   33.5s turn 7
   36.5s   model reply: in 3729 + cached 12001, out 35 (+10 reasoning)
   36.5s   tool bash: ls -la /reference/ 2>/dev/null
   38.2s turn 8
   41.9s   model reply: in 3980 + cached 11989, out 64 (+38 reasoning)
   42.0s   tool bash: head -n 20 /reference/examples.jsonl
   42.3s turn 9
   64.1s   model reply: in 5208 + cached 11995, out 2358 (+2278 reasoning)
   64.1s   tool write: /output/reconstruction.md
   64.1s turn 10
   67.0s   model reply: in 3548 + cached 16018, out 55 (+25 reasoning)
   67.0s   tool read: /output/reconstruction.md
   67.1s turn 11
   72.1s   model reply: in 3671 + cached 16000, out 137 (+121 reasoning)
   72.1s agent finished
   72.1s agent finished
