    9.8s turn 1
   16.1s   model reply: in 3 + cached 0, out 76 (+0 reasoning)
   16.1s   tool bash: node /kit/rag.mjs search "describe requested search action with target and constraints" "lowest price minimum price optimization requirement" "watt power output
   16.9s turn 2
   22.5s   model reply: in 3 + cached 26361, out 115 (+11 reasoning)
   22.5s   tool bash: node /kit/rag.mjs entry request ask role_user; node /kit/rag.mjs search "descriptive search query criteria ordering" "minimum price selection cheapest product";
   25.0s turn 3
   43.6s   model reply: in 3 + cached 28703, out 696 (+516 reasoning)
   43.6s   tool bash: node /kit/rag.mjs widen "Search box labeled Search Site with source UI role searchbox" --kind object; node /kit/rag.mjs widen "Search button icon with source UI
   46.5s turn 4
   53.3s   model reply: in 3 + cached 31406, out 147 (+57 reasoning)
   53.3s   tool bash: node /kit/rag.mjs entry role; node /kit/rag.mjs search "UI element accessibility role separate from HTML tag" "watts SI power measurement" "search goal lowest p
   54.3s turn 5
   87.2s   model reply: in 3 + cached 34782, out 1827 (+164 reasoning)
   87.2s   tool write: /output/translation.md
   87.2s turn 6
   90.1s   model reply: in 3 + cached 35858, out 36 (+0 reasoning)
   90.1s   tool bash: node /kit/rag.mjs check --translation /output/translation.md
   90.2s turn 7
  112.6s   model reply: in 3 + cached 37703, out 1090 (+65 reasoning)
  112.6s   tool write: /output/suggestions.md
  112.6s turn 8
  120.1s   model reply: in 3 + cached 38172, out 119 (+0 reasoning)
  120.1s   tool edit: /output/translation.md
  120.2s turn 9
  123.4s   model reply: in 3 + cached 39280, out 50 (+0 reasoning)
  123.4s agent finished
  123.5s agent finished
