    1.9s turn 1
   10.1s   model reply: in 30793 + cached 0, out 1020 (+974 reasoning)
   10.1s   tool bash: node /kit/rag.mjs search "character_trait" "attribute_claim" "has_state" "conditional" "statement" "character"
   10.2s turn 2
   14.1s   model reply: in 33931 + cached 0, out 110 (+63 reasoning)
   14.1s   tool bash: node /kit/rag.mjs search "theory" "proof" "premise" "true" "false" "unknown" "evaluate" "question"
   14.3s turn 3
   18.1s   model reply: in 3614 + cached 32519, out 98 (+60 reasoning)
   18.1s   tool bash: node /kit/rag.mjs entry conjunction property_question character_trait attribute_claim conditional statement character has_state
   18.3s turn 4
   21.9s   model reply: in 37173 + cached 0, out 110 (+64 reasoning)
   21.9s   tool bash: node /kit/rag.mjs search "universal" "premise" "rule" "quantifier" "for all" "entity" "predicate"
   22.2s turn 5
   26.7s   model reply: in 39181 + cached 0, out 96 (+56 reasoning)
   26.7s   tool bash: grep -E "\| (claim_relation|constructor|composite|speech_act) \|" /reference/glossary.md
   26.8s turn 6
   32.9s   model reply: in 4564 + cached 36559, out 51 (+23 reasoning)
   32.9s   tool bash: grep "\| claim_relation \|" /reference/glossary.md
   33.0s turn 7
   36.1s   model reply: in 2581 + cached 40617, out 86 (+51 reasoning)
   36.1s   tool bash: grep -E "^\| [^|]+ \| claim_relation \|" /reference/glossary.md
   36.2s turn 8
   43.5s   model reply: in 4604 + cached 40613, out 797 (+765 reasoning)
   43.5s   tool bash: grep -i "proofwriter" /reference/* /attach/* 2>/dev/null
   43.6s turn 9
   47.4s   model reply: in 5424 + cached 40600, out 201 (+151 reasoning)
   47.4s   tool bash: node /kit/rag.mjs entry statement conditional conjunction character_trait character attribute_claim has_state shape_round state_cold color_label ask respond inf
   47.5s turn 10
   55.0s   model reply: in 2903 + cached 44652, out 267 (+234 reasoning)
   55.0s   tool bash: grep -E "^\| [^|]+ \| constructor \|" /reference/glossary.md
   55.0s turn 11
   58.2s   model reply: in 4969 + cached 44649, out 74 (+34 reasoning)
   58.2s   tool bash: grep -E "^\| [^|]+ \| constructor \|" /reference/glossary.md | tail -n +25
   58.2s turn 12
   62.9s   model reply: in 2826 + cached 48703, out 74 (+34 reasoning)
   62.9s   tool bash: grep -E "^\| [^|]+ \| constructor \|" /reference/glossary.md | tail -n +50
   62.9s turn 13
   67.1s   model reply: in 4652 + cached 48699, out 84 (+43 reasoning)
   67.1s   tool bash: node /kit/rag.mjs entry test_condition time_offset time_point visual_contrast weather_condition well_wishes
   67.2s turn 14
   91.2s   model reply: in 5348 + cached 48685, out 4034 (+3760 reasoning)
   91.2s   tool bash: mkdir -p /output
cat << 'EOF' > /output/translation.md
Status: success
Mode: REQUEST

## BrainCode

```braincode
MODE REQUEST
ENTRYPOINT Conversation
CONVO Conv
   91.4s turn 15
  106.1s   model reply: in 6001 + cached 52763, out 2354 (+2329 reasoning)
  106.1s   tool bash: node /kit/rag.mjs entry lexical_label
  106.2s turn 16
  114.4s   model reply: in 4763 + cached 56825, out 747 (+717 reasoning)
  114.4s   tool bash: grep -C 3 "character_trait" /reference/glossary.md
  114.5s turn 17
  130.2s   model reply: in 2993 + cached 60883, out 2196 (+773 reasoning)
  130.2s   tool bash: cat << 'EOF' > /output/translation.md
Status: success
Mode: REQUEST

## BrainCode

```braincode
MODE REQUEST
ENTRYPOINT Conversation
CONVO Conversation {
  TURN
  130.4s turn 18
  144.4s   model reply: in 5932 + cached 60887, out 1872 (+392 reasoning)
  144.4s   tool bash: cat << 'EOF' > /output/translation.md
Status: success
Mode: REQUEST

## BrainCode

```braincode
MODE REQUEST
ENTRYPOINT Conversation
CONVO Conversation {
  TURN
  144.6s turn 19
  152.3s   model reply: in 0 + cached 0, out 0 (+0 reasoning)
  152.4s agent finished
  154.4s turn 20
  168.0s   model reply: in 0 + cached 0, out 0 (+0 reasoning)
  168.0s agent finished
  172.0s turn 21
  183.6s   model reply: in 0 + cached 0, out 0 (+0 reasoning)
  183.6s agent finished
  191.6s turn 22
  214.3s   model reply: in 0 + cached 0, out 0 (+0 reasoning)
  214.3s agent finished
  230.3s turn 23
  300.4s   model reply: in 69423 + cached 0, out 2592 (+1098 reasoning)
  300.4s   tool bash: cat << 'EOF' > /output/translation.md
Status: success
Mode: REQUEST

## BrainCode

```braincode
MODE REQUEST
ENTRYPOINT Conversation
CONVO Conversation {
  TURN
  300.5s turn 24
  355.8s   model reply: in 50982 + cached 0, out 1750 (+332 reasoning)
  355.8s   tool bash: cat << 'EOF' > /output/translation.md
Status: success
Mode: REQUEST

## BrainCode

```braincode
MODE REQUEST
ENTRYPOINT Conversation
CONVO Conversation {
  TURN
  356.1s turn 25
  377.0s   model reply: in 4685 + cached 48779, out 194 (+134 reasoning)
  377.0s   tool bash: node /kit/rag.mjs widen "Bob" --kind object
node /kit/rag.mjs widen "Dave" --kind object
node /kit/rag.mjs widen "Erin" --kind object
  380.4s turn 26
  400.7s   model reply: in 4352 + cached 52850, out 2585 (+1082 reasoning)
  400.8s   tool bash: cat << 'EOF' > /output/translation.md
Status: success
Mode: REQUEST

## BrainCode

```braincode
MODE REQUEST
ENTRYPOINT Conversation
CONVO Conversation {
  TURN
  401.2s turn 27
  420.7s   model reply: in 60519 + cached 0, out 1155 (+1129 reasoning)
  420.7s   tool bash: node /kit/rag.mjs entry role_user user
  421.6s turn 28
  438.6s   model reply: in 4838 + cached 56907, out 2188 (+2165 reasoning)
  438.6s   tool bash: node /kit/rag.mjs entry ask
  439.3s turn 29
  451.7s   model reply: in 64005 + cached 0, out 182 (+157 reasoning)
  451.8s   tool bash: node /kit/rag.mjs entry property_question
  452.6s turn 30
  473.3s   model reply: in 64317 + cached 0, out 2154 (+70 reasoning)
  473.3s   tool bash: cat << 'EOF' > /output/translation.md
Status: success
Mode: REQUEST

## BrainCode

```braincode
MODE REQUEST
ENTRYPOINT Conversation
CONVO Conversation {
  TURN
  477.1s turn 31
  496.6s   model reply: in 6221 + cached 60950, out 2479 (+405 reasoning)
  496.7s   tool write: /output/translation.md
  496.8s turn 32
  501.0s   model reply: in 12773 + cached 56881, out 57 (+27 reasoning)
  501.0s   tool bash: node /kit/rag.mjs check --translation /output/translation.md
  502.4s turn 33
  520.8s   model reply: in 44246 + cached 8124, out 126 (+39 reasoning)
  520.8s agent finished
  520.8s agent finished
