    3.3s turn 1
    8.9s   model reply: in 3 + cached 0, out 72 (+0 reasoning)
    8.9s   tool bash: node /kit/rag.mjs search "describe requested placement spatial relation destination" "object description color spatial relation" "walking via room route turning
    9.4s turn 2
   15.3s   model reply: in 3 + cached 27705, out 72 (+0 reasoning)
   15.3s   tool bash: node /kit/rag.mjs entry spatial_constraint spatial_state ask request entity_description action_description sequence role_user role_agent; node /kit/rag.mjs sear
   15.7s turn 3
   20.9s   model reply: in 3 + cached 29838, out 139 (+22 reasoning)
   20.9s   tool bash: node /kit/rag.mjs search "entity description qualified properties constraints" "color property object modifier" "described movement destination direction route"
   23.4s turn 4
   41.7s   model reply: in 3 + cached 31019, out 514 (+352 reasoning)
   41.7s   tool bash: node /kit/rag.mjs entry attribute_claim obligation decision; node /kit/rag.mjs widen "describe placing acquired keys on ottoman without execution" --kind action
   43.4s turn 5
  101.0s   model reply: in 3 + cached 33786, out 2810 (+516 reasoning)
  101.0s   tool write: /output/translation.md
  101.0s turn 6
  132.5s   model reply: in 3 + cached 36759, out 1510 (+75 reasoning)
  132.5s   tool write: /output/suggestions.md
  132.5s turn 7
  135.9s   model reply: in 3 + cached 39587, out 36 (+0 reasoning)
  135.9s   tool bash: node /kit/rag.mjs check --translation /output/translation.md
  136.0s turn 8
  150.6s   model reply: in 3 + cached 41115, out 420 (+186 reasoning)
  150.6s   tool edit: /output/translation.md
  150.6s turn 9
  153.3s   model reply: in 3 + cached 41754, out 51 (+0 reasoning)
  153.3s agent finished
  153.3s agent finished
