    2.1s turn 1
    9.2s   model reply: in 25975 + cached 0, out 920 (+898 reasoning)
    9.2s   tool bash: node /kit/rag.mjs check
    9.3s turn 2
   12.2s   model reply: in 2565 + cached 24346, out 92 (+43 reasoning)
   12.2s   tool bash: node /kit/rag.mjs search "web element" "click" "textbox" "button" "select university" "property" "promotion" "macquarie"
   12.4s turn 3
   15.5s   model reply: in 4952 + cached 24346, out 110 (+67 reasoning)
   15.5s   tool bash: node /kit/rag.mjs entry web_element click press_key select_option type_text location_spec promotional_event requirement request
   15.7s turn 4
   19.1s   model reply: in 2040 + cached 28393, out 195 (+167 reasoning)
   19.1s   tool bash: grep -i "web_element" /reference/glossary.md
   19.1s turn 5
   22.5s   model reply: in 2314 + cached 28376, out 113 (+69 reasoning)
   22.5s   tool bash: node /kit/rag.mjs search "property" "accommodation" "university" "promotions" "college" "student" "filter"
   22.8s turn 6
   30.2s   model reply: in 4423 + cached 28376, out 1216 (+1074 reasoning)
   30.2s   tool bash: node /kit/rag.mjs widen "User requests to view specific properties" --kind speech_act
node /kit/rag.mjs widen "Display or filter properties" --kind action
node 
   31.6s turn 7
   35.1s   model reply: in 4758 + cached 32450, out 94 (+33 reasoning)
   35.1s   tool bash: node /kit/rag.mjs widen "Include only properties that offer promotions or special discounts" --kind constraint
node /kit/rag.mjs widen "Filter by location assoc
   35.5s turn 8
   38.7s   model reply: in 3929 + cached 36515, out 159 (+49 reasoning)
   38.7s   tool bash: node /kit/rag.mjs widen "Universities located in Sydney" --kind object
node /kit/rag.mjs widen "Click or select Sydney" --kind action
node /kit/rag.mjs widen "C
   39.5s turn 9
   48.5s   model reply: in 7421 + cached 36524, out 1462 (+1401 reasoning)
   48.5s   tool bash: node /kit/rag.mjs search "apply_filters" "select_filter" "search_web" "location_spec" "requirement" "include" "request" "user_preference" "associated_with"
   49.0s turn 10
   52.0s   model reply: in 7718 + cached 40598, out 85 (+47 reasoning)
   52.0s   tool bash: node /kit/rag.mjs entry user_preference request associated_with include requirement location_spec promotional_event ask
   52.2s turn 11
   55.2s   model reply: in 4692 + cached 44646, out 63 (+36 reasoning)
   55.2s   tool bash: grep "| speech_act |" /reference/glossary.md
   55.3s turn 12
   64.1s   model reply: in 5244 + cached 44631, out 1255 (+1228 reasoning)
   64.1s   tool bash: grep "| claim_relation |" /reference/glossary.md
   64.2s turn 13
   65.0s   model reply: in 0 + cached 0, out 0 (+0 reasoning)
   65.1s agent finished
   67.1s turn 14
  172.3s   model reply: in 4367 + cached 48696, out 47 (+13 reasoning)
  172.3s   tool bash: grep "| claim_relation |" /reference/glossary.md | tail -n 25
  172.3s turn 15
  179.5s   model reply: in 5885 + cached 48689, out 717 (+676 reasoning)
  179.5s   tool bash: node /kit/rag.mjs entry subject location_spec promotional_event associated_with apply_filters select_filter web_element
  179.6s turn 16
  185.7s   model reply: in 3560 + cached 52742, out 85 (+43 reasoning)
  185.7s   tool bash: grep -E "^\| (location|associated|student|property|college|school|academic|university)" /reference/glossary.md
  185.8s turn 17
  189.6s   model reply: in 3847 + cached 52724, out 45 (+20 reasoning)
  189.6s   tool bash: grep "| constructor |" /reference/glossary.md
  189.7s turn 18
  193.3s   model reply: in 5692 + cached 52720, out 47 (+22 reasoning)
  193.3s   tool bash: grep "| composite |" /reference/glossary.md
  193.3s turn 19
  202.0s   model reply: in 3395 + cached 56772, out 764 (+738 reasoning)
  202.0s   tool bash: grep -i "filter" /reference/glossary.md
  202.1s turn 20
  212.9s   model reply: in 4744 + cached 56764, out 1549 (+735 reasoning)
  212.9s   tool bash: cat << 'EOF' > /output/translation.md
Status: success
Mode: TRACE

## BrainCode

```braincode
MODE TRACE
ENTRYPOINT Conversation
CONVO Conversation {
  TURN t1 
  213.0s turn 21
  219.6s   model reply: in 2503 + cached 60815, out 630 (+583 reasoning)
  219.6s   tool bash: node /kit/rag.mjs search "show" "display" "filter" "search" "student accommodation" "property" "university" "campus"
  219.8s turn 22
  224.0s   model reply: in 5385 + cached 60822, out 138 (+108 reasoning)
  224.0s   tool read: /kit/rag.mjs
  224.0s turn 23
  238.0s   model reply: in 2953 + cached 64868, out 2139 (+1273 reasoning)
  238.0s   tool bash: cat << 'EOF' > /output/translation.md
Status: success
Mode: TRACE

## BrainCode

```braincode
MODE TRACE
ENTRYPOINT Conversation
CONVO Conversation {
  TURN t1 
  238.1s turn 24
  250.5s   model reply: in 42379 + cached 0, out 474 (+233 reasoning)
  250.5s   tool bash: cat << 'EOF' > /output/test_candidates.js
import { readFileSync } from "node:fs";

// Let's test the check endpoint with various candidate symbols for n2, n3, n
  250.5s turn 25
  257.0s   model reply: in 2328 + cached 40528, out 593 (+52 reasoning)
  257.0s   tool bash: node -e '
const base = (process.env.RAG_URL || `http://host.docker.internal:${process.env.RAG_PORT || "8765"}`).replace(/\/$/, "");
const needs = JSON.parse(req
  257.4s turn 26
  265.5s   model reply: in 4853 + cached 40533, out 697 (+81 reasoning)
  265.5s   tool bash: node -e '
const base = (process.env.RAG_URL || `http://host.docker.internal:${process.env.RAG_PORT || "8765"}`).replace(/\/$/, "");
const needs = JSON.parse(req
  265.6s turn 27
  271.0s   model reply: in 5566 + cached 40520, out 512 (+30 reasoning)
  271.0s   tool bash: node -e '
const base = (process.env.RAG_URL || `http://host.docker.internal:${process.env.RAG_PORT || "8765"}`).replace(/\/$/, "");
const needs = JSON.parse(req
  271.1s turn 28
  279.5s   model reply: in 2594 + cached 44301, out 906 (+60 reasoning)
  279.5s   tool bash: node -e '
const base = (process.env.RAG_URL || `http://host.docker.internal:${process.env.RAG_PORT || "8765"}`).replace(/\/$/, "");
const needs = JSON.parse(req
  280.9s turn 29
  285.4s   model reply: in 3509 + cached 44295, out 285 (+138 reasoning)
  285.4s   tool bash: node -e '
const needs = JSON.parse(require("fs").readFileSync("/needs.json", "utf8")).needs || JSON.parse(require("fs").readFileSync("/needs.json", "utf8"));
fo
  285.5s turn 30
  290.5s   model reply: in 6916 + cached 44326, out 485 (+415 reasoning)
  290.5s   tool bash: node /kit/rag.mjs widen "Display or filter properties" --kind action
node /kit/rag.mjs widen "Properties or student accommodations" --kind object
node /kit/rag.
  291.0s turn 31
  294.5s   model reply: in 6511 + cached 48389, out 43 (+11 reasoning)
  294.5s   tool bash: node /kit/rag.mjs widen "Universities located in Sydney" --kind object
  294.6s turn 32
  299.3s   model reply: in 3829 + cached 52421, out 376 (+348 reasoning)
  299.3s   tool bash: find / -name "*mind2web*" 2>/dev/null
  299.3s turn 33
  303.3s   model reply: in 4230 + cached 52406, out 247 (+220 reasoning)
  303.3s   tool bash: grep "| speech_act |" /reference/glossary.md
  303.4s turn 34
  307.1s   model reply: in 4960 + cached 52397, out 171 (+144 reasoning)
  307.1s   tool bash: grep "| claim_relation |" /reference/glossary.md
  307.2s turn 35
  310.5s   model reply: in 3022 + cached 56439, out 77 (+41 reasoning)
  310.5s   tool bash: grep -E "\| (request|user_preference|preference|search)" /reference/glossary.md
  310.6s turn 36
  317.9s   model reply: in 3843 + cached 56431, out 1022 (+77 reasoning)
  317.9s   tool bash: node -e '
const base = (process.env.RAG_URL || `http://host.docker.internal:${process.env.RAG_PORT || "8765"}`).replace(/\/$/, "");
const needs = JSON.parse(req
  318.0s turn 37
  322.2s   model reply: in 5496 + cached 56139, out 241 (+118 reasoning)
  322.2s   tool bash: node -e '
const needs = JSON.parse(require("fs").readFileSync("/needs.json", "utf8")).needs || JSON.parse(require("fs").readFileSync("/needs.json", "utf8"));
fo
  322.2s turn 38
  327.4s   model reply: in 2015 + cached 60139, out 412 (+374 reasoning)
  327.4s   tool bash: grep -iE "(university|college|campus|accommodation|housing|dormitory)" /reference/glossary.md
  327.5s turn 39
  335.1s   model reply: in 2537 + cached 60129, out 879 (+849 reasoning)
  335.1s   tool bash: node /kit/rag.mjs check --translation /output/translation.md
  335.3s turn 40
  343.0s   model reply: in 3712 + cached 60132, out 1100 (+170 reasoning)
  343.0s   tool bash: cat << 'EOF' > /output/translation.md
Status: success
Mode: TRACE

## BrainCode

```braincode
MODE TRACE
ENTRYPOINT Conversation
CONVO Conversation {
  TURN t1 
  343.2s turn 41
  352.3s   model reply: in 5074 + cached 60139, out 1230 (+168 reasoning)
  352.3s   tool bash: node -e '
const base = (process.env.RAG_URL || `http://host.docker.internal:${process.env.RAG_PORT || "8765"}`).replace(/\/$/, "");
const needs = JSON.parse(req
  352.5s turn 42
  362.4s   model reply: in 2952 + cached 63837, out 1521 (+436 reasoning)
  362.4s   tool bash: node -e '
const base = (process.env.RAG_URL || `http://host.docker.internal:${process.env.RAG_PORT || "8765"}`).replace(/\/$/, "");
const needs = JSON.parse(req
  362.5s turn 43
  372.5s   model reply: in 5111 + cached 63548, out 1632 (+553 reasoning)
  372.5s   tool bash: node -e '
const base = (process.env.RAG_URL || `http://host.docker.internal:${process.env.RAG_PORT || "8765"}`).replace(/\/$/, "");
const needs = JSON.parse(req
  372.6s turn 44
  384.3s   model reply: in 40647 + cached 0, out 71 (+43 reasoning)
  384.3s   tool bash: grep -E "role_user" /reference/glossary.md
  384.4s turn 45
  387.4s   model reply: in 5660 + cached 35280, out 67 (+33 reasoning)
  387.4s   tool bash: grep -E "\| (agent|role_agent) \|" /reference/glossary.md
  387.4s turn 46
  401.5s   model reply: in 5765 + cached 35266, out 2574 (+1617 reasoning)
  401.5s   tool bash: cat << 'EOF' > /output/translation.md
Status: success
Mode: TRACE

## BrainCode

```braincode
MODE TRACE
ENTRYPOINT Conversation
CONVO Conversation {
  TURN t1 
  401.6s turn 47
  404.2s   model reply: in 4603 + cached 39276, out 35 (+17 reasoning)
  404.2s   tool bash: ls -la /output
  404.2s turn 48
  407.0s   model reply: in 4765 + cached 39262, out 37 (+13 reasoning)
  407.0s   tool bash: rm -f /output/test_candidates.js
  407.0s turn 49
  410.9s   model reply: in 4822 + cached 39245, out 243 (+213 reasoning)
  410.9s   tool bash: node /kit/rag.mjs check --translation /output/translation.md
  411.0s turn 50
  414.6s   model reply: in 5338 + cached 39246, out 178 (+16 reasoning)
  414.6s agent finished
  414.6s agent finished
