    2.7s turn 1
   12.7s   model reply: in 30982 + cached 0, out 1619 (+1583 reasoning)
   12.7s   tool bash: node /kit/rag.mjs search "walk" "turn" "place" "pick_up"
   12.9s turn 2
   16.0s   model reply: in 5384 + cached 28458, out 73 (+41 reasoning)
   16.0s   tool bash: node /kit/rag.mjs entry walk turn face place pick_up drop look remove
   16.1s turn 3
   19.6s   model reply: in 35008 + cached 0, out 59 (+37 reasoning)
   19.6s   tool bash: ls -la /doc_formats /reference
   19.6s turn 4
   23.2s   model reply: in 2984 + cached 32495, out 41 (+20 reasoning)
   23.2s   tool bash: cat /reference/examples.jsonl
   23.2s turn 5
   34.3s   model reply: in 4206 + cached 32484, out 612 (+587 reasoning)
   34.3s   tool bash: node -e "console.log(process.version)"
   34.3s turn 6
   38.0s   model reply: in 4840 + cached 32470, out 68 (+38 reasoning)
   38.0s   tool read: /kit/rag.mjs
   38.0s turn 7
   45.6s   model reply: in 2389 + cached 36518, out 1188 (+1133 reasoning)
   45.6s   tool bash: node /kit/rag.mjs search "walk" "turn" "face" "pick_up" "place" "next_to" "left_of" "behind" "under"
   46.1s turn 8
   50.6s   model reply: in 42887 + cached 0, out 87 (+39 reasoning)
   50.6s   tool bash: node /kit/rag.mjs search "on" "in" "above" "rank_distance" "safe" "stove" "burner" "black"
   50.8s turn 9
   54.8s   model reply: in 4725 + cached 40590, out 79 (+38 reasoning)
   54.8s   tool bash: node /kit/rag.mjs entry on in next_to behind left_of right_of under other_side_of between
   55.0s turn 10
   70.8s   model reply: in 37728 + cached 8115, out 2642 (+2612 reasoning)
   70.8s   tool bash: node /kit/rag.mjs widen "above the lettuce" --kind constraint
   71.4s turn 11
   81.2s   model reply: in 5166 + cached 44647, out 244 (+45 reasoning)
   81.2s   tool bash: cat << 'EOF' > /output/translation.md
Status: success
Mode: REQUEST

## BrainCode

```braincode
MODE REQUEST
ENTRYPOINT Pan
TASK Pan {
  ACTION pick_up(target=o
   81.4s turn 12
   92.0s   model reply: in 2149 + cached 48694, out 1753 (+1727 reasoning)
   92.0s   tool bash: grep -n "turn" /reference/glossary.md
   92.0s turn 13
   95.9s   model reply: in 5078 + cached 48699, out 37 (+9 reasoning)
   95.9s   tool bash: grep -E "\| operation \|" /reference/glossary.md
   96.0s turn 14
   98.3s   model reply: in 0 + cached 0, out 0 (+0 reasoning)
   98.3s agent finished
  100.3s turn 15
  114.0s   model reply: in 0 + cached 0, out 0 (+0 reasoning)
  114.0s agent finished
  118.0s turn 16
  144.6s   model reply: in 0 + cached 0, out 0 (+0 reasoning)
  144.6s agent finished
  152.6s turn 17
  205.0s   model reply: in 0 + cached 0, out 0 (+0 reasoning)
  205.0s agent finished
  221.1s turn 18
  336.1s   model reply: in 55873 + cached 0, out 384 (+357 reasoning)
  336.1s   tool bash: node /kit/rag.mjs entry color_label::black
  336.3s turn 19
  363.1s   model reply: in 3628 + cached 52739, out 1502 (+1110 reasoning)
  363.1s   tool bash: cat << 'EOF' > /output/translation.md
Status: success
Mode: REQUEST

## BrainCode

```braincode
MODE REQUEST
ENTRYPOINT ObjectLabelKnife
TASK ObjectLabelKnife {
  363.2s turn 20
  396.6s   model reply: in 5940 + cached 52739, out 725 (+695 reasoning)
  396.6s   tool bash: node /kit/rag.mjs entry walk place pick_up face turn look
  396.7s turn 21
  407.0s   model reply: in 3543 + cached 56790, out 139 (+111 reasoning)
  407.0s   tool bash: grep -E "\| constructor \|" /reference/glossary.md
  407.0s turn 22
  411.0s   model reply: in 5481 + cached 56787, out 73 (+31 reasoning)
  411.0s   tool bash: node /kit/rag.mjs search "location_spec" "spatial_state" "relative_position" "spatial_relation"
  411.1s turn 23
  421.2s   model reply: in 2756 + cached 60835, out 49 (+18 reasoning)
  421.2s   tool bash: node /kit/rag.mjs entry spatial_constraint location_spec spatial_state
  421.3s turn 24
  434.6s   model reply: in 3075 + cached 60817, out 2118 (+1639 reasoning)
  434.6s   tool bash: cat << 'EOF' > /output/translation.md
Status: success
Mode: REQUEST

## BrainCode

```braincode
MODE REQUEST
ENTRYPOINT ObjectLabelKnife
TASK ObjectLabelKnife {
  435.0s turn 25
  446.3s   model reply: in 6033 + cached 60825, out 982 (+954 reasoning)
  446.3s   tool bash: node /kit/rag.mjs search "closest" "nearest"
  446.5s turn 26
  461.6s   model reply: in 3569 + cached 64874, out 1373 (+872 reasoning)
  461.6s   tool bash: cat << 'EOF' > /output/translation.md
Status: success
Mode: REQUEST

## BrainCode

```braincode
MODE REQUEST
ENTRYPOINT ObjectLabelKnife
TASK ObjectLabelKnife {
  461.8s turn 27
  480.9s   model reply: in 48676 + cached 0, out 1182 (+681 reasoning)
  480.9s   tool bash: cat << 'EOF' > /output/translation.md
Status: success
Mode: REQUEST

## BrainCode

```braincode
MODE REQUEST
ENTRYPOINT ObjectLabelTable
TASK ObjectLabelTable {
  481.1s turn 28
  494.6s   model reply: in 6103 + cached 44639, out 2592 (+1221 reasoning)
  494.6s   tool bash: cat << 'EOF' > /output/translation.md
Status: success
Mode: REQUEST

## BrainCode

```braincode
MODE REQUEST
ENTRYPOINT ObjectLabelTable
TASK ObjectLabelTable {
  494.7s turn 29
  498.1s   model reply: in 5512 + cached 48706, out 82 (+36 reasoning)
  498.1s agent finished
  498.1s agent finished
