    9.0s turn 1
   33.8s   model reply: in 31030 + cached 0, out 4505 (+4464 reasoning)
   33.8s   tool bash: node /kit/rag.mjs search "travel" "parents" "adventure" "budget" "accommodation" "itinerary"
   34.0s turn 2
   39.0s   model reply: in 8777 + cached 28477, out 119 (+78 reasoning)
   39.0s   tool bash: node /kit/rag.mjs search "hotel" "lodging" "cost" "estimate" "recommend" "option"
   41.3s turn 3
   44.8s   model reply: in 2432 + cached 36605, out 79 (+36 reasoning)
   44.8s   tool bash: node /kit/rag.mjs search "activity" "subject" "requirement" "plan" "tour" "flight" "cost"
   46.3s turn 4
   50.2s   model reply: in 4590 + cached 36599, out 111 (+71 reasoning)
   50.2s   tool bash: grep -E "\| (constructor|claim_relation|speech_act|link) \|" /reference/glossary.md
   50.8s turn 5
   65.4s   model reply: in 2488 + cached 40658, out 2074 (+2006 reasoning)
   65.4s   tool bash: node /kit/rag.mjs entry ask propose offer respond inform recommended supports rejects provides activity requirement duration group_size rate measure at_most at_
   67.2s turn 6
   78.0s   model reply: in 6574 + cached 40665, out 119 (+63 reasoning)
   78.0s   tool bash: node /kit/rag.mjs entry measure at_most at_least time_point time_horizon subject country::IT currency::USD role_adults unit_day unit_week art_itinerary
   79.4s turn 7
   83.8s   model reply: in 4498 + cached 44725, out 75 (+49 reasoning)
   83.8s   tool bash: grep -i "parent" /reference/glossary.md
   84.1s turn 8
   87.8s   model reply: in 4602 + cached 44706, out 39 (+13 reasoning)
   87.8s   tool bash: grep "recipient-value" /reference/glossary.md
   88.4s turn 9
   96.3s   model reply: in 5329 + cached 44691, out 843 (+807 reasoning)
   96.3s   tool bash: node /kit/rag.mjs search "question" "preference" "recommendation" "itinerary"
   97.5s turn 10
  103.2s   model reply: in 3257 + cached 48748, out 47 (+19 reasoning)
  103.2s   tool bash: node /kit/rag.mjs entry property_question user_preference
  104.1s turn 11
  110.2s   model reply: in 3518 + cached 48730, out 313 (+287 reasoning)
  110.2s   tool bash: grep -i "rome" /reference/glossary.md
  110.6s turn 12
  115.0s   model reply: in 3859 + cached 48712, out 39 (+13 reasoning)
  115.0s   tool bash: grep "location-name" /reference/glossary.md
  115.2s turn 13
  119.5s   model reply: in 4678 + cached 48699, out 137 (+112 reasoning)
  119.5s   tool bash: node /kit/rag.mjs entry location_spec
  120.4s turn 14
  124.2s   model reply: in 4926 + cached 48681, out 65 (+39 reasoning)
  124.2s   tool bash: grep "\| constructor \|" /reference/glossary.md
  124.5s turn 15
  128.1s   model reply: in 2960 + cached 52736, out 75 (+37 reasoning)
  128.1s   tool bash: grep -E "^\| [a-z0-9_]+ \| constructor \|" /reference/glossary.md
  128.2s turn 16
  130.4s   model reply: in 0 + cached 0, out 0 (+0 reasoning)
  130.4s agent finished
  132.4s turn 17
  146.1s   model reply: in 0 + cached 0, out 0 (+0 reasoning)
  146.1s agent finished
  150.1s turn 18
  161.7s   model reply: in 0 + cached 0, out 0 (+0 reasoning)
  161.8s agent finished
  169.7s turn 19
  192.4s   model reply: in 0 + cached 0, out 0 (+0 reasoning)
  192.4s agent finished
  208.4s turn 20
  268.5s   model reply: in 57567 + cached 0, out 91 (+47 reasoning)
  268.5s   tool bash: grep -E "^\| [a-z0-9_]+ \| (claim_relation|link) \|" /reference/glossary.md
  268.7s turn 21
  274.1s   model reply: in 2811 + cached 56787, out 82 (+35 reasoning)
  274.1s   tool bash: grep -E "^\| [a-z0-9_]+ \| claim_relation \|" /reference/glossary.md | tail -n 25
  274.2s turn 22
  281.9s   model reply: in 4363 + cached 56781, out 91 (+46 reasoning)
  281.9s   tool bash: grep -E "^\| [a-z0-9_]+ \| constructor \|" /reference/glossary.md | tail -n 35
  282.1s turn 23
  290.1s   model reply: in 2150 + cached 60833, out 150 (+98 reasoning)
  290.1s   tool bash: grep -E "^\| [a-z0-9_]+ \| constructor \|" /reference/glossary.md | head -n 40 | tail -n 25
  290.2s turn 24
  301.5s   model reply: in 3992 + cached 60830, out 73 (+21 reasoning)
  301.5s   tool bash: grep -E "^\| [a-z0-9_]+ \| constructor \|" /reference/glossary.md | head -n 60 | tail -n 25
  301.6s turn 25
  359.5s   model reply: in 5804 + cached 60826, out 4507 (+4485 reasoning)
  359.5s   tool bash: node /kit/rag.mjs check
  359.6s turn 26
  375.9s   model reply: in 45384 + cached 0, out 149 (+79 reasoning)
  375.9s   tool bash: node /kit/rag.mjs entry ask propose offer respond inform recommended comfortable provides attribute_claim supports rejects activity subject measure duration gro
  376.0s turn 27
  384.2s   model reply: in 2832 + cached 44692, out 58 (+24 reasoning)
  384.2s   tool bash: node /kit/rag.mjs entry time_point property_question user_preference user_practice
  384.8s turn 28
  388.5s   model reply: in 48045 + cached 0, out 69 (+39 reasoning)
  388.5s   tool bash: node /kit/rag.mjs entry role_agent role_user user agent
  388.6s turn 29
  406.3s   model reply: in 3600 + cached 44658, out 2581 (+2547 reasoning)
  406.4s   tool bash: node /kit/rag.mjs search "recommend accommodations" "adventure itinerary" "budget breakdown"
  406.7s turn 30
  454.7s   model reply: in 7049 + cached 44665, out 7383 (+5231 reasoning)
  454.7s   tool write: /output/translation.md
  454.7s turn 31
  464.2s   model reply: in 10344 + cached 48757, out 63 (+33 reasoning)
  464.2s   tool bash: node /kit/rag.mjs check --translation /output/translation.md
  464.4s turn 32
  482.1s   model reply: in 2776 + cached 56867, out 2077 (+2054 reasoning)
  482.1s   tool bash: node /kit/rag.mjs entry comfortable
  482.4s turn 33
  507.0s   model reply: in 4921 + cached 56863, out 4819 (+2662 reasoning)
  507.0s   tool write: /output/translation.md
  507.1s turn 34
  510.8s   model reply: in 5669 + cached 60938, out 55 (+25 reasoning)
  510.8s   tool bash: node /kit/rag.mjs check --translation /output/translation.md
  511.4s turn 35
  515.9s   model reply: in 2157 + cached 64984, out 285 (+266 reasoning)
  515.9s   tool read: /output/translation.md
  516.0s turn 36
  520.1s   model reply: in 4576 + cached 64982, out 114 (+11 reasoning)
  520.1s agent finished
  520.1s agent finished
