    1.8s turn 1
    7.7s   model reply: in 12458 + cached 0, out 584 (+566 reasoning)
    7.7s   tool bash: ls -la /kit
    7.7s turn 2
   11.0s   model reply: in 5172 + cached 8037, out 56 (+37 reasoning)
   11.0s   tool read: /kit/README.md
   11.0s turn 3
   15.3s   model reply: in 2370 + cached 12057, out 41 (+24 reasoning)
   15.3s   tool bash: ls -la /
   15.3s turn 4
   17.6s   model reply: in 3198 + cached 12052, out 32 (+15 reasoning)
   17.6s   tool read: /prompt.md
   17.6s turn 5
   25.2s   model reply: in 3703 + cached 12043, out 507 (+489 reasoning)
   25.2s   tool bash: ls -la /reference
   25.2s turn 6
   28.5s   model reply: in 4420 + cached 12037, out 36 (+16 reasoning)
   28.5s   tool read: /reference/examples.jsonl
   28.5s turn 7
   32.2s   model reply: in 5624 + cached 12039, out 114 (+69 reasoning)
   32.2s   tool bash: grep -i "alfred" /reference/glossary.md /reference/glossary.jsonl /reference/language-spec.md || true
   32.3s turn 8
   35.6s   model reply: in 5754 + cached 12026, out 120 (+71 reasoning)
   35.6s   tool bash: node /kit/rag.mjs entry turn walk pick_up place lexical_label in_front_of other_side_of trash_can textbook desk bed lamp mug
   35.8s turn 9
   39.8s   model reply: in 3500 + cached 16049, out 94 (+49 reasoning)
   39.8s   tool bash: grep -A 10 -B 2 "rule_operations_general" /reference/glossary.jsonl | head -n 30
   39.9s turn 10
   45.5s   model reply: in 5590 + cached 16064, out 71 (+36 reasoning)
   45.5s   tool bash: grep -A 5 "rule_category_entity_name" /reference/glossary.jsonl
   45.6s turn 11
   48.5s   model reply: in 2392 + cached 20076, out 49 (+15 reasoning)
   48.5s   tool bash: grep -A 5 "rule_lexical_groups" /reference/glossary.jsonl
   48.5s turn 12
   55.3s   model reply: in 3346 + cached 20073, out 741 (+712 reasoning)
   55.3s   tool bash: python3 -c "import os; print(os.listdir('.'))"
   55.3s turn 13
   58.5s   model reply: in 4115 + cached 20068, out 27 (+12 reasoning)
   58.5s   tool bash: which node
   58.5s turn 14
   61.4s   model reply: in 4167 + cached 20051, out 36 (+18 reasoning)
   61.4s   tool bash: ls -la /session
   61.4s turn 15
   72.6s   model reply: in 4391 + cached 20037, out 1425 (+1393 reasoning)
   72.6s   tool bash: grep -n -C 5 "pick_up" /reference/glossary.md
   72.7s turn 16
   76.6s   model reply: in 3559 + cached 24086, out 68 (+41 reasoning)
   76.6s   tool bash: grep -E "^\| example_" /reference/glossary.md
   76.7s turn 17
   84.1s   model reply: in 4717 + cached 24087, out 77 (+41 reasoning)
   84.1s   tool bash: node /kit/rag.mjs search "walk" "turn" "place" "pick_up"
   84.3s turn 18
  135.8s   model reply: in 2016 + cached 28106, out 8174 (+8147 reasoning)
  135.8s   tool bash: grep -in "back-translation" /reference/* /attach/*
  135.8s turn 19
  164.0s   model reply: in 10301 + cached 28211, out 3974 (+3857 reasoning)
  164.0s   tool write: /output/reconstruction.md
  164.0s turn 20
  168.8s   model reply: in 6186 + cached 36305, out 40 (+20 reasoning)
  168.8s   tool read: /output/reconstruction.md
  168.9s turn 21
  172.7s   model reply: in 2302 + cached 40320, out 73 (+48 reasoning)
  172.7s agent finished
  172.7s agent finished
