   27.6s turn 1
  106.4s   model reply: in 2268 + cached 0, out 14930 (+14912 reasoning)
  106.4s   tool bash: ls -la /output
  107.2s turn 2
  121.6s   model reply: in 17251 + cached 0, out 1922 (+1905 reasoning)
  121.6s   tool read: /trajectory.txt
  122.0s turn 3
  125.9s   model reply: in 3678 + cached 16159, out 85 (+36 reasoning)
  125.9s   tool bash: python3 -c "
with open('/trajectory.txt', 'r') as f:
    text = f.read()
print(repr(text))
"
  126.0s turn 4
  130.1s   model reply: in 3803 + cached 16142, out 66 (+12 reasoning)
  130.1s   tool bash: node -e "
const fs = require('fs');
const text = fs.readFileSync('/trajectory.txt', 'utf8');
console.log(JSON.stringify(text));
"
  130.3s turn 5
  135.9s   model reply: in 4550 + cached 16134, out 452 (+434 reasoning)
  135.9s   tool bash: ls -la /attach
  136.0s turn 6
  203.7s   model reply: in 5097 + cached 16124, out 10876 (+10481 reasoning)
  203.7s   tool write: /output/reconstruction.md
  203.7s turn 7
  210.4s   model reply: in 11855 + cached 20247, out 41 (+21 reasoning)
  210.4s   tool read: /output/reconstruction.md
  210.5s turn 8
  216.0s   model reply: in 4180 + cached 28332, out 47 (+33 reasoning)
  216.4s agent finished
  216.4s agent finished
