    1.5s turn 1
    8.4s   model reply: in 11664 + cached 0, out 705 (+680 reasoning)
    8.4s   tool bash: node /kit/rag.mjs --help || true
    8.5s turn 2
   11.7s   model reply: in 4374 + cached 8027, out 82 (+64 reasoning)
   11.7s   tool bash: ls -la /kit
   11.7s turn 3
   14.7s   model reply: in 4633 + cached 8017, out 33 (+14 reasoning)
   14.7s   tool read: /kit/README.md
   14.7s turn 4
   17.5s   model reply: in 5826 + cached 8019, out 33 (+16 reasoning)
   17.5s   tool bash: ls -la /
   17.5s turn 5
   20.2s   model reply: in 0 + cached 0, out 0 (+0 reasoning)
   20.2s agent finished
   22.2s turn 6
   35.7s   model reply: in 0 + cached 0, out 0 (+0 reasoning)
   35.7s agent finished
   39.7s turn 7
   51.3s   model reply: in 0 + cached 0, out 0 (+0 reasoning)
   51.3s agent finished
   59.3s turn 8
   81.9s   model reply: in 0 + cached 0, out 0 (+0 reasoning)
   81.9s agent finished
   97.9s turn 9
  172.8s   model reply: in 14661 + cached 0, out 32 (+15 reasoning)
  172.8s   tool read: /prompt.md
  172.8s turn 10
  184.7s   model reply: in 3142 + cached 12016, out 1363 (+1345 reasoning)
  184.7s   tool bash: ls -la /reference
  184.7s turn 11
  210.2s   model reply: in 16725 + cached 0, out 36 (+16 reasoning)
  210.2s   tool read: /reference/examples.jsonl
  210.2s turn 12
  228.3s   model reply: in 17931 + cached 0, out 107 (+79 reasoning)
  228.3s   tool bash: node /kit/rag.mjs entry web_element click activity request
  228.4s turn 13
  242.4s   model reply: in 2830 + cached 16037, out 52 (+26 reasoning)
  242.4s   tool bash: grep -i "mind2web" /reference/* || true
  242.5s turn 14
  251.4s   model reply: in 2903 + cached 16019, out 67 (+36 reasoning)
  251.4s   tool bash: grep -C 5 "web_element" /reference/glossary.jsonl
  251.5s turn 15
  273.3s   model reply: in 4316 + cached 16027, out 2104 (+2080 reasoning)
  273.3s   tool bash: grep -rn "tag=" /reference/ || true
  273.4s turn 16
  277.7s   model reply: in 2394 + cached 20056, out 55 (+25 reasoning)
  277.7s   tool bash: grep -rn "web_element" / 2>/dev/null || true
  277.7s turn 17
  285.2s   model reply: in 22508 + cached 0, out 59 (+25 reasoning)
  285.2s   tool bash: node /kit/rag.mjs search "click link" "click button" "click radio"
  287.0s turn 18
  309.3s   model reply: in 7467 + cached 16030, out 39 (+14 reasoning)
  309.3s   tool bash: node /kit/rag.mjs entry open_page
  309.4s turn 19
  330.7s   model reply: in 3592 + cached 20022, out 2679 (+2584 reasoning)
  330.7s   tool write: /output/reconstruction.md
  330.7s turn 20
  356.7s   model reply: in 6250 + cached 20048, out 39 (+19 reasoning)
  356.7s   tool read: /output/reconstruction.md
  356.7s turn 21
  361.0s   model reply: in 2366 + cached 24040, out 32 (+18 reasoning)
  361.0s agent finished
  361.0s agent finished
