    7.1s turn 1
   10.8s   model reply: in 1910 + cached 0, out 223 (+206 reasoning)
   10.8s   tool read: /trajectory.txt
   10.9s turn 2
   19.5s   model reply: in 2425 + cached 0, out 689 (+634 reasoning)
   19.5s   tool bash: python3 -c "
with open('/trajectory.txt', 'r', encoding='utf-8') as f:
    content = f.read()
print(repr(content))
"
   19.6s turn 3
   21.5s   model reply: in 3137 + cached 0, out 62 (+14 reasoning)
   21.5s   tool bash: node -e "
const fs = require('fs');
console.log(JSON.stringify(fs.readFileSync('/trajectory.txt', 'utf8')));
"
   21.5s turn 4
   24.7s   model reply: in 3492 + cached 0, out 275 (+258 reasoning)
   24.7s   tool bash: ls -la /
   24.7s turn 5
   26.5s   model reply: in 4513 + cached 0, out 37 (+17 reasoning)
   26.5s   tool bash: ls -la /attach /reference
   26.6s turn 6
   87.8s   model reply: in 4696 + cached 0, out 12395 (+11854 reasoning)
   87.8s   tool write: /output/translation.md
   87.8s turn 7
   91.3s   model reply: in 17093 + cached 0, out 44 (+25 reasoning)
   91.3s   tool read: /output/translation.md
   91.3s turn 8
  101.7s   model reply: in 5631 + cached 12022, out 1089 (+573 reasoning)
  101.7s agent finished
  101.7s agent finished
