    1.6s turn 1
    9.2s   model reply: in 31458 + cached 0, out 748 (+717 reasoning)
    9.2s   tool bash: node /kit/rag.mjs entry walk turn pick_up place request propose activity
    9.3s turn 2
   16.9s   model reply: in 5219 + cached 28457, out 936 (+885 reasoning)
   16.9s   tool bash: node /kit/rag.mjs search "just before" "until reaching" "to the right of" "in front of" "at the end of" "across from"
   17.0s turn 3
   20.9s   model reply: in 3788 + cached 32520, out 77 (+41 reasoning)
   20.9s   tool bash: node /kit/rag.mjs search "walk across the room" "turn around" "walk straight"
   21.1s turn 4
   48.3s   model reply: in 4777 + cached 32508, out 1561 (+1529 reasoning)
   48.3s   tool bash: grep -rn "CONVO" /reference/ /kit/ 2>/dev/null
   48.4s turn 5
   51.2s   model reply: in 4035 + cached 36575, out 44 (+23 reasoning)
   51.2s   tool bash: cat /reference/examples.jsonl
   51.2s turn 6
   54.2s   model reply: in 5259 + cached 36565, out 89 (+66 reasoning)
   54.2s   tool bash: node /kit/rag.mjs --help
   54.2s turn 7
   73.2s   model reply: in 0 + cached 0, out 0 (+0 reasoning)
   73.2s agent finished
   75.2s turn 8
  119.4s   model reply: in 0 + cached 0, out 0 (+0 reasoning)
  119.4s agent finished
  123.4s turn 9
  188.3s   model reply: in 41951 + cached 0, out 40 (+18 reasoning)
  188.3s   tool bash: node /kit/rag.mjs needs
  218.2s turn 10
  246.2s   model reply: in 3974 + cached 40608, out 2358 (+1876 reasoning)
  246.2s   tool bash: cat << 'EOF' > /output/translation.md
Status: success
Mode: REQUEST

## BrainCode

```braincode
MODE REQUEST
ENTRYPOINT Conversation
CONVO Conversation {
  TURN
  246.4s turn 11
  254.2s   model reply: in 7218 + cached 40613, out 201 (+173 reasoning)
  254.2s   tool bash: node /kit/rag.mjs entry turn walk pick_up place
  254.3s turn 12
  258.9s   model reply: in 4096 + cached 44662, out 118 (+73 reasoning)
  258.9s   tool bash: node /kit/rag.mjs entry right_of left_of in_front_of behind next_to other_side_of between on under
  259.0s turn 13
  269.9s   model reply: in 4691 + cached 44646, out 236 (+208 reasoning)
  269.9s   tool bash: grep -E "\| constructor \|" /reference/glossary.md
  269.9s turn 14
  276.2s   model reply: in 2667 + cached 48702, out 53 (+14 reasoning)
  276.2s   tool bash: node /kit/rag.mjs search "located" "position" "spatial" "relative position" "object near"
  276.3s turn 15
  281.3s   model reply: in 4131 + cached 48694, out 46 (+18 reasoning)
  281.3s   tool bash: node /kit/rag.mjs entry location_spec spatial_state
  281.4s turn 16
  287.2s   model reply: in 4369 + cached 48676, out 89 (+35 reasoning)
  287.2s   tool bash: grep -E "\| constructor \|" /reference/glossary.md | grep -E "entity|object|item|spatial|relative|relat|target|source|place|location"
  287.3s turn 17
  292.4s   model reply: in 2209 + cached 52729, out 99 (+58 reasoning)
  292.4s   tool bash: node /kit/rag.mjs search "spatial relation" "located next to" "object relative to" "color of object"
  292.6s turn 18
  296.0s   model reply: in 3541 + cached 52721, out 51 (+26 reasoning)
  296.0s   tool bash: node /kit/rag.mjs entry spatial_constraint
  296.3s turn 19
  299.7s   model reply: in 3688 + cached 52702, out 113 (+88 reasoning)
  299.7s   tool bash: node /kit/rag.mjs entry lexical_label
  299.8s turn 20
  304.8s   model reply: in 4286 + cached 52687, out 88 (+46 reasoning)
  304.8s   tool bash: node /kit/rag.mjs search "entity descriptor" "object description" "described object" "colored object" "qualified object"
  305.0s turn 21
  310.2s   model reply: in 5805 + cached 52682, out 76 (+41 reasoning)
  310.2s   tool bash: grep '"kind": "constructor"' /reference/glossary.jsonl | head -n 30
  310.2s turn 22
  313.3s   model reply: in 4152 + cached 56738, out 47 (+12 reasoning)
  313.3s   tool bash: grep '"kind": "constructor"' /reference/glossary.jsonl | tail -n +20
  313.4s turn 23
  316.7s   model reply: in 2364 + cached 60793, out 59 (+24 reasoning)
  316.7s   tool bash: grep '"kind": "constructor"' /reference/glossary.jsonl | jq -r '.symbol'
  316.8s turn 24
  320.0s   model reply: in 2465 + cached 60773, out 94 (+12 reasoning)
  320.0s   tool bash: python3 -c '
import json
with open("/reference/glossary.jsonl") as f:
    for line in f:
        data = json.loads(line)
        if data.get("kind") == "constru
  320.0s turn 25
  323.5s   model reply: in 2602 + cached 60753, out 123 (+15 reasoning)
  323.5s   tool bash: node -e '
const fs = require("fs");
const lines = fs.readFileSync("/reference/glossary.jsonl", "utf8").trim().split("\n");
for (const line of lines) {
  const d
  323.5s turn 26
  330.8s   model reply: in 4782 + cached 60755, out 1073 (+554 reasoning)
  330.8s   tool bash: cat << 'EOF' > /output/translation.md
Status: success
Mode: REQUEST

## BrainCode

```braincode
MODE REQUEST
ENTRYPOINT Conversation
CONVO Conversation {
  TURN
  330.9s turn 27
  337.2s   model reply: in 2765 + cached 64807, out 217 (+187 reasoning)
  337.2s   tool bash: node /kit/rag.mjs entry trash_can mug lamp desk bed laptop
  337.3s turn 28
  341.2s   model reply: in 3299 + cached 64791, out 110 (+77 reasoning)
  341.2s   tool bash: node /kit/rag.mjs search "stuffed bear" "bear" "toy"
  341.4s turn 29
  348.8s   model reply: in 4275 + cached 64781, out 906 (+403 reasoning)
  348.8s   tool bash: cat << 'EOF' > /output/translation.md
Status: success
Mode: REQUEST

## BrainCode

```braincode
MODE REQUEST
ENTRYPOINT Conversation
CONVO Conversation {
  TURN
  349.0s turn 30
  365.9s   model reply: in 47204 + cached 0, out 1651 (+1251 reasoning)
  365.9s   tool bash: cat << 'EOF' > /output/translation.md
Status: success
Mode: REQUEST

## BrainCode

```braincode
MODE REQUEST
ENTRYPOINT Conversation
CONVO Conversation {
  TURN
  366.1s turn 31
  372.0s   model reply: in 5223 + cached 44592, out 763 (+340 reasoning)
  372.0s   tool bash: cat << 'EOF' > /output/translation.md
Status: success
Mode: REQUEST

## BrainCode

```braincode
MODE REQUEST
ENTRYPOINT Conversation
CONVO Conversation {
  TURN
  372.2s turn 32
  381.8s   model reply: in 2887 + cached 48642, out 1360 (+790 reasoning)
  381.8s   tool bash: cat << 'EOF' > /output/translation.md
Status: success
Mode: REQUEST

## BrainCode

```braincode
MODE REQUEST
ENTRYPOINT Conversation
CONVO Conversation {
  TURN
  382.0s turn 33
  402.0s   model reply: in 5232 + cached 48644, out 3747 (+2244 reasoning)
  402.0s   tool bash: cat << 'EOF' > /output/translation.md
Status: success
Mode: REQUEST

## BrainCode

```braincode
MODE REQUEST
ENTRYPOINT Conversation
CONVO Conversation {
  TURN
  402.1s turn 34
  405.6s   model reply: in 5888 + cached 52722, out 142 (+122 reasoning)
  405.6s   tool bash: cat /output/translation.md
  405.7s turn 35
  409.3s   model reply: in 3437 + cached 56772, out 152 (+16 reasoning)
  409.3s agent finished
  409.3s agent finished
