    1.8s turn 1
   10.5s   model reply: in 31435 + cached 0, out 988 (+941 reasoning)
   10.5s   tool bash: node /kit/rag.mjs search "theory" "person" "smart" "kind" "quiet" "furry" "round" "green"
   10.7s turn 2
   15.5s   model reply: in 6201 + cached 28463, out 83 (+51 reasoning)
   15.5s   tool bash: node /kit/rag.mjs entry attribute_claim character_trait statement conditional negation subject
   15.7s turn 3
   20.3s   model reply: in 3233 + cached 32516, out 93 (+52 reasoning)
   20.3s   tool bash: node /kit/rag.mjs search "universal" "property" "rule" "premise" "question" "evaluate"
   20.6s turn 4
   27.1s   model reply: in 37461 + cached 0, out 62 (+32 reasoning)
   27.1s   tool bash: node /kit/rag.mjs entry property_question possesses change_property conjunction
   27.3s turn 5
   32.4s   model reply: in 5420 + cached 32493, out 59 (+25 reasoning)
   32.4s   tool bash: grep -E "\| constructor \||\| claim_relation \|" /reference/glossary.md
   32.5s turn 6
   37.7s   model reply: in 3219 + cached 36549, out 94 (+54 reasoning)
   37.7s   tool bash: grep -E "^\| [a-z0-9_]+ \| claim_relation \|" /reference/glossary.md
   38.1s turn 7
   47.1s   model reply: in 5250 + cached 36545, out 167 (+131 reasoning)
   47.1s   tool bash: node /kit/rag.mjs search "for all" "every" "implication" "universal"
   47.2s turn 8
   56.1s   model reply: in 2443 + cached 40595, out 83 (+36 reasoning)
   56.1s   tool bash: grep -E "^\| [a-z0-9_]+ \| claim_relation \|" /reference/glossary.md | tail -n +30
   56.2s turn 9
   65.4s   model reply: in 4476 + cached 40592, out 95 (+57 reasoning)
   65.4s   tool bash: grep -E "^\| [a-z0-9_]+ \| constructor \|" /reference/glossary.md
   65.5s turn 10
   72.6s   model reply: in 2312 + cached 44647, out 60 (+15 reasoning)
   72.6s   tool bash: grep -E "^\| [a-z0-9_]+ \| constructor \|" /reference/glossary.md | tail -n +30
   72.7s turn 11
   79.6s   model reply: in 4191 + cached 44642, out 84 (+39 reasoning)
   79.6s   tool bash: grep -E "^\| [a-z0-9_]+ \| constructor \|" /reference/glossary.md | tail -n +60
   79.7s turn 12
   82.8s   model reply: in 5969 + cached 44637, out 57 (+41 reasoning)
   82.8s   tool bash: ls /reference
   82.8s turn 13
  101.9s   model reply: in 6073 + cached 44619, out 3056 (+3022 reasoning)
  101.9s   tool bash: node /kit/rag.mjs entry has_attribute statement conditional negation conjunction subject requirement character_trait
  102.0s turn 14
  105.9s   model reply: in 6168 + cached 48692, out 82 (+50 reasoning)
  105.9s   tool bash: grep -i "proofwriter" /workspace -r 2>/dev/null || true
  106.0s turn 15
  109.2s   model reply: in 2216 + cached 52729, out 53 (+19 reasoning)
  109.2s   tool bash: grep -E "conditional|attribute_claim|statement" /reference/examples.jsonl || true
  109.2s turn 16
  113.0s   model reply: in 2292 + cached 52709, out 38 (+15 reasoning)
  113.0s   tool bash: wc -l /reference/examples.jsonl
  113.1s turn 17
  123.8s   model reply: in 2358 + cached 52689, out 1125 (+1091 reasoning)
  123.8s   tool bash: node /kit/rag.mjs entry role_user role_agent role_friend role_professor
  123.9s turn 18
  137.7s   model reply: in 3684 + cached 52681, out 1364 (+1320 reasoning)
  137.7s   tool bash: node /kit/rag.mjs entry statement attribute_claim has_attribute character_trait conditional negation conjunction test_condition ask inform respond shape_round
  137.9s turn 19
  146.1s   model reply: in 6171 + cached 52685, out 438 (+392 reasoning)
  146.1s   tool bash: node /kit/rag.mjs search "is kind" "is smart" "is round" "is quiet" "is furry" "is red"
  146.3s turn 20
  153.2s   model reply: in 4266 + cached 56739, out 94 (+58 reasoning)
  153.2s   tool bash: node /kit/rag.mjs entry character_trait requirement subject attribute_claim has_attribute lexical_label
  153.3s turn 21
  165.2s   model reply: in 6027 + cached 56736, out 1254 (+1107 reasoning)
  165.2s   tool bash: node /kit/rag.mjs widen "Introduce a set of premises or a theory" --kind speech_act
node /kit/rag.mjs widen "Bob is kind" --kind claim
node /kit/rag.mjs widen "
  166.6s turn 22
  176.0s   model reply: in 6509 + cached 60813, out 951 (+905 reasoning)
  176.0s   tool bash: node /kit/rag.mjs entry conditional negation conjunction statement attribute_claim has_attribute character_trait subject requirement lexical_label ask inform re
  176.1s turn 23
  202.5s   model reply: in 51611 + cached 0, out 3260 (+1609 reasoning)
  202.5s   tool write: /output/translation.md
  202.5s turn 24
  205.5s   model reply: in 6167 + cached 48708, out 60 (+30 reasoning)
  205.5s   tool bash: node /kit/rag.mjs check --translation /output/translation.md
  205.6s turn 25
  206.1s   model reply: in 0 + cached 0, out 0 (+0 reasoning)
  206.2s agent finished
  206.2s agent finished
