    6.8s turn 1
   15.0s   model reply: in 32170 + cached 0, out 949 (+891 reasoning)
   15.0s   tool bash: node /kit/rag.mjs search "side hustle" "skills talents interests" "competitors competition" "freelancing e-commerce content creation tutoring" "tax obligations"
   15.6s turn 2
   18.5s   model reply: in 6639 + cached 28466, out 63 (+22 reasoning)
   18.5s   tool bash: node /kit/rag.mjs search "business" "financial" "plan" "recommendation" "feedback" "schedule"
   18.7s turn 3
   21.6s   model reply: in 4330 + cached 32524, out 115 (+60 reasoning)
   21.6s   tool bash: node /kit/rag.mjs entry activity subject conjunction requirement duration measure obligation policy_document document_section marketing_campaign performance_tra
   21.8s turn 4
   24.8s   model reply: in 2433 + cached 36584, out 92 (+50 reasoning)
   24.8s   tool bash: node /kit/rag.mjs entry marketing_campaign performance_tracking recommended has_goal considered user_preference audience_targeting test_condition
   24.9s turn 5
   28.4s   model reply: in 3360 + cached 36570, out 75 (+38 reasoning)
   28.4s   tool bash: node /kit/rag.mjs search "guide" "advice" "recommend" "step" "procedure"
   28.6s turn 6
   31.5s   model reply: in 4818 + cached 36561, out 54 (+19 reasoning)
   31.5s   tool bash: node /kit/rag.mjs search "speech act" "inform" "explain" "suggest"
   31.7s turn 7
   36.2s   model reply: in 6007 + cached 36551, out 265 (+232 reasoning)
   36.2s   tool bash: node /kit/rag.mjs entry inform confirm ask propose respond offer express_interest acknowledge decline
   36.4s turn 8
   39.8s   model reply: in 2793 + cached 40598, out 130 (+79 reasoning)
   39.8s   tool bash: node /kit/rag.mjs search "recommended" "obligation" "has_goal" "considered" "attitude" "reason_for" "enables" "important"
   40.0s turn 9
   46.1s   model reply: in 5352 + cached 40599, out 96 (+53 reasoning)
   46.1s   tool bash: node /kit/rag.mjs entry property_question reason_for enables leads_to motivated_by interpersonal_stance character_trait provides possesses
   46.3s turn 10
   58.0s   model reply: in 2554 + cached 44649, out 1915 (+1870 reasoning)
   58.0s   tool bash: node /kit/rag.mjs search "schedule" "burnout" "freelancing" "smart goals" "tax" "bank account"
   58.4s turn 11
   83.1s   model reply: in 6130 + cached 44658, out 4373 (+2370 reasoning)
   83.1s   tool write: /output/translation.md
   83.1s turn 12
   86.3s   model reply: in 6436 + cached 48729, out 53 (+23 reasoning)
   86.3s   tool bash: node /kit/rag.mjs check --translation /output/translation.md
   86.4s turn 13
  106.1s   model reply: in 3190 + cached 52776, out 3280 (+1266 reasoning)
  106.1s   tool write: /output/translation.md
  106.1s turn 14
  109.5s   model reply: in 6471 + cached 52779, out 53 (+23 reasoning)
  109.5s   tool bash: node /kit/rag.mjs check --translation /output/translation.md
  109.8s turn 15
  141.6s   model reply: in 3299 + cached 56826, out 5924 (+3873 reasoning)
  141.6s   tool write: /output/translation.md
  141.6s turn 16
  145.0s   model reply: in 9204 + cached 56849, out 53 (+23 reasoning)
  145.0s   tool bash: node /kit/rag.mjs check --translation /output/translation.md
  145.2s turn 17
  150.2s   model reply: in 66928 + cached 0, out 102 (+35 reasoning)
  150.2s agent finished
  150.2s agent finished
