   13.3s turn 1
   34.2s   model reply: in 30964 + cached 0, out 3382 (+3344 reasoning)
   34.2s   tool bash: node /kit/rag.mjs search "Scotland" "referendum" "independence" "vote" "government"
   35.2s turn 2
   39.3s   model reply: in 7256 + cached 28469, out 145 (+69 reasoning)
   39.3s   tool bash: node /kit/rag.mjs entry country::GB country::UK united_kingdom topic_politics time_point time_horizon unit_percent unit_year possesses statement controversial o
   39.5s turn 3
   44.8s   model reply: in 5439 + cached 32531, out 83 (+47 reasoning)
   44.8s   tool bash: node /kit/rag.mjs entry personal_values role_agent role_user apologize decline ask inform respond
   45.0s turn 4
   55.9s   model reply: in 6008 + cached 32516, out 857 (+809 reasoning)
   55.9s   tool bash: node /kit/rag.mjs search "referendum" "vote" "voting" "measure" "quantity" "margin" "turnout" "uncertain"
   56.1s turn 5
   60.3s   model reply: in 5061 + cached 36582, out 97 (+54 reasoning)
   60.3s   tool bash: node /kit/rag.mjs entry measure rate group_size at_most at_least property_question requirement subject activity decision policy_document
   60.4s turn 6
   63.7s   model reply: in 3139 + cached 40642, out 48 (+17 reasoning)
   63.7s   tool bash: node /kit/rag.mjs entry decision policy_document policy_revision_request
   64.0s turn 7
   67.6s   model reply: in 3524 + cached 40625, out 108 (+62 reasoning)
   67.6s   tool bash: node /kit/rag.mjs search "proposal" "blocked" "transfer" "legislation" "agreement" "opinion" "judgment" "belief"
   69.3s turn 8
   73.1s   model reply: in 5878 + cached 40622, out 67 (+37 reasoning)
   73.1s   tool bash: node /kit/rag.mjs entry prohibited obligation afcfta attitude considered comfortable
   74.5s turn 9
   86.9s   model reply: in 2541 + cached 44669, out 131 (+85 reasoning)
   86.9s   tool bash: node /kit/rag.mjs search "sentiment" "requires" "capability" "feeling" "stance" "neutral" "purpose" "goal"
   88.5s turn 10
   92.4s   model reply: in 4877 + cached 44668, out 76 (+37 reasoning)
   92.4s   tool bash: node /kit/rag.mjs entry conjunction disjunction tone_neutral request has_goal interpersonal_stance attitude argues_for
   92.6s turn 11
   96.6s   model reply: in 5594 + cached 44654, out 136 (+88 reasoning)
   96.6s   tool bash: node /kit/rag.mjs search "tax" "welfare" "autonomy" "party" "majority" "support" "bill" "power"
   96.9s turn 12
  100.4s   model reply: in 3926 + cached 48713, out 64 (+39 reasoning)
  100.4s   tool bash: node /kit/rag.mjs entry historical_event
  100.7s turn 13
  104.8s   model reply: in 4110 + cached 48694, out 171 (+123 reasoning)
  104.8s   tool bash: node /kit/rag.mjs search "occurred" "election" "date" "probability" "depends" "future" "uncertainty" "cause"
  105.1s turn 14
  108.7s   model reply: in 2497 + cached 52753, out 40 (+16 reasoning)
  108.7s   tool bash: node /kit/rag.mjs entry occurred causes
  109.2s turn 15
  120.9s   model reply: in 2787 + cached 52735, out 1066 (+1029 reasoning)
  120.9s   tool bash: node /kit/rag.mjs search "national independence" "Scotland" "time_horizon" "future"
  122.3s turn 16
  126.8s   model reply: in 5033 + cached 52734, out 37 (+12 reasoning)
  126.8s   tool bash: node /kit/rag.mjs entry temporal_context
  127.7s turn 17
  141.7s   model reply: in 5298 + cached 52717, out 1976 (+1893 reasoning)
  141.7s   tool bash: node /kit/rag.mjs entry subject property_question statement controversial ongoing opposes varies_with time_horizon time_point measure group_size historical_even
  142.8s turn 18
  147.2s   model reply: in 5268 + cached 56789, out 109 (+57 reasoning)
  147.2s   tool bash: node /kit/rag.mjs entry enables leads_to attitude designed_to_be provides negation beliefs personal_values role_agent role_user apologize decline ask confirm in
  147.6s turn 19
  181.3s   model reply: in 2812 + cached 60839, out 5278 (+5254 reasoning)
  181.3s   tool bash: node /kit/rag.mjs check --help
  181.5s turn 20
  189.0s   model reply: in 8079 + cached 60866, out 285 (+234 reasoning)
  189.0s   tool bash: node /kit/rag.mjs search "settle" "decisive" "opportunity" "closeness" "difference" "stance" "value judgment" "feeling"
  191.0s turn 21
  208.4s   model reply: in 28614 + cached 24368, out 74 (+40 reasoning)
  208.4s   tool bash: node /kit/rag.mjs entry distinguish similarity visual_contrast perceived_as comfortable focus_of
  208.6s turn 22
  247.6s   model reply: in 53688 + cached 0, out 5407 (+3191 reasoning)
  247.6s   tool write: /output/translation.md
  247.7s turn 23
  256.9s   model reply: in 6298 + cached 52801, out 45 (+15 reasoning)
  256.9s   tool bash: node /kit/rag.mjs check --translation /output/translation.md
  258.0s turn 24
  276.6s   model reply: in 3214 + cached 56849, out 3194 (+924 reasoning)
  276.6s   tool write: /output/translation.md
  276.6s turn 25
  280.5s   model reply: in 6410 + cached 56851, out 45 (+15 reasoning)
  280.5s   tool bash: node /kit/rag.mjs check --translation /output/translation.md
  281.8s turn 26
  295.6s   model reply: in 3396 + cached 60900, out 2475 (+225 reasoning)
  295.6s   tool write: /output/translation.md
  295.6s turn 27
  298.6s   model reply: in 5879 + cached 60896, out 45 (+15 reasoning)
  298.6s   tool bash: node /kit/rag.mjs check --translation /output/translation.md
  299.4s turn 28
  326.3s   model reply: in 2879 + cached 64944, out 5793 (+3355 reasoning)
  326.3s   tool write: /output/translation.md
  326.3s turn 29
  336.9s   model reply: in 52079 + cached 0, out 45 (+15 reasoning)
  336.9s   tool bash: node /kit/rag.mjs check --translation /output/translation.md
  337.1s turn 30
  343.8s   model reply: in 4367 + cached 48762, out 308 (+279 reasoning)
  343.8s   tool read: /output/translation.md
  343.8s turn 31
  346.8s   model reply: in 0 + cached 0, out 0 (+0 reasoning)
  346.9s agent finished
  348.9s turn 32
  362.5s   model reply: in 0 + cached 0, out 0 (+0 reasoning)
  362.5s agent finished
  366.5s turn 33
  378.7s   model reply: in 0 + cached 0, out 0 (+0 reasoning)
  378.7s agent finished
  386.7s turn 34
  409.3s   model reply: in 0 + cached 0, out 0 (+0 reasoning)
  409.3s agent finished
  425.3s turn 35
  495.4s   model reply: in 55450 + cached 0, out 84 (+13 reasoning)
  495.4s agent finished
  495.4s agent finished
