    2.8s turn 1
   11.9s   model reply: in 29716 + cached 0, out 1109 (+976 reasoning)
   11.9s   tool bash: node /kit/rag.mjs entry ask propose inform respond acknowledge decline interpersonal_stance self_protection obligation dialogue distinguish exclude property_que
   12.0s turn 2
   17.8s   model reply: in 4315 + cached 28451, out 686 (+638 reasoning)
   17.8s   tool bash: node /kit/rag.mjs search "mother in law" "narcissistic" "therapist" "boyfriend" "boundaries" "toxic family"
   18.0s turn 3
   21.5s   model reply: in 2633 + cached 32512, out 99 (+45 reasoning)
   21.5s   tool bash: grep -E "role_|partner|family|therapy|counseling|psycholog|boundary|self_|stance|conflict|criticism|attitude|esteem" /reference/glossary.md
   21.6s turn 4
   25.2s   model reply: in 4667 + cached 32507, out 72 (+44 reasoning)
   25.2s   tool bash: grep -E "\| constructor \|" /reference/glossary.md
   25.2s turn 5
   51.0s   model reply: in 39042 + cached 0, out 84 (+32 reasoning)
   51.0s   tool bash: grep -E "\| (constructor|claim_relation|speech_act) \|" /reference/glossary.md | cut -d'|' -f2,3,4
   51.0s turn 6
  193.0s   model reply: in 41200 + cached 0, out 71 (+13 reasoning)
  193.0s   tool bash: grep -E "\| (constructor|claim_relation) \|" /reference/glossary.md | grep -A 50 "requirement" | cut -d'|' -f2,3,4
  193.0s turn 7
  196.2s   model reply: in 2702 + cached 40618, out 52 (+8 reasoning)
  196.2s   tool bash: grep -E "\| claim_relation \|" /reference/glossary.md | cut -d'|' -f2,3,4
  196.3s turn 8
  199.5s   model reply: in 4266 + cached 40610, out 61 (+17 reasoning)
  199.5s   tool bash: grep -E "\| value \|" /reference/glossary.md | cut -d'|' -f2,3,4,5
  199.5s turn 9
  202.7s   model reply: in 2282 + cached 44667, out 82 (+22 reasoning)
  202.7s   tool bash: grep -E "\| (recipient-value|tone-value|style-value|topic-value) \|" /reference/glossary.md | cut -d'|' -f2,3,4,5
  202.7s turn 10
  205.9s   model reply: in 3383 + cached 44656, out 65 (+14 reasoning)
  205.9s   tool bash: grep -E "\| (descriptive-value|composite) \|" /reference/glossary.md | cut -d'|' -f2,3,4,5
  205.9s turn 11
  220.3s   model reply: in 4717 + cached 44647, out 2340 (+2269 reasoning)
  220.3s   tool bash: node /kit/rag.mjs entry self_protection interpersonal_stance obligation activity attitude recommended argues_for enables focus_of leads_to causes ongoing involv
  220.4s turn 12
  223.9s   model reply: in 4995 + cached 48722, out 178 (+107 reasoning)
  223.9s   tool bash: node /kit/rag.mjs entry property_question dialogue negation exclude decision conditional distinguish user_practice user_preference role_adults role_mother role_
  224.0s turn 13
  233.3s   model reply: in 2657 + cached 52775, out 1218 (+1194 reasoning)
  233.3s   tool bash: node /kit/rag.mjs check --help
  233.4s turn 14
  238.1s   model reply: in 56666 + cached 0, out 239 (+66 reasoning)
  238.1s   tool write: /output/translation.md
  238.1s turn 15
  240.8s   model reply: in 4166 + cached 52743, out 54 (+24 reasoning)
  240.8s   tool bash: node /kit/rag.mjs check --translation /output/translation.md
  240.9s turn 16
  376.2s   model reply: in 0 + cached 0, out 0 (+0 reasoning)
  376.3s agent finished
  378.3s turn 17
  392.5s   model reply: in 0 + cached 0, out 0 (+0 reasoning)
  392.5s agent finished
  396.5s turn 18
  423.3s   model reply: in 0 + cached 0, out 0 (+0 reasoning)
  423.3s agent finished
  431.3s turn 19
  507.2s   model reply: in 57560 + cached 0, out 916 (+872 reasoning)
  507.2s   tool bash: grep -E "self_protection|interpersonal_stance|obligation|recommended|argues_for|attitude" /reference/glossary.md
  507.9s turn 20
  512.9s   model reply: in 2092 + cached 56776, out 141 (+96 reasoning)
  512.9s   tool bash: grep -E "interpersonal_stance|self_protection|dialogue|obligation|recommended|argues_for" /reference/examples.jsonl
  513.2s turn 21
  517.8s   model reply: in 59019 + cached 0, out 48 (+25 reasoning)
  517.8s   tool bash: wc -l /reference/examples.jsonl
  517.9s turn 22
  549.9s   model reply: in 2338 + cached 56737, out 6068 (+4618 reasoning)
  549.9s   tool write: /output/translation.md
  550.0s turn 23
  554.2s   model reply: in 65147 + cached 0, out 61 (+31 reasoning)
  554.2s   tool bash: node /kit/rag.mjs check --translation /output/translation.md
  556.0s turn 24
  601.9s   model reply: in 5307 + cached 60814, out 8057 (+6467 reasoning)
  602.0s   tool write: /output/translation.md
  602.2s turn 25
  615.2s   model reply: in 51380 + cached 0, out 53 (+23 reasoning)
  615.2s   tool bash: node /kit/rag.mjs check --translation /output/translation.md
  616.8s turn 26
  630.5s   model reply: in 3639 + cached 48699, out 2251 (+661 reasoning)
  630.5s   tool write: /output/translation.md
  630.7s turn 27
  635.3s   model reply: in 54593 + cached 0, out 53 (+23 reasoning)
  635.3s   tool bash: node /kit/rag.mjs check --translation /output/translation.md
  635.9s turn 28
  639.8s   model reply: in 2810 + cached 52741, out 117 (+19 reasoning)
  639.9s agent finished
  639.9s agent finished
