    7.0s turn 1
   15.8s   model reply: in 28667 + cached 0, out 1206 (+1154 reasoning)
   15.8s   tool bash: node /kit/rag.mjs search "discussion question" "group discussion" "open ended" "no correct answer" "The Social Dilemma" "Misinformation and Its Correction"
   17.3s turn 2
   21.1s   model reply: in 3210 + cached 28443, out 79 (+31 reasoning)
   21.1s   tool bash: node /kit/rag.mjs search "documentary" "social media" "mental health" "misinformation" "bias" "manipulation" "interview"
   23.7s turn 3
   26.8s   model reply: in 5246 + cached 28438, out 84 (+45 reasoning)
   26.8s   tool bash: node /kit/rag.mjs widen "user asks for a discussion question based on a documentary" --kind speech_act
   27.6s turn 4
   39.7s   model reply: in 2710 + cached 32492, out 1818 (+1742 reasoning)
   39.7s   tool bash: node /kit/rag.mjs entry ask respond propose inform request statement attribute_claim subject activity dialogue requirement causes enables leads_to involves role
   40.1s turn 5
   44.2s   model reply: in 38973 + cached 0, out 124 (+71 reasoning)
   44.2s   tool bash: node /kit/rag.mjs entry causes enables leads_to involves role controversial unaware distracts_from personal_values potential_harms beliefs role_user role_agent 
   44.6s turn 6
   48.1s   model reply: in 3691 + cached 36553, out 146 (+39 reasoning)
   48.1s   tool bash: node /kit/rag.mjs entry art_social_post art_technical_explanation topic_politics topic_current_events topic_abortion topic_baldurs_gate_3 topic_spider_man_2 pro
   48.3s turn 7
   51.9s   model reply: in 5907 + cached 36550, out 109 (+63 reasoning)
   51.9s   tool bash: node /kit/rag.mjs search "open_question" "research_paper" "documentary" "ethics" "misinformation" "group"
   53.2s turn 8
   57.1s   model reply: in 3667 + cached 40605, out 139 (+91 reasoning)
   57.1s   tool bash: grep -E "^\| [a-z0-9_]+ \| (constructor|claim_relation|link|composite) \|" /reference/glossary.md
   57.2s turn 9
   60.7s   model reply: in 5606 + cached 40601, out 60 (+20 reasoning)
   60.7s   tool bash: grep -E "^\| [a-z0-9_]+ \| claim_relation \|" /reference/glossary.md
   60.9s turn 10
   65.8s   model reply: in 3543 + cached 44657, out 89 (+42 reasoning)
   65.8s   tool bash: grep -E "^\| [a-z0-9_]+ \| claim_relation \|" /reference/glossary.md | tail -n +30
   65.8s turn 11
   69.6s   model reply: in 5582 + cached 44654, out 85 (+47 reasoning)
   69.6s   tool bash: grep -E "^\| [a-z0-9_]+ \| constructor \|" /reference/glossary.md
   70.0s turn 12
   74.0s   model reply: in 3409 + cached 48708, out 60 (+15 reasoning)
   74.0s   tool bash: grep -E "^\| [a-z0-9_]+ \| constructor \|" /reference/glossary.md | tail -n +25
   74.1s turn 13
   77.8s   model reply: in 5310 + cached 48704, out 60 (+15 reasoning)
   77.8s   tool bash: grep -E "^\| [a-z0-9_]+ \| constructor \|" /reference/glossary.md | tail -n +50
   77.9s turn 14
   81.1s   model reply: in 3064 + cached 52758, out 66 (+28 reasoning)
   81.1s   tool bash: grep -E "^\| [a-z0-9_]+ \| composite \|" /reference/glossary.md
   81.2s turn 15
   84.9s   model reply: in 4843 + cached 52753, out 102 (+57 reasoning)
   84.9s   tool bash: grep -E "^\| [a-z0-9_]+ \| constructor \|" /reference/glossary.md | tail -n +75
   85.0s turn 16
   88.6s   model reply: in 5637 + cached 52740, out 55 (+17 reasoning)
   88.6s   tool bash: grep -E "^\| [a-z0-9_]+ \| link \|" /reference/glossary.md
   88.8s turn 17
   92.6s   model reply: in 5928 + cached 52723, out 58 (+18 reasoning)
   92.6s   tool bash: grep -E "^\| [a-z0-9_]+ \| speech_act \|" /reference/glossary.md
   92.7s turn 18
   96.5s   model reply: in 2421 + cached 56762, out 167 (+110 reasoning)
   96.5s   tool bash: grep -E "^\| [a-z0-9_]+ \| value \| (descriptive-value|recipient-value|topic-value|artifact-value) \|" /reference/glossary.md
   96.5s turn 19
   98.0s   model reply: in 0 + cached 0, out 0 (+0 reasoning)
   98.1s agent finished
  100.0s turn 20
  113.8s   model reply: in 0 + cached 0, out 0 (+0 reasoning)
  113.8s agent finished
  117.8s turn 21
  129.2s   model reply: in 0 + cached 0, out 0 (+0 reasoning)
  129.2s agent finished
  137.2s turn 22
  160.1s   model reply: in 0 + cached 0, out 0 (+0 reasoning)
  160.1s agent finished
  176.2s turn 23
  229.0s   model reply: in 4301 + cached 56760, out 71 (+19 reasoning)
  229.0s   tool bash: grep -E "^\| [a-z0-9_]+ \| value \| (style-value|format-value|tone-value) \|" /reference/glossary.md
  229.1s turn 24
  244.3s   model reply: in 5056 + cached 56747, out 1259 (+1235 reasoning)
  244.3s   tool bash: node /kit/rag.mjs check --help
  244.4s turn 25
  255.9s   model reply: in 2286 + cached 60792, out 741 (+703 reasoning)
  255.9s   tool bash: node /kit/rag.mjs entry subject lexical_label requirement dialogue constraint_beginner constraint_respectful constraint_realistic
  256.0s turn 26
  267.2s   model reply: in 4619 + cached 60794, out 614 (+571 reasoning)
  267.2s   tool bash: node /kit/rag.mjs search "discussion" "debate" "ethical" "consequences" "social media" "mental health"
  267.3s turn 27
  275.8s   model reply: in 2800 + cached 64849, out 116 (+76 reasoning)
  275.8s   tool bash: node /kit/rag.mjs widen "The Social Dilemma explores ethical concerns and consequences of social media usage" --kind claim
  276.3s turn 28
  284.0s   model reply: in 4735 + cached 64848, out 66 (+41 reasoning)
  284.0s   tool bash: node /kit/rag.mjs entry focus_of
  284.1s turn 29
  297.6s   model reply: in 4954 + cached 64829, out 142 (+97 reasoning)
  297.6s   tool bash: node /kit/rag.mjs search "investigates" "manipulate" "privacy" "recommendation" "interviews" "employees"
  297.8s turn 30
  313.4s   model reply: in 45207 + cached 0, out 71 (+31 reasoning)
  313.4s   tool bash: grep -E "^\| [a-z0-9_]+ \| claim_relation \|" /reference/glossary.md
  313.4s turn 31
  321.0s   model reply: in 2644 + cached 44567, out 83 (+36 reasoning)
  321.0s   tool bash: grep -E "^\| [a-z0-9_]+ \| claim_relation \|" /reference/glossary.md | tail -n +35
  321.1s turn 32
  339.3s   model reply: in 4395 + cached 44564, out 1463 (+1061 reasoning)
  339.3s   tool bash: cat << 'EOF' > /workspace/test_trans.md
Status: success
Mode: TRACE

## BrainCode

```braincode
MODE TRACE
ENTRYPOINT Conversation
CONVO Conversation {
  TURN t
  339.6s turn 33
  352.0s   model reply: in 2353 + cached 48615, out 1164 (+1123 reasoning)
  352.0s   tool bash: node /kit/rag.mjs widen "research paper Misinformation and Its Correction: Continued Influence and Successful Debiasing" --kind object
  352.5s turn 34
  386.6s   model reply: in 5721 + cached 48629, out 5328 (+3876 reasoning)
  386.6s   tool bash: cat << 'EOF' > /workspace/test_trans.md
Status: success
Mode: TRACE

## BrainCode

```braincode
MODE TRACE
ENTRYPOINT Conversation
CONVO Conversation {
  TURN t
  386.7s turn 35
  422.0s   model reply: in 7571 + cached 52718, out 5611 (+4004 reasoning)
  422.0s   tool bash: cat << 'EOF' > /workspace/test_trans.md
Status: success
Mode: TRACE

## BrainCode

```braincode
MODE TRACE
ENTRYPOINT Conversation
CONVO Conversation {
  TURN t
  422.1s turn 36
  440.0s   model reply: in 9706 + cached 56807, out 2826 (+1244 reasoning)
  440.0s   tool write: /output/translation.md
  440.0s turn 37
  443.6s   model reply: in 4420 + cached 64923, out 49 (+27 reasoning)
  443.6s   tool bash: node /kit/rag.mjs check
  443.8s turn 38
  454.2s   model reply: in 50566 + cached 0, out 48 (+24 reasoning)
  454.2s   tool bash: rm -f /workspace/test_trans.md
  454.2s turn 39
  458.3s   model reply: in 5906 + cached 44711, out 78 (+39 reasoning)
  458.3s agent finished
  458.3s agent finished
