    2.1s turn 1
    9.2s   model reply: in 32170 + cached 0, out 885 (+832 reasoning)
    9.2s   tool bash: node /kit/rag.mjs search "side hustle" "skills talents interests" "startup budget" "freelancing ecommerce" "market research" "smart goals" "schedule burnout"
    9.4s turn 2
   12.6s   model reply: in 6580 + cached 28465, out 113 (+60 reasoning)
   12.6s   tool bash: node /kit/rag.mjs search "financial" "income" "business" "freelance" "taxes" "bank" "social media" "customer feedback" "expenses"
   12.8s turn 3
   16.0s   model reply: in 5164 + cached 32529, out 101 (+47 reasoning)
   16.0s   tool bash: grep -E "^\| [a-zA-Z_0-9]+ \| (constructor|claim_relation|speech_act|composite|link) \|" /reference/glossary.md
   16.4s turn 4
   19.5s   model reply: in 3052 + cached 36588, out 76 (+33 reasoning)
   19.5s   tool bash: node /kit/rag.mjs search "document section" "planning" "goal" "recommendation" "question" "self assessment"
   19.7s turn 5
   24.4s   model reply: in 4845 + cached 36581, out 396 (+356 reasoning)
   24.4s   tool bash: grep -E "^\| [a-zA-Z_0-9]+ \| constructor \|" /reference/glossary.md
   24.4s turn 6
   29.0s   model reply: in 2977 + cached 40641, out 109 (+57 reasoning)
   29.0s   tool bash: grep -E "^\| [a-zA-Z_0-9]+ \| constructor \|" /reference/glossary.md | awk -F'|' '{print $2}'
   29.0s turn 7
   32.2s   model reply: in 3478 + cached 40624, out 66 (+12 reasoning)
   32.2s   tool bash: grep -E "^\| [a-zA-Z_0-9]+ \| claim_relation \|" /reference/glossary.md | awk -F'|' '{print $2}'
   32.4s turn 8
   42.2s   model reply: in 3831 + cached 40607, out 1672 (+1594 reasoning)
   42.2s   tool bash: node /kit/rag.mjs entry ask offer propose respond activity subject requirement conjunction conditional negation obligation document_section duration time_point 
   42.4s turn 9
   47.1s   model reply: in 7566 + cached 40616, out 126 (+66 reasoning)
   47.1s   tool bash: node /kit/rag.mjs entry property_question recommended has_goal user_practice topic_ai_earning_methods constraint_budget_limited constraint_realistic audience_ta
   47.3s turn 10
   67.3s   model reply: in 49785 + cached 0, out 3207 (+3123 reasoning)
   67.3s   tool bash: node /kit/rag.mjs widen "weekly time commitment" --kind temporal
node /kit/rag.mjs widen "startup budget" --kind object
node /kit/rag.mjs widen "financial goals
   68.2s turn 11
   72.2s   model reply: in 7537 + cached 48760, out 171 (+37 reasoning)
   72.2s   tool bash: node /kit/rag.mjs widen "Retain primary full-time employment until side income stabilizes" --kind constraint
node /kit/rag.mjs widen "Maintain separate bank acc
   73.3s turn 12
   97.0s   model reply: in 6928 + cached 52828, out 3046 (+1403 reasoning)
   97.0s   tool write: /output/translation.md
   97.1s turn 13
  100.2s   model reply: in 5915 + cached 56891, out 53 (+23 reasoning)
  100.2s   tool bash: node /kit/rag.mjs check --translation /output/translation.md
  100.4s turn 14
  110.0s   model reply: in 2675 + cached 60939, out 1209 (+1165 reasoning)
  110.0s   tool bash: node /kit/rag.mjs entry decision exclude has_goal art_plan format_structured_report design_parameters config_setting select_option
  110.2s turn 15
  124.1s   model reply: in 4771 + cached 60935, out 2299 (+583 reasoning)
  124.1s   tool write: /output/translation.md
  124.1s turn 16
  127.8s   model reply: in 3018 + cached 64991, out 53 (+23 reasoning)
  127.8s   tool bash: node /kit/rag.mjs check --translation /output/translation.md
  128.0s turn 17
  148.6s   model reply: in 3884 + cached 64977, out 3474 (+1745 reasoning)
  148.6s   tool write: /output/translation.md
  148.7s turn 18
  159.8s   model reply: in 48995 + cached 0, out 53 (+23 reasoning)
  159.8s   tool bash: node /kit/rag.mjs check --translation /output/translation.md
  160.0s turn 19
  164.5s   model reply: in 5168 + cached 44679, out 124 (+38 reasoning)
  164.5s agent finished
  164.5s agent finished
