    1.8s turn 1
    8.8s   model reply: in 32178 + cached 0, out 478 (+441 reasoning)
    8.8s   tool bash: node /kit/rag.mjs entry statement attribute_claim possesses has_state conditional conjunction negation ask respond subject requirement
    9.0s turn 2
   16.5s   model reply: in 34336 + cached 0, out 95 (+40 reasoning)
   16.5s   tool bash: node /kit/rag.mjs search "rough" "blue" "furry" "red" "big" "cold" "quiet" "theory" "True, False, or Unknown"
   16.8s turn 3
   23.5s   model reply: in 4389 + cached 32524, out 101 (+55 reasoning)
   23.5s   tool bash: node /kit/rag.mjs search "property" "trait" "entity" "predicate" "theory" "proof" "logic" "rule"
   23.8s turn 4
   32.4s   model reply: in 2635 + cached 36586, out 94 (+57 reasoning)
   32.4s   tool bash: node /kit/rag.mjs entry property_question character_trait has_attribute constrained_by reason_for
   32.5s turn 5
   38.8s   model reply: in 3396 + cached 36571, out 70 (+32 reasoning)
   38.8s   tool bash: grep -E "^\| [a-z0-9_]+ \| constructor \|" /reference/glossary.md
   38.9s turn 6
   44.2s   model reply: in 5268 + cached 36565, out 111 (+37 reasoning)
   44.2s   tool bash: grep -E "^\| (property|predicate|trait|attribute|entity|rule|fact|claim|relation|logic|negation|conditional|conjunction|disjunction|implication|quantifier|unive
   44.3s turn 7
   54.6s   model reply: in 3039 + cached 40621, out 426 (+381 reasoning)
   54.6s   tool bash: node /kit/rag.mjs search "entity property" "entity has attribute" "entity trait" "something is blue" "things are rough"
   54.8s turn 8
   60.2s   model reply: in 45578 + cached 0, out 83 (+38 reasoning)
   60.2s   tool bash: grep -E "^\| [^\|]+ \| constructor \|" /reference/glossary.md | cut -d'|' -f2,4
   60.2s turn 9
   64.3s   model reply: in 3155 + cached 44674, out 67 (+20 reasoning)
   64.3s   tool bash: grep -E "^\| [^\|]+ \| claim_relation \|" /reference/glossary.md | cut -d'|' -f2,4
   64.4s turn 10
   74.4s   model reply: in 4483 + cached 44665, out 124 (+90 reasoning)
   74.4s   tool bash: grep -rn "proofwriter" / 2>/dev/null | head -n 30
   74.4s turn 11
   99.6s   model reply: in 4629 + cached 44646, out 4048 (+3995 reasoning)
   99.6s   tool bash: node /kit/rag.mjs entry has_attribute attribute_claim statement subject lexical_label conditional conjunction negation character_trait property_question require
   99.7s turn 12
  109.7s   model reply: in 6548 + cached 48734, out 74 (+42 reasoning)
  109.7s   tool bash: node /kit/rag.mjs entry ask inform respond confirm state_cold size_large
  109.8s turn 13
  123.3s   model reply: in 2923 + cached 52778, out 1829 (+1805 reasoning)
  123.3s   tool bash: node /kit/rag.mjs check --help
  123.4s turn 14
  128.2s   model reply: in 4774 + cached 52772, out 264 (+153 reasoning)
  128.2s   tool bash: node /kit/rag.mjs widen "Introduce a set of logical premises or theory." --kind speech_act
node /kit/rag.mjs widen "If something is blue, then it is rough." --k
  128.8s turn 15
  136.7s   model reply: in 4390 + cached 56842, out 790 (+732 reasoning)
  136.7s   tool bash: grep -E "^\| [^\|]+ \| constructor \|" /reference/glossary.md | grep -E "property|trait|attribute|state|entity|fact|claim|relation|logic|condition"
  136.8s turn 16
  142.3s   model reply: in 2884 + cached 60903, out 95 (+30 reasoning)
  142.3s   tool bash: grep -E "^\| [^\|]+ \| constructor \|" /reference/glossary.md | grep -E "property|trait|attribute|state|entity|fact|claim|relation|logic|condition" | tail -n +2
  142.3s turn 17
  148.0s   model reply: in 4596 + cached 60896, out 182 (+154 reasoning)
  148.0s   tool bash: node /kit/rag.mjs entry character character_trait subject requirement
  148.1s turn 18
  174.4s   model reply: in 5558 + cached 60884, out 4236 (+3996 reasoning)
  174.4s   tool bash: cat << 'EOF' > /output/translation.md
Status: success
Mode: REQUEST

## BrainCode

```braincode
MODE REQUEST
ENTRYPOINT Conversation
CONVO Conversation {
  TURN
  174.6s turn 19
  190.7s   model reply: in 55065 + cached 0, out 808 (+383 reasoning)
  190.7s   tool bash: cat << 'EOF' > /output/translation.md
Status: success
Mode: REQUEST

## BrainCode

```braincode
MODE REQUEST
ENTRYPOINT Conversation
CONVO Conversation {
  TURN
  190.9s turn 20
  197.6s   model reply: in 3992 + cached 52848, out 238 (+162 reasoning)
  197.6s   tool bash: node /kit/rag.mjs widen "Anne" --kind object
node /kit/rag.mjs widen "Bob" --kind object
node /kit/rag.mjs widen "Erin" --kind object
node /kit/rag.mjs widen "G
  198.2s turn 21
  211.5s   model reply: in 7643 + cached 52853, out 744 (+437 reasoning)
  211.5s   tool bash: cat << 'EOF' > /output/translation.md
Status: success
Mode: REQUEST

## BrainCode

```braincode
MODE REQUEST
ENTRYPOINT Conversation
CONVO Conversation {
  TURN
  211.6s turn 22
  255.7s   model reply: in 5195 + cached 56909, out 4580 (+2186 reasoning)
  255.7s   tool bash: cat << 'EOF' > /output/translation.md
Status: success
Mode: REQUEST

## BrainCode

```braincode
MODE REQUEST
ENTRYPOINT Conversation
CONVO Conversation {
  TURN
  255.9s turn 23
  265.7s   model reply: in 6627 + cached 60992, out 363 (+338 reasoning)
  265.7s   tool bash: node /kit/rag.mjs entry role_user
  265.8s turn 24
  289.8s   model reply: in 2988 + cached 65040, out 3377 (+1064 reasoning)
  289.8s   tool bash: cat << 'EOF' > /output/translation.md
Status: success
Mode: REQUEST

## BrainCode

```braincode
MODE REQUEST
ENTRYPOINT Conversation
CONVO Conversation {
  TURN
  290.0s turn 25
  313.0s   model reply: in 55302 + cached 0, out 3042 (+706 reasoning)
  313.0s   tool bash: cat << 'EOF' > /output/translation.md
Status: success
Mode: REQUEST

## BrainCode

```braincode
MODE REQUEST
ENTRYPOINT Conversation
CONVO Conversation {
  TURN
  313.2s turn 26
  318.0s   model reply: in 6395 + cached 52884, out 103 (+35 reasoning)
  318.0s agent finished
  318.0s agent finished
