    3.5s turn 1
   10.2s   model reply: in 31782 + cached 0, out 558 (+501 reasoning)
   10.2s   tool bash: node /kit/rag.mjs search "theory" "eats" "sees" "needs" "rough" "young" "nice" "red" "implies" "rule" "if then"
   12.6s turn 2
   15.7s   model reply: in 6898 + cached 28467, out 49 (+15 reasoning)
   15.7s   tool bash: node /kit/rag.mjs entry conditional statement attribute_claim meets_needs activity requirement conjunction negation
   15.8s turn 3
   20.0s   model reply: in 4538 + cached 32525, out 94 (+47 reasoning)
   20.0s   tool bash: node /kit/rag.mjs search "character_trait" "property" "universal" "all" "question" "evaluate" "true false unknown"
   20.5s turn 4
   23.8s   model reply: in 2603 + cached 36585, out 111 (+75 reasoning)
   23.8s   tool bash: node /kit/rag.mjs entry property_question character character_trait ask respond inform propose test_condition
   24.0s turn 5
   29.2s   model reply: in 3303 + cached 36570, out 95 (+67 reasoning)
   29.2s   tool bash: grep -i "truth" /reference/glossary.md || true
   29.2s turn 6
   32.3s   model reply: in 3656 + cached 36553, out 36 (+11 reasoning)
   32.3s   tool bash: grep "| constructor |" /reference/glossary.md
   32.3s turn 7
   37.0s   model reply: in 5494 + cached 36547, out 65 (+38 reasoning)
   37.0s   tool bash: grep "| claim_relation |" /reference/glossary.md
   37.1s turn 8
   41.0s   model reply: in 3435 + cached 40604, out 136 (+95 reasoning)
   41.0s   tool bash: node /kit/rag.mjs entry has_attribute statement conditional negation conjunction activity meets_needs attribute_claim requirement possesses property_question
   41.1s turn 9
   45.4s   model reply: in 5571 + cached 40601, out 71 (+34 reasoning)
   45.4s   tool bash: node /kit/rag.mjs search "entity" "property" "attribute" "theory" "proposition"
   45.5s turn 10
   59.6s   model reply: in 3003 + cached 44653, out 2179 (+2151 reasoning)
   59.6s   tool bash: node /kit/rag.mjs entry animal_label color_label
   59.7s turn 11
   64.2s   model reply: in 5377 + cached 44652, out 184 (+125 reasoning)
   64.2s   tool bash: node /kit/rag.mjs entry "animal_label::bald_eagle" "animal_label::tiger" "animal_label::cow" "animal_label::mouse" "color_label::red"
   64.3s turn 12
   68.2s   model reply: in 2051 + cached 48697, out 147 (+118 reasoning)
   68.2s   tool bash: node /kit/rag.mjs entry "animal_label::eagle"
   68.3s turn 13
   72.3s   model reply: in 2318 + cached 48678, out 137 (+106 reasoning)
   72.3s   tool bash: grep -n "proofwriter" /reference/* 2>/dev/null || true
   72.3s turn 14
   76.2s   model reply: in 2477 + cached 48659, out 27 (+11 reasoning)
   76.2s   tool bash: ls /reference
   76.2s turn 15
   77.5s   model reply: in 0 + cached 0, out 0 (+0 reasoning)
   77.5s agent finished
   79.5s turn 16
   93.2s   model reply: in 0 + cached 0, out 0 (+0 reasoning)
   93.2s agent finished
   97.2s turn 17
  123.9s   model reply: in 0 + cached 0, out 0 (+0 reasoning)
  123.9s agent finished
  131.9s turn 18
  194.1s   model reply: in 51192 + cached 0, out 77 (+49 reasoning)
  194.1s   tool bash: grep -i "conditional" /reference/examples.jsonl || true
  194.1s turn 19
  199.3s   model reply: in 2653 + cached 48619, out 46 (+15 reasoning)
  199.3s   tool bash: grep -o '"id": "[^"]*"' /reference/examples.jsonl
  199.3s turn 20
  206.1s   model reply: in 2793 + cached 48599, out 100 (+63 reasoning)
  206.1s   tool bash: grep -i '"kind": "constructor"' /reference/glossary.jsonl | head -n 30
  206.2s turn 21
  215.8s   model reply: in 5215 + cached 48604, out 152 (+29 reasoning)
  215.8s   tool bash: node -e '
const fs = require("fs");
const lines = fs.readFileSync("/reference/glossary.jsonl", "utf8").trim().split("\n");
const constructors = [];
for (const l
  215.8s turn 22
  234.9s   model reply: in 3373 + cached 52657, out 2041 (+1988 reasoning)
  234.9s   tool bash: node /kit/rag.mjs search "rely only on the provided theory" "answer must be True, False, or Unknown" "single choice" "constraint_single_choice"
  235.0s turn 23
  239.5s   model reply: in 6624 + cached 52670, out 108 (+74 reasoning)
  239.5s   tool bash: node /kit/rag.mjs widen "rely only on the provided theory" --kind constraint
  239.7s turn 24
  249.5s   model reply: in 4355 + cached 56719, out 243 (+215 reasoning)
  249.5s   tool bash: grep -i "choice" /reference/glossary.md || true
  249.5s turn 25
  259.4s   model reply: in 4837 + cached 56704, out 85 (+59 reasoning)
  259.4s   tool bash: node /kit/rag.mjs check --help || true
  259.5s turn 26
  267.2s   model reply: in 4951 + cached 56685, out 587 (+561 reasoning)
  267.2s   tool bash: node /kit/rag.mjs entry user role_user
  267.3s turn 27
  285.5s   model reply: in 5622 + cached 56672, out 2270 (+2187 reasoning)
  285.5s   tool bash: node -e '
const fs = require("fs");
// Lets check the arguments and functions in /kit/rag.mjs without printing too much
const ragCode = fs.readFileSync("/kit/ra
  285.5s turn 28
  291.8s   model reply: in 3850 + cached 60725, out 285 (+69 reasoning)
  291.8s   tool bash: cat << 'EOF' > /output/translation.md
Status: success
Mode: REQUEST

## BrainCode

```braincode
MODE REQUEST
ENTRYPOINT Conversation
CONVO Conversation {
  TURN
  291.9s turn 29
  308.1s   model reply: in 4992 + cached 60717, out 2170 (+179 reasoning)
  308.1s   tool bash: cat << 'EOF' > /output/translation.md
Status: success
Mode: REQUEST

## BrainCode

```braincode
MODE REQUEST
ENTRYPOINT Conversation
CONVO Conversation {
  TURN
  308.2s turn 30
  320.1s   model reply: in 68817 + cached 0, out 1173 (+1047 reasoning)
  320.1s   tool bash: node /kit/rag.mjs widen "if something is nice, then it is rough" --kind reasoning
node /kit/rag.mjs widen "if the mouse needs the cow and the cow needs the tige
  321.2s turn 31
  335.5s   model reply: in 52322 + cached 0, out 236 (+100 reasoning)
  335.5s   tool bash: node -e '
const fs = require("fs");
const needs = JSON.parse(fs.readFileSync("/needs.json", "utf8"));
for (const n of needs.needs) {
  if (["n21", "n22", "n28",
  335.6s turn 32
  340.0s   model reply: in 4405 + cached 48717, out 325 (+210 reasoning)
  340.0s   tool bash: node -e '
const fs = require("fs");
const needs = JSON.parse(fs.readFileSync("/needs.json", "utf8"));
for (const n of needs.needs) {
  if (["n22", "n28", "n29",
  340.0s turn 33
  343.6s   model reply: in 5940 + cached 48709, out 82 (+51 reasoning)
  343.6s   tool bash: node /kit/rag.mjs search "conditional" "if" "rule"
  343.8s turn 34
  347.8s   model reply: in 2832 + cached 52756, out 231 (+93 reasoning)
  347.8s   tool bash: node /kit/rag.mjs widen "conditional rule: if something is nice, then it is rough" --kind reasoning
node /kit/rag.mjs widen "conditional rule: if the mouse need
  348.6s turn 35
  351.6s   model reply: in 6363 + cached 52766, out 44 (+14 reasoning)
  351.6s   tool bash: node /kit/rag.mjs check --translation /output/translation.md
  351.9s turn 36
  356.2s   model reply: in 3299 + cached 56812, out 123 (+90 reasoning)
  356.2s   tool bash: grep -A 25 -B 5 "check(" /kit/rag.mjs
  356.2s turn 37
  359.4s   model reply: in 3451 + cached 56793, out 79 (+16 reasoning)
  359.4s   tool bash: node -e '
const fs = require("fs");
const rag = fs.readFileSync("/kit/rag.mjs", "utf8");
console.log(rag.slice(0, 1000));
'
  359.5s turn 38
  362.7s   model reply: in 3818 + cached 56776, out 119 (+70 reasoning)
  362.7s   tool bash: grep -A 40 "async function check" /kit/rag.mjs || grep -A 40 "function check" /kit/rag.mjs
  362.8s turn 39
  365.5s   model reply: in 3966 + cached 56757, out 50 (+24 reasoning)
  365.5s   tool bash: grep -n "check" /kit/rag.mjs
  365.6s turn 40
  371.9s   model reply: in 60894 + cached 0, out 457 (+435 reasoning)
  371.9s   tool bash: node /kit/rag.mjs retrieve
  406.2s turn 41
  413.9s   model reply: in 3277 + cached 60802, out 992 (+972 reasoning)
  413.9s   tool bash: ls -la /needs.json
  413.9s turn 42
  425.0s   model reply: in 8361 + cached 56739, out 1453 (+1420 reasoning)
  425.0s   tool bash: grep -A 20 'case "widen":' /kit/rag.mjs
  425.1s turn 43
  466.0s   model reply: in 2031 + cached 64841, out 7952 (+5342 reasoning)
  466.0s   tool write: /output/translation.md
  466.0s turn 44
  490.3s   model reply: in 54932 + cached 0, out 59 (+29 reasoning)
  490.3s   tool bash: node /kit/rag.mjs check --translation /output/translation.md
  490.4s turn 45
  495.3s   model reply: in 3124 + cached 52775, out 207 (+162 reasoning)
  495.3s agent finished
  495.3s agent finished
