    2.6s turn 1
    9.3s   model reply: in 33059 + cached 0, out 565 (+517 reasoning)
    9.3s   tool bash: node /kit/rag.mjs search "chase" "see" "eat" "nice" "rough" "kind" "round" "bald eagle"
    9.5s turn 2
   18.2s   model reply: in 3292 + cached 32537, out 88 (+56 reasoning)
   18.2s   tool bash: node /kit/rag.mjs entry activity conditional statement attribute_claim negation ask requirement confirm
   18.3s turn 3
   83.4s   model reply: in 37502 + cached 0, out 87 (+45 reasoning)
   83.4s   tool bash: node /kit/rag.mjs search "conjunction" "attribute" "theory" "proof" "premise" "question"
   83.5s turn 4
   94.9s   model reply: in 2656 + cached 36586, out 78 (+41 reasoning)
   94.9s   tool bash: node /kit/rag.mjs entry has_attribute property_question character_trait conjunction constraint_single_choice
   95.0s turn 5
  106.6s   model reply: in 3284 + cached 36570, out 96 (+71 reasoning)
  106.6s   tool bash: grep -i "proofwriter" /reference/* || true
  106.8s turn 6
  111.3s   model reply: in 3402 + cached 36551, out 41 (+16 reasoning)
  111.3s   tool bash: grep "| constructor |" /reference/glossary.md
  111.4s turn 7
  115.6s   model reply: in 5245 + cached 36545, out 292 (+261 reasoning)
  115.6s   tool bash: node /kit/rag.mjs entry animal_label color_label shape_round
  115.8s turn 8
  133.9s   model reply: in 5793 + cached 36530, out 178 (+129 reasoning)
  133.9s   tool bash: node /kit/rag.mjs entry animal_label::bald_eagle animal_label::eagle animal_label::cow animal_label::squirrel animal_label::rabbit
  134.0s turn 9
  139.6s   model reply: in 2452 + cached 40575, out 296 (+269 reasoning)
  139.6s   tool bash: grep "| claim_relation |" /reference/glossary.md
  139.7s turn 10
  153.4s   model reply: in 4682 + cached 40574, out 54 (+16 reasoning)
  153.4s   tool bash: node /kit/rag.mjs search "statement" "attribute_claim" "has_attribute" "activity"
  153.6s turn 11
  169.3s   model reply: in 6031 + cached 40566, out 1398 (+1343 reasoning)
  169.3s   tool bash: node /kit/rag.mjs search "attribute_claim" "has_attribute" "character_trait" "property" "red" "round" "nice" "kind" "rough"
  169.5s turn 12
  184.7s   model reply: in 6182 + cached 44639, out 1348 (+1305 reasoning)
  184.7s   tool bash: grep -E "\| constructor \|.*(property|attribute|trait|value|state|color|shape)" /reference/glossary.md
  184.9s turn 13
  189.2s   model reply: in 5063 + cached 48702, out 69 (+26 reasoning)
  189.2s   tool bash: grep "\| constructor \|" /reference/glossary.md | awk -F'|' '{print $2, "|", $4}'
  189.2s turn 14
  207.9s   model reply: in 2994 + cached 52757, out 2011 (+1181 reasoning)
  207.9s   tool bash: cat << 'EOF' > /tmp/test.md
Status: success
Mode: REQUEST

## BrainCode

```braincode
MODE REQUEST
ENTRYPOINT Conversation
CONVO Conversation {
  TURN t1 SPEAKE
  208.0s turn 15
  217.4s   model reply: in 5903 + cached 52762, out 311 (+156 reasoning)
  217.4s   tool bash: cat << 'EOF' > /tmp/test2.md
Status: success
Mode: REQUEST

## BrainCode

```braincode
MODE REQUEST
ENTRYPOINT Conversation
CONVO Conversation {
  TURN t1 SPEAK
  217.6s turn 16
  242.3s   model reply: in 3002 + cached 56810, out 2775 (+2737 reasoning)
  242.3s   tool bash: grep -E "^\| [a-z0-9_]+ \| constructor \|" /reference/glossary.md
  242.4s turn 17
  253.8s   model reply: in 64383 + cached 0, out 783 (+741 reasoning)
  253.8s   tool bash: node /kit/rag.mjs search "is red" "is nice" "is rough" "is kind" "is round"
  253.9s turn 18
  260.4s   model reply: in 5723 + cached 60886, out 123 (+93 reasoning)
  260.4s   tool bash: grep -C 2 "attribute_claim" /reference/glossary.md
  260.5s turn 19
  294.4s   model reply: in 2791 + cached 64933, out 4849 (+2554 reasoning)
  294.4s   tool bash: cat << 'EOF' > /tmp/full_test.md
Status: success
Mode: REQUEST

## BrainCode

```braincode
MODE REQUEST
ENTRYPOINT Conversation
CONVO Conversation {
  TURN t1 S
  294.5s turn 20
  313.2s   model reply: in 51578 + cached 0, out 951 (+914 reasoning)
  313.2s   tool bash: grep -E "(role_user|user)" /reference/glossary.md | head -n 10
  313.3s turn 21
  318.9s   model reply: in 4204 + cached 48796, out 183 (+157 reasoning)
  318.9s   tool bash: node /kit/rag.mjs entry role_user user
  319.0s turn 22
  345.8s   model reply: in 53254 + cached 0, out 4669 (+2292 reasoning)
  345.8s   tool write: /output/translation.md
  345.9s turn 23
  349.1s   model reply: in 5075 + cached 52852, out 60 (+30 reasoning)
  349.1s   tool bash: node /kit/rag.mjs check --translation /output/translation.md
  349.2s turn 24
  354.6s   model reply: in 6033 + cached 52838, out 184 (+165 reasoning)
  354.6s   tool read: /output/translation.md
  354.6s turn 25
  362.2s   model reply: in 4433 + cached 56900, out 278 (+180 reasoning)
  362.2s agent finished
  362.2s agent finished
