    6.8s turn 1
   13.1s   model reply: in 26895 + cached 0, out 803 (+763 reasoning)
   13.1s   tool bash: node /kit/rag.mjs entry web_element click type_text select_option search_web at_least measure requirement
   13.2s turn 2
   16.0s   model reply: in 5119 + cached 24366, out 56 (+25 reasoning)
   16.0s   tool bash: node /kit/rag.mjs search "watt" "power" "unit"
   16.1s turn 3
   19.4s   model reply: in 6045 + cached 24354, out 64 (+36 reasoning)
   19.4s   tool bash: grep -i "watt" /reference/glossary.md || true
   19.4s turn 4
   22.2s   model reply: in 2072 + cached 28394, out 47 (+16 reasoning)
   22.2s   tool bash: grep -E "\| (unit_|cap_)" /reference/glossary.md
   22.2s turn 5
   24.9s   model reply: in 2889 + cached 28381, out 80 (+28 reasoning)
   24.9s   tool bash: grep -E "web_element|search_web|click|type_text|select_option|sort|rank_price|dir_asc" /reference/glossary.md
   25.0s turn 6
   27.7s   model reply: in 3967 + cached 28371, out 65 (+33 reasoning)
   27.7s   tool bash: grep -E "\| speech_act \|" /reference/glossary.md || true
   27.7s turn 7
   35.2s   model reply: in 4519 + cached 28358, out 1111 (+1081 reasoning)
   35.2s   tool bash: grep -E "\| speech_act \|" /reference/glossary.md
   35.3s turn 8
   37.8s   model reply: in 2057 + cached 32405, out 55 (+27 reasoning)
   37.8s   tool bash: grep -E "\| constructor \|" /reference/glossary.md
   37.9s turn 9
   41.9s   model reply: in 3910 + cached 32403, out 253 (+229 reasoning)
   41.9s   tool bash: node /kit/rag.mjs entry ask propose
   42.1s turn 10
   47.4s   model reply: in 4308 + cached 32388, out 570 (+532 reasoning)
   47.4s   tool bash: node /kit/rag.mjs search "product search" "find product" "cheapest" "power supply"
   47.5s turn 11
   50.8s   model reply: in 2096 + cached 36436, out 217 (+181 reasoning)
   50.8s   tool bash: node /kit/rag.mjs search "sort" "rank" "lowest price" "power output"
   50.9s turn 12
   56.6s   model reply: in 3579 + cached 36432, out 716 (+685 reasoning)
   56.6s   tool bash: node /kit/rag.mjs entry activity requirement at_least measure web_element
   56.7s turn 13
   64.8s   model reply: in 5763 + cached 36435, out 1243 (+1202 reasoning)
   64.8s   tool bash: node /kit/rag.mjs entry object_label::psu object_label::powersupply object_label::power_supply
   64.9s turn 14
   78.8s   model reply: in 3335 + cached 40481, out 2845 (+2057 reasoning)
   78.8s   tool bash: cat << 'EOF' > /output/translation.md
Status: success
Mode: TRACE

## BrainCode

```braincode
MODE TRACE
ENTRYPOINT Conversation
CONVO Conversation {
  TURN t1 
   79.0s turn 15
   83.1s   model reply: in 6550 + cached 40495, out 286 (+254 reasoning)
   83.1s   tool bash: grep -E "rank_price|dir_asc" /reference/glossary.md
   83.1s turn 16
   87.3s   model reply: in 2940 + cached 44528, out 385 (+353 reasoning)
   87.3s   tool bash: grep -A 2 -B 2 "requirement" /reference/glossary.md
   87.3s turn 17
   94.5s   model reply: in 5053 + cached 44531, out 1195 (+305 reasoning)
   94.5s   tool bash: cat << 'EOF' > /output/translation.md
Status: success
Mode: TRACE

## BrainCode

```braincode
MODE TRACE
ENTRYPOINT Conversation
CONVO Conversation {
  TURN t1 
   94.6s turn 18
  110.5s   model reply: in 2599 + cached 48576, out 3107 (+2166 reasoning)
  110.5s   tool bash: cat << 'EOF' > /output/translation.md
Status: success
Mode: TRACE

## BrainCode

```braincode
MODE TRACE
ENTRYPOINT Conversation
CONVO Conversation {
  TURN t1 
  110.8s turn 19
  122.4s   model reply: in 6116 + cached 48594, out 1982 (+1055 reasoning)
  122.4s   tool write: /output/translation.md
  122.4s turn 20
  125.4s   model reply: in 4056 + cached 52640, out 59 (+29 reasoning)
  125.4s   tool bash: node /kit/rag.mjs check --translation /output/translation.md
  125.6s turn 21
  129.4s   model reply: in 4558 + cached 52625, out 235 (+15 reasoning)
  129.4s agent finished
  129.4s agent finished
