    2.7s turn 1
    7.3s   model reply: in 3 + cached 0, out 64 (+0 reasoning)
    7.4s   tool bash: node /kit/rag.mjs search "describe requested action with arguments" "ordered sequence of requested actions" "object description state sliced location" "step for
    7.9s turn 2
   10.8s   model reply: in 3 + cached 25289, out 46 (+0 reasoning)
   10.8s   tool bash: node /kit/rag.mjs entry activity subject sequence request location_spec lexical_label ask propose chill turn walk role_user role_agent
   10.9s turn 3
   28.0s   model reply: in 3 + cached 26738, out 679 (+324 reasoning)
   28.0s   tool bash: node /kit/rag.mjs search "action description destination source direction distance" "entity description spatial location state portion slice" "request speech ac
   30.9s turn 4
   35.7s   model reply: in 3 + cached 28686, out 153 (+36 reasoning)
   35.7s   tool bash: node /kit/rag.mjs search "action description destination source direction distance" "entity description spatial location state portion slice" "request speech ac
   35.9s turn 5
   54.2s   model reply: in 3 + cached 32258, out 597 (+472 reasoning)
   54.2s   tool bash: node /kit/rag.mjs entry in spatial_constraint role_user role_agent inform; node /kit/rag.mjs widen "describe an entity with sliced-piece quantity and spatial lo
   56.8s turn 6
  110.8s   model reply: in 3 + cached 33641, out 3262 (+362 reasoning)
  110.8s   tool write: /output/translation.md
  110.8s turn 7
  123.9s   model reply: in 3 + cached 34980, out 86 (+48 reasoning)
  123.9s   tool bash: node /kit/rag.mjs check --translation /output/translation.md
  124.0s turn 8
  169.5s   model reply: in 3 + cached 38260, out 2471 (+110 reasoning)
  169.5s   tool write: /output/suggestions.md
  169.5s turn 9
  177.1s   model reply: in 3 + cached 38928, out 284 (+73 reasoning)
  177.1s   tool edit: /output/translation.md
  177.1s turn 10
  184.5s   model reply: in 3 + cached 41417, out 209 (+105 reasoning)
  184.5s   tool read: /output/entity-search.txt
  184.5s   tool read: /output/action-search.txt
  184.5s   tool bash: node /kit/rag.mjs check --translation /output/translation.md
  184.6s turn 11
  190.5s   model reply: in 3 + cached 41725, out 52 (+18 reasoning)
  190.5s   tool bash: rm /output/entity-search.txt /output/action-search.txt
  190.6s turn 12
  196.4s   model reply: in 3 + cached 45676, out 51 (+0 reasoning)
  196.4s agent finished
  196.4s agent finished
