    1.9s turn 1
   10.5s   model reply: in 14481 + cached 0, out 1246 (+1230 reasoning)
   10.5s   tool bash: node -v
   10.5s turn 2
   13.7s   model reply: in 15735 + cached 0, out 34 (+15 reasoning)
   13.7s   tool bash: ls -la /kit/
   13.8s turn 3
   16.5s   model reply: in 3858 + cached 12078, out 57 (+28 reasoning)
   16.5s   tool read: /kit/README.md
   16.5s turn 4
   19.4s   model reply: in 5076 + cached 12075, out 35 (+18 reasoning)
   19.4s   tool bash: ls -la /
   19.4s turn 5
   22.2s   model reply: in 17969 + cached 0, out 28 (+10 reasoning)
   22.2s   tool bash: ls -la /output
   22.2s turn 6
   24.9s   model reply: in 5994 + cached 12056, out 40 (+20 reasoning)
   24.9s   tool bash: ls -la /attach /reference
   24.9s turn 7
   27.5s   model reply: in 2393 + cached 16063, out 50 (+20 reasoning)
   27.5s   tool read: /reference/examples.jsonl
   27.5s turn 8
   36.9s   model reply: in 3610 + cached 16062, out 1048 (+1012 reasoning)
   36.9s   tool bash: node /kit/rag.mjs entry requirement property_question ask attribute_claim statement provides propose respond activity subject
   37.3s turn 9
   42.0s   model reply: in 6661 + cached 16089, out 95 (+62 reasoning)
   42.0s   tool bash: grep -n "rule_" /reference/glossary.md | head -n 30
   42.0s turn 10
   51.7s   model reply: in 4535 + cached 20122, out 1330 (+1289 reasoning)
   51.7s   tool bash: find / -name "*trajectory*" -o -name "*item*" -o -name "*reconstruction*" 2>/dev/null
   51.8s turn 11
   55.2s   model reply: in 5874 + cached 20123, out 47 (+20 reasoning)
   55.2s   tool read: /prompt.md
   55.2s turn 12
   58.2s   model reply: in 2370 + cached 24133, out 56 (+25 reasoning)
   58.2s   tool read: /kit/needs_prompt.md
   58.2s turn 13
   67.6s   model reply: in 3111 + cached 24122, out 1393 (+1365 reasoning)
   67.6s   tool bash: grep -n "genre_label" /reference/glossary.md
   67.7s turn 14
   71.4s   model reply: in 4934 + cached 24132, out 92 (+46 reasoning)
   71.4s   tool bash: grep -n -E "personal_values|potential_harms|beliefs|role_colleague|role_agent" /reference/glossary.md
   71.5s turn 15
   75.2s   model reply: in 5584 + cached 24124, out 80 (+40 reasoning)
   75.2s   tool bash: grep -n -E "attribute_claim|provides|statement|property_question|requirement" /reference/glossary.md
   75.3s turn 16
   78.5s   model reply: in 3455 + cached 28157, out 69 (+37 reasoning)
   78.5s   tool bash: grep -n -C 5 "MODE TRACE" /reference/glossary.md
   78.5s turn 17
  132.8s   model reply: in 4631 + cached 28156, out 10285 (+10252 reasoning)
  132.8s   tool bash: grep -n -C 3 "property_question" /reference/glossary.jsonl
  132.8s turn 18
  169.3s   model reply: in 11570 + cached 32309, out 6719 (+6441 reasoning)
  169.3s   tool write: /output/reconstruction.md
  169.3s turn 19
  178.5s   model reply: in 10161 + cached 40442, out 49 (+19 reasoning)
  178.5s   tool read: /output/reconstruction.md
  178.5s turn 20
  183.2s   model reply: in 2391 + cached 48509, out 149 (+123 reasoning)
  183.3s agent finished
  183.3s agent finished
