    2.0s turn 1
   11.4s   model reply: in 26438 + cached 0, out 1586 (+1542 reasoning)
   11.4s   tool bash: node /kit/rag.mjs search "novel" "dialogue" "third person" "casual" "thoughtful" "romantic interest"
   11.5s turn 2
   14.5s   model reply: in 5337 + cached 24367, out 63 (+19 reasoning)
   14.5s   tool bash: node /kit/rag.mjs search "height" "friendship" "online" "compliment" "flirt" "tease"
   14.7s turn 3
   17.2s   model reply: in 3007 + cached 28422, out 84 (+47 reasoning)
   17.2s   tool bash: node /kit/rag.mjs entry char_female character character_trait interpersonal_stance dialogue request attitude exclude negation
   17.3s turn 4
   20.8s   model reply: in 3796 + cached 28409, out 221 (+185 reasoning)
   20.8s   tool bash: node /kit/rag.mjs entry greeting offer offer_help respond ask express_interest acknowledge propose inform apologize
   21.4s turn 5
   24.1s   model reply: in 4671 + cached 28397, out 60 (+27 reasoning)
   24.1s   tool bash: node /kit/rag.mjs search "speech act" "utterance" "greet"
   24.5s turn 6
   27.8s   model reply: in 5619 + cached 28386, out 134 (+107 reasoning)
   27.8s   tool bash: grep "| speech_act |" /reference/glossary.md
   27.9s turn 7
   33.3s   model reply: in 0 + cached 0, out 0 (+0 reasoning)
   33.3s agent finished
   35.3s turn 8
  160.6s   model reply: in 34613 + cached 0, out 1528 (+1463 reasoning)
  160.6s   tool bash: node /kit/rag.mjs entry requirement exclude negation dialogue character character_trait interpersonal_stance request art_story style_narrative tone_casual tone_
  160.7s turn 9
  182.2s   model reply: in 4999 + cached 32433, out 3377 (+2182 reasoning)
  182.2s   tool bash: cat << 'EOF' > /output/translation.md
Status: success
Mode: TRACE

## BrainCode

```braincode
MODE TRACE
ENTRYPOINT Conversation
CONVO Conversation {
  TURN t1 
  182.3s turn 10
  213.0s   model reply: in 5014 + cached 36505, out 5716 (+4477 reasoning)
  213.0s   tool bash: cat << 'EOF' > /output/translation.md
Status: success
Mode: TRACE

## BrainCode

```braincode
MODE TRACE
ENTRYPOINT Conversation
CONVO Conversation {
  TURN t1 
  213.1s turn 11
  244.3s   model reply: in 7361 + cached 40596, out 358 (+246 reasoning)
  244.3s agent finished
  244.3s agent finished
