    5.5s turn 1
   59.5s   model reply: in 27705 + cached 0, out 7566 (+7488 reasoning)
   59.5s   tool read: doc_formats/5-format-failed_translation.md
   59.5s turn 2
   62.9s   model reply: in 7781 + cached 27520, out 120 (+0 reasoning)
   62.9s   tool bash: ls doc_formats
   63.0s turn 3
   65.2s   model reply: in 249 + cached 35200, out 55 (+0 reasoning)
   65.2s   tool bash: ls /doc_formats
   65.2s turn 4
   66.9s   model reply: in 205 + cached 35328, out 48 (+0 reasoning)
   66.9s   tool read: /doc_formats/failed_translation.md
   66.9s turn 5
   68.4s   model reply: in 1018 + cached 35328, out 54 (+0 reasoning)
   68.4s   tool read: /doc_formats/suggestions.md
   68.4s turn 6
   91.6s   model reply: in 1848 + cached 36224, out 3135 (+2048 reasoning)
   91.6s   tool write: /output/translation.md
   91.6s turn 7
   98.0s   model reply: in 1670 + cached 39552, out 680 (+0 reasoning)
   98.0s   tool write: /output/suggestions.md
   98.0s turn 8
   99.2s   model reply: in 829 + cached 41088, out 38 (+0 reasoning)
   99.2s agent finished
   99.2s agent finished
