loop: building harness image braincode-swarm-pi ...
eval: 18 translator runs (0 already done, 18 to run; setup v2, timeout 2400s, proxy concurrency 4): o4-mini 18
eval: RAG server on :8779 (605 records, frozen snapshot)
eval: o4-mini alfred-1 r1 -> failed ($0.166, 99s)
eval: o4-mini swebench-2 r1 -> failed ($0.099, 147s)
eval: o4-mini mind2web-1 r1 -> failed ($0.118, 235s)
eval: o4-mini alfred-2 r1 -> failed ($0.131, 286s)
eval: o4-mini swebench-3 r1 -> failed ($0.104, 306s)
eval: o4-mini prism-1 r1 -> success ($0.095, 337s)
eval: o4-mini mind2web-3 r1 -> error ($0.083, 354s) [claimed success but the host check found: non-glossary symbols: content]
eval: o4-mini mind2web-2 r1 -> error ($0.079, 362s) [claimed success but the host check found: invalid value-group atoms: object_label::it_jobs: key must match lower_word]
eval: o4-mini alfred-3 r1 -> error ($0.122, 381s) [no /output/translation.md written]
eval: o4-mini swebench-1 r1 -> failed ($0.130, 410s)
eval: o4-mini prism-2 r1 -> failed ($0.131, 389s)
eval: o4-mini prism-3 r1 -> success ($0.113, 378s)
eval: o4-mini thoughttrace-1 r1 -> failed ($0.102, 243s)
eval: o4-mini paths-2 r1 -> success ($0.115, 324s)
eval: o4-mini paths-1 r1 -> failed ($0.131, 379s)
eval: o4-mini thoughttrace-2 r1 -> failed ($0.109, 286s)
eval: o4-mini thoughttrace-3 r1 -> failed ($0.101, 285s)
eval: o4-mini paths-3 r1 -> failed ($0.168, 352s)
