loop: building harness image braincode-swarm-pi ...
eval: 54 translator runs (21 already done, 33 to run; setup v2, timeout 2400s, proxy concurrency 4): o4-mini 54
eval: RAG server on :8779 (605 records, frozen snapshot)
eval: o4-mini alfred-2 r2 -> failed ($0.070, 66s)
eval: o4-mini mind2web-3 r3 -> failed ($0.085, 135s)
eval: o4-mini mind2web-1 r2 -> error ($0.122, 304s) [failed translation rejected: 1 sentence-length content="..." literal(s) carry source text instead of encoding it: Find a one-way nonstop flight between San Fran]
eval: o4-mini alfred-2 r3 -> error ($0.143, 358s) [no /output/translation.md written]
eval: o4-mini mind2web-3 r2 -> error ($0.136, 378s) [claimed success but the host check found: non-glossary symbols: utterance; 1 sentence-length content="..." literal(s) carry source text instead of encoding it: ]
eval: o4-mini mind2web-2 r2 -> error ($0.089, 385s) [no /output/translation.md written]
eval: o4-mini mind2web-2 r3 -> error ($0.067, 399s) [no /output/translation.md written]
eval: o4-mini alfred-1 r3 -> failed ($0.107, 426s)
eval: o4-mini mind2web-1 r3 -> error ($0.115, 437s) [claimed success but the host check found: non-glossary symbols: utter; 1 sentence-length content="..." literal(s) carry source text instead of encoding it: Find]
eval: o4-mini alfred-3 r2 -> failed ($0.127, 379s)
eval: o4-mini alfred-1 r2 -> failed ($0.105, 456s)
eval: o4-mini swebench-1 r3 -> failed ($0.089, 164s)
eval: o4-mini alfred-3 r3 -> failed ($0.103, 417s)
eval: o4-mini swebench-2 r2 -> error ($0.091, 344s) [no /output/translation.md written]
eval: o4-mini swebench-1 r2 -> error ($0.133, 450s) [suggestions.md: malformed suggestion heading(s): ### S2 | type: add | dimension: claim_relation | symbol: unassigned_variable]
eval: o4-mini swebench-3 r2 -> failed ($0.106, 390s)
eval: o4-mini swebench-2 r3 -> success ($0.103, 409s)
eval: o4-mini prism-2 r2 -> error ($0.119, 412s) [suggestions.md: no well-formed '### S<k> | type: … | dimension: … | symbol|target: …' heading; malformed suggestion heading(s): ### S1 | type: add | dimension: ]
eval: o4-mini swebench-3 r3 -> failed ($0.121, 432s)
eval: o4-mini prism-1 r3 -> failed ($0.124, 431s)
eval: o4-mini prism-3 r3 -> failed ($0.078, 389s)
eval: o4-mini prism-2 r3 -> error ($0.134, 490s) [suggestions.md: malformed suggestion heading(s): ### S4 | type: add | dimension: claim_relation | symbol: possibility; ### S5 | type: add | dimension: claim_rel]
eval: o4-mini paths-1 r2 -> failed ($0.120, 486s)
eval: o4-mini paths-2 r3 -> error ($0.088, 398s) [claimed success but the host check found: 27 sentence-length content="..." literal(s) carry source text instead of encoding it: project to reconcile our account]
eval: o4-mini paths-1 r3 -> failed ($0.125, 471s)
eval: o4-mini paths-3 r2 -> error ($0.101, 421s) [suggestions.md: malformed suggestion heading(s): ### S3 | type: add | dimension: speech_act | symbol: respond]
eval: o4-mini thoughttrace-3 r2 -> failed ($0.112, 269s)
eval: o4-mini thoughttrace-1 r2 -> failed ($0.127, 396s)
eval: o4-mini thoughttrace-3 r3 -> failed ($0.082, 234s)
eval: o4-mini paths-3 r3 -> error ($0.121, 493s) [failed translation rejected: 29 sentence-length content="..." literal(s) carry source text instead of encoding it: Write the plot of Inception, but it’s medieva]
eval: o4-mini thoughttrace-2 r3 -> failed ($0.103, 420s)
eval: o4-mini thoughttrace-2 r2 -> error ($0.112, 459s) [claimed success but the host check found: 12 sentence-length content="..." literal(s) carry source text instead of encoding it: Tell me a bit more so I can help]
eval: o4-mini thoughttrace-1 r3 -> error ($0.124, 599s) [suggestions.md: malformed suggestion heading(s): ### S2 | type: add | dimension: claim_relation | symbol: genre]
