    4.1s turn 1
   16.9s   model reply: in 27809 + cached 0, out 2462 (+2416 reasoning)
   16.9s   tool bash: node /kit/rag.mjs search "greet" "novel" "dialogue" "third person" "casual" "thoughtful" "height"
   17.1s turn 2
   24.0s   model reply: in 7896 + cached 24384, out 761 (+676 reasoning)
   24.0s   tool bash: node /kit/rag.mjs entry greeting acknowledge offer offer_help ask respond correct inform apologize express_interest propose dialogue character character_trait i
   24.2s turn 3
   27.5s   model reply: in 6628 + cached 28448, out 122 (+71 reasoning)
   27.5s   tool bash: node /kit/rag.mjs search "friendship" "online" "second person" "point of view" "perspective" "height" "flirty" "romantic"
   27.7s turn 4
   30.4s   model reply: in 4904 + cached 32509, out 62 (+37 reasoning)
   30.4s   tool bash: node /kit/rag.mjs entry char_female
   30.6s turn 5
   34.1s   model reply: in 5100 + cached 32491, out 71 (+40 reasoning)
   34.1s   tool bash: grep -E "^\| (char_|character_)" /reference/glossary.md
   34.1s turn 6
   37.9s   model reply: in 5503 + cached 32475, out 104 (+52 reasoning)
   37.9s   tool bash: grep -E "^\| [a-zA-Z0-9_]+ \| (constructor|claim_relation|speech_act|link) \|" /reference/glossary.md
   37.9s turn 7
   52.7s   model reply: in 3398 + cached 36530, out 2637 (+2611 reasoning)
   52.7s   tool bash: grep -i "greeting" /reference/glossary.md
   52.8s turn 8
   56.5s   model reply: in 6147 + cached 36533, out 254 (+232 reasoning)
   56.5s   tool bash: grep -rn "greeting" /reference/
   56.6s turn 9
   59.2s   model reply: in 2759 + cached 40577, out 55 (+36 reasoning)
   59.2s   tool bash: find /reference -type f
   59.3s turn 10
   62.5s   model reply: in 2877 + cached 40558, out 48 (+21 reasoning)
   62.5s   tool bash: grep -n "UTTER" /reference/examples.jsonl
   62.5s turn 11
   66.4s   model reply: in 3122 + cached 40540, out 193 (+171 reasoning)
   66.4s   tool bash: node /kit/rag.mjs check
   66.5s turn 12
   76.1s   model reply: in 3349 + cached 40522, out 1274 (+1202 reasoning)
   76.1s   tool bash: node /kit/rag.mjs search "write dialogue for a novel" "novel about a friendship between two people" "setting is an online conversation between people who just m
   76.3s turn 13
   80.3s   model reply: in 6247 + cached 40530, out 165 (+77 reasoning)
   80.3s   tool bash: node /kit/rag.mjs search "tone should be casual but thoughtful" "respond to the other person saying" "respond casually complimenting height" "do not mention tha
   80.5s turn 14
   85.9s   model reply: in 4894 + cached 44589, out 171 (+113 reasoning)
   85.9s   tool bash: node /kit/rag.mjs entry contrast interpersonal_stance request similarity character character_trait dialogue exclude include requirement size_tall tone_casual to
   86.2s turn 15
  104.7s   model reply: in 50941 + cached 0, out 2505 (+2475 reasoning)
  104.7s   tool bash: grep -E "\| style-value \|" /reference/glossary.md
  104.8s turn 16
  107.8s   model reply: in 4984 + cached 48642, out 65 (+35 reasoning)
  107.8s   tool bash: grep -E "\| artifact-value \|" /reference/glossary.md
  107.9s turn 17
  111.3s   model reply: in 5436 + cached 48626, out 65 (+35 reasoning)
  111.3s   tool bash: grep -E "\| tone-value \|" /reference/glossary.md
  111.4s turn 18
  114.2s   model reply: in 5799 + cached 48610, out 65 (+35 reasoning)
  114.2s   tool bash: grep -E "\| topic-value \|" /reference/glossary.md
  114.3s turn 19
  117.5s   model reply: in 2209 + cached 52645, out 65 (+35 reasoning)
  117.5s   tool bash: grep -E "\| recipient-value \|" /reference/glossary.md
  117.6s turn 20
  119.3s   model reply: in 0 + cached 0, out 0 (+0 reasoning)
  119.4s agent finished
  121.3s turn 21
  135.0s   model reply: in 0 + cached 0, out 0 (+0 reasoning)
  135.0s agent finished
  139.0s turn 22
  165.9s   model reply: in 0 + cached 0, out 0 (+0 reasoning)
  165.9s agent finished
  173.9s turn 23
  234.2s   model reply: in 2955 + cached 52632, out 71 (+25 reasoning)
  234.2s   tool bash: grep -E "\| constructor \|" /reference/glossary.md | awk -F'|' '{print $2}' | tr -d ' '
  234.2s turn 24
  238.7s   model reply: in 3348 + cached 52616, out 56 (+10 reasoning)
  238.7s   tool bash: grep -E "\| composite \|" /reference/glossary.md | awk -F'|' '{print $2}' | tr -d ' '
  238.8s turn 25
  242.0s   model reply: in 3658 + cached 52599, out 60 (+12 reasoning)
  242.0s   tool bash: grep -E "\| claim_relation \|" /reference/glossary.md | awk -F'|' '{print $2}' | tr -d ' '
  242.1s turn 26
  248.8s   model reply: in 3960 + cached 52582, out 56 (+10 reasoning)
  248.8s   tool bash: grep -E "\| link \|" /reference/glossary.md | awk -F'|' '{print $2}' | tr -d ' '
  248.9s turn 27
  253.1s   model reply: in 4048 + cached 52562, out 64 (+20 reasoning)
  253.2s   tool bash: grep -E "\| value \|" /reference/glossary.md | awk -F'|' '{print $3}' | sort -u
  253.3s turn 28
  259.3s   model reply: in 4133 + cached 52543, out 62 (+21 reasoning)
  259.3s   tool bash: grep '\"kind\": \"value\"' /reference/glossary.jsonl | jq -r '.category' | sort -u
  259.3s turn 29
  269.9s   model reply: in 4228 + cached 52524, out 137 (+75 reasoning)
  269.9s   tool bash: python3 -c "import json; print(set(json.loads(line)['category'] for line in open('/reference/glossary.jsonl') if json.loads(line).get('kind') == 'value'))"
  269.9s turn 30
  281.0s   model reply: in 4406 + cached 52506, out 148 (+34 reasoning)
  281.0s   tool bash: node -e '
const fs = require("fs");
const lines = fs.readFileSync("/reference/glossary.jsonl", "utf8").trim().split("\n");
const cats = new Set();
for (const li
  281.0s turn 31
  294.7s   model reply: in 4763 + cached 52490, out 2277 (+2254 reasoning)
  294.7s   tool bash: node /kit/rag.mjs --help
  294.8s turn 32
  297.5s   model reply: in 3029 + cached 56539, out 40 (+18 reasoning)
  297.5s   tool bash: node /kit/rag.mjs needs
  309.6s turn 33
  314.6s   model reply: in 5320 + cached 56548, out 137 (+57 reasoning)
  314.6s   tool bash: node -e '
const fs = require("fs");
const needs = JSON.parse(fs.readFileSync("/needs.json", "utf8"));
for (const n of needs) {
  console.log(n.id, n.kind, n.sou
  314.6s turn 34
  318.7s   model reply: in 5655 + cached 56533, out 117 (+13 reasoning)
  318.7s   tool bash: node -e '
const fs = require("fs");
const data = JSON.parse(fs.readFileSync("/needs.json", "utf8"));
const needs = data.needs || data;
for (const [k, v] of Obje
  318.8s turn 35
  350.2s   model reply: in 2260 + cached 60558, out 5442 (+4639 reasoning)
  350.2s   tool bash: cat << 'EOF' > /output/translation.md
Status: success
Mode: TRACE

## BrainCode

```braincode
MODE TRACE
ENTRYPOINT Conversation
CONVO Conversation {
  TURN t1 
  350.4s turn 36
  376.4s   model reply: in 8255 + cached 60616, out 4411 (+4338 reasoning)
  376.4s   tool bash: node /kit/rag.mjs entry greeting role_agent role_user role_friend offer_help offer acknowledge respond ask character character_trait char_female interpersonal_s
  376.5s turn 37
  412.7s   model reply: in 52395 + cached 0, out 3048 (+1822 reasoning)
  412.7s   tool bash: cat << 'EOF' > /output/translation.md
Status: success
Mode: TRACE

## BrainCode

```braincode
MODE TRACE
ENTRYPOINT Conversation
CONVO Conversation {
  TURN t1 
  412.8s turn 38
  439.7s   model reply: in 7563 + cached 48570, out 4301 (+3051 reasoning)
  439.7s   tool bash: cat << 'EOF' > /output/translation.md
Status: success
Mode: TRACE

## BrainCode

```braincode
MODE TRACE
ENTRYPOINT Conversation
CONVO Conversation {
  TURN t1 
  439.8s turn 39
  451.5s   model reply: in 8474 + cached 52650, out 1494 (+248 reasoning)
  451.5s agent finished
  451.5s agent finished
