    9.3s turn 1
   14.0s   model reply: in 1673 + cached 0, out 371 (+354 reasoning)
   14.0s   tool read: /trajectory.txt
   14.1s turn 2
   18.8s   model reply: in 2097 + cached 0, out 403 (+383 reasoning)
   18.8s   tool bash: od -c /trajectory.txt
   18.9s turn 3
   51.0s   model reply: in 2909 + cached 0, out 6265 (+6247 reasoning)
   51.0s   tool bash: ls -la /output
   51.1s turn 4
   55.9s   model reply: in 9227 + cached 0, out 485 (+389 reasoning)
   55.9s   tool write: /output/translation.md
   55.9s turn 5
   65.0s   model reply: in 5753 + cached 3963, out 33 (+14 reasoning)
   65.0s   tool read: /output/translation.md
   65.0s turn 6
   73.3s   model reply: in 5864 + cached 3956, out 44 (+22 reasoning)
   73.3s   tool bash: od -c /output/translation.md
   73.3s turn 7
   78.9s   model reply: in 2717 + cached 7918, out 68 (+48 reasoning)
   78.9s agent finished
   78.9s agent finished
