    4.2s turn 1
   16.1s   model reply: in 32579 + cached 0, out 1845 (+1801 reasoning)
   16.1s   tool bash: node /kit/rag.mjs search "reconciliation" "financial statement" "reporting" "report" "balance sheet" "custom report"
   16.5s turn 2
   19.9s   model reply: in 3739 + cached 32540, out 88 (+46 reasoning)
   19.9s   tool bash: node /kit/rag.mjs widen "reconcile" "invoice" "usage" "schedule" "account" "balance"
   20.5s turn 3
   23.8s   model reply: in 6091 + cached 32535, out 55 (+32 reasoning)
   23.8s   tool bash: wc -l /reference/glossary.md
   23.9s turn 4
   28.2s   model reply: in 2109 + cached 36582, out 118 (+66 reasoning)
   28.2s   tool bash: grep -i -E "report|account|reconcil|invoice|revenue|balance|custom|column|table|field|source|sync" /reference/glossary.md
   28.3s turn 5
   37.9s   model reply: in 4080 + cached 36576, out 1281 (+1201 reasoning)
   37.9s   tool bash: node /kit/rag.mjs search "reconcile" "statement" "involves" "ongoing" "temporal_context" "attribute_claim" "leads_to" "enables" "provides" "request" "ask" "info
   38.1s turn 6
   41.5s   model reply: in 4553 + cached 40652, out 101 (+33 reasoning)
   41.5s   tool bash: node /kit/rag.mjs entry property_question statement involves ongoing attribute_claim leads_to enables provides request ask inform respond document_section activ
   41.7s turn 7
   45.1s   model reply: in 2584 + cached 44711, out 107 (+61 reasoning)
   45.1s   tool bash: node /kit/rag.mjs entry temporal_context requirement sequence conjunction substitute preserve format_structured_report art_structured_report role_user role_agen
   45.3s turn 8
   49.1s   model reply: in 3646 + cached 44699, out 88 (+38 reasoning)
   49.1s   tool bash: grep -i -E "schedule|reconcil|column|field|filter|interval|period|recurr|routin|habit" /reference/glossary.md
   49.2s turn 9
   52.8s   model reply: in 5673 + cached 44693, out 66 (+40 reasoning)
   52.8s   tool bash: grep "\| constructor \|" /reference/glossary.md
   53.0s turn 10
   56.8s   model reply: in 3704 + cached 48752, out 120 (+77 reasoning)
   56.8s   tool bash: grep -E "^\| [^|]+ \| (constructor|claim_relation|speech_act) \|" /reference/glossary.md
   57.0s turn 11
   61.3s   model reply: in 5675 + cached 48747, out 82 (+31 reasoning)
   61.3s   tool bash: grep -E "^\| [^|]+ \| constructor \|" /reference/glossary.md | awk -F'|' '{print $2}' | tr -d ' '
   61.5s turn 12
   64.5s   model reply: in 6080 + cached 48730, out 67 (+14 reasoning)
   64.5s   tool bash: grep -E "^\| [^|]+ \| claim_relation \|" /reference/glossary.md | awk -F'|' '{print $2}' | tr -d ' '
   64.6s turn 13
   67.8s   model reply: in 2330 + cached 52772, out 62 (+11 reasoning)
   67.8s   tool bash: grep -E "^\| [^|]+ \| operation \|" /reference/glossary.md | awk -F'|' '{print $2}' | tr -d ' '
   67.9s turn 14
   72.4s   model reply: in 2529 + cached 52753, out 268 (+233 reasoning)
   72.4s   tool bash: node /kit/rag.mjs entry web_element click select_option type_text open_page
   72.6s turn 15
   73.9s   model reply: in 0 + cached 0, out 0 (+0 reasoning)
   73.9s agent finished
   75.9s turn 16
   89.6s   model reply: in 0 + cached 0, out 0 (+0 reasoning)
   89.6s agent finished
   93.6s turn 17
  105.2s   model reply: in 0 + cached 0, out 0 (+0 reasoning)
  105.2s agent finished
  113.2s turn 18
  135.8s   model reply: in 0 + cached 0, out 0 (+0 reasoning)
  135.8s agent finished
  151.8s turn 19
  221.9s   model reply: in 3212 + cached 52738, out 3131 (+3072 reasoning)
  221.9s   tool bash: grep -E "(property_question|statement|involves|ongoing|temporal_context|attribute_claim|leads_to|enables|provides|request|user_practice)" /reference/glossary.md
  221.9s turn 20
  239.1s   model reply: in 8032 + cached 52760, out 2587 (+2565 reasoning)
  239.1s   tool bash: node /kit/rag.mjs check
  239.2s turn 21
  254.7s   model reply: in 6575 + cached 56820, out 1859 (+1124 reasoning)
  254.7s   tool bash: cat << 'EOF' > /output/translation.md
Status: success
Mode: TRACE

## BrainCode
```braincode
MODE TRACE
ENTRYPOINT Conversation
CONVO Conversation {
  TURN t1 S
  254.8s turn 22
  283.4s   model reply: in 4993 + cached 60879, out 1583 (+1546 reasoning)
  283.4s   tool bash: node /kit/rag.mjs widen "financial reconciliation" "balance sheet" "financial account" "accounting"
  284.1s turn 23
  343.4s   model reply: in 4938 + cached 64952, out 9122 (+7492 reasoning)
  343.4s   tool bash: cat << 'EOF' > /output/translation.md
Status: success
Mode: TRACE

## BrainCode
```braincode
MODE TRACE
ENTRYPOINT Conversation
CONVO Conversation {
  TURN t1 S
  343.6s turn 24
  369.8s   model reply: in 57893 + cached 0, out 1253 (+1207 reasoning)
  369.8s   tool bash: node /kit/rag.mjs entry requirement format_table format_structured_report art_structured_report document_section topic_school_work_routine
  369.9s turn 25
  387.3s   model reply: in 2876 + cached 56976, out 2775 (+2717 reasoning)
  387.3s   tool bash: node /kit/rag.mjs entry subject activity property_question document_section conjunction sequence requirement time_point duration include config_setting performa
  387.4s turn 26
  390.8s   model reply: in 7617 + cached 56984, out 80 (+41 reasoning)
  390.8s   tool bash: node /kit/rag.mjs entry performance_tracking ongoing statement involves enables leads_to provides user_practice ask respond inform
  391.1s turn 27
  413.6s   model reply: in 4858 + cached 61041, out 3636 (+2008 reasoning)
  413.6s   tool bash: cat << 'EOF' > /output/translation.md
Status: success
Mode: TRACE

## BrainCode
```braincode
MODE TRACE
ENTRYPOINT Conversation
CONVO Conversation {
  TURN t1 S
  414.5s turn 28
  434.0s   model reply: in 55944 + cached 0, out 1374 (+1355 reasoning)
  434.0s   tool read: /output/translation.md
  434.1s turn 29
  437.2s   model reply: in 5987 + cached 52920, out 47 (+25 reasoning)
  437.2s   tool bash: node /kit/rag.mjs check
  437.5s turn 30
  440.9s   model reply: in 2646 + cached 56975, out 139 (+14 reasoning)
  440.9s agent finished
  440.9s agent finished
