   13.2s turn 1
  106.2s   model reply: in 3859 + cached 0, out 15541 (+15489 reasoning)
  106.2s   tool write: /output/reconstruction.md
  106.3s turn 2
  121.5s   model reply: in 0 + cached 0, out 0 (+0 reasoning)
  121.7s agent finished
  123.5s turn 3
  137.2s   model reply: in 0 + cached 0, out 0 (+0 reasoning)
  137.2s agent finished
  141.2s turn 4
  153.0s   model reply: in 0 + cached 0, out 0 (+0 reasoning)
  153.1s agent finished
  161.0s turn 5
  183.3s   model reply: in 0 + cached 0, out 0 (+0 reasoning)
  183.3s agent finished
  199.4s turn 6
  278.5s   model reply: in 19402 + cached 0, out 5404 (+3923 reasoning)
  278.5s   tool write: /output/reconstruction.md
  278.5s turn 7
  281.7s   model reply: in 8613 + cached 16198, out 40 (+20 reasoning)
  281.7s   tool read: /output/reconstruction.md
  281.8s turn 8
  285.7s   model reply: in 26306 + cached 0, out 53 (+38 reasoning)
  285.7s agent finished
  285.7s agent finished
