    5.2s turn 1
   27.6s   model reply: in 2477 + cached 0, out 3282 (+3264 reasoning)
   27.6s   tool bash: ls -la /workspace
   27.7s turn 2
   30.6s   model reply: in 5812 + cached 0, out 60 (+43 reasoning)
   30.6s   tool bash: ls -la /
   30.8s turn 3
   33.4s   model reply: in 6618 + cached 0, out 74 (+56 reasoning)
   33.4s   tool bash: ls -la /attach
   33.4s turn 4
   35.6s   model reply: in 2854 + cached 3923, out 28 (+11 reasoning)
   35.6s   tool read: /trajectory.txt
   35.7s turn 5
   45.5s   model reply: in 3746 + cached 3932, out 1343 (+1275 reasoning)
   45.5s   tool bash: python3 -c "
with open('/trajectory.txt', 'r', encoding='utf-8') as f:
    text = f.read()
print('Length:', len(text))
print(repr(text[:200]))
"
   45.6s turn 6
   48.8s   model reply: in 5098 + cached 3946, out 74 (+20 reasoning)
   48.8s   tool bash: node -e "
const fs = require('fs');
const text = fs.readFileSync('/trajectory.txt', 'utf8');
console.log(JSON.stringify(text));
"
   48.8s turn 7
   72.3s   model reply: in 2123 + cached 7905, out 2946 (+2928 reasoning)
   72.3s   tool bash: cat /prompt.md
   72.5s turn 8
  153.8s   model reply: in 5314 + cached 7960, out 13102 (+13032 reasoning)
  153.8s   tool bash: node -e '
const fs = require("fs");
const s = fs.readFileSync("/trajectory.txt", "utf8");
const parts = s.split(/(<\|user\|>|<\|assistant\|>)/);
console.log(par
  154.7s turn 9
  161.7s   model reply: in 15289 + cached 12107, out 629 (+581 reasoning)
  161.7s   tool bash: node -e '
const fs = require("fs");
console.log(fs.readFileSync("/trajectory.txt", "utf8").indexOf("\r"));
'
  162.7s turn 10
  200.9s   model reply: in 3824 + cached 24204, out 5974 (+5853 reasoning)
  200.9s   tool bash: node -e '
const fs = require("fs");
const text = fs.readFileSync("/trajectory.txt", "utf8");
const turns = text.split(/(<\|user\|>|<\|assistant\|>)/).filter(Boo
  201.8s turn 11
  221.8s   model reply: in 10720 + cached 24262, out 2972 (+2471 reasoning)
  221.8s   tool write: /output/reconstruction.md
  223.5s turn 12
  227.7s   model reply: in 5599 + cached 32360, out 43 (+23 reasoning)
  227.7s   tool read: /output/reconstruction.md
  227.9s turn 13
  234.3s   model reply: in 38477 + cached 0, out 209 (+187 reasoning)
  235.5s agent finished
  235.5s agent finished
