   12.4s turn 1
   22.1s   model reply: in 32122 + cached 0, out 1248 (+1201 reasoning)
   22.1s   tool bash: node /kit/rag.mjs search "rule" "if then" "property" "person" "smart" "nice" "quiet" "rough"
   23.7s turn 2
   28.5s   model reply: in 7181 + cached 28469, out 64 (+29 reasoning)
   28.5s   tool bash: node /kit/rag.mjs entry conditional attribute_claim statement subject character_trait property_question negation
   29.0s turn 3
   33.8s   model reply: in 4323 + cached 32524, out 58 (+19 reasoning)
   33.8s   tool bash: node /kit/rag.mjs search "predicate" "attribute" "entity" "trait" "truth_value"
   34.2s turn 4
   37.0s   model reply: in 5829 + cached 32515, out 88 (+55 reasoning)
   37.0s   tool bash: node /kit/rag.mjs entry has_attribute has_state possesses statement attribute_claim
   37.2s turn 5
   40.8s   model reply: in 2709 + cached 36566, out 85 (+46 reasoning)
   40.8s   tool bash: node /kit/rag.mjs search "theory" "premise" "evaluate" "true false" "query"
   41.2s turn 6
   46.0s   model reply: in 4111 + cached 36556, out 105 (+59 reasoning)
   46.0s   tool bash: grep -i -E "logic|quantifier|universal|proof|deduction|implication|entail|attribute" /reference/glossary.md
   46.0s turn 7
   49.5s   model reply: in 6075 + cached 36551, out 131 (+87 reasoning)
   49.5s   tool bash: node /kit/rag.mjs entry property_question ask inform respond conditional conjunction negation statement attribute_claim character_trait has_attribute has_state
   50.2s turn 8
   60.4s   model reply: in 3441 + cached 40604, out 1025 (+982 reasoning)
   60.4s   tool bash: node /kit/rag.mjs search "rough" "smart" "quiet" "nice" "cold" "white" "round"
   60.7s turn 9
   66.3s   model reply: in 6501 + cached 40608, out 601 (+573 reasoning)
   66.3s   tool bash: grep -E "\| constructor \|" /reference/glossary.md
   66.4s turn 10
   70.1s   model reply: in 4838 + cached 44668, out 102 (+43 reasoning)
   70.1s   tool bash: grep -E "\| constructor \|" /reference/glossary.md | grep -E "subject|property|attribute|trait|person|entity|character|question|rule|logic|claim|statement|query
   70.2s turn 11
   73.0s   model reply: in 2659 + cached 48723, out 47 (+12 reasoning)
   73.0s   tool bash: grep -E "\| constructor \|" /reference/glossary.md | tail -n 25
   73.1s turn 12
   82.2s   model reply: in 4401 + cached 48717, out 1201 (+1170 reasoning)
   82.2s   tool bash: node /kit/rag.mjs search "name" "character" "person"
   83.5s turn 13
   87.0s   model reply: in 2490 + cached 52774, out 52 (+28 reasoning)
   87.0s   tool bash: node /kit/rag.mjs entry identity character
   88.2s turn 14
  100.5s   model reply: in 2751 + cached 52755, out 1847 (+1805 reasoning)
  100.5s   tool bash: grep -E "^\| (nice|quiet|rough|smart|cold|round|white) \|" /reference/glossary.md
  100.5s turn 15
  104.2s   model reply: in 4612 + cached 52751, out 61 (+29 reasoning)
  104.2s   tool bash: grep -E "nice|quiet|rough|smart" /reference/glossary.md
  104.3s turn 16
  117.4s   model reply: in 5127 + cached 52735, out 1794 (+1070 reasoning)
  117.4s   tool write: /output/translation.md
  117.4s turn 17
  120.6s   model reply: in 2875 + cached 56784, out 53 (+23 reasoning)
  120.6s   tool bash: node /kit/rag.mjs check --translation /output/translation.md
  120.8s turn 18
  143.9s   model reply: in 3672 + cached 56771, out 4111 (+4061 reasoning)
  143.9s   tool bash: find / -name "*.md" -o -name "*.json" -o -name "*.jsonl" 2>/dev/null | grep -E "translation|example"
  144.0s turn 19
  147.5s   model reply: in 7776 + cached 56788, out 39 (+18 reasoning)
  147.5s   tool bash: ls -la / /reference /kit
  147.5s turn 20
  174.7s   model reply: in 5035 + cached 60835, out 4786 (+2892 reasoning)
  174.7s   tool write: /output/translation.md
  174.8s turn 21
  183.1s   model reply: in 53902 + cached 0, out 53 (+23 reasoning)
  183.1s   tool bash: node /kit/rag.mjs check --translation /output/translation.md
  183.4s turn 22
  212.0s   model reply: in 5983 + cached 48703, out 4300 (+2474 reasoning)
  212.0s   tool write: /output/translation.md
  212.0s turn 23
  213.5s   model reply: in 0 + cached 0, out 0 (+0 reasoning)
  213.6s agent finished
  215.5s turn 24
  229.3s   model reply: in 0 + cached 0, out 0 (+0 reasoning)
  229.3s agent finished
  233.3s turn 25
  260.6s   model reply: in 0 + cached 0, out 0 (+0 reasoning)
  260.6s agent finished
  268.7s turn 26
  328.6s   model reply: in 58990 + cached 0, out 53 (+23 reasoning)
  328.6s   tool bash: node /kit/rag.mjs check --translation /output/translation.md
  328.8s turn 27
  360.0s   model reply: in 2955 + cached 56819, out 196 (+54 reasoning)
  360.0s agent finished
  360.0s agent finished
